 Elapsed time for helper construction 0.91721 (sec) 
 Elapsed time for init 0.029205 (sec) 
 Elapsed time for makeQChamDiagTerms 9.067555 (sec) 
 Davidson iteration 0.0 (tol=0.3482886783400231): -156.7340101242376
 Davidson iteration 0.1 (tol=0.08362827063478752): -156.7945538404581 -155.1040102389553
 Davidson iteration 0.2 (tol=0.02202561768775466): -156.7975500493339 -155.4725244085809 -154.7718736048383
 Davidson iteration 0.3 (tol=0.005042449327430118): -156.7977749140986 -155.7303274900317 -154.8320133635382 -154.6431713520317
 Davidson iteration 0.4 (tol=0.001646891729308181): -156.7977871340112 -155.9585406197461 -155.3327915930026 -154.8320026893683
 Davidson iteration 0.5 (tol=0.0004160163831095405): -156.7977883757296 -156.0443321173912 -155.5725128456256 -154.9521571832881
 Davidson iteration 0.6 (tol=0.0001003509507941338): -156.7977884399767 -156.0895352246352 -155.6465606062087 -155.1368062417735
 Davidson iteration 0.7 (tol=2.201472833347853e-05): -156.797788444016 -156.1202166490338 -155.8909235069453 -155.1843035338928
 Davidson iteration 1.0 (tol=2.201472833365646e-05): -156.7977884440171
 Davidson iteration 1.1 (tol=5.353905953335347e-06): -156.7977884441945 -154.920949892481
 Elapsed time for davidson 29.528699 (sec) 
 Elapsed time for diagonalization 29.52891 (sec) 
 Elapsed time for mult 0.5804549999999999 (sec) 
 Energy = -156.7977884441946
 Elapsed time for measurement 0.083075 (sec) 
 Sample-based diagonalization: Energy = -156.7977884441946
 Sample-based diagonalization: density = [1.999997518579837,1.997277151634204,1.998717289556421,1.997930233173642,1.993072094174949,1.997683236289983,1.998440765659307,1.995509986380478,1.998469438609205,1.984274142607207,1.998765331728315,1.996012569495939,1.958691951879634,0.05988103902723332,0.0008463911558033593,0.001903773162888122,0.002525842359511835,0.0004981602988838086,0.002625668274067033,0.0005033669842868078,0.01023333147552182,0.006140717358717689
 Sample-based diagonalization: carryover bitstrings = [], size = 0
