 Elapsed time for helper construction 1.613119 (sec) 
 Elapsed time for init 0.049363 (sec) 
 Elapsed time for makeQChamDiagTerms 11.910036 (sec) 
 Davidson iteration 0.0 (tol=0.6305760221769204): -113.5135237223054
 Davidson iteration 0.1 (tol=0.1866370788333551): -113.690092021067 -111.3502828747732
 Davidson iteration 0.2 (tol=0.03675253317064989): -113.7014692372041 -111.718860966759 -110.4599530801653
 Davidson iteration 0.3 (tol=0.009618789373896153): -113.7018818521964 -111.8197146331549 -110.8785664159702 -110.3693698934756
 Davidson iteration 0.4 (tol=0.002823249527141466): -113.7019118183015 -111.9456324679528 -111.2359766046448 -110.5220001536782
 Davidson iteration 0.5 (tol=0.0008350829238666697): -113.7019142752219 -112.0936891654522 -111.5026822801768 -110.5274518994857
 Davidson iteration 0.6 (tol=0.0002257472264582427): -113.7019144896704 -112.212257518626 -111.6727276182038 -110.8500706390117
 Davidson iteration 0.7 (tol=6.245018939536818e-05): -113.7019145053666 -112.2696340396274 -111.7823835861802 -111.0810369090599
 Davidson iteration 1.0 (tol=6.245018939535137e-05): -113.7019145053672
 Davidson iteration 1.1 (tol=2.156779745560155e-05): -113.7019145064525 -110.6114209994566
 Davidson iteration 1.2 (tol=6.748136532570462e-06): -113.7019145066151 -111.7391257249377 -109.6603868442574
 Elapsed time for davidson 63.55321199999999 (sec) 
 Elapsed time for diagonalization 63.562438 (sec) 
 Elapsed time for mult 3.580582 (sec) 
 Energy = -113.7019145066145
 Elapsed time for measurement 0.156628 (sec) 
 Sample-based diagonalization: Energy = -113.7019145066145
 Sample-based diagonalization: density = [1.999970313485606,1.989879215169515,1.989001069117768,1.985984793584246,1.982557017342778,1.981554477451002,1.979241696414145,1.981058079315869,1.976178703587157,1.977633390597218,1.975251604498563,0.006476389951109052,0.0165606103149638,0.01770025501184985,0.01698057362184079,0.01548114883502918,0.01560190278489906,0.0142096063097845,0.01450776805417329,0.01571738376987322,0.01640196292855252,0.01599242266579164,0.01605961479755623
 Sample-based diagonalization: carryover bitstrings = [], size = 0
