 Elapsed time for helper construction 5.940081 (sec) 
 Elapsed time for init 0.068815 (sec) 
 Elapsed time for makeQChamDiagTerms 54.05972 (sec) 
 Davidson iteration 0.0 (tol=0.7208980449733533): -176.0942930155404
 Davidson iteration 0.1 (tol=0.3288185008185619): -176.3011579969467 -173.927320823615
 Davidson iteration 0.2 (tol=0.1562801909727844): -176.3314730252037 -174.3964684535819 -173.0291746229717
 Davidson iteration 0.3 (tol=0.05577603174274717): -176.3382344925993 -174.6344943433974 -173.1667675451505 -172.757714557483
 Davidson iteration 0.4 (tol=0.0237305747386681): -176.3390966297892 -174.8728229979994 -173.5432563185394 -172.9662952137698
 Davidson iteration 0.5 (tol=0.01022022374522139): -176.3392835033918 -175.2742417608324 -174.0773520520793 -173.1734155516361
 Davidson iteration 0.6 (tol=0.00481704451095639): -176.3393184145304 -175.495000845516 -174.2852357879145 -173.2791159407367
 Davidson iteration 0.7 (tol=0.002356745613488233): -176.3393260515989 -175.649404695631 -174.5711656366248 -173.7298681620828
 Davidson iteration 1.0 (tol=0.002356745613475206): -176.3393260516014
 Davidson iteration 1.1 (tol=0.00120419646777827): -176.3393275068726 -173.5988716820665
 Davidson iteration 1.2 (tol=0.0007068091891348904): -176.3393281226961 -175.3275120389064 -171.6876509892639
 Davidson iteration 1.3 (tol=0.0003687597630589024): -176.3393283005501 -175.7492071906484 -173.2588525693727 -171.0425977039376
 Davidson iteration 1.4 (tol=0.0001700696382394248): -176.3393283426 -175.8784960221681 -173.4727454733669 -172.9474823105018
 Davidson iteration 1.5 (tol=7.72580098298581e-05): -176.3393283524456 -175.948561896173 -174.4495791176204 -173.1636123266217
 Davidson iteration 1.6 (tol=3.920095049079443e-05): -176.3393283543525 -175.9812129570556 -175.0877821968085 -173.5006715480397
 Davidson iteration 1.7 (tol=1.943211868692266e-05): -176.3393283549279 -176.0051477314473 -175.4561229828101 -173.6512247362552
 Davidson iteration 2.0 (tol=1.943211862913296e-05): -176.3393283549287
 Davidson iteration 2.1 (tol=1.123538445417974e-05): -176.3393283550562 -174.5093109105832
 Davidson iteration 2.2 (tol=8.768385603588241e-06): -176.3393283551436 -175.7781766050586 -173.2695498613298
 Elapsed time for davidson 654.784326 (sec) 
 Elapsed time for diagonalization 654.787618 (sec) 
 Elapsed time for mult 25.486182 (sec) 
 Energy = -176.3393283551377
 Elapsed time for measurement 95.61210199999999 (sec) 
 Sample-based diagonalization: Energy = -176.3393283551377
 Sample-based diagonalization: density = [1.999969118675363,1.9930443083914,1.992216618102656,1.988604880229486,1.985478780833245,1.99059785298567,1.983853020670695,1.981279238653553,1.981453019187269,1.982097213762112,1.980233081137937,1.959940595109374,1.987943667678293,1.980778729867588,1.943722630783297,0.0976257584905269,0.02134614657660178,0.01936305715360054,0.01433849069566909,0.0204199124036423,0.009692497936497058,0.01260050284304118,0.008434053370095465,0.01629049415450014,0.01050135888840919,0.01795114102272592,0.02022383013744487
 Sample-based diagonalization: carryover bitstrings = [], size = 0
 Elapse time for dumping one-particle rdm = 0.001222
 Elapse time for dumping two-particle rdm = 0.470093
 Zero-Body energy = 0
 One-Body energy = -310.1574537781134
 Two-Body energy = 133.818125424671
 One-Body + Two-Body energy = -176.3393283534425
 Zero-Body + One-Body + Two-Body energy = -176.3393283534425
