 Elapsed time for helper construction 1.084472 (sec) 
 Elapsed time for init 0.025513 (sec) 
 Elapsed time for makeQChamDiagTerms 18.233713 (sec) 
 Davidson iteration 0.0 (tol=0.5055864448287475): -191.6892948561034
 Davidson iteration 0.1 (tol=0.09028016319370084): -191.8162323547219 -190.1297096776907
 Davidson iteration 0.2 (tol=0.01989171378139564): -191.8208321940217 -190.4987310499617 -190.1226355775484
 Davidson iteration 0.3 (tol=0.004516112493907292): -191.82104755668 -190.5983753700314 -190.4062117300245 -189.9482315851488
 Davidson iteration 0.4 (tol=0.001249362609248634): -191.8210589906992 -190.9075687887468 -190.4196330871756 -190.0148959927795
 Davidson iteration 0.5 (tol=0.0003356523181107159): -191.8210598353882 -191.1149730157144 -190.4205376659956 -190.0305192177856
 Davidson iteration 0.6 (tol=8.680640841357998e-05): -191.8210598955586 -191.2205601169255 -190.5251304678806 -190.2733237257397
 Davidson iteration 0.7 (tol=2.522025571991622e-05): -191.8210598999488 -191.2744364760292 -190.7376761917456 -190.4020969816307
 Davidson iteration 1.0 (tol=2.522025571998847e-05): -191.8210598999466
 Davidson iteration 1.1 (tol=9.538795196521421e-06): -191.8210599003464 -190.8427681075608
 Elapsed time for davidson 44.335308 (sec) 
 Elapsed time for diagonalization 44.33682 (sec) 
 Elapsed time for mult 0.8650209999999999 (sec) 
 Energy = -191.8210599003472
 Elapsed time for measurement 0.138889 (sec) 
 Sample-based diagonalization: Energy = -191.8210599003472
 Sample-based diagonalization: density = [1.999987539266969,1.995838154717049,1.996756860869142,1.995963710996952,1.994143935556587,1.995606737847741,1.992146960443029,1.990882914381227,1.990753557516799,1.992184726757636,1.990974363437217,1.992700934581473,1.988805304283659,1.988972591195835,1.972017324033502,1.965218868752167,0.02771222559361634,0.03734913107565363,0.02243478384512071,0.01277825598715329,0.005298331552185467,0.008487439013264875,0.006408694068617915,0.007359425010847458,0.007339334261984002,0.006307035859583034,0.00651234260126662,0.00563237875706268,0.00342613757049499
 Sample-based diagonalization: carryover bitstrings = [], size = 0
