 Elapsed time for helper construction 0.891539 (sec) 
 Elapsed time for init 0.035631 (sec) 
 Elapsed time for makeQChamDiagTerms 15.350493 (sec) 
 Davidson iteration 0.0 (tol=0.3857374670546984): -185.9833960356112
 Davidson iteration 0.1 (tol=0.05133759435662204): -186.0608673342705 -184.2420610800846
 Davidson iteration 0.2 (tol=0.01354495103613396): -186.0625504543807 -184.9935366963334 -184.2014270184319
 Davidson iteration 0.3 (tol=0.002895179391388473): -186.0626601091518 -185.0248614498905 -184.6735680159994 -184.0652100529706
 Davidson iteration 0.4 (tol=0.000744748162462169): -186.0626651629769 -185.2348617727055 -184.6850341878429 -184.4076142283851
 Davidson iteration 0.5 (tol=0.0002231610015920291): -186.0626654769696 -185.3503852578145 -184.6865520567855 -184.4400948146975
 Davidson iteration 0.6 (tol=5.854078916016979e-05): -186.0626655068749 -185.3987456351273 -184.8042400766937 -184.6414904716926
 Davidson iteration 0.7 (tol=1.788599417166884e-05): -186.0626655094015 -185.4954206215218 -185.1142817870171 -184.795618130191
 Davidson iteration 1.0 (tol=1.788599417507052e-05): -186.0626655094006
 Davidson iteration 1.1 (tol=6.300644694056363e-06): -186.0626655096079 -184.9146360069988
 Elapsed time for davidson 38.163547 (sec) 
 Elapsed time for diagonalization 38.164452 (sec) 
 Elapsed time for mult 0.846638 (sec) 
 Energy = -186.062665509609
 Elapsed time for measurement 0.115369 (sec) 
 Sample-based diagonalization: Energy = -186.062665509609
 Sample-based diagonalization: density = [1.999989372297452,1.999592149750105,1.999011203995984,1.996590090171679,1.99661236955786,1.996407976116597,1.997762371494494,1.997080749730412,1.995983981679414,1.995379515095806,1.990636345266256,1.991474345750326,1.972274400441707,1.990866375907896,1.993725310847043,1.994740104884233,0.0263900861045104,0.01392132505840976,0.005229122228773095,0.00557838690051474,0.003930436240848934,0.005840449111206496,0.003895054318493726,0.005563569889375219,0.008070137990399663,0.003037051533182582,0.002280240020920674,0.003816585394266179,0.002545937622884684,0.001774954482974267
 Sample-based diagonalization: carryover bitstrings = [], size = 0
