Parsing /mnt/beegfs/merzk/shajana/EWF-Vayesta/Trp-Cage/STO-3G/c0_zwitter/MP2e5/2_QPU_SOLVR/2c_6_QPROC_29_33/SOLVR/CLUST_0293/Workflow/fci_dump.txt
SLURM parallelizes solver run accross batches
####################
Job submitted successfully! Job ID: Submitted batch job 3685726
Job submitted successfully! Job ID: Submitted batch job 3685727
Job submitted successfully! Job ID: Submitted batch job 3685728
Job submitted successfully! Job ID: Submitted batch job 3685729
Job submitted successfully! Job ID: Submitted batch job 3685732
Job submitted successfully! Job ID: Submitted batch job 3685733
Job submitted successfully! Job ID: Submitted batch job 3685734
Job submitted successfully! Job ID: Submitted batch job 3685735
Job submitted successfully! Job ID: Submitted batch job 3685736
Job submitted successfully! Job ID: Submitted batch job 3685737
####################
Completed SLURM step
####################
Iteration 1
	Subsample 0
		Energy: -193.5436427070681
		Subspace dimension: 36000000
	Subsample 1
		Energy: -191.8893218857999
		Subspace dimension: 36000000
	Subsample 2
		Energy: -193.5436427038341
		Subspace dimension: 36000000
	Subsample 3
		Energy: -166.698567102
		Subspace dimension: 36000000
	Subsample 4
		Energy: -194.2836197567723
		Subspace dimension: 36000000
	Subsample 5
		Energy: -192.7151921094704
		Subspace dimension: 36000000
	Subsample 6
		Energy: -192.7150379549189
		Subspace dimension: 36000000
	Subsample 7
		Energy: -193.5436497195438
		Subspace dimension: 36000000
	Subsample 8
		Energy: -193.8877917954116
		Subspace dimension: 36000000
	Subsample 9
		Energy: -191.3682095097997
		Subspace dimension: 35988001
Lowest total energy value: -194.2836197567723
SLURM parallelizes solver run accross batches
####################
Job submitted successfully! Job ID: Submitted batch job 3685826
Job submitted successfully! Job ID: Submitted batch job 3685827
Job submitted successfully! Job ID: Submitted batch job 3685828
Job submitted successfully! Job ID: Submitted batch job 3685829
Job submitted successfully! Job ID: Submitted batch job 3685830
Job submitted successfully! Job ID: Submitted batch job 3685831
Job submitted successfully! Job ID: Submitted batch job 3685832
Job submitted successfully! Job ID: Submitted batch job 3685833
Job submitted successfully! Job ID: Submitted batch job 3685834
Job submitted successfully! Job ID: Submitted batch job 3685835
####################
Completed SLURM step
####################
Iteration 2
	Subsample 0
		Energy: -194.2270574153053
		Subspace dimension: 35976004
	Subsample 1
		Energy: -194.2965609882765
		Subspace dimension: 36024004
	Subsample 2
		Energy: -196.1482843948941
		Subspace dimension: 36012001
	Subsample 3
		Energy: -194.2855554730693
		Subspace dimension: 36000000
	Subsample 4
		Energy: -194.3757968972
		Subspace dimension: 36012001
	Subsample 5
		Energy: -195.4651440891202
		Subspace dimension: 36012001
	Subsample 6
		Energy: -195.6823015219599
		Subspace dimension: 36024004
	Subsample 7
		Energy: -195.2115529416234
		Subspace dimension: 36000000
	Subsample 8
		Energy: -194.3278531438218
		Subspace dimension: 35988001
	Subsample 9
		Energy: -194.9519319972951
		Subspace dimension: 36000000
Lowest total energy value: -196.1482843948941
SLURM parallelizes solver run accross batches
####################
Job submitted successfully! Job ID: Submitted batch job 3685915
Job submitted successfully! Job ID: Submitted batch job 3685916
Job submitted successfully! Job ID: Submitted batch job 3685918
Job submitted successfully! Job ID: Submitted batch job 3685919
Job submitted successfully! Job ID: Submitted batch job 3685920
Job submitted successfully! Job ID: Submitted batch job 3685921
Job submitted successfully! Job ID: Submitted batch job 3685922
Job submitted successfully! Job ID: Submitted batch job 3685923
Job submitted successfully! Job ID: Submitted batch job 3685924
Job submitted successfully! Job ID: Submitted batch job 3685925
####################
Completed SLURM step
####################
Iteration 3
	Subsample 0
		Energy: -195.0428415965939
		Subspace dimension: 36300625
	Subsample 1
		Energy: -196.1597756157584
		Subspace dimension: 36288576
	Subsample 2
		Energy: -196.1448280737604
		Subspace dimension: 36288576
	Subsample 3
		Energy: -195.9849990134487
		Subspace dimension: 36276529
	Subsample 4
		Energy: -195.1992716308167
		Subspace dimension: 36300625
	Subsample 5
		Energy: -196.5782895351368
		Subspace dimension: 36288576
	Subsample 6
		Energy: -196.1571676347864
		Subspace dimension: 36264484
	Subsample 7
		Energy: -196.9162305756864
		Subspace dimension: 36264484
	Subsample 8
		Energy: -196.9086255213077
		Subspace dimension: 36276529
	Subsample 9
		Energy: -196.8145545642753
		Subspace dimension: 36312676
Lowest total energy value: -196.9162305756864
SLURM parallelizes solver run accross batches
####################
Job submitted successfully! Job ID: Submitted batch job 3686067
Job submitted successfully! Job ID: Submitted batch job 3686068
Job submitted successfully! Job ID: Submitted batch job 3686069
Job submitted successfully! Job ID: Submitted batch job 3686070
Job submitted successfully! Job ID: Submitted batch job 3686071
Job submitted successfully! Job ID: Submitted batch job 3686072
Job submitted successfully! Job ID: Submitted batch job 3686073
Job submitted successfully! Job ID: Submitted batch job 3686074
Job submitted successfully! Job ID: Submitted batch job 3686075
Job submitted successfully! Job ID: Submitted batch job 3686076
####################
Completed SLURM step
####################
Iteration 4
	Subsample 0
		Energy: -197.6584472177517
		Subspace dimension: 36978561
	Subsample 1
		Energy: -196.6286971932678
		Subspace dimension: 36954241
	Subsample 2
		Energy: -196.9335557464919
		Subspace dimension: 36966400
	Subsample 3
		Energy: -196.9369237891329
		Subspace dimension: 36966400
	Subsample 4
		Energy: -196.9235819992415
		Subspace dimension: 36966400
	Subsample 5
		Energy: -196.9410053602229
		Subspace dimension: 36978561
	Subsample 6
		Energy: -196.9359815588761
		Subspace dimension: 36966400
	Subsample 7
		Energy: -196.9183437165716
		Subspace dimension: 36978561
	Subsample 8
		Energy: -195.3931977082818
		Subspace dimension: 36929929
	Subsample 9
		Energy: -196.9443238359669
		Subspace dimension: 36942084
Lowest total energy value: -197.6584472177517
SLURM parallelizes solver run accross batches
####################
Job submitted successfully! Job ID: Submitted batch job 3686189
Job submitted successfully! Job ID: Submitted batch job 3686190
Job submitted successfully! Job ID: Submitted batch job 3686191
Job submitted successfully! Job ID: Submitted batch job 3686192
Job submitted successfully! Job ID: Submitted batch job 3686193
Job submitted successfully! Job ID: Submitted batch job 3686194
Job submitted successfully! Job ID: Submitted batch job 3686195
Job submitted successfully! Job ID: Submitted batch job 3686196
Job submitted successfully! Job ID: Submitted batch job 3686197
Job submitted successfully! Job ID: Submitted batch job 3686198
####################
Completed SLURM step
####################
Iteration 5
	Subsample 0
		Energy: -197.6623126862769
		Subspace dimension: 36857041
	Subsample 1
		Energy: -197.6598707088142
		Subspace dimension: 36832761
	Subsample 2
		Energy: -197.6604568260591
		Subspace dimension: 36832761
	Subsample 3
		Energy: -197.66187302596
		Subspace dimension: 36832761
	Subsample 4
		Energy: -197.66043765511
		Subspace dimension: 36820624
	Subsample 5
		Energy: -197.6640496752144
		Subspace dimension: 36844900
	Subsample 6
		Energy: -197.6603144265302
		Subspace dimension: 36808489
	Subsample 7
		Energy: -197.6614590033874
		Subspace dimension: 36832761
	Subsample 8
		Energy: -197.6594111710932
		Subspace dimension: 36844900
	Subsample 9
		Energy: -197.6598711050876
		Subspace dimension: 36844900
Lowest total energy value: -197.6640496752144
Full workflow takes: 4821.682276248932 seconds
