 Elapsed time for helper construction 0.9906889999999999 (sec) 
 Elapsed time for init 0.011538 (sec) 
 Elapsed time for makeQChamDiagTerms 9.849841999999999 (sec) 
 Davidson iteration 0.0 (tol=0.6284798828937023): -143.4476245258041
 Davidson iteration 0.1 (tol=0.1371914643282734): -143.6209587033732 -141.3713147586624
 Davidson iteration 0.2 (tol=0.03575084478391664): -143.6278399321377 -141.6879518227629 -141.0934659236145
 Davidson iteration 0.3 (tol=0.00853565105964885): -143.6283383133931 -141.8248358093472 -141.3761327715755 -141.0821138158908
 Davidson iteration 0.4 (tol=0.002291639995462859): -143.6283731428438 -142.3239341179855 -141.4941234342027 -141.2855042225646
 Davidson iteration 0.5 (tol=0.0006256199475705497): -143.6283752856166 -142.5345372561174 -141.5024192612731 -141.4539561691053
 Davidson iteration 0.6 (tol=0.000196835400327725): -143.6283754541608 -142.6876852497813 -141.8476788719401 -141.5023155431525
 Davidson iteration 0.7 (tol=8.536196953625454e-05): -143.6283754750068 -142.9450119075914 -142.3146455885426 -141.5386299889772
 Davidson iteration 1.0 (tol=8.536196953782756e-05): -143.6283754750047
 Davidson iteration 1.1 (tol=3.934443129016201e-05): -143.6283754784411 -142.1743438247304
 Davidson iteration 1.2 (tol=2.244694046020367e-05): -143.6283754797919 -143.1205150822837 -141.216041515865
 Davidson iteration 1.3 (tol=7.064336343799912e-06): -143.6283754800146 -143.272662592617 -141.2160416760214 -141.0742396707872
 Elapsed time for davidson 32.68414 (sec) 
 Elapsed time for diagonalization 32.684331 (sec) 
 Elapsed time for mult 0.7469089999999999 (sec) 
 Energy = -143.6283754800157
 Elapsed time for measurement 0.084634 (sec) 
 Sample-based diagonalization: Energy = -143.6283754800157
 Sample-based diagonalization: density = [1.999980454813793,1.993977650438955,1.993406206133783,1.988993512923211,1.98673187148987,1.987473037446037,1.982766138730153,1.984819328354348,1.978951569735099,1.982190458962908,1.964903671389878,1.994100229877258,1.990349247129109,0.048322886125583,0.003967505610473191,0.01959933250258297,0.01010835418111038,0.01567056109935849,0.0129436310679218,0.01661369460128259,0.01159917566165122,0.01141191574408284,0.007877560581740023,0.01324200509089904
 Sample-based diagonalization: carryover bitstrings = [], size = 0
