 Elapsed time for helper construction 0.770836 (sec) 
 Elapsed time for init 0.02662 (sec) 
 Elapsed time for makeQChamDiagTerms 6.485024 (sec) 
 Davidson iteration 0.0 (tol=0.5693634214364371): -132.4660206217805
 Davidson iteration 0.1 (tol=0.1191198736154136): -132.6164260974386 -130.4167584580296
 Davidson iteration 0.2 (tol=0.02710735188074293): -132.6216098262733 -130.7318461700746 -130.0350959889988
 Davidson iteration 0.3 (tol=0.007323646418122204): -132.6218822490032 -130.8309988999511 -130.2693014935976 -130.0122187234009
 Davidson iteration 0.4 (tol=0.00219263133560014): -132.6219047033389 -131.2144438540788 -130.4645904250273 -130.1488506093854
 Davidson iteration 0.5 (tol=0.000674315652805312): -132.621906643349 -131.5812400727565 -130.6136372293418 -130.2249891195137
 Davidson iteration 0.6 (tol=0.0001928356456908855): -132.621906813097 -131.7278271403453 -130.7571657161285 -130.2949092147235
 Davidson iteration 0.7 (tol=5.800706100115181e-05): -132.6219068264873 -131.8100933548527 -130.9188107715397 -130.4088020389383
 Davidson iteration 1.0 (tol=5.800706100057035e-05): -132.6219068264878
 Davidson iteration 1.1 (tol=2.088351964179918e-05): -132.6219068275644 -130.1138897095181
 Davidson iteration 1.2 (tol=6.830633042679815e-06): -132.6219068277502 -131.2218869465434 -129.0485006218047
 Elapsed time for davidson 30.103072 (sec) 
 Elapsed time for diagonalization 30.104328 (sec) 
 Elapsed time for mult 0.8908469999999999 (sec) 
 Energy = -132.6219068277488
 Elapsed time for measurement 0.066597 (sec) 
 Sample-based diagonalization: Energy = -132.6219068277488
 Sample-based diagonalization: density = [1.999972972951327,1.995271470978293,1.991081002130698,1.986913931475293,1.982894180747398,1.985424194053934,1.97952955706187,1.983595710691033,1.980031997095099,1.991291405248442,1.980330600791959,1.992812807663228,0.01010584913962987,0.01908766554121412,0.02089698211941916,0.0176132654726948,0.01861215574585208,0.01384138664020918,0.01882822229324092,0.01497236071550039,0.01689228120929696
 Sample-based diagonalization: carryover bitstrings = [], size = 0
