 Elapsed time for helper construction 1.199443 (sec) 
 Elapsed time for init 0.035725 (sec) 
 Elapsed time for makeQChamDiagTerms 20.255232 (sec) 
 Davidson iteration 0.0 (tol=0.5289364262629793): -188.4152466201201
 Davidson iteration 0.1 (tol=0.09279644820810731): -188.5458250522723 -186.5356185749153
 Davidson iteration 0.2 (tol=0.02069152000229352): -188.5498202519778 -187.0363460928645 -186.4963051491229
 Davidson iteration 0.3 (tol=0.005110756177132495): -188.5500348605628 -187.2161292877209 -186.7998499214452 -186.4843507794785
 Davidson iteration 0.4 (tol=0.001214769503426029): -188.5500506958435 -187.6790249616834 -186.925221353142 -186.4845556357727
 Davidson iteration 0.5 (tol=0.0003090754018578093): -188.550051534737 -187.892024543684 -187.1408569663882 -186.6641645115278
 Davidson iteration 0.6 (tol=6.43624886776873e-05): -188.5500515805121 -187.9081241998737 -187.1459826435637 -186.8888727308852
 Davidson iteration 0.7 (tol=1.441133153635371e-05): -188.5500515824864 -187.9461495416587 -187.2697524493987 -186.9950656642124
 Davidson iteration 1.0 (tol=1.441133153566076e-05): -188.5500515824874
 Davidson iteration 1.1 (tol=4.38784670011514e-06): -188.5500515825825 -186.9461861647041
 Elapsed time for davidson 49.993682 (sec) 
 Elapsed time for diagonalization 49.993899 (sec) 
 Elapsed time for mult 1.24425 (sec) 
 Energy = -188.5500515825815
 Elapsed time for measurement 0.14829 (sec) 
 Sample-based diagonalization: Energy = -188.5500515825815
 Sample-based diagonalization: density = [1.99998466762704,1.997859844078806,1.996542590283641,1.994001497113861,1.993794783072432,1.994554091110091,1.992540226652149,1.989795015899808,1.994919768475238,1.989412197252611,1.994340875382013,1.988488679665193,1.993749409586012,1.957477218425041,1.990981024707429,1.99236131906732,0.04922268599552606,0.009348427132657863,0.005286268480257959,0.01060667359883567,0.009043200594582801,0.006771483773624786,0.004229576729009714,0.005170136791692041,0.004852984092738459,0.009797309208299356,0.006427027742420132,0.006088546205490751,0.004435182122827102,0.007917288967333137
 Sample-based diagonalization: carryover bitstrings = [], size = 0
