 Elapsed time for helper construction 0.313781 (sec) 
 Elapsed time for init 0.002785 (sec) 
 Elapsed time for makeQChamDiagTerms 0.8478669999999999 (sec) 
 Davidson iteration 0.0 (tol=0.5140033683804206): -103.2282722327849
 Davidson iteration 0.1 (tol=0.1734318965911268): -103.3466556056263 -101.1039004884642
 Davidson iteration 0.2 (tol=0.05086733724153832): -103.3564098869535 -101.534350460824 -100.2270163314062
 Davidson iteration 0.3 (tol=0.01679941370637604): -103.3571302693844 -101.6082032351975 -100.4689671537289 -100.1966959193468
 Davidson iteration 0.4 (tol=0.005237363645445045): -103.3572115491215 -101.7228217808894 -100.7784025904926 -100.3724690920737
 Davidson iteration 0.5 (tol=0.001841227597075415): -103.3572198033488 -101.9259807436278 -101.2662574822617 -100.4245737973065
 Davidson iteration 0.6 (tol=0.0006657182227646614): -103.3572209174315 -102.1911859104843 -101.493149603046 -100.643906485353
 Davidson iteration 0.7 (tol=0.0002489264565602583): -103.3572210549567 -102.4008188495196 -101.6024819767769 -100.7297950767679
 Davidson iteration 1.0 (tol=0.0002489264565604566): -103.3572210549569
 Davidson iteration 1.1 (tol=0.0001074490961718711): -103.3572210717867 -100.6594414513633
 Davidson iteration 1.2 (tol=4.575922073046025e-05): -103.3572210765482 -102.2097726666469 -99.03242893675063
 Davidson iteration 1.3 (tol=1.69922462813359e-05): -103.3572210772433 -102.5504152850446 -100.1366471754605 -98.77776111230706
 Davidson iteration 1.4 (tol=5.588404379752597e-06): -103.3572210773289 -102.6802530526084 -100.1938063465989 -100.1039244191322
 Elapsed time for davidson 6.612076 (sec) 
 Elapsed time for diagonalization 6.612158 (sec) 
 Elapsed time for mult 0.254389 (sec) 
 Energy = -103.3572210773282
 Elapsed time for measurement 0.011283 (sec) 
 Sample-based diagonalization: Energy = -103.3572210773282
 Sample-based diagonalization: density = [1.999988400562008,1.988347872930227,1.986919982936796,1.989874844457516,1.978595854073439,1.981097692916162,1.976494721256587,1.976432279458558,1.987058180999572,0.01988674209616872,0.02457746933343666,0.01974359762901614,0.02018185334388976,0.02053637707481017,0.02016857581632512,0.01009555508284897
 Sample-based diagonalization: carryover bitstrings = [], size = 0
