 Elapsed time for helper construction 0.9254479999999999 (sec) 
 Elapsed time for init 0.034994 (sec) 
 Elapsed time for makeQChamDiagTerms 10.015758 (sec) 
 Davidson iteration 0.0 (tol=0.6494165637690075): -172.2186546744399
 Davidson iteration 0.1 (tol=0.2380432702024219): -172.3966410163326 -170.2979530541105
 Davidson iteration 0.2 (tol=0.07904423661403179): -172.415105975541 -170.530659115203 -169.8358770614856
 Davidson iteration 0.3 (tol=0.02548864616091713): -172.4171797944047 -170.6352458632709 -170.0333116374394 -169.7270756819202
 Davidson iteration 0.4 (tol=0.009205604154927063): -172.4174166322713 -170.9706176779702 -170.117688470725 -169.9071622101964
 Davidson iteration 0.5 (tol=0.003223458115283179): -172.4174557891523 -171.4635563096157 -170.1461567538569 -170.007183277809
 Davidson iteration 0.6 (tol=0.00120862613401113): -172.4174594789497 -171.6152137525939 -170.3155418894754 -170.0791945919974
 Davidson iteration 0.7 (tol=0.0004114961945258236): -172.4174600026353 -171.6671086830278 -170.6571417195327 -170.1939145016084
 Davidson iteration 1.0 (tol=0.0004114961945326845): -172.4174600026327
 Davidson iteration 1.1 (tol=0.0001813176426751005): -172.4174600614806 -170.2001235151031
 Davidson iteration 1.2 (tol=8.194629494561964e-05): -172.4174600764602 -171.2458050189068 -168.979635227919
 Davidson iteration 1.3 (tol=2.894907396006459e-05): -172.4174600790867 -171.6314469678425 -169.5170813399847 -168.9202852219303
 Davidson iteration 1.4 (tol=1.146253422343784e-05): -172.4174600794006 -171.7442575859947 -170.0914736678771 -169.3456474638046
 Davidson iteration 1.5 (tol=4.290561173305436e-06): -172.4174600794488 -171.8165106395745 -170.8051584072752 -169.4328857997444
 Elapsed time for davidson 40.897968 (sec) 
 Elapsed time for diagonalization 40.899241 (sec) 
 Elapsed time for mult 1.168033 (sec) 
 Energy = -172.4174600794506
 Elapsed time for measurement 0.08354499999999999 (sec) 
 Sample-based diagonalization: Energy = -172.4174600794506
 Sample-based diagonalization: density = [1.999980397851288,1.994660631103019,1.99391079697417,1.992626632480288,1.990134440722643,1.989912409941782,1.984320923907082,1.989103469147513,1.988700733044933,1.986463651475768,1.984317824320998,1.984690964116595,1.986996111037614,1.923747623505692,0.0957692152898582,0.01624160708040505,0.01868288864988982,0.01308880765413628,0.009201075331418864,0.0128473278829731,0.008415678258615847,0.01795841476636278,0.01822837514290012
 Sample-based diagonalization: carryover bitstrings = [], size = 0
