 Elapsed time for helper construction 0.674798 (sec) 
 Elapsed time for init 0.008647999999999999 (sec) 
 Elapsed time for makeQChamDiagTerms 2.861693 (sec) 
 Davidson iteration 0.0 (tol=0.562964899725884): -147.5339106723027
 Davidson iteration 0.1 (tol=0.2556351089450317): -147.6690291484829 -145.6154950536983
 Davidson iteration 0.2 (tol=0.1187613180451986): -147.6887170661915 -146.073401772937 -144.7802814468461
 Davidson iteration 0.3 (tol=0.04710377078588709): -147.6930444305214 -146.2744018518971 -145.0796035166317 -144.4546901950949
 Davidson iteration 0.4 (tol=0.02037106563219685): -147.6936315848424 -146.461190340121 -145.4071112645453 -144.7700960459184
 Davidson iteration 0.5 (tol=0.007934017960205129): -147.6937606029129 -146.7329357976876 -145.5830991919059 -145.0276583361236
 Davidson iteration 0.6 (tol=0.003976263806572777): -147.6937774616235 -146.849776366563 -145.7435307059458 -145.0332097072624
 Davidson iteration 0.7 (tol=0.001558267331166485): -147.6937811741849 -146.9271652333267 -145.9980004987518 -145.2157411612832
 Davidson iteration 1.0 (tol=0.001558267331169389): -147.693781174185
 Davidson iteration 1.1 (tol=0.0008396363607460244): -147.6937817829158 -145.2946615144164
 Davidson iteration 1.2 (tol=0.0004443321613516287): -147.6937819946074 -146.4799521695234 -142.7435454319074
 Davidson iteration 1.3 (tol=0.0002036669417172087): -147.6937820560397 -146.9287666777805 -144.6999702306434 -141.3786072969228
 Davidson iteration 1.4 (tol=9.755912771745489e-05): -147.6937820665303 -147.1025281816374 -144.7961820551725 -144.4201790313908
 Davidson iteration 1.5 (tol=4.178123154576996e-05): -147.693782069129 -147.1813409681305 -145.3747513710163 -144.6522428764316
 Davidson iteration 1.6 (tol=1.982260606798558e-05): -147.6937820696164 -147.2266209015158 -145.9969140998252 -145.011066919357
 Davidson iteration 1.7 (tol=7.313384422429525e-06): -147.6937820697203 -147.2542815338033 -146.4160676269616 -145.0111989562939
 Elapsed time for davidson 25.115024 (sec) 
 Elapsed time for diagonalization 25.115109 (sec) 
 Elapsed time for mult 0.678099 (sec) 
 Energy = -147.6937820697211
 Elapsed time for measurement 0.036054 (sec) 
 Sample-based diagonalization: Energy = -147.6937820697211
 Sample-based diagonalization: density = [1.999997031190325,1.996923254445408,1.992093660080823,1.994453871954214,1.986780005733129,1.983541995736349,1.996685165492401,1.966060037003036,1.969144306132682,1.981110795010941,1.930204673917191,0.1109830929459592,0.008790203615737298,0.02001055053974363,0.02114004130490611,0.02045993481095638,0.0216213799050442
 Sample-based diagonalization: carryover bitstrings = [], size = 0
