 Elapsed time for helper construction 0.961723 (sec) 
 Elapsed time for init 0.01676 (sec) 
 Elapsed time for makeQChamDiagTerms 13.405648 (sec) 
 Davidson iteration 0.0 (tol=0.4502814108754313): -144.6799279253957
 Davidson iteration 0.1 (tol=0.06846217032017704): -144.7840435087517 -142.9265601885695
 Davidson iteration 0.2 (tol=0.01373175581514124): -144.7863895675963 -143.1776171851452 -142.9209223585915
 Davidson iteration 0.3 (tol=0.00362287686269724): -144.7864939872606 -143.446794224618 -143.1024356154895 -142.9170016814934
 Davidson iteration 0.4 (tol=0.0009185015695866611): -144.7865029898209 -143.862782764053 -143.3443745035701 -142.9214660487413
 Davidson iteration 0.5 (tol=0.0002025906775642615): -144.7865034687906 -144.0181800877045 -143.5172600286288 -142.9955670988435
 Davidson iteration 0.6 (tol=4.975386556090014e-05): -144.786503490387 -144.0688251144544 -143.5177951732982 -143.3231906785828
 Davidson iteration 0.7 (tol=1.334734907626164e-05): -144.7865034916384 -144.1030469844529 -143.5480004411604 -143.4677878351912
 Davidson iteration 1.0 (tol=1.334734907577121e-05): -144.7865034916373
 Davidson iteration 1.1 (tol=4.57352535150859e-06): -144.7865034917266 -143.2006152266379
 Elapsed time for davidson 32.935021 (sec) 
 Elapsed time for diagonalization 32.937193 (sec) 
 Elapsed time for mult 0.6443989999999999 (sec) 
 Energy = -144.786503491728
 Elapsed time for measurement 0.174056 (sec) 
 Sample-based diagonalization: Energy = -144.786503491728
 Sample-based diagonalization: density = [1.999987492884126,1.994578424277918,1.994724084645992,1.995835259382602,1.992327747202101,1.99223836534388,1.989925366426425,1.990906567093046,1.992187860817929,1.987451867552503,1.99664266318474,1.969820060878951,1.988785356911278,1.998501339132809,0.007420183927976351,0.02848067105587933,0.002662985958289786,0.01134975285351065,0.0113705954828981,0.01220543400747938,0.01361061951632928,0.005403749520410651,0.01142297617109016,0.001222757911731421,0.006189702648675454,0.004748115088368577
 Sample-based diagonalization: carryover bitstrings = [], size = 0
