 Elapsed time for helper construction 0.348872 (sec) 
 Elapsed time for init 0.003433 (sec) 
 Elapsed time for makeQChamDiagTerms 0.794006 (sec) 
 Davidson iteration 0.0 (tol=0.5412270083180706): -137.2132205418034
 Davidson iteration 0.1 (tol=0.2216203446964794): -137.3488277536756 -135.4733761342129
 Davidson iteration 0.2 (tol=0.09949130803252347): -137.3646355002143 -135.8074369315645 -134.6279791703217
 Davidson iteration 0.3 (tol=0.03376173413986311): -137.3678722686003 -135.9186968334135 -134.9645602633663 -134.4781974340022
 Davidson iteration 0.4 (tol=0.01305310011957162): -137.3682209955118 -136.0894297229844 -135.1625492698363 -134.5693557598104
 Davidson iteration 0.5 (tol=0.004396756492922864): -137.3682697760956 -136.2785557765014 -135.2912141911711 -135.1147865836381
 Davidson iteration 0.6 (tol=0.001653048574919826): -137.3682757219249 -136.3491392537364 -135.4614962065652 -135.2348900181584
 Davidson iteration 0.7 (tol=0.0006688792059670034): -137.3682764249588 -136.3910176999093 -135.599178864806 -135.2376690320805
 Davidson iteration 1.0 (tol=0.0006688792059671805): -137.3682764249565
 Davidson iteration 1.1 (tol=0.0003108151888536103): -137.3682765312202 -134.1483527647141
 Davidson iteration 1.2 (tol=0.0001267769562175542): -137.3682765649255 -135.7667683479177 -132.6529747789716
 Davidson iteration 1.3 (tol=5.111212148142995e-05): -137.3682765702406 -136.2377456686179 -134.5896369445857 -131.9038292098256
 Davidson iteration 1.4 (tol=1.924890064899623e-05): -137.3682765709663 -136.3904302221682 -134.7144748789851 -134.2719178143792
 Davidson iteration 1.5 (tol=6.550045073449766e-06): -137.3682765710773 -136.4554045826835 -134.9557098465907 -134.6323164172157
 Elapsed time for davidson 13.683322 (sec) 
 Elapsed time for diagonalization 13.68346 (sec) 
 Elapsed time for mult 0.469061 (sec) 
 Energy = -137.3682765710773
 Elapsed time for measurement 0.016121 (sec) 
 Sample-based diagonalization: Energy = -137.3682765710773
 Sample-based diagonalization: density = [1.99999702108664,1.999609989511357,1.992181595078192,1.98360318165604,1.982578013590528,1.986901135891798,1.996636914899911,1.977821357327771,1.894049769797799,1.984257755934514,0.1168221770554941,0.02402394456839052,0.008066202258850942,0.008397027292792385,0.02588826228183382,0.01916565173202348
 Sample-based diagonalization: carryover bitstrings = [], size = 0
