 Elapsed time for helper construction 1.168937 (sec) 
 Elapsed time for init 0.013229 (sec) 
 Elapsed time for makeQChamDiagTerms 8.560077 (sec) 
 Davidson iteration 0.0 (tol=0.609447659547487): -131.8750543871157
 Davidson iteration 0.1 (tol=0.195050615350379): -132.0439104619982 -129.8007590259276
 Davidson iteration 0.2 (tol=0.05408061565225002): -132.0563532165791 -130.2121186774933 -128.9756425928836
 Davidson iteration 0.3 (tol=0.01600089706146647): -132.0572073272491 -130.2732203512335 -129.1675149760286 -128.9515016102391
 Davidson iteration 0.4 (tol=0.005281179795627758): -132.0572903508044 -130.4187002967827 -129.6610390207629 -129.0576213552611
 Davidson iteration 0.5 (tol=0.001953805584376828): -132.0572999344008 -130.7478435071785 -130.0505765063616 -129.1526886839204
 Davidson iteration 0.6 (tol=0.000701993449608156): -132.0573012286501 -130.9869444884733 -130.1822647177243 -129.2921178090195
 Davidson iteration 0.7 (tol=0.0002568882899354615): -132.057301385064 -131.1324100993903 -130.2868510850231 -129.5923036049398
 Davidson iteration 1.0 (tol=0.0002568882899353174): -132.0573013850646
 Davidson iteration 1.1 (tol=0.0001086096746836716): -132.0573014037752 -129.2953157856124
 Davidson iteration 1.2 (tol=4.436188409427853e-05): -132.0573014085022 -130.7403011077261 -127.8928444548795
 Davidson iteration 1.3 (tol=1.663757244751755e-05): -132.0573014091646 -131.1065934502546 -128.8440172099931 -127.6915905553474
 Davidson iteration 1.4 (tol=5.646144384530735e-06): -132.057301409251 -131.2628930256118 -129.1602059267882 -128.572996033398
 Elapsed time for davidson 43.802601 (sec) 
 Elapsed time for diagonalization 43.802799 (sec) 
 Elapsed time for mult 1.404248 (sec) 
 Energy = -132.0573014092514
 Elapsed time for measurement 0.089305 (sec) 
 Sample-based diagonalization: Energy = -132.0573014092514
 Sample-based diagonalization: density = [1.999970780581644,1.992800210659383,1.988816301164282,1.98509894147076,1.979524981622095,1.982355304352565,1.977121933507729,1.979850142817774,1.978376525760554,1.979800590251594,1.979103215613661,1.990123783411877,0.01907665071691453,0.02387468613065261,0.02442042649617245,0.02240521012811719,0.01843300834386414,0.01837230733418926,0.01884359722448247,0.02000567498695837,0.02162572708433285
 Sample-based diagonalization: carryover bitstrings = [], size = 0
