 Elapsed time for helper construction 1.349231 (sec) 
 Elapsed time for init 0.048148 (sec) 
 Elapsed time for makeQChamDiagTerms 12.290869 (sec) 
 Davidson iteration 0.0 (tol=0.6795085114040801): -155.2782397315873
 Davidson iteration 0.1 (tol=0.2382363048762351): -155.4719893514938 -153.1965794195252
 Davidson iteration 0.2 (tol=0.08616624782163149): -155.4898202202962 -153.5328485419868 -152.595081723668
 Davidson iteration 0.3 (tol=0.02364657502939094): -155.4921967993851 -153.7291076096237 -152.6980251160086 -152.4102753516299
 Davidson iteration 0.4 (tol=0.009392749828470286): -155.4924029288263 -154.0977886276845 -152.973006728865 -152.5941523752569
 Davidson iteration 0.5 (tol=0.003836404057395438): -155.4924373375177 -154.55601991591 -153.2920434148755 -152.6857077158506
 Davidson iteration 0.6 (tol=0.001499128931302108): -155.4924428195553 -154.7250357459428 -153.475529483199 -152.6878138476348
 Davidson iteration 0.7 (tol=0.0006005043685522813): -155.4924437655605 -154.8432994096292 -153.9318882820157 -153.1357276465286
 Davidson iteration 1.0 (tol=0.0006005043685534511): -155.4924437655613
 Davidson iteration 1.1 (tol=0.0002437129870652353): -155.4924438854403 -153.1389510458605
 Davidson iteration 1.2 (tol=0.0001230022671232912): -155.4924439164234 -154.5358023683557 -152.5711323358771
 Davidson iteration 1.3 (tol=4.888117263740963e-05): -155.492443921928 -154.8122086227942 -152.6679519083878 -152.1806539437268
 Davidson iteration 1.4 (tol=1.977959417949781e-05): -155.4924439228164 -154.9427461242061 -153.0630823306785 -152.6175448278942
 Davidson iteration 1.5 (tol=7.523417063190019e-06): -155.4924439229715 -155.0079093802891 -153.9252052096834 -152.630754591812
 Elapsed time for davidson 62.924916 (sec) 
 Elapsed time for diagonalization 62.92515899999999 (sec) 
 Elapsed time for mult 1.636999 (sec) 
 Energy = -155.4924439229721
 Elapsed time for measurement 0.127184 (sec) 
 Sample-based diagonalization: Energy = -155.4924439229721
 Sample-based diagonalization: density = [1.999988697345533,1.991520800095079,1.990555035057929,1.988396324452798,1.985288198245452,1.982170065059832,1.983599287302847,1.982411920815409,1.980804104895591,1.962751634354258,1.996199248012933,1.986288031413669,1.952600320280495,0.08106257551069818,0.01438243380084056,0.01509299178405236,0.01357481854256516,0.0160147184707421,0.01705506356537153,0.01264539593420511,0.01658877847569602,0.01749551683721084,0.01351403934994392
 Sample-based diagonalization: carryover bitstrings = [], size = 0
