 Elapsed time for helper construction 1.24927 (sec) 
 Elapsed time for init 0.019755 (sec) 
 Elapsed time for makeQChamDiagTerms 16.816888 (sec) 
 Davidson iteration 0.0 (tol=0.6109479128450881): -177.9300127654545
 Davidson iteration 0.1 (tol=0.1458546767526061): -178.0980984884992 -176.0632998804905
 Davidson iteration 0.2 (tol=0.04018230889114774): -178.1073625516065 -176.4547497298041 -176.0170765917365
 Davidson iteration 0.3 (tol=0.01007466184078185): -178.1080552174326 -176.488520597603 -176.1667129988042 -176.0120942587289
 Davidson iteration 0.4 (tol=0.003250138207553539): -178.1080998287457 -176.7304898440096 -176.2239527791252 -176.0310329111699
 Davidson iteration 0.5 (tol=0.0009356168328304554): -178.108105185127 -177.1257154911314 -176.2248058986936 -176.1033011989791
 Davidson iteration 0.6 (tol=0.0002558013410218629): -178.1081055884816 -177.2599762612203 -176.3355619640253 -176.1244751503078
 Davidson iteration 0.7 (tol=8.822091283767481e-05): -178.1081056220874 -177.3734595468086 -176.853252532413 -176.3093899673248
 Davidson iteration 1.0 (tol=8.82209128432787e-05): -178.1081056220858
 Davidson iteration 1.1 (tol=3.204810770102444e-05): -178.108105625734 -176.6154564817455
 Davidson iteration 1.2 (tol=1.394568780766793e-05): -178.1081056265753 -177.4843439659365 -176.2745910011916
 Davidson iteration 1.3 (tol=4.179479444177653e-06): -178.1081056266698 -177.6438882782626 -176.4415397159592 -175.866584433113
 Elapsed time for davidson 46.570812 (sec) 
 Elapsed time for diagonalization 46.571256 (sec) 
 Elapsed time for mult 0.9146559999999999 (sec) 
 Energy = -178.1081056266716
 Elapsed time for measurement 0.127533 (sec) 
 Sample-based diagonalization: Energy = -178.1081056266716
 Sample-based diagonalization: density = [1.999979198883395,1.994931372960575,1.993982968324566,1.992674930567242,1.989543652471977,1.990295467926575,1.992669267853755,1.98680003510093,1.988996141402834,1.985972714714299,1.986223826078374,1.972505227789734,1.995276296675054,1.987888650675939,1.960848908816305,0.07412668778104725,0.01186953350292928,0.01457613648519193,0.0104339166777813,0.01235598296492079,0.00203571935964049,0.01234143005784252,0.00538126265841256,0.006323013873486531,0.005874407413696634,0.01213924415610053,0.01395400456178941
 Sample-based diagonalization: carryover bitstrings = [], size = 0
