 Elapsed time for helper construction 1.538616 (sec) 
 Elapsed time for init 0.023165 (sec) 
 Elapsed time for makeQChamDiagTerms 14.206344 (sec) 
 Davidson iteration 0.0 (tol=0.6752679658131127): -155.7710060502284
 Davidson iteration 0.1 (tol=0.2323422224331683): -155.9645393419185 -153.7347284553337
 Davidson iteration 0.2 (tol=0.0822996555852271): -155.9819498395734 -154.0401815108953 -153.2106893602478
 Davidson iteration 0.3 (tol=0.02270531902873825): -155.9841321134005 -154.2082252887576 -153.2815491004568 -153.0386208683662
 Davidson iteration 0.4 (tol=0.008446230797183488): -155.9843089655153 -154.5006680223839 -153.4540913600196 -153.2041660158319
 Davidson iteration 0.5 (tol=0.003206563182160105): -155.9843360050572 -154.9442191160469 -153.7986525097854 -153.2770911450677
 Davidson iteration 0.6 (tol=0.00121729115512167): -155.9843398822367 -155.1380262428872 -153.9685053337928 -153.3824598349166
 Davidson iteration 0.7 (tol=0.000494617973424518): -155.9843405039522 -155.2836092103618 -154.4244770911907 -153.6968356099252
 Davidson iteration 1.0 (tol=0.0004946179734231545): -155.9843405039493
 Davidson iteration 1.1 (tol=0.0002064170233218893): -155.9843405905045 -153.9086896347867
 Davidson iteration 1.2 (tol=0.0001098202149182827): -155.9843406156136 -155.2147010372355 -153.3024111591834
 Davidson iteration 1.3 (tol=4.581873754550747e-05): -155.9843406203007 -155.4518868519136 -153.3524778495972 -153.1261691997255
 Davidson iteration 1.4 (tol=1.936605173986784e-05): -155.9843406211045 -155.5508617305133 -153.7417555033879 -153.3263002194683
 Davidson iteration 1.5 (tol=7.569041679897345e-06): -155.9843406212591 -155.6111133037644 -154.5544621305795 -153.3360579835146
 Elapsed time for davidson 61.07082999999999 (sec) 
 Elapsed time for diagonalization 61.071177 (sec) 
 Elapsed time for mult 1.598371 (sec) 
 Energy = -155.9843406212599
 Elapsed time for measurement 0.126447 (sec) 
 Sample-based diagonalization: Energy = -155.9843406212599
 Sample-based diagonalization: density = [1.999990115629836,1.991551158808859,1.991279051056439,1.988105483387865,1.985500292675798,1.98455317226775,1.984350201534894,1.983422359783714,1.981038815693624,1.963452100079396,1.991748316653319,1.985369053703014,1.952660791339543,0.08057581521796332,0.01816409447592895,0.01346891716939773,0.01501684968059353,0.01695459271366613,0.01780493746149574,0.0130181086113755,0.01065182758273152,0.01750416014248316,0.01381978387707125
 Sample-based diagonalization: carryover bitstrings = [], size = 0
