 Elapsed time for helper construction 1.227435 (sec) 
 Elapsed time for init 0.014803 (sec) 
 Elapsed time for makeQChamDiagTerms 12.112278 (sec) 
 Davidson iteration 0.0 (tol=0.6031620761444212): -124.7844863401672
 Davidson iteration 0.1 (tol=0.1247386455645188): -124.9549155853684 -122.7415777614451
 Davidson iteration 0.2 (tol=0.02161263264532554): -124.9606145450376 -123.0255323151304 -122.3154929710121
 Davidson iteration 0.3 (tol=0.005206100121841236): -124.9607855635073 -123.1060077987591 -122.6348657690338 -122.2943270640624
 Davidson iteration 0.4 (tol=0.001334204476423051): -124.9607964127525 -123.2993624224387 -122.7776703519612 -122.5899810194931
 Davidson iteration 0.5 (tol=0.000314271120114131): -124.9607970758187 -123.5064977549194 -122.9066318580181 -122.6294208015503
 Davidson iteration 0.6 (tol=7.226027262709118e-05): -124.9607971108334 -123.5601551099232 -123.0321134920072 -122.7292643736592
 Davidson iteration 0.7 (tol=1.728407551171107e-05): -124.9607971126803 -123.5805500054833 -123.1263995798409 -122.7663620791919
 Davidson iteration 1.0 (tol=1.728407551255647e-05): -124.9607971126801
 Davidson iteration 1.1 (tol=5.253202126665655e-06): -124.9607971127807 -122.4069644976093
 Elapsed time for davidson 38.176706 (sec) 
 Elapsed time for diagonalization 38.176863 (sec) 
 Elapsed time for mult 1.095917 (sec) 
 Energy = -124.9607971127813
 Elapsed time for measurement 0.110514 (sec) 
 Sample-based diagonalization: Energy = -124.9607971127813
 Sample-based diagonalization: density = [1.999971483764277,1.991128582452274,1.990976380133851,1.988287182447193,1.982837347139155,1.982733554684541,1.98503780979724,1.982034650256168,1.982424615361507,1.983912245698491,1.981023286360428,1.980956772445849,0.006435517127994414,0.01815632515348396,0.01885574035387771,0.01875961279641742,0.01597857902104582,0.01503757641030766,0.01668242882242087,0.01456453076320749,0.0161047030092202,0.01261983725475558,0.01548123845003773
 Sample-based diagonalization: carryover bitstrings = [], size = 0
