 Elapsed time for helper construction 1.286243 (sec) 
 Elapsed time for init 0.040221 (sec) 
 Elapsed time for makeQChamDiagTerms 11.661028 (sec) 
 Davidson iteration 0.0 (tol=0.6488838867659688): -128.5825004671776
 Davidson iteration 0.1 (tol=0.1354366904728838): -128.7710976412273 -126.4394918928651
 Davidson iteration 0.2 (tol=0.02261376984640011): -128.7773324643716 -126.675662163381 -125.8639428488335
 Davidson iteration 0.3 (tol=0.005582141476459799): -128.7775102194162 -126.8005963321241 -126.2602670678837 -125.7681484133921
 Davidson iteration 0.4 (tol=0.001513917096170413): -128.7775217079345 -127.011462518034 -126.4612512969834 -125.949275394633
 Davidson iteration 0.5 (tol=0.000364098058487594): -128.7775224761032 -127.2025146342532 -126.584553353195 -125.9508324800954
 Davidson iteration 0.6 (tol=8.233030219201404e-05): -128.77752251814 -127.2860971024959 -126.6834103520619 -126.1599128845385
 Davidson iteration 0.7 (tol=1.917460210124355e-05): -128.7775225203175 -127.3118542124582 -126.7689949620696 -126.3063519857118
 Davidson iteration 1.0 (tol=1.917460210047751e-05): -128.7775225203178
 Davidson iteration 1.1 (tol=5.973724648578748e-06): -128.7775225204325 -125.9582280136223
 Elapsed time for davidson 42.190448 (sec) 
 Elapsed time for diagonalization 42.190608 (sec) 
 Elapsed time for mult 1.421928 (sec) 
 Energy = -128.7775225204333
 Elapsed time for measurement 0.103185 (sec) 
 Sample-based diagonalization: Energy = -128.7775225204333
 Sample-based diagonalization: density = [1.999971686276599,1.991094865376096,1.989788676784495,1.98703763658365,1.987419905673427,1.983516394939365,1.982142866877926,1.982058551207159,1.983457205439634,1.978775481098392,1.97839173158209,1.979456979699577,0.01634528279738707,0.01716306731866585,0.01607181611073678,0.01261976295542379,0.01536581747926583,0.01432580602815481,0.01489721836938143,0.01376996713244015,0.01389774483137513,0.01391054901420222,0.01383378216759059,0.01468720394949662
 Sample-based diagonalization: carryover bitstrings = [], size = 0
