 Elapsed time for helper construction 0.363813 (sec) 
 Elapsed time for init 0.00376 (sec) 
 Elapsed time for makeQChamDiagTerms 1.655622 (sec) 
 Davidson iteration 0.0 (tol=0.526764238543562): -89.40442180652467
 Davidson iteration 0.1 (tol=0.1533313849904614): -89.52976110615376 -87.2911365349876
 Davidson iteration 0.2 (tol=0.03211451581422469): -89.53755161528935 -87.6359087427895 -86.37321888931726
 Davidson iteration 0.3 (tol=0.007692616341333415): -89.53785230511049 -87.72291695151669 -86.74050075040928 -86.14208399646184
 Davidson iteration 0.4 (tol=0.002044543411353112): -89.5378705481227 -87.79929886051166 -87.08334898797932 -86.33964911823017
 Davidson iteration 0.5 (tol=0.0005954614642230723): -89.5378718041209 -87.90898899510064 -87.40680029292247 -86.34493487590905
 Davidson iteration 0.6 (tol=0.0001522671296934969): -89.53787190394499 -88.01297201656961 -87.568074853346 -86.6115242035401
 Davidson iteration 0.7 (tol=3.929639249582767e-05): -89.53787191049896 -88.07634188105007 -87.65547248523586 -86.84113919944875
 Davidson iteration 1.0 (tol=3.929639249624924e-05): -89.53787191049894
 Davidson iteration 1.1 (tol=1.308098270286602e-05): -89.53787191088969 -86.1274130334449
 Davidson iteration 1.2 (tol=3.909334447658044e-06): -89.53787191094587 -87.49681500409265 -85.04937087001173
 Elapsed time for davidson 9.957424999999999 (sec) 
 Elapsed time for diagonalization 9.957554 (sec) 
 Elapsed time for mult 0.350245 (sec) 
 Energy = -89.53787191094509
 Elapsed time for measurement 0.022248 (sec) 
 Sample-based diagonalization: Energy = -89.53787191094509
 Sample-based diagonalization: density = [1.999970298043148,1.990245041627093,1.987579179220117,1.990297958978111,1.981435987457822,1.979989045013177,1.979282404761761,1.977948038565871,1.97898375774535,0.01927257982791442,0.01507630606963544,0.01939075126985108,0.01850317564733588,0.01690265199658503,0.01736009234997727,0.01602468817591732,0.01173804317044833
 Sample-based diagonalization: carryover bitstrings = [], size = 0
