 Elapsed time for helper construction 0.329064 (sec) 
 Elapsed time for init 0.009348 (sec) 
 Elapsed time for makeQChamDiagTerms 1.626758 (sec) 
 Davidson iteration 0.0 (tol=0.5539916534098288): -149.0632659724621
 Davidson iteration 0.1 (tol=0.242062126377032): -149.1942538582958 -147.1274231167099
 Davidson iteration 0.2 (tol=0.1068985439219974): -149.2119337708776 -147.5753155594549 -146.2862827622662
 Davidson iteration 0.3 (tol=0.03986259949345414): -149.2155140534027 -147.782288591207 -146.5941714764791 -146.0397510958797
 Davidson iteration 0.4 (tol=0.016069096673981): -149.2159577368555 -147.9831799295581 -146.906588089544 -146.2849424617846
 Davidson iteration 0.5 (tol=0.005975260415844912): -149.2160464724259 -148.2729717154331 -147.1238151869919 -146.6150354941423
 Davidson iteration 0.6 (tol=0.002665783138225537): -149.2160570887183 -148.3905715162823 -147.274323994508 -146.6281461994231
 Davidson iteration 0.7 (tol=0.001031070109184233): -149.2160590129977 -148.4689040296892 -147.5472382151415 -146.8200001102057
 Davidson iteration 1.0 (tol=0.00103107010918085): -149.2160590129978
 Davidson iteration 1.1 (tol=0.0005199065417142192): -149.2160593023681 -146.9435361467313
 Davidson iteration 1.2 (tol=0.0002576684712497622): -149.2160593976999 -148.1324137282966 -144.7355444738501
 Davidson iteration 1.3 (tol=0.0001065882691217948): -149.216059420386 -148.5461915333571 -146.3886336894466 -143.9721668857961
 Davidson iteration 1.4 (tol=4.785998235867596e-05): -149.2160594238404 -148.6941005506158 -146.5904909132398 -146.2835014543111
 Davidson iteration 1.5 (tol=2.114507371828865e-05): -149.2160594245663 -148.7762094118054 -147.3592845213041 -146.4409926321435
 Davidson iteration 1.6 (tol=1.045817842532086e-05): -149.2160594247266 -148.8486074116467 -148.0233023373992 -146.7948122181298
 Davidson iteration 1.7 (tol=4.82630876456974e-06): -149.2160594247667 -148.8906908027629 -148.3639286238902 -146.8776978540615
 Elapsed time for davidson 15.155579 (sec) 
 Elapsed time for diagonalization 15.15569 (sec) 
 Elapsed time for mult 0.673225 (sec) 
 Energy = -149.2160594247657
 Elapsed time for measurement 0.025777 (sec) 
 Sample-based diagonalization: Energy = -149.2160594247657
 Sample-based diagonalization: density = [1.999996889231807,1.99787232556528,1.992379388909943,1.995295335300111,1.988368224321304,1.984129084331332,1.988140726925195,1.977265669213323,1.971391354297271,1.982288667079303,1.933102832725361,0.1041474178571167,0.02139406095254775,0.009014115439484672,0.0158980482346215,0.02082037789030641,0.01849548161962255
 Sample-based diagonalization: carryover bitstrings = [], size = 0
