 Elapsed time for helper construction 1.236193 (sec) 
 Elapsed time for init 0.018596 (sec) 
 Elapsed time for makeQChamDiagTerms 9.288475999999999 (sec) 
 Davidson iteration 0.0 (tol=0.5923106472420895): -133.5841785724217
 Davidson iteration 0.1 (tol=0.1909495170464219): -133.7407112357261 -131.4601244369143
 Davidson iteration 0.2 (tol=0.05792047309024365): -133.7525241449169 -131.8941741298162 -130.6843368745743
 Davidson iteration 0.3 (tol=0.01746391481496213): -133.753493556865 -131.9699535180734 -130.8026222085582 -130.6520060143216
 Davidson iteration 0.4 (tol=0.005890357187940862): -133.7535887762379 -132.1298228902354 -131.2778109652203 -130.6776997161571
 Davidson iteration 0.5 (tol=0.00217128438580012): -133.7536004331591 -132.4669044456722 -131.6763632683335 -130.8693097307424
 Davidson iteration 0.6 (tol=0.0007716027866174564): -133.7536020406046 -132.7209091465838 -131.835049064891 -130.9401191473384
 Davidson iteration 0.7 (tol=0.000274953318390986): -133.7536022309249 -132.8623309948352 -131.9603002601297 -131.2201747766219
 Davidson iteration 1.0 (tol=0.0002749533183920338): -133.7536022309243
 Davidson iteration 1.1 (tol=0.0001147458608747527): -133.7536022523278 -131.0274009300077
 Davidson iteration 1.2 (tol=4.569753396234643e-05): -133.7536022574905 -132.4487849765375 -129.4770630524789
 Davidson iteration 1.3 (tol=1.739619955381016e-05): -133.753602258194 -132.8333248933513 -130.5829243947927 -129.1513495018479
 Davidson iteration 1.4 (tol=6.365057234521915e-06): -133.7536022582868 -132.9911883652907 -130.876276582894 -130.3249373194608
 Elapsed time for davidson 47.863095 (sec) 
 Elapsed time for diagonalization 47.863322 (sec) 
 Elapsed time for mult 1.604273 (sec) 
 Energy = -133.753602258288
 Elapsed time for measurement 0.09757399999999999 (sec) 
 Sample-based diagonalization: Energy = -133.753602258288
 Sample-based diagonalization: density = [1.999968767291831,1.992401110544444,1.990805024832563,1.985357182725551,1.981731397862342,1.978989541362766,1.97757950230358,1.983026951279335,1.976412919712025,1.980139684885747,1.992481252302144,1.988914832748102,0.006580453630672429,0.025677031154934,0.02065722972426198,0.02095348331467137,0.02171134675506171,0.01966888727049729,0.02084515345601927,0.01738819876817319,0.01871004771341812
 Sample-based diagonalization: carryover bitstrings = [], size = 0
