 Elapsed time for helper construction 0.288938 (sec) 
 Elapsed time for init 0.002689 (sec) 
 Elapsed time for makeQChamDiagTerms 0.866733 (sec) 
 Davidson iteration 0.0 (tol=0.5140401604109434): -103.2282722327849
 Davidson iteration 0.1 (tol=0.1774198980756659): -103.34665353927 -101.1036977522373
 Davidson iteration 0.2 (tol=0.05504997990571111): -103.3565702968294 -101.5212181125488 -100.1499635757828
 Davidson iteration 0.3 (tol=0.01916951782016779): -103.3573704159973 -101.6060311127707 -100.3805752558848 -100.0218414742018
 Davidson iteration 0.4 (tol=0.00615910761682492): -103.3574683426771 -101.7154295814508 -100.7229449672917 -100.1276106928315
 Davidson iteration 0.5 (tol=0.002178483812348999): -103.3574786548973 -101.8828067021755 -101.1914228286789 -100.2431884370661
 Davidson iteration 0.6 (tol=0.0008140880772893688): -103.3574800818299 -102.1229155995464 -101.4512719778876 -100.4520895018827
 Davidson iteration 0.7 (tol=0.0003163898436514066): -103.3574802695473 -102.3487877958106 -101.5709971865508 -100.6038647387403
 Davidson iteration 1.0 (tol=0.0003163898436528343): -103.3574802695474
 Davidson iteration 1.1 (tol=0.0001411211800695859): -103.3574802937811 -100.4097951765228
 Davidson iteration 1.2 (tol=6.008184705944808e-05): -103.3574803009423 -102.1711908916249 -98.19834122254365
 Davidson iteration 1.3 (tol=2.343072712925942e-05): -103.3574803020501 -102.5376851267919 -99.97198285803823 -97.65194477608698
 Davidson iteration 1.4 (tol=8.035653946271822e-06): -103.3574803021952 -102.6709413265016 -99.99263542808058 -99.72809592358342
 Elapsed time for davidson 8.269584 (sec) 
 Elapsed time for diagonalization 8.269701 (sec) 
 Elapsed time for mult 0.432025 (sec) 
 Energy = -103.3574803021953
 Elapsed time for measurement 1.145797 (sec) 
 Sample-based diagonalization: Energy = -103.3574803021953
 Sample-based diagonalization: density = [1.999988246371582,1.98831746239343,1.986856131556656,1.989826529134429,1.978487884665987,1.98097621660813,1.976339582225988,1.976357227985632,1.986908554378915,0.01997024931199057,0.02476913692434721,0.01986417730220703,0.02027863475420813,0.02063477129115074,0.020275237556063,0.01014995753453198
 Sample-based diagonalization: carryover bitstrings = [], size = 0
 Elapse time for dumping one-particle rdm = 0.00091
 Elapse time for dumping two-particle rdm = 0.060008
 Zero-Body energy = 0
 One-Body energy = -165.3499022533126
 Two-Body energy = 61.99242195114912
 One-Body + Two-Body energy = -103.3574803021635
 Zero-Body + One-Body + Two-Body energy = -103.3574803021635
