 Elapsed time for helper construction 1.376503 (sec) 
 Elapsed time for init 0.047833 (sec) 
 Elapsed time for makeQChamDiagTerms 12.830395 (sec) 
 Davidson iteration 0.0 (tol=0.6232272981086875): -123.7149162614805
 Davidson iteration 0.1 (tol=0.1464369296253315): -123.8920739058868 -121.6170475768355
 Davidson iteration 0.2 (tol=0.02751566799250704): -123.8994702988155 -121.8923968767361 -121.0042036974125
 Davidson iteration 0.3 (tol=0.006706028148088889): -123.8997325211715 -121.9999771494802 -121.3875228549101 -120.9755638735476
 Davidson iteration 0.4 (tol=0.001806648822496914): -123.8997495998984 -122.2011187173582 -121.6380604739965 -121.2426716566036
 Davidson iteration 0.5 (tol=0.0004558182417343686): -123.8997507485142 -122.4194841757473 -121.8003360375189 -121.2448272171894
 Davidson iteration 0.6 (tol=0.000109129343404773): -123.8997508176169 -122.5407049515404 -121.8930431165798 -121.3502002204252
 Davidson iteration 0.7 (tol=2.870983618042592e-05): -123.8997508215692 -122.603992035754 -121.9839712686375 -121.5286195542993
 Davidson iteration 1.0 (tol=2.870983617782316e-05): -123.8997508215697
 Davidson iteration 1.1 (tol=9.907675547361898e-06): -123.8997508218444 -121.4514012196253
 Elapsed time for davidson 51.571469 (sec) 
 Elapsed time for diagonalization 51.57579399999999 (sec) 
 Elapsed time for mult 1.676549 (sec) 
 Energy = -123.8997508218458
 Elapsed time for measurement 0.125421 (sec) 
 Sample-based diagonalization: Energy = -123.8997508218458
 Sample-based diagonalization: density = [1.999972388208657,1.99052635604098,1.989840651664555,1.987051661597753,1.983187066643467,1.984016756353013,1.983214661755641,1.980783522864505,1.982929562511437,1.979735114547828,1.976959877918518,1.986965729057001,0.007309151286747283,0.01812047051786781,0.01533613959130285,0.01911184627463641,0.0106575260043554,0.01706076784274346,0.01257886315209083,0.01480403503440429,0.01510962134412029,0.01532208461640247,0.01378658800570674,0.01561955678174519
 Sample-based diagonalization: carryover bitstrings = [], size = 0
