 Elapsed time for helper construction 0.203004 (sec) 
 Elapsed time for init 0.00532 (sec) 
 Elapsed time for makeQChamDiagTerms 0.7230679999999999 (sec) 
 Davidson iteration 0.0 (tol=0.4920380843035202): -126.5401293180421
 Davidson iteration 0.1 (tol=0.1672075012193505): -126.6508314037014 -124.4538140247036
 Davidson iteration 0.2 (tol=0.06043295271344291): -126.6597162740203 -124.8634341527261 -123.5911865379914
 Davidson iteration 0.3 (tol=0.02080240654689801): -126.6607123471101 -124.9605121458864 -123.7224830576263 -123.3024857452576
 Davidson iteration 0.4 (tol=0.007290078531240155): -126.6608226840912 -125.0478263646081 -124.0524508025548 -123.3988289442354
 Davidson iteration 0.5 (tol=0.002616971598616651): -126.6608368335577 -125.2033878118703 -124.4375443836284 -123.6205660714651
 Davidson iteration 0.6 (tol=0.001054192806565475): -126.6608386507338 -125.3951885676975 -124.6926888831317 -123.6444357448173
 Davidson iteration 0.7 (tol=0.0003801233535950668): -126.6608389231635 -125.5548888014941 -124.8319987136883 -123.8543132100425
 Davidson iteration 1.0 (tol=0.000380123353595994): -126.6608389231639
 Davidson iteration 1.1 (tol=0.0001749410195143716): -126.6608389566574 -123.3202663948289
 Davidson iteration 1.2 (tol=7.101154570814634e-05): -126.6608389655277 -125.1838020428234 -120.4211754169098
 Davidson iteration 1.3 (tol=2.988158184553183e-05): -126.6608389670079 -125.6761066142511 -123.0310465301055 -119.4403069858532
 Davidson iteration 1.4 (tol=1.089792643428423e-05): -126.6608389672238 -125.8544340987238 -123.41000474424 -122.0472916428031
 Davidson iteration 1.5 (tol=4.019866459067203e-06): -126.6608389672543 -125.9243596748882 -123.9506453880474 -123.2439804681358
 Elapsed time for davidson 6.907324 (sec) 
 Elapsed time for diagonalization 6.907413 (sec) 
 Elapsed time for mult 0.23779 (sec) 
 Energy = -126.6608389672534
 Elapsed time for measurement 0.009864999999999999 (sec) 
 Sample-based diagonalization: Energy = -126.6608389672534
 Sample-based diagonalization: density = [1.999996306150599,1.991905771648647,1.985957624691041,1.979690115663323,1.980844529231599,1.977725890866392,1.988702079956207,1.991628181244165,1.986311364634915,1.988046732441119,0.0263418220937834,0.02038501236685036,0.02022477124314762,0.02035057940114725,0.01724394801467781,0.02464527032061725
 Sample-based diagonalization: carryover bitstrings = [], size = 0
