 Elapsed time for helper construction 1.007888 (sec) 
 Elapsed time for init 0.012183 (sec) 
 Elapsed time for makeQChamDiagTerms 6.959041999999999 (sec) 
 Davidson iteration 0.0 (tol=0.5731787732106937): -133.8749567608263
 Davidson iteration 0.1 (tol=0.122752088210645): -134.0258580780102 -131.8113250628184
 Davidson iteration 0.2 (tol=0.02786976126680502): -134.0312466409855 -132.0999996199411 -131.4178070104325
 Davidson iteration 0.3 (tol=0.007160682891804639): -134.0315207522622 -132.1639952894759 -131.6006060378196 -131.414553876522
 Davidson iteration 0.4 (tol=0.0020498066551963): -134.031540194957 -132.404113970443 -131.8009501263573 -131.5431336075046
 Davidson iteration 0.5 (tol=0.0005806808851043611): -134.0315417290327 -132.7151097559738 -131.9568304762614 -131.5997203481583
 Davidson iteration 0.6 (tol=0.000154094206686214): -134.0315418428351 -132.8525434048436 -132.0295916003462 -131.6472579235682
 Davidson iteration 0.7 (tol=4.152433247318154e-05): -134.0315418509135 -132.9503186318738 -132.1354273652874 -131.6973480197292
 Davidson iteration 1.0 (tol=4.152433247390727e-05): -134.0315418509125
 Davidson iteration 1.1 (tol=1.458366409632015e-05): -134.0315418514858 -131.6911733527167
 Davidson iteration 1.2 (tol=4.738650840157111e-06): -134.0315418515782 -132.7190141905234 -130.6469136601005
 Elapsed time for davidson 26.064922 (sec) 
 Elapsed time for diagonalization 26.065081 (sec) 
 Elapsed time for mult 0.699159 (sec) 
 Energy = -134.0315418515802
 Elapsed time for measurement 0.07227399999999999 (sec) 
 Sample-based diagonalization: Energy = -134.0315418515802
 Sample-based diagonalization: density = [1.999975225864236,1.99342051187655,1.990823539686552,1.98674356328825,1.9824560078412,1.984228442554829,1.986423071198856,1.977983280350664,1.982826472377847,1.981931890896083,1.99195615256158,1.991104710230656,0.004097801091777714,0.02339382100990005,0.01849552445543939,0.02208940782926069,0.0180476186362165,0.01461545013221004,0.02081256254338482,0.01316876149529348,0.01540618380209271
 Sample-based diagonalization: carryover bitstrings = [], size = 0
