 Elapsed time for helper construction 1.142422 (sec) 
 Elapsed time for init 0.013634 (sec) 
 Elapsed time for makeQChamDiagTerms 7.400682 (sec) 
 Davidson iteration 0.0 (tol=0.5931267028597393): -129.7995430175619
 Davidson iteration 0.1 (tol=0.1680180422673959): -129.9624724237831 -127.7549227475967
 Davidson iteration 0.2 (tol=0.04486232936499529): -129.9720150528861 -128.0944252001075 -127.0798418994361
 Davidson iteration 0.3 (tol=0.01311949730231733): -129.9726298286176 -128.1629496345445 -127.2254548072263 -127.0041209361794
 Davidson iteration 0.4 (tol=0.004290419087780654): -129.972686012628 -128.3076399672107 -127.6032929805244 -127.0069824835985
 Davidson iteration 0.5 (tol=0.001459964135521476): -129.9726924162463 -128.6363139480793 -127.9221409695176 -127.2074887439263
 Davidson iteration 0.6 (tol=0.0004701998674923259): -129.9726931552956 -128.8752393404746 -128.0472184410002 -127.2700900206757
 Davidson iteration 0.7 (tol=0.0001621369663062905): -129.9726932270144 -129.0049327950133 -128.1601778949722 -127.5324895762835
 Davidson iteration 1.0 (tol=0.0001621369663066857): -129.9726932270132
 Davidson iteration 1.1 (tol=6.727632911616741e-05): -129.9726932347041 -127.2770560362778
 Davidson iteration 1.2 (tol=2.562078662373687e-05): -129.9726932365533 -128.7012495931438 -125.7213713557024
 Davidson iteration 1.3 (tol=9.312918083549078e-06): -129.9726932367755 -129.0264263478973 -126.8690048629171 -125.49072207422
 Elapsed time for davidson 34.32053399999999 (sec) 
 Elapsed time for diagonalization 34.320625 (sec) 
 Elapsed time for mult 0.99922 (sec) 
 Energy = -129.9726932367759
 Elapsed time for measurement 0.076724 (sec) 
 Sample-based diagonalization: Energy = -129.9726932367759
 Sample-based diagonalization: density = [1.999970993199485,1.993241082010988,1.989197950203931,1.985401107610563,1.981719698910428,1.981546263421631,1.97518870028446,1.980414159157951,1.984617778302406,1.987251780596419,1.989196217420476,1.977779728791651,0.01538200400586326,0.02434110671356101,0.0218062828289998,0.02063927407755763,0.02156122879327507,0.01984198774382027,0.01860270754306984,0.01743952495492456,0.01486042309944153
 Sample-based diagonalization: carryover bitstrings = [], size = 0
