 Elapsed time for helper construction 0.370612 (sec) 
 Elapsed time for init 0.009339999999999999 (sec) 
 Elapsed time for makeQChamDiagTerms 1.345626 (sec) 
 Davidson iteration 0.0 (tol=0.5562042582772617): -108.8626716049342
 Davidson iteration 0.1 (tol=0.2095952908503815): -108.9885256116797 -106.768487760303
 Davidson iteration 0.2 (tol=0.08104794027918623): -109.0011819787758 -107.1377655055945 -106.067867213617
 Davidson iteration 0.3 (tol=0.02564919605779305): -109.0029997031489 -107.2970469319482 -106.0717706176743 -105.8244111489662
 Davidson iteration 0.4 (tol=0.008959772331281099): -109.0031843693902 -107.5844925944989 -106.3665435268585 -105.9694192903318
 Davidson iteration 0.5 (tol=0.003439462987109304): -109.0032089685074 -107.9263508999952 -106.8208262544143 -106.1437252970053
 Davidson iteration 0.6 (tol=0.001304069620084983): -109.0032125600177 -108.1385921305656 -106.9450999780569 -106.5862955969778
 Davidson iteration 0.7 (tol=0.0005140778580956682): -109.0032130435836 -108.2691753111294 -107.1702424093209 -106.6265934950948
 Davidson iteration 1.0 (tol=0.0005140778580958289): -109.0032130435838
 Davidson iteration 1.1 (tol=0.0002235548019658767): -109.003213108759 -106.4075093599264
 Davidson iteration 1.2 (tol=9.640250826745636e-05): -109.0032131274081 -107.9531513480485 -104.6450832716467
 Davidson iteration 1.3 (tol=3.85982976765163e-05): -109.0032131302219 -108.3180407721321 -106.1069668501928 -104.4897309588067
 Davidson iteration 1.4 (tol=1.409370333533743e-05): -109.0032131306556 -108.4604565442922 -106.6675677720795 -105.4955672742891
 Davidson iteration 1.5 (tol=5.065095804041467e-06): -109.0032131307174 -108.5261511230897 -106.906972757794 -106.4622376722137
 Elapsed time for davidson 12.285141 (sec) 
 Elapsed time for diagonalization 12.285296 (sec) 
 Elapsed time for mult 0.574318 (sec) 
 Energy = -109.0032131307166
 Elapsed time for measurement 0.019804 (sec) 
 Sample-based diagonalization: Energy = -109.0032131307166
 Sample-based diagonalization: density = [1.999986337815617,1.991976062977977,1.988635448286068,1.98389748506503,1.979673472399103,1.980193748826903,1.976131060789112,1.992514216586483,1.955339618235059,0.06512743960693446,0.02029439299189022,0.01090166868325641,0.01310292990780247,0.0150452470542249,0.01447724949810194,0.01270362120224365
 Sample-based diagonalization: carryover bitstrings = [], size = 0
