 Elapsed time for helper construction 1.303245 (sec) 
 Elapsed time for init 0.020021 (sec) 
 Elapsed time for makeQChamDiagTerms 15.386599 (sec) 
 Davidson iteration 0.0 (tol=0.6526914603064846): -147.7630023632359
 Davidson iteration 0.1 (tol=0.1556486035096395): -147.9706334381346 -146.1719503499434
 Davidson iteration 0.2 (tol=0.038242127950207): -147.9820717155604 -146.3157511987307 -146.1464288245249
 Davidson iteration 0.3 (tol=0.009189579496850189): -147.9827568654469 -146.3642095619971 -146.3152356470461 -146.0399107260687
 Davidson iteration 0.4 (tol=0.0027582715761425): -147.9828005871952 -146.692933000734 -146.3254642184699 -146.1971852265871
 Davidson iteration 0.5 (tol=0.0008438261758513466): -147.9828049881194 -147.0498100339334 -146.4659670695517 -146.3223351056874
 Davidson iteration 0.6 (tol=0.0002304058144456815): -147.9828053522214 -147.2029196929367 -146.5174120288004 -146.3302446974571
 Davidson iteration 0.7 (tol=6.708361949185409e-05): -147.9828053816231 -147.3187535872148 -146.6331406742947 -146.4683832761714
 Davidson iteration 1.0 (tol=6.708361949702973e-05): -147.9828053816236
 Davidson iteration 1.1 (tol=2.178655709716692e-05): -147.9828053838917 -146.5392313433954
 Davidson iteration 1.2 (tol=8.268333832861809e-06): -147.9828053842768 -147.2397123133601 -146.2076229468864
 Elapsed time for davidson 43.576536 (sec) 
 Elapsed time for diagonalization 43.576696 (sec) 
 Elapsed time for mult 1.019425 (sec) 
 Energy = -147.9828053842757
 Elapsed time for measurement 0.140351 (sec) 
 Sample-based diagonalization: Energy = -147.9828053842757
 Sample-based diagonalization: density = [1.999982408037988,1.991864947336479,1.991292262172905,1.988348064965088,1.991595674386827,1.987345977891942,1.985365032802289,1.985714016466566,1.982689889910334,1.98266175436741,1.979145749136188,1.987697903897543,1.939524784379138,1.961477563572525,0.0457155118460644,0.06134415804664268,0.02760506330099689,0.0138652995523405,0.01143724305057396,0.01690558343622996,0.01329612351662202,0.01099004155606724,0.01185799429792421,0.01064017877851142,0.01110435244414683,0.01053242055261745
 Sample-based diagonalization: carryover bitstrings = [], size = 0
