 Elapsed time for helper construction 0.305864 (sec) 
 Elapsed time for init 0.005784 (sec) 
 Elapsed time for makeQChamDiagTerms 0.8067449999999999 (sec) 
 Davidson iteration 0.0 (tol=0.5962562264299728): -110.6079254890351
 Davidson iteration 0.1 (tol=0.2615955848398471): -110.7541192845427 -108.5612344399598
 Davidson iteration 0.2 (tol=0.1161422441351893): -110.7737489647108 -109.0080494175076 -107.6726566859153
 Davidson iteration 0.3 (tol=0.04322804950979796): -110.7775093349328 -109.2347026645763 -107.8495990267679 -107.1734731210006
 Davidson iteration 0.4 (tol=0.01847014738394321): -110.7779688007712 -109.4429753765509 -108.1007514404637 -107.6089470077037
 Davidson iteration 0.5 (tol=0.007062104195174798): -110.7780664481057 -109.7449639361097 -108.463005122983 -107.6750665344893
 Davidson iteration 0.6 (tol=0.003174117282441509): -110.7780805658938 -109.9364171302475 -108.717161096663 -107.6866366518428
 Davidson iteration 0.7 (tol=0.00124035265276318): -110.7780833043555 -110.0352983913242 -108.9591439428674 -108.1784081618526
 Davidson iteration 1.0 (tol=0.001240352652761843): -110.7780833043556
 Davidson iteration 1.1 (tol=0.0005797861021094121): -110.778083682504 -107.8700507196535
 Davidson iteration 1.2 (tol=0.0002982274874313514): -110.7780837920966 -109.4256951517832 -106.4156644956784
 Davidson iteration 1.3 (tol=0.0001331278676555674): -110.7780838170705 -109.9471628501424 -107.1456757821597 -105.3038999070866
 Davidson iteration 1.4 (tol=5.506735985130832e-05): -110.7780838212558 -110.0946709370323 -107.1571530750439 -106.8084878346725
 Davidson iteration 1.5 (tol=2.157113581943453e-05): -110.7780838220727 -110.1911105445818 -108.2730133070275 -107.1091436980741
 Davidson iteration 1.6 (tol=9.322572786520069e-06): -110.7780838221997 -110.2353302507245 -108.9860084924604 -107.3513431082596
 Elapsed time for davidson 8.516905 (sec) 
 Elapsed time for diagonalization 8.516969999999999 (sec) 
 Elapsed time for mult 0.319949 (sec) 
 Energy = -110.7780838221992
 Elapsed time for measurement 0.011321 (sec) 
 Sample-based diagonalization: Energy = -110.7780838221992
 Sample-based diagonalization: density = [1.999987008314292,1.990367948582658,1.987311806991519,1.981678598080213,1.979413556543817,1.978403120518419,1.965357445463713,1.985607539031898,1.932425498569466,0.09965498323115028,0.01958320425323398,0.02199833681245789,0.01965277470773414,0.02074565343241423,0.01781252542585391
 Sample-based diagonalization: carryover bitstrings = [], size = 0
