 Elapsed time for helper construction 1.148218 (sec) 
 Elapsed time for init 0.017696 (sec) 
 Elapsed time for makeQChamDiagTerms 12.429073 (sec) 
 Davidson iteration 0.0 (tol=0.6269331800696908): -166.423523645023
 Davidson iteration 0.1 (tol=0.1620633808409516): -166.594670985851 -164.4255241540238
 Davidson iteration 0.2 (tol=0.04790973744163014): -166.6046217517919 -164.7975043381136 -164.2190220942948
 Davidson iteration 0.3 (tol=0.01262652706837426): -166.6055233665761 -164.9425617411891 -164.3841025772136 -164.2181471681006
 Davidson iteration 0.4 (tol=0.004333548467318346): -166.6055884748308 -165.2575869150942 -164.4360733707392 -164.2437965459378
 Davidson iteration 0.5 (tol=0.001420026907716625): -166.6055974361169 -165.7044237566226 -164.5288444392078 -164.3900577163431
 Davidson iteration 0.6 (tol=0.0004285337222011417): -166.6055983020036 -165.8404550084798 -164.7245920699403 -164.4140087399282
 Davidson iteration 0.7 (tol=0.0001542447723314374): -166.6055983912813 -165.9953640064724 -165.2320282664374 -164.4644175128315
 Davidson iteration 1.0 (tol=0.0001542447723391202): -166.6055983912823
 Davidson iteration 1.1 (tol=5.020227998468109e-05): -166.605598400376 -164.5632171625389
 Davidson iteration 1.2 (tol=2.150898973082069e-05): -166.6055984021903 -165.7748497489336 -164.4715194608039
 Davidson iteration 1.3 (tol=6.335717115318208e-06): -166.605598402378 -165.9440589257494 -164.5387881268327 -164.0601408959229
 Elapsed time for davidson 39.110315 (sec) 
 Elapsed time for diagonalization 39.110439 (sec) 
 Elapsed time for mult 0.9834539999999999 (sec) 
 Energy = -166.605598402376
 Elapsed time for measurement 0.103241 (sec) 
 Sample-based diagonalization: Energy = -166.605598402376
 Sample-based diagonalization: density = [1.999975311989206,1.994514115144247,1.993544827730423,1.993867136784385,1.988282049769443,1.988623310814496,1.987164338310238,1.982578049072499,1.98760154405741,1.986821861372477,1.972326943191258,1.99563810189842,1.985533278262565,1.96281374366124,0.06837409467530758,0.01713049640170741,0.01032161594870278,0.01788757624388504,0.006144382133932365,0.01232531629287926,0.007334899781493544,0.01162545675805231,0.0152388252452286,0.01433272412681746
 Sample-based diagonalization: carryover bitstrings = [], size = 0
