 Elapsed time for helper construction 0.419587 (sec) 
 Elapsed time for init 0.003751 (sec) 
 Elapsed time for makeQChamDiagTerms 1.804705 (sec) 
 Davidson iteration 0.0 (tol=0.5453403742513016): -150.6743083343813
 Davidson iteration 0.1 (tol=0.2402040050183378): -150.797327396819 -148.6380732334886
 Davidson iteration 0.2 (tol=0.1080997640693326): -150.8139191137231 -149.1052770082474 -147.6669767617768
 Davidson iteration 0.3 (tol=0.04246868339580866): -150.8173036505854 -149.3504380978816 -148.0791242624192 -147.2681769605353
 Davidson iteration 0.4 (tol=0.01716354143601628): -150.8177533162306 -149.5320041847911 -148.3990463540093 -147.6673076118774
 Davidson iteration 0.5 (tol=0.006462260712201536): -150.8178400215951 -149.7816673556942 -148.6446418494594 -147.8736705230382
 Davidson iteration 0.6 (tol=0.003033594532524171): -150.81785040992 -149.9053280030691 -148.8206751692217 -147.8977238402977
 Davidson iteration 0.7 (tol=0.001177931444008582): -150.8178527563435 -150.0168859545496 -149.1245099798466 -148.1834641264013
 Davidson iteration 1.0 (tol=0.001177931443999623): -150.8178527563442
 Davidson iteration 1.1 (tol=0.0005813017796262314): -150.8178530927491 -148.383943096647
 Davidson iteration 1.2 (tol=0.000295759598640175): -150.8178532051967 -149.6053666857858 -146.4460705046058
 Davidson iteration 1.3 (tol=0.0001267877216380991): -150.8178532316372 -150.0660937725124 -147.4482336784955 -145.9913087708644
 Davidson iteration 1.4 (tol=5.341111386679694e-05): -150.817853235581 -150.2303634814675 -147.5323458077807 -147.3808198416805
 Davidson iteration 1.5 (tol=2.166835633078744e-05): -150.8178532363306 -150.284214539651 -148.1739724455879 -147.4323375788057
 Davidson iteration 1.6 (tol=9.517758410882468e-06): -150.8178532364571 -150.3315379109633 -148.8552686747139 -147.6667172226403
 Elapsed time for davidson 17.158099 (sec) 
 Elapsed time for diagonalization 17.158217 (sec) 
 Elapsed time for mult 0.6570739999999999 (sec) 
 Energy = -150.8178532364554
 Elapsed time for measurement 2.397697 (sec) 
 Sample-based diagonalization: Energy = -150.8178532364554
 Sample-based diagonalization: density = [1.999996464260798,1.99797440439578,1.992680645661812,1.990484854161374,1.990172374740985,1.98673912563025,1.986477366828008,1.97534531390292,1.978668240886619,1.979592579156879,1.949490896990444,0.09156736388904764,0.02575485198080514,0.00658582917359174,0.007181105846520791,0.02399096188791927,0.01729762058097949
 Sample-based diagonalization: carryover bitstrings = [], size = 0
 Elapse time for dumping one-particle rdm = 0.000481
 Elapse time for dumping two-particle rdm = 0.07442399999999999
 Zero-Body energy = 0
 One-Body energy = -244.6666769724519
 Two-Body energy = 93.84882373617582
 One-Body + Two-Body energy = -150.8178532362761
 Zero-Body + One-Body + Two-Body energy = -150.8178532362761
