 Elapsed time for helper construction 1.577964 (sec) 
 Elapsed time for init 0.015759 (sec) 
 Elapsed time for makeQChamDiagTerms 11.15498 (sec) 
 Davidson iteration 0.0 (tol=0.6620955925650355): -155.1468907124488
 Davidson iteration 0.1 (tol=0.282687771523395): -155.3321662746097 -153.1446423164847
 Davidson iteration 0.2 (tol=0.1204590934919612): -155.3568024083969 -153.5400552294919 -152.3912103786018
 Davidson iteration 0.3 (tol=0.04185526193759111): -155.3612405494022 -153.7639695320231 -152.4564833989565 -152.1616681711994
 Davidson iteration 0.4 (tol=0.01801162408096722): -155.3617921727238 -154.0477861805098 -152.711148039678 -152.3717622372565
 Davidson iteration 0.5 (tol=0.007434141420185298): -155.3619101221948 -154.4137891953121 -153.1449504711651 -152.4286281606888
 Davidson iteration 0.6 (tol=0.003324321378239071): -155.3619289694641 -154.5996224280997 -153.3935918046077 -152.4321813370419
 Davidson iteration 0.7 (tol=0.001418523662737581): -155.3619325923953 -154.6854359708746 -153.5990430561896 -152.8661217374413
 Davidson iteration 1.0 (tol=0.001418523662738754): -155.3619325923935
 Davidson iteration 1.1 (tol=0.0007242256536452263): -155.3619331730062 -152.7773012507904
 Davidson iteration 1.2 (tol=0.0003894121966462375): -155.361933393882 -154.303291379438 -150.8657651451081
 Davidson iteration 1.3 (tol=0.0001752306865230718): -155.3619334495999 -154.7046613635768 -152.3353658379597 -150.4582583212722
 Davidson iteration 1.4 (tol=7.967445749343408e-05): -155.3619334601406 -154.8562831530228 -152.776522774578 -152.0949716557449
 Davidson iteration 1.5 (tol=3.832958006459091e-05): -155.361933462602 -154.9524812577366 -153.7603074958865 -152.2557034868591
 Davidson iteration 1.6 (tol=1.937783791071143e-05): -155.3619334631696 -155.0137304179472 -154.287555503533 -152.7257932834595
 Davidson iteration 1.7 (tol=9.321100997896216e-06): -155.3619334633254 -155.057459468764 -154.508450030707 -152.9129038552232
 Elapsed time for davidson 69.305843 (sec) 
 Elapsed time for diagonalization 69.306156 (sec) 
 Elapsed time for mult 1.931092 (sec) 
 Energy = -155.3619334633283
 Elapsed time for measurement 0.10807 (sec) 
 Sample-based diagonalization: Energy = -155.3619334633283
 Sample-based diagonalization: density = [1.999988637814703,1.990611258067189,1.990063989274133,1.991703726246208,1.982254925056927,1.980476720309459,1.98375232511501,1.988794631096564,1.988010030502668,1.978953039190276,1.965672013492278,1.986108347109901,1.92503968347146,0.108081013878378,0.02521658435103624,0.02002584968478201,0.01217402625348914,0.01506062845926976,0.01989503295972679,0.01061945106304097,0.01969379863364118,0.01780428754595102
 Sample-based diagonalization: carryover bitstrings = [], size = 0
