 Elapsed time for helper construction 1.113515 (sec) 
 Elapsed time for init 0.043736 (sec) 
 Elapsed time for makeQChamDiagTerms 21.393491 (sec) 
 Davidson iteration 0.0 (tol=0.466713219781244): -192.8346779173726
 Davidson iteration 0.1 (tol=0.0850541066772954): -192.9638391390241 -191.6128888776426
 Davidson iteration 0.2 (tol=0.01634649197620838): -192.9688059234404 -191.7572487915021 -191.6103592479978
 Davidson iteration 0.3 (tol=0.004434805501690786): -192.9689893121572 -192.0649768888817 -191.6785096812632 -191.2555283880626
 Davidson iteration 0.4 (tol=0.001171230058104694): -192.9690018533593 -192.2073844137355 -191.7044302973526 -191.4571761490209
 Davidson iteration 0.5 (tol=0.0002475669718139544): -192.9690026683345 -192.2886110738373 -191.7077594814549 -191.4680042164884
 Davidson iteration 0.6 (tol=5.445819744197378e-05): -192.9690027043309 -192.3364999574924 -191.7077628011645 -191.566407853277
 Davidson iteration 0.7 (tol=1.626665993201446e-05): -192.9690027065427 -192.361196795908 -192.0527650245429 -191.6947849454321
 Davidson iteration 1.0 (tol=1.626665993402278e-05): -192.9690027065403
 Davidson iteration 1.1 (tol=6.626630418353632e-06): -192.9690027067748 -192.210586081935
 Elapsed time for davidson 49.845274 (sec) 
 Elapsed time for diagonalization 49.846843 (sec) 
 Elapsed time for mult 0.929465 (sec) 
 Energy = -192.969002706776
 Elapsed time for measurement 0.150144 (sec) 
 Sample-based diagonalization: Energy = -192.969002706776
 Sample-based diagonalization: density = [1.999993932599052,1.998986839804339,1.996009156066059,1.996210343867395,1.99608903107568,1.997283328445158,1.994481415299091,1.994234767543431,1.995081201119382,1.993513508346043,1.994145877025435,1.993509493065232,1.99611259417444,1.995282667188803,1.981186652737936,1.924588301049839,1.94800664539836,0.07945637595025221,0.05480342381793886,0.01719259890548011,0.004041518506770218,0.005448061128331507,0.004198252056456922,0.005241638557765148,0.005720965888316859,0.003170721753374886,0.003061484512526605,0.005146478120872025,0.004589853337675432,0.003453636403719743,0.004164776911461329,0.003279534977637032,0.002314924283102436
 Sample-based diagonalization: carryover bitstrings = [], size = 0
