 Elapsed time for helper construction 1.173157 (sec) 
 Elapsed time for init 0.036744 (sec) 
 Elapsed time for makeQChamDiagTerms 4.736762 (sec) 
 Davidson iteration 0.0 (tol=0.6832761598934752): -146.8073398689077
 Davidson iteration 0.1 (tol=0.3024068796459701): -147.0108979136359 -144.9300615175581
 Davidson iteration 0.2 (tol=0.1318434190270875): -147.0390015002712 -145.2198604491959 -144.048000189747
 Davidson iteration 0.3 (tol=0.04363100492586875): -147.0438564615477 -145.3349205659045 -144.2654415728295 -143.8294564765258
 Davidson iteration 0.4 (tol=0.0169048459029995): -147.0444698935818 -145.6126855676503 -144.3720295104652 -144.09454092701
 Davidson iteration 0.5 (tol=0.006692802672094098): -147.0445541625129 -145.9203936893305 -144.8393698020797 -144.2694631114508
 Davidson iteration 0.6 (tol=0.002339699650293597): -147.0445684206245 -146.0655336434964 -145.0115037316109 -144.589732918006
 Davidson iteration 0.7 (tol=0.0009457725703449205): -147.0445700866699 -146.1729882637936 -145.135035181157 -144.7467063618376
 Davidson iteration 1.0 (tol=0.0009457725703467475): -147.0445700866665
 Davidson iteration 1.1 (tol=0.0004304703288273514): -147.0445703051711 -143.8299462268504
 Davidson iteration 1.2 (tol=0.0001847590384093256): -147.0445703769947 -145.7445174736916 -141.9485442896887
 Davidson iteration 1.3 (tol=7.77155023837283e-05): -147.0445703881439 -146.1404868977027 -143.5473149790647 -141.7306685594589
 Davidson iteration 1.4 (tol=3.000710325842063e-05): -147.04457038993 -146.3214696236695 -144.0662209399259 -143.1749944666276
 Davidson iteration 1.5 (tol=1.220382663136545e-05): -147.0445703902094 -146.4077732319973 -144.7895630721513 -143.6308755018982
 Davidson iteration 1.6 (tol=4.595880394123975e-06): -147.0445703902499 -146.4413939101102 -145.286366791982 -143.6328036785196
 Elapsed time for davidson 64.754272 (sec) 
 Elapsed time for diagonalization 64.754447 (sec) 
 Elapsed time for mult 1.982146 (sec) 
 Energy = -147.0445703902485
 Elapsed time for measurement 0.089139 (sec) 
 Sample-based diagonalization: Energy = -147.0445703902485
 Sample-based diagonalization: density = [1.999973818338839,1.992928344878234,1.991972078144817,1.993179057047456,1.984381312301513,1.984923395816744,1.984088815618143,1.976083224388448,1.982607136691476,1.976192444402319,1.982656336878204,1.889661635638449,1.983170451715475,0.1196732623385058,0.02643323460064517,0.02220012652089106,0.02223158091647167,0.01712223451617407,0.01074329686766517,0.01841334866507,0.01991367262569792,0.02145119094222364
 Sample-based diagonalization: carryover bitstrings = [], size = 0
