 Elapsed time for helper construction 1.512926 (sec) 
 Elapsed time for init 0.049127 (sec) 
 Elapsed time for makeQChamDiagTerms 13.773157 (sec) 
 Davidson iteration 0.0 (tol=0.6675047856075662): -138.9560700586217
 Davidson iteration 0.1 (tol=0.2133590329287971): -139.1523051381697 -136.8860562192052
 Davidson iteration 0.2 (tol=0.07212410028790908): -139.1665302485439 -137.2005723313802 -136.1472738752282
 Davidson iteration 0.3 (tol=0.02018217278990586): -139.1681477761535 -137.33461623768 -136.3647262267281 -136.0788815457263
 Davidson iteration 0.4 (tol=0.007186761731525615): -139.1683003156512 -137.6600597307395 -136.7375490836739 -136.1872211852985
 Davidson iteration 0.5 (tol=0.002524301054702494): -139.1683171664005 -137.9391832968838 -136.9631358072328 -136.3629056070433
 Davidson iteration 0.6 (tol=0.0007189863030890006): -139.16831928989 -138.0741842203953 -137.0983078049025 -136.3637915825048
 Davidson iteration 0.7 (tol=0.0002282910844855621): -139.1683194747915 -138.1785226698071 -137.3458877975208 -136.6938881466713
 Davidson iteration 1.0 (tol=0.0002282910844856007): -139.1683194747924
 Davidson iteration 1.1 (tol=9.459534249624774e-05): -139.1683194927387 -137.0061947761507
 Davidson iteration 1.2 (tol=4.123309097472945e-05): -139.168319497164 -138.2076155604444 -135.562476103744
 Davidson iteration 1.3 (tol=1.774790494204791e-05): -139.1683194978369 -138.5329347578742 -136.4493846460749 -135.2990780422474
 Davidson iteration 1.4 (tol=8.958765795253937e-06): -139.168319497985 -138.7007858059301 -137.3522997963366 -135.9729073279409
 Elapsed time for davidson 66.496242 (sec) 
 Elapsed time for diagonalization 66.506922 (sec) 
 Elapsed time for mult 1.96384 (sec) 
 Energy = -139.1683194979799
 Elapsed time for measurement 0.266354 (sec) 
 Sample-based diagonalization: Energy = -139.1683194979799
 Sample-based diagonalization: density = [1.99997213090567,1.992137407058125,1.990545574199166,1.987712118997287,1.98655237279687,1.982062294828409,1.980753291127692,1.982618816709411,1.978291352527056,1.979170440281124,1.95133798054079,1.987503301553067,1.988897449057405,0.05187326941819814,0.008337708344399408,0.0229464569728691,0.02292234176556859,0.02005734870662323,0.01411437728361897,0.01607486436437971,0.01318403031431332,0.01664012256708998,0.01337675608155522,0.01291819313639331
 Sample-based diagonalization: carryover bitstrings = [], size = 0
