 Elapsed time for helper construction 1.297388 (sec) 
 Elapsed time for init 0.048196 (sec) 
 Elapsed time for makeQChamDiagTerms 14.250358 (sec) 
 Davidson iteration 0.0 (tol=0.6407639425142355): -166.6729106903177
 Davidson iteration 0.1 (tol=0.2060920135199924): -166.8485451427273 -164.671905766681
 Davidson iteration 0.2 (tol=0.06559113556975604): -166.8634370745966 -165.007822203775 -164.3172177656753
 Davidson iteration 0.3 (tol=0.01730281871876307): -166.8650110272482 -165.1770939902887 -164.4653357880378 -164.293271118938
 Davidson iteration 0.4 (tol=0.006268266745288709): -166.8651303926467 -165.5262448656546 -164.5431600912437 -164.3486064172362
 Davidson iteration 0.5 (tol=0.002293161622080871): -166.8651482409669 -165.913041389073 -164.8170130946106 -164.4810633695421
 Davidson iteration 0.6 (tol=0.0007333391091108036): -166.8651503747217 -166.0595986014002 -164.8546826330459 -164.7548945058399
 Davidson iteration 0.7 (tol=0.0002576183016123997): -166.8651506118283 -166.1737332139872 -165.466367176833 -164.782818231716
 Davidson iteration 1.0 (tol=0.0002576183016123349): -166.8651506118268
 Davidson iteration 1.1 (tol=9.292889475598826e-05): -166.8651506371316 -164.91630449556
 Davidson iteration 1.2 (tol=4.326157944708e-05): -166.8651506428047 -166.0929490388751 -164.6004444337423
 Davidson iteration 1.3 (tol=1.446978112730814e-05): -166.8651506435228 -166.2587817759832 -164.6207533809329 -164.1982540304322
 Davidson iteration 1.4 (tol=5.449768487680914e-06): -166.8651506436134 -166.3775070306691 -164.8083561715747 -164.5543980187266
 Elapsed time for davidson 54.045106 (sec) 
 Elapsed time for diagonalization 54.045241 (sec) 
 Elapsed time for mult 1.285929 (sec) 
 Energy = -166.8651506436121
 Elapsed time for measurement 0.113054 (sec) 
 Sample-based diagonalization: Energy = -166.8651506436121
 Sample-based diagonalization: density = [1.999976317250049,1.994254611316447,1.993747033008217,1.996178872036761,1.989379151061472,1.986294670230783,1.988239455768237,1.985167356490859,1.98158373721292,1.984512466518322,1.974300923791303,1.995100357624775,1.984359820058557,1.950637796253903,0.07880451285302062,0.01138091047177213,0.007118116487046592,0.01881874799344826,0.004263516899782631,0.01332051780683613,0.0146454512219841,0.01514231268169988,0.01757566505919537,0.01519767952638327
 Sample-based diagonalization: carryover bitstrings = [], size = 0
