 Elapsed time for helper construction 0.338619 (sec) 
 Elapsed time for init 0.004808 (sec) 
 Elapsed time for makeQChamDiagTerms 1.590541 (sec) 
 Davidson iteration 0.0 (tol=0.5397155530556846): -153.8751579478551
 Davidson iteration 0.1 (tol=0.2207527490974659): -153.9949946302655 -151.801346904163
 Davidson iteration 0.2 (tol=0.09218623101264506): -154.0092623688481 -152.2765256085411 -150.8617763402806
 Davidson iteration 0.3 (tol=0.03204520500620561): -154.0118549234401 -152.5440335934131 -151.2845946452211 -150.5916872923675
 Davidson iteration 0.4 (tol=0.01239188980077633): -154.0121338063539 -152.7465079572736 -151.5854025596363 -150.8124418520246
 Davidson iteration 0.5 (tol=0.00460129043614821): -154.0121833066312 -153.0287453056724 -151.9024753558384 -151.1010254039413
 Davidson iteration 0.6 (tol=0.001959880991375311): -154.0121896820703 -153.1749747834088 -152.0948247403419 -151.1409669499312
 Davidson iteration 0.7 (tol=0.0007846561344473139): -154.0121909365329 -153.3247950018862 -152.4657709163236 -151.5193096138013
 Davidson iteration 1.0 (tol=0.0007846561344580367): -154.0121909365329
 Davidson iteration 1.1 (tol=0.0003718642990765659): -154.0121911034518 -151.5438948226919
 Davidson iteration 1.2 (tol=0.0001822200510887672): -154.0121911534713 -152.8985546489259 -149.7778632093419
 Davidson iteration 1.3 (tol=7.436614492046725e-05): -154.0121911640652 -153.3452432091809 -151.0520120308549 -148.9811651239866
 Davidson iteration 1.4 (tol=2.876409067129257e-05): -154.012191165544 -153.450561291715 -151.0953047400143 -150.7471094222123
 Davidson iteration 1.5 (tol=1.068678260077276e-05): -154.0121911657814 -153.4999426776013 -151.7918420385024 -151.0668425103714
 Davidson iteration 1.6 (tol=4.390779555733379e-06): -154.0121911658147 -153.5420462614159 -152.3749128170487 -151.4960487904661
 Elapsed time for davidson 12.996089 (sec) 
 Elapsed time for diagonalization 12.996189 (sec) 
 Elapsed time for mult 0.419265 (sec) 
 Energy = -154.0121911658149
 Elapsed time for measurement 0.039683 (sec) 
 Sample-based diagonalization: Energy = -154.0121911658149
 Sample-based diagonalization: density = [1.999996344488997,1.999238782909175,1.992913818337683,1.98871883496483,1.98979723368507,1.990296691220419,1.980383643722277,1.98470225537572,1.978907952838364,1.981811072204327,1.954282336779367,0.08524043263404961,0.01582725931925792,0.01557482849994015,0.002415159288718488,0.02325297136109675,0.01664038226944455
 Sample-based diagonalization: carryover bitstrings = [], size = 0
