 Elapsed time for helper construction 0.409826 (sec) 
 Elapsed time for init 0.003599 (sec) 
 Elapsed time for makeQChamDiagTerms 1.79384 (sec) 
 Davidson iteration 0.0 (tol=0.5405264922359537): -149.937727880232
 Davidson iteration 0.1 (tol=0.2372526986576736): -150.0632239906973 -147.983886839353
 Davidson iteration 0.2 (tol=0.107701101002481): -150.079745797866 -148.428984835609 -146.9974355101523
 Davidson iteration 0.3 (tol=0.04250088678389531): -150.0831789084796 -148.6583547606508 -147.3960961746078 -146.6396604726567
 Davidson iteration 0.4 (tol=0.01740227912671236): -150.0836394779268 -148.8436321268112 -147.7007023711852 -146.9599866550901
 Davidson iteration 0.5 (tol=0.006531055357585538): -150.0837282927786 -149.0817690321871 -147.9359308307457 -147.1208022266326
 Davidson iteration 0.6 (tol=0.003094337262403002): -150.083738618926 -149.2041543609718 -148.1093881092623 -147.2200332413767
 Davidson iteration 0.7 (tol=0.001185207560426328): -150.0837410526096 -149.3071205483053 -148.3598192060581 -147.4955182027813
 Davidson iteration 1.0 (tol=0.001185207560421381): -150.0837410526097
 Davidson iteration 1.1 (tol=0.0005943412240552868): -150.083741421579 -147.8107177368979
 Davidson iteration 1.2 (tol=0.0003305572545977216): -150.0837415465143 -148.9784015635771 -145.7067498751543
 Davidson iteration 1.3 (tol=0.0001443252123448771): -150.0837415795397 -149.4075828488729 -146.3188821600037 -145.4735579535879
 Davidson iteration 1.4 (tol=5.890435562529296e-05): -150.0837415846822 -149.5476988180394 -146.8794849553106 -146.2458663613828
 Davidson iteration 1.5 (tol=2.339184865620344e-05): -150.0837415856586 -149.5980107667272 -147.681629986523 -146.5536559134879
 Davidson iteration 1.6 (tol=1.125629189552768e-05): -150.0837415858252 -149.6466085551419 -148.5206060321142 -146.8606295055136
 Davidson iteration 1.7 (tol=4.784789437663569e-06): -150.0837415858605 -149.6780121209355 -149.0080360354441 -146.8861708249834
 Elapsed time for davidson 18.208111 (sec) 
 Elapsed time for diagonalization 18.208194 (sec) 
 Elapsed time for mult 0.634379 (sec) 
 Energy = -150.0837415858597
 Elapsed time for measurement 2.326849 (sec) 
 Sample-based diagonalization: Energy = -150.0837415858597
 Sample-based diagonalization: density = [1.999996708673573,1.998641408981045,1.992344455610625,1.9938833991961,1.988886510832518,1.987651977609471,1.979178535441751,1.979605488690241,1.978313746909786,1.983570496174839,1.935752872744353,0.1025909177912928,0.01131308348119071,0.01058327695276142,0.01418612578974074,0.02477846105234717,0.01872253404352397
 Sample-based diagonalization: carryover bitstrings = [], size = 0
 Elapse time for dumping one-particle rdm = 0.0009559999999999999
 Elapse time for dumping two-particle rdm = 0.07567299999999999
 Zero-Body energy = 0
 One-Body energy = -243.3648472992181
 Two-Body energy = 93.28110571354867
 One-Body + Two-Body energy = -150.0837415856694
 Zero-Body + One-Body + Two-Body energy = -150.0837415856694
