 Elapsed time for helper construction 0.241504 (sec) 
 Elapsed time for init 0.001986 (sec) 
 Elapsed time for makeQChamDiagTerms 0.556225 (sec) 
 Davidson iteration 0.0 (tol=0.5052000907048116): -121.3770033044164
 Davidson iteration 0.1 (tol=0.1809333777526316): -121.4902881874873 -119.4369198247856
 Davidson iteration 0.2 (tol=0.0771367137084346): -121.5005771236037 -119.7713405940332 -118.8750235821996
 Davidson iteration 0.3 (tol=0.02674342802377304): -121.5023360948675 -119.9091706324929 -118.9264926183562 -118.4614812010667
 Davidson iteration 0.4 (tol=0.009925400068444289): -121.5025697743367 -120.2028135302723 -119.130853088043 -118.6491896020174
 Davidson iteration 0.5 (tol=0.004068940917694874): -121.5026006786601 -120.4887473195508 -119.3358541603629 -118.655949600385
 Davidson iteration 0.6 (tol=0.001731255445798126): -121.5026053000826 -120.6620376067992 -119.5149767990121 -118.6690176926102
 Davidson iteration 0.7 (tol=0.0006857856268456186): -121.5026062009544 -120.8011035110352 -119.8053560532196 -119.0702827207581
 Davidson iteration 1.0 (tol=0.0006857856268442409): -121.5026062009541
 Davidson iteration 1.1 (tol=0.0003505360543831002): -121.5026063298042 -118.9738564346802
 Davidson iteration 1.2 (tol=0.0001799262370849342): -121.5026063735003 -120.496787081629 -116.8077242678307
 Davidson iteration 1.3 (tol=7.96544518803827e-05): -121.5026063838422 -120.909367022238 -118.5486850617647 -115.2081071023367
 Davidson iteration 1.4 (tol=2.892445075065758e-05): -121.5026063855229 -121.0128703740509 -118.5825655725261 -117.9634916329331
 Davidson iteration 1.5 (tol=1.079036480817734e-05): -121.5026063857657 -121.0526064578353 -119.1933431723405 -118.5662915978083
 Davidson iteration 1.6 (tol=4.110449835891285e-06): -121.5026063857971 -121.0628853785968 -119.7071679164889 -118.7060146320275
 Elapsed time for davidson 5.087014 (sec) 
 Elapsed time for diagonalization 5.087111 (sec) 
 Elapsed time for mult 0.159392 (sec) 
 Energy = -121.5026063857971
 Elapsed time for measurement 0.008007999999999999 (sec) 
 Sample-based diagonalization: Energy = -121.5026063857971
 Sample-based diagonalization: density = [1.999996119027381,1.991487253417609,1.988072079187013,1.979258214061652,1.986111773839527,1.986066594204894,1.97971870737,1.981879798011509,1.962679606363917,0.05458081055040127,0.02670572378643039,0.0169858019918672,0.01942167999698807,0.01681053589574187,0.01022530226433428
 Sample-based diagonalization: carryover bitstrings = [], size = 0
