 Elapsed time for helper construction 0.9040429999999999 (sec) 
 Elapsed time for init 0.013223 (sec) 
 Elapsed time for makeQChamDiagTerms 11.010093 (sec) 
 Davidson iteration 0.0 (tol=0.3513092147218465): -140.2338482388201
 Davidson iteration 0.1 (tol=0.07763335250485404): -140.3245327668743 -139.2423090422436
 Davidson iteration 0.2 (tol=0.01542656161147163): -140.3291401959731 -139.3856212169244 -139.0867552942726
 Davidson iteration 0.3 (tol=0.003577394779617551): -140.3293135768951 -139.6405887880742 -139.0886297337173 -138.8958579827875
 Davidson iteration 0.4 (tol=0.0007410550853568888): -140.3293221893179 -139.695506905695 -139.2777665241737 -139.0842152986224
 Davidson iteration 0.5 (tol=0.0001421093694992149): -140.3293225274859 -139.7216491252031 -139.2839948560494 -139.0872682303509
 Davidson iteration 0.6 (tol=5.085533134295127e-05): -140.3293225475993 -139.7806488327269 -139.6645851858557 -139.2160818172031
 Davidson iteration 0.7 (tol=1.80180238069671e-05): -140.329322550311 -139.9906385544361 -139.7184300866319 -139.2690499675065
 Davidson iteration 1.0 (tol=1.80180238242614e-05): -140.3293225503102
 Davidson iteration 1.1 (tol=5.012290920378442e-06): -140.3293225505313 -139.3905428996177
 Elapsed time for davidson 28.320903 (sec) 
 Elapsed time for diagonalization 28.32324 (sec) 
 Elapsed time for mult 0.47497 (sec) 
 Energy = -140.3293225505328
 Elapsed time for measurement 0.096495 (sec) 
 Sample-based diagonalization: Energy = -140.3293225505328
 Sample-based diagonalization: density = [1.999988539868537,1.999092056962735,1.998496471537555,1.995621318484802,1.997767201583851,1.998050689222081,1.998035917544352,1.994582540703006,1.996572872309869,1.995511049066434,1.98357876207435,1.936113978079245,1.915582864173524,0.06410245579743842,0.08176601385032296,0.01936064524593709,0.006126057026592035,0.003469241974366515,0.005983828678378808,0.002567480888196467,0.00228491869595968,0.001579219436328137,0.002291631886073177,0.0007880691108230493,0.0006861757183732901
 Sample-based diagonalization: carryover bitstrings = [], size = 0
