 Elapsed time for helper construction 0.96149 (sec) 
 Elapsed time for init 0.034298 (sec) 
 Elapsed time for makeQChamDiagTerms 9.481088999999999 (sec) 
 Davidson iteration 0.0 (tol=0.4938815652092206): -155.3997088811452
 Davidson iteration 0.1 (tol=0.1520907437379061): -155.5109784161858 -153.6101377482622
 Davidson iteration 0.2 (tol=0.04261722543782594): -155.5192890576567 -153.7575936526653 -153.2017516986365
 Davidson iteration 0.3 (tol=0.01189239821050622): -155.5199969135794 -153.8613347199429 -153.6030938719671 -153.2016650025831
 Davidson iteration 0.4 (tol=0.00333044478220008): -155.5200634367494 -154.2845272784466 -153.6321765403198 -153.3747590302513
 Davidson iteration 0.5 (tol=0.0009053550665018766): -155.5200686671998 -154.5793142234613 -153.8138887228112 -153.3814435924888
 Davidson iteration 0.6 (tol=0.0002528358196219376): -155.5200689839376 -154.6543496483292 -153.8494203691326 -153.5491827534124
 Davidson iteration 0.7 (tol=7.330351816929805e-05): -155.5200690104109 -154.7155785468117 -154.1338224042987 -153.6849526449734
 Davidson iteration 1.0 (tol=7.330351817030893e-05): -155.5200690104122
 Davidson iteration 1.1 (tol=2.86433045199062e-05): -155.5200690125594 -153.7213063377951
 Davidson iteration 1.2 (tol=1.062450780520127e-05): -155.5200690129776 -154.5094474477857 -152.6867627408253
 Davidson iteration 1.3 (tol=2.923297734467272e-06): -155.520069013026 -154.8140554949994 -152.9678400356027 -152.6288578014411
 Elapsed time for davidson 34.873746 (sec) 
 Elapsed time for diagonalization 34.873912 (sec) 
 Elapsed time for mult 0.763822 (sec) 
 Energy = -155.5200690130247
 Elapsed time for measurement 0.09629199999999999 (sec) 
 Sample-based diagonalization: Energy = -155.5200690130247
 Sample-based diagonalization: density = [1.999986678486378,1.996927218126618,1.996940048703348,1.996109759207731,1.992165202437858,1.994711667751588,1.993437338351725,1.984722284479306,1.993886674498958,1.987820485738621,1.992943130498093,1.990271348385834,1.943785942934586,0.06593166223763292,0.005567824621217354,0.007022827624949966,0.003592013425307268,0.004122711845578914,0.006054685854804686,0.01226408974296716,0.007942878522735298,0.01040336207419236,0.01339016429489011
 Sample-based diagonalization: carryover bitstrings = [], size = 0
