 Elapsed time for helper construction 0.264643 (sec) 
 Elapsed time for init 0.002613 (sec) 
 Elapsed time for makeQChamDiagTerms 0.5144569999999999 (sec) 
 Davidson iteration 0.0 (tol=0.5401483907086144): -137.3954240915525
 Davidson iteration 0.1 (tol=0.2260553610471285): -137.526963716372 -135.6033351311416
 Davidson iteration 0.2 (tol=0.1013155927397835): -137.5424210955162 -135.9419065463578 -134.6072694734548
 Davidson iteration 0.3 (tol=0.03680957604473715): -137.545471866839 -136.0542761581917 -135.0048453064335 -134.3757604201594
 Davidson iteration 0.4 (tol=0.01410560984059906): -137.5458375850996 -136.2048070919425 -135.2630573684884 -134.4522841282719
 Davidson iteration 0.5 (tol=0.004742681212452089): -137.5458877426981 -136.3580871072537 -135.3893927547055 -135.0089042576442
 Davidson iteration 0.6 (tol=0.001819285558787612): -137.5458938923059 -136.431041503032 -135.5832371077379 -135.1317548201315
 Davidson iteration 0.7 (tol=0.0007069130354501752): -137.5458946398395 -136.4750049789688 -135.7147680235871 -135.1360807758154
 Davidson iteration 1.0 (tol=0.0007069130354495873): -137.5458946398389
 Davidson iteration 1.1 (tol=0.0003288002811171868): -137.545894750544 -134.2421642501309
 Davidson iteration 1.2 (tol=0.0001330767764411271): -137.5458947837761 -135.8388451880413 -132.7036979243352
 Davidson iteration 1.3 (tol=5.638252146923401e-05): -137.5458947892776 -136.4056932050054 -134.7169472295737 -131.6331881160728
 Davidson iteration 1.4 (tol=2.205904259933395e-05): -137.5458947900896 -136.5869438233296 -134.8288378291876 -134.1889057207984
 Davidson iteration 1.5 (tol=8.224620849464869e-06): -137.545894790217 -136.6762612132957 -135.0004914969956 -134.6350038002642
 Elapsed time for davidson 9.279346 (sec) 
 Elapsed time for diagonalization 9.279370999999999 (sec) 
 Elapsed time for mult 0.281375 (sec) 
 Energy = -137.5458947902174
 Elapsed time for measurement 0.02616 (sec) 
 Sample-based diagonalization: Energy = -137.5458947902174
 Sample-based diagonalization: density = [1.999996735762,1.99952840605615,1.992077402092526,1.984046926724475,1.983777421533427,1.985192304396784,1.996486109646927,1.978733395430429,1.902963131936058,1.985147180869573,0.1097007176726222,0.01597783425439544,0.01436929453464443,0.00874234473419346,0.02406074188105633,0.01920005246033367
 Sample-based diagonalization: carryover bitstrings = [], size = 0
