 Elapsed time for helper construction 0.9246679999999999 (sec) 
 Elapsed time for init 0.014797 (sec) 
 Elapsed time for makeQChamDiagTerms 11.324603 (sec) 
 Davidson iteration 0.0 (tol=0.3007132638283338): -162.8876088283959
 Davidson iteration 0.1 (tol=0.06773113389975112): -162.9392339210733 -161.4625044048341
 Davidson iteration 0.2 (tol=0.01311156198131227): -162.9414755865836 -161.6141400063081 -161.3141602214519
 Davidson iteration 0.3 (tol=0.003481376373725433): -162.9415737024451 -162.0697615992614 -161.3945523422776 -160.8315945879301
 Davidson iteration 0.4 (tol=0.0008886065268766635): -162.9415804039662 -162.2445334821096 -161.4020780679245 -161.1541724651692
 Davidson iteration 0.5 (tol=0.0002195417624044397): -162.9415808179268 -162.4078397576221 -161.6120806208343 -161.1982650203263
 Davidson iteration 0.6 (tol=5.724129005872965e-05): -162.9415808442556 -162.4138109319508 -161.9506774831821 -161.5585711436306
 Davidson iteration 0.7 (tol=1.277842674716303e-05): -162.9415808459478 -162.4454707460594 -161.9778310616949 -161.8004329069155
 Davidson iteration 1.0 (tol=1.277842675269855e-05): -162.9415808459461
 Davidson iteration 1.1 (tol=3.156050079105568e-06): -162.9415808460199 -161.4778718436462
 Elapsed time for davidson 27.612677 (sec) 
 Elapsed time for diagonalization 27.612939 (sec) 
 Elapsed time for mult 0.5241589999999999 (sec) 
 Energy = -162.9415808460227
 Elapsed time for measurement 0.115254 (sec) 
 Sample-based diagonalization: Energy = -162.9415808460227
 Sample-based diagonalization: density = [1.999995015154965,1.999413439343853,1.999882445239153,1.998550813984807,1.998358061524413,1.997252015423053,1.99836628383524,1.99843328637616,1.996879500566075,1.991257649263259,1.998147577243168,1.997433265996999,1.994859395676757,1.953836130050336,0.04620041039742058,0.00234234702121178,0.00197675321500923,0.001032917712236855,0.00443274379610722,0.005895007872293733,0.0005943836538016027,0.001213959972805828,0.00273609051615937,0.002814608302132313,0.008095897750596793
 Sample-based diagonalization: carryover bitstrings = [], size = 0
