 Elapsed time for helper construction 1.687209 (sec) 
 Elapsed time for init 0.05279 (sec) 
 Elapsed time for makeQChamDiagTerms 15.621002 (sec) 
 Davidson iteration 0.0 (tol=0.6523447752220274): -164.3226521432557
 Davidson iteration 0.1 (tol=0.2556582914020428): -164.5034936298312 -162.2878219928621
 Davidson iteration 0.2 (tol=0.1013771713243872): -164.5241655284745 -162.6879114685773 -161.6203933123773
 Davidson iteration 0.3 (tol=0.03282675518289459): -164.5274976733259 -162.9299487997639 -161.6817413248018 -161.465767012249
 Davidson iteration 0.4 (tol=0.01416798930399501): -164.5278652546155 -163.2476359857931 -161.9794952215533 -161.5902352098094
 Davidson iteration 0.5 (tol=0.00585552793974992): -164.5279395545666 -163.6123642935649 -162.3419289126276 -161.681991607175
 Davidson iteration 0.6 (tol=0.002439126564387806): -164.5279514380537 -163.7763736598705 -162.5541634476519 -161.6821138892587
 Davidson iteration 0.7 (tol=0.0009928877957310674): -164.5279535165829 -163.855439306051 -162.8136273020657 -162.081427360585
 Davidson iteration 1.0 (tol=0.0009928877957350736): -164.5279535165831
 Davidson iteration 1.1 (tol=0.0004833803792166136): -164.5279538132353 -161.989597043279
 Davidson iteration 1.2 (tol=0.0002369318149771934): -164.5279539105848 -163.3792251228815 -160.149544078376
 Davidson iteration 1.3 (tol=9.576439699522256e-05): -164.5279539302628 -163.7543797262736 -161.583824088644 -159.6358540821769
 Davidson iteration 1.4 (tol=3.88647709271791e-05): -164.5279539332475 -163.8835531860981 -161.7792228739823 -161.5247479765621
 Davidson iteration 1.5 (tol=1.627830514812299e-05): -164.527953933823 -163.9719317112001 -162.7785655424914 -161.5642785019627
 Davidson iteration 1.6 (tol=7.002843455049039e-06): -164.527953933921 -164.0330113556324 -163.2739597110445 -162.0328964213049
 Elapsed time for davidson 87.233755 (sec) 
 Elapsed time for diagonalization 87.23394399999999 (sec) 
 Elapsed time for mult 2.503795 (sec) 
 Energy = -164.5279539339197
 Elapsed time for measurement 0.158215 (sec) 
 Sample-based diagonalization: Energy = -164.5279539339197
 Sample-based diagonalization: density = [1.999989552461786,1.990846478577872,1.990695506836928,1.992146972109881,1.987026484384574,1.983543738099804,1.985936263737243,1.996448935380349,1.987607478368687,1.982807683540931,1.966984696243282,1.982232356738516,1.986303626845603,1.939696256987105,0.09559634796419134,0.02539821454233307,0.01764627440385666,0.01391882154179448,0.01134751672205281,0.0187589982646077,0.01013592585438534,0.01834426368947119,0.01658760610882424
 Sample-based diagonalization: carryover bitstrings = [], size = 0
