 Elapsed time for helper construction 1.055041 (sec) 
 Elapsed time for init 0.017833 (sec) 
 Elapsed time for makeQChamDiagTerms 14.225605 (sec) 
 Davidson iteration 0.0 (tol=0.5779809857101808): -179.7521760775852
 Davidson iteration 0.1 (tol=0.147177401663414): -179.8998580824391 -177.8517475899324
 Davidson iteration 0.2 (tol=0.03817353510853725): -179.9085068124055 -178.1919365573777 -177.7315828512583
 Davidson iteration 0.3 (tol=0.009363666572760576): -179.9091161164228 -178.2598470201369 -177.9404985403779 -177.6620002445673
 Davidson iteration 0.4 (tol=0.003243014345766852): -179.9091561311971 -178.6747526478943 -177.9418106271557 -177.679029427842
 Davidson iteration 0.5 (tol=0.0009649992077694428): -179.9091613893853 -179.0360214801846 -177.9630390732327 -177.7431150640622
 Davidson iteration 0.6 (tol=0.0002611394270687483): -179.9091618063599 -179.1623864085286 -178.0994375449096 -177.9152387208381
 Davidson iteration 0.7 (tol=7.671168939106708e-05): -179.9091618340661 -179.1969691393122 -178.2739839256715 -177.9899119956216
 Davidson iteration 1.0 (tol=7.671168939592554e-05): -179.9091618340672
 Davidson iteration 1.1 (tol=2.684603099609441e-05): -179.9091618364436 -178.257376915741
 Davidson iteration 1.2 (tol=8.500538099338528e-06): -179.9091618368417 -178.7487213959495 -177.925716637091
 Elapsed time for davidson 37.570267 (sec) 
 Elapsed time for diagonalization 37.570443 (sec) 
 Elapsed time for mult 0.8131119999999999 (sec) 
 Energy = -179.9091618368419
 Elapsed time for measurement 0.113796 (sec) 
 Sample-based diagonalization: Energy = -179.9091618368419
 Sample-based diagonalization: density = [1.999981658904449,1.994788874349956,1.996415105358438,1.997073856262919,1.990738637489752,1.991244230673747,1.991721175561934,1.993418628559214,1.98914221375791,1.985586949039609,1.987775344965581,1.97874461435573,1.994783033375317,1.994124831300693,1.951486653504515,0.07590554703797325,0.003748989699710759,0.009460615329476372,0.01183712194763371,0.00429232197955336,0.006801562984689176,0.01001317616780412,0.004325366681014886,0.01075616299118037,0.0114127771438886,0.01442055030972655
 Sample-based diagonalization: carryover bitstrings = [], size = 0
