 Elapsed time for helper construction 1.25963 (sec) 
 Elapsed time for init 0.042416 (sec) 
 Elapsed time for makeQChamDiagTerms 11.795875 (sec) 
 Davidson iteration 0.0 (tol=0.6861066252672645): -156.5773995337224
 Davidson iteration 0.1 (tol=0.2310448697688658): -156.763285417314 -154.465813081409
 Davidson iteration 0.2 (tol=0.07519603481937079): -156.780203964992 -154.7214622868848 -154.1702676772806
 Davidson iteration 0.3 (tol=0.02021753805281197): -156.7820376033341 -154.874878097474 -154.357677654397 -153.974307369647
 Davidson iteration 0.4 (tol=0.008475897324023429): -156.7822100426389 -155.5377831979689 -154.5377683094394 -154.1657898653971
 Davidson iteration 0.5 (tol=0.003234844581447903): -156.782238138233 -155.8973465235193 -154.5444343299592 -154.2509655330777
 Davidson iteration 0.6 (tol=0.001077432199655732): -156.7822421843193 -156.0643145116466 -154.8233458668845 -154.3307349658748
 Davidson iteration 0.7 (tol=0.0003739141306796813): -156.7822426015398 -156.128387203133 -155.0526329455242 -154.4719348747554
 Davidson iteration 1.0 (tol=0.0003739141306786058): -156.782242601537
 Davidson iteration 1.1 (tol=0.000171344267027249): -156.7822426529433 -155.3245027226025
 Davidson iteration 1.2 (tol=7.227860287683075e-05): -156.7822426675803 -155.9059724994121 -154.101956366031
 Davidson iteration 1.3 (tol=2.718554091981093e-05): -156.7822426695869 -156.2260099745829 -154.1778837401546 -153.6225814269359
 Davidson iteration 1.4 (tol=9.904936482257806e-06): -156.7822426698594 -156.2732569336137 -154.4876035275547 -154.177657104362
 Elapsed time for davidson 53.43577999999999 (sec) 
 Elapsed time for diagonalization 53.436008 (sec) 
 Elapsed time for mult 1.625978 (sec) 
 Energy = -156.7822426698602
 Elapsed time for measurement 0.128204 (sec) 
 Sample-based diagonalization: Energy = -156.7822426698602
 Sample-based diagonalization: density = [1.999970745072742,1.992735149785856,1.993100397931415,1.991598177668686,1.98602773286741,1.983980393430245,1.984216579901359,1.983945094069855,1.980354121468341,1.981189080128604,1.990781897669233,1.987108688281352,1.945712329818924,0.07599102640922664,0.01510494511570976,0.01647890631489085,0.01622150159352559,0.01415786574471656,0.002204087058293665,0.0148435988449778,0.01659906568125904,0.01396436566989813,0.01371424906163743
 Sample-based diagonalization: carryover bitstrings = [], size = 0
