 Elapsed time for helper construction 1.388386 (sec) 
 Elapsed time for init 0.044267 (sec) 
 Elapsed time for makeQChamDiagTerms 11.045427 (sec) 
 Davidson iteration 0.0 (tol=0.6270669700283711): -113.5135237223054
 Davidson iteration 0.1 (tol=0.1719537509304604): -113.6895906662277 -111.3684349248801
 Davidson iteration 0.2 (tol=0.03223019314299253): -113.6993244295912 -111.6985222686708 -110.5411478671845
 Davidson iteration 0.3 (tol=0.008187485532593491): -113.6996498664614 -111.7998374244384 -110.937896179656 -110.4446142520551
 Davidson iteration 0.4 (tol=0.002384287602337999): -113.6996721012587 -111.9321173283376 -111.2787721891415 -110.5643058002562
 Davidson iteration 0.5 (tol=0.0006801143702050385): -113.6996738892785 -112.0943732882013 -111.518871323178 -110.5758163514102
 Davidson iteration 0.6 (tol=0.0001763712284966537): -113.6996740327138 -112.2145444615942 -111.6613231613893 -110.8487697182719
 Davidson iteration 0.7 (tol=4.717764799886527e-05): -113.699674042352 -112.2681952188678 -111.7592581523067 -111.0906779951099
 Davidson iteration 1.0 (tol=4.717764799772724e-05): -113.6996740423519
 Davidson iteration 1.1 (tol=1.583746407168731e-05): -113.6996740429878 -110.6796609933099
 Davidson iteration 1.2 (tol=4.794624394745475e-06): -113.699674043078 -111.7716187923657 -109.7869535221952
 Elapsed time for davidson 58.706402 (sec) 
 Elapsed time for diagonalization 58.729321 (sec) 
 Elapsed time for mult 2.852094 (sec) 
 Energy = -113.6996740430779
 Elapsed time for measurement 0.108974 (sec) 
 Sample-based diagonalization: Energy = -113.6996740430779
 Sample-based diagonalization: density = [1.999970725276217,1.990072449542813,1.989261171942689,1.986212426886484,1.982930263280584,1.982015894849581,1.979719027560181,1.981347508908563,1.976663838797225,1.978178079201496,1.97593956262373,0.006331587736964977,0.01614641648108158,0.01726426472823649,0.01648591913299351,0.01519836124705264,0.01526066099518349,0.01380227072124134,0.01420711734172014,0.01548008299805746,0.0161470227684932,0.01562461932759562,0.01574072733089239
 Sample-based diagonalization: carryover bitstrings = [], size = 0
