 Elapsed time for helper construction 1.895312 (sec) 
 Elapsed time for init 0.023657 (sec) 
 Elapsed time for makeQChamDiagTerms 14.343883 (sec) 
 Davidson iteration 0.0 (tol=0.6365412339551175): -125.453510461457
 Davidson iteration 0.1 (tol=0.168093089763812): -125.6369761460835 -123.3376821141198
 Davidson iteration 0.2 (tol=0.03171168833266091): -125.6464298357462 -123.6515938777298 -122.5944331134553
 Davidson iteration 0.3 (tol=0.007995939440443234): -125.6467530734367 -123.7410404945394 -122.9766949777015 -122.546496108226
 Davidson iteration 0.4 (tol=0.002220078276936642): -125.6467757017238 -123.8974811519092 -123.2883870330842 -122.8166506371216
 Davidson iteration 0.5 (tol=0.0006125678110629287): -125.6467773783274 -124.0887726638182 -123.5118042727507 -122.8326050564226
 Davidson iteration 0.6 (tol=0.0001565548236339291): -125.6467775008094 -124.2108592326759 -123.6442362942203 -123.023913704708
 Davidson iteration 0.7 (tol=4.093360248577185e-05): -125.6467775085312 -124.266041075388 -123.7341037479371 -123.1351861719342
 Davidson iteration 1.0 (tol=4.093360248647576e-05): -125.6467775085317
 Davidson iteration 1.1 (tol=1.345366444008659e-05): -125.6467775090253 -122.7041079768488
 Davidson iteration 1.2 (tol=3.999505673113442e-06): -125.6467775090934 -123.7822526555588 -121.9641716323622
 Elapsed time for davidson 59.092952 (sec) 
 Elapsed time for diagonalization 59.09557299999999 (sec) 
 Elapsed time for mult 2.305089 (sec) 
 Energy = -125.6467775090947
 Elapsed time for measurement 0.142802 (sec) 
 Sample-based diagonalization: Energy = -125.6467775090947
 Sample-based diagonalization: density = [1.999970369270086,1.990471103145357,1.989254957838031,1.986032362944635,1.985196188715269,1.9836846545167,1.981839108692616,1.981789628089987,1.985370638688002,1.976755989468839,1.978540786262626,1.976595922458009,0.008280592317925998,0.01244633970693068,0.01929167603694344,0.01953095100149748,0.01485418722941258,0.0146051964187883,0.01523397363563581,0.0154244184408269,0.01629598684846339,0.01690642960210868,0.01560555123174553,0.01602298700586556
 Sample-based diagonalization: carryover bitstrings = [], size = 0
