 Elapsed time for helper construction 1.264602 (sec) 
 Elapsed time for init 0.020737 (sec) 
 Elapsed time for makeQChamDiagTerms 14.207044 (sec) 
 Davidson iteration 0.0 (tol=0.5604816936015785): -140.0386364374968
 Davidson iteration 0.1 (tol=0.1047098582616516): -140.1820813913105 -137.9832280305581
 Davidson iteration 0.2 (tol=0.03226908502986296): -140.1868870472113 -138.760870113576 -137.9192181848656
 Davidson iteration 0.3 (tol=0.007648861393885353): -140.1873441177852 -138.8379164204205 -138.1222250608082 -137.8647843931304
 Davidson iteration 0.4 (tol=0.002273426114596224): -140.1873816004606 -139.4869422697147 -138.1843756652402 -137.9819496604071
 Davidson iteration 0.5 (tol=0.0005345104898405984): -140.1873839960879 -139.5990528174864 -138.2028392719944 -138.1579326789336
 Davidson iteration 0.6 (tol=0.0001222240846444424): -140.1873841204978 -139.644528014244 -138.4326137779703 -138.158350322216
 Davidson iteration 0.7 (tol=2.498989661355757e-05): -140.1873841265347 -139.6560942684617 -138.5841752393829 -138.1583810145621
 Davidson iteration 1.0 (tol=2.498989661346281e-05): -140.1873841265371
 Davidson iteration 1.1 (tol=6.186644001847716e-06): -140.1873841267645 -137.9409275446817
 Elapsed time for davidson 39.898597 (sec) 
 Elapsed time for diagonalization 39.898919 (sec) 
 Elapsed time for mult 0.934333 (sec) 
 Energy = -140.1873841267636
 Elapsed time for measurement 0.126842 (sec) 
 Sample-based diagonalization: Energy = -140.1873841267636
 Sample-based diagonalization: density = [1.999973645125114,1.995226522998543,1.993808227159593,1.989362039236656,1.988830230058542,1.99165507332307,1.98568914594684,1.988948356760433,1.985404597506137,1.98265886419259,1.981557008197101,1.992834806097312,1.98018338370979,0.01692224561097297,0.01344593439686521,0.01652979549446848,0.0146836851719106,0.01097775658395308,0.009643789742590021,0.01037928685743122,0.01003882574059994,0.01017469206369663,0.01419489350393562,0.007037111675130268,0.009840082590486382
 Sample-based diagonalization: carryover bitstrings = [], size = 0
