 Elapsed time for helper construction 0.164964 (sec) 
 Elapsed time for init 0.001726 (sec) 
 Elapsed time for makeQChamDiagTerms 0.5567329999999999 (sec) 
 Davidson iteration 0.0 (tol=0.5102082835327246): -102.9904290950092
 Davidson iteration 0.1 (tol=0.1746609435826999): -103.1088394988141 -100.8855339647774
 Davidson iteration 0.2 (tol=0.05175290547118799): -103.1186558458755 -101.3040753884665 -99.92157172911109
 Davidson iteration 0.3 (tol=0.01805876634506072): -103.1193806580079 -101.3882795285252 -100.2321908448083 -99.82663589665152
 Davidson iteration 0.4 (tol=0.005818077896972455): -103.1194689247774 -101.4792457192923 -100.5082186862649 -100.0072657740307
 Davidson iteration 0.5 (tol=0.002128207374417486): -103.119478187512 -101.6279799852838 -100.9735432501022 -100.1111051937441
 Davidson iteration 0.6 (tol=0.0007520210918612053): -103.1194795576899 -101.8720292121155 -101.2342608050006 -100.3027039386729
 Davidson iteration 0.7 (tol=0.0002670252161051627): -103.1194797219297 -102.0545559866342 -101.3326026335233 -100.3475367098551
 Davidson iteration 1.0 (tol=0.0002670252161047614): -103.1194797219295
 Davidson iteration 1.1 (tol=0.000119090905091247): -103.119479741091 -100.6816819150279
 Davidson iteration 1.2 (tol=5.168227565381172e-05): -103.1194797462169 -101.9507671821311 -98.59416802464818
 Davidson iteration 1.3 (tol=1.980847608883159e-05): -103.1194797470019 -102.2507032635066 -99.97406744369422 -97.8043245657217
 Davidson iteration 1.4 (tol=6.627870217470332e-06): -103.119479747107 -102.4142605123836 -100.0420985250993 -99.55853418075351
 Elapsed time for davidson 4.777791 (sec) 
 Elapsed time for diagonalization 4.7778 (sec) 
 Elapsed time for mult 0.187733 (sec) 
 Energy = -103.1194797471072
 Elapsed time for measurement 0.008009 (sec) 
 Sample-based diagonalization: Energy = -103.1194797471072
 Sample-based diagonalization: density = [1.999988688281424,1.987828204424072,1.986762567106259,1.97841314739801,1.982894987174326,1.981512407481069,1.976745986765976,1.982053118720288,1.986864822539423,0.02781398827847356,0.02632320886071721,0.02206064611142192,0.02235419685073606,0.01716353928454546,0.02122049070352947
 Sample-based diagonalization: carryover bitstrings = [], size = 0
