 Elapsed time for helper construction 1.128268 (sec) 
 Elapsed time for init 0.028258 (sec) 
 Elapsed time for makeQChamDiagTerms 4.770448 (sec) 
 Davidson iteration 0.0 (tol=0.6742121660487093): -147.0604598322319
 Davidson iteration 0.1 (tol=0.2853294571203945): -147.2611918301918 -145.1924724422192
 Davidson iteration 0.2 (tol=0.1158561272530167): -147.2867159573233 -145.4565315621279 -144.3894377538461
 Davidson iteration 0.3 (tol=0.03631214523249656): -147.2906668647025 -145.560971535165 -144.5839224009077 -144.2892493981925
 Davidson iteration 0.4 (tol=0.01387252603897525): -147.2911426361424 -145.9081431111366 -144.6864515776222 -144.5315340076891
 Davidson iteration 0.5 (tol=0.005670336348991591): -147.2912043788906 -146.2398512475072 -145.1313250612565 -144.5976750220463
 Davidson iteration 0.6 (tol=0.002064304706199874): -147.2912142209115 -146.3611156155789 -145.2485398459381 -144.881209332234
 Davidson iteration 0.7 (tol=0.0008281096982957408): -147.2912154215611 -146.4423444613653 -145.3727260084918 -144.9129025044132
 Davidson iteration 1.0 (tol=0.0008281096982997305): -147.2912154215495
 Davidson iteration 1.1 (tol=0.0003914501821976744): -147.2912155953483 -144.4354604553709
 Davidson iteration 1.2 (tol=0.0001721371570552134): -147.2912156546508 -146.1134822967124 -142.1590401090275
 Davidson iteration 1.3 (tol=7.269290891432183e-05): -147.291215664228 -146.4236095684057 -144.0019584786601 -141.7401820501363
 Davidson iteration 1.4 (tol=2.691432465767296e-05): -147.2912156658958 -146.6237076563116 -144.344161886021 -143.8968981860724
 Davidson iteration 1.5 (tol=1.043119900806298e-05): -147.2912156661429 -146.7028868509866 -145.1996230459493 -144.0811634613995
 Davidson iteration 1.6 (tol=3.867112653198975e-06): -147.2912156661747 -146.7207017436362 -145.6010849912001 -144.2996824383054
 Elapsed time for davidson 52.839563 (sec) 
 Elapsed time for diagonalization 52.839898 (sec) 
 Elapsed time for mult 1.390481 (sec) 
 Energy = -147.2912156661752
 Elapsed time for measurement 0.072171 (sec) 
 Sample-based diagonalization: Energy = -147.2912156661752
 Sample-based diagonalization: density = [1.999975660873479,1.993222541875314,1.992045229010996,1.993370290598621,1.985372312214636,1.98563911591123,1.984894290549688,1.976469662367527,1.98320963769055,1.977738989006237,1.983337821556435,1.894722614668694,1.983448321099418,0.1147215429367487,0.0250644796018059,0.02088279576421536,0.02181847064775388,0.01643644891013272,0.01068506413812786,0.01788286529118986,0.01903163496074674,0.02003021012589404
 Sample-based diagonalization: carryover bitstrings = [], size = 0
