 Elapsed time for helper construction 0.9407489999999999 (sec) 
 Elapsed time for init 0.035551 (sec) 
 Elapsed time for makeQChamDiagTerms 9.940358 (sec) 
 Davidson iteration 0.0 (tol=0.5807212949124013): -154.2982533961794
 Davidson iteration 0.1 (tol=0.1704822129499215): -154.4579750502181 -152.5132240324808
 Davidson iteration 0.2 (tol=0.05291249054385308): -154.4691802852197 -152.7638763464193 -152.233772112385
 Davidson iteration 0.3 (tol=0.01441298538016167): -154.470265006911 -152.8738816599052 -152.3162683700383 -152.083127373252
 Davidson iteration 0.4 (tol=0.004496828346551916): -154.4703439427938 -153.0969974160343 -152.3826984799348 -152.251324188157
 Davidson iteration 0.5 (tol=0.001372104845979442): -154.4703537949916 -153.4884672613805 -152.5107579638403 -152.3442304715354
 Davidson iteration 0.6 (tol=0.0004369682658377013): -154.4703546026949 -153.65093258492 -152.5741586715083 -152.5011254065835
 Davidson iteration 0.7 (tol=0.0001367692591411667): -154.4703546859218 -153.7291618437357 -153.0759224534908 -152.5739622793864
 Davidson iteration 1.0 (tol=0.0001367692591412103): -154.4703546859202
 Davidson iteration 1.1 (tol=5.131368460062198e-05): -154.4703546937944 -152.8443382997282
 Davidson iteration 1.2 (tol=2.094857417407359e-05): -154.470354695325 -153.6920885153558 -152.3243219295116
 Davidson iteration 1.3 (tol=6.098523796223046e-06): -154.4703546955111 -153.8833140665892 -152.4907815110674 -151.9759254566756
 Elapsed time for davidson 36.856204 (sec) 
 Elapsed time for diagonalization 36.874352 (sec) 
 Elapsed time for mult 0.7578889999999999 (sec) 
 Energy = -154.4703546955139
 Elapsed time for measurement 0.09024299999999999 (sec) 
 Sample-based diagonalization: Energy = -154.4703546955139
 Sample-based diagonalization: density = [1.999985796918628,1.997075923640867,1.99753455045376,1.993798718248085,1.988882983017371,1.99045950219613,1.98734508729861,1.983950711666364,1.980746815394371,1.984816932797835,1.976907596091319,1.989082817187949,1.938795719337539,0.08573642009565334,0.01337174172147116,0.008052760033641769,0.01423356644922255,0.006140518448952971,0.01308850153170357,0.008266005757647575,0.01588804882315777,0.01408350069050384,0.01175578194180485
 Sample-based diagonalization: carryover bitstrings = [], size = 0
