 Elapsed time for helper construction 0.364739 (sec) 
 Elapsed time for init 0.002701 (sec) 
 Elapsed time for makeQChamDiagTerms 1.425836 (sec) 
 Davidson iteration 0.0 (tol=0.5460159893570146): -147.8874930842894
 Davidson iteration 0.1 (tol=0.23329501888755): -148.0152217064767 -145.9539373786272
 Davidson iteration 0.2 (tol=0.1005572349173163): -148.0314602379542 -146.3586248804009 -145.0389824283734
 Davidson iteration 0.3 (tol=0.0375306085004157): -148.0345483880079 -146.5842151125507 -145.4249095212899 -144.7030988993082
 Davidson iteration 0.4 (tol=0.01452865803427611): -148.0349586232 -146.8094136499911 -145.7062919128608 -145.1099003735339
 Davidson iteration 0.5 (tol=0.005391940065092798): -148.0350380914098 -147.1587427871257 -145.9992800910355 -145.2778598540112
 Davidson iteration 0.6 (tol=0.002484522217770847): -148.0350472448369 -147.2953030382116 -146.1652711789071 -145.3081194804147
 Davidson iteration 0.7 (tol=0.001015892979565795): -148.0350489622761 -147.3880381123582 -146.4624892193689 -145.5986329937169
 Davidson iteration 1.0 (tol=0.001015892979565859): -148.0350489622754
 Davidson iteration 1.1 (tol=0.0005223807234692772): -148.0350492387965 -145.6231203590358
 Davidson iteration 1.2 (tol=0.0002475026958996425): -148.0350493312448 -146.9966461449538 -142.8541647007852
 Davidson iteration 1.3 (tol=9.689706684467356e-05): -148.0350493518848 -147.3705240128797 -144.9690984788132 -142.1802690402554
 Davidson iteration 1.4 (tol=4.147228505942916e-05): -148.0350493545484 -147.492351875127 -145.095346472258 -144.8657694392148
 Davidson iteration 1.5 (tol=1.707865136514582e-05): -148.035049355038 -147.5549503323777 -146.0648606017056 -144.9692652068872
 Davidson iteration 1.6 (tol=7.228095125637314e-06): -148.0350493551237 -147.5969086578528 -146.5995692419954 -145.1603968305429
 Elapsed time for davidson 9.838581999999999 (sec) 
 Elapsed time for diagonalization 9.838656 (sec) 
 Elapsed time for mult 0.308567 (sec) 
 Energy = -148.0350493551253
 Elapsed time for measurement 0.017635 (sec) 
 Sample-based diagonalization: Energy = -148.0350493551253
 Sample-based diagonalization: density = [1.999996834374085,1.997598010011058,1.992566476601095,1.992765220843439,1.990866375270796,1.988443729813609,1.966065653743287,1.980879042177821,1.989820465380319,1.983380498047726,1.936167284871422,0.1006211735658792,0.011697143365695,0.007989800835984884,0.01851992005924548,0.02491795460383112,0.01770441633781139
 Sample-based diagonalization: carryover bitstrings = [], size = 0
