 Elapsed time for helper construction 1.155751 (sec) 
 Elapsed time for init 0.031185 (sec) 
 Elapsed time for makeQChamDiagTerms 15.586687 (sec) 
 Davidson iteration 0.0 (tol=0.6447092647408128): -171.4625069998321
 Davidson iteration 0.1 (tol=0.1573623148664512): -171.6736524646182 -169.9846040456112
 Davidson iteration 0.2 (tol=0.04139768280104562): -171.6855489523552 -170.0611218417692 -169.9214034113993
 Davidson iteration 0.3 (tol=0.01343235717302859): -171.6864065281298 -170.3766737833448 -169.9221709488682 -169.5658026380277
 Davidson iteration 0.4 (tol=0.005096858277089024): -171.6865041122974 -170.724299530349 -169.9313736643277 -169.5763160013133
 Davidson iteration 0.5 (tol=0.001715311446158185): -171.6865168766556 -170.9274966769361 -169.9322614520704 -169.6630376316576
 Davidson iteration 0.6 (tol=0.000511795560128368): -171.6865183373012 -171.0419301502176 -170.043922745901 -169.9309455560102
 Davidson iteration 0.7 (tol=0.0001897757876275898): -171.6865184838233 -171.0952097596765 -170.5264464625093 -169.9315563427409
 Davidson iteration 1.0 (tol=0.0001897757876265426): -171.6865184838212
 Davidson iteration 1.1 (tol=9.125151259121994e-05): -171.6865185039246 -170.4256906953984
 Davidson iteration 1.2 (tol=5.288195787878761e-05): -171.6865185115918 -171.2044882776246 -169.4884790248962
 Davidson iteration 1.3 (tol=2.004193675359575e-05): -171.6865185129301 -171.3261204126629 -169.6446257876543 -169.2021286373155
 Davidson iteration 1.4 (tol=6.77325535382116e-06): -171.6865185131333 -171.3686799294906 -170.0154006368614 -169.6240004933907
 Elapsed time for davidson 51.970439 (sec) 
 Elapsed time for diagonalization 51.996462 (sec) 
 Elapsed time for mult 1.357948 (sec) 
 Energy = -171.6865185131347
 Elapsed time for measurement 0.123357 (sec) 
 Sample-based diagonalization: Energy = -171.6865185131347
 Sample-based diagonalization: density = [1.999986405757408,1.996713837235845,1.992290179636374,1.992653030584187,1.993674118608541,1.987895728027694,1.988917778606162,1.988615652363357,1.989355854907876,1.983040836689754,1.985010547416222,1.982004903896705,1.979581028424554,1.924818413184834,1.934349100464432,0.08071347503091617,0.07191778278011132,0.03836804695287278,0.009419281812867396,0.008853088878973021,0.0133478508575514,0.01142793897607798,0.0122148899585622,0.00933992931187538,0.009518001593006286,0.009013809244231976,0.006958488459319061
 Sample-based diagonalization: carryover bitstrings = [], size = 0
