 Elapsed time for helper construction 0.381901 (sec) 
 Elapsed time for init 0.003198 (sec) 
 Elapsed time for makeQChamDiagTerms 1.730341 (sec) 
 Davidson iteration 0.0 (tol=0.5422760778127726): -147.886559672985
 Davidson iteration 0.1 (tol=0.2328382223899937): -148.0109334667341 -145.9184582822273
 Davidson iteration 0.2 (tol=0.1023131629121473): -148.0272008187324 -146.3680555818879 -145.0347472827039
 Davidson iteration 0.3 (tol=0.03821846402159984): -148.0304273065315 -146.5891849493598 -145.3847589184687 -144.7351912839159
 Davidson iteration 0.4 (tol=0.01514101576328715): -148.0308245049767 -146.7786012894121 -145.6879749770029 -145.0347720840176
 Davidson iteration 0.5 (tol=0.005412178921778652): -148.0308991968984 -147.0471981972808 -145.9254276558897 -145.2958002556734
 Davidson iteration 0.6 (tol=0.002430419049678235): -148.0309073925602 -147.1549547805548 -146.0704035663531 -145.2966752403229
 Davidson iteration 0.7 (tol=0.0009414220158091449): -148.030908930525 -147.2375797974296 -146.3577419329504 -145.5607880396346
 Davidson iteration 1.0 (tol=0.0009414220158062368): -148.0309089305257
 Davidson iteration 1.1 (tol=0.000468120317806693): -148.0309091561016 -145.5866670379446
 Davidson iteration 1.2 (tol=0.0002210637930502494): -148.0309092271666 -146.8399077254632 -143.3509400925175
 Davidson iteration 1.3 (tol=8.789960600349019e-05): -148.0309092431106 -147.2661641740951 -144.9070879759089 -142.8263603613862
 Davidson iteration 1.4 (tol=3.798208221344591e-05): -148.0309092451942 -147.4218542851637 -144.971434698256 -144.7475479756492
 Davidson iteration 1.5 (tol=1.515261313714609e-05): -148.030909245585 -147.4902341846752 -145.678375485282 -144.8852093922306
 Davidson iteration 1.6 (tol=6.562545060882312e-06): -148.0309092456503 -147.5440913890765 -146.3181107460249 -145.2268438728384
 Elapsed time for davidson 13.368798 (sec) 
 Elapsed time for diagonalization 13.368895 (sec) 
 Elapsed time for mult 0.443751 (sec) 
 Energy = -148.0309092456493
 Elapsed time for measurement 0.021398 (sec) 
 Sample-based diagonalization: Energy = -148.0309092456493
 Sample-based diagonalization: density = [1.999996747461169,1.997351169369944,1.992794054619533,1.991897453269042,1.990709800169003,1.986706721679928,1.996991698321327,1.96413892684183,1.979951530679817,1.982696702112261,1.940167024904947,0.09802548689001588,0.01952895964896172,0.0161346292987413,0.002552479364352939,0.02184719555902685,0.01850941970342367
 Sample-based diagonalization: carryover bitstrings = [], size = 0
