 Elapsed time for helper construction 1.323137 (sec) 
 Elapsed time for init 0.025336 (sec) 
 Elapsed time for makeQChamDiagTerms 5.449257999999999 (sec) 
 Davidson iteration 0.0 (tol=0.6841398729630384): -146.964624641374
 Davidson iteration 0.1 (tol=0.3031867735560828): -147.1679602187276 -145.0662754368274
 Davidson iteration 0.2 (tol=0.1322830615255523): -147.1964006987619 -145.3786049870059 -144.1931860102787
 Davidson iteration 0.3 (tol=0.0439341416044461): -147.2013539393755 -145.4995469595877 -144.3996100630634 -144.0276243529391
 Davidson iteration 0.4 (tol=0.01674507549529625): -147.2019799709279 -145.7666102382245 -144.5191659395644 -144.222488044001
 Davidson iteration 0.5 (tol=0.006801223185694378): -147.2020623697805 -146.0448769789583 -144.9865342948185 -144.3956098219954
 Davidson iteration 0.6 (tol=0.002467213974740869): -147.2020765820434 -146.1865673106977 -145.1592860458395 -144.6804780838023
 Davidson iteration 0.7 (tol=0.0009863519923951393): -147.2020783247195 -146.287869781449 -145.2759135627532 -144.7376070638342
 Davidson iteration 1.0 (tol=0.0009863519923255274): -147.2020783247077
 Davidson iteration 1.1 (tol=0.0004465946954781326): -147.2020785617321 -144.060303697467
 Davidson iteration 1.2 (tol=0.0001903333673879551): -147.2020786370404 -145.8522625783291 -142.1767341445647
 Davidson iteration 1.3 (tol=8.161658066147235e-05): -147.2020786484887 -146.2231741261726 -143.7523546169618 -141.856347844231
 Davidson iteration 1.4 (tol=3.034137796730392e-05): -147.2020786504597 -146.4330701772735 -144.1368007127546 -143.5701247336966
 Davidson iteration 1.5 (tol=1.199318554954289e-05): -147.2020786507577 -146.5321816490313 -144.9069219609349 -143.8588967909583
 Davidson iteration 1.6 (tol=4.661885565009633e-06): -147.2020786507971 -146.5616575715117 -145.3520477786723 -143.9614880301835
 Elapsed time for davidson 65.87793499999999 (sec) 
 Elapsed time for diagonalization 65.87829099999999 (sec) 
 Elapsed time for mult 2.086222 (sec) 
 Energy = -147.2020786507968
 Elapsed time for measurement 0.08182399999999999 (sec) 
 Sample-based diagonalization: Energy = -147.2020786507968
 Sample-based diagonalization: density = [1.999973727766606,1.993006379682939,1.991737273165874,1.993024719704252,1.984357381326163,1.984663393636602,1.983683904092622,1.97540647411308,1.982351440989049,1.976539768043812,1.982118280516605,1.892798539345955,1.982482187729555,0.1167953514524824,0.02692754907488889,0.0222719189886244,0.02301195491695073,0.01723997108029414,0.01133532648899889,0.01888638172780028,0.02043749448100733,0.02095058141532994
 Sample-based diagonalization: carryover bitstrings = [], size = 0
