 Elapsed time for helper construction 0.37363 (sec) 
 Elapsed time for init 0.004432999999999999 (sec) 
 Elapsed time for makeQChamDiagTerms 1.681184 (sec) 
 Davidson iteration 0.0 (tol=0.550213826681145): -154.1392883892305
 Davidson iteration 0.1 (tol=0.2380134268252944): -154.2658856950533 -152.1303333752659
 Davidson iteration 0.2 (tol=0.105439399106798): -154.2825973019759 -152.59292768174 -151.2073635737398
 Davidson iteration 0.3 (tol=0.04001726643386192): -154.2859878960805 -152.8373258882197 -151.6043604460819 -150.932684134139
 Davidson iteration 0.4 (tol=0.01619440352160002): -154.2864216714785 -153.0388630612425 -151.9138625559099 -151.1755070858351
 Davidson iteration 0.5 (tol=0.006288490834101491): -154.2865069647381 -153.3137543007071 -152.1701612574084 -151.4491332791207
 Davidson iteration 0.6 (tol=0.002966775591005056): -154.2865178537428 -153.4461466740366 -152.3462460548909 -151.4876027337398
 Davidson iteration 0.7 (tol=0.001174586102734291): -154.2865203757259 -153.5515359735053 -152.6447533069954 -151.7547986608412
 Davidson iteration 1.0 (tol=0.001174586102730809): -154.2865203757267
 Davidson iteration 1.1 (tol=0.0005729423239782511): -154.2865207469862 -152.064860522163
 Davidson iteration 1.2 (tol=0.0003010557901175664): -154.2865208714798 -153.1564031326216 -150.4314903430042
 Davidson iteration 1.3 (tol=0.0001276766427663804): -154.2865209013613 -153.5890312087627 -151.017303848327 -150.1563560967401
 Davidson iteration 1.4 (tol=5.282350913802004e-05): -154.286520905962 -153.7517025430284 -151.3497416564875 -151.0039082976694
 Davidson iteration 1.5 (tol=2.093299224921942e-05): -154.286520906828 -153.796242834561 -151.983823855734 -151.1270973753201
 Davidson iteration 1.6 (tol=8.997642155542984e-06): -154.2865209069728 -153.8477938569796 -152.6759663068402 -151.4363610037518
 Elapsed time for davidson 13.498869 (sec) 
 Elapsed time for diagonalization 13.498926 (sec) 
 Elapsed time for mult 0.442412 (sec) 
 Energy = -154.2865209069721
 Elapsed time for measurement 0.021251 (sec) 
 Sample-based diagonalization: Energy = -154.2865209069721
 Sample-based diagonalization: density = [1.999996636965307,1.998242681182463,1.992672858442942,1.990067493285553,1.988702863608792,1.985975121193558,1.990534852238008,1.980883442890821,1.966648093253333,1.981663271675097,1.946342144236576,0.09619968321674921,0.003259694736602915,0.02462835415883896,0.01232568962275088,0.02350970064928954,0.01834741853474387
 Sample-based diagonalization: carryover bitstrings = [], size = 0
