 Elapsed time for helper construction 1.361258 (sec) 
 Elapsed time for init 0.018942 (sec) 
 Elapsed time for makeQChamDiagTerms 13.153223 (sec) 
 Davidson iteration 0.0 (tol=0.6888832681945762): -160.4775384137821
 Davidson iteration 0.1 (tol=0.1716080823155972): -160.6703927557327 -158.2817011194829
 Davidson iteration 0.2 (tol=0.04624158082028245): -160.6816060261409 -158.8672403837451 -158.2281493491414
 Davidson iteration 0.3 (tol=0.01015325022890381): -160.6823837211372 -158.9135146154034 -158.4872250721092 -158.1128234203739
 Davidson iteration 0.4 (tol=0.003662574772290644): -160.6824267576779 -159.4343001516939 -158.528523103998 -158.470649200225
 Davidson iteration 0.5 (tol=0.001066295972121991): -160.6824324663401 -159.6775209013373 -158.7953494022915 -158.4751084729106
 Davidson iteration 0.6 (tol=0.0003298372134326455): -160.6824329579414 -159.8906277541494 -159.1360403469733 -158.5197743287692
 Davidson iteration 0.7 (tol=0.0001155401451169795): -160.6824330054103 -160.0139727336098 -159.3637629932198 -158.5366393042586
 Davidson iteration 1.0 (tol=0.0001155401451165029): -160.6824330054078
 Davidson iteration 1.1 (tol=4.613647356031132e-05): -160.6824330108391 -159.2144253296197
 Davidson iteration 1.2 (tol=1.876489803810888e-05): -160.6824330121097 -159.8454987849091 -158.5775779310672
 Davidson iteration 1.3 (tol=6.278737564250953e-06): -160.6824330122534 -160.1301539993795 -158.7605816433726 -157.7480024539793
 Elapsed time for davidson 44.36378999999999 (sec) 
 Elapsed time for diagonalization 44.364079 (sec) 
 Elapsed time for mult 1.009326 (sec) 
 Energy = -160.6824330122573
 Elapsed time for measurement 0.114357 (sec) 
 Sample-based diagonalization: Energy = -160.6824330122573
 Sample-based diagonalization: density = [1.999969525441204,1.992609153355076,1.991850931160964,1.991269087832094,1.986103774773675,1.983261419180286,1.983964159363266,1.980336146445571,1.981988660283639,1.980683624545659,1.981676621868127,1.984901529898065,1.980418638873735,0.04755898585307569,0.01610691639213071,0.01558288731663922,0.01520901171721685,0.01366028680600499,0.01431136742492211,0.002851471625339426,0.01361015468073931,0.0167812345208331,0.01243080981931819,0.01286360050819043
 Sample-based diagonalization: carryover bitstrings = [], size = 0
