 Elapsed time for helper construction 0.361944 (sec) 
 Elapsed time for init 0.009061999999999999 (sec) 
 Elapsed time for makeQChamDiagTerms 1.567555 (sec) 
 Davidson iteration 0.0 (tol=0.5391067284383788): -89.16110883991843
 Davidson iteration 0.1 (tol=0.1841705938392375): -89.2926063709359 -87.0511822371019
 Davidson iteration 0.2 (tol=0.04226257376972212): -89.30378646460005 -87.4687883074244 -85.9859524144043
 Davidson iteration 0.3 (tol=0.01136216718838857): -89.30429809063766 -87.56241523833783 -86.44790056020244 -85.7732798314635
 Davidson iteration 0.4 (tol=0.003374177620118178): -89.30433699596132 -87.64312756405592 -86.83242547906436 -86.00006035022697
 Davidson iteration 0.5 (tol=0.001114887232511688): -89.30434041127005 -87.75462659543832 -87.18228827461921 -86.03343570238899
 Davidson iteration 0.6 (tol=0.0003109448266527952): -89.30434077271265 -87.86600304103357 -87.38127459520267 -86.40395575334163
 Davidson iteration 0.7 (tol=8.200823962798495e-05): -89.30434080205229 -87.92155270620422 -87.49479573111483 -86.73858661027619
 Davidson iteration 1.0 (tol=8.20082396270778e-05): -89.30434080205276
 Davidson iteration 1.1 (tol=2.792121241030731e-05): -89.3043408038906 -86.27926898339533
 Davidson iteration 1.2 (tol=9.936922331562019e-06): -89.30434080416165 -87.36020124787464 -85.36948829179912
 Elapsed time for davidson 11.470043 (sec) 
 Elapsed time for diagonalization 11.470176 (sec) 
 Elapsed time for mult 0.541863 (sec) 
 Energy = -89.30434080416165
 Elapsed time for measurement 0.021621 (sec) 
 Sample-based diagonalization: Energy = -89.30434080416165
 Sample-based diagonalization: density = [1.99996667253451,1.989178294917748,1.985735507634219,1.982807734496787,1.985130552434645,1.978513387094952,1.976585865232702,1.977553163098214,1.973831122586793,0.02046088550255774,0.01713415311425164,0.02115716190965387,0.01969178214077168,0.01613551678134235,0.01898375242475471,0.01893812383881251,0.01819632419362095
 Sample-based diagonalization: carryover bitstrings = [], size = 0
