 Elapsed time for helper construction 0.7020339999999999 (sec) 
 Elapsed time for init 0.006606 (sec) 
 Elapsed time for makeQChamDiagTerms 2.552556 (sec) 
 Davidson iteration 0.0 (tol=0.5441164412558992): -147.3166419898918
 Davidson iteration 0.1 (tol=0.2505734245134258): -147.4442780583258 -145.4082886896144
 Davidson iteration 0.2 (tol=0.1170323184139227): -147.4634124812217 -145.8789027861173 -144.6067372500006
 Davidson iteration 0.3 (tol=0.0490067204868256): -147.4675265420333 -146.088187516333 -144.873964648326 -144.1756603745052
 Davidson iteration 0.4 (tol=0.0198425526115248): -147.4681573064825 -146.2424236567581 -145.1054118079639 -144.6598347956201
 Davidson iteration 0.5 (tol=0.007217333619053885): -147.468279286541 -146.4868475946675 -145.2970160493666 -144.7972589651329
 Davidson iteration 0.6 (tol=0.003470654626913349): -147.4682921517046 -146.5971473853228 -145.4641968581687 -144.8319428583853
 Davidson iteration 0.7 (tol=0.001354704847427599): -147.4682947722667 -146.6728139199534 -145.6681959044999 -144.9375294099736
 Davidson iteration 1.0 (tol=0.001354704847414593): -147.4682947722679
 Davidson iteration 1.1 (tol=0.0007115248661255355): -147.4682951823076 -144.4162713896045
 Davidson iteration 1.2 (tol=0.0003610908684242335): -147.4682953322877 -146.3191186208739 -141.2446955741371
 Davidson iteration 1.3 (tol=0.0001756740214323555): -147.4682953735038 -146.8381111369627 -143.8681451716357 -140.2894617891696
 Davidson iteration 1.4 (tol=9.049643722032236e-05): -147.4682953824583 -147.0380714093104 -144.6301493487838 -143.2414639276005
 Davidson iteration 1.5 (tol=5.091482598516727e-05): -147.468295385001 -147.149295914402 -145.6120403783274 -143.8531958922802
 Davidson iteration 1.6 (tol=2.631068855506844e-05): -147.4682953857507 -147.2077783468916 -146.2051855478953 -143.9139455875835
 Davidson iteration 1.7 (tol=1.124421347665658e-05): -147.468295385948 -147.2377712513001 -146.4924219192223 -144.1854780261097
 Davidson iteration 2.0 (tol=1.124421349805351e-05): -147.4682953859471
 Davidson iteration 2.1 (tol=5.821805778450459e-06): -147.468295385979 -145.0161074710394
 Elapsed time for davidson 24.049886 (sec) 
 Elapsed time for diagonalization 24.05005 (sec) 
 Elapsed time for mult 0.6822159999999999 (sec) 
 Energy = -147.4682953859782
 Elapsed time for measurement 0.032254 (sec) 
 Sample-based diagonalization: Energy = -147.4682953859782
 Sample-based diagonalization: density = [1.999997036184997,1.996968080659437,1.992248627092848,1.993641746503604,1.990413093105819,1.98472258957218,1.992056014010729,1.971262445595517,1.975898601457018,1.982643932967403,1.924911561087068,0.1091377008810722,0.02016782200395278,0.00458773499038243,0.01593259521667591,0.02701132103160314,0.01839909747459558
 Sample-based diagonalization: carryover bitstrings = [], size = 0
