 Elapsed time for helper construction 0.538158 (sec) 
 Elapsed time for init 0.014424 (sec) 
 Elapsed time for makeQChamDiagTerms 2.802007 (sec) 
 Davidson iteration 0.0 (tol=0.5560900494335843): -149.8414245126518
 Davidson iteration 0.1 (tol=0.2337155359788144): -149.9768431164875 -147.9706519099265
 Davidson iteration 0.2 (tol=0.09793739915688): -149.9943702291712 -148.3793110166502 -147.256043985108
 Davidson iteration 0.3 (tol=0.03317682447069364): -149.9976812053469 -148.562854938622 -147.5459861109015 -147.1842253367206
 Davidson iteration 0.4 (tol=0.01421581346059194): -149.9980575534271 -148.845435088455 -147.8185320411637 -147.2247142552317
 Davidson iteration 0.5 (tol=0.005976781447382192): -149.9981384774735 -149.1952864243909 -148.04952585805 -147.5661762876826
 Davidson iteration 0.6 (tol=0.002437953503651682): -149.9981512864272 -149.3106094031465 -148.1657494053873 -147.6897385676151
 Davidson iteration 0.7 (tol=0.0009546999729117082): -149.9981533706363 -149.3979515349814 -148.5579956313975 -147.7972924680896
 Davidson iteration 1.0 (tol=0.0009546999729092941): -149.998153370637
 Davidson iteration 1.1 (tol=0.0004151683578866008): -149.9981536608676 -147.9734919002923
 Davidson iteration 1.2 (tol=0.0002132952440948351): -149.9981537408054 -149.0469890281039 -147.2462952694915
 Davidson iteration 1.3 (tol=9.200879439250851e-05): -149.9981537563602 -149.3389108206936 -147.5527198881813 -146.4128183608921
 Davidson iteration 1.4 (tol=3.728000083531503e-05): -149.9981537591799 -149.4530224954422 -147.7711722598814 -147.0963601305129
 Davidson iteration 1.5 (tol=1.478335605711585e-05): -149.9981537597315 -149.5568652563853 -148.3034303843475 -147.6344474366799
 Davidson iteration 1.6 (tol=5.710185854586489e-06): -149.9981537598083 -149.5855552198763 -148.6502919089279 -148.0487746527604
 Elapsed time for davidson 20.331168 (sec) 
 Elapsed time for diagonalization 20.331294 (sec) 
 Elapsed time for mult 0.6218899999999999 (sec) 
 Energy = -149.9981537598062
 Elapsed time for measurement 0.03802 (sec) 
 Sample-based diagonalization: Energy = -149.9981537598062
 Sample-based diagonalization: density = [1.999996887693628,1.99580627064133,1.992626945209344,1.991427378265433,1.990756242449195,1.987935399897885,1.989898374182977,1.97322726299484,1.969559556056869,1.984078513682097,1.928276514564136,0.1087738912323307,0.01693712999747187,0.007912781305066667,0.005599851157415929,0.0155473385095692,0.02296647452450225,0.01867318747070365
 Sample-based diagonalization: carryover bitstrings = [], size = 0
