 Elapsed time for helper construction 1.025629 (sec) 
 Elapsed time for init 0.014986 (sec) 
 Elapsed time for makeQChamDiagTerms 8.659941999999999 (sec) 
 Davidson iteration 0.0 (tol=0.6153593721523329): -124.7007915245972
 Davidson iteration 0.1 (tol=0.1231488170152142): -124.8771853403443 -122.6300306161692
 Davidson iteration 0.2 (tol=0.0201472063996656): -124.8826293740511 -122.8691090192431 -122.0856376839198
 Davidson iteration 0.3 (tol=0.004896810236474237): -124.8827770406718 -122.9971356620031 -122.4357999418152 -121.9598530671523
 Davidson iteration 0.4 (tol=0.001365351276029086): -124.882786162337 -123.1867564149258 -122.6692614452188 -121.9938148656409
 Davidson iteration 0.5 (tol=0.0003305251414065581): -124.8827867907611 -123.3643614034327 -122.7941307422146 -122.0950343008118
 Davidson iteration 0.6 (tol=7.125006991879261e-05): -124.8827868263328 -123.4402590814208 -122.869360350928 -122.2522822022828
 Davidson iteration 0.7 (tol=1.644932724724142e-05): -124.8827868279951 -123.4645812500653 -122.9337157400812 -122.4286594665114
 Davidson iteration 1.0 (tol=1.644932724767408e-05): -124.8827868279951
 Davidson iteration 1.1 (tol=5.081146031720752e-06): -124.8827868280828 -122.1442080876716
 Elapsed time for davidson 29.490269 (sec) 
 Elapsed time for diagonalization 29.49058 (sec) 
 Elapsed time for mult 0.8827039999999999 (sec) 
 Energy = -124.8827868280829
 Elapsed time for measurement 0.079813 (sec) 
 Sample-based diagonalization: Energy = -124.8827868280829
 Sample-based diagonalization: density = [1.999983798910556,1.990998459274035,1.989247719479382,1.987555408447908,1.985016395201521,1.985717220582647,1.984317798918217,1.984517486664242,1.980289091760695,1.982714998910555,1.97895744009565,1.979609999819373,0.01256042788641587,0.01906707127945415,0.01707424590263343,0.01746275992779033,0.01519063156160725,0.01633110332907243,0.01434192548701006,0.01657882261679333,0.01430577305657367,0.01519126415645357,0.01297015647871861
 Sample-based diagonalization: carryover bitstrings = [], size = 0
