 Elapsed time for helper construction 0.332383 (sec) 
 Elapsed time for init 0.006405 (sec) 
 Elapsed time for makeQChamDiagTerms 0.6611939999999999 (sec) 
 Davidson iteration 0.0 (tol=0.6150353726460455): -92.07162463213854
 Davidson iteration 0.1 (tol=0.2767929982262353): -92.24162922474737 -90.22737772922726
 Davidson iteration 0.2 (tol=0.127379079334442): -92.26486102720555 -90.5745150585166 -89.12772702157248
 Davidson iteration 0.3 (tol=0.05157010752123847): -92.26914748385967 -90.69158871311326 -89.43606185528459 -88.75451376651029
 Davidson iteration 0.4 (tol=0.01971877984436179): -92.26982363323251 -90.83512527640542 -89.68670045722827 -88.83865068744724
 Davidson iteration 0.5 (tol=0.007575547035145461): -92.26991059846638 -90.94922536431032 -89.88361825191281 -89.30949185489094
 Davidson iteration 0.6 (tol=0.003066171014514201): -92.26992528007094 -91.03861222114067 -90.09991429933058 -89.31738450607575
 Davidson iteration 0.7 (tol=0.001181101458939195): -92.26992740830858 -91.11637501270138 -90.28549952999165 -89.48510253692766
 Davidson iteration 1.0 (tol=0.001181101458939579): -92.26992740830752
 Davidson iteration 1.1 (tol=0.0005454617630314293): -92.26992772260937 -89.26213204408174
 Davidson iteration 1.2 (tol=0.0002317140454364967): -92.26992781069785 -90.52049620852225 -87.54529345828861
 Davidson iteration 1.3 (tol=0.0001054598356029461): -92.26992782595701 -91.01353321641169 -88.97834716112948 -86.85788814382353
 Davidson iteration 1.4 (tol=4.0667870689468e-05): -92.26992782859774 -91.26260576922492 -89.02181145861493 -88.14360335623448
 Davidson iteration 1.5 (tol=1.540779519932878e-05): -92.26992782902526 -91.38081476194769 -89.40120797494163 -88.84903983993307
 Davidson iteration 1.6 (tol=6.204902576962584e-06): -92.26992782908843 -91.41287653962773 -90.13565192282259 -89.39528731935143
 Elapsed time for davidson 15.845625 (sec) 
 Elapsed time for diagonalization 15.846081 (sec) 
 Elapsed time for mult 0.575998 (sec) 
 Energy = -92.26992782908758
 Elapsed time for measurement 2.998727 (sec) 
 Sample-based diagonalization: Energy = -92.26992782908758
 Sample-based diagonalization: density = [1.999965284932951,1.987252094306154,1.984536295165476,1.97886669769883,1.978541062256977,1.970078246688231,1.975101017739722,1.895429064074487,1.982364320697658,0.1103079096291733,0.02513834611651829,0.02711143182454036,0.02388447483138108,0.02071911503012056,0.02082330865333441,0.01988133035160972
 Sample-based diagonalization: carryover bitstrings = [], size = 0
 Elapse time for dumping one-particle rdm = 0.000442
 Elapse time for dumping two-particle rdm = 0.058689
 Zero-Body energy = 0
 One-Body energy = -151.811144084593
 Two-Body energy = 59.54121625552253
 One-Body + Two-Body energy = -92.26992782907044
 Zero-Body + One-Body + Two-Body energy = -92.26992782907044
