 Elapsed time for helper construction 1.102936 (sec) 
 Elapsed time for init 0.01815 (sec) 
 Elapsed time for makeQChamDiagTerms 13.509077 (sec) 
 Davidson iteration 0.0 (tol=0.5213658114809093): -179.5522606911816
 Davidson iteration 0.1 (tol=0.1166986894693803): -179.6760583258101 -177.7230940781337
 Davidson iteration 0.2 (tol=0.02762542489081087): -179.6821943848013 -178.1441517160549 -177.6458811183878
 Davidson iteration 0.3 (tol=0.005907120145406522): -179.6825479861866 -178.2251753459467 -177.9681956181592 -177.6056599849005
 Davidson iteration 0.4 (tol=0.001792330721566164): -179.6825658275359 -178.636846441304 -178.0153613110298 -177.6377836259738
 Davidson iteration 0.5 (tol=0.0005752540993616932): -179.6825676783344 -178.8695194166685 -178.3202430897956 -177.8207438944744
 Davidson iteration 0.6 (tol=0.0001371067436983262): -179.682567840859 -178.9792004526526 -178.3202482355872 -178.1391589192121
 Davidson iteration 0.7 (tol=3.366794648979746e-05): -179.6825678501228 -179.0465844740184 -178.5131690130371 -178.1737625378993
 Davidson iteration 1.0 (tol=3.366794648964943e-05): -179.6825678501221
 Davidson iteration 1.1 (tol=1.05334915587176e-05): -179.682567850677 -178.4866603768316
 Davidson iteration 1.2 (tol=3.401183465741626e-06): -179.6825678507559 -178.9978721178873 -177.8011870851477
 Elapsed time for davidson 36.31244 (sec) 
 Elapsed time for diagonalization 36.312648 (sec) 
 Elapsed time for mult 0.692844 (sec) 
 Energy = -179.6825678507556
 Elapsed time for measurement 0.110958 (sec) 
 Sample-based diagonalization: Energy = -179.6825678507556
 Sample-based diagonalization: density = [1.999983973711866,1.996517671247444,1.995227089826301,1.996942062294643,1.994092609719338,1.994792968955974,1.995824679770145,1.994755906927499,1.990007410356516,1.98826069537452,1.990130859180671,1.98146959543996,1.996544632580071,1.992514200598378,1.95236776478998,0.06863368319583929,0.01062932893478717,0.006603756686856426,0.008253039481784488,0.003058832731647374,0.004733543438081154,0.008328029876303177,0.008721023468706993,0.009364313552415803,0.0122423276566233
 Sample-based diagonalization: carryover bitstrings = [], size = 0
