 Elapsed time for helper construction 1.076614 (sec) 
 Elapsed time for init 0.040708 (sec) 
 Elapsed time for makeQChamDiagTerms 17.720499 (sec) 
 Davidson iteration 0.0 (tol=0.5044074578434963): -185.3381119961396
 Davidson iteration 0.1 (tol=0.06632266972434413): -185.4622864468593 -183.4514538157793
 Davidson iteration 0.2 (tol=0.01437898375520557): -185.4645290640076 -184.0139044581922 -183.375784875014
 Davidson iteration 0.3 (tol=0.003203870477094075): -185.4646399709028 -184.0894598215483 -183.8160725921796 -183.3211453600631
 Davidson iteration 0.4 (tol=0.0008106939378966012): -185.4646460886192 -184.5121245458989 -183.8264329225974 -183.6025697704074
 Davidson iteration 0.5 (tol=0.0002470949728857892): -185.4646464751124 -184.7152917949136 -184.0142768302067 -183.7590918860419
 Davidson iteration 0.6 (tol=9.693034273605012e-05): -185.4646465222075 -184.9437979724443 -184.3722937324029 -183.8881652263455
 Davidson iteration 0.7 (tol=3.200891551092388e-05): -185.46464652869 -185.1035110618938 -184.4818899857296 -183.8994582100489
 Davidson iteration 1.0 (tol=3.200891551121317e-05): -185.4646465286896
 Davidson iteration 1.1 (tol=1.010187530422135e-05): -185.4646465291653 -183.7600265745716
 Davidson iteration 1.2 (tol=3.519092568300496e-06): -185.4646465292334 -184.5049760142613 -183.3959220504755
 Elapsed time for davidson 44.155516 (sec) 
 Elapsed time for diagonalization 44.155757 (sec) 
 Elapsed time for mult 1.259169 (sec) 
 Energy = -185.4646465292354
 Elapsed time for measurement 0.129066 (sec) 
 Sample-based diagonalization: Energy = -185.4646465292354
 Sample-based diagonalization: density = [1.999995490140248,1.996951278520817,1.996707186361136,1.994677457811335,1.994405690205805,1.993298829303973,1.990528604501114,1.994521117384831,1.994258660391843,1.987826091456255,1.98493357712233,1.989680686916744,1.986262081002986,1.974996525663384,1.997712895794694,1.992241139280827,0.04259204476326266,0.004262480892326077,0.01120638094925077,0.005781562717008222,0.00815267315493012,0.009172076446999064,0.008775166218416282,0.007453168354745395,0.007557474382949475,0.006284305454642275,0.003106133952779612,0.00378660647627241,0.002776397960562291,0.01009621627734006
 Sample-based diagonalization: carryover bitstrings = [], size = 0
