 Elapsed time for helper construction 1.511596 (sec) 
 Elapsed time for init 0.052209 (sec) 
 Elapsed time for makeQChamDiagTerms 12.176946 (sec) 
 Davidson iteration 0.0 (tol=0.6408148001983462): -126.4069745378871
 Davidson iteration 0.1 (tol=0.1941862349753372): -126.5911079582875 -124.272355949082
 Davidson iteration 0.2 (tol=0.04022634386526245): -126.6033673351417 -124.6200196061388 -123.405548878148
 Davidson iteration 0.3 (tol=0.01064768356614702): -126.6038612050607 -124.7080739957264 -123.7865597978308 -123.354173701555
 Davidson iteration 0.4 (tol=0.003075010808680637): -126.60389851707 -124.8420309223843 -124.1601244832193 -123.5439973846207
 Davidson iteration 0.5 (tol=0.0008905539863274496): -126.6039015158747 -125.0133646937026 -124.4188705024088 -123.5481409964087
 Davidson iteration 0.6 (tol=0.0002447882349304826): -126.6039017638028 -125.1443518822755 -124.5688901402629 -123.85850893451
 Davidson iteration 0.7 (tol=6.578121154653548e-05): -126.6039017828175 -125.2092998470268 -124.6717167702812 -124.0487478990209
 Davidson iteration 1.0 (tol=6.578121154674484e-05): -126.6039017828178
 Davidson iteration 1.1 (tol=2.218828463555349e-05): -126.6039017840783 -123.7098335117081
 Davidson iteration 1.2 (tol=6.958326807560983e-06): -126.6039017842573 -124.7383607627378 -122.7724642183236
 Elapsed time for davidson 59.452157 (sec) 
 Elapsed time for diagonalization 59.46520899999999 (sec) 
 Elapsed time for mult 2.518417 (sec) 
 Energy = -126.6039017842565
 Elapsed time for measurement 0.145757 (sec) 
 Sample-based diagonalization: Energy = -126.6039017842565
 Sample-based diagonalization: density = [1.999971692846714,1.990348681984038,1.988964614905956,1.986254857203842,1.988652865129531,1.982017234793245,1.981088602145282,1.980011905224334,1.984234034439346,1.978721258236101,1.978453129205302,1.969971555092417,0.02342060623360229,0.02028473304510313,0.01967533012347097,0.01901849700350204,0.01665162890401077,0.01613951961948533,0.01638551608884438,0.01493202547542782,0.01241009401310858,0.01532944161538183,0.01706217631597738
 Sample-based diagonalization: carryover bitstrings = [], size = 0
