 Elapsed time for helper construction 1.39242 (sec) 
 Elapsed time for init 0.017688 (sec) 
 Elapsed time for makeQChamDiagTerms 15.103329 (sec) 
 Davidson iteration 0.0 (tol=0.6598724164306081): -147.7630023632359
 Davidson iteration 0.1 (tol=0.1564919906779129): -147.976367265722 -146.1704505909558
 Davidson iteration 0.2 (tol=0.03867341858297151): -147.9879792490284 -146.3266612353189 -146.1561279961804
 Davidson iteration 0.3 (tol=0.009813227930116792): -147.9886816812089 -146.3849474173859 -146.3257566557321 -146.0230355268541
 Davidson iteration 0.4 (tol=0.003100750172489192): -147.9887328556308 -146.7368285613001 -146.3292238507667 -146.1526062404877
 Davidson iteration 0.5 (tol=0.0009510324490735589): -147.9887383123072 -147.0640527063991 -146.3784857422662 -146.3291155435335
 Davidson iteration 0.6 (tol=0.0002686646804583773): -147.988738767723 -147.2066745414882 -146.4014031655922 -146.3341589814245
 Davidson iteration 0.7 (tol=8.37542596887079e-05): -147.9887388081519 -147.3287237738594 -146.5984042444753 -146.4012084425624
 Davidson iteration 1.0 (tol=8.375425970655551e-05): -147.9887388081523
 Davidson iteration 1.1 (tol=2.795231247425701e-05): -147.9887388116963 -146.4684500853072
 Davidson iteration 1.2 (tol=1.144603550260253e-05): -147.9887388123648 -147.2741940084259 -146.1094161443497
 Davidson iteration 1.3 (tol=3.183470882123364e-06): -147.9887388124282 -147.4247940454891 -146.245405551976 -145.8687142657998
 Elapsed time for davidson 44.719262 (sec) 
 Elapsed time for diagonalization 44.720709 (sec) 
 Elapsed time for mult 0.9026869999999999 (sec) 
 Energy = -147.9887388124297
 Elapsed time for measurement 0.124546 (sec) 
 Sample-based diagonalization: Energy = -147.9887388124297
 Sample-based diagonalization: density = [1.999983457449374,1.992248067567031,1.991296297166562,1.988156733621013,1.991267250496802,1.987265423530388,1.98534160303658,1.985815765348419,1.981968331193763,1.982405146634449,1.978425927427302,1.983560581288927,1.939274776802161,1.960832866484096,0.04738951182880054,0.06246170701939247,0.03148505013706013,0.0139629073656083,0.01141282752547488,0.01701129497411633,0.01332060720543232,0.01091283824372399,0.01175958785828605,0.01065194996407426,0.01118446607292703,0.01060502344924998
 Sample-based diagonalization: carryover bitstrings = [], size = 0
