 Elapsed time for helper construction 1.148448 (sec) 
 Elapsed time for init 0.044375 (sec) 
 Elapsed time for makeQChamDiagTerms 15.32192 (sec) 
 Davidson iteration 0.0 (tol=0.6150329026627682): -178.9599781009092
 Davidson iteration 0.1 (tol=0.1789746148877756): -179.1265984279537 -177.0661902031488
 Davidson iteration 0.2 (tol=0.05002494640370554): -179.1390105086109 -177.350340343166 -176.910134986949
 Davidson iteration 0.3 (tol=0.01374904648184112): -179.1400412389474 -177.4913136036654 -177.0231752161904 -176.9086980544853
 Davidson iteration 0.4 (tol=0.005052045791439367): -179.140123746292 -177.8692729440928 -177.0266216110339 -176.9088117938342
 Davidson iteration 0.5 (tol=0.001714770083923037): -179.1401364500349 -178.2825826182174 -177.0628225292728 -177.0165547010939
 Davidson iteration 0.6 (tol=0.0005363119833971514): -179.1401377553069 -178.4191873061143 -177.1997292193948 -177.0609494271517
 Davidson iteration 0.7 (tol=0.0002032673335782647): -179.1401378980992 -178.500771684059 -177.8886102740809 -177.1051460161305
 Davidson iteration 1.0 (tol=0.0002032673335612944): -179.1401378980981
 Davidson iteration 1.1 (tol=8.534708273232683e-05): -179.140137916834 -177.6741683540896
 Davidson iteration 1.2 (tol=4.620271824151951e-05): -179.140137922726 -178.5954302389779 -177.0696831632638
 Davidson iteration 1.3 (tol=1.700452020682559e-05): -179.1401379237822 -178.7717932767478 -177.1857224063446 -176.8327334787764
 Davidson iteration 1.4 (tol=6.818241462454024e-06): -179.1401379239267 -178.8310189508634 -177.4455244506173 -177.10075451629
 Elapsed time for davidson 53.23119999999999 (sec) 
 Elapsed time for diagonalization 53.232364 (sec) 
 Elapsed time for mult 1.555818 (sec) 
 Energy = -179.1401379239286
 Elapsed time for measurement 0.118612 (sec) 
 Sample-based diagonalization: Energy = -179.1401379239286
 Sample-based diagonalization: density = [1.999983110217733,1.995953970627453,1.994846758904635,1.993181794987937,1.989944187914348,1.991901054621649,1.98836364518095,1.991117286412445,1.987178452869018,1.990116902105635,1.983856951603824,1.973454422123032,1.993911628698991,1.986407333804406,1.952648376335999,0.08257210538700044,0.002818346450757737,0.01307857376914064,0.004826391674427112,0.01042387888958936,0.01231372052865741,0.01348958454353217,0.006787556901494466,0.01258484485479285,0.01362356139253421,0.01461555889565036
 Sample-based diagonalization: carryover bitstrings = [], size = 0
