 Elapsed time for helper construction 0.895864 (sec) 
 Elapsed time for init 0.013362 (sec) 
 Elapsed time for makeQChamDiagTerms 9.369004 (sec) 
 Davidson iteration 0.0 (tol=0.4781209496427418): -165.735188566932
 Davidson iteration 0.1 (tol=0.1450222895735293): -165.8441876768648 -164.0300483855918
 Davidson iteration 0.2 (tol=0.04383652692530787): -165.8531920470707 -164.4288154445183 -163.7823247840544
 Davidson iteration 0.3 (tol=0.01433443552389442): -165.8540250448328 -164.6902559717532 -163.7844618249622 -163.5308924416895
 Davidson iteration 0.4 (tol=0.004944261004158269): -165.8541165741661 -164.9654013056826 -163.9831272441949 -163.7053238935034
 Davidson iteration 0.5 (tol=0.001503922386607127): -165.8541292997464 -165.1815327889037 -164.0324756383595 -163.9394970888023
 Davidson iteration 0.6 (tol=0.0005884828853697182): -165.8541304050199 -165.2899959044244 -164.5700102299608 -164.0242435396311
 Davidson iteration 0.7 (tol=0.000178201207896876): -165.8541305648134 -165.3037790899384 -164.6802725679788 -164.3868310501385
 Davidson iteration 1.0 (tol=0.0001782012078983136): -165.8541305648141
 Davidson iteration 1.1 (tol=6.238086359019996e-05): -165.8541305771221 -164.0962959760903
 Davidson iteration 1.2 (tol=2.325403686546605e-05): -165.8541305790376 -164.7856142569131 -163.4306161615599
 Davidson iteration 1.3 (tol=8.781349841277905e-06): -165.8541305793309 -165.2841711685102 -163.8211249013858 -163.2023136895237
 Elapsed time for davidson 30.50034 (sec) 
 Elapsed time for diagonalization 30.500676 (sec) 
 Elapsed time for mult 0.588401 (sec) 
 Energy = -165.854130579331
 Elapsed time for measurement 0.07885099999999999 (sec) 
 Sample-based diagonalization: Energy = -165.854130579331
 Sample-based diagonalization: density = [1.999994055136023,1.995588613076795,1.996808041679392,1.995982594393529,1.994202862523174,1.992612189634906,1.98838542438353,1.993783714612304,1.9914170513167,1.973264220060096,1.998283066451157,1.989777778014212,1.994164705402929,1.944219470887052,0.0948930131597488,0.00424419208863867,0.005578411774545083,0.008089562470652616,0.005441811211042269,0.003242267085812793,0.007793406962785813,0.01286935518564079,0.009364192227098448
 Sample-based diagonalization: carryover bitstrings = [], size = 0
