 Elapsed time for helper construction 1.422578 (sec) 
 Elapsed time for init 0.023281 (sec) 
 Elapsed time for makeQChamDiagTerms 14.82544 (sec) 
 Davidson iteration 0.0 (tol=0.6504457465000875): -139.3213789487836
 Davidson iteration 0.1 (tol=0.1736672444224845): -139.5044783798208 -137.221448745799
 Davidson iteration 0.2 (tol=0.05298330485699682): -139.5154081736947 -137.7388844319856 -136.9414981785544
 Davidson iteration 0.3 (tol=0.01543567676279688): -139.5164848373695 -137.9620028197392 -137.0842203383151 -136.9225044433224
 Davidson iteration 0.4 (tol=0.005894261091157274): -139.5166088591018 -138.5619601649089 -137.299843593824 -137.0609341353309
 Davidson iteration 0.5 (tol=0.0024291060581125): -139.5166254779238 -138.8816718819907 -137.5322707267237 -137.0645080945464
 Davidson iteration 0.6 (tol=0.0007625196357372926): -139.5166279877058 -138.9625007435487 -137.8154647746248 -137.1483956521058
 Davidson iteration 0.7 (tol=0.0002248852929242635): -139.5166282222891 -138.9999604309341 -138.0784315601736 -137.2055823149413
 Davidson iteration 1.0 (tol=0.000224885292926305): -139.5166282222913
 Davidson iteration 1.1 (tol=8.1784093882621e-05): -139.5166282400175 -137.4068746270028
 Davidson iteration 1.2 (tol=3.332674676056909e-05): -139.5166282434394 -138.3572832706051 -136.7212610771682
 Davidson iteration 1.3 (tol=1.472278652448532e-05): -139.5166282439677 -138.8380752340841 -136.867779802877 -136.5876977411365
 Davidson iteration 1.4 (tol=6.588632388553425e-06): -139.5166282440862 -139.071086970695 -137.4806843184151 -136.817885760392
 Elapsed time for davidson 54.695437 (sec) 
 Elapsed time for diagonalization 54.695832 (sec) 
 Elapsed time for mult 1.198669 (sec) 
 Energy = -139.5166282440846
 Elapsed time for measurement 0.123205 (sec) 
 Sample-based diagonalization: Energy = -139.5166282440846
 Sample-based diagonalization: density = [1.999972481472648,1.993596085058956,1.992182838111832,1.988052557102096,1.98837259770548,1.983557757043052,1.982633780916065,1.981663018750935,1.97643124573165,1.963633120196734,1.991961210226818,1.985885652134346,1.981259600310773,0.04476738644936649,0.01503339481244221,0.02213878801968168,0.02159366892650359,0.01373300241608891,0.01620773473143075,0.01281882653293839,0.01158203696088876,0.01123306946447607,0.010347155280144,0.01134299129644498
 Sample-based diagonalization: carryover bitstrings = [], size = 0
