 Elapsed time for helper construction 0.61254 (sec) 
 Elapsed time for init 0.018905 (sec) 
 Elapsed time for makeQChamDiagTerms 2.81644 (sec) 
 Davidson iteration 0.0 (tol=0.5319202514998645): -89.32601166382885
 Davidson iteration 0.1 (tol=0.1824643788504484): -89.45383176869402 -87.21261722134555
 Davidson iteration 0.2 (tol=0.04401236991637069): -89.46477203215233 -87.64151738393434 -86.13377727163459
 Davidson iteration 0.3 (tol=0.01177851670083315): -89.46531370123559 -87.73767812525296 -86.57906625676095 -85.82316294965318
 Davidson iteration 0.4 (tol=0.003528785333671135): -89.46535451875404 -87.81349853931606 -86.97070340556049 -86.07749492580719
 Davidson iteration 0.5 (tol=0.001169629952062581): -89.46535820502925 -87.91744958919844 -87.34414950083027 -86.09266576275353
 Davidson iteration 0.6 (tol=0.0003314072682885144): -89.46535859135658 -88.01227840427221 -87.54786660573076 -86.52628212533024
 Davidson iteration 0.7 (tol=9.097840796492554e-05): -89.46535862348659 -88.06673973668291 -87.66955684374724 -86.83931258054031
 Davidson iteration 1.0 (tol=9.097840796466559e-05): -89.46535862348678
 Davidson iteration 1.1 (tol=3.22776732711915e-05): -89.46535862559276 -86.14663309983634
 Davidson iteration 1.2 (tol=1.137020645219671e-05): -89.4653586259484 -87.48347899604771 -85.16980399129208
 Davidson iteration 1.3 (tol=3.6278835743761e-06): -89.46535862598486 -87.92353779945745 -85.9175252395539 -84.68631838517884
 Elapsed time for davidson 21.463667 (sec) 
 Elapsed time for diagonalization 21.463844 (sec) 
 Elapsed time for mult 0.7617189999999999 (sec) 
 Energy = -89.46535862598451
 Elapsed time for measurement 0.038851 (sec) 
 Sample-based diagonalization: Energy = -89.46535862598451
 Sample-based diagonalization: density = [1.999965283540498,1.989585486862595,1.985439538154322,1.985848984139201,1.980939189503866,1.979914923566036,1.975494944079391,1.975592426933339,1.980022696960858,0.01012804270610971,0.02253680280593541,0.02183443085042551,0.02159666807138763,0.01906774914106102,0.01950831815247115,0.0141560375208779,0.01836847688011375
 Sample-based diagonalization: carryover bitstrings = [], size = 0
