 Elapsed time for helper construction 0.726561 (sec) 
 Elapsed time for init 0.005305 (sec) 
 Elapsed time for makeQChamDiagTerms 3.05648 (sec) 
 Davidson iteration 0.0 (tol=0.5655657225990007): -147.3246718166435
 Davidson iteration 0.1 (tol=0.2424055545482707): -147.4595790066097 -145.4115841306369
 Davidson iteration 0.2 (tol=0.1041563464210667): -147.4776782650254 -145.8442894305636 -144.7507399389929
 Davidson iteration 0.3 (tol=0.03809098784523773): -147.4811088848611 -146.0243997905787 -144.8728611444254 -144.5645056738334
 Davidson iteration 0.4 (tol=0.01549927894444869): -147.4815401907294 -146.2569938341159 -145.1313047193926 -144.7532193010105
 Davidson iteration 0.5 (tol=0.005814945579632001): -147.4816285438327 -146.5942219810275 -145.3413445714613 -144.9983691755066
 Davidson iteration 0.6 (tol=0.002503302681400703): -147.4816394072917 -146.728611565229 -145.5225884796534 -145.0365412127983
 Davidson iteration 0.7 (tol=0.0009881940253673284): -147.4816411453046 -146.7885079747167 -145.7751105932533 -145.1846504622278
 Davidson iteration 1.0 (tol=0.0009881940253743801): -147.4816411453047
 Davidson iteration 1.1 (tol=0.0004691535228435524): -147.4816414029918 -144.993836712015
 Davidson iteration 1.2 (tol=0.0002143913978201217): -147.4816414818878 -146.1934252847395 -143.3456276449312
 Davidson iteration 1.3 (tol=8.779686326120273e-05): -147.4816414977602 -146.6445601301368 -144.5440764586086 -143.0627931141719
 Davidson iteration 1.4 (tol=3.931542254554049e-05): -147.4816415001322 -146.8342994038591 -144.8110311308476 -144.5254730776416
 Davidson iteration 1.5 (tol=1.775002063369379e-05): -147.4816415006472 -146.9664049888067 -145.7532048031432 -144.565096980087
 Davidson iteration 1.6 (tol=9.126772000026436e-06): -147.4816415007644 -147.0714072796199 -146.3756997081723 -145.0508888377454
 Elapsed time for davidson 21.184475 (sec) 
 Elapsed time for diagonalization 21.184571 (sec) 
 Elapsed time for mult 0.6149049999999999 (sec) 
 Energy = -147.4816415007646
 Elapsed time for measurement 0.035712 (sec) 
 Sample-based diagonalization: Energy = -147.4816415007646
 Sample-based diagonalization: density = [1.999997084271082,1.995952540281698,1.992403288552925,1.994054526190313,1.987912778584078,1.986559756539032,1.991124733772351,1.973493580418872,1.973393236298785,1.986033315111007,1.925707942563681,0.1075973913432196,0.005669419951837805,0.01565500473104493,0.01129812366683554,0.01553951801214073,0.01741411643897439,0.02019364310320636
 Sample-based diagonalization: carryover bitstrings = [], size = 0
