 Elapsed time for helper construction 1.103939 (sec) 
 Elapsed time for init 0.018113 (sec) 
 Elapsed time for makeQChamDiagTerms 11.424176 (sec) 
 Davidson iteration 0.0 (tol=0.6306109322729212): -160.4775384137821
 Davidson iteration 0.1 (tol=0.1418465341198393): -160.6412781305382 -158.3343800344851
 Davidson iteration 0.2 (tol=0.03611304520552559): -160.6497773361887 -159.0143448273149 -158.3131451131781
 Davidson iteration 0.3 (tol=0.007522494093010674): -160.6502964705641 -159.0728783267691 -158.5856814481926 -158.2245689165039
 Davidson iteration 0.4 (tol=0.002577451605726291): -160.6503227139493 -159.5984827121017 -158.5865118047148 -158.5615457177623
 Davidson iteration 0.5 (tol=0.000733819695333797): -160.6503257105674 -159.7760375842813 -158.9045377415798 -158.5855848450601
 Davidson iteration 0.6 (tol=0.000209680549751774): -160.6503259632521 -159.9255956422587 -159.2605113842057 -158.6640306219517
 Davidson iteration 0.7 (tol=6.578032431457401e-05): -160.6503259833205 -160.0121983348226 -159.4740915055314 -158.7155914180117
 Davidson iteration 1.0 (tol=6.578032431353861e-05): -160.6503259833188
 Davidson iteration 1.1 (tol=2.487029664934932e-05): -160.6503259852176 -159.2736597695009
 Davidson iteration 1.2 (tol=9.397780880314415e-06): -160.650325985605 -159.8267089103746 -158.6995774173458
 Elapsed time for davidson 35.160194 (sec) 
 Elapsed time for diagonalization 35.16037 (sec) 
 Elapsed time for mult 0.870756 (sec) 
 Energy = -160.6503259856077
 Elapsed time for measurement 0.102153 (sec) 
 Sample-based diagonalization: Energy = -160.6503259856077
 Sample-based diagonalization: density = [1.99997208061551,1.992951173112321,1.993188653963384,1.992198234068092,1.988929015456772,1.984034155651931,1.988278303562632,1.98236393493628,1.984772465055662,1.980918808212194,1.990104282662816,1.985147029531308,1.981015872130678,0.04594166951276905,0.01300345966468956,0.01246835547941915,0.01342445985613537,0.01011894482269386,0.01086938765916654,0.002373815898702115,0.009411014212005393,0.01527484999160229,0.0117295575605849,0.01151047615014846
 Sample-based diagonalization: carryover bitstrings = [], size = 0
