 Elapsed time for helper construction 0.8948579999999999 (sec) 
 Elapsed time for init 0.012079 (sec) 
 Elapsed time for makeQChamDiagTerms 8.903948999999999 (sec) 
 Davidson iteration 0.0 (tol=0.6266155242203005): -155.2782397315873
 Davidson iteration 0.1 (tol=0.1860625248897275): -155.4486537036487 -153.2902190664458
 Davidson iteration 0.2 (tol=0.0573798156550319): -155.4605587404261 -153.5593306665048 -152.8996477993335
 Davidson iteration 0.3 (tol=0.01481953650220167): -155.4617536939369 -153.7488817969657 -153.0067187349864 -152.7578008168122
 Davidson iteration 0.4 (tol=0.005314182645276428): -155.4618453351884 -154.1752995155064 -153.185905142822 -152.9280668327061
 Davidson iteration 0.5 (tol=0.001943964012275549): -155.4618578419814 -154.6287963066443 -153.3629580421473 -153.0679518029997
 Davidson iteration 0.6 (tol=0.0006867046936943398): -155.4618594238837 -154.7436114730909 -153.5075822467346 -153.1670411595708
 Davidson iteration 0.7 (tol=0.0002589498211042556): -155.4618596590465 -154.8534094737339 -154.1157298547589 -153.3741397106463
 Davidson iteration 1.0 (tol=0.000258949821094385): -155.4618596590472
 Davidson iteration 1.1 (tol=8.497494050127246e-05): -155.4618596835404 -153.2929645705353
 Davidson iteration 1.2 (tol=4.237379661722577e-05): -155.4618596884329 -154.6863216763214 -153.082760261786
 Davidson iteration 1.3 (tol=1.541439889042612e-05): -155.4618596891588 -154.8383092638485 -153.2799169463346 -152.7814269913166
 Davidson iteration 1.4 (tol=5.561231311182586e-06): -155.4618596892601 -154.962635078694 -153.3278838328757 -153.2347597733902
 Elapsed time for davidson 33.097602 (sec) 
 Elapsed time for diagonalization 33.097702 (sec) 
 Elapsed time for mult 0.766274 (sec) 
 Energy = -155.4618596892558
 Elapsed time for measurement 0.07833899999999999 (sec) 
 Sample-based diagonalization: Energy = -155.4618596892558
 Sample-based diagonalization: density = [1.999989442248271,1.992059958524466,1.993471663374743,1.989390086213514,1.987436567359359,1.984247553111955,1.98678169529379,1.984183321840761,1.987572281599066,1.965071861825884,1.997013309501706,1.990799169574811,1.955495555068984,0.07710839534147713,0.01049803654921751,0.009253268791848004,0.01186093891562773,0.0144988474757287,0.01195520868694811,0.009489121425763681,0.01468187620772489,0.01425135326954358,0.01289048753753809
 Sample-based diagonalization: carryover bitstrings = [], size = 0
