 Elapsed time for helper construction 1.585058 (sec) 
 Elapsed time for init 0.021762 (sec) 
 Elapsed time for makeQChamDiagTerms 11.853907 (sec) 
 Davidson iteration 0.0 (tol=0.6197641634628858): -114.3157901705952
 Davidson iteration 0.1 (tol=0.1869864069804861): -114.4898907187294 -112.1938756213915
 Davidson iteration 0.2 (tol=0.03865611229633305): -114.5017100912302 -112.5793959937447 -111.3447214447081
 Davidson iteration 0.3 (tol=0.01040327162647087): -114.502182556315 -112.6858374327646 -111.7918077207472 -111.2402669833935
 Davidson iteration 0.4 (tol=0.003058039420013757): -114.5022192949462 -112.8228281936162 -112.1218461700716 -111.4954929055841
 Davidson iteration 0.5 (tol=0.0009418657928764806): -114.5022223464951 -112.9822731770629 -112.3805325059994 -111.5150497188231
 Davidson iteration 0.6 (tol=0.0002615165754856405): -114.5022226301188 -113.1027089568197 -112.5506312043512 -111.7863257354426
 Davidson iteration 0.7 (tol=7.439042023042411e-05): -114.5022226522036 -113.1607979711648 -112.6724548538992 -112.0038168526076
 Davidson iteration 1.0 (tol=7.439042023089304e-05): -114.5022226522037
 Davidson iteration 1.1 (tol=2.686256232910744e-05): -114.5022226538236 -111.6273564391618
 Davidson iteration 1.2 (tol=9.029065351558579e-06): -114.5022226540936 -112.7249753577964 -110.6611984158759
 Elapsed time for davidson 54.77731199999999 (sec) 
 Elapsed time for diagonalization 54.77764 (sec) 
 Elapsed time for mult 2.116485 (sec) 
 Energy = -114.5022226540942
 Elapsed time for measurement 0.120897 (sec) 
 Sample-based diagonalization: Energy = -114.5022226540942
 Sample-based diagonalization: density = [1.999971097184966,1.991068146811487,1.988883509588832,1.985438629100075,1.984914484756473,1.981003778539876,1.979160623990972,1.977432901329982,1.97533630302482,1.976217868589545,1.97607123295593,0.01751212448925366,0.009953721185494448,0.007760739188649338,0.01856411094203063,0.01639827089844866,0.01585412507152286,0.01383577427412539,0.01893956926817837,0.01843743469577377,0.01470979175589967,0.01595706097995733,0.01657870102964769
 Sample-based diagonalization: carryover bitstrings = [], size = 0
