 Elapsed time for helper construction 1.221407 (sec) 
 Elapsed time for init 0.047263 (sec) 
 Elapsed time for makeQChamDiagTerms 18.468197 (sec) 
 Davidson iteration 0.0 (tol=0.6131663327079363): -200.96654221557
 Davidson iteration 0.1 (tol=0.1311273096809467): -201.1422179882031 -199.1234090865777
 Davidson iteration 0.2 (tol=0.03370062947621404): -201.1499431163249 -199.5338111886293 -199.0831550712525
 Davidson iteration 0.3 (tol=0.007134428165472455): -201.1504595627351 -199.5660834703261 -199.2847177218244 -199.023320443495
 Davidson iteration 0.4 (tol=0.00201764025352689): -201.1504876279649 -200.094490798141 -199.2912757438862 -199.0605856106477
 Davidson iteration 0.5 (tol=0.000599048344855632): -201.1504896955652 -200.3370929868339 -199.3137649961431 -199.1787465934366
 Davidson iteration 0.6 (tol=0.0001929912071789434): -201.1504898762109 -200.4252864771697 -199.7533120575858 -199.304276973491
 Davidson iteration 0.7 (tol=5.695572047575136e-05): -201.1504898939508 -200.4678640561159 -199.7803212747658 -199.431792280284
 Davidson iteration 1.0 (tol=5.695572047989811e-05): -201.1504898939516
 Davidson iteration 1.1 (tol=2.173080689575171e-05): -201.1504898955024 -199.8136558894245
 Davidson iteration 1.2 (tol=7.445293804808964e-06): -201.1504898957803 -200.1521096972878 -199.176827415629
 Elapsed time for davidson 56.643699 (sec) 
 Elapsed time for diagonalization 56.643935 (sec) 
 Elapsed time for mult 1.26789 (sec) 
 Energy = -201.1504898957793
 Elapsed time for measurement 0.170924 (sec) 
 Sample-based diagonalization: Energy = -201.1504898957793
 Sample-based diagonalization: density = [1.999994237247367,1.993474159512706,1.993125241744524,1.996148648558489,1.992406800198826,1.990137886334785,1.989348156678944,1.988959687597883,1.990793843029679,1.990345020823101,1.985639381129639,1.98892650919207,1.995941988863112,1.960356651615068,1.993136465317817,1.962221136653127,0.07564603507192499,0.01682050805740501,0.01225028536447191,0.01667075808320227,0.01218512966335702,0.007493832362052163,0.007133567956489794,0.008271181424724702,0.003053441726692235,0.005755661364242794,0.01068832824172331,0.01307545589942157
 Sample-based diagonalization: carryover bitstrings = [], size = 0
