 Elapsed time for helper construction 1.591818 (sec) 
 Elapsed time for init 0.050202 (sec) 
 Elapsed time for makeQChamDiagTerms 11.639272 (sec) 
 Davidson iteration 0.0 (tol=0.6156802045037868): -113.2483744836651
 Davidson iteration 0.1 (tol=0.1485084036273606): -113.4209428712875 -111.1376462310523
 Davidson iteration 0.2 (tol=0.02547311928270517): -113.4284223026206 -111.4241173870472 -110.4470808757274
 Davidson iteration 0.3 (tol=0.006256315032792332): -113.428639632249 -111.5231092914166 -110.8711921075065 -110.3696726794708
 Davidson iteration 0.4 (tol=0.001719490294850911): -113.4286538064128 -111.6921625183497 -111.1511780033449 -110.5723355723262
 Davidson iteration 0.5 (tol=0.0004527497770914084): -113.4286547912342 -111.8923260857067 -111.3170880742677 -110.5724903679543
 Davidson iteration 0.6 (tol=0.0001073624845165215): -113.4286548565673 -112.0013762513927 -111.4161446775391 -110.8156259337542
 Davidson iteration 0.7 (tol=2.72994448662887e-05): -113.4286548603084 -112.0386818843843 -111.4934246347659 -110.9921698283998
 Davidson iteration 1.0 (tol=2.729944486520585e-05): -113.4286548603087
 Davidson iteration 1.1 (tol=8.902240473310509e-06): -113.4286548605377 -110.616817017353
 Elapsed time for davidson 47.205531 (sec) 
 Elapsed time for diagonalization 47.20702499999999 (sec) 
 Elapsed time for mult 1.438596 (sec) 
 Energy = -113.4286548605378
 Elapsed time for measurement 0.115197 (sec) 
 Sample-based diagonalization: Energy = -113.4286548605378
 Sample-based diagonalization: density = [1.999969830135556,1.990356370438663,1.989883264367898,1.986495625566611,1.983345164057699,1.983653367761185,1.982113620095851,1.980688417470954,1.976184865855437,1.979691188988367,1.976895119428605,0.0111461191117127,0.01550955146122405,0.01388131443063973,0.01446319197711145,0.01808661496449009,0.01627960722530206,0.01448470348596518,0.01545691417656351,0.01625180162864599,0.01414889605808658,0.005210899325187271,0.01580355165886424
 Sample-based diagonalization: carryover bitstrings = [], size = 0
