 Elapsed time for helper construction 1.475534 (sec) 
 Elapsed time for init 0.043797 (sec) 
 Elapsed time for makeQChamDiagTerms 10.778942 (sec) 
 Davidson iteration 0.0 (tol=0.614987500535493): -113.1837448805072
 Davidson iteration 0.1 (tol=0.1607490658419307): -113.3535362043434 -111.0509370794215
 Davidson iteration 0.2 (tol=0.03125277628329844): -113.3621984387926 -111.3711742050532 -110.3253227385627
 Davidson iteration 0.3 (tol=0.007891229543508004): -113.3625100508762 -111.4594062437741 -110.6922440073277 -110.276702471675
 Davidson iteration 0.4 (tol=0.002240334277684631): -113.3625318237086 -111.6096514750845 -110.9905603823673 -110.5478518358162
 Davidson iteration 0.5 (tol=0.0006370431923463658): -113.3625334869104 -111.8085105181617 -111.2193121849369 -110.5512516894757
 Davidson iteration 0.6 (tol=0.0001658412952091969): -113.3625336127552 -111.9147337082665 -111.3288777572546 -110.7164929587319
 Davidson iteration 0.7 (tol=4.269186324634343e-05): -113.36253362127 -111.9684843658638 -111.4151391898177 -110.7674391905166
 Davidson iteration 1.0 (tol=4.269186324634356e-05): -113.36253362127
 Davidson iteration 1.1 (tol=1.441065554974189e-05): -113.3625336218128 -110.5097772995505
 Davidson iteration 1.2 (tol=4.353320349608937e-06): -113.3625336218872 -111.4476274770036 -109.626790209919
 Elapsed time for davidson 51.119854 (sec) 
 Elapsed time for diagonalization 51.121264 (sec) 
 Elapsed time for mult 1.964698 (sec) 
 Energy = -113.3625336218875
 Elapsed time for measurement 0.136585 (sec) 
 Sample-based diagonalization: Energy = -113.3625336218875
 Sample-based diagonalization: density = [1.999969654582431,1.990333478316268,1.990034693873485,1.986664450999126,1.982993403505105,1.98183925691141,1.982761838660766,1.981257134302622,1.97717454248696,1.977718495386497,1.978873522164609,0.003466235138493425,0.0201211387856211,0.01576010534075857,0.01239886145100198,0.0171812276272476,0.01645552577716064,0.01316011551638068,0.01388511739258222,0.01317808639780236,0.01377223182148374,0.01567076770775803,0.01533011550743382
 Sample-based diagonalization: carryover bitstrings = [], size = 0
