 Elapsed time for helper construction 1.224896 (sec) 
 Elapsed time for init 0.015638 (sec) 
 Elapsed time for makeQChamDiagTerms 11.848376 (sec) 
 Davidson iteration 0.0 (tol=0.6560946582306388): -165.735188566932
 Davidson iteration 0.1 (tol=0.2419670893603464): -165.9167728106894 -163.726432346981
 Davidson iteration 0.2 (tol=0.08673170503390998): -165.9359873881703 -164.0941195796621 -163.2222733615037
 Davidson iteration 0.3 (tol=0.02884086191079648): -165.9385215337315 -164.3543891853498 -163.229445732753 -163.0478563251348
 Davidson iteration 0.4 (tol=0.01238958040544946): -165.9388242577393 -164.7411873261115 -163.483947492465 -163.2263580988214
 Davidson iteration 0.5 (tol=0.004856750384864217): -165.9388915137543 -165.1553419152512 -163.7901406147838 -163.3707502373487
 Davidson iteration 0.6 (tol=0.001990343968274047): -165.938900131335 -165.2819046633511 -164.0069714509831 -163.429822411723
 Davidson iteration 0.7 (tol=0.0007709554425583054): -165.938901502216 -165.3239986803528 -164.2874228002476 -163.6403384325337
 Davidson iteration 1.0 (tol=0.0007709554425534547): -165.9389015022196
 Davidson iteration 1.1 (tol=0.0003588503921162568): -165.9389016806223 -163.2932347016128
 Davidson iteration 1.2 (tol=0.0001613753600887327): -165.9389017311925 -164.6180257414483 -161.5500596113392
 Davidson iteration 1.3 (tol=6.073385076011608e-05): -165.9389017403821 -165.0158391973671 -162.8701733440902 -161.1590749263631
 Davidson iteration 1.4 (tol=2.414874664530747e-05): -165.9389017416172 -165.1770774721255 -163.3391056640366 -162.7980742305932
 Davidson iteration 1.5 (tol=1.092301222813105e-05): -165.9389017418683 -165.3295471979427 -164.463120769658 -162.9046346005129
 Davidson iteration 1.6 (tol=4.978331602220784e-06): -165.9389017419148 -165.4351254671051 -164.7970920610668 -163.3936060657346
 Elapsed time for davidson 57.176648 (sec) 
 Elapsed time for diagonalization 57.17693 (sec) 
 Elapsed time for mult 1.533553 (sec) 
 Energy = -165.9389017419106
 Elapsed time for measurement 0.101666 (sec) 
 Sample-based diagonalization: Energy = -165.9389017419106
 Sample-based diagonalization: density = [1.999988853951555,1.993112519630259,1.991387606986966,1.989694430574806,1.9916601124928,1.983684773129014,1.981405147381798,1.981402012748666,1.986887267297149,1.967690810725265,1.996134950505541,1.98426639335243,1.991213374475122,1.939228744083598,0.09645729588213392,0.01939991902985538,0.01810525840929218,0.01162245454403444,0.01614693869311645,0.01476494935537183,0.0130400613184761,0.01854205442189655,0.01416407055508929
 Sample-based diagonalization: carryover bitstrings = [], size = 0
