 Elapsed time for helper construction 0.300588 (sec) 
 Elapsed time for init 0.00421 (sec) 
 Elapsed time for makeQChamDiagTerms 0.575415 (sec) 
 Davidson iteration 0.0 (tol=0.5441051020995215): -137.6252214360407
 Davidson iteration 0.1 (tol=0.2339861158390845): -137.7607586373895 -135.8619657821641
 Davidson iteration 0.2 (tol=0.1078360637383022): -137.7775065028129 -136.2103715002557 -134.8871874558217
 Davidson iteration 0.3 (tol=0.03987351659343204): -137.7810348050176 -136.3242391932772 -135.2676397176458 -134.6554841762152
 Davidson iteration 0.4 (tol=0.01570383606187642): -137.7814669422631 -136.4660412783356 -135.5241002831251 -134.7546140618298
 Davidson iteration 0.5 (tol=0.005379719999538284): -137.7815307475968 -136.6229098367948 -135.6544516445362 -135.3168566705261
 Davidson iteration 0.6 (tol=0.002087343726034378): -137.7815389601453 -136.6953948642466 -135.8430891347748 -135.4381264323249
 Davidson iteration 0.7 (tol=0.0008459700008600364): -137.7815399665476 -136.7420021468662 -135.9702677028694 -135.4382413333963
 Davidson iteration 1.0 (tol=0.0008459700008607664): -137.7815399665461
 Davidson iteration 1.1 (tol=0.0004010000815285776): -137.781540123386 -134.4164501301252
 Davidson iteration 1.2 (tol=0.0001632929945004885): -137.7815401739896 -136.0795528516229 -132.869045692524
 Davidson iteration 1.3 (tol=7.000400098633753e-05): -137.7815401824025 -136.6254850169807 -134.963893873299 -131.9483760821591
 Davidson iteration 1.4 (tol=2.80486638523754e-05): -137.7815401836742 -136.8087809150326 -135.1024086758665 -134.4802331715149
 Davidson iteration 1.5 (tol=1.040026522002594e-05): -137.7815401838845 -136.9022180399356 -135.2665842909943 -134.8894406694465
 Davidson iteration 1.6 (tol=4.381243937785388e-06): -137.7815401839135 -136.9510966818121 -136.0003190619816 -135.2519898885393
 Elapsed time for davidson 10.949949 (sec) 
 Elapsed time for diagonalization 10.950082 (sec) 
 Elapsed time for mult 0.32912 (sec) 
 Energy = -137.7815401839133
 Elapsed time for measurement 0.012899 (sec) 
 Sample-based diagonalization: Energy = -137.7815401839133
 Sample-based diagonalization: density = [1.999996835709802,1.999622996930872,1.991879173021043,1.982757019667574,1.982287551676142,1.986729678410909,1.996413112228724,1.977204750536032,1.895301957141939,1.983489238562781,0.1159674781604519,0.0250441818118274,0.008122824230579482,0.008592097980634424,0.02682530414706673,0.0197657997480512
 Sample-based diagonalization: carryover bitstrings = [], size = 0
