 Elapsed time for helper construction 6.052677 (sec) 
 Elapsed time for init 0.139469 (sec) 
 Elapsed time for makeQChamDiagTerms 50.552233 (sec) 
 Davidson iteration 0.0 (tol=0.7432257436913888): -154.2379332198797
 Davidson iteration 0.1 (tol=0.3134843764313465): -154.4771250990502 -152.0156615045462
 Davidson iteration 0.2 (tol=0.07680715060333249): -154.5089737150194 -152.6089980113391 -150.7903797859646
 Davidson iteration 0.3 (tol=0.0234231474543498): -154.5106190418149 -152.7264935725746 -151.3654476417117 -150.6455421195907
 Davidson iteration 0.4 (tol=0.007466976447419209): -154.510786953148 -152.8534017422966 -151.9523172985856 -150.8441317971459
 Davidson iteration 0.5 (tol=0.002766602668357413): -154.5108042693882 -152.9800232272908 -152.3190035772987 -150.9587228930388
 Davidson iteration 0.6 (tol=0.0009705085459390583): -154.5108068295553 -153.120806914388 -152.6259071976929 -151.7669272513261
 Davidson iteration 0.7 (tol=0.0003003716296726435): -154.510807116044 -153.194621204502 -152.7820575965105 -152.0560474791897
 Davidson iteration 1.0 (tol=0.000300371629673545): -154.5108071160486
 Davidson iteration 1.1 (tol=0.000113542865642704): -154.5108071382816 -151.0151031725388
 Davidson iteration 1.2 (tol=4.173304060734083e-05): -154.5108071424459 -152.3826912085083 -150.0062090708693
 Davidson iteration 1.3 (tol=1.573567368036358e-05): -154.5108071429785 -152.9478320858767 -150.9552476499537 -149.4888707925176
 Davidson iteration 1.4 (tol=5.305355718429773e-06): -154.5108071430507 -153.1965864197514 -151.4270417528568 -150.748288267131
 Elapsed time for davidson 482.701945 (sec) 
 Elapsed time for diagonalization 482.702239 (sec) 
 Elapsed time for mult 28.117616 (sec) 
 Energy = -154.5108071430433
 Elapsed time for measurement 98.943326 (sec) 
 Sample-based diagonalization: Energy = -154.5108071430433
 Sample-based diagonalization: density = [1.999965020192709,1.98791474101085,1.987125588576868,1.986436060508863,1.98190215673097,1.97867631267301,1.977933759917557,1.977744436804905,1.977788072931513,1.976094970276174,1.975367606080253,1.972897779530355,1.969219690602369,1.968299771324503,0.01437877854548672,0.02731387965997005,0.01997649587136947,0.02408470411477515,0.01961732831129011,0.02029275793757789,0.0215759973336116,0.01956802393505669,0.02018037904112363,0.01822216101074919,0.0195455471789448,0.01930137087244337,0.01949854225937172,0.01907806670261175
 Sample-based diagonalization: carryover bitstrings = [], size = 0
 Elapse time for dumping one-particle rdm = 0.001032
 Elapse time for dumping two-particle rdm = 0.543121
 Zero-Body energy = 0
 One-Body energy = -267.5021484494427
 Two-Body energy = 112.9913413067859
 One-Body + Two-Body energy = -154.5108071426567
 Zero-Body + One-Body + Two-Body energy = -154.5108071426567
