 Elapsed time for helper construction 0.376035 (sec) 
 Elapsed time for init 0.003938 (sec) 
 Elapsed time for makeQChamDiagTerms 0.8322959999999999 (sec) 
 Davidson iteration 0.0 (tol=0.6136923877816914): -92.11000368715126
 Davidson iteration 0.1 (tol=0.2696457158834326): -92.27926842197959 -90.26092770625131
 Davidson iteration 0.2 (tol=0.1221910860139752): -92.30168549096878 -90.6070490648456 -89.22144970197202
 Davidson iteration 0.3 (tol=0.04542507162059813): -92.30572637698629 -90.72267247066775 -89.49021263646776 -88.89580713175592
 Davidson iteration 0.4 (tol=0.01735397881572469): -92.30627145186973 -90.86841302776156 -89.71333761711919 -88.99411684395899
 Davidson iteration 0.5 (tol=0.006553015254806842): -92.30634272240013 -91.00255428771389 -89.96826301037068 -89.44083039722877
 Davidson iteration 0.6 (tol=0.002664991365708774): -92.3063540144248 -91.10272354085812 -90.19607984198285 -89.44083090192991
 Davidson iteration 0.7 (tol=0.0009783552981022328): -92.30635567842616 -91.18101825140516 -90.36868572433957 -89.50486285755517
 Davidson iteration 1.0 (tol=0.00097835529810265): -92.30635567842509
 Davidson iteration 1.1 (tol=0.0004422107216523489): -92.30635590420222 -89.427117374235
 Davidson iteration 1.2 (tol=0.0001903251913132205): -92.30635596421158 -90.60172236277704 -87.82866707787039
 Davidson iteration 1.3 (tol=8.586140310406327e-05): -92.3063559749227 -91.10740889220446 -89.17556925747476 -87.06164969500571
 Davidson iteration 1.4 (tol=3.356789462780523e-05): -92.30635597673817 -91.34725219825657 -89.19695388849939 -88.3853279293883
 Davidson iteration 1.5 (tol=1.240117593931344e-05): -92.30635597704294 -91.45693377396576 -89.49124181441989 -89.13978858412523
 Davidson iteration 1.6 (tol=5.169833466763356e-06): -92.3063559770857 -91.48952534948312 -90.46403665432771 -89.46526123516915
 Elapsed time for davidson 16.357599 (sec) 
 Elapsed time for diagonalization 16.35771 (sec) 
 Elapsed time for mult 0.514635 (sec) 
 Energy = -92.30635597708576
 Elapsed time for measurement 0.018331 (sec) 
 Sample-based diagonalization: Energy = -92.30635597708576
 Sample-based diagonalization: density = [1.999966214685317,1.987473534439148,1.984941979769116,1.979333363961593,1.978882521190527,1.970656757915294,1.975795566668182,1.89780991313487,1.982443272157975,0.1078981342188408,0.02483417310726814,0.02645876062140449,0.02337114066229218,0.02025035602161842,0.02046913958882658,0.01941517181587701
 Sample-based diagonalization: carryover bitstrings = [], size = 0
