Parsing /mnt/gs21/scratch/bhowmik2/SQD_63467377/Workflow/fci_dump.txt
SLURM parallelizes solver run accross batches
####################
Job submitted successfully! Job ID: Submitted batch job 63468477
Job submitted successfully! Job ID: Submitted batch job 63468490
Job submitted successfully! Job ID: Submitted batch job 63468502
Job submitted successfully! Job ID: Submitted batch job 63468513
Job submitted successfully! Job ID: Submitted batch job 63468524
Job submitted successfully! Job ID: Submitted batch job 63468535
Job submitted successfully! Job ID: Submitted batch job 63468544
Job submitted successfully! Job ID: Submitted batch job 63468555
Job submitted successfully! Job ID: Submitted batch job 63468567
Job submitted successfully! Job ID: Submitted batch job 63468580
####################
Completed SLURM step
####################
Iteration 1
	Subsample 0
		Energy: -154.8041968007042
		Subspace dimension: 35545444
	Subsample 1
		Energy: -155.5869480327713
		Subspace dimension: 35354916
	Subsample 2
		Energy: -155.6034908212541
		Subspace dimension: 35426304
	Subsample 3
		Energy: -154.9660403788416
		Subspace dimension: 35569296
	Subsample 4
		Energy: -154.1116789612547
		Subspace dimension: 35414401
	Subsample 5
		Energy: -155.6025883019852
		Subspace dimension: 35366809
	Subsample 6
		Energy: -155.578280681701
		Subspace dimension: 35426304
	Subsample 7
		Energy: -155.5884240500709
		Subspace dimension: 35569296
	Subsample 8
		Energy: -155.5771674926479
		Subspace dimension: 35331136
	Subsample 9
		Energy: -155.5755961990757
		Subspace dimension: 35533521
Lowest total energy value: -155.6034908212541
SLURM parallelizes solver run accross batches
####################
Job submitted successfully! Job ID: Submitted batch job 63470995
Job submitted successfully! Job ID: Submitted batch job 63471001
Job submitted successfully! Job ID: Submitted batch job 63471007
Job submitted successfully! Job ID: Submitted batch job 63471010
Job submitted successfully! Job ID: Submitted batch job 63471013
Job submitted successfully! Job ID: Submitted batch job 63471016
Job submitted successfully! Job ID: Submitted batch job 63471018
Job submitted successfully! Job ID: Submitted batch job 63471020
Job submitted successfully! Job ID: Submitted batch job 63471024
Job submitted successfully! Job ID: Submitted batch job 63471026
####################
Completed SLURM step
####################
Iteration 2
	Subsample 0
		Energy: -155.732308186184
		Subspace dimension: 34527376
	Subsample 1
		Energy: -155.7342848126209
		Subspace dimension: 34727449
	Subsample 2
		Energy: -155.7324872972164
		Subspace dimension: 34339600
	Subsample 3
		Energy: -155.7234629735992
		Subspace dimension: 34774609
	Subsample 4
		Energy: -155.7347971154351
		Subspace dimension: 34656769
	Subsample 5
		Energy: -155.7275229374284
		Subspace dimension: 34939921
	Subsample 6
		Energy: -155.7224561286499
		Subspace dimension: 34692100
	Subsample 7
		Energy: -155.7151579290638
		Subspace dimension: 35058241
	Subsample 8
		Energy: -155.7281501071126
		Subspace dimension: 34692100
	Subsample 9
		Energy: -155.7408220689909
		Subspace dimension: 34351321
Lowest total energy value: -155.7408220689909
SLURM parallelizes solver run accross batches
####################
Job submitted successfully! Job ID: Submitted batch job 63476353
Job submitted successfully! Job ID: Submitted batch job 63476354
Job submitted successfully! Job ID: Submitted batch job 63476357
Job submitted successfully! Job ID: Submitted batch job 63476360
Job submitted successfully! Job ID: Submitted batch job 63476361
Job submitted successfully! Job ID: Submitted batch job 63476364
Job submitted successfully! Job ID: Submitted batch job 63476366
Job submitted successfully! Job ID: Submitted batch job 63476370
Job submitted successfully! Job ID: Submitted batch job 63476373
Job submitted successfully! Job ID: Submitted batch job 63476375
####################
Completed SLURM step
####################
Iteration 3
	Subsample 0
		Energy: -155.7572513226162
		Subspace dimension: 40487769
	Subsample 1
		Energy: -155.7543238182154
		Subspace dimension: 39803481
	Subsample 2
		Energy: -155.7571186578935
		Subspace dimension: 40449600
	Subsample 3
		Energy: -155.7598120800988
		Subspace dimension: 39891856
	Subsample 4
		Energy: -155.759388513871
		Subspace dimension: 39853969
	Subsample 5
		Energy: -155.7590104774367
		Subspace dimension: 39790864
	Subsample 6
		Energy: -155.7562287542035
		Subspace dimension: 39816100
	Subsample 7
		Energy: -155.7578561478755
		Subspace dimension: 40144896
	Subsample 8
		Energy: -155.7556777271727
		Subspace dimension: 39765636
	Subsample 9
		Energy: -155.7566920206735
		Subspace dimension: 39853969
Lowest total energy value: -155.7598120800988
SLURM parallelizes solver run accross batches
####################
Job submitted successfully! Job ID: Submitted batch job 63487019
Job submitted successfully! Job ID: Submitted batch job 63487020
Job submitted successfully! Job ID: Submitted batch job 63487021
Job submitted successfully! Job ID: Submitted batch job 63487023
Job submitted successfully! Job ID: Submitted batch job 63487027
Job submitted successfully! Job ID: Submitted batch job 63487029
Job submitted successfully! Job ID: Submitted batch job 63487030
Job submitted successfully! Job ID: Submitted batch job 63487031
Job submitted successfully! Job ID: Submitted batch job 63487033
Job submitted successfully! Job ID: Submitted batch job 63487035
####################
Completed SLURM step
####################
Iteration 4
	Subsample 0
		Energy: -155.7634441786977
		Subspace dimension: 44756100
	Subsample 1
		Energy: -155.7657136204521
		Subspace dimension: 44715969
	Subsample 2
		Energy: -155.7644291192915
		Subspace dimension: 44142736
	Subsample 3
		Energy: -155.7641034533104
		Subspace dimension: 44849809
	Subsample 4
		Energy: -155.763387464558
		Subspace dimension: 44782864
	Subsample 5
		Energy: -155.7637254675414
		Subspace dimension: 45144961
	Subsample 6
		Energy: -155.7636398951225
		Subspace dimension: 45118089
	Subsample 7
		Energy: -155.7636498444166
		Subspace dimension: 44275716
	Subsample 8
		Energy: -155.7633108361499
		Subspace dimension: 44595684
	Subsample 9
		Energy: -155.7647161876249
		Subspace dimension: 44009956
Lowest total energy value: -155.7657136204521
SLURM parallelizes solver run accross batches
####################
Job submitted successfully! Job ID: Submitted batch job 63494482
Job submitted successfully! Job ID: Submitted batch job 63494485
Job submitted successfully! Job ID: Submitted batch job 63494490
Job submitted successfully! Job ID: Submitted batch job 63494492
Job submitted successfully! Job ID: Submitted batch job 63494500
Job submitted successfully! Job ID: Submitted batch job 63494503
Job submitted successfully! Job ID: Submitted batch job 63494506
Job submitted successfully! Job ID: Submitted batch job 63494508
Job submitted successfully! Job ID: Submitted batch job 63494514
Job submitted successfully! Job ID: Submitted batch job 63494520
####################
Completed SLURM step
####################
Iteration 5
	Subsample 0
		Energy: -155.7684103008023
		Subspace dimension: 49070025
	Subsample 1
		Energy: -155.7678713227651
		Subspace dimension: 48302500
	Subsample 2
		Energy: -155.7681463654578
		Subspace dimension: 48958009
	Subsample 3
		Energy: -155.7682956969343
		Subspace dimension: 48818169
	Subsample 4
		Energy: -155.7681495061848
		Subspace dimension: 48944016
	Subsample 5
		Energy: -155.7682046736596
		Subspace dimension: 49252324
	Subsample 6
		Energy: -155.7683813080479
		Subspace dimension: 48219136
	Subsample 7
		Energy: -155.7687984320338
		Subspace dimension: 48622729
	Subsample 8
		Energy: -155.7685756106416
		Subspace dimension: 48776256
	Subsample 9
		Energy: -155.7689848796972
		Subspace dimension: 48678529
Lowest total energy value: -155.7689848796972
Full workflow takes: 97569.93812656403 seconds
