 Elapsed time for helper construction 0.386348 (sec) 
 Elapsed time for init 0.011115 (sec) 
 Elapsed time for makeQChamDiagTerms 1.895651 (sec) 
 Davidson iteration 0.0 (tol=0.5707671399288419): -152.0792678953117
 Davidson iteration 0.1 (tol=0.2355994545595309): -152.2111815281093 -150.0595293590877
 Davidson iteration 0.2 (tol=0.09667624371574116): -152.2274217516053 -150.4703841850758 -149.2666390786509
 Davidson iteration 0.3 (tol=0.03361593241586614): -152.2302734377216 -150.6690724465981 -149.5390849902095 -149.1231276139199
 Davidson iteration 0.4 (tol=0.01353099139229039): -152.2305919530344 -150.915273436342 -149.8065843653053 -149.2399184971084
 Davidson iteration 0.5 (tol=0.005124490445522172): -152.2306535581677 -151.2454518710026 -150.0210894791175 -149.5137922000023
 Davidson iteration 0.6 (tol=0.002182941200781342): -152.2306611982099 -151.3813817688584 -150.2046472602037 -149.5165495117047
 Davidson iteration 0.7 (tol=0.0008464340735238154): -152.2306625440647 -151.4752163484401 -150.5789316159662 -149.774482445045
 Davidson iteration 1.0 (tol=0.0008464340735229045): -152.2306625440659
 Davidson iteration 1.1 (tol=0.0004074944430361797): -152.2306627276193 -149.6861560124532
 Davidson iteration 1.2 (tol=0.0001942057587730698): -152.2306627873516 -151.0685484862205 -147.829966034718
 Davidson iteration 1.3 (tol=7.97235604284045e-05): -152.2306627998124 -151.5314716151701 -149.3324295285164 -147.1673667227279
 Davidson iteration 1.4 (tol=3.316964905085378e-05): -152.2306628015986 -151.655386833913 -149.4789316920917 -149.0628347201943
 Davidson iteration 1.5 (tol=1.316158322331919e-05): -152.2306628019124 -151.6996217773636 -150.0870612629132 -149.3705403442398
 Davidson iteration 1.6 (tol=5.38633559652028e-06): -152.2306628019647 -151.7476732267841 -150.6693545469796 -149.7947927038046
 Elapsed time for davidson 16.349277 (sec) 
 Elapsed time for diagonalization 16.349425 (sec) 
 Elapsed time for mult 0.550304 (sec) 
 Energy = -152.2306628019641
 Elapsed time for measurement 0.025878 (sec) 
 Sample-based diagonalization: Energy = -152.2306628019641
 Sample-based diagonalization: density = [1.999996707996016,1.99709524630712,1.992709682428714,1.992571980663119,1.987605655788631,1.985447524222249,1.99058582286315,1.980592233205966,1.977997427386649,1.984121324341695,1.937067382562986,0.09483265321759204,0.01210140891671611,0.01809340403411653,0.01537333017579114,0.01671722664656314,0.01709098912106799
 Sample-based diagonalization: carryover bitstrings = [], size = 0
