 Elapsed time for helper construction 0.269438 (sec) 
 Elapsed time for init 0.004101 (sec) 
 Elapsed time for makeQChamDiagTerms 0.554231 (sec) 
 Davidson iteration 0.0 (tol=0.5088008160770268): -122.5427661516685
 Davidson iteration 0.1 (tol=0.1904056769923347): -122.65370629875 -120.5652877010808
 Davidson iteration 0.2 (tol=0.08023850770899917): -122.6643959621198 -120.8802769211946 -119.9250197035615
 Davidson iteration 0.3 (tol=0.02917771491166325): -122.6661439534039 -121.0111541518238 -119.9988832571578 -119.4193496497011
 Davidson iteration 0.4 (tol=0.01123386835692351): -122.6663872476449 -121.2967990205442 -120.213712173829 -119.5951423842962
 Davidson iteration 0.5 (tol=0.004566612096970589): -122.6664201218316 -121.5583564373471 -120.4142274263083 -119.5955083530296
 Davidson iteration 0.6 (tol=0.00186411488165289): -122.6664252065173 -121.736900667466 -120.5884132516984 -119.6297098866499
 Davidson iteration 0.7 (tol=0.0007109283264986641): -122.6664261112713 -121.898161204368 -120.8420170544532 -120.0949727862342
 Davidson iteration 1.0 (tol=0.0007109283264997179): -122.6664261112717
 Davidson iteration 1.1 (tol=0.0003515933083023561): -122.6664262288229 -119.6218194614673
 Davidson iteration 1.2 (tol=0.0001709850432997578): -122.6664262664924 -121.4716399633258 -117.4407923988615
 Davidson iteration 1.3 (tol=7.549060931928381e-05): -122.666426275023 -121.9968944418461 -119.3895227752608 -115.4783023047762
 Davidson iteration 1.4 (tol=2.842595129730484e-05): -122.6664262764008 -122.1234077031487 -119.3910210551131 -118.701002443058
 Davidson iteration 1.5 (tol=1.064236004519529e-05): -122.6664262766062 -122.1754722628094 -119.8995340686529 -119.3901020741342
 Davidson iteration 1.6 (tol=4.001944197949548e-06): -122.6664262766341 -122.1931029073079 -120.5428281852458 -119.5964407614986
 Elapsed time for davidson 5.962554 (sec) 
 Elapsed time for diagonalization 5.962636 (sec) 
 Elapsed time for mult 0.242353 (sec) 
 Energy = -122.6664262766339
 Elapsed time for measurement 0.008227 (sec) 
 Sample-based diagonalization: Energy = -122.6664262766339
 Sample-based diagonalization: density = [1.999995580819282,1.991479705705579,1.989094083154578,1.980448373587972,1.98668974715711,1.986901540587962,1.980695095491626,1.982996207512166,1.961727589190719,0.05583675030942629,0.02461513552587122,0.01427953693131236,0.01754383258592316,0.01658163465530616,0.01111518675468866
 Sample-based diagonalization: carryover bitstrings = [], size = 0
