 Elapsed time for helper construction 0.9282809999999999 (sec) 
 Elapsed time for init 0.035141 (sec) 
 Elapsed time for makeQChamDiagTerms 10.160021 (sec) 
 Davidson iteration 0.0 (tol=0.4993783301700995): -141.468241979777
 Davidson iteration 0.1 (tol=0.1004542316737968): -141.587397694765 -139.6479850268302
 Davidson iteration 0.2 (tol=0.02437034240604617): -141.5921208312285 -140.1255826884515 -139.5807209928016
 Davidson iteration 0.3 (tol=0.006679985050484878): -141.5924261234368 -140.3379070799081 -139.9325668251233 -139.5715503646335
 Davidson iteration 0.4 (tol=0.00181043396646325): -141.592453387179 -140.7724932865112 -140.0827652278765 -139.5922116891147
 Davidson iteration 0.5 (tol=0.0005277059501785408): -141.5924553402972 -141.0017953740748 -140.2595296382003 -139.8123841614004
 Davidson iteration 0.6 (tol=0.0001687975913451362): -141.5924555132093 -141.0666680231332 -140.533774530352 -140.2410407236623
 Davidson iteration 0.7 (tol=6.173073539671986e-05): -141.5924555326992 -141.1818282052555 -140.8017508813495 -140.2416741723575
 Davidson iteration 1.0 (tol=6.173073539869293e-05): -141.5924555327001
 Davidson iteration 1.1 (tol=2.446808532959975e-05): -141.5924555349498 -140.5703148861958
 Davidson iteration 1.2 (tol=1.170631294360615e-05): -141.5924555355124 -141.0860781689141 -139.9623057121867
 Davidson iteration 1.3 (tol=3.795012819707295e-06): -141.5924555355857 -141.2390393079138 -139.9947350179358 -139.5145121682387
 Elapsed time for davidson 36.047885 (sec) 
 Elapsed time for diagonalization 36.060267 (sec) 
 Elapsed time for mult 0.764486 (sec) 
 Energy = -141.592455535583
 Elapsed time for measurement 0.102185 (sec) 
 Sample-based diagonalization: Energy = -141.592455535583
 Sample-based diagonalization: density = [1.999978561022438,1.999409295425069,1.994440057239329,1.991791968634109,1.991191392501615,1.989680311550658,1.991489606199456,1.993809093513873,1.986852941948433,1.988286366212667,1.954948801892694,1.989885945404499,1.992800993786916,0.05409931357474998,0.008503569528194071,0.0115023657872809,0.01018830528268662,0.007579817898680083,0.005724764653737452,0.008280814630224682,0.005218280868996219,0.003992486066696645,0.007743675782022895,0.01260127039968413
 Sample-based diagonalization: carryover bitstrings = [], size = 0
