 Elapsed time for helper construction 2.571415 (sec) 
 Elapsed time for init 0.057199 (sec) 
 Elapsed time for makeQChamDiagTerms 17.016626 (sec) 
 Davidson iteration 0.0 (tol=0.6477383306393796): -134.2660341937426
 Davidson iteration 0.1 (tol=0.2474384350563091): -134.4496421470568 -132.0809890641303
 Davidson iteration 0.2 (tol=0.06151458471972135): -134.4697580615861 -132.6095284591472 -131.0029327282365
 Davidson iteration 0.3 (tol=0.01874819686076337): -134.4708604500476 -132.7133171817156 -131.5406281973981 -130.9456380141244
 Davidson iteration 0.4 (tol=0.005729139808808299): -134.4709751274459 -132.8503520554951 -132.0119150411003 -131.3528177548304
 Davidson iteration 0.5 (tol=0.002023772786684355): -134.4709858063141 -132.9911529350665 -132.3638371235339 -131.3759527543262
 Davidson iteration 0.6 (tol=0.0006790458837232): -134.4709871875475 -133.1242738907062 -132.6119933064893 -131.8283068082394
 Davidson iteration 0.7 (tol=0.0002172537334826301): -134.4709873299088 -133.1989521553716 -132.7472832536076 -132.0382542448927
 Davidson iteration 1.0 (tol=0.0002172537334832551): -134.4709873299092
 Davidson iteration 1.1 (tol=8.319556849779649e-05): -134.4709873424389 -131.2955255996173
 Davidson iteration 1.2 (tol=3.079121402832508e-05): -134.4709873449066 -132.6336125552321 -130.2977481404178
 Davidson iteration 1.3 (tol=1.096546831383446e-05): -134.4709873452149 -133.1231450505092 -131.1843746376217 -129.9416379508653
 Davidson iteration 1.4 (tol=3.471026565502239e-06): -134.4709873452518 -133.3237459742137 -131.5485989391577 -131.009499202208
 Elapsed time for davidson 149.677694 (sec) 
 Elapsed time for diagonalization 149.679858 (sec) 
 Elapsed time for mult 7.851397 (sec) 
 Energy = -134.4709873452516
 Elapsed time for measurement 29.627866 (sec) 
 Sample-based diagonalization: Energy = -134.4709873452516
 Sample-based diagonalization: density = [1.999964291078639,1.988044728004652,1.988529427169968,1.985143172647766,1.981598765501899,1.985899951418223,1.979482261013786,1.978553273064869,1.980476510413556,1.980991552560956,1.977683457411405,1.974754179764318,1.985532209838756,0.007646641850723066,0.02310092282535245,0.02134279584109114,0.02093426053501208,0.01831730374694091,0.01973776228437107,0.01633832434453623,0.01816198853308035,0.01912346035020073,0.01828838006755125,0.01423010535848964,0.01612427435152371
 Sample-based diagonalization: carryover bitstrings = [], size = 0
 Elapse time for dumping one-particle rdm = 0.0008929999999999999
 Elapse time for dumping two-particle rdm = 0.345201
 Zero-Body energy = 0
 One-Body energy = -231.0199481060042
 Two-Body energy = 96.54896076088998
 One-Body + Two-Body energy = -134.4709873451142
 Zero-Body + One-Body + Two-Body energy = -134.4709873451142
