 Elapsed time for helper construction 1.721376 (sec) 
 Elapsed time for init 0.056074 (sec) 
 Elapsed time for makeQChamDiagTerms 17.391534 (sec) 
 Davidson iteration 0.0 (tol=0.6933502845335702): -164.5961528318689
 Davidson iteration 0.1 (tol=0.2623867862094865): -164.7952489081472 -162.5239801202719
 Davidson iteration 0.2 (tol=0.1009097966819445): -164.8163262057936 -162.8530147735661 -161.8790530688358
 Davidson iteration 0.3 (tol=0.03107707554682526): -164.8195762420287 -163.061692544613 -162.0890868304618 -161.7327510013225
 Davidson iteration 0.4 (tol=0.01308007173907184): -164.8199250353492 -163.4546019496109 -162.3009597483094 -161.8899433802762
 Davidson iteration 0.5 (tol=0.00534151593406854): -164.8199935301345 -163.9145471529754 -162.5921458757944 -162.0856360539055
 Davidson iteration 0.6 (tol=0.002116267140634722): -164.8200042448945 -164.0771831272086 -162.7550324905304 -162.1172618932492
 Davidson iteration 0.7 (tol=0.0008829839103572502): -164.8200059616473 -164.1697583063042 -163.2278558746635 -162.4619351449749
 Davidson iteration 1.0 (tol=0.000882983910364766): -164.8200059616499
 Davidson iteration 1.1 (tol=0.0003972664104044868): -164.8200062270611 -162.6966142264265
 Davidson iteration 1.2 (tol=0.0002009514047309087): -164.8200063085706 -163.8894098019736 -162.0101229438414
 Davidson iteration 1.3 (tol=8.258615043381835e-05): -164.8200063227214 -164.1515566900793 -162.1979937511569 -161.3496454148155
 Davidson iteration 1.4 (tol=3.503849192058382e-05): -164.8200063251526 -164.2712239492393 -162.359723456799 -162.125458349284
 Davidson iteration 1.5 (tol=1.443821017632106e-05): -164.8200063256413 -164.3456320520233 -163.3108215439384 -162.1501490192455
 Davidson iteration 1.6 (tol=5.504327369546154e-06): -164.8200063257121 -164.3748922692879 -163.6445058664486 -162.5174290159562
 Elapsed time for davidson 83.598974 (sec) 
 Elapsed time for diagonalization 83.603325 (sec) 
 Elapsed time for mult 2.547646 (sec) 
 Energy = -164.8200063257082
 Elapsed time for measurement 0.158326 (sec) 
 Sample-based diagonalization: Energy = -164.8200063257082
 Sample-based diagonalization: density = [1.999974172583722,1.993789450866166,1.99338262655332,1.990890833892883,1.986745687675463,1.985530197263273,1.985011901899513,1.98444537626253,1.977996811240584,1.98247493618699,1.964934370437445,1.993479444092026,1.984776267215552,1.944793982603285,0.09192231959699085,0.007227327964427148,0.01675053572234543,0.01698754580215848,0.01823408423479424,0.005876542160078747,0.01151445701483161,0.01205799477174552,0.0166679583263783,0.01663639424931303,0.01789878082224418
 Sample-based diagonalization: carryover bitstrings = [], size = 0
