 Elapsed time for helper construction 0.99574 (sec) 
 Elapsed time for init 0.035029 (sec) 
 Elapsed time for makeQChamDiagTerms 12.225647 (sec) 
 Davidson iteration 0.0 (tol=0.5543995005921447): -148.9394249061896
 Davidson iteration 0.1 (tol=0.09523040911612096): -149.1005280672444 -147.4276181666814
 Davidson iteration 0.2 (tol=0.02061053294644756): -149.1056599258686 -147.7733256915845 -147.4168848194199
 Davidson iteration 0.3 (tol=0.004948044126445473): -149.1058974363536 -147.7943421353824 -147.6499892497169 -147.3124051087076
 Davidson iteration 0.4 (tol=0.001297520968723557): -149.1059129616967 -148.1358827022481 -147.7037671766443 -147.3821565580165
 Davidson iteration 0.5 (tol=0.0003180341162334054): -149.1059139025645 -148.3307978840782 -147.7057959430957 -147.3901348425359
 Davidson iteration 0.6 (tol=7.691438709157853e-05): -149.1059139571819 -148.3855692754894 -147.779577785158 -147.496786156993
 Davidson iteration 0.7 (tol=1.98685707539459e-05): -149.1059139606752 -148.455140033029 -147.95585855485 -147.726226092886
 Davidson iteration 1.0 (tol=1.986857075332785e-05): -149.105913960675
 Davidson iteration 1.1 (tol=5.569798376556063e-06): -149.1059139608778 -147.6007187260661
 Elapsed time for davidson 34.356887 (sec) 
 Elapsed time for diagonalization 34.359243 (sec) 
 Elapsed time for mult 0.861301 (sec) 
 Energy = -149.1059139608798
 Elapsed time for measurement 0.100024 (sec) 
 Sample-based diagonalization: Energy = -149.1059139608798
 Sample-based diagonalization: density = [1.999981882715804,1.993477656019563,1.99289193730983,1.991972284451879,1.99299001476985,1.992409336011175,1.992499120432737,1.988474517625171,1.988339983307244,1.973427408773454,1.989228444932911,1.973366744400957,1.960545243045563,1.971369496446772,0.04095383583474281,0.0429642813223876,0.01568434782479995,0.02408073595059485,0.008753864881539583,0.008466211777354781,0.01300547551496577,0.01137694077487788,0.004925624084826428,0.00879092637914161,0.005993240471041661,0.008825903912894631,0.005204540820571305
 Sample-based diagonalization: carryover bitstrings = [], size = 0
