 Elapsed time for helper construction 1.218267 (sec) 
 Elapsed time for init 0.03683 (sec) 
 Elapsed time for makeQChamDiagTerms 10.420126 (sec) 
 Davidson iteration 0.0 (tol=0.6298756092318869): -154.8411803768055
 Davidson iteration 0.1 (tol=0.1604445238386926): -155.0245537628944 -152.976046042352
 Davidson iteration 0.2 (tol=0.04818075118471927): -155.0349334290143 -153.2498572098611 -152.7899511849155
 Davidson iteration 0.3 (tol=0.01204038974932633): -155.0358322361551 -153.4297964507493 -152.8220184782357 -152.5031362482347
 Davidson iteration 0.4 (tol=0.003833360528264788): -155.0358886846294 -153.6504000054302 -152.842594206928 -152.8154916175287
 Davidson iteration 0.5 (tol=0.001125068355737012): -155.0358949368255 -153.9574954082927 -152.8949226753799 -152.8407259951979
 Davidson iteration 0.6 (tol=0.0003433538859151437): -155.0358954951377 -154.1576932170237 -153.1325367905009 -152.8893323243422
 Davidson iteration 0.7 (tol=0.0001019848923191481): -155.0358955472154 -154.2228196727005 -153.4721473814032 -153.1198058130628
 Davidson iteration 1.0 (tol=0.0001019848922946738): -155.0358955472181
 Davidson iteration 1.1 (tol=4.012722439909892e-05): -155.035895552036 -153.6521495982002
 Davidson iteration 1.2 (tol=1.708351030306824e-05): -155.0358955531169 -154.3594004188436 -153.0360505337595
 Davidson iteration 1.3 (tol=5.780537468317686e-06): -155.0358955532543 -154.5647205747582 -153.2524379983567 -152.5069439415568
 Elapsed time for davidson 38.519725 (sec) 
 Elapsed time for diagonalization 38.519857 (sec) 
 Elapsed time for mult 1.063836 (sec) 
 Energy = -155.0358955532528
 Elapsed time for measurement 0.09344 (sec) 
 Sample-based diagonalization: Energy = -155.0358955532528
 Sample-based diagonalization: density = [1.999993959858619,1.992293713818273,1.992423221900996,1.989606615016135,1.98694695059497,1.982232859045901,1.986555628252586,1.986475763298339,1.983893320779545,1.986145768665058,1.970676665051114,1.989493963084545,1.951164053552493,0.08220248533319219,0.009643573404368047,0.01262199905196193,0.01202399420636263,0.01039659460215399,0.01501569012729324,0.006486187227865972,0.01441873053212414,0.01148315429386197,0.01442577393769733,0.01337933407263344
 Sample-based diagonalization: carryover bitstrings = [], size = 0
