 Elapsed time for helper construction 6.062759 (sec) 
 Elapsed time for init 0.146049 (sec) 
 Elapsed time for makeQChamDiagTerms 50.09672399999999 (sec) 
 Davidson iteration 0.0 (tol=0.743483933395975): -152.7531063203009
 Davidson iteration 0.1 (tol=0.3105251498181759): -152.9908803380184 -150.5153096736534
 Davidson iteration 0.2 (tol=0.0759746642676437): -153.0217686538195 -151.1070471053372 -149.2721388304109
 Davidson iteration 0.3 (tol=0.02304320252962661): -153.0233436958041 -151.2193428462609 -149.8311592645769 -149.116623268875
 Davidson iteration 0.4 (tol=0.007324795467076942): -153.0235028959577 -151.3377041297683 -150.404343793842 -149.3288915235576
 Davidson iteration 0.5 (tol=0.002674688802404374): -153.0235192151501 -151.4577373938984 -150.7910698794599 -149.3871069308225
 Davidson iteration 0.6 (tol=0.0009290029887771041): -153.0235216066765 -151.5963997205373 -151.1201450765044 -150.2344113568677
 Davidson iteration 0.7 (tol=0.0002833424535812863): -153.0235218685099 -151.6715219048158 -151.2781625738009 -150.5271229558463
 Davidson iteration 1.0 (tol=0.0002833424535831659): -153.0235218685091
 Davidson iteration 1.1 (tol=0.0001043778632547058): -153.0235218882211 -149.5082375789625
 Davidson iteration 1.2 (tol=3.802003083317411e-05): -153.0235218916901 -150.8368071257017 -148.5397950510627
 Davidson iteration 1.3 (tol=1.437140018158931e-05): -153.0235218921226 -151.4015811775239 -149.4303029431597 -147.9970642849565
 Davidson iteration 1.4 (tol=4.859015923295695e-06): -153.0235218921811 -151.6498268661194 -149.9140236045318 -149.2008425459072
 Elapsed time for davidson 492.214311 (sec) 
 Elapsed time for diagonalization 492.214494 (sec) 
 Elapsed time for mult 29.844538 (sec) 
 Energy = -153.0235218921862
 Elapsed time for measurement 101.425893 (sec) 
 Sample-based diagonalization: Energy = -153.0235218921862
 Sample-based diagonalization: density = [1.999964329740923,1.988318903393073,1.987250460118068,1.986997174804798,1.982328510449325,1.978631820275796,1.978117441624618,1.977706409571582,1.977023496850111,1.975842542029897,1.975619422928119,1.972313347030377,1.970862920925309,1.97170324807638,0.01445942250106365,0.0261572229092872,0.02364987597031332,0.0163139470369071,0.02140927838097764,0.02126988769925366,0.01905318778756216,0.02023020892163835,0.01886775912413256,0.0192289357727579,0.01861353894327583,0.01984499743169687,0.01932749030173949,0.01889421932598042
 Sample-based diagonalization: carryover bitstrings = [], size = 0
 Elapse time for dumping one-particle rdm = 0.0009419999999999999
 Elapse time for dumping two-particle rdm = 0.5445789999999999
 Zero-Body energy = 0
 One-Body energy = -266.3784568455133
 Two-Body energy = 113.3549349537871
 One-Body + Two-Body energy = -153.0235218917262
 Zero-Body + One-Body + Two-Body energy = -153.0235218917262
