 Elapsed time for helper construction 0.9574419999999999 (sec) 
 Elapsed time for init 0.01489 (sec) 
 Elapsed time for makeQChamDiagTerms 9.202461999999999 (sec) 
 Davidson iteration 0.0 (tol=0.5460553071290088): -154.3172871743946
 Davidson iteration 0.1 (tol=0.1594933254284669): -154.458631853689 -152.5607748711086
 Davidson iteration 0.2 (tol=0.04704153084239211): -154.4687519272081 -152.864308164724 -152.3453581887334
 Davidson iteration 0.3 (tol=0.01205585582823519): -154.469644290006 -152.9777329945728 -152.3813768712107 -152.2270480340191
 Davidson iteration 0.4 (tol=0.004544867138748206): -154.469708963838 -153.3200550170125 -152.3817783808518 -152.3355184609235
 Davidson iteration 0.5 (tol=0.001413957927074364): -154.4697191065726 -153.6313761992373 -152.4614882754052 -152.3654796463847
 Davidson iteration 0.6 (tol=0.0004570293443633532): -154.4697200643447 -153.820664511532 -152.7877606231996 -152.4014136281395
 Davidson iteration 0.7 (tol=0.0001617611666889132): -154.4697201623263 -153.883171495765 -153.225083082265 -152.5502706586888
 Davidson iteration 1.0 (tol=0.0001617611666920704): -154.4697201623256
 Davidson iteration 1.1 (tol=7.290328578721647e-05): -154.4697201743622 -153.18322471845
 Davidson iteration 1.2 (tol=3.594450248509495e-05): -154.4697201778967 -153.9770264169262 -151.5719776174611
 Davidson iteration 1.3 (tol=1.247589217629556e-05): -154.4697201784694 -154.1338000408045 -152.1470191791004 -151.3819723740139
 Davidson iteration 1.4 (tol=4.167090218449637e-06): -154.4697201785397 -154.1742467805581 -152.6507324915596 -152.1468985243388
 Elapsed time for davidson 31.756018 (sec) 
 Elapsed time for diagonalization 31.756166 (sec) 
 Elapsed time for mult 0.705136 (sec) 
 Energy = -154.4697201785396
 Elapsed time for measurement 0.08182199999999999 (sec) 
 Sample-based diagonalization: Energy = -154.4697201785396
 Sample-based diagonalization: density = [1.999990843474085,1.994134698610941,1.995590936238028,1.993313248113938,1.992181571287197,1.98734182744807,1.987873015134257,1.98958567571984,1.987427482917805,1.975747244789618,1.988373432893046,1.99196026301941,1.940733274627565,0.08800426267410119,0.01402710538338404,0.01242094674582116,0.008533506458386079,0.004858150232937057,0.01037441727582018,0.007494595683214519,0.00949868275974943,0.008610332561847919,0.01192448572052559
 Sample-based diagonalization: carryover bitstrings = [], size = 0
