 Elapsed time for helper construction 0.915976 (sec) 
 Elapsed time for init 0.012526 (sec) 
 Elapsed time for makeQChamDiagTerms 6.122423 (sec) 
 Davidson iteration 0.0 (tol=0.5798921609198487): -131.5032474787522
 Davidson iteration 0.1 (tol=0.1276809589471585): -131.6579181816523 -129.4404005431856
 Davidson iteration 0.2 (tol=0.03239129359668863): -131.6636459929576 -129.7496987215747 -129.0215365377735
 Davidson iteration 0.3 (tol=0.009019062648865499): -131.6640017294575 -129.8083617617811 -129.1474412666792 -129.0157701548602
 Davidson iteration 0.4 (tol=0.002717868805968237): -131.6640318653638 -130.0345614807033 -129.4255383797324 -129.063468220214
 Davidson iteration 0.5 (tol=0.0008102590604805413): -131.664034521329 -130.3418714563599 -129.5781312642656 -129.2063858948484
 Davidson iteration 0.6 (tol=0.0002353046876079402): -131.6640347415617 -130.4891351956089 -129.6615675110359 -129.2078872643599
 Davidson iteration 0.7 (tol=7.660847397425067e-05): -131.6640347612159 -130.6088358754042 -129.8226093891658 -129.3669494096868
 Davidson iteration 1.0 (tol=7.660847397522101e-05): -131.6640347612161
 Davidson iteration 1.1 (tol=3.128505691783246e-05): -131.6640347631939 -129.3521358497485
 Davidson iteration 1.2 (tol=1.193802219210946e-05): -131.6640347636412 -130.5694192137812 -127.8971452470831
 Davidson iteration 1.3 (tol=3.647378372805212e-06): -131.6640347636903 -130.8219758132188 -128.6837343042883 -127.7001073106466
 Elapsed time for davidson 26.165115 (sec) 
 Elapsed time for diagonalization 26.165203 (sec) 
 Elapsed time for mult 0.8094 (sec) 
 Energy = -131.6640347636903
 Elapsed time for measurement 0.06308 (sec) 
 Sample-based diagonalization: Energy = -131.6640347636903
 Sample-based diagonalization: density = [1.999970893191158,1.993468893466562,1.991200530206188,1.986818782088486,1.984271904230615,1.984277602179815,1.979951562897023,1.984807181416662,1.978187590322863,1.98924318633683,1.981379290754734,1.99158010515787,0.008194086597137351,0.01946952752527529,0.02386849052433726,0.02002785314990893,0.01696983809506961,0.01568795332928107,0.01615945816495282,0.01580369872077067,0.01866157136918212
 Sample-based diagonalization: carryover bitstrings = [], size = 0
