 Elapsed time for helper construction 1.304342 (sec) 
 Elapsed time for init 0.049188 (sec) 
 Elapsed time for makeQChamDiagTerms 15.168039 (sec) 
 Davidson iteration 0.0 (tol=0.6239907998959719): -151.5967512526693
 Davidson iteration 0.1 (tol=0.1404502520878311): -151.7730727014393 -149.6646663310462
 Davidson iteration 0.2 (tol=0.03633445094563267): -151.7811646148951 -150.0291278958348 -149.5928417314803
 Davidson iteration 0.3 (tol=0.009772574340144941): -151.7817199602339 -150.1436611361898 -149.8420456052625 -149.592660044216
 Davidson iteration 0.4 (tol=0.002915489418185194): -151.7817693578374 -150.6649489997962 -149.8997822763364 -149.6259617611289
 Davidson iteration 0.5 (tol=0.0009949054042825978): -151.7817737928935 -151.036348926919 -149.9963664460897 -149.7251941201872
 Davidson iteration 0.6 (tol=0.0003237139203373304): -151.7817742776488 -151.1494917130977 -150.2837993512829 -149.8377318200662
 Davidson iteration 0.7 (tol=0.0001245978060951413): -151.78177433453 -151.2570807419447 -150.6379466409425 -150.092788526168
 Davidson iteration 1.0 (tol=0.0001245978060937852): -151.7817743345296
 Davidson iteration 1.1 (tol=5.607246752738936e-05): -151.7817743425555 -150.5338722846285
 Davidson iteration 1.2 (tol=2.970451670420304e-05): -151.7817743453587 -151.3377169488459 -149.5409877173352
 Davidson iteration 1.3 (tol=8.779160570989319e-06): -151.7817743457356 -151.4483516887159 -149.5410637006191 -149.2409513969561
 Elapsed time for davidson 63.77565999999999 (sec) 
 Elapsed time for diagonalization 63.77583499999999 (sec) 
 Elapsed time for mult 1.580006 (sec) 
 Energy = -151.7817743457336
 Elapsed time for measurement 0.222604 (sec) 
 Sample-based diagonalization: Energy = -151.7817743457336
 Sample-based diagonalization: density = [1.999973909174457,1.994938798876934,1.992147978067246,1.988848425317361,1.987861320009128,1.986802536432074,1.986140293929769,1.984533710662491,1.991931570330967,1.981015548122983,1.955473925328925,1.992312680064874,1.988823665372818,1.986113425586326,0.05102449971216359,0.01091354464235534,0.02016527205839073,0.01990806812893856,0.009470255920836883,0.01680703675388254,0.008548398022393856,0.008186141535503145,0.01328906946087871,0.01075157580809132,0.01401835030855847
 Sample-based diagonalization: carryover bitstrings = [], size = 0
