 Elapsed time for helper construction 1.390173 (sec) 
 Elapsed time for init 0.022292 (sec) 
 Elapsed time for makeQChamDiagTerms 13.032481 (sec) 
 Davidson iteration 0.0 (tol=0.5932753874414898): -128.3351211035717
 Davidson iteration 0.1 (tol=0.1499686093176859): -128.4930916272038 -126.2316766262143
 Davidson iteration 0.2 (tol=0.04708733865925943): -128.5014082855404 -126.8567479142694 -126.0217735035042
 Davidson iteration 0.3 (tol=0.01299088323243234): -128.5022799151846 -126.9958080666282 -126.1166071297038 -126.0098934207853
 Davidson iteration 0.4 (tol=0.005315162929892426): -128.5023887820542 -127.8032479250162 -126.4322992867524 -126.1028759412107
 Davidson iteration 0.5 (tol=0.001551812560573241): -128.5024006316965 -127.9510753404976 -126.5099610084604 -126.157684220861
 Davidson iteration 0.6 (tol=0.0004291066458009023): -128.502401572903 -127.9958786771214 -126.7007030906701 -126.2005752690334
 Davidson iteration 0.7 (tol=0.0001106650027818421): -128.5024016412153 -128.0112396609083 -126.8980886980923 -126.3310969412598
 Davidson iteration 1.0 (tol=0.0001106650027820761): -128.5024016412152
 Davidson iteration 1.1 (tol=3.293688439945899e-05): -128.5024016452431 -126.0665245392717
 Davidson iteration 1.2 (tol=9.788833564477244e-06): -128.5024016457037 -126.8727219639569 -125.620591434057
 Elapsed time for davidson 46.323343 (sec) 
 Elapsed time for diagonalization 46.323567 (sec) 
 Elapsed time for mult 1.3308 (sec) 
 Energy = -128.5024016457038
 Elapsed time for measurement 0.125345 (sec) 
 Sample-based diagonalization: Energy = -128.5024016457038
 Sample-based diagonalization: density = [1.999973594172687,1.993169611492213,1.991075129654794,1.988862311393806,1.984835774435014,1.978676604053795,1.982315644890388,1.984214126068181,1.987386969848244,1.982623345786978,1.985149507951886,1.977066559757574,0.02182266281585198,0.02082369925159001,0.005600280742784484,0.01720491721269841,0.01751591150101302,0.01454014658046546,0.01244858500816705,0.01551942321867378,0.01287907330964679,0.01150843909976609,0.01478768139523598
 Sample-based diagonalization: carryover bitstrings = [], size = 0
