 Elapsed time for helper construction 1.098991 (sec) 
 Elapsed time for init 0.012519 (sec) 
 Elapsed time for makeQChamDiagTerms 7.719897 (sec) 
 Davidson iteration 0.0 (tol=0.5966835561494735): -129.1751224042567
 Davidson iteration 0.1 (tol=0.1338868020134373): -129.3355146536618 -127.0748536928033
 Davidson iteration 0.2 (tol=0.03423752615287155): -129.3423079329496 -127.7231846643289 -126.9261899028375
 Davidson iteration 0.3 (tol=0.007910442333937156): -129.3427590382724 -127.7253877917461 -127.2735532811879 -126.7919998720707
 Davidson iteration 0.4 (tol=0.002091472045376786): -129.3427878902159 -128.3217744207052 -127.2877327753216 -127.0724061530642
 Davidson iteration 0.5 (tol=0.0005237000162089418): -129.3427896866584 -128.5036701202157 -127.3631517684687 -127.2470583038437
 Davidson iteration 0.6 (tol=0.0001294071650755193): -129.3427897954593 -128.6248315952693 -127.3744363840216 -127.3623927331412
 Davidson iteration 0.7 (tol=3.337502814890724e-05): -129.342789801984 -128.6897547929543 -127.550154105169 -127.3637985642051
 Davidson iteration 1.0 (tol=3.337502814847338e-05): -129.3427898019833
 Davidson iteration 1.1 (tol=1.007970371431096e-05): -129.3427898023771 -127.1428587480724
 Davidson iteration 1.2 (tol=3.035899025047256e-06): -129.3427898024266 -128.0409260556155 -126.7780858354207
 Elapsed time for davidson 29.801969 (sec) 
 Elapsed time for diagonalization 29.802151 (sec) 
 Elapsed time for mult 0.948966 (sec) 
 Energy = -129.3427898024256
 Elapsed time for measurement 0.072922 (sec) 
 Sample-based diagonalization: Energy = -129.3427898024256
 Sample-based diagonalization: density = [1.999971486220837,1.993679037007922,1.991351178221314,1.987468200733985,1.988554227421606,1.983229655901857,1.982607669352168,1.981107327784301,1.982305908757843,1.977135126658547,1.989261564444481,1.983413996172082,0.01227303496634723,0.0193691704803088,0.02065023611997882,0.01533706688490885,0.01360206875051052,0.0105310194351719,0.01545471960719455,0.01391458760904577,0.01393154167864824,0.01450953991087617,0.01034163557361564
 Sample-based diagonalization: carryover bitstrings = [], size = 0
