 Elapsed time for helper construction 1.462726 (sec) 
 Elapsed time for init 0.05281599999999999 (sec) 
 Elapsed time for makeQChamDiagTerms 15.939379 (sec) 
 Davidson iteration 0.0 (tol=0.6941769946547093): -164.5482946668577
 Davidson iteration 0.1 (tol=0.2507395442270866): -164.7481429486953 -162.509787566544
 Davidson iteration 0.2 (tol=0.0886408135762622): -164.768157621443 -162.7954713380194 -161.9920713954351
 Davidson iteration 0.3 (tol=0.02627522671351612): -164.7708067873296 -162.9772730062886 -162.2024195873778 -161.9226768220897
 Davidson iteration 0.4 (tol=0.01078415527100093): -164.7710768002004 -163.414234549217 -162.3410392858989 -162.0203376054268
 Davidson iteration 0.5 (tol=0.0044977118278522): -164.7711287910514 -163.8996866711134 -162.5970137152814 -162.2014266287819
 Davidson iteration 0.6 (tol=0.001654791570984092): -164.7711369256632 -164.0470625009688 -162.7269793776471 -162.3848830875723
 Davidson iteration 0.7 (tol=0.0006846994940133604): -164.771138094001 -164.1617811483871 -163.3437435626825 -162.4932797095577
 Davidson iteration 1.0 (tol=0.0006846994940355147): -164.7711380940032
 Davidson iteration 1.1 (tol=0.0002703879027097122): -164.7711382583472 -162.6407107426079
 Davidson iteration 1.2 (tol=0.0001386425937519746): -164.7711383040732 -163.9813510961172 -162.2878001841624
 Davidson iteration 1.3 (tol=5.219198873175619e-05): -164.7711383113824 -164.1730961130322 -162.2879658097514 -161.976457171863
 Davidson iteration 1.4 (tol=2.322726572681678e-05): -164.7711383125851 -164.3005571057754 -162.7058783764648 -162.2303457654075
 Davidson iteration 1.5 (tol=8.832206635053941e-06): -164.771138312805 -164.3362793645284 -163.3000983910081 -162.3268999797749
 Elapsed time for davidson 77.082517 (sec) 
 Elapsed time for diagonalization 77.08386299999999 (sec) 
 Elapsed time for mult 1.888444 (sec) 
 Energy = -164.7711383128012
 Elapsed time for measurement 0.166486 (sec) 
 Sample-based diagonalization: Energy = -164.7711383128012
 Sample-based diagonalization: density = [1.999975287802513,1.993894795735715,1.992784728792932,1.991617408502121,1.987191147860722,1.986349072886226,1.984515940663635,1.98277177446345,1.983074597150358,1.982246121364436,1.967117437943032,1.994436081744392,1.984535371515662,1.942773580292976,0.08926370487603488,0.007431687048450208,0.01594933211430259,0.0173951457101965,0.01634750677050137,0.01612651789872573,0.0133779924045159,0.002819416980554525,0.01375961878753193,0.01769620456498512,0.01654952559680119
 Sample-based diagonalization: carryover bitstrings = [], size = 0
