 Elapsed time for helper construction 0.289359 (sec) 
 Elapsed time for init 0.007425999999999999 (sec) 
 Elapsed time for makeQChamDiagTerms 0.882807 (sec) 
 Davidson iteration 0.0 (tol=0.5972923069768239): -110.6079254890351
 Davidson iteration 0.1 (tol=0.2653734781501913): -110.7543694173444 -108.5573357385754
 Davidson iteration 0.2 (tol=0.1196766603036563): -110.7744294875216 -109.0111197829396 -107.647293169141
 Davidson iteration 0.3 (tol=0.04556964649061446): -110.7783615227273 -109.2354867861634 -107.8249239566085 -107.1270646183519
 Davidson iteration 0.4 (tol=0.01938517749955614): -110.7788568128954 -109.4313765089923 -108.0827127946098 -107.5671298015849
 Davidson iteration 0.5 (tol=0.007462032712300874): -110.7789596052542 -109.7097367389111 -108.440339254887 -107.6304542546545
 Davidson iteration 0.6 (tol=0.003388868944858956): -110.7789748228585 -109.904724009165 -108.7023009288804 -107.6328241572587
 Davidson iteration 0.7 (tol=0.001370370268314483): -110.7789778172314 -110.0122138455355 -108.9394534500214 -108.0991462361502
 Davidson iteration 1.0 (tol=0.001370370268316043): -110.7789778172315
 Davidson iteration 1.1 (tol=0.0006572375286518268): -110.7789782489717 -107.6661314123014
 Davidson iteration 1.2 (tol=0.0003381887375527521): -110.7789783819598 -109.3615559958089 -105.8651347819842
 Davidson iteration 1.3 (tol=0.0001548672146935416): -110.778978413889 -109.9455849718577 -106.9917486216409 -104.7370887713921
 Davidson iteration 1.4 (tol=6.441687442111274e-05): -110.778978419485 -110.1025200397056 -106.9943784298702 -106.6412295001879
 Davidson iteration 1.5 (tol=2.567171475707606e-05): -110.7789784205672 -110.1974634584556 -108.1080668546168 -106.9671078082724
 Davidson iteration 1.6 (tol=1.140143404309334e-05): -110.7789784207417 -110.2435107039389 -108.9227452593343 -107.2761284876363
 Davidson iteration 1.7 (tol=4.086586179666099e-06): -110.7789784207765 -110.2691011151261 -109.383839522579 -107.287697421465
 Elapsed time for davidson 10.093313 (sec) 
 Elapsed time for diagonalization 10.093396 (sec) 
 Elapsed time for mult 0.383811 (sec) 
 Energy = -110.7789784207764
 Elapsed time for measurement 0.012795 (sec) 
 Sample-based diagonalization: Energy = -110.7789784207764
 Sample-based diagonalization: density = [1.9999869688093,1.990191047560347,1.987040426496818,1.981210227811302,1.979244618579142,1.978013893224429,1.965270282416391,1.985403444712728,1.932376697718054,0.09977594477198742,0.0200477926530481,0.02252544121774224,0.02015951516286286,0.02082919806339964,0.01792450076064771
 Sample-based diagonalization: carryover bitstrings = [], size = 0
