 Elapsed time for helper construction 1.124659 (sec) 
 Elapsed time for init 0.017991 (sec) 
 Elapsed time for makeQChamDiagTerms 12.18952 (sec) 
 Davidson iteration 0.0 (tol=0.6254891858880394): -165.9109107630273
 Davidson iteration 0.1 (tol=0.176265832832186): -166.0840237477982 -164.0016007630837
 Davidson iteration 0.2 (tol=0.05174072008632136): -166.0957505052891 -164.2840025888223 -163.785493648712
 Davidson iteration 0.3 (tol=0.01340985844630221): -166.0968123289839 -164.4214111949555 -163.9216154010278 -163.7853286959989
 Davidson iteration 0.4 (tol=0.004549895108446673): -166.0968894490838 -164.7351192285046 -163.924992236334 -163.8593666795859
 Davidson iteration 0.5 (tol=0.001407479805705819): -166.0968992739531 -165.092543173377 -164.0572623265286 -163.9176116073631
 Davidson iteration 0.6 (tol=0.0004208562319445586): -166.0969001249938 -165.2374201997484 -164.1386116147637 -164.0565439134311
 Davidson iteration 0.7 (tol=0.0001442254718392071): -166.0969002067243 -165.3192523260802 -164.7252621315052 -164.1366561995558
 Davidson iteration 1.0 (tol=0.0001442254718393912): -166.0969002067222
 Davidson iteration 1.1 (tol=5.410115346346806e-05): -166.0969002151468 -164.2168585547141
 Davidson iteration 1.2 (tol=2.263321726622979e-05): -166.0969002169495 -165.1957719633282 -163.7523853471763
 Davidson iteration 1.3 (tol=7.582861368657304e-06): -166.0969002171657 -165.4455413024655 -163.7687879124517 -163.5753006640421
 Elapsed time for davidson 38.222037 (sec) 
 Elapsed time for diagonalization 38.222158 (sec) 
 Elapsed time for mult 0.873895 (sec) 
 Energy = -166.0969002171697
 Elapsed time for measurement 0.100026 (sec) 
 Sample-based diagonalization: Energy = -166.0969002171697
 Sample-based diagonalization: density = [1.999976651498446,1.994635341149181,1.993969404429616,1.992434691641701,1.990384494420621,1.989638903831526,1.987317824254019,1.989851462632644,1.979059015389979,1.984249474288271,1.976055874850507,1.995148916287736,1.988243299611841,1.947183987345782,0.07806776826370498,0.01536553225498498,0.003454763788416009,0.01491856122719607,0.01490907521611068,0.01030218860781106,0.01408109057114665,0.01115691085407605,0.01550066289343473,0.01409410442413914
 Sample-based diagonalization: carryover bitstrings = [], size = 0
