 Elapsed time for helper construction 0.8964749999999999 (sec) 
 Elapsed time for init 0.01263 (sec) 
 Elapsed time for makeQChamDiagTerms 8.985802 (sec) 
 Davidson iteration 0.0 (tol=0.5681794020811393): -165.604334349374
 Davidson iteration 0.1 (tol=0.1537823081365585): -165.7514093603407 -163.7346440123392
 Davidson iteration 0.2 (tol=0.04621897803652811): -165.7607607503941 -164.0075144612334 -163.5163628757378
 Davidson iteration 0.3 (tol=0.01309361226673742): -165.7616758800075 -164.2678807069271 -163.6380996507955 -163.4984145451849
 Davidson iteration 0.4 (tol=0.004719654937465654): -165.7617565155451 -164.6613438666041 -163.6408184203618 -163.5146219623568
 Davidson iteration 0.5 (tol=0.001558139019246976): -165.7617670846443 -164.9615986066859 -163.8554283631325 -163.5659222993677
 Davidson iteration 0.6 (tol=0.0004483577287816559): -165.7617681528803 -165.0545608768232 -164.0160248227027 -163.6549454650066
 Davidson iteration 0.7 (tol=0.0001500049241347318): -165.7617682443038 -165.1426537592717 -164.5206040390513 -163.7163115062554
 Davidson iteration 1.0 (tol=0.0001500049241306757): -165.7617682443072
 Davidson iteration 1.1 (tol=5.012193241022775e-05): -165.7617682528952 -163.7246342038032
 Davidson iteration 1.2 (tol=1.939057207518725e-05): -165.7617682545144 -164.892390706836 -163.5238718496709
 Davidson iteration 1.3 (tol=5.8883855612108e-06): -165.7617682546687 -165.0746340567173 -163.5654581919947 -163.2288289293547
 Elapsed time for davidson 30.990763 (sec) 
 Elapsed time for diagonalization 30.99087 (sec) 
 Elapsed time for mult 0.7811969999999999 (sec) 
 Energy = -165.7617682546666
 Elapsed time for measurement 0.07665 (sec) 
 Sample-based diagonalization: Energy = -165.7617682546666
 Sample-based diagonalization: density = [1.9999784955821,1.99497498494654,1.995283525675635,1.994883206399997,1.992323936006309,1.990632909577212,1.99203386107389,1.985968270580187,1.989682919908217,1.985560416086605,1.98064309931995,1.989525348589948,1.98545856904275,1.953435753990644,0.06702186099033902,0.0178863165039709,0.01946519824389029,0.01223116295795341,0.006943851797177531,0.01173403600915403,0.01053882697556384,0.01100441203370079,0.01278903745291092
 Sample-based diagonalization: carryover bitstrings = [], size = 0
