 Elapsed time for helper construction 0.363928 (sec) 
 Elapsed time for init 0.002047 (sec) 
 Elapsed time for makeQChamDiagTerms 0.745966 (sec) 
 Davidson iteration 0.0 (tol=0.5117126292987554): -102.6021334774272
 Davidson iteration 0.1 (tol=0.1758412332400567): -102.7211873427468 -100.5067881981383
 Davidson iteration 0.2 (tol=0.05134386315854511): -102.7312604026421 -100.9241050769215 -99.57426206636187
 Davidson iteration 0.3 (tol=0.0176732907270516): -102.7319891110483 -101.0153185589774 -99.87526567006279 -99.47508637710072
 Davidson iteration 0.4 (tol=0.005883055624786747): -102.7320775976386 -101.1270806155303 -100.194896862005 -99.67619055684057
 Davidson iteration 0.5 (tol=0.002246945230354831): -102.7320875526259 -101.3252930110793 -100.6664692754615 -99.73232960727002
 Davidson iteration 0.6 (tol=0.0008888670201094934): -102.7320891386228 -101.612299786426 -100.8978330143331 -99.94331027949499
 Davidson iteration 0.7 (tol=0.000345001704915986): -102.7320893761009 -101.8306256448736 -100.9950091116646 -100.070486455054
 Davidson iteration 1.0 (tol=0.0003450017049155679): -102.7320893761009
 Davidson iteration 1.1 (tol=0.0001585886976358765): -102.7320894074109 -100.1621668214931
 Davidson iteration 1.2 (tol=7.0960872149285e-05): -102.7320894166759 -101.6210596136517 -97.86959664820597
 Davidson iteration 1.3 (tol=2.797230002317102e-05): -102.7320894182785 -101.9544290486144 -99.54567275027003 -97.21252922025192
 Davidson iteration 1.4 (tol=9.668362266585241e-06): -102.7320894185056 -102.0986071867334 -99.5751328275154 -99.40948443280186
 Elapsed time for davidson 6.636029 (sec) 
 Elapsed time for diagonalization 6.636127999999999 (sec) 
 Elapsed time for mult 0.294306 (sec) 
 Energy = -102.7320894185054
 Elapsed time for measurement 0.9721559999999999 (sec) 
 Sample-based diagonalization: Energy = -102.7320894185054
 Sample-based diagonalization: density = [1.999988664587044,1.987453830542562,1.986543425016039,1.989761357508566,1.977527405613448,1.981072342066331,1.975762493602641,1.975957800921715,1.987261864440842,0.0261103107441924,0.02319237677635059,0.02130044644800459,0.02140883232757072,0.01928797591283703,0.02029909575100931,0.00707177773751077
 Sample-based diagonalization: carryover bitstrings = [], size = 0
 Elapse time for dumping one-particle rdm = 0.0009289999999999999
 Elapse time for dumping two-particle rdm = 0.060206
 Zero-Body energy = 0
 One-Body energy = -164.3401669173325
 Two-Body energy = 61.60807749884832
 One-Body + Two-Body energy = -102.7320894184842
 Zero-Body + One-Body + Two-Body energy = -102.7320894184842
