 Elapsed time for helper construction 1.312489 (sec) 
 Elapsed time for init 0.04374 (sec) 
 Elapsed time for makeQChamDiagTerms 11.871806 (sec) 
 Davidson iteration 0.0 (tol=0.6451049257553252): -128.2483727981355
 Davidson iteration 0.1 (tol=0.130528717716091): -128.437435871633 -126.1363400568206
 Davidson iteration 0.2 (tol=0.0211571941285734): -128.4432727694204 -126.362751760846 -125.5665994163243
 Davidson iteration 0.3 (tol=0.005065040630954666): -128.4434288259895 -126.4675885776759 -125.9587342643898 -125.4633872576584
 Davidson iteration 0.4 (tol=0.00133992130000382): -128.4434383674136 -126.6679540156737 -126.1774791345296 -125.5990907551636
 Davidson iteration 0.5 (tol=0.0003083626170839543): -128.4434389745335 -126.8704868019042 -126.2857231236171 -125.6018005637632
 Davidson iteration 0.6 (tol=6.530684380280336e-05): -128.4434390050116 -126.9542109464138 -126.3616283524122 -125.815954245015
 Davidson iteration 0.7 (tol=1.469247288442953e-05): -128.4434390064063 -126.9765468691397 -126.439359076189 -126.0307661701053
 Davidson iteration 1.0 (tol=1.469247288559255e-05): -128.4434390064049
 Davidson iteration 1.1 (tol=4.35685568865129e-06): -128.4434390064742 -125.705524523046
 Elapsed time for davidson 42.897016 (sec) 
 Elapsed time for diagonalization 42.899217 (sec) 
 Elapsed time for mult 1.561646 (sec) 
 Energy = -128.4434390064753
 Elapsed time for measurement 0.148089 (sec) 
 Sample-based diagonalization: Energy = -128.4434390064753
 Sample-based diagonalization: density = [1.999971165785827,1.990940775699867,1.989598239987014,1.986496166201608,1.987018099426145,1.982645966591804,1.981621916689918,1.982619754307789,1.983420659531693,1.978489960718454,1.979061593066687,1.979528752212966,0.01465711930182833,0.01770816698678955,0.01809100079745814,0.01110541976458924,0.01649603146492783,0.013797596445687,0.01623907942232057,0.01425710138286894,0.01255946038689156,0.01500984204826424,0.01584541944926185,0.01282071200046594
 Sample-based diagonalization: carryover bitstrings = [], size = 0
