 Elapsed time for helper construction 0.440987 (sec) 
 Elapsed time for init 0.00544 (sec) 
 Elapsed time for makeQChamDiagTerms 2.309287 (sec) 
 Davidson iteration 0.0 (tol=0.5482483200340734): -149.3145125327888
 Davidson iteration 0.1 (tol=0.2417912297633937): -149.4402029665351 -147.3289750890307
 Davidson iteration 0.2 (tol=0.1080655117903066): -149.4574443030605 -147.7765531426387 -146.4229224734567
 Davidson iteration 0.3 (tol=0.04213003083409913): -149.4609038296612 -148.0038743736405 -146.7822989201229 -146.0937752943689
 Davidson iteration 0.4 (tol=0.01699735309792662): -149.4613642957577 -148.1835938412424 -147.0363811811837 -146.4175202606806
 Davidson iteration 0.5 (tol=0.006239957615630533): -149.4614495037607 -148.4060227183907 -147.2571679304532 -146.5392632001488
 Davidson iteration 0.6 (tol=0.002837515110032565): -149.4614589937788 -148.5188106411584 -147.4315935835263 -146.5770851949988
 Davidson iteration 0.7 (tol=0.001088533998724067): -149.4614610363858 -148.61116727724 -147.7360788616973 -146.9038965951837
 Davidson iteration 1.0 (tol=0.001088533998723995): -149.4614610363859
 Davidson iteration 1.1 (tol=0.0005643763897039164): -149.4614613414866 -147.1779957822485
 Davidson iteration 1.2 (tol=0.0003158046521953252): -149.4614614555296 -148.5266323776209 -145.026274642934
 Davidson iteration 1.3 (tol=0.0001476721400361297): -149.4614614869566 -148.9397085470436 -146.1101870682159 -144.4160184781106
 Davidson iteration 1.4 (tol=6.608404064344403e-05): -149.4614614928461 -149.0666746309421 -146.5481227159868 -145.9306927799213
 Davidson iteration 1.5 (tol=3.240678426169726e-05): -149.4614614942869 -149.1301456341363 -147.6469414712437 -146.0769685692425
 Davidson iteration 1.6 (tol=1.708830354792603e-05): -149.4614614946226 -149.1802486389201 -148.2378778187863 -146.2233839670617
 Davidson iteration 1.7 (tol=7.419093194086974e-06): -149.4614614947021 -149.2023115820634 -148.5437868418929 -146.3128002297402
 Elapsed time for davidson 19.666616 (sec) 
 Elapsed time for diagonalization 19.666674 (sec) 
 Elapsed time for mult 0.620262 (sec) 
 Energy = -149.4614614947033
 Elapsed time for measurement 0.02903 (sec) 
 Sample-based diagonalization: Energy = -149.4614614947033
 Sample-based diagonalization: density = [1.999996715602658,1.997817201060855,1.992489415045764,1.993640500986779,1.989194997551464,1.984514675987799,1.98826968661804,1.974465156026317,1.979299647664861,1.979656969719866,1.941323023802302,0.09743512636700052,0.02344479586602579,0.00174516192425499,0.01494238296174035,0.02403410405516657,0.01773043861146273
 Sample-based diagonalization: carryover bitstrings = [], size = 0
