 Elapsed time for helper construction 1.269965 (sec) 
 Elapsed time for init 0.036537 (sec) 
 Elapsed time for makeQChamDiagTerms 8.516064999999999 (sec) 
 Davidson iteration 0.0 (tol=0.6087304588108868): -131.9413490602467
 Davidson iteration 0.1 (tol=0.2159401086803066): -132.1106365511892 -129.8764751223756
 Davidson iteration 0.2 (tol=0.06809613481863869): -132.1259500624774 -130.324095469849 -128.9985477432231
 Davidson iteration 0.3 (tol=0.02178913100330692): -132.127273006807 -130.4031975870022 -129.126741454416 -128.9794536606219
 Davidson iteration 0.4 (tol=0.007764037528781608): -132.1274171746043 -130.5351492142244 -129.576832862922 -129.0241547867583
 Davidson iteration 0.5 (tol=0.002994174061353563): -132.1274366091741 -130.7978460924671 -130.0635223781574 -129.198791977336
 Davidson iteration 0.6 (tol=0.001196692705295961): -132.1274395662432 -131.0299445591319 -130.2495913466218 -129.2266733050163
 Davidson iteration 0.7 (tol=0.0004632636129174973): -132.1274400112743 -131.1859574888276 -130.3812628974196 -129.5467622040626
 Davidson iteration 1.0 (tol=0.000463263612919383): -132.1274400112742
 Davidson iteration 1.1 (tol=0.0002094903929686104): -132.1274400687768 -129.2087693716032
 Davidson iteration 1.2 (tol=9.202361666688692e-05): -132.1274400845479 -130.7779180572141 -127.1774329482482
 Davidson iteration 1.3 (tol=3.914112128875774e-05): -132.1274400872606 -131.1825290009987 -128.8392088566692 -126.5322172683977
 Davidson iteration 1.4 (tol=1.44284754758054e-05): -132.1274400876893 -131.3482149209845 -129.1700521500071 -128.2821383746717
 Davidson iteration 1.5 (tol=5.639513613755366e-06): -132.1274400877513 -131.4254912227808 -129.8682149547905 -128.9758346435151
 Elapsed time for davidson 54.908687 (sec) 
 Elapsed time for diagonalization 54.9089 (sec) 
 Elapsed time for mult 1.953471 (sec) 
 Energy = -132.1274400877526
 Elapsed time for measurement 0.11384 (sec) 
 Sample-based diagonalization: Energy = -132.1274400877526
 Sample-based diagonalization: density = [1.999969151660472,1.992321529312744,1.988997836228079,1.984533709863065,1.980320553576045,1.977106752857422,1.976585928897794,1.979145601145335,1.977739744957238,1.98116098836408,1.975255758000281,1.988241654701886,0.02177676149835697,0.03092293596754629,0.02043994429938964,0.02007913429416314,0.02483214112769816,0.02348219232425822,0.01965242723872734,0.01821415302647983,0.01922110030239339
 Sample-based diagonalization: carryover bitstrings = [], size = 0
