 Elapsed time for helper construction 0.205559 (sec) 
 Elapsed time for init 0.004437 (sec) 
 Elapsed time for makeQChamDiagTerms 0.699554 (sec) 
 Davidson iteration 0.0 (tol=0.5390304956528768): -150.1727570327618
 Davidson iteration 0.1 (tol=0.237331759816914): -150.293789944629 -148.1628108292456
 Davidson iteration 0.2 (tol=0.1060554181689062): -150.310008804098 -148.6253887249711 -147.2105718488696
 Davidson iteration 0.3 (tol=0.04084922368057765): -150.3132997384506 -148.8476644970436 -147.5847848772172 -146.8246849815744
 Davidson iteration 0.4 (tol=0.01617554321877198): -150.3137113220111 -149.0089927553389 -147.9169882380074 -147.2416864231635
 Davidson iteration 0.5 (tol=0.006119823604626903): -150.3137880946628 -149.2572066786101 -148.1352375439249 -147.4828342616895
 Davidson iteration 0.6 (tol=0.002828832378269796): -150.3137968673796 -149.3699988785833 -148.2833988652964 -147.5122475001195
 Davidson iteration 0.7 (tol=0.001039722637793526): -150.3137988205089 -149.4633986152862 -148.5503854459732 -147.7306285124244
 Davidson iteration 1.0 (tol=0.001039722637793081): -150.3137988205097
 Davidson iteration 1.1 (tol=0.0005338510846329548): -150.3137990788056 -147.8767893200932
 Davidson iteration 1.2 (tol=0.0002711002995953392): -150.3137991626136 -149.0596312131815 -145.443878120679
 Davidson iteration 1.3 (tol=0.000117156046293452): -150.313799182476 -149.4925147438735 -147.0554590342269 -144.0285849728795
 Davidson iteration 1.4 (tol=4.891019428287708e-05): -150.3137991856834 -149.6864084917384 -147.1682186926656 -146.9816457784702
 Davidson iteration 1.5 (tol=1.991609836436971e-05): -150.3137991863055 -149.7524130399332 -147.5358449333281 -147.048971805493
 Davidson iteration 1.6 (tol=9.051124080105798e-06): -150.3137991864025 -149.7964543333198 -148.2427570110475 -147.144481363422
 Elapsed time for davidson 6.309772 (sec) 
 Elapsed time for diagonalization 6.309848 (sec) 
 Elapsed time for mult 0.252896 (sec) 
 Energy = -150.313799186401
 Elapsed time for measurement 0.008565 (sec) 
 Sample-based diagonalization: Energy = -150.313799186401
 Sample-based diagonalization: density = [1.999996571374004,1.998270685155463,1.992511402291983,1.995281747881787,1.989886787571631,1.984793627256557,1.989071784661676,1.977833116974514,1.976962771030289,1.980713762801204,1.944301019390636,0.09362178595988407,0.01488885156769033,0.01969330320081227,0.02420685613428641,0.01796592670646785
 Sample-based diagonalization: carryover bitstrings = [], size = 0
