 Elapsed time for helper construction 1.633599 (sec) 
 Elapsed time for init 0.05618799999999999 (sec) 
 Elapsed time for makeQChamDiagTerms 16.679623 (sec) 
 Davidson iteration 0.0 (tol=0.6908043886293693): -166.4386390307691
 Davidson iteration 0.1 (tol=0.2322820432421238): -166.6411032439584 -164.4303088156612
 Davidson iteration 0.2 (tol=0.07660864853139099): -166.6597208066047 -164.7561412463045 -164.0956252823406
 Davidson iteration 0.3 (tol=0.01970225158865214): -166.661874574659 -164.9002329859377 -164.2926168292963 -164.0928046750129
 Davidson iteration 0.4 (tol=0.007596142860076521): -166.6620500852485 -165.4314649056814 -164.3225016319839 -164.2876228899547
 Davidson iteration 0.5 (tol=0.003194056576209488): -166.6620750472759 -165.7800019313364 -164.5853027175906 -164.3173350081887
 Davidson iteration 0.6 (tol=0.001078291106694344): -166.6620792805533 -165.9133630487621 -164.6484722271565 -164.4746923696016
 Davidson iteration 0.7 (tol=0.0004100810329699148): -166.6620797830216 -166.0161756109865 -165.1922358793637 -164.5182762027004
 Davidson iteration 1.0 (tol=0.0004100810329560924): -166.6620797830223
 Davidson iteration 1.1 (tol=0.0001587722115862133): -166.6620798419804 -164.4729212982647
 Davidson iteration 1.2 (tol=7.191645072458405e-05): -166.6620798568845 -165.813509831436 -163.9744123767657
 Davidson iteration 1.3 (tol=2.61216753381597e-05): -166.6620798588538 -166.0045228905537 -163.9807812354133 -163.9349275295371
 Davidson iteration 1.4 (tol=1.072126190486121e-05): -166.6620798591615 -166.1588946334806 -164.6113430083329 -163.9357021003832
 Davidson iteration 1.5 (tol=3.887770981860566e-06): -166.6620798592114 -166.1945239161533 -165.1567400565053 -164.2956309537136
 Elapsed time for davidson 69.63469599999999 (sec) 
 Elapsed time for diagonalization 69.63623199999999 (sec) 
 Elapsed time for mult 2.046341 (sec) 
 Energy = -166.6620798592117
 Elapsed time for measurement 0.144831 (sec) 
 Sample-based diagonalization: Energy = -166.6620798592117
 Sample-based diagonalization: density = [1.999975140611921,1.993883621983229,1.992571735210702,1.991118567402479,1.986861350751542,1.985909531850343,1.985568629407679,1.981169426348975,1.982606095085331,1.983105284908482,1.967432069067597,1.992622894884656,1.985273599787314,1.946126062192314,0.08570635268347634,0.00832825392664956,0.01679309360438867,0.01596253763274289,0.01558576565171504,0.009218949589408911,0.01103594967420914,0.01477636472033838,0.01358593961722281,0.01706760594422684,0.01771517702920804
 Sample-based diagonalization: carryover bitstrings = [], size = 0
