 Elapsed time for helper construction 1.176649 (sec) 
 Elapsed time for init 0.014812 (sec) 
 Elapsed time for makeQChamDiagTerms 10.887475 (sec) 
 Davidson iteration 0.0 (tol=0.6078110807099012): -126.7302842360394
 Davidson iteration 0.1 (tol=0.1359434490099684): -126.8944048639263 -124.6024948834732
 Davidson iteration 0.2 (tol=0.03890575947201195): -126.9011959458605 -125.1804345504279 -124.4348837098605
 Davidson iteration 0.3 (tol=0.009282549690347331): -126.9017601939988 -125.2003586896911 -124.7017311880838 -124.318793930184
 Davidson iteration 0.4 (tol=0.002886057217813492): -126.9018024653591 -125.8783382621975 -124.7829943575825 -124.5678937915611
 Davidson iteration 0.5 (tol=0.000799193059607092): -126.9018060172573 -126.096759084903 -124.8034589230123 -124.7516206518513
 Davidson iteration 0.6 (tol=0.0002170622259441583): -126.9018062794016 -126.2276831894742 -124.9702586616577 -124.7620233560821
 Davidson iteration 0.7 (tol=5.876785144755333e-05): -126.9018062983579 -126.285374028791 -125.1801002665843 -124.7759262269949
 Davidson iteration 1.0 (tol=5.876785144735938e-05): -126.9018062983584
 Davidson iteration 1.1 (tol=1.824268566318566e-05): -126.9018062995688 -124.6521252677205
 Davidson iteration 1.2 (tol=5.582553335646051e-06): -126.90180629972 -125.4744058790405 -123.9592244979424
 Elapsed time for davidson 42.682028 (sec) 
 Elapsed time for diagonalization 42.682182 (sec) 
 Elapsed time for mult 1.38183 (sec) 
 Energy = -126.9018062997197
 Elapsed time for measurement 0.09601799999999999 (sec) 
 Sample-based diagonalization: Energy = -126.9018062997197
 Sample-based diagonalization: density = [1.999972716963098,1.993774340866341,1.990131589068819,1.987296870203392,1.985670600732683,1.980951283891494,1.982821783359702,1.980967047340194,1.979829270568412,1.980949316695357,1.991657270825758,1.984923177675988,0.01019035586810405,0.02183021787856799,0.01208589541710335,0.01323428970729851,0.01372047384277147,0.01188990137628867,0.01652641270843665,0.01228010732265114,0.01470317405357288,0.0127579845666097,0.01181246242692845,0.0100234562938476
 Sample-based diagonalization: carryover bitstrings = [], size = 0
