 Elapsed time for helper construction 1.16633 (sec) 
 Elapsed time for init 0.041776 (sec) 
 Elapsed time for makeQChamDiagTerms 11.647241 (sec) 
 Davidson iteration 0.0 (tol=0.6700662368231405): -154.2982533961794
 Davidson iteration 0.1 (tol=0.2181109954436824): -154.4913640144825 -152.3389122149755
 Davidson iteration 0.2 (tol=0.07049784159046099): -154.5079374507792 -152.600666566488 -152.0169398090776
 Davidson iteration 0.3 (tol=0.0191730010104546): -154.5096948720204 -152.7359465207134 -152.1402755091195 -151.9957299709136
 Davidson iteration 0.4 (tol=0.006898482752657211): -154.5098380316482 -153.0868242018617 -152.1419805065683 -152.1185227405611
 Davidson iteration 0.5 (tol=0.002366325958616837): -154.5098591528584 -153.4860680414525 -152.3196746993372 -152.1185699558733
 Davidson iteration 0.6 (tol=0.0007394009780511901): -154.5098613398558 -153.654265723306 -152.4169822434002 -152.2887212300624
 Davidson iteration 0.7 (tol=0.0002453687347509721): -154.5098615447822 -153.729185485249 -152.8371509778889 -152.36825104868
 Davidson iteration 1.0 (tol=0.0002453687347487787): -154.5098615447818
 Davidson iteration 1.1 (tol=9.354577638403332e-05): -154.5098615658819 -152.3782316175652
 Davidson iteration 1.2 (tol=3.723129522081302e-05): -154.5098615703189 -153.3602136844316 -151.8883883344165
 Davidson iteration 1.3 (tol=1.292087312209708e-05): -154.5098615708272 -153.6691382672127 -152.0185415859334 -151.3517872368307
 Davidson iteration 1.4 (tol=4.68935679884154e-06): -154.5098615708883 -153.7933172246932 -152.032922299295 -152.0169795354888
 Elapsed time for davidson 48.150644 (sec) 
 Elapsed time for diagonalization 48.15305499999999 (sec) 
 Elapsed time for mult 1.329086 (sec) 
 Energy = -154.5098615708888
 Elapsed time for measurement 0.103179 (sec) 
 Sample-based diagonalization: Energy = -154.5098615708888
 Sample-based diagonalization: density = [1.999981105927391,1.993549548016075,1.994010832314787,1.991150672116702,1.986535157609101,1.98871919275217,1.985217685325119,1.980089562718553,1.979284597071242,1.982381968214183,1.976573597806434,1.987534402358514,1.93962255587666,0.08602363668974386,0.01494847907073652,0.0132661479513037,0.01632026397603164,0.007864908370102744,0.01373589358054297,0.01537738500835138,0.01597520676053879,0.01605117884045687,0.01578602131024322
 Sample-based diagonalization: carryover bitstrings = [], size = 0
