"PluginInterface" error: Failure to initialize device 0: Error in cuDevicePrimaryCtxRetain: out of memory
"PluginInterface" error: Failure to initialize device 0: Error in cuDevicePrimaryCtxRetain: out of memory
"PluginInterface" error: Failure to initialize device 1: Error in cuDevicePrimaryCtxRetain: out of memory
"PluginInterface" error: Failure to initialize device 1: Error in cuDevicePrimaryCtxRetain: out of memory
"PluginInterface" error: Failure to initialize device 2: Error in cuDevicePrimaryCtxRetain: out of memory
"PluginInterface" error: Failure to initialize device 2: Error in cuDevicePrimaryCtxRetain: out of memory
"PluginInterface" error: Failure to initialize device 3: Error in cuDevicePrimaryCtxRetain: out of memory
"PluginInterface" error: Failure to initialize device 3: Error in cuDevicePrimaryCtxRetain: out of memory
 Elapsed time for helper construction 0.113887 (sec) 
 Elapsed time for init 0.00074 (sec) 
 Elapsed time for makeQChamDiagTerms 0.012344 (sec) 
 Davidson iteration 0.0 (tol=0.6498727946226809): -102.0596146732167
 Davidson iteration 0.1 (tol=0.2429598198018031): -102.2492704725666 -100.294832490701
 Davidson iteration 0.2 (tol=0.06075031147138841): -102.271465104318 -100.4518856271248 -99.7746763178412
 Davidson iteration 0.3 (tol=0.01685161311911044): -102.2727665589103 -100.7315790819888 -99.85953747189568 -99.54735048459828
 Davidson iteration 0.4 (tol=0.005868798148459873): -102.2728769745701 -101.010006950637 -100.1059882442418 -99.82109463454877
 Davidson iteration 0.5 (tol=0.001775538764146999): -102.27288962686 -101.1492685067077 -100.2152447731125 -99.95220226573166
 Davidson iteration 0.6 (tol=0.0005346332813152449): -102.2728907193819 -101.2672761620659 -100.3667031507246 -100.0145355612441
 Davidson iteration 0.7 (tol=0.0001536842746367161): -102.2728908184513 -101.3525085991138 -100.4478889985932 -100.0638929474664
 Davidson iteration 0.8 (tol=4.518728826103538e-05): -102.2728908265378 -101.4064267909721 -100.5935234670411 -100.1537539932923
 Davidson iteration 0.9 (tol=1.453784850556809e-05): -102.2728908271912 -101.4315884293501 -100.7943024222745 -100.2547367697319
 Davidson iteration 0.10 (tol=4.294152075739762e-06): -102.2728908272588 -101.4413991302323 -100.9680274865002 -100.3245539488996
 Davidson iteration 0.11 (tol=1.28024147019806e-06): -102.2728908272655 -101.4718738350367 -101.1986129971197 -100.4140541188505
 Davidson iteration 0.12 (tol=3.702250821052629e-07): -102.272890827266 -101.488267158176 -101.2695729635924 -100.4657801831508
 Davidson iteration 0.13 (tol=1.168122626704891e-07): -102.272890827266 -101.5151998454832 -101.3387967908475 -100.5528228156594
 Davidson iteration 0.14 (tol=3.483403910543543e-08): -102.272890827266 -101.5368146882989 -101.3763341509172 -100.6377887087743
 Davidson iteration 0.15 (tol=1.080330623109416e-08): -102.272890827266 -101.5681443330902 -101.390324161863 -100.7510351122234
 Davidson iteration 0.16 (tol=3.15974265267765e-09): -102.272890827266 -101.5820675100244 -101.3953843935725 -100.8691806542491
 Elapsed time for davidson 10.099518 (sec) 
 Elapsed time for diagonalization 10.099545 (sec) 
 Elapsed time for mult 0.435674 (sec) 
 Energy = -102.2728908272658
 Elapsed time for measurement 0.024964 (sec) 
 Sample-based diagonalization: Energy = -102.2728908272658
 Sample-based diagonalization: density = [1.999974286246842,1.988339448978146,1.988324138645339,1.982587044280891,1.980788350533566,1.979025599598548,1.977138045689275,1.977102084226098,1.976133744409937,1.901968578999896,0.09969381887447251,0.02142463557030621,0.0219427959369304,0.01819400488800628,0.01996787696041772,0.01957673361915104,0.01541270045522412,0.01581568592667025,0.01659042616126451
 Sample-based diagonalization: carryover bitstrings = [], size = 0
