 Elapsed time for helper construction 0.404346 (sec) 
 Elapsed time for init 0.009816999999999999 (sec) 
 Elapsed time for makeQChamDiagTerms 1.655162 (sec) 
 Davidson iteration 0.0 (tol=0.5481511541507138): -148.5133106830459
 Davidson iteration 0.1 (tol=0.2360273143364559): -148.6413536001457 -146.6038152622047
 Davidson iteration 0.2 (tol=0.1024553940179918): -148.6583993687036 -147.049237342122 -145.8620612447102
 Davidson iteration 0.3 (tol=0.03734884741322552): -148.6616914495154 -147.2268316487096 -146.0518107071872 -145.6739667571255
 Davidson iteration 0.4 (tol=0.01497037864047985): -148.662084975887 -147.4276183712452 -146.3312387570562 -145.847760526501
 Davidson iteration 0.5 (tol=0.005336896589484524): -148.6621591118815 -147.7065564034699 -146.5240913356808 -146.104268070189
 Davidson iteration 0.6 (tol=0.002347230677737387): -148.6621673888652 -147.82384294115 -146.6761215470693 -146.1084341162664
 Davidson iteration 0.7 (tol=0.0008889548957901906): -148.6621687363702 -147.8878295254093 -146.8967370854052 -146.278097198732
 Davidson iteration 1.0 (tol=0.0008889548957963018): -148.6621687363709
 Davidson iteration 1.1 (tol=0.0004270924006177102): -148.6621689333888 -145.9846216134351
 Davidson iteration 1.2 (tol=0.00019444647854157): -148.6621689924681 -147.3581748502697 -144.0723429542652
 Davidson iteration 1.3 (tol=7.805524367350219e-05): -148.6621690053365 -147.8441081805505 -145.7903009061008 -143.1733785601705
 Davidson iteration 1.4 (tol=3.659401876973403e-05): -148.662169007293 -148.0777821312162 -146.0525779686356 -145.7690617560657
 Davidson iteration 1.5 (tol=1.803849221386557e-05): -148.6621690077628 -148.2313131286261 -146.9590333219941 -145.8496596739729
 Davidson iteration 1.6 (tol=9.62088838826024e-06): -148.66216900789 -148.3378512870442 -147.5578210155123 -146.1469801487424
 Elapsed time for davidson 14.350709 (sec) 
 Elapsed time for diagonalization 14.350864 (sec) 
 Elapsed time for mult 0.608992 (sec) 
 Energy = -148.66216900789
 Elapsed time for measurement 0.020578 (sec) 
 Sample-based diagonalization: Energy = -148.66216900789
 Sample-based diagonalization: density = [1.999997032288774,1.99696449104911,1.992359468413401,1.995397361470414,1.990058658003089,1.98556762297857,1.995902688622318,1.967299616827408,1.977060970119315,1.985470487193913,1.92849374820378,0.1057074019012926,0.009277394697460101,0.01373534160993831,0.0184869918307529,0.01807240874168998,0.02014831594803124
 Sample-based diagonalization: carryover bitstrings = [], size = 0
