 Elapsed time for helper construction 0.913165 (sec) 
 Elapsed time for init 0.02301 (sec) 
 Elapsed time for makeQChamDiagTerms 9.579419 (sec) 
 Davidson iteration 0.0 (tol=0.6163422522530536): -154.3179435650511
 Davidson iteration 0.1 (tol=0.1705653172569746): -154.4912807383531 -152.4432728311515
 Davidson iteration 0.2 (tol=0.05329240104999017): -154.5021245547881 -152.7168768840028 -152.1721044288857
 Davidson iteration 0.3 (tol=0.01376399339450895): -154.503210346009 -152.8888741755139 -152.2055729494393 -152.0065735172881
 Davidson iteration 0.4 (tol=0.004857456647908709): -154.503288054226 -153.2035692711621 -152.3742259908879 -152.200746095849
 Davidson iteration 0.5 (tol=0.001651140993259683): -154.5032986813017 -153.6432015578319 -152.4688825378266 -152.3238148753535
 Davidson iteration 0.6 (tol=0.0005503127695182318): -154.5032998193355 -153.7813283368498 -152.6012179856233 -152.3313853646274
 Davidson iteration 0.7 (tol=0.0002078165178144703): -154.5032999641711 -153.869764147831 -153.1748120642984 -152.5157883181136
 Davidson iteration 1.0 (tol=0.0002078165178091567): -154.5032999641707
 Davidson iteration 1.1 (tol=6.913134097173465e-05): -154.5032999798187 -152.3363449483899
 Davidson iteration 1.2 (tol=3.305002551611867e-05): -154.503299983234 -153.7004523156477 -152.2660180135129
 Davidson iteration 1.3 (tol=1.141214954117934e-05): -154.5032999836928 -153.8639504119758 -152.4463302170499 -151.8248232892378
 Davidson iteration 1.4 (tol=4.130956367959682e-06): -154.5032999837458 -153.9770791091663 -152.450954428065 -152.2535321952828
 Elapsed time for davidson 38.137542 (sec) 
 Elapsed time for diagonalization 38.137747 (sec) 
 Elapsed time for mult 1.038679 (sec) 
 Energy = -154.503299983746
 Elapsed time for measurement 0.08372 (sec) 
 Sample-based diagonalization: Energy = -154.503299983746
 Sample-based diagonalization: density = [1.999993507831048,1.991481985047904,1.991639682533791,1.991523087031114,1.985107154745792,1.982505065641344,1.994811176904369,1.98567561326836,1.987731945070841,1.988066354189334,1.964811868181552,1.991200741406308,1.94945736787096,0.08569012657497735,0.01606905919346001,0.01114276487866217,0.01380941662571552,0.008446437804719931,0.01079305153476632,0.01370788747606838,0.00591984541646064,0.01613705150741686,0.01427880902547976
 Sample-based diagonalization: carryover bitstrings = [], size = 0
