 Elapsed time for helper construction 0.5478 (sec) 
 Elapsed time for init 0.016332 (sec) 
 Elapsed time for makeQChamDiagTerms 2.917679 (sec) 
 Davidson iteration 0.0 (tol=0.5486317592520309): -149.3253664822689
 Davidson iteration 0.1 (tol=0.2301802103375164): -149.4537645919077 -147.3794457004261
 Davidson iteration 0.2 (tol=0.09880139197784925): -149.4699401282207 -147.8219142668033 -146.5768481101897
 Davidson iteration 0.3 (tol=0.03558261390347806): -149.473080712471 -148.0345837270976 -146.8708389620788 -146.3967244903031
 Davidson iteration 0.4 (tol=0.01479644029667754): -149.4734533423542 -148.2705866934745 -147.2002105528819 -146.5574573834854
 Davidson iteration 0.5 (tol=0.005878718367323288): -149.4735308883058 -148.5898310810662 -147.412300178785 -146.8918803810465
 Davidson iteration 0.6 (tol=0.002702360398672202): -149.4735414105528 -148.7169635033872 -147.5816524906732 -146.8921065343067
 Davidson iteration 0.7 (tol=0.00106092260490704): -149.4735435298394 -148.8042052939297 -147.9113502106419 -147.1276340357067
 Davidson iteration 1.0 (tol=0.00106092260491071): -149.4735435298389
 Davidson iteration 1.1 (tol=0.0005358899285877642): -149.4735438587564 -147.4597517327066
 Davidson iteration 1.2 (tol=0.000274103554267316): -149.4735439692444 -148.4939358588161 -145.4123646700903
 Davidson iteration 1.3 (tol=0.0001128776567810409): -149.4735439959483 -148.8511359991952 -146.6600481705082 -144.9170572868647
 Davidson iteration 1.4 (tol=4.931396797414233e-05): -149.4735439998854 -148.9801421484683 -146.8887604701643 -146.5174441430749
 Davidson iteration 1.5 (tol=1.990631788605331e-05): -149.473544000691 -149.0310641616244 -147.5505736886866 -146.7002897102028
 Davidson iteration 1.6 (tol=8.637174267049247e-06): -149.4735440008299 -149.0736518532635 -148.095442119404 -147.0800272329973
 Elapsed time for davidson 23.034515 (sec) 
 Elapsed time for diagonalization 23.035371 (sec) 
 Elapsed time for mult 0.679589 (sec) 
 Energy = -149.4735440008297
 Elapsed time for measurement 0.033269 (sec) 
 Sample-based diagonalization: Energy = -149.4735440008297
 Sample-based diagonalization: density = [1.999996883401514,1.997964752611849,1.992577140139065,1.993504782722617,1.988232514472945,1.987471340918052,1.99146210940069,1.976549111077259,1.965556641621512,1.983984685662645,1.94091013571271,0.1004166495401256,0.01401240321564256,0.009870425218089715,0.01818660146122932,0.001179686938932726,0.01887251274600826,0.01925162297940207
 Sample-based diagonalization: carryover bitstrings = [], size = 0
