 Elapsed time for helper construction 1.058749 (sec) 
 Elapsed time for init 0.037438 (sec) 
 Elapsed time for makeQChamDiagTerms 9.687823 (sec) 
 Davidson iteration 0.0 (tol=0.5081487349981171): -154.3265012365093
 Davidson iteration 0.1 (tol=0.1187792133587347): -154.4549764009921 -152.5884711940756
 Davidson iteration 0.2 (tol=0.03179145295494103): -154.4613296157215 -152.9344226798927 -152.4445337329831
 Davidson iteration 0.3 (tol=0.008188372989801193): -154.4617831961084 -153.1354955990259 -152.4450064358675 -152.4311483365598
 Davidson iteration 0.4 (tol=0.002845177197221385): -154.461816115829 -153.4627955926957 -152.5803686676803 -152.4442535172244
 Davidson iteration 0.5 (tol=0.0009033360405058267): -154.4618206229616 -153.8340637638337 -152.6944814392433 -152.4905166266254
 Davidson iteration 0.6 (tol=0.0002940771760294909): -154.4618210645783 -153.9898762218121 -153.0163954706014 -152.505466838873
 Davidson iteration 0.7 (tol=9.765656524957448e-05): -154.4618211086171 -154.0515198762427 -153.3073779084401 -152.551173284169
 Davidson iteration 1.0 (tol=9.765656524094772e-05): -154.4618211086166
 Davidson iteration 1.1 (tol=3.320463782955232e-05): -154.4618211126525 -152.7762958375586
 Davidson iteration 1.2 (tol=1.158099344119426e-05): -154.4618211133433 -153.5343402078313 -152.5084101880418
 Davidson iteration 1.3 (tol=3.473311130205114e-06): -154.4618211134101 -153.829087041127 -152.5781670205042 -152.1875647182605
 Elapsed time for davidson 35.422227 (sec) 
 Elapsed time for diagonalization 35.422382 (sec) 
 Elapsed time for mult 0.936808 (sec) 
 Energy = -154.4618211134095
 Elapsed time for measurement 0.083425 (sec) 
 Sample-based diagonalization: Energy = -154.4618211134095
 Sample-based diagonalization: density = [1.99999559006466,1.996344120417511,1.99552270578917,1.994158252024878,1.993847190789064,1.988178208340442,1.988334197827516,1.989944535431107,1.987243328479454,1.972207355714886,1.993731835355906,1.992808835043316,1.952604655931046,0.06984702519269148,0.01021793623946069,0.006197908459794633,0.01068683329459679,0.01245210598293288,0.008126538873839056,0.009744520803499607,0.01065065821894536,0.008729753479164579,0.008425908036560896
 Sample-based diagonalization: carryover bitstrings = [], size = 0
