 Elapsed time for helper construction 0.9522919999999999 (sec) 
 Elapsed time for init 0.013253 (sec) 
 Elapsed time for makeQChamDiagTerms 6.46489 (sec) 
 Davidson iteration 0.0 (tol=0.5879334559624558): -116.3535403980838
 Davidson iteration 0.1 (tol=0.1212089404318995): -116.5142267406494 -114.2993586445433
 Davidson iteration 0.2 (tol=0.02310987217083225): -116.5194969604768 -114.5525336729323 -113.8396539527362
 Davidson iteration 0.3 (tol=0.005922595962738843): -116.5196909150705 -114.6559134602559 -114.1717450194671 -113.7884821783857
 Davidson iteration 0.4 (tol=0.001664965467646548): -116.5197052726947 -114.9769255812196 -114.3703559265319 -114.0365086293198
 Davidson iteration 0.5 (tol=0.0004614211822705825): -116.5197063447285 -115.3254294275161 -114.489409042784 -114.037733254478
 Davidson iteration 0.6 (tol=0.0001285687729247647): -116.5197064229937 -115.4927423292858 -114.5749108558176 -114.1477964721213
 Davidson iteration 0.7 (tol=4.361644194939177e-05): -116.5197064293628 -115.6306649417993 -114.7375742324883 -114.3689529447229
 Davidson iteration 1.0 (tol=4.361644194945772e-05): -116.5197064293624
 Davidson iteration 1.1 (tol=1.735007118464371e-05): -116.5197064300129 -114.2107886919877
 Davidson iteration 1.2 (tol=6.290232790050143e-06): -116.519706430161 -115.3893184710223 -113.0553938083053
 Elapsed time for davidson 24.87076 (sec) 
 Elapsed time for diagonalization 24.870806 (sec) 
 Elapsed time for mult 0.8420989999999999 (sec) 
 Energy = -116.5197064301625
 Elapsed time for measurement 0.06961299999999999 (sec) 
 Sample-based diagonalization: Energy = -116.5197064301625
 Sample-based diagonalization: density = [1.999972061860189,1.989853738955198,1.989992463188354,1.987498108974,1.98223886634245,1.984392676295717,1.97848454545496,1.979762153207473,1.982837333202524,1.977438113739656,1.988915740990429,0.01998681582477378,0.01956613788096027,0.01444412884831726,0.01949489316690324,0.01549063323772279,0.01580712327310304,0.00974723253067666,0.01278846525701917,0.01644077985625245,0.01484798768001022
 Sample-based diagonalization: carryover bitstrings = [], size = 0
