 Elapsed time for helper construction 1.643284 (sec) 
 Elapsed time for init 0.024122 (sec) 
 Elapsed time for makeQChamDiagTerms 14.894477 (sec) 
 Davidson iteration 0.0 (tol=0.6913893891014983): -154.4583809702734
 Davidson iteration 0.1 (tol=0.2727684500203325): -154.6563778451129 -152.3442168908309
 Davidson iteration 0.2 (tol=0.1099504692751528): -154.6782991053291 -152.7251271870692 -151.5469904462177
 Davidson iteration 0.3 (tol=0.03288521721301697): -154.6819033303809 -152.9384591318437 -151.6971145120646 -151.3162199455653
 Davidson iteration 0.4 (tol=0.01369004518868699): -154.6822612901805 -153.2534671287484 -152.0584262920937 -151.5408382852611
 Davidson iteration 0.5 (tol=0.005877762939229835): -154.6823297441931 -153.7036054621274 -152.4804050100072 -151.6776053250946
 Davidson iteration 0.6 (tol=0.002477538480600908): -154.682341958234 -153.8911111318255 -152.6597368843479 -151.711439077545
 Davidson iteration 0.7 (tol=0.001028689456662893): -154.6823443214708 -154.0209990086126 -153.0494781019719 -152.2461467162015
 Davidson iteration 1.0 (tol=0.001028689456650129): -154.6823443214717
 Davidson iteration 1.1 (tol=0.0004593118659211029): -154.6823446610706 -152.3404901037485
 Davidson iteration 1.2 (tol=0.0002521394106952623): -154.6823447633164 -153.7108695113173 -151.4060310504348
 Davidson iteration 1.3 (tol=0.0001129262552597418): -154.6823447853893 -154.0496453276853 -151.6921921700309 -150.8653221011678
 Davidson iteration 1.4 (tol=4.588656018024326e-05): -154.6823447896643 -154.1549976019691 -152.0012178506755 -151.6659859747918
 Davidson iteration 1.5 (tol=1.856531350515292e-05): -154.6823447904892 -154.2240398172361 -153.0446306764904 -151.6676980037736
 Davidson iteration 1.6 (tol=6.921431513853698e-06): -154.6823447905958 -154.2419455195619 -153.338216169849 -152.0434968725139
 Elapsed time for davidson 78.57608999999999 (sec) 
 Elapsed time for diagonalization 78.576483 (sec) 
 Elapsed time for mult 2.185559 (sec) 
 Energy = -154.6823447905918
 Elapsed time for measurement 0.134865 (sec) 
 Sample-based diagonalization: Energy = -154.6823447905918
 Sample-based diagonalization: density = [1.999989116597275,1.991143339214733,1.989781713939346,1.987428290292141,1.984275046601451,1.980932330910945,1.983079531895914,1.982313743799242,1.978052171789261,1.960986307379026,1.994552371101339,1.984364931034556,1.948627937865534,0.08557597640604239,0.01878526449343436,0.01672393472319825,0.01549959708230457,0.01961139703916931,0.01505929558233339,0.01550547366713463,0.01413511233738816,0.01907219777204095,0.01450491792683983
 Sample-based diagonalization: carryover bitstrings = [], size = 0
