 Elapsed time for helper construction 0.8958069999999999 (sec) 
 Elapsed time for init 0.015779 (sec) 
 Elapsed time for makeQChamDiagTerms 9.926679999999999 (sec) 
 Davidson iteration 0.0 (tol=0.5437565526374436): -138.0189806729588
 Davidson iteration 0.1 (tol=0.1023212785036517): -138.1616525001503 -136.1545410405795
 Davidson iteration 0.2 (tol=0.02284522150730535): -138.1660244798358 -136.3854286719033 -135.9684246475085
 Davidson iteration 0.3 (tol=0.005268084589015638): -138.166248704769 -136.4690869314418 -136.1934929599697 -135.9540765860243
 Davidson iteration 0.4 (tol=0.001259865992685511): -138.1662624028988 -136.8405944557005 -136.2843041261082 -136.0536440232603
 Davidson iteration 0.5 (tol=0.0003216712612012704): -138.1662631037348 -137.0226243358743 -136.2864442111913 -136.173797359944
 Davidson iteration 0.6 (tol=7.5482381386873e-05): -138.1662631501066 -137.0901088627427 -136.4581839808305 -136.2470805509122
 Davidson iteration 0.7 (tol=1.96661390080038e-05): -138.1662631528089 -137.2053360153329 -136.6349413226691 -136.4518041927872
 Davidson iteration 1.0 (tol=1.966613901023974e-05): -138.1662631528082
 Davidson iteration 1.1 (tol=6.898150540172581e-06): -138.1662631529897 -136.5890206189796
 Elapsed time for davidson 27.817996 (sec) 
 Elapsed time for diagonalization 27.818224 (sec) 
 Elapsed time for mult 0.601509 (sec) 
 Energy = -138.1662631529892
 Elapsed time for measurement 0.08348999999999999 (sec) 
 Sample-based diagonalization: Energy = -138.1662631529892
 Sample-based diagonalization: density = [1.999974806839848,1.996208199259236,1.993034277773115,1.991115414344937,1.989182617257163,1.987764073340744,1.988446041829802,1.990452400231104,1.979212509831923,1.9888798965137,1.962170014543535,1.987079109251013,1.99358014239606,0.04751567030992834,0.009000524766220354,0.01752431372712765,0.01022247778312489,0.01231572313138938,0.01042477722480848,0.01199570431097963,0.009769330678557496,0.009514843851521328,0.006152923644080972,0.008464206959433562
 Sample-based diagonalization: carryover bitstrings = [], size = 0
