 Elapsed time for helper construction 0.42381 (sec) 
 Elapsed time for init 0.003541 (sec) 
 Elapsed time for makeQChamDiagTerms 1.953784 (sec) 
 Davidson iteration 0.0 (tol=0.547368943129755): -149.3145125327888
 Davidson iteration 0.1 (tol=0.2338565497241283): -149.44007966194 -147.3335425921539
 Davidson iteration 0.2 (tol=0.1003538390558944): -149.4566900716062 -147.7800109391029 -146.5047014609616
 Davidson iteration 0.3 (tol=0.03728064364181985): -149.4598371675685 -148.0030101624286 -146.8396477880052 -146.2933663303581
 Davidson iteration 0.4 (tol=0.01490580069967462): -149.460217799068 -148.1898254359903 -147.0696171971708 -146.4927520716849
 Davidson iteration 0.5 (tol=0.005346123326069877): -149.4602876316812 -148.433808641949 -147.2865852943667 -146.6579107114018
 Davidson iteration 0.6 (tol=0.002318001930358147): -149.4602951463756 -148.552711575592 -147.4689653435541 -146.6965887011387
 Davidson iteration 0.7 (tol=0.0009207206930864957): -149.4602965925455 -148.6513091705309 -147.8082469457161 -147.0017566258569
 Davidson iteration 1.0 (tol=0.0009207206930917247): -149.460296592544
 Davidson iteration 1.1 (tol=0.0004818065967764101): -149.4602968098906 -147.1378195148953
 Davidson iteration 1.2 (tol=0.0002619182603726911): -149.4602968950368 -148.6410909054763 -144.4524830081528
 Davidson iteration 1.3 (tol=0.0001181007103684307): -149.4602969176262 -149.0099019980327 -146.2727811889136 -143.6202566855307
 Davidson iteration 1.4 (tol=5.361901405081057e-05): -149.4602969217374 -149.112594998082 -146.7585460598968 -146.0292646931302
 Davidson iteration 1.5 (tol=2.562481760998177e-05): -149.4602969227172 -149.1640766157885 -147.9028452457457 -146.1422643096629
 Davidson iteration 1.6 (tol=1.221082331788542e-05): -149.4602969229387 -149.2009579898822 -148.3716086689769 -146.4687589055059
 Davidson iteration 1.7 (tol=5.072724438543416e-06): -149.4602969229839 -149.2131885579938 -148.636627453335 -146.4735247649829
 Elapsed time for davidson 15.844757 (sec) 
 Elapsed time for diagonalization 15.844851 (sec) 
 Elapsed time for mult 0.439999 (sec) 
 Energy = -149.4602969229858
 Elapsed time for measurement 0.025351 (sec) 
 Sample-based diagonalization: Energy = -149.4602969229858
 Sample-based diagonalization: density = [1.999996720895572,1.997846314375899,1.992627264969578,1.993790922441046,1.989368787595979,1.98507001324234,1.988433765685757,1.974963433349681,1.979714958626862,1.98030558206477,1.941867208970853,0.09627644953945741,0.02248973560226596,0.001702861423405567,0.01455297701961387,0.02361733963003897,0.01737566443634495
 Sample-based diagonalization: carryover bitstrings = [], size = 0
