 Elapsed time for helper construction 1.335182 (sec) 
 Elapsed time for init 0.036495 (sec) 
 Elapsed time for makeQChamDiagTerms 16.265249 (sec) 
 Davidson iteration 0.0 (tol=0.6350066454315713): -164.5982895771965
 Davidson iteration 0.1 (tol=0.1724199067393499): -164.7801124004679 -162.7772469201514
 Davidson iteration 0.2 (tol=0.04959936148096203): -164.7922157079259 -163.0947964334284 -162.7130717113051
 Davidson iteration 0.3 (tol=0.01149341945570407): -164.7932294272377 -163.096406112546 -162.8988107695171 -162.6764111363333
 Davidson iteration 0.4 (tol=0.004057991346772771): -164.7932933260429 -163.6518158681547 -162.9002741669372 -162.6766638370173
 Davidson iteration 0.5 (tol=0.001317930317056854): -164.7933015963904 -163.8608051776904 -163.1165994192895 -162.8104536832503
 Davidson iteration 0.6 (tol=0.0003503166978378568): -164.7933024069528 -164.0281376036879 -163.1690230908156 -162.9898298958908
 Davidson iteration 0.7 (tol=0.0001037407424019692): -164.7933024591859 -164.1107738910402 -163.1991811877936 -163.1184186899787
 Davidson iteration 1.0 (tol=0.0001037407423985458): -164.7933024591859
 Davidson iteration 1.1 (tol=3.879238805872479e-05): -164.7933024636641 -163.1139483711797
 Davidson iteration 1.2 (tol=1.591985936190887e-05): -164.7933024647099 -164.1006859086721 -162.5129430473601
 Davidson iteration 1.3 (tol=5.373323367870295e-06): -164.7933024648302 -164.3327647834442 -162.5754617970063 -162.310132284677
 Elapsed time for davidson 53.622428 (sec) 
 Elapsed time for diagonalization 53.627637 (sec) 
 Elapsed time for mult 1.148449 (sec) 
 Energy = -164.7933024648311
 Elapsed time for measurement 0.137814 (sec) 
 Sample-based diagonalization: Energy = -164.7933024648311
 Sample-based diagonalization: density = [1.999977993261458,1.99544431710013,1.994762010561729,1.992343225423788,1.988533038463664,1.9869236840777,1.985640059485349,1.984345442996717,1.981400612631829,1.983059398591368,1.979753648369476,1.994689131225113,1.990349608578447,1.939424129817544,0.08460884866234375,0.01467269962599585,0.005859708516096041,0.003514571229855555,0.01318458796881916,0.01440251456337181,0.008415165684805525,0.01664036703840364,0.01248611850344111,0.01334410714209394,0.01622501018770331
 Sample-based diagonalization: carryover bitstrings = [], size = 0
