 Elapsed time for helper construction 1.363515 (sec) 
 Elapsed time for init 0.023854 (sec) 
 Elapsed time for makeQChamDiagTerms 18.012822 (sec) 
 Davidson iteration 0.0 (tol=0.6655419986464187): -177.4173713879626
 Davidson iteration 0.1 (tol=0.1982946337522692): -177.6086621617196 -175.5112566492877
 Davidson iteration 0.2 (tol=0.05926673373954921): -177.6234653490233 -175.7965805457258 -175.3956274819651
 Davidson iteration 0.3 (tol=0.01458150842013781): -177.6248418654558 -175.8178843318417 -175.6159601489566 -175.3543055118552
 Davidson iteration 0.4 (tol=0.005206735313000936): -177.6249369180446 -176.3272870411323 -175.6326010010195 -175.3543428609215
 Davidson iteration 0.5 (tol=0.001683302128415463): -177.6249499232167 -176.6760407798565 -175.6468045069507 -175.5327630188543
 Davidson iteration 0.6 (tol=0.0004746236982928207): -177.6249512074038 -176.8344728247899 -175.8105927870055 -175.6403417721601
 Davidson iteration 0.7 (tol=0.0001545391713163638): -177.6249512999087 -176.9196381265796 -175.9307578772789 -175.684980703366
 Davidson iteration 1.0 (tol=0.0001545391713145209): -177.6249512999092
 Davidson iteration 1.1 (tol=6.347028683791853e-05): -177.6249513093242 -175.9135219241668
 Davidson iteration 1.2 (tol=2.488659999484743e-05): -177.6249513117433 -176.7858486262986 -175.2033324695136
 Davidson iteration 1.3 (tol=9.098997524090918e-06): -177.6249513120285 -177.0888314445994 -175.2134393904653 -175.1586774962041
 Elapsed time for davidson 53.081042 (sec) 
 Elapsed time for diagonalization 53.08129 (sec) 
 Elapsed time for mult 1.351714 (sec) 
 Energy = -177.6249513120314
 Elapsed time for measurement 0.14211 (sec) 
 Sample-based diagonalization: Energy = -177.6249513120314
 Sample-based diagonalization: density = [1.999974542999497,1.993553466712429,1.99444637504838,1.991149389792368,1.988100269868625,1.993984550772804,1.98802469045342,1.984937264498253,1.983055125385776,1.986349211367477,1.982929194524071,1.977619523491739,1.9950161930656,1.99107222838738,1.939935717608286,0.08458838123097127,0.007171325209356446,0.01422431479107029,0.01482510823940861,0.007484712222565444,0.007448500248215681,0.01295826040494463,0.01438989312422317,0.01696761255587145,0.01430882166719908,0.01548532596189765
 Sample-based diagonalization: carryover bitstrings = [], size = 0
