 Elapsed time for helper construction 0.455798 (sec) 
 Elapsed time for init 0.005634999999999999 (sec) 
 Elapsed time for makeQChamDiagTerms 2.259567 (sec) 
 Davidson iteration 0.0 (tol=0.5594894771646923): -148.2580753971824
 Davidson iteration 0.1 (tol=0.2300142950710011): -148.3898261814932 -146.344509709586
 Davidson iteration 0.2 (tol=0.09247893908530493): -148.4065069781041 -146.761746716254 -145.7316645494129
 Davidson iteration 0.3 (tol=0.03155781087347641): -148.4093559110283 -146.9300148208628 -145.8890386013053 -145.6777616876083
 Davidson iteration 0.4 (tol=0.01263429329559819): -148.4096707243046 -147.1788975577235 -146.0828415455765 -145.7172687414858
 Davidson iteration 0.5 (tol=0.004487040274229683): -148.4097327675621 -147.5314102000542 -146.2586149638149 -145.947391769166
 Davidson iteration 0.6 (tol=0.001891998467786018): -148.4097390483376 -147.6454314139051 -146.4253052413468 -145.9479247516493
 Davidson iteration 0.7 (tol=0.0006945541020254915): -148.4097401015784 -147.698371488718 -146.6946020946646 -146.1474906696797
 Davidson iteration 1.0 (tol=0.0006945541020209075): -148.4097401015783
 Davidson iteration 1.1 (tol=0.000326832666965537): -148.4097402410836 -146.0370175505987
 Davidson iteration 1.2 (tol=0.0001557851804954134): -148.4097402827701 -147.2426138380775 -144.5899319334151
 Davidson iteration 1.3 (tol=5.943792900366977e-05): -148.409740291664 -147.686772639393 -145.482842423454 -144.2766382693866
 Davidson iteration 1.4 (tol=2.777338357755329e-05): -148.4097402929432 -147.8758985460194 -146.1457655520635 -145.4611589731507
 Davidson iteration 1.5 (tol=1.351435523517344e-05): -148.4097402932436 -148.0070414231955 -146.9654105138117 -145.4724792824425
 Davidson iteration 1.6 (tol=6.732599271698815e-06): -148.4097402933215 -148.1022732893469 -147.4101551870973 -146.0312793541607
 Elapsed time for davidson 15.177107 (sec) 
 Elapsed time for diagonalization 15.177209 (sec) 
 Elapsed time for mult 0.470369 (sec) 
 Energy = -148.4097402933209
 Elapsed time for measurement 0.0262 (sec) 
 Sample-based diagonalization: Energy = -148.4097402933209
 Sample-based diagonalization: density = [1.999996967385353,1.996168917701834,1.99260454518954,1.993942067842716,1.988273376322521,1.987736607484528,1.992736640471769,1.975141295032946,1.977767021269484,1.986769744974904,1.926050075156325,0.1057216586049068,0.004198323211535956,0.006301241448528931,0.01324120590497605,0.01704682503228135,0.0181541759457149,0.01814931089108709
 Sample-based diagonalization: carryover bitstrings = [], size = 0
