 Elapsed time for helper construction 1.180782 (sec) 
 Elapsed time for init 0.041062 (sec) 
 Elapsed time for makeQChamDiagTerms 13.920482 (sec) 
 Davidson iteration 0.0 (tol=0.5886334250805485): -135.8107959887683
 Davidson iteration 0.1 (tol=0.0926999552928677): -135.9747117885344 -133.7926828129347
 Davidson iteration 0.2 (tol=0.01595047410318886): -135.9781479814903 -134.0112229377334 -133.5061063391652
 Davidson iteration 0.3 (tol=0.004056274550563369): -135.9782588603947 -134.2292791864084 -133.8169453276956 -133.4534969894546
 Davidson iteration 0.4 (tol=0.0009518897924090473): -135.9782659444054 -134.4455335451941 -133.86293722479 -133.641916535917
 Davidson iteration 0.5 (tol=0.0001993974381284715): -135.9782662842543 -134.5597462555399 -133.9377947167316 -133.648718905956
 Davidson iteration 0.6 (tol=4.324052011046448e-05): -135.9782662988911 -134.6010110322525 -134.0601085795762 -133.73252556587
 Davidson iteration 0.7 (tol=1.008690919345275e-05): -135.9782662996111 -134.6146606097803 -134.1972271892891 -133.8302539793736
 Davidson iteration 1.0 (tol=1.00869091924444e-05): -135.9782662996109
 Davidson iteration 1.1 (tol=3.080818761160198e-06): -135.978266299649 -133.6079354182388
 Elapsed time for davidson 42.768919 (sec) 
 Elapsed time for diagonalization 42.769109 (sec) 
 Elapsed time for mult 1.038031 (sec) 
 Energy = -135.9782662996538
 Elapsed time for measurement 0.124956 (sec) 
 Sample-based diagonalization: Energy = -135.9782662996538
 Sample-based diagonalization: density = [1.999972856872357,1.991377608751652,1.990923506977327,1.988381591881779,1.986041697579248,1.989229301765047,1.989206211368419,1.98409415607347,1.984107889536218,1.985443781861873,1.985898069984632,1.981395538636916,1.985153361661758,0.006641870393421658,0.01991915748445454,0.01251063214173231,0.0142047986354165,0.01329546214203322,0.01305524654524076,0.01542359648834576,0.01497143072500444,0.01361929162951105,0.01106289836599062,0.01180992331302343,0.01226011892122208
 Sample-based diagonalization: carryover bitstrings = [], size = 0
