 Elapsed time for helper construction 0.517945 (sec) 
 Elapsed time for init 0.005874 (sec) 
 Elapsed time for makeQChamDiagTerms 3.151137 (sec) 
 Davidson iteration 0.0 (tol=0.5505178370095246): -149.2175504728413
 Davidson iteration 0.1 (tol=0.238499506636188): -149.3454639318454 -147.2471478428924
 Davidson iteration 0.2 (tol=0.1060330096581474): -149.3624132483799 -147.7039436458628 -146.3920499153981
 Davidson iteration 0.3 (tol=0.04028176015290387): -149.3658567503581 -147.9260408179533 -146.6999895334101 -146.1212356085777
 Davidson iteration 0.4 (tol=0.01642497026261773): -149.3662998946191 -148.1319920306311 -147.0322306325342 -146.3896605524132
 Davidson iteration 0.5 (tol=0.006153962094337946): -149.3663902217986 -148.4370265881281 -147.2786194918353 -146.6780113411068
 Davidson iteration 0.6 (tol=0.002851146571594933): -149.3664017397042 -148.5728422809481 -147.465449830858 -146.6862234970006
 Davidson iteration 0.7 (tol=0.001195006320657036): -149.3664039928947 -148.6770932804346 -147.7860465606048 -146.9181779126215
 Davidson iteration 1.0 (tol=0.001195006320654938): -149.3664039928945
 Davidson iteration 1.1 (tol=0.0006039868314776129): -149.366404370104 -146.9596593035856
 Davidson iteration 1.2 (tol=0.000306211640745421): -149.3664045007034 -148.3248680732831 -144.6413534361262
 Davidson iteration 1.3 (tol=0.0001325565790277483): -149.3664045323883 -148.7290103966958 -146.3322931778327 -143.9417623283875
 Davidson iteration 1.4 (tol=5.839572528526635e-05): -149.3664045372619 -148.8453631348961 -146.3938202876677 -146.0978490589281
 Davidson iteration 1.5 (tol=2.372015785559439e-05): -149.3664045382346 -148.9099190174784 -147.2232783540731 -146.3277885997339
 Davidson iteration 1.6 (tol=1.016287165130351e-05): -149.3664045384042 -148.9462373132517 -147.7981349727845 -146.7832498256111
 Davidson iteration 1.7 (tol=3.500011105383763e-06): -149.3664045384358 -148.9573370427991 -148.1651340910062 -146.8089256254761
 Elapsed time for davidson 25.633165 (sec) 
 Elapsed time for diagonalization 25.633291 (sec) 
 Elapsed time for mult 0.73069 (sec) 
 Energy = -149.3664045384384
 Elapsed time for measurement 0.038259 (sec) 
 Sample-based diagonalization: Energy = -149.3664045384384
 Sample-based diagonalization: density = [1.99999686267802,1.997694941923215,1.992521036666723,1.993070955034616,1.988045440756402,1.987161857568025,1.990195715805047,1.977794848400953,1.964951492316261,1.983607142850961,1.942120144514981,0.1001642000154611,0.01419178146156286,0.009374193919102075,0.008154022277554639,0.01203825495788665,0.01949490670645384,0.01942220198031503
 Sample-based diagonalization: carryover bitstrings = [], size = 0
