 Elapsed time for helper construction 1.571846 (sec) 
 Elapsed time for init 0.056627 (sec) 
 Elapsed time for makeQChamDiagTerms 14.850742 (sec) 
 Davidson iteration 0.0 (tol=0.6757301978156257): -155.441541206004
 Davidson iteration 0.1 (tol=0.2439272658396855): -155.6361949840087 -153.4757996140632
 Davidson iteration 0.2 (tol=0.08758669242915282): -155.6557617876449 -153.7737264722023 -152.981747311653
 Davidson iteration 0.3 (tol=0.02602148215947026): -155.6582827743623 -153.944706051021 -152.9817481883119 -152.8328787030131
 Davidson iteration 0.4 (tol=0.01047291338692835): -155.6585279036196 -154.3054309859301 -153.1652688870225 -152.9812183905919
 Davidson iteration 0.5 (tol=0.004005292525819126): -155.658571634316 -154.7024729245172 -153.4249809661944 -153.0758025505458
 Davidson iteration 0.6 (tol=0.001541507674926824): -155.6585778067485 -154.9048625665439 -153.7023474869055 -153.1182015271161
 Davidson iteration 0.7 (tol=0.0005465106853228506): -155.6585786445678 -154.962434109594 -153.8714530965803 -153.3101140228581
 Davidson iteration 1.0 (tol=0.0005465106853290495): -155.658578644568
 Davidson iteration 1.1 (tol=0.0002365376166712057): -155.6585787437267 -153.5904730285006
 Davidson iteration 1.2 (tol=0.0001041616728502281): -155.6585787686075 -154.4378966964353 -152.501868112378
 Davidson iteration 1.3 (tol=4.048747926449906e-05): -155.6585787726725 -154.8048350755977 -152.7652014925497 -152.4838673270694
 Davidson iteration 1.4 (tol=1.603612689198364e-05): -155.6585787732864 -154.9817067398367 -153.2075887754885 -152.7604057082675
 Davidson iteration 1.5 (tol=6.493227820786529e-06): -155.6585787733954 -155.0862091910241 -154.0138894572532 -152.7888370828256
 Elapsed time for davidson 77.853347 (sec) 
 Elapsed time for diagonalization 77.85501699999999 (sec) 
 Elapsed time for mult 1.992452 (sec) 
 Energy = -155.6585787733964
 Elapsed time for measurement 0.161381 (sec) 
 Sample-based diagonalization: Energy = -155.6585787733964
 Sample-based diagonalization: density = [1.999988235113737,1.992063134512707,1.990514191799971,1.987728700727591,1.985573246899003,1.980060566043867,1.985159537733353,1.98614299123781,1.98333822632021,1.971674637349681,1.983596899837541,1.990898847318768,1.930585831078843,0.09538513880386679,0.008991528402475892,0.01683255575315864,0.01893379213340004,0.01422988310310408,0.01752550257143196,0.01428369865669228,0.01532037727841469,0.01716586257988951,0.01400661426366938
 Sample-based diagonalization: carryover bitstrings = [], size = 0
