 Elapsed time for helper construction 1.062154 (sec) 
 Elapsed time for init 0.022114 (sec) 
 Elapsed time for makeQChamDiagTerms 4.713469 (sec) 
 Davidson iteration 0.0 (tol=0.67754302185343): -147.0604598322319
 Davidson iteration 0.1 (tol=0.2879329539176292): -147.2619542100422 -145.1795532967222
 Davidson iteration 0.2 (tol=0.1187775896117749): -147.2877123936747 -145.4528569796459 -144.3619484779618
 Davidson iteration 0.3 (tol=0.03749775157510842): -147.2918286009815 -145.5603292238417 -144.5589490374022 -144.239727908971
 Davidson iteration 0.4 (tol=0.01432889996500606): -147.2923241035215 -145.8928931094664 -144.6725995171037 -144.4832102989905
 Davidson iteration 0.5 (tol=0.005815078649879393): -147.2923896312125 -146.2287983234293 -145.1273713645864 -144.581158497796
 Davidson iteration 0.6 (tol=0.002119457202830269): -147.2924001815222 -146.3542581634397 -145.2505970405312 -144.8787922649519
 Davidson iteration 0.7 (tol=0.0008557603768181911): -147.2924014781235 -146.4407691514493 -145.3810528133878 -144.9189863560679
 Davidson iteration 1.0 (tol=0.0008557603768129749): -147.2924014781142
 Davidson iteration 1.1 (tol=0.0004036376327245776): -147.2924016633004 -144.4271965687413
 Davidson iteration 1.2 (tol=0.0001771151820020102): -147.2924017268177 -146.1250194106101 -142.1530611983813
 Davidson iteration 1.3 (tol=7.377901579053224e-05): -147.2924017371056 -146.4418491508047 -144.0019046620687 -141.7807533275268
 Davidson iteration 1.4 (tol=2.786346498400514e-05): -147.2924017388232 -146.6343098201199 -144.3507570265272 -143.9003229303809
 Davidson iteration 1.5 (tol=1.065569667530121e-05): -147.2924017390818 -146.7049554052072 -145.1611126956556 -144.0683979742184
 Davidson iteration 1.6 (tol=3.886024106530226e-06): -147.2924017391149 -146.722697983089 -145.5639328228141 -144.3028591064237
 Elapsed time for davidson 53.548087 (sec) 
 Elapsed time for diagonalization 53.548322 (sec) 
 Elapsed time for mult 1.454179 (sec) 
 Energy = -147.2924017391141
 Elapsed time for measurement 0.056123 (sec) 
 Sample-based diagonalization: Energy = -147.2924017391141
 Sample-based diagonalization: density = [1.9999748747041,1.993176772523836,1.992064049067744,1.993308913361482,1.985455400079432,1.985423858630028,1.984862748142297,1.976585404509214,1.983367150388265,1.977494047238226,1.983083937805558,1.894680836844974,1.983294167441988,0.1144048204589071,0.02518161449725873,0.02101972415115399,0.02189888953583485,0.0164035840286445,0.01082255255518829,0.01795153425127837,0.01923678983678269,0.02030832974837006
 Sample-based diagonalization: carryover bitstrings = [], size = 0
