 Elapsed time for helper construction 1.192173 (sec) 
 Elapsed time for init 0.037243 (sec) 
 Elapsed time for makeQChamDiagTerms 8.660985999999999 (sec) 
 Davidson iteration 0.0 (tol=0.6776112828216863): -151.3346500064056
 Davidson iteration 0.1 (tol=0.3021417986953873): -151.5291652697119 -149.281531781263
 Davidson iteration 0.2 (tol=0.1301786967731741): -151.5582671119321 -149.7945940951152 -148.507122910022
 Davidson iteration 0.3 (tol=0.04749529426267981): -151.5638157321526 -150.1021465569014 -148.7392569916559 -148.1322564179182
 Davidson iteration 0.4 (tol=0.02311914584323681): -151.5646384496012 -150.4719785554404 -149.143932752292 -148.4616977483286
 Davidson iteration 0.5 (tol=0.01037244831637167): -151.5648525328682 -150.8498612207078 -149.5219338217217 -148.5631745218244
 Davidson iteration 0.6 (tol=0.004739473564271162): -151.5648909880563 -150.9700232486527 -149.7580426914936 -148.7728356265022
 Davidson iteration 0.7 (tol=0.002121115921411625): -151.5648978048501 -151.0188513040507 -149.9803806931279 -149.1413194852763
 Davidson iteration 1.0 (tol=0.002121115921414865): -151.5648978048487
 Davidson iteration 1.1 (tol=0.001043812496805719): -151.5648990761402 -148.9289151964452
 Davidson iteration 1.2 (tol=0.000539492378481589): -151.5648995474551 -150.3108724703132 -147.8508511287427
 Davidson iteration 1.3 (tol=0.0002436385165299303): -151.564899657253 -150.7579947410406 -148.4003949077967 -147.8283852007917
 Davidson iteration 1.4 (tol=0.0001140726474414639): -151.5648996778215 -150.9349890798655 -148.9194069861163 -148.3769267771482
 Davidson iteration 1.5 (tol=5.532557395298205e-05): -151.5648996830013 -151.0324495861408 -149.9405184582363 -148.3956269148638
 Davidson iteration 1.6 (tol=2.565718552426333e-05): -151.5648996840652 -151.0947754474076 -150.3274198511029 -148.7319105629503
 Davidson iteration 1.7 (tol=9.32327998285156e-06): -151.564899684292 -151.1310981239037 -150.5543398785223 -148.8488336395548
 Elapsed time for davidson 58.493947 (sec) 
 Elapsed time for diagonalization 58.49495899999999 (sec) 
 Elapsed time for mult 1.635973 (sec) 
 Energy = -151.564899684295
 Elapsed time for measurement 0.08576299999999999 (sec) 
 Sample-based diagonalization: Energy = -151.564899684295
 Sample-based diagonalization: density = [1.999973898610273,1.994235449526501,1.994383816006253,1.989661260208965,1.983036737091072,1.980568663427227,1.97950245521611,1.986839371649475,1.977698131294533,1.962494694829366,1.977434677563229,1.987158913378898,1.915776369687416,0.1009320157100254,0.02458647660953159,0.01930061252877038,0.03461893274105584,0.02161638459083228,0.01487600034145923,0.03044843104885748,0.02485670752031426
 Sample-based diagonalization: carryover bitstrings = [], size = 0
