 Elapsed time for helper construction 1.416607 (sec) 
 Elapsed time for init 0.018662 (sec) 
 Elapsed time for makeQChamDiagTerms 12.399058 (sec) 
 Davidson iteration 0.0 (tol=0.6086608848496216): -128.6128977081271
 Davidson iteration 0.1 (tol=0.1521792913498254): -128.7781453482785 -126.5068393196245
 Davidson iteration 0.2 (tol=0.04140006171298174): -128.7865077928297 -127.0475961921754 -126.275956547156
 Davidson iteration 0.3 (tol=0.009845745605131406): -128.7871284958958 -127.0704566790007 -126.547228710883 -126.1591551390796
 Davidson iteration 0.4 (tol=0.003059711578117421): -128.7871750090946 -127.7678302255089 -126.7016425319893 -126.3622243248759
 Davidson iteration 0.5 (tol=0.0008527646288710685): -128.7871788923219 -127.9768442252933 -126.728153088004 -126.5983439582882
 Davidson iteration 0.6 (tol=0.0002235906764586338): -128.7871791768629 -128.1116938718708 -126.8790153271198 -126.6000460671949
 Davidson iteration 0.7 (tol=5.919334646427291e-05): -128.7871791958039 -128.1608551028623 -127.0436130011185 -126.6017749931224
 Davidson iteration 1.0 (tol=5.919334646907206e-05): -128.7871791958035
 Davidson iteration 1.1 (tol=1.840503087285994e-05): -128.7871791970019 -126.4672133982942
 Davidson iteration 1.2 (tol=5.581785831293538e-06): -128.7871791971551 -127.3869842121054 -125.790200113278
 Elapsed time for davidson 45.040746 (sec) 
 Elapsed time for diagonalization 45.040956 (sec) 
 Elapsed time for mult 1.439294 (sec) 
 Energy = -128.7871791971534
 Elapsed time for measurement 0.111618 (sec) 
 Sample-based diagonalization: Energy = -128.7871791971534
 Sample-based diagonalization: density = [1.999971839657327,1.994224026568345,1.989835608292726,1.98680895051733,1.988033624563538,1.983142337524222,1.984402550576027,1.981069750530251,1.981638410481759,1.971522346105232,1.988855905153104,1.982762810142771,0.01322471743396668,0.02600023516460651,0.01753477629781839,0.01614327769926855,0.01364774468557877,0.0144077247349526,0.0109605780835337,0.01190212595691192,0.007661127697782425,0.01613848417014238,0.01070531934555128,0.009405728220111877
 Sample-based diagonalization: carryover bitstrings = [], size = 0
