 Elapsed time for helper construction 4.016769 (sec) 
 Elapsed time for init 0.098439 (sec) 
 Elapsed time for makeQChamDiagTerms 28.717505 (sec) 
 Davidson iteration 0.0 (tol=0.6685349863366838): -164.3226521432557
 Davidson iteration 0.1 (tol=0.3069377768161828): -164.5073767520776 -162.225809968411
 Davidson iteration 0.2 (tol=0.1427442081403557): -164.5339828524304 -162.6867705281914 -161.2097622133047
 Davidson iteration 0.3 (tol=0.05507368174359083): -164.5394348350054 -162.9321266389728 -161.3947206201884 -160.6851656523377
 Davidson iteration 0.4 (tol=0.0243059396837723): -164.5401960138867 -163.1467501017203 -161.7279896064403 -161.1001208249966
 Davidson iteration 0.5 (tol=0.01007415360307405): -164.5403639971784 -163.4514669167877 -162.2225156843827 -161.1304173919979
 Davidson iteration 0.6 (tol=0.004789918978664346): -164.5403935263227 -163.6577320568141 -162.4735470038429 -161.2335710452379
 Davidson iteration 0.7 (tol=0.002203032762286253): -164.5404000976715 -163.7988306832295 -162.7172477884971 -161.743025238545
 Davidson iteration 1.0 (tol=0.002203032762293245): -164.5404000976743
 Davidson iteration 1.1 (tol=0.00116853271368291): -164.5404012840726 -161.5356777560554
 Davidson iteration 1.2 (tol=0.0006602350012228057): -164.5404017894526 -163.3560376168291 -159.2866470442056
 Davidson iteration 1.3 (tol=0.0003287389870636463): -164.5404019345151 -163.850627581248 -161.0191632423056 -158.886757782514
 Davidson iteration 1.4 (tol=0.0001467427969121662): -164.5404019631058 -163.9907306175646 -161.3041060757715 -160.3633805673999
 Davidson iteration 1.5 (tol=6.268356773132199e-05): -164.5404019691061 -164.0509261647688 -162.2050937619303 -160.9958217816556
 Davidson iteration 1.6 (tol=2.824763163766123e-05): -164.5404019702251 -164.086012754162 -162.8940656434161 -161.1980632147502
 Davidson iteration 1.7 (tol=1.143141762354441e-05): -164.5404019704799 -164.1020554314572 -163.2975036863424 -161.324950621087
 Davidson iteration 2.0 (tol=1.1431417977541e-05): -164.5404019704753
 Davidson iteration 2.1 (tol=6.227898523170442e-06): -164.5404019705154 -162.452363507111
 Elapsed time for davidson 339.868295 (sec) 
 Elapsed time for diagonalization 339.887425 (sec) 
 Elapsed time for mult 12.902179 (sec) 
 Energy = -164.5404019705169
 Elapsed time for measurement 44.116391 (sec) 
 Sample-based diagonalization: Energy = -164.5404019705169
 Sample-based diagonalization: density = [1.999986788844672,1.989932082477814,1.989692439607489,1.991151140401984,1.984909039808574,1.981277586771134,1.984489593324543,1.99579779088458,1.985976449543021,1.980508593937687,1.964805749487522,1.980618706802636,1.983370865925192,1.935746680462419,0.10139183227424,0.02836927049168521,0.02057500443967621,0.01591280403408687,0.01282927667667129,0.0215850757665592,0.01146383358639241,0.0212988218720601,0.01831057233535568
 Sample-based diagonalization: carryover bitstrings = [], size = 0
 Elapse time for dumping one-particle rdm = 0.000896
 Elapse time for dumping two-particle rdm = 0.247048
 Zero-Body energy = 0
 One-Body energy = -281.2544105838367
 Two-Body energy = 116.7140086148742
 One-Body + Two-Body energy = -164.5404019689624
 Zero-Body + One-Body + Two-Body energy = -164.5404019689624
