 Elapsed time for helper construction 1.212035 (sec) 
 Elapsed time for init 0.016235 (sec) 
 Elapsed time for makeQChamDiagTerms 8.087035999999999 (sec) 
 Davidson iteration 0.0 (tol=0.6212694122037503): -116.7720326971018
 Davidson iteration 0.1 (tol=0.1866027088563688): -116.9449986835395 -114.6412823286176
 Davidson iteration 0.2 (tol=0.04452927861482107): -116.9564064146352 -115.0189291005591 -113.8587153522388
 Davidson iteration 0.3 (tol=0.01300367700153017): -116.9569902880434 -115.082908796165 -114.1632829733265 -113.8534775874655
 Davidson iteration 0.4 (tol=0.004132959197324202): -116.9570454089922 -115.2198246668158 -114.4870510317974 -114.1325723266632
 Davidson iteration 0.5 (tol=0.001443682518570947): -116.9570512199669 -115.5040445531565 -114.8630713978745 -114.1332904909691
 Davidson iteration 0.6 (tol=0.0004876370696407673): -116.9570519198118 -115.7585809687888 -114.9979408516736 -114.3033053298417
 Davidson iteration 0.7 (tol=0.0001631106241235333): -116.9570520004813 -115.9482870861466 -115.0977446458205 -114.4031513758607
 Davidson iteration 1.0 (tol=0.0001631106241249876): -116.9570520004806
 Davidson iteration 1.1 (tol=6.997250234296996e-05): -116.9570520092338 -114.7075480290135
 Davidson iteration 1.2 (tol=2.959827846189436e-05): -116.9570520114227 -115.8777858389376 -113.1601690455717
 Davidson iteration 1.3 (tol=9.988587782740301e-06): -116.9570520117086 -116.1366046581543 -113.8157174784221 -112.8803071749406
 Elapsed time for davidson 40.042611 (sec) 
 Elapsed time for diagonalization 40.046814 (sec) 
 Elapsed time for mult 1.292358 (sec) 
 Energy = -116.9570520117088
 Elapsed time for measurement 0.089445 (sec) 
 Sample-based diagonalization: Energy = -116.9570520117088
 Sample-based diagonalization: density = [1.999969026079582,1.989941132713756,1.988342575621697,1.984269069091225,1.981080072977223,1.97931020820321,1.979385124041785,1.979065901688067,1.976359325001849,1.975879730424808,1.984976350123228,0.0219276405758453,0.02293029005426339,0.01977150992568284,0.01845617730637608,0.01722982130543761,0.0178866448084496,0.010340027907712,0.01674781047235672,0.01852153656047496,0.01761002479593651
 Sample-based diagonalization: carryover bitstrings = [], size = 0
