"PluginInterface" error: Failure to initialize device 0: Error in cuDevicePrimaryCtxRetain: out of memory
"PluginInterface" error: Failure to initialize device 0: Error in cuDevicePrimaryCtxRetain: out of memory
"PluginInterface" error: Failure to initialize device 1: Error in cuDevicePrimaryCtxRetain: out of memory
"PluginInterface" error: Failure to initialize device 1: Error in cuDevicePrimaryCtxRetain: out of memory
"PluginInterface" error: Failure to initialize device 2: Error in cuDevicePrimaryCtxRetain: out of memory
"PluginInterface" error: Failure to initialize device 2: Error in cuDevicePrimaryCtxRetain: out of memory
"PluginInterface" error: Failure to initialize device 3: Error in cuDevicePrimaryCtxRetain: out of memory
"PluginInterface" error: Failure to initialize device 3: Error in cuDevicePrimaryCtxRetain: out of memory
 Elapsed time for helper construction 0.10962 (sec) 
 Elapsed time for init 0.0008619999999999999 (sec) 
 Elapsed time for makeQChamDiagTerms 0.012204 (sec) 
 Davidson iteration 0.0 (tol=0.6145973847241234): -92.08508185098842
 Davidson iteration 0.1 (tol=0.2622733739907896): -92.25489203432224 -90.24125600782943
 Davidson iteration 0.2 (tol=0.1150906373651294): -92.27652636616557 -90.57888347244976 -89.27368937859531
 Davidson iteration 0.3 (tol=0.04017044834138517): -92.28027360732989 -90.6928292566666 -89.51764463026292 -89.05034908717384
 Davidson iteration 0.4 (tol=0.01453878162068442): -92.28074223340344 -90.86272835103571 -89.72648117791528 -89.1006286565696
 Davidson iteration 0.5 (tol=0.005537874350481492): -92.28079677875814 -91.01728777849956 -90.03116390967224 -89.53666286953677
 Davidson iteration 0.6 (tol=0.002122607703314302): -92.28080568003047 -91.12828307469577 -90.23510104511909 -89.5442644378878
 Davidson iteration 0.7 (tol=0.0007374372355564644): -92.28080681095609 -91.20904151901838 -90.38249730281846 -89.59035730828913
 Davidson iteration 0.8 (tol=0.0002411452241517619): -92.28080697482483 -91.33450922311246 -90.61788863739119 -90.06923930510987
 Davidson iteration 0.9 (tol=8.917275794703731e-05): -92.28080699306459 -91.37498072231777 -90.73416470170034 -90.08931863416925
 Davidson iteration 0.10 (tol=3.585181431129727e-05): -92.28080699549969 -91.42513785743637 -90.91959842884239 -90.24083742574078
 Davidson iteration 0.11 (tol=1.312217612877194e-05): -92.28080699587375 -91.48307661235458 -91.06060660639247 -90.38600528767752
 Davidson iteration 0.12 (tol=4.731670219976142e-06): -92.28080699592333 -91.5069219984404 -91.12779064373804 -90.48636024719545
 Davidson iteration 0.13 (tol=1.723242363187218e-06): -92.28080699592982 -91.5411625532284 -91.18678474229355 -90.58670855906306
 Davidson iteration 0.14 (tol=6.706187468054598e-07): -92.28080699593065 -91.57144343993545 -91.23326972885003 -90.70365158646676
 Davidson iteration 0.15 (tol=2.582368045228497e-07): -92.2808069959308 -91.5796177448172 -91.28348536356371 -90.88598999794755
 Davidson iteration 0.16 (tol=9.401361153033928e-08): -92.28080699593083 -91.59711534720904 -91.33502769738662 -91.00644298157282
 Davidson iteration 0.17 (tol=3.456729426218086e-08): -92.28080699593077 -91.60730146204385 -91.35803476412961 -91.06578296608255
 Davidson iteration 0.18 (tol=1.27349110772215e-08): -92.28080699593086 -91.61131466485685 -91.38242404760059 -91.12525701650706
 Davidson iteration 0.19 (tol=4.526702883852996e-09): -92.28080699593082 -91.61498308658319 -91.39265733596754 -91.15920239744867
 Elapsed time for davidson 11.410411 (sec) 
 Elapsed time for diagonalization 11.410829 (sec) 
 Elapsed time for mult 0.5304409999999999 (sec) 
 Energy = -92.28080699593018
 Elapsed time for measurement 0.008713 (sec) 
 Sample-based diagonalization: Energy = -92.28080699593018
 Sample-based diagonalization: density = [1.999966158633117,1.987816639271526,1.985108900460162,1.979731084134522,1.979585266345846,1.971191016470359,1.976147618540361,1.896826848963911,1.983555909427381,0.1084893940214848,0.02399480379567424,0.02596898529156923,0.02293615817441413,0.01976568391062741,0.01981869482422078,0.01909683773064285
 Sample-based diagonalization: carryover bitstrings = [], size = 0
