 Elapsed time for helper construction 1.099354 (sec) 
 Elapsed time for init 0.014772 (sec) 
 Elapsed time for makeQChamDiagTerms 18.698704 (sec) 
 Davidson iteration 0.0 (tol=0.4781396015524859): -187.5117274808022
 Davidson iteration 0.1 (tol=0.06330314131390903): -187.6253936523557 -185.7504855922057
 Davidson iteration 0.2 (tol=0.01335514331107374): -187.6275901216091 -186.2900553660665 -185.7444720876013
 Davidson iteration 0.3 (tol=0.00272187188638875): -187.6276859380784 -186.3293241964494 -186.1137441864869 -185.7413362038268
 Davidson iteration 0.4 (tol=0.0005510131845611019): -187.6276899236707 -186.5868237513446 -186.1321000560635 -185.7600898158169
 Davidson iteration 0.5 (tol=0.0001279453135503626): -187.6276901028246 -186.7751604702872 -186.3630976874686 -185.7601165763136
 Davidson iteration 0.6 (tol=3.081196809066949e-05): -187.6276901114192 -186.8253768978924 -186.4002912129715 -186.102784716895
 Davidson iteration 0.7 (tol=1.046421274098431e-05): -187.6276901120172 -186.9185344168666 -186.6653050371183 -186.3382703998629
 Davidson iteration 1.0 (tol=1.046421274061623e-05): -187.6276901120166
 Davidson iteration 1.1 (tol=4.011550473856587e-06): -187.6276901120849 -186.5417520524022
 Elapsed time for davidson 44.664468 (sec) 
 Elapsed time for diagonalization 44.667397 (sec) 
 Elapsed time for mult 0.9201699999999999 (sec) 
 Energy = -187.6276901120853
 Elapsed time for measurement 0.141409 (sec) 
 Sample-based diagonalization: Energy = -187.6276901120853
 Sample-based diagonalization: density = [1.999994458916965,1.996661325221308,1.996828812148557,1.995729404315424,1.996212947437685,1.993379597935162,1.993034238880524,1.992951174583668,1.994440913512977,1.988491531491646,1.991004905323006,1.992872845762277,1.994295102128069,1.961801568876753,1.993409705294276,1.993653441059148,0.04506856418847882,0.006987547971283814,0.009822104696598066,0.01015201724842439,0.01015210311615716,0.004393739314107305,0.009715146955918179,0.008745205458102423,0.003239777802753355,0.001189558716503198,0.004560208496605972,0.004282829264076756,0.006929223760223995
 Sample-based diagonalization: carryover bitstrings = [], size = 0
