 Elapsed time for helper construction 0.9823189999999999 (sec) 
 Elapsed time for init 0.030957 (sec) 
 Elapsed time for makeQChamDiagTerms 8.346619 (sec) 
 Davidson iteration 0.0 (tol=0.5701753001387385): -128.642700917823
 Davidson iteration 0.1 (tol=0.1243597687590793): -128.7897495605748 -126.5647772600861
 Davidson iteration 0.2 (tol=0.03745479871692398): -128.7956793551245 -127.1593151054154 -126.4231034486715
 Davidson iteration 0.3 (tol=0.009068643234071687): -128.7962300217835 -127.2328352595643 -126.5556116439759 -126.3653390408337
 Davidson iteration 0.4 (tol=0.002713126644041232): -128.7962733557615 -127.8898372405393 -126.703255568795 -126.458526572596
 Davidson iteration 0.5 (tol=0.0007167650465471851): -128.7962765934627 -128.0729847105969 -126.7585705357306 -126.5601041731278
 Davidson iteration 0.6 (tol=0.0001925784917767378): -128.7962768114024 -128.164445594578 -126.9688552926139 -126.5748024901583
 Davidson iteration 0.7 (tol=4.863150519480505e-05): -128.7962768260749 -128.2057664484933 -127.1620083400241 -126.5966545535389
 Davidson iteration 1.0 (tol=4.863150519166404e-05): -128.7962768260766
 Davidson iteration 1.1 (tol=1.477127130827744e-05): -128.796276826918 -126.4976020968287
 Davidson iteration 1.2 (tol=4.39493324313795e-06): -128.7962768270191 -127.3623171624294 -126.03813054506
 Elapsed time for davidson 35.127526 (sec) 
 Elapsed time for diagonalization 35.129586 (sec) 
 Elapsed time for mult 1.017775 (sec) 
 Energy = -128.7962768270175
 Elapsed time for measurement 0.076335 (sec) 
 Sample-based diagonalization: Energy = -128.7962768270175
 Sample-based diagonalization: density = [1.999973672045074,1.995247525810998,1.991555859350367,1.990742647829105,1.989211543087419,1.984173274610245,1.987155354823672,1.983373247999418,1.983430959509618,1.977300687011823,1.987298627615109,1.981924939145179,0.0142417568078609,0.02415657087719797,0.01644130201249344,0.01599521647714287,0.01350893795687593,0.007439790610143536,0.009046088216755128,0.01215247351699379,0.01545835945913303,0.01102283489067805,0.009148330048880746
 Sample-based diagonalization: carryover bitstrings = [], size = 0
