 Elapsed time for helper construction 1.271964 (sec) 
 Elapsed time for init 0.046952 (sec) 
 Elapsed time for makeQChamDiagTerms 14.730628 (sec) 
 Davidson iteration 0.0 (tol=0.6174022189940032): -164.9525991021852
 Davidson iteration 0.1 (tol=0.1551500700777611): -165.1225000313827 -163.0636844906017
 Davidson iteration 0.2 (tol=0.04379919166776262): -165.1323373562008 -163.4561219569094 -162.9645348915273
 Davidson iteration 0.3 (tol=0.009786664651123133): -165.1331449419438 -163.4872667747628 -163.2395346944477 -162.9045669545777
 Davidson iteration 0.4 (tol=0.003021445995855035): -165.1331938331762 -164.0478418722733 -163.2526665120876 -162.9084980511368
 Davidson iteration 0.5 (tol=0.001081356898062474): -165.1331982724892 -164.2437959813707 -163.5782127535231 -163.0869184331908
 Davidson iteration 0.6 (tol=0.00029623840865933): -165.1331988159322 -164.3591339030057 -163.5783259490522 -163.3592965723125
 Davidson iteration 0.7 (tol=9.405690835255257e-05): -165.1331988589548 -164.455739971255 -163.8735098245933 -163.4018069009215
 Davidson iteration 1.0 (tol=9.405690835156864e-05): -165.1331988589561
 Davidson iteration 1.1 (tol=3.703682419085607e-05): -165.1331988630689 -163.8261628591366
 Davidson iteration 1.2 (tol=1.515948718853191e-05): -165.1331988640524 -164.5544999688976 -162.9421998088022
 Davidson iteration 1.3 (tol=4.834367303374894e-06): -165.1331988641557 -164.7110013100196 -163.2361633278792 -162.6257523395604
 Elapsed time for davidson 54.577289 (sec) 
 Elapsed time for diagonalization 54.577464 (sec) 
 Elapsed time for mult 1.37094 (sec) 
 Energy = -165.1331988641543
 Elapsed time for measurement 0.128351 (sec) 
 Sample-based diagonalization: Energy = -165.1331988641543
 Sample-based diagonalization: density = [1.999978994508041,1.994385387812845,1.995225129802215,1.993500730871337,1.990459185825552,1.988077265293703,1.993418016328165,1.984905114852929,1.98707562161772,1.987070858319249,1.98135726575222,1.978681357319919,1.988062961004342,1.951583559030695,0.07952779761439566,0.01617058793510723,0.01310239614897733,0.002489719861635961,0.008348986176206673,0.01339675536948055,0.006818964435855022,0.0116969773729181,0.007127789951991644,0.01192186517812747,0.01561671133857589
 Sample-based diagonalization: carryover bitstrings = [], size = 0
