 Elapsed time for helper construction 1.536827 (sec) 
 Elapsed time for init 0.05022 (sec) 
 Elapsed time for makeQChamDiagTerms 13.355153 (sec) 
 Davidson iteration 0.0 (tol=0.6583246486331779): -154.8715526848742
 Davidson iteration 0.1 (tol=0.2451456131709761): -155.056242352837 -152.8211032049757
 Davidson iteration 0.2 (tol=0.09684794276010474): -155.0750064750558 -153.1950879118008 -152.1075446658267
 Davidson iteration 0.3 (tol=0.03029403648643553): -155.0780083702383 -153.445933706157 -152.2358731158628 -151.848295447135
 Davidson iteration 0.4 (tol=0.01273009158187677): -155.0783196491667 -153.7471475827977 -152.5282448442534 -152.1292741895952
 Davidson iteration 0.5 (tol=0.004976519501611681): -155.0783801751871 -154.1224184877198 -152.8760580704376 -152.1931495394857
 Davidson iteration 0.6 (tol=0.001959795908200143): -155.0783888107036 -154.287690256178 -153.0803205677067 -152.2616347310066
 Davidson iteration 0.7 (tol=0.0007622901917569297): -155.0783902407587 -154.3720723747191 -153.3680625568633 -152.63872841417
 Davidson iteration 1.0 (tol=0.0007622901917530182): -155.0783902407582
 Davidson iteration 1.1 (tol=0.0003545582411098126): -155.0783904346517 -152.8420039248923
 Davidson iteration 1.2 (tol=0.0001788362829003711): -155.0783904945923 -154.0021896433768 -151.6766305751508
 Davidson iteration 1.3 (tol=7.278983434603302e-05): -155.0783905064536 -154.3619360829536 -152.1204771321595 -151.6293488315756
 Davidson iteration 1.4 (tol=2.847493193365896e-05): -155.078390508226 -154.4664692677738 -152.4499673869091 -151.9536368964121
 Davidson iteration 1.5 (tol=1.185965850301852e-05): -155.0783905085449 -154.5468283407534 -153.4312263736804 -152.0332334516729
 Davidson iteration 1.6 (tol=5.044703684606119e-06): -155.0783905085934 -154.600319097639 -153.8578269464541 -152.3896704732879
 Elapsed time for davidson 84.276839 (sec) 
 Elapsed time for diagonalization 84.28939199999999 (sec) 
 Elapsed time for mult 1.755983 (sec) 
 Energy = -155.0783905085925
 Elapsed time for measurement 0.119005 (sec) 
 Sample-based diagonalization: Energy = -155.0783905085925
 Sample-based diagonalization: density = [1.999989301427719,1.991350331132708,1.990965715786706,1.990933688856633,1.983901369066362,1.984216913362427,1.985700633729306,1.990703711932976,1.982712676698865,1.980885143179786,1.96518560435566,1.986809677249733,1.943469771079284,0.09046590742550238,0.02259590712374236,0.01749188167866138,0.009824837119448079,0.01130126766153099,0.01159678523141581,0.01681362396228953,0.009810985439655064,0.01822160319341464,0.01505266283201035
 Sample-based diagonalization: carryover bitstrings = [], size = 0
