 Elapsed time for helper construction 8.678428 (sec) 
 Elapsed time for init 0.225539 (sec) 
 Elapsed time for makeQChamDiagTerms 88.34678799999999 (sec) 
 Davidson iteration 0.0 (tol=0.7608048431029496): -201.3526784419433
 Davidson iteration 0.1 (tol=0.3383947450908239): -201.5862702181949 -199.1542483177981
 Davidson iteration 0.2 (tol=0.1519744460559477): -201.6188571906563 -199.6462390419442 -198.1893369525403
 Davidson iteration 0.3 (tol=0.05013529700678865): -201.6252618896162 -199.8857461006391 -198.2464169942198 -198.0242169466387
 Davidson iteration 0.4 (tol=0.0216595071742919): -201.626002886369 -200.1397497224814 -198.7954797696356 -198.1170709049798
 Davidson iteration 0.5 (tol=0.008905783089440891): -201.6261547920049 -200.4835816297829 -199.2964537006789 -198.2659283776561
 Davidson iteration 0.6 (tol=0.003904016206924841): -201.6261795776807 -200.6753524020225 -199.4983939789713 -198.3608816327597
 Davidson iteration 0.7 (tol=0.001692956320165921): -201.6261845386333 -200.7995273586618 -199.72200382704 -198.9614396853231
 Davidson iteration 1.0 (tol=0.001692956320164377): -201.6261845386348
 Davidson iteration 1.1 (tol=0.0008560502161140742): -201.6261853213876 -198.8283023411904
 Davidson iteration 1.2 (tol=0.0004702311782750176): -201.6261856159201 -200.4115739993896 -196.8196379572178
 Davidson iteration 1.3 (tol=0.0002109515821646693): -201.6261856930344 -200.8401680663198 -198.2575322174842 -196.5598374758411
 Davidson iteration 1.4 (tol=9.300198226892141e-05): -201.6261857068945 -200.9909015588024 -198.7771755757977 -197.910080417149
 Davidson iteration 1.5 (tol=3.819906712593777e-05): -201.6261857096787 -201.0556029201226 -199.494214034414 -198.2171106328453
 Davidson iteration 1.6 (tol=1.726789903577899e-05): -201.6261857101499 -201.0913327668588 -200.1850159899428 -198.6741074206038
 Davidson iteration 1.7 (tol=7.267227652021643e-06): -201.6261857102571 -201.1130856915692 -200.4900322399686 -198.6817188649353
 Elapsed time for davidson 1193.001517 (sec) 
 Elapsed time for diagonalization 1193.001672 (sec) 
 Elapsed time for mult 45.43745699999999 (sec) 
 Energy = -201.6261857102577
 Elapsed time for measurement 161.873529 (sec) 
 Sample-based diagonalization: Energy = -201.6261857102577
 Sample-based diagonalization: density = [1.999986376050046,1.990408971385789,1.990465631103921,1.991889888199103,1.989280710804613,1.984419745433916,1.985421644506931,1.980127808425109,1.983008708892228,1.983034382298639,1.976848685318458,1.98068734325004,1.968569352655257,1.977482829659244,1.985083438058638,1.93999772623859,0.09538418612367394,0.02377303606913338,0.02448578374644277,0.01970927692970102,0.01325844760674639,0.01525848894636001,0.01843303163085974,0.01090100384744466,0.01174754766264633,0.01551594407051725,0.008828580800396134,0.01958526778685574,0.01640616211356953
 Sample-based diagonalization: carryover bitstrings = [], size = 0
 Elapse time for dumping one-particle rdm = 0.001402
 Elapse time for dumping two-particle rdm = 0.6241789999999999
 Zero-Body energy = 0
 One-Body energy = -351.6739011703065
 Two-Body energy = 150.0477154626078
 One-Body + Two-Body energy = -201.6261857076987
 Zero-Body + One-Body + Two-Body energy = -201.6261857076987
