 Elapsed time for helper construction 1.453325 (sec) 
 Elapsed time for init 0.021833 (sec) 
 Elapsed time for makeQChamDiagTerms 14.078842 (sec) 
 Davidson iteration 0.0 (tol=0.6612357137671685): -143.4476245258041
 Davidson iteration 0.1 (tol=0.1960365356005897): -143.6322892746736 -141.2976064552627
 Davidson iteration 0.2 (tol=0.0655474822489915): -143.6449638593824 -141.7724349916074 -140.8627401709805
 Davidson iteration 0.3 (tol=0.01934409273644177): -143.6464281656083 -141.9861375754828 -140.9447180646358 -140.8220553076807
 Davidson iteration 0.4 (tol=0.007431501402732878): -143.6465880608388 -142.4730072755707 -141.2657276460774 -140.8340367459982
 Davidson iteration 0.5 (tol=0.002807297340222742): -143.6466106913239 -142.8633992775733 -141.5198874075111 -140.9852240196091
 Davidson iteration 0.6 (tol=0.0009685442409377492): -143.6466136387854 -142.9728716350702 -141.7607404114312 -140.9853235929799
 Davidson iteration 0.7 (tol=0.000375786321428775): -143.6466140015386 -143.0396466730196 -142.1525892821249 -141.2679864275887
 Davidson iteration 1.0 (tol=0.0003757863214306286): -143.6466140015398
 Davidson iteration 1.1 (tol=0.0001714039381083905): -143.6466140514161 -141.7443553682187
 Davidson iteration 1.2 (tol=9.475227318728538e-05): -143.6466140690277 -142.9501748540245 -140.337188536941
 Davidson iteration 1.3 (tol=4.332357935876254e-05): -143.6466140729783 -143.2276688747887 -141.0443932919542 -139.986883469409
 Davidson iteration 1.4 (tol=1.875513563940751e-05): -143.6466140738472 -143.3218441723145 -141.6333306033366 -140.894210176246
 Davidson iteration 1.5 (tol=7.224406107170902e-06): -143.646614074006 -143.3522826264897 -142.4597647415046 -140.9945947165929
 Elapsed time for davidson 61.254504 (sec) 
 Elapsed time for diagonalization 61.254849 (sec) 
 Elapsed time for mult 1.581051 (sec) 
 Energy = -143.6466140740066
 Elapsed time for measurement 0.119323 (sec) 
 Sample-based diagonalization: Energy = -143.6466140740066
 Sample-based diagonalization: density = [1.999970973028676,1.993393309133596,1.99295775241317,1.98833859565688,1.985556509431166,1.986594860364263,1.981973469075835,1.983563139841316,1.977915199388411,1.980555050132209,1.961606168154261,1.987052566925654,1.985205692643797,0.0521300050662598,0.01358628778334983,0.02187798694567043,0.0106816133054725,0.01679021478029576,0.01367671178218235,0.01742765768984304,0.01256518842742514,0.01346907322169605,0.009119124316912327,0.0139928500304418
 Sample-based diagonalization: carryover bitstrings = [], size = 0
