 Elapsed time for helper construction 0.9716319999999999 (sec) 
 Elapsed time for init 0.01552 (sec) 
 Elapsed time for makeQChamDiagTerms 10.448928 (sec) 
 Davidson iteration 0.0 (tol=0.5236069667554998): -163.7137705793425
 Davidson iteration 0.1 (tol=0.1468207726288997): -163.8446120925004 -162.0586353358108
 Davidson iteration 0.2 (tol=0.04104089752030602): -163.8545880937884 -162.4668584055615 -162.002001601802
 Davidson iteration 0.3 (tol=0.01049894504597386): -163.8553698236433 -162.4907393740935 -162.1474316340451 -161.9625044395905
 Davidson iteration 0.4 (tol=0.004188846361639315): -163.8554318981072 -162.9406012844334 -162.1507252530761 -162.1031643640437
 Davidson iteration 0.5 (tol=0.001369278700742445): -163.8554423897414 -163.1647826242273 -162.3227718660914 -162.1458759238054
 Davidson iteration 0.6 (tol=0.0005786403845692119): -163.8554436272618 -163.3753617350457 -162.5787704677954 -162.3227398621113
 Davidson iteration 0.7 (tol=0.0002852594955486783): -163.8554438576085 -163.4960122734215 -163.0740339535049 -162.3769254902667
 Davidson iteration 1.0 (tol=0.0002852594955492812): -163.8554438576087
 Davidson iteration 1.1 (tol=0.0001148849675802985): -163.855443897125 -162.4117317187256
 Davidson iteration 1.2 (tol=6.24262002556757e-05): -163.8554439094474 -163.4021363843424 -161.7102704077036
 Davidson iteration 1.3 (tol=2.255340393888552e-05): -163.8554439116827 -163.5591334390983 -161.9181756645532 -161.681406366107
 Davidson iteration 1.4 (tol=8.822995389874937e-06): -163.8554439119838 -163.5985643337664 -162.5240168949478 -161.7628450936702
 Elapsed time for davidson 33.635287 (sec) 
 Elapsed time for diagonalization 33.63554999999999 (sec) 
 Elapsed time for mult 0.6593 (sec) 
 Energy = -163.8554439119831
 Elapsed time for measurement 0.08328099999999999 (sec) 
 Sample-based diagonalization: Energy = -163.8554439119831
 Sample-based diagonalization: density = [1.999986137869673,1.994673827565679,1.994713308178296,1.99749163533113,1.993394851636408,1.99094701600985,1.996492459142604,1.992912473177806,1.983015019537901,1.982813971103617,1.980382660179668,1.997085408589489,1.982896653570519,1.944513943948376,0.09189372577867806,0.01150083107181595,0.003199006327721895,0.009909482198222457,0.003597411775686353,0.005184898749209494,0.00924743592063576,0.009860748862681384,0.0149555435977541,0.009331549646855366
 Sample-based diagonalization: carryover bitstrings = [], size = 0
