 Elapsed time for helper construction 0.298559 (sec) 
 Elapsed time for init 0.001882 (sec) 
 Elapsed time for makeQChamDiagTerms 0.708812 (sec) 
 Davidson iteration 0.0 (tol=0.6048930113173498): -111.7055416290647
 Davidson iteration 0.1 (tol=0.2709370783953605): -111.8583466068287 -109.7035209573086
 Davidson iteration 0.2 (tol=0.1233317300871692): -111.8793481925881 -110.1290834781621 -108.7015294380315
 Davidson iteration 0.3 (tol=0.04639170539528622): -111.8836147964808 -110.3464608144821 -108.93278347069 -108.2508664592721
 Davidson iteration 0.4 (tol=0.02010763592242113): -111.8841515485917 -110.5640352299213 -109.2836836725931 -108.5831044973229
 Davidson iteration 0.5 (tol=0.008167296647379314): -111.8842592864193 -110.8402916818756 -109.6370181757887 -108.6741800301131
 Davidson iteration 0.6 (tol=0.003919902779188631): -111.8842785311882 -111.0448695302329 -109.8956340976693 -108.7729735516419
 Davidson iteration 0.7 (tol=0.001686857013168927): -111.8842828293271 -111.1920267508738 -110.1694378390818 -109.1728149720676
 Davidson iteration 1.0 (tol=0.001686857013167754): -111.8842828293268
 Davidson iteration 1.1 (tol=0.0007966363181706445): -111.8842835121196 -108.9504804008675
 Davidson iteration 1.2 (tol=0.0004382889108294476): -111.8842837363693 -110.6905571652545 -107.6079548548131
 Davidson iteration 1.3 (tol=0.0002124808936533334): -111.8842837933082 -111.1951660992314 -108.2001452073062 -106.7853385637456
 Davidson iteration 1.4 (tol=9.052164862975375e-05): -111.8842838044843 -111.3260633376314 -108.2020295758758 -108.0431719914182
 Davidson iteration 1.5 (tol=3.57877773778659e-05): -111.8842838067305 -111.4055818345807 -109.3757654366599 -108.2007065548579
 Davidson iteration 1.6 (tol=1.539095110991703e-05): -111.8842838070871 -111.4383445948017 -110.0972308643672 -108.6256163302557
 Davidson iteration 1.7 (tol=5.502805596994883e-06): -111.8842838071544 -111.4524249487922 -110.5314337546474 -108.7433557888582
 Elapsed time for davidson 7.646731 (sec) 
 Elapsed time for diagonalization 7.646789999999999 (sec) 
 Elapsed time for mult 0.253349 (sec) 
 Energy = -111.8842838071547
 Elapsed time for measurement 0.010578 (sec) 
 Sample-based diagonalization: Energy = -111.8842838071547
 Sample-based diagonalization: density = [1.999987115472106,1.990118263676146,1.98715215828508,1.98027879922849,1.97775885646042,1.976838187035619,1.962555393786347,1.984078084069677,1.926306310443123,0.1084574628469301,0.02034877446203611,0.02469514126172394,0.0210113347673091,0.02230771506442376,0.01810640311599337
 Sample-based diagonalization: carryover bitstrings = [], size = 0
