"PluginInterface" error: Failure to initialize device 0: Error in cuDevicePrimaryCtxRetain: out of memory
"PluginInterface" error: Failure to initialize device 0: Error in cuDevicePrimaryCtxRetain: out of memory
"PluginInterface" error: Failure to initialize device 1: Error in cuDevicePrimaryCtxRetain: out of memory
"PluginInterface" error: Failure to initialize device 1: Error in cuDevicePrimaryCtxRetain: out of memory
"PluginInterface" error: Failure to initialize device 2: Error in cuDevicePrimaryCtxRetain: out of memory
"PluginInterface" error: Failure to initialize device 2: Error in cuDevicePrimaryCtxRetain: out of memory
"PluginInterface" error: Failure to initialize device 3: Error in cuDevicePrimaryCtxRetain: out of memory
"PluginInterface" error: Failure to initialize device 3: Error in cuDevicePrimaryCtxRetain: out of memory
 Elapsed time for helper construction 0.499748 (sec) 
 Elapsed time for init 0.008 (sec) 
 Elapsed time for makeQChamDiagTerms 0.160041 (sec) 
 Davidson iteration 0.0 (tol=0.6823000337273887): -181.2976467446377
 Davidson iteration 0.1 (tol=0.3272543276590574): -181.5182543965545 -179.6780209877272
 Davidson iteration 0.2 (tol=0.1179052567148815): -181.5599899218164 -179.9549862776131 -178.9379177820238
 Davidson iteration 0.3 (tol=0.03755978150573681): -181.5646509675144 -180.2043858647995 -178.9631188380976 -178.6549811649181
 Davidson iteration 0.4 (tol=0.01570081080408847): -181.5651175456459 -180.3634437644903 -179.257516274317 -178.9178900713
 Davidson iteration 0.5 (tol=0.006335149898038323): -181.5652071530744 -180.5339441733704 -179.6422542066329 -178.9436958653824
 Davidson iteration 0.6 (tol=0.002571071665645877): -181.5652212677599 -180.7064018865398 -179.8419665456015 -179.1655248994364
 Davidson iteration 0.7 (tol=0.0009708633197140884): -181.5652233182829 -180.812453484908 -179.9715390957803 -179.4109872791894
 Davidson iteration 0.8 (tol=0.0003383595550178018): -181.5652235963172 -180.8505547508299 -180.0588291097753 -179.513104888997
 Davidson iteration 0.9 (tol=0.0001257485362390975): -181.5652236325349 -180.8656823972759 -180.1520281631329 -179.6584352880619
 Davidson iteration 0.10 (tol=4.884757714366834e-05): -181.5652236375952 -180.873415657367 -180.2442392839488 -179.8327433790163
 Davidson iteration 0.11 (tol=1.856111546042931e-05): -181.5652236384146 -180.8878390368986 -180.3950685073788 -179.9755329307658
 Davidson iteration 0.12 (tol=7.063864450238078e-06): -181.5652236385224 -180.9008578018438 -180.5335389633416 -180.0463860455903
 Davidson iteration 0.13 (tol=2.761771338024166e-06): -181.565223638538 -180.9027209706737 -180.6044047335624 -180.0863292958513
 Davidson iteration 0.14 (tol=1.063393240189308e-06): -181.5652236385405 -180.9066389977406 -180.7194102096342 -180.1585236218903
 Davidson iteration 0.15 (tol=4.04841085098106e-07): -181.5652236385407 -180.9104987531022 -180.7863556048243 -180.2291976197384
 Davidson iteration 0.16 (tol=1.569260628440236e-07): -181.565223638541 -180.9140871002047 -180.8319039449814 -180.3001458042827
 Davidson iteration 0.17 (tol=6.031949103760831e-08): -181.5652236385407 -180.9263931581546 -180.873346738659 -180.3680996272222
 Davidson iteration 0.18 (tol=2.221487568697297e-08): -181.565223638541 -180.9375234321823 -180.8868763367185 -180.4088054389492
 Davidson iteration 0.19 (tol=8.541925088009703e-09): -181.5652236385409 -180.9650736457798 -180.8938414621798 -180.4701386041137
 Elapsed time for davidson 45.421326 (sec) 
 Elapsed time for diagonalization 45.421653 (sec) 
 Elapsed time for mult 0.826013 (sec) 
 Energy = -181.5652236385402
 Elapsed time for measurement 0.017699 (sec) 
 Sample-based diagonalization: Energy = -181.5652236385402
 Sample-based diagonalization: density = [1.999970530210481,1.99997250289475,1.999973892672564,1.981872228142903,1.979376920231645,1.973626596753076,1.97133023310783,1.968546048484483,1.966147096459082,1.966073074141015,1.965513807668998,1.853899552991532,0.1474779998468291,0.03066990417070816,0.0334946874803796,0.03066566652050341,0.02771888645337905,0.02888538198266198,0.02994741376071218,0.02246185294046785,0.02237572306443545
 Sample-based diagonalization: carryover bitstrings = [], size = 0
