 Elapsed time for helper construction 0.511899 (sec) 
 Elapsed time for init 0.004623 (sec) 
 Elapsed time for makeQChamDiagTerms 2.424957 (sec) 
 Davidson iteration 0.0 (tol=0.5622928412753742): -148.2816754259665
 Davidson iteration 0.1 (tol=0.2296182202619672): -148.4160048167567 -146.3863564815661
 Davidson iteration 0.2 (tol=0.09468762783678135): -148.432787662362 -146.8091559686707 -145.793700173101
 Davidson iteration 0.3 (tol=0.03240348430782038): -148.4357957117824 -146.9672852736117 -145.9144602993296 -145.7388230727059
 Davidson iteration 0.4 (tol=0.0130086916350847): -148.4361302867364 -147.20067280942 -146.1378544613302 -145.7834716923542
 Davidson iteration 0.5 (tol=0.004775178126692399): -148.4361936943519 -147.5235509378176 -146.2901921452298 -146.0601197134294
 Davidson iteration 0.6 (tol=0.001946950924886121): -148.4362011024081 -147.6503419905523 -146.4636841191112 -146.0818259393941
 Davidson iteration 0.7 (tol=0.0007374184855881709): -148.4362022397375 -147.7089039442353 -146.7384737148347 -146.2153574647246
 Davidson iteration 1.0 (tol=0.0007374184855884929): -148.4362022397381
 Davidson iteration 1.1 (tol=0.0003464305666274139): -148.4362024060719 -146.4376496093065
 Davidson iteration 1.2 (tol=0.0001661600968243946): -148.4362024571779 -147.3249138236486 -145.2476203562324
 Davidson iteration 1.3 (tol=6.779004263936944e-05): -148.4362024676969 -147.7603903999207 -145.7589805614491 -145.0945640110275
 Davidson iteration 1.4 (tol=3.178659849460884e-05): -148.4362024694161 -147.9365774925603 -146.281076857298 -145.7559825557646
 Davidson iteration 1.5 (tol=1.560724988075786e-05): -148.4362024698297 -148.0517025731426 -146.9958022591906 -145.9082874406887
 Davidson iteration 1.6 (tol=7.839105352965954e-06): -148.4362024699368 -148.1382413092216 -147.486686719343 -146.1789537213263
 Elapsed time for davidson 16.729813 (sec) 
 Elapsed time for diagonalization 16.729967 (sec) 
 Elapsed time for mult 0.481996 (sec) 
 Energy = -148.4362024699346
 Elapsed time for measurement 0.028893 (sec) 
 Sample-based diagonalization: Energy = -148.4362024699346
 Sample-based diagonalization: density = [1.999996979721083,1.996490612485751,1.99251812150088,1.994560932727654,1.989170784989669,1.987004810223975,1.990411704318851,1.974606736328976,1.974510252551007,1.986454014216813,1.92648088429544,0.1049299288036245,0.01031071009812656,0.008709985793613949,0.01387742727327058,0.01329145585709639,0.01640774611840582,0.02026691255455938
 Sample-based diagonalization: carryover bitstrings = [], size = 0
