"PluginInterface" error: Failure to initialize device 0: Error in cuDevicePrimaryCtxRetain: out of memory
"PluginInterface" error: Failure to initialize device 0: Error in cuDevicePrimaryCtxRetain: out of memory
"PluginInterface" error: Failure to initialize device 1: Error in cuDevicePrimaryCtxRetain: out of memory
"PluginInterface" error: Failure to initialize device 1: Error in cuDevicePrimaryCtxRetain: out of memory
"PluginInterface" error: Failure to initialize device 2: Error in cuDevicePrimaryCtxRetain: out of memory
"PluginInterface" error: Failure to initialize device 2: Error in cuDevicePrimaryCtxRetain: out of memory
"PluginInterface" error: Failure to initialize device 3: Error in cuDevicePrimaryCtxRetain: out of memory
"PluginInterface" error: Failure to initialize device 3: Error in cuDevicePrimaryCtxRetain: out of memory
 Elapsed time for helper construction 0.9130039999999999 (sec) 
 Elapsed time for init 0.015455 (sec) 
 Elapsed time for makeQChamDiagTerms 0.457078 (sec) 
 Davidson iteration 0.0 (tol=0.7532095571192254): -304.3710965823321
 Davidson iteration 0.1 (tol=0.3584702251783341): -304.6107455808561 -302.4562082238753
 Davidson iteration 0.2 (tol=0.1709777429168294): -304.6497292327003 -302.7973128592022 -301.5385902374744
 Davidson iteration 0.3 (tol=0.06277522723063136): -304.6574922513589 -302.9476319335922 -301.7520670477884 -301.1768442279814
 Davidson iteration 0.4 (tol=0.02385129166905876): -304.6586231885883 -303.1668792523413 -301.860766296395 -301.5342043249346
 Davidson iteration 0.5 (tol=0.01005438662206578): -304.6587796775951 -303.3912999322815 -302.3797420155057 -301.710083725594
 Davidson iteration 0.6 (tol=0.003881136473391334): -304.6588116616659 -303.5562533880391 -302.6422715787715 -301.8691124543804
 Davidson iteration 0.7 (tol=0.001701037002736988): -304.6588160342533 -303.7010288257841 -302.7752054755485 -302.0457839836907
 Davidson iteration 0.8 (tol=0.0006642700616487378): -304.6588168211549 -303.819771901831 -302.943340845895 -302.491424993317
 Davidson iteration 0.9 (tol=0.0002561317294350938): -304.6588169581877 -303.8758900646236 -303.0903801496515 -302.5536485030477
 Davidson iteration 0.10 (tol=0.0001104327765584319): -304.6588169791391 -303.9311457372515 -303.3041426004524 -302.7047216231918
 Davidson iteration 0.11 (tol=4.849333559837366e-05): -304.6588169826713 -303.9717799437183 -303.4675862700979 -302.8320843447158
 Davidson iteration 0.12 (tol=1.940962999154562e-05): -304.6588169832794 -303.9987358331114 -303.5602978247002 -302.9178492308513
 Davidson iteration 0.13 (tol=7.944209080898427e-06): -304.6588169833911 -304.0423401497674 -303.6537731409915 -303.0266557331746
 Davidson iteration 0.14 (tol=3.617969177137622e-06): -304.6588169834118 -304.0765645493852 -303.7405843053709 -303.1750882385812
 Davidson iteration 0.15 (tol=1.668710912499499e-06): -304.6588169834154 -304.094797434451 -303.8045470724171 -303.3107945400029
 Davidson iteration 0.16 (tol=6.814301842043521e-07): -304.6588169834166 -304.1195834441599 -303.8478373306463 -303.4255271985655
 Davidson iteration 0.17 (tol=3.04360726675141e-07): -304.6588169834162 -304.140812024597 -303.8772042125896 -303.563876379983
 Davidson iteration 0.18 (tol=1.372050534786738e-07): -304.6588169834162 -304.1512332016461 -303.9030919911804 -303.6744822215689
 Davidson iteration 0.19 (tol=5.381706868134774e-08): -304.658816983416 -304.1589106411686 -303.9211634212427 -303.7316389246148
 Davidson iteration 1.0 (tol=5.381706776105443e-08): -304.6588169833934
 Davidson iteration 1.1 (tol=2.445620768852753e-08): -304.6588169833934 -300.9026762700423
 Davidson iteration 1.2 (tol=1.109872778022735e-08): -304.6588169833934 -302.8774671402107 -299.0739904559882
 Davidson iteration 1.3 (tol=4.481988042169983e-09): -304.6588169833934 -303.4757132915132 -300.6100876600499 -298.6173988630889
 Elapsed time for davidson 117.312517 (sec) 
 Elapsed time for diagonalization 117.313036 (sec) 
 Elapsed time for mult 1.667234 (sec) 
 Energy = -304.6588169833903
 Elapsed time for measurement 0.072185 (sec) 
 Sample-based diagonalization: Energy = -304.6588169833903
 Sample-based diagonalization: density = [1.999997073580175,1.999973316333877,1.999968961697575,1.999968924865223,1.992128817685237,1.98601423961964,1.98498949957166,1.9793652255691,1.979556266763021,1.970788759525238,1.977888684911018,1.975976124941798,1.975961367853355,1.973664545889821,1.88517007013574,1.97982301095969,0.1231698435783111,0.03208415410586433,0.02577608689860639,0.02742126768432311,0.02178487872625756,0.01967103084786614,0.02298524573797501,0.01950523175789334,0.02347321359415256,0.02289415684111653
 Sample-based diagonalization: carryover bitstrings = [], size = 0
