 Elapsed time for helper construction 1.303546 (sec) 
 Elapsed time for init 0.053333 (sec) 
 Elapsed time for makeQChamDiagTerms 18.874145 (sec) 
 Davidson iteration 0.0 (tol=0.6774037234363839): -148.7100046488245
 Davidson iteration 0.1 (tol=0.1517794756766779): -148.9482057009074 -147.2549976475126
 Davidson iteration 0.2 (tol=0.03473176342581675): -148.9593215239432 -147.278363414992 -147.2242870713685
 Davidson iteration 0.3 (tol=0.01034290991505628): -148.9599384943661 -147.5625274272791 -147.2252816109607 -146.9387948475508
 Davidson iteration 0.4 (tol=0.003276477551505383): -148.9600020250968 -147.9845137490658 -147.2260226323268 -146.9513804148918
 Davidson iteration 0.5 (tol=0.0009161511661508579): -148.9600080409331 -148.2350955971908 -147.2261725766046 -147.0210831001907
 Davidson iteration 0.6 (tol=0.0002948580051186453): -148.9600084817345 -148.3127230769579 -147.4113216975048 -147.2144600012262
 Davidson iteration 0.7 (tol=0.0001058592259155059): -148.9600085338821 -148.3633559054025 -147.8497633433917 -147.2209471483453
 Davidson iteration 1.0 (tol=0.0001058592259294608): -148.9600085338817
 Davidson iteration 1.1 (tol=4.863291469083315e-05): -148.9600085406635 -147.7667412356267
 Davidson iteration 1.2 (tol=2.57584192034274e-05): -148.9600085428544 -148.4401115561683 -146.9158314745769
 Davidson iteration 1.3 (tol=8.343807904718753e-06): -148.9600085432239 -148.5909673245978 -146.9206396380056 -146.9001918083963
 Elapsed time for davidson 57.489002 (sec) 
 Elapsed time for diagonalization 57.48920099999999 (sec) 
 Elapsed time for mult 1.29178 (sec) 
 Energy = -148.9600085432233
 Elapsed time for measurement 0.140637 (sec) 
 Sample-based diagonalization: Energy = -148.9600085432233
 Sample-based diagonalization: density = [1.999982276361034,1.993009023448158,1.991614890405929,1.9889661894824,1.992292970355643,1.987946238423052,1.985959758534948,1.98996019064611,1.984416765726613,1.974940120759271,1.977747000182664,1.952828818477634,1.939552491244211,1.936715511855393,0.07177209323087025,0.06091874872835428,0.04032788003427893,0.03330763960575954,0.01040397514446503,0.01152172823580144,0.01196085134594062,0.001038972668370395,0.01406724023229411,0.01140750025613732,0.01073712550541647,0.008457055402434265,0.01072352725477564,0.007423416183602973
 Sample-based diagonalization: carryover bitstrings = [], size = 0
