 Elapsed time for helper construction 1.055497 (sec) 
 Elapsed time for init 0.043532 (sec) 
 Elapsed time for makeQChamDiagTerms 17.963128 (sec) 
 Davidson iteration 0.0 (tol=0.517041635275447): -191.6892948561034
 Davidson iteration 0.1 (tol=0.09802742247648727): -191.8292961795967 -190.2842729181689
 Davidson iteration 0.2 (tol=0.02089379151778786): -191.8346631016308 -190.4545525194698 -190.2815084250282
 Davidson iteration 0.3 (tol=0.005042989075237022): -191.8349111898372 -190.6485335514599 -190.3977369578186 -190.0989674850549
 Davidson iteration 0.4 (tol=0.001442191466700388): -191.8349263147647 -190.9486903816658 -190.3980103672769 -190.2377688181065
 Davidson iteration 0.5 (tol=0.0003809718426653441): -191.8349274602047 -191.1191795964575 -190.3989625505199 -190.2899833466093
 Davidson iteration 0.6 (tol=0.0001062135394451417): -191.8349275385751 -191.2219142619493 -190.5303461044089 -190.3695087451519
 Davidson iteration 0.7 (tol=3.505959676440644e-05): -191.8349275455653 -191.3084314407336 -190.7970170880814 -190.4402272648271
 Davidson iteration 1.0 (tol=3.505959676248954e-05): -191.8349275455642
 Davidson iteration 1.1 (tol=1.371511192841777e-05): -191.8349275463633 -190.8649218495551
 Davidson iteration 1.2 (tol=5.546503924013811e-06): -191.8349275465421 -191.352073743753 -190.2811245300864
 Elapsed time for davidson 48.063659 (sec) 
 Elapsed time for diagonalization 48.065674 (sec) 
 Elapsed time for mult 0.919318 (sec) 
 Energy = -191.8349275465423
 Elapsed time for measurement 0.136185 (sec) 
 Sample-based diagonalization: Energy = -191.8349275465423
 Sample-based diagonalization: density = [1.999988134149875,1.996079682493161,1.996917371415894,1.996834251624187,1.994266960128541,1.995831691684889,1.991691670582521,1.990583654516233,1.990236768566495,1.994406589078854,1.990988537238431,1.995097905888795,1.989374012054431,1.987016257859745,1.935033221275821,1.965358291136681,0.06518164043514628,0.03758914414669933,0.0231645331919889,0.01025179171763584,0.006085544261808589,0.007142157804026518,0.006527347868190658,0.005813589524240164,0.007544591095691162,0.005961287360440036,0.00364538989399735,0.006536486489367757,0.004851496346484319
 Sample-based diagonalization: carryover bitstrings = [], size = 0
