 Elapsed time for helper construction 0.463058 (sec) 
 Elapsed time for init 0.009422 (sec) 
 Elapsed time for makeQChamDiagTerms 0.8591059999999999 (sec) 
 Davidson iteration 0.0 (tol=0.6144173733680378): -92.11000368715126
 Davidson iteration 0.1 (tol=0.2735882951742102): -92.27941376062631 -90.25784208107432
 Davidson iteration 0.2 (tol=0.1259025475064877): -92.30216960588595 -90.60581037024667 -89.173560577365
 Davidson iteration 0.3 (tol=0.04876171414515069): -92.30637513398652 -90.72456657059395 -89.47030980463046 -88.7952813920072
 Davidson iteration 0.4 (tol=0.01848244941869825): -92.30698093868754 -90.86465030587819 -89.70749087917055 -88.90389245424967
 Davidson iteration 0.5 (tol=0.007010494280674819): -92.30705888624296 -90.98585688514216 -89.93235199887665 -89.36156611823563
 Davidson iteration 0.6 (tol=0.002846270255838709): -92.30707170581404 -91.08260263050489 -90.16944166611707 -89.36578390512858
 Davidson iteration 0.7 (tol=0.001068261983548115): -92.30707355103334 -91.16210349569695 -90.35107362251209 -89.49580273035477
 Davidson iteration 1.0 (tol=0.001068261983547576): -92.30707355103215
 Davidson iteration 1.1 (tol=0.0004876258719127474): -92.30707381376592 -89.35969382400107
 Davidson iteration 1.2 (tol=0.0002086468687579808): -92.3070738852184 -90.57304746872929 -87.7154401440838
 Davidson iteration 1.3 (tol=9.47068407338184e-05): -92.30707389784511 -91.08952527039955 -89.08545203770727 -86.99160439698866
 Davidson iteration 1.4 (tol=3.695744104653927e-05): -92.30707390001608 -91.33270347217797 -89.12178023210352 -88.28523030524175
 Davidson iteration 1.5 (tol=1.375400791344388e-05): -92.30707390037449 -91.44394197619843 -89.46293754800733 -89.03220095488159
 Davidson iteration 1.6 (tol=5.719383497919504e-06): -92.30707390042605 -91.47719575345825 -90.37583346936449 -89.44206183866602
 Elapsed time for davidson 19.327035 (sec) 
 Elapsed time for diagonalization 19.327143 (sec) 
 Elapsed time for mult 0.736941 (sec) 
 Energy = -92.30707390042627
 Elapsed time for measurement 0.029121 (sec) 
 Sample-based diagonalization: Energy = -92.30707390042627
 Sample-based diagonalization: density = [1.999966173542305,1.987403147748795,1.984684392339935,1.97914061620476,1.978724541722339,1.970389299204509,1.975494351579128,1.897483853626983,1.982284745771916,0.1082264011178529,0.02494698912071672,0.02680114562096825,0.02362726542342614,0.02058557489536386,0.02070265527842633,0.01953884675887872
 Sample-based diagonalization: carryover bitstrings = [], size = 0
