 Elapsed time for helper construction 0.533428 (sec) 
 Elapsed time for init 0.011851 (sec) 
 Elapsed time for makeQChamDiagTerms 2.104142 (sec) 
 Davidson iteration 0.0 (tol=0.5356864082840874): -150.0291088598675
 Davidson iteration 0.1 (tol=0.2230887055824244): -150.151459504636 -148.0907892324285
 Davidson iteration 0.2 (tol=0.0946400241619184): -150.1666568378195 -148.5113250122055 -147.2829529776478
 Davidson iteration 0.3 (tol=0.03409340862965365): -150.1695027279841 -148.7099443238746 -147.5895300728092 -147.0603535792718
 Davidson iteration 0.4 (tol=0.01268178482536474): -150.1698309261469 -148.8946804618741 -147.8590528870871 -147.335244290407
 Davidson iteration 0.5 (tol=0.004452620680325546): -150.1698877266511 -149.180072379469 -148.0485884055769 -147.6653255073462
 Davidson iteration 0.6 (tol=0.001958527978413377): -150.1698932896799 -149.279221715534 -148.1827077092358 -147.666314938864
 Davidson iteration 0.7 (tol=0.0006909552210610892): -150.169894334 -149.3449577838592 -148.4295456774011 -147.8524367739148
 Davidson iteration 1.0 (tol=0.0006909552210561665): -150.1698943340006
 Davidson iteration 1.1 (tol=0.0003258799872291755): -150.1698944715743 -147.9938712277344
 Davidson iteration 1.2 (tol=0.0001550653800663643): -150.1698945099905 -148.9083628374871 -146.529096939955
 Davidson iteration 1.3 (tol=5.741098407138029e-05): -150.1698945179579 -149.3012083423136 -147.2424472078446 -146.0773462925891
 Davidson iteration 1.4 (tol=2.237041752738851e-05): -150.1698945189293 -149.4766803532576 -147.6013782568664 -147.0534689758695
 Davidson iteration 1.5 (tol=8.293600731752356e-06): -150.1698945190946 -149.5503226609517 -147.9330992746585 -147.3979345508354
 Elapsed time for davidson 17.161378 (sec) 
 Elapsed time for diagonalization 17.16151 (sec) 
 Elapsed time for mult 0.6439739999999999 (sec) 
 Energy = -150.1698945190939
 Elapsed time for measurement 0.025821 (sec) 
 Sample-based diagonalization: Energy = -150.1698945190939
 Sample-based diagonalization: density = [1.9999968205756,1.997928197917407,1.992716466113186,1.992972420981393,1.991947473676107,1.986993605394317,1.991401389078318,1.975533542877455,1.978963267196386,1.98434253997209,1.936220236565959,0.09736120348841737,0.01317287135337602,0.009140457507353619,0.01133193422711088,0.0225224126763408,0.01745516025879736
 Sample-based diagonalization: carryover bitstrings = [], size = 0
