 Elapsed time for helper construction 1.402545 (sec) 
 Elapsed time for init 0.021814 (sec) 
 Elapsed time for makeQChamDiagTerms 15.038748 (sec) 
 Davidson iteration 0.0 (tol=0.653531142977627): -163.5705427470259
 Davidson iteration 0.1 (tol=0.2026372301145917): -163.760149846377 -161.6648151608156
 Davidson iteration 0.2 (tol=0.06768437852574731): -163.7750172362983 -161.973273044084 -161.363430696681
 Davidson iteration 0.3 (tol=0.01871774670323131): -163.7767439462802 -162.132300545297 -161.3728319597758 -161.3536333505766
 Davidson iteration 0.4 (tol=0.007330343163243792): -163.7768888261506 -162.5213295900123 -161.5254191274335 -161.3596414530108
 Davidson iteration 0.5 (tol=0.002700508677107221): -163.776912620233 -162.907377953586 -161.6765367515862 -161.4529740406772
 Davidson iteration 0.6 (tol=0.0009183739344683002): -163.7769155586737 -163.0411914650735 -161.8165238817741 -161.5130332468632
 Davidson iteration 0.7 (tol=0.0003405005645579407): -163.7769159182836 -163.1092170229996 -162.3419998787894 -161.6581094269303
 Davidson iteration 1.0 (tol=0.0003405005645457747): -163.7769159182848
 Davidson iteration 1.1 (tol=0.0001278941552219456): -163.7769159606064 -161.7771487939214
 Davidson iteration 1.2 (tol=6.003897039482393e-05): -163.7769159710776 -162.871402856707 -161.6420076233024
 Davidson iteration 1.3 (tol=2.10864903892908e-05): -163.7769159725428 -163.0892866359409 -161.66680600216 -161.1356755520221
 Davidson iteration 1.4 (tol=8.746400918727849e-06): -163.7769159727363 -163.2392408146407 -161.7962831512455 -161.44076204384
 Elapsed time for davidson 53.469249 (sec) 
 Elapsed time for diagonalization 53.469376 (sec) 
 Elapsed time for mult 1.287152 (sec) 
 Energy = -163.7769159727354
 Elapsed time for measurement 0.119031 (sec) 
 Sample-based diagonalization: Energy = -163.7769159727354
 Sample-based diagonalization: density = [1.999975650812125,1.993762232565492,1.99289166329814,1.992840599409471,1.987393686343436,1.985306992833548,1.985041174959359,1.987503777882267,1.980790638153931,1.983750477427152,1.970582955105943,1.993007807302241,1.986903561864763,1.941993280398179,0.08919561447211459,0.01610899857273802,0.01855214692589388,0.01132988626136858,0.005425715123285836,0.01820894166785906,0.01182037428623227,0.01538311920371353,0.0159051064195713,0.01632559829312651
 Sample-based diagonalization: carryover bitstrings = [], size = 0
