 Elapsed time for helper construction 1.409101 (sec) 
 Elapsed time for init 0.049918 (sec) 
 Elapsed time for makeQChamDiagTerms 12.29555 (sec) 
 Davidson iteration 0.0 (tol=0.6726744946503574): -144.5112501762399
 Davidson iteration 0.1 (tol=0.2457051867931265): -144.7034025525767 -142.423609203812
 Davidson iteration 0.2 (tol=0.09560605636579475): -144.7221889879175 -142.8049454709324 -141.7167270754805
 Davidson iteration 0.3 (tol=0.02837810960303892): -144.7251727770719 -143.0682582055129 -141.859374778433 -141.5090314484249
 Davidson iteration 0.4 (tol=0.01146376067031268): -144.7254748994297 -143.4505089451604 -142.223264420628 -141.6987570935013
 Davidson iteration 0.5 (tol=0.004432914752606215): -144.7255247600964 -143.8317242182046 -142.5544443499915 -141.8304782402686
 Davidson iteration 0.6 (tol=0.001789883554504534): -144.7255318171851 -143.9716047538215 -142.7679498976831 -141.9406389288292
 Davidson iteration 0.7 (tol=0.000791620489971559): -144.7255331265243 -144.0710530997632 -143.1767798440314 -142.397827869135
 Davidson iteration 1.0 (tol=0.0007916204899746177): -144.7255331265251
 Davidson iteration 1.1 (tol=0.0003393711851228489): -144.7255333424633 -142.5083550904876
 Davidson iteration 1.2 (tol=0.0001935892130869127): -144.7255334108702 -143.7978641319344 -142.2228326132594
 Davidson iteration 1.3 (tol=7.717779495248917e-05): -144.7255334244794 -144.0479852298237 -142.2538072876674 -141.5398775214663
 Davidson iteration 1.4 (tol=3.066819655254963e-05): -144.7255334266328 -144.170393182779 -142.402357044075 -142.1011337746538
 Davidson iteration 1.5 (tol=1.24566893023713e-05): -144.7255334270186 -144.2442090105511 -143.2331054336163 -142.191903132963
 Davidson iteration 1.6 (tol=4.791254382941597e-06): -144.7255334270708 -144.277532760124 -143.5281657090694 -142.262416969581
 Elapsed time for davidson 73.05259699999999 (sec) 
 Elapsed time for diagonalization 73.05273699999999 (sec) 
 Elapsed time for mult 2.191924 (sec) 
 Energy = -144.7255334270687
 Elapsed time for measurement 0.11819 (sec) 
 Sample-based diagonalization: Energy = -144.7255334270687
 Sample-based diagonalization: density = [1.999989751485526,1.991190991286474,1.99068817785796,1.988140088603738,1.983475202359397,1.981863358057337,1.983871803133312,1.980705032089544,1.974091446687654,1.962885794794851,1.986838735648057,1.950351795072372,0.08812267111678,0.01925581230721988,0.01534055889478334,0.009900322956729563,0.01700921651695028,0.01620979601322968,0.01616390387571981,0.01174437442243314,0.01747303179409147,0.01468813460834069
 Sample-based diagonalization: carryover bitstrings = [], size = 0
