 Elapsed time for helper construction 1.153611 (sec) 
 Elapsed time for init 0.035615 (sec) 
 Elapsed time for makeQChamDiagTerms 12.06455 (sec) 
 Davidson iteration 0.0 (tol=0.6483756346287995): -163.3776751082331
 Davidson iteration 0.1 (tol=0.1796926014412644): -163.5666335366132 -161.4537380594131
 Davidson iteration 0.2 (tol=0.05344005636639772): -163.5790031145544 -161.7856242660791 -161.2485049391587
 Davidson iteration 0.3 (tol=0.01315820004262802): -163.5801130671511 -161.9374777135259 -161.2769900410487 -161.1606838951304
 Davidson iteration 0.4 (tol=0.004615172578437618): -163.5801879846365 -162.3248179247177 -161.2790373460006 -161.2654492061509
 Davidson iteration 0.5 (tol=0.001578405094099255): -163.5801970332847 -162.6203714131975 -161.448940533718 -161.2779237618402
 Davidson iteration 0.6 (tol=0.0005113842175004064): -163.5801980279271 -162.7477028693148 -161.574133192797 -161.3333678159889
 Davidson iteration 0.7 (tol=0.0001742100102508188): -163.5801981373722 -162.8127479279003 -161.8958564635131 -161.4248372683714
 Davidson iteration 1.0 (tol=0.0001742100102479594): -163.5801981373738
 Davidson iteration 1.1 (tol=7.145098589682581e-05): -163.580198149351 -161.6961681343458
 Davidson iteration 1.2 (tol=3.068869038290665e-05): -163.5801981523208 -162.5944548553185 -161.000628227946
 Davidson iteration 1.3 (tol=1.050287523470625e-05): -163.5801981527044 -162.8530809829111 -161.0437879487521 -160.9623216749497
 Davidson iteration 1.4 (tol=3.602184242868515e-06): -163.5801981527486 -162.9633577415036 -161.2716340601482 -161.0408609363003
 Elapsed time for davidson 48.703593 (sec) 
 Elapsed time for diagonalization 48.703836 (sec) 
 Elapsed time for mult 1.248024 (sec) 
 Energy = -163.5801981527469
 Elapsed time for measurement 0.09575099999999999 (sec) 
 Sample-based diagonalization: Energy = -163.5801981527469
 Sample-based diagonalization: density = [1.999989845378695,1.993071097663528,1.990397177206696,1.988945403212889,1.988317788614681,1.984233752778348,1.986606927979158,1.995217621429245,1.9840401093511,1.986688936521864,1.974191110934515,1.980425329072899,1.989100939923261,1.950849672199051,0.07929035046791899,0.0205029666828721,0.01457141324514984,0.01557234505009116,0.01254374655881395,0.01162173974787776,0.01529023938663966,0.007694250276976244,0.01622739676936288,0.01460983920385978
 Sample-based diagonalization: carryover bitstrings = [], size = 0
