 Elapsed time for helper construction 0.9112859999999999 (sec) 
 Elapsed time for init 0.013954 (sec) 
 Elapsed time for makeQChamDiagTerms 7.838425999999999 (sec) 
 Davidson iteration 0.0 (tol=0.6337009482732303): -125.1440357744038
 Davidson iteration 0.1 (tol=0.1377453864821326): -125.3307246184359 -123.0835489131293
 Davidson iteration 0.2 (tol=0.02414867268342988): -125.3373490966502 -123.3149384492837 -122.5145066246563
 Davidson iteration 0.3 (tol=0.005979734009496804): -125.3375563994482 -123.4210900334798 -122.9066512761342 -122.4376819392585
 Davidson iteration 0.4 (tol=0.001615927962681445): -125.3375702495074 -123.632163164231 -123.1195233436676 -122.6471127360236
 Davidson iteration 0.5 (tol=0.0003991545243377447): -125.3375711601126 -123.8358030927138 -123.233722331069 -122.6502684407831
 Davidson iteration 0.6 (tol=9.186362276525686e-05): -125.3375712119137 -123.926205161915 -123.3129424298811 -122.8206082011098
 Davidson iteration 0.7 (tol=2.201360433863159e-05): -125.3375712147153 -123.9560799686233 -123.3848124844633 -122.9552663752225
 Davidson iteration 1.0 (tol=2.201360433840688e-05): -125.3375712147152
 Davidson iteration 1.1 (tol=6.91604801994072e-06): -125.3375712148719 -122.6334627477872
 Elapsed time for davidson 28.52444 (sec) 
 Elapsed time for diagonalization 28.524821 (sec) 
 Elapsed time for mult 0.849474 (sec) 
 Energy = -125.3375712148721
 Elapsed time for measurement 0.073583 (sec) 
 Sample-based diagonalization: Energy = -125.3375712148721
 Sample-based diagonalization: density = [1.999972086625646,1.99064000928341,1.989624784118507,1.986107661915415,1.987410262692501,1.982980769029972,1.981869094226876,1.981380812096133,1.983313906751134,1.979949238743202,1.97830665885673,1.975794680173447,0.01822687110889324,0.01830248296899627,0.01788046666555577,0.01519482530205825,0.01892371344594585,0.01646835091814378,0.01509904578141108,0.01486489469144404,0.01561311168323076,0.01617076744644758,0.01590550522731431
 Sample-based diagonalization: carryover bitstrings = [], size = 0
