 Elapsed time for helper construction 0.266483 (sec) 
 Elapsed time for init 0.006124 (sec) 
 Elapsed time for makeQChamDiagTerms 0.9368109999999999 (sec) 
 Davidson iteration 0.0 (tol=0.514013864892979): -103.2282722327849
 Davidson iteration 0.1 (tol=0.1745223013824211): -103.3466522919478 -101.1037257575112
 Davidson iteration 0.2 (tol=0.05202554732954325): -103.3564684469187 -101.531601950629 -100.2078577201382
 Davidson iteration 0.3 (tol=0.01745514539745595): -103.3572127549182 -101.608668016275 -100.4392615872126 -100.1586643121672
 Davidson iteration 0.4 (tol=0.005473652582578501): -103.3572989304506 -101.7225084656729 -100.7652039874362 -100.309284881181
 Davidson iteration 0.5 (tol=0.0019367008678713): -103.3573077621742 -101.9195196113606 -101.2520972735003 -100.3778484540992
 Davidson iteration 0.6 (tol=0.0007072408390831677): -103.3573089686464 -102.1775915376254 -101.4824096187917 -100.6008241075802
 Davidson iteration 0.7 (tol=0.0002672922861546093): -103.3573091215165 -102.3887668993146 -101.5949834964188 -100.7045834276566
 Davidson iteration 1.0 (tol=0.0002672922861556562): -103.357309121516
 Davidson iteration 1.1 (tol=0.0001164133275884511): -103.3573091405629 -100.6302462266851
 Davidson iteration 1.2 (tol=4.980946917289591e-05): -103.3573091460329 -102.2085321206347 -98.91629051149671
 Davidson iteration 1.3 (tol=1.884198157290127e-05): -103.3573091468448 -102.5501315565578 -100.1359979042817 -98.60659788228514
 Davidson iteration 1.4 (tol=6.31230915647159e-06): -103.357309146947 -102.6789719296136 -100.1537619934533 -100.0471400051939
 Elapsed time for davidson 8.076136 (sec) 
 Elapsed time for diagonalization 8.076269999999999 (sec) 
 Elapsed time for mult 0.347148 (sec) 
 Energy = -103.3573091469471
 Elapsed time for measurement 0.022246 (sec) 
 Sample-based diagonalization: Energy = -103.3573091469471
 Sample-based diagonalization: density = [1.999988448821682,1.988337028293395,1.986897621301382,1.989865874323716,1.978574495281316,1.981037804195985,1.976435295853963,1.976402733306421,1.986997781910979,0.01990789530593942,0.02465347466066843,0.01980502874032685,0.02022004776206407,0.02055657483601131,0.02020399438089993,0.01011590098573933
 Sample-based diagonalization: carryover bitstrings = [], size = 0
