 Elapsed time for helper construction 0.943668 (sec) 
 Elapsed time for init 0.009112 (sec) 
 Elapsed time for makeQChamDiagTerms 7.53332 (sec) 
 Davidson iteration 0.0 (tol=0.5873124232963056): -155.1468907124488
 Davidson iteration 0.1 (tol=0.1900039104860205): -155.3048492606721 -153.336075631754
 Davidson iteration 0.2 (tol=0.06330742871146576): -155.3183068556095 -153.6170239535122 -152.9963229687337
 Davidson iteration 0.3 (tol=0.01995291007425057): -155.3198215387501 -153.8290775106653 -153.040871626777 -152.6775278530489
 Davidson iteration 0.4 (tol=0.007801743050115744): -155.3199795111774 -154.1815874060985 -153.0781746447134 -153.0407977850997
 Davidson iteration 0.5 (tol=0.002641488162035947): -155.3200074053169 -154.5401950001334 -153.2456227881131 -153.0590785734221
 Davidson iteration 0.6 (tol=0.001058063923381789): -155.3200106989894 -154.7228421958737 -153.7127689557168 -153.0667496541934
 Davidson iteration 0.7 (tol=0.0003906974489872268): -155.3200112038504 -154.7627334083975 -154.0380557521091 -153.4100016360166
 Davidson iteration 1.0 (tol=0.0003906974489862079): -155.3200112038516
 Davidson iteration 1.1 (tol=0.0001631620590576742): -155.3200112632601 -153.7357351497193
 Davidson iteration 1.2 (tol=6.987334482071074e-05): -155.3200112782941 -154.5211744547666 -153.1161360353553
 Davidson iteration 1.3 (tol=2.617896976542783e-05): -155.3200112806854 -154.8448675891041 -153.2602632294914 -152.7220159610428
 Davidson iteration 1.4 (tol=1.083012936182072e-05): -155.3200112809868 -154.9149978461162 -153.4255878926602 -153.1797095670838
 Davidson iteration 1.5 (tol=4.099428305858788e-06): -155.3200112810359 -154.9662799589272 -153.9461899270945 -153.3980000109639
 Elapsed time for davidson 30.12507 (sec) 
 Elapsed time for diagonalization 30.125196 (sec) 
 Elapsed time for mult 0.628946 (sec) 
 Energy = -155.3200112810352
 Elapsed time for measurement 0.068546 (sec) 
 Sample-based diagonalization: Energy = -155.3200112810352
 Sample-based diagonalization: density = [1.999992668905543,1.99205714533701,1.99321799256061,1.993503734517732,1.990509557275904,1.984524600800104,1.986008038693813,1.99127283466541,1.991572084417119,1.98764722754657,1.969020815912437,1.99027429681896,1.931803735060756,0.09778159484618718,0.0201225146856632,0.006999294301413135,0.008254382221308348,0.01269675443481304,0.01518528557199396,0.006104578836826007,0.01700621324205207,0.01444464909498517
 Sample-based diagonalization: carryover bitstrings = [], size = 0
