 Elapsed time for helper construction 0.89496 (sec) 
 Elapsed time for init 0.014329 (sec) 
 Elapsed time for makeQChamDiagTerms 7.175935 (sec) 
 Davidson iteration 0.0 (tol=0.5695656313228374): -131.9447776780074
 Davidson iteration 0.1 (tol=0.1257326346193089): -132.0960817942799 -129.9155630338608
 Davidson iteration 0.2 (tol=0.02934126546178159): -132.1017704940685 -130.2110216097131 -129.4768351659081
 Davidson iteration 0.3 (tol=0.007735003636590776): -132.1020658222967 -130.2859814159733 -129.6392072564747 -129.4002890210307
 Davidson iteration 0.4 (tol=0.002251534930292065): -132.1020890289427 -130.5675887732836 -129.9328678734079 -129.414686143233
 Davidson iteration 0.5 (tol=0.0006934280440904783): -132.1020910173527 -130.9549826316419 -130.0858928854666 -129.5684974262179
 Davidson iteration 0.6 (tol=0.0002079292374079878): -132.102091183811 -131.1061314282797 -130.1707756827713 -129.5845503104394
 Davidson iteration 0.7 (tol=6.109458282376418e-05): -132.1020911985483 -131.1912678766807 -130.2890767932107 -129.824689778197
 Davidson iteration 1.0 (tol=6.109458282451458e-05): -132.1020911985485
 Davidson iteration 1.1 (tol=2.270324427604094e-05): -132.1020911997878 -129.7242966726172
 Davidson iteration 1.2 (tol=7.847543217564792e-06): -132.1020912000068 -130.7705024210641 -128.5544992450259
 Elapsed time for davidson 26.987517 (sec) 
 Elapsed time for diagonalization 26.988108 (sec) 
 Elapsed time for mult 0.6965239999999999 (sec) 
 Energy = -132.1020912000068
 Elapsed time for measurement 0.074236 (sec) 
 Sample-based diagonalization: Energy = -132.1020912000068
 Sample-based diagonalization: density = [1.999971985923147,1.993244049040443,1.991716506944437,1.986516196412126,1.979725904584626,1.986940890391671,1.983085824671755,1.984562414164994,1.980461658257082,1.986170731530051,1.982233533856557,1.991331535356066,0.007184326344628145,0.02303861352116462,0.0171322383744078,0.0188783877713472,0.01909687454038177,0.01582043346258164,0.01859387061602067,0.01587544480689216,0.01841857914515059
 Sample-based diagonalization: carryover bitstrings = [], size = 0
