 Elapsed time for helper construction 1.736259 (sec) 
 Elapsed time for init 0.024588 (sec) 
 Elapsed time for makeQChamDiagTerms 14.620456 (sec) 
 Davidson iteration 0.0 (tol=0.6408929091019651): -123.7198909770749
 Davidson iteration 0.1 (tol=0.1802385422871654): -123.9066205140542 -121.609201066019
 Davidson iteration 0.2 (tol=0.03656187413885605): -123.9175767373121 -121.9477806999831 -120.8387705309235
 Davidson iteration 0.3 (tol=0.00953742458148444): -123.9180094533359 -122.0512180739709 -121.2442148309954 -120.775911230208
 Davidson iteration 0.4 (tol=0.00273186675377266): -123.9180413805271 -122.2095469360945 -121.5560954467412 -121.0140973255325
 Davidson iteration 0.5 (tol=0.0008032240978783261): -123.9180439044429 -122.3930806233731 -121.7939258453661 -121.0191613796817
 Davidson iteration 0.6 (tol=0.0002256318225390183): -123.9180441144552 -122.5182555249336 -121.9468306101915 -121.2703229730159
 Davidson iteration 0.7 (tol=6.326536801505083e-05): -123.9180441303344 -122.576174188565 -122.0449579790677 -121.4032183662586
 Davidson iteration 1.0 (tol=6.326536801509214e-05): -123.918044130334
 Davidson iteration 1.1 (tol=2.2139831570533e-05): -123.9180441314952 -120.944545270976
 Davidson iteration 1.2 (tol=6.996241119758707e-06): -123.9180441316755 -122.0480747986298 -120.0271720794235
 Elapsed time for davidson 64.17893099999999 (sec) 
 Elapsed time for diagonalization 64.17911699999999 (sec) 
 Elapsed time for mult 2.546341 (sec) 
 Energy = -123.9180441316766
 Elapsed time for measurement 0.134836 (sec) 
 Sample-based diagonalization: Energy = -123.9180441316766
 Sample-based diagonalization: density = [1.999971106362463,1.99009993375156,1.988691398774002,1.985507617392122,1.987175550696302,1.982619709892044,1.980602764625542,1.980164051956961,1.982411616152207,1.978717379262472,1.977487555011254,1.974675102872951,0.01032944451067818,0.02019770914664968,0.01270919499127325,0.01677180001270739,0.01717391096261803,0.017344528476497,0.0168797190930066,0.01660065654614537,0.01259194970127401,0.01687030477700969,0.01776922050825655,0.01663777414455071
 Sample-based diagonalization: carryover bitstrings = [], size = 0
