 Elapsed time for helper construction 1.064288 (sec) 
 Elapsed time for init 0.017063 (sec) 
 Elapsed time for makeQChamDiagTerms 15.832953 (sec) 
 Davidson iteration 0.0 (tol=0.5354490612019925): -199.6187264063085
 Davidson iteration 0.1 (tol=0.1033165772306698): -199.7635652971094 -197.9472367144898
 Davidson iteration 0.2 (tol=0.02651374188563482): -199.7692311062006 -198.4043791327264 -197.9041331219985
 Davidson iteration 0.3 (tol=0.005966140632906317): -199.7696009538249 -198.4459224862402 -198.1844723832151 -197.807957361426
 Davidson iteration 0.4 (tol=0.001829577441959546): -199.769622100179 -198.8755411044932 -198.188540137108 -197.9492631475533
 Davidson iteration 0.5 (tol=0.000519483493337825): -199.7696240181964 -198.9728022344349 -198.4783825719085 -198.0518281974594
 Davidson iteration 0.6 (tol=0.0001202802230613293): -199.7696241633202 -199.0571791175142 -198.522678813302 -198.2702504484309
 Davidson iteration 0.7 (tol=3.143085376954177e-05): -199.769624171254 -199.0916116132503 -198.5526037087071 -198.3893560941565
 Davidson iteration 1.0 (tol=3.143085377091207e-05): -199.7696241712553
 Davidson iteration 1.1 (tol=9.890432353699627e-06): -199.7696241717738 -198.4011419351215
 Elapsed time for davidson 36.759759 (sec) 
 Elapsed time for diagonalization 36.76351 (sec) 
 Elapsed time for mult 0.66021 (sec) 
 Energy = -199.7696241717722
 Elapsed time for measurement 0.112302 (sec) 
 Sample-based diagonalization: Energy = -199.7696241717722
 Sample-based diagonalization: density = [1.999994463605079,1.997695292662505,1.994291508051125,1.99676540524457,1.99444174576862,1.996760927903606,1.991011869256093,1.989598873132314,1.992441754323009,1.992305207461908,1.987823220047171,1.994942655771422,1.988770717805012,1.961454675552551,1.991708218234947,1.955887101221007,0.08836313718166838,0.01067088289148505,0.007504731157578534,0.00856639762570424,0.008882907232077948,0.008369201699308704,0.00562173545565692,0.006824178814484147,0.006073030819184068,0.004896531072552167,0.00668319131426251,0.01165043855510613
 Sample-based diagonalization: carryover bitstrings = [], size = 0
