 Elapsed time for helper construction 1.427091 (sec) 
 Elapsed time for init 0.053824 (sec) 
 Elapsed time for makeQChamDiagTerms 15.566771 (sec) 
 Davidson iteration 0.0 (tol=0.669879684511652): -166.2512657678751
 Davidson iteration 0.1 (tol=0.2014341790209912): -166.4423710416749 -164.2438876208041
 Davidson iteration 0.2 (tol=0.06293073485693472): -166.456779295955 -164.558840320104 -163.9883887329121
 Davidson iteration 0.3 (tol=0.01521555245589019): -166.4582422204953 -164.6597967178122 -164.1937450076062 -163.9606482377011
 Davidson iteration 0.4 (tol=0.004871249955652696): -166.4583468186893 -165.192836452654 -164.2457270818788 -164.0790272484398
 Davidson iteration 0.5 (tol=0.001701525078169655): -166.4583563175678 -165.4909191278531 -164.289394247346 -164.2448311941213
 Davidson iteration 0.6 (tol=0.0006197078672591634): -166.4583575173751 -165.6622890663943 -164.73293213511 -164.2460754254502
 Davidson iteration 0.7 (tol=0.0002567655426145878): -166.4583577018963 -165.8435357121878 -165.1227316677042 -164.3528281377287
 Davidson iteration 1.0 (tol=0.0002567655426108551): -166.4583577018992
 Davidson iteration 1.1 (tol=0.0001124122038422149): -166.4583577282378 -164.8837110421695
 Davidson iteration 1.2 (tol=6.16743188007561e-05): -166.4583577369125 -165.8607269961458 -163.9890885715826
 Davidson iteration 1.3 (tol=2.347103679201456e-05): -166.4583577385758 -166.0547127044193 -164.254934935136 -163.630353324639
 Davidson iteration 1.4 (tol=7.776917095402508e-06): -166.4583577388044 -166.1186363648551 -164.2855465438473 -164.2121104627163
 Elapsed time for davidson 62.643043 (sec) 
 Elapsed time for diagonalization 62.644745 (sec) 
 Elapsed time for mult 1.564999 (sec) 
 Energy = -166.4583577388039
 Elapsed time for measurement 0.152744 (sec) 
 Sample-based diagonalization: Energy = -166.4583577388039
 Sample-based diagonalization: density = [1.999975730448361,1.994406853280668,1.993130407608863,1.99165127698675,1.986715769686817,1.986956252578344,1.985697838199473,1.982281049748218,1.985335730095565,1.983136825883971,1.971654612405068,1.99454690290156,1.984219194819445,1.954522806208775,0.07627022157381724,0.02335150550985943,0.01720886174001613,0.004564035574380625,0.0107295693804073,0.0125539504838651,0.01537084294833196,0.01464389982108826,0.01601767046082216,0.01505819123893543
 Sample-based diagonalization: carryover bitstrings = [], size = 0
