 Elapsed time for helper construction 0.299866 (sec) 
 Elapsed time for init 0.002896 (sec) 
 Elapsed time for makeQChamDiagTerms 1.290316 (sec) 
 Davidson iteration 0.0 (tol=0.5805013723117858): -137.2264678329418
 Davidson iteration 0.1 (tol=0.2827092470553853): -137.3684048678403 -135.3118677832057
 Davidson iteration 0.2 (tol=0.130439717143139): -137.3943046851817 -135.8382188436866 -134.4695938319169
 Davidson iteration 0.3 (tol=0.05888981562207669): -137.3996115817663 -136.1718519715929 -134.8061054125306 -133.6167860059343
 Davidson iteration 0.4 (tol=0.0287371485279888): -137.4006701654713 -136.4485437209543 -135.0499164676192 -134.5774415602635
 Davidson iteration 0.5 (tol=0.01394922178374786): -137.4009635162114 -136.7482802702981 -135.3976644829015 -134.5776932416592
 Davidson iteration 0.6 (tol=0.007391505160405531): -137.4010171865957 -136.8495773703403 -135.6005334296526 -134.5976551533737
 Davidson iteration 0.7 (tol=0.003150234447699578): -137.4010335160866 -136.9164672235916 -135.8877553018202 -134.8762210146336
 Davidson iteration 1.0 (tol=0.003150234447695765): -137.4010335160858
 Davidson iteration 1.1 (tol=0.001518426220621412): -137.4010358915043 -134.2725386794137
 Davidson iteration 1.2 (tol=0.000843992960941699): -137.4010366949692 -136.1376549782115 -132.9695622934564
 Davidson iteration 1.3 (tol=0.0004197024132921149): -137.4010369195173 -136.5890068556174 -133.5889929173217 -132.9539329296243
 Davidson iteration 1.4 (tol=0.000194665591661019): -137.4010369706298 -136.8272535335023 -134.1633319435431 -133.5839696277814
 Davidson iteration 1.5 (tol=9.716108425490294e-05): -137.4010369824798 -136.9261806265426 -135.1652298274721 -133.6815351635111
 Davidson iteration 1.6 (tol=4.502637152913544e-05): -137.4010369853824 -136.9957967040313 -135.9016409094958 -133.6911125168432
 Davidson iteration 1.7 (tol=1.817333594130746e-05): -137.401036985992 -137.0311423882007 -136.2545031943196 -134.0753806304381
 Davidson iteration 2.0 (tol=1.817333590211529e-05): -137.4010369859925
 Davidson iteration 2.1 (tol=9.328773240048169e-06): -137.4010369860856 -135.3284771893474
 Elapsed time for davidson 13.360318 (sec) 
 Elapsed time for diagonalization 13.360432 (sec) 
 Elapsed time for mult 0.374118 (sec) 
 Energy = -137.4010369860874
 Elapsed time for measurement 0.016415 (sec) 
 Sample-based diagonalization: Energy = -137.4010369860874
 Sample-based diagonalization: density = [1.999997188361835,1.993890782051918,1.993095490945433,1.988097657981955,1.98692628647957,1.981047579984393,1.960181408492146,1.980982758246818,1.983486389039927,1.889169560378501,0.1384500122361643,0.01929161117193835,0.009165012669967732,0.01892462066440659,0.03319391405971862,0.02409972715490678
 Sample-based diagonalization: carryover bitstrings = [], size = 0
