 Elapsed time for helper construction 0.9279259999999999 (sec) 
 Elapsed time for init 0.014459 (sec) 
 Elapsed time for makeQChamDiagTerms 6.528955 (sec) 
 Davidson iteration 0.0 (tol=0.55864255533522): -146.4595126114473
 Davidson iteration 0.1 (tol=0.2440716869220336): -146.5888638203759 -144.4750639276011
 Davidson iteration 0.2 (tol=0.1059981537755744): -146.6066291926451 -144.9390615138994 -143.7399257910296
 Davidson iteration 0.3 (tol=0.04043067662143177): -146.6099896099421 -145.1481623341873 -143.9354429274412 -143.4417784190448
 Davidson iteration 0.4 (tol=0.01619095032389957): -146.610448377541 -145.3517544566172 -144.2264445837291 -143.788088456669
 Davidson iteration 0.5 (tol=0.006287092860514141): -146.6105450620118 -145.7283609600732 -144.5029933387226 -143.9725422006131
 Davidson iteration 0.6 (tol=0.002948272931545211): -146.6105571084947 -145.8782531424339 -144.6857230173965 -143.9738289306536
 Davidson iteration 0.7 (tol=0.001199708297788455): -146.6105595312475 -145.9642327140991 -144.9892098399935 -144.221834729733
 Davidson iteration 1.0 (tol=0.001199708297787932): -146.6105595312472
 Davidson iteration 1.1 (tol=0.0006019372512065813): -146.610559916125 -144.3301552171989
 Davidson iteration 1.2 (tol=0.0003100570916615813): -146.6105600486623 -145.6441010983098 -141.902497561268
 Davidson iteration 1.3 (tol=0.0001397466786208839): -146.6105600834546 -146.0708494274375 -143.4331270559252 -141.4915681790228
 Davidson iteration 1.4 (tol=6.882100916934048e-05): -146.6105600896009 -146.2066512045945 -143.897141336019 -143.2063022456383
 Davidson iteration 1.5 (tol=3.175066629733307e-05): -146.6105600911145 -146.2817569659259 -144.9056845911895 -143.3351720350449
 Davidson iteration 1.6 (tol=1.521630748755813e-05): -146.6105600914429 -146.3252591435801 -145.438785618315 -143.5343359660149
 Davidson iteration 1.7 (tol=6.572827606302683e-06): -146.6105600915211 -146.3472627499204 -145.7747798798941 -143.8967558169174
 Elapsed time for davidson 47.169313 (sec) 
 Elapsed time for diagonalization 47.16947099999999 (sec) 
 Elapsed time for mult 1.373673 (sec) 
 Energy = -146.6105600915197
 Elapsed time for measurement 0.070144 (sec) 
 Sample-based diagonalization: Energy = -146.6105600915197
 Sample-based diagonalization: density = [1.99999669816719,1.997406932660263,1.992290293469118,1.990458116079798,1.988622234437687,1.987779009607754,1.992492215297176,1.977632136012517,1.966058179116172,1.984662113108773,1.940033336562015,0.09967203106408151,0.009829029648886172,0.01113419302271926,0.01606893062258848,0.005633772392630983,0.003718705758805254,0.01850814282450768,0.01800392982738854
 Sample-based diagonalization: carryover bitstrings = [], size = 0
