 Elapsed time for helper construction 0.951159 (sec) 
 Elapsed time for init 0.030579 (sec) 
 Elapsed time for makeQChamDiagTerms 7.979960999999999 (sec) 
 Davidson iteration 0.0 (tol=0.6202839031268133): -124.633788785388
 Davidson iteration 0.1 (tol=0.1259398573243331): -124.8113113612573 -122.5433967786012
 Davidson iteration 0.2 (tol=0.02157163781957911): -124.8168792030216 -122.784083015063 -122.0240047924452
 Davidson iteration 0.3 (tol=0.005473033532010172): -124.8170469763063 -122.8807584532434 -122.4141474769346 -121.98623697443
 Davidson iteration 0.4 (tol=0.001514457427037343): -124.8170590542297 -123.1392050646658 -122.5995284591803 -122.2840738752296
 Davidson iteration 0.5 (tol=0.0003553121671618408): -124.8170598614145 -123.3573912268409 -122.7019264813203 -122.287024748894
 Davidson iteration 0.6 (tol=8.423787662845712e-05): -124.817059903953 -123.4555297250218 -122.786340197372 -122.4164506121729
 Davidson iteration 0.7 (tol=2.44176790249764e-05): -124.8170599065687 -123.5477439762153 -122.9385030509197 -122.5787755800899
 Davidson iteration 1.0 (tol=2.441767902597766e-05): -124.8170599065693
 Davidson iteration 1.1 (tol=9.049202608595417e-06): -124.8170599067885 -122.5923341622858
 Elapsed time for davidson 29.572915 (sec) 
 Elapsed time for diagonalization 29.574981 (sec) 
 Elapsed time for mult 0.924217 (sec) 
 Energy = -124.8170599067885
 Elapsed time for measurement 0.07509099999999999 (sec) 
 Sample-based diagonalization: Energy = -124.8170599067885
 Sample-based diagonalization: density = [1.999978334523686,1.990755592304627,1.989939478878914,1.986918495896778,1.983975083577872,1.982998271097187,1.982258113649177,1.981872511426302,1.981584753837326,1.978891870913194,1.979973803598568,1.990356894885354,0.02157124009315419,0.01807894356017783,0.01761059196614625,0.01378470737436595,0.01672954183635747,0.01338790933005962,0.01364865188314578,0.0154789870210661,0.01546730815189777,0.009510752660776127,0.01522816127520439
 Sample-based diagonalization: carryover bitstrings = [], size = 0
