 Elapsed time for helper construction 0.272238 (sec) 
 Elapsed time for init 0.002281 (sec) 
 Elapsed time for makeQChamDiagTerms 0.8585469999999999 (sec) 
 Davidson iteration 0.0 (tol=0.5333129899125062): -81.14343670408648
 Davidson iteration 0.1 (tol=0.1849424405567648): -81.270740038968 -79.00806724756913
 Davidson iteration 0.2 (tol=0.04528264316372343): -81.28188708372488 -79.44996290736023 -77.89720266018016
 Davidson iteration 0.3 (tol=0.0115564630491675): -81.28243879081506 -79.54152996270294 -78.29880732079359 -77.50828871530183
 Davidson iteration 0.4 (tol=0.003483733981176522): -81.28247581355612 -79.59943400223365 -78.66720595866624 -77.7047782822391
 Davidson iteration 0.5 (tol=0.00118728157762465): -81.28247927524191 -79.68334477117396 -79.0809081570991 -77.77904686028884
 Davidson iteration 0.6 (tol=0.0003320445278629622): -81.28247966759007 -79.78047318989998 -79.33730313237211 -78.21430770495358
 Davidson iteration 0.7 (tol=9.162943446563116e-05): -81.28247969968484 -79.8433211794525 -79.47743837924182 -78.59579728908723
 Davidson iteration 1.0 (tol=9.162943446499705e-05): -81.28247969968577
 Davidson iteration 1.1 (tol=3.361478372685663e-05): -81.28247970168917 -77.67788923847097
 Davidson iteration 1.2 (tol=1.18837391653298e-05): -81.2824797020437 -79.22550380597575 -76.37516429701522
 Davidson iteration 1.3 (tol=3.953133642850951e-06): -81.28247970208103 -79.70184397558042 -77.51024507157025 -75.61550063157797
 Elapsed time for davidson 7.20288 (sec) 
 Elapsed time for diagonalization 7.202941999999999 (sec) 
 Elapsed time for mult 0.279155 (sec) 
 Energy = -81.28247970208007
 Elapsed time for measurement 0.012273 (sec) 
 Sample-based diagonalization: Energy = -81.28247970208007
 Sample-based diagonalization: density = [1.999964298528669,1.988560556529108,1.984335202847528,1.978263129396304,1.978203839066415,1.976002338070191,1.974310838870517,1.974314421398973,0.01168882470322597,0.02376106372501317,0.0182591626516089,0.015437522295144,0.0192280972258419,0.01950295130914999,0.01959055583326644,0.01857719752392741
 Sample-based diagonalization: carryover bitstrings = [], size = 0
