 Elapsed time for helper construction 1.028075 (sec) 
 Elapsed time for init 0.014175 (sec) 
 Elapsed time for makeQChamDiagTerms 7.641562 (sec) 
 Davidson iteration 0.0 (tol=0.6048305644766777): -131.8750543871157
 Davidson iteration 0.1 (tol=0.1746483712254815): -132.043217502052 -129.8241299359662
 Davidson iteration 0.2 (tol=0.04597532171766288): -132.053347186882 -130.1879074902864 -129.1100049632237
 Davidson iteration 0.3 (tol=0.01311545904845941): -132.0539860647525 -130.2443180423354 -129.2698948263016 -129.0801746320437
 Davidson iteration 0.4 (tol=0.004212441150209522): -132.0540437627102 -130.4054487223322 -129.7246409125098 -129.1557420916743
 Davidson iteration 0.5 (tol=0.001483421956704299): -132.0540499451351 -130.7534317488981 -130.0387644984043 -129.2432593184257
 Davidson iteration 0.6 (tol=0.0004949873824009462): -132.0540506809718 -130.9730120287022 -130.1486701870654 -129.3611686469084
 Davidson iteration 0.7 (tol=0.0001696809568322574): -132.054050759595 -131.1089518303547 -130.2508335178298 -129.6323844694726
 Davidson iteration 1.0 (tol=0.0001696809568326778): -132.0540507595964
 Davidson iteration 1.1 (tol=6.947416932857559e-05): -132.0540507680484 -129.383847495664
 Davidson iteration 1.2 (tol=2.634170199286149e-05): -132.0540507699853 -130.7319905167927 -128.009190608189
 Davidson iteration 1.3 (tol=8.995800015939494e-06): -132.0540507702178 -131.078600909135 -128.8979715084207 -127.8046004717794
 Elapsed time for davidson 35.285452 (sec) 
 Elapsed time for diagonalization 35.285695 (sec) 
 Elapsed time for mult 1.148921 (sec) 
 Energy = -132.0540507702162
 Elapsed time for measurement 0.079384 (sec) 
 Sample-based diagonalization: Energy = -132.0540507702162
 Sample-based diagonalization: density = [1.999971644625426,1.993023907277508,1.989185144554017,1.985510734625682,1.980224921142178,1.983171907544337,1.977861293030804,1.980384641795842,1.979280844113899,1.980303735565077,1.979882022753529,1.990675211870776,0.01850138825938191,0.02292437503912048,0.02351754217585741,0.02171379400960803,0.01795851207868756,0.01749459393638243,0.01813851037234652,0.01936286341882227,0.02091241150095743
 Sample-based diagonalization: carryover bitstrings = [], size = 0
