 Elapsed time for helper construction 0.807225 (sec) 
 Elapsed time for init 0.027748 (sec) 
 Elapsed time for makeQChamDiagTerms 3.526433 (sec) 
 Davidson iteration 0.0 (tol=0.6759638770341928): -146.8073398689077
 Davidson iteration 0.1 (tol=0.279542298499938): -147.0092399577379 -144.9579874557954
 Davidson iteration 0.2 (tol=0.1114780527089385): -147.0342751357235 -145.2037108872673 -144.2145951859775
 Davidson iteration 0.3 (tol=0.03343411413403564): -147.0380347256574 -145.3051203414719 -144.4057055838419 -144.1243442003736
 Davidson iteration 0.4 (tol=0.01318459613892575): -147.0384866322514 -145.7279441570296 -144.5403991640754 -144.3980857848976
 Davidson iteration 0.5 (tol=0.005222503268962971): -147.0385449060531 -146.077783602051 -144.9308450774744 -144.4226102814802
 Davidson iteration 0.6 (tol=0.001703376914325675): -147.0385537181003 -146.1788124067227 -145.015727826142 -144.7543335433909
 Davidson iteration 0.7 (tol=0.0006860085466386081): -147.0385546851474 -146.2561481340553 -145.2247484418171 -144.8706345487759
 Davidson iteration 1.0 (tol=0.0006860085466360442): -147.0385546851439
 Davidson iteration 1.1 (tol=0.0003249480672902208): -147.0385548162538 -144.2439051651838
 Davidson iteration 1.2 (tol=0.000144980472905384): -147.0385548624916 -145.9785606102678 -142.2453424807993
 Davidson iteration 1.3 (tol=5.716924713342209e-05): -147.0385548697013 -146.2992743889712 -143.7378186660478 -141.9831135695066
 Davidson iteration 1.4 (tol=2.032341207023887e-05): -147.0385548707645 -146.4229623222565 -144.3110460861317 -143.4735879918724
 Davidson iteration 1.5 (tol=8.031719335684517e-06): -147.0385548709061 -146.4717392447879 -145.0801311902945 -143.7935810919188
 Elapsed time for davidson 39.714602 (sec) 
 Elapsed time for diagonalization 39.718189 (sec) 
 Elapsed time for mult 0.8843829999999999 (sec) 
 Energy = -147.0385548709059
 Elapsed time for measurement 0.045124 (sec) 
 Sample-based diagonalization: Energy = -147.0385548709059
 Sample-based diagonalization: density = [1.99997584946144,1.99325785669765,1.9923435807022,1.993576788071879,1.985446716022378,1.985949720595042,1.985160908205319,1.977237008807891,1.983848299279376,1.977596571235861,1.98362994445619,1.890530450723279,1.984545270488223,0.11809190263962,0.02477790752531378,0.02087041029472708,0.02067385139417315,0.01599366499373351,0.01015313386913319,0.01743747182619547,0.01865938538254822,0.02024330722746749
 Sample-based diagonalization: carryover bitstrings = [], size = 0
