 Elapsed time for helper construction 0.9934529999999999 (sec) 
 Elapsed time for init 0.028476 (sec) 
 Elapsed time for makeQChamDiagTerms 7.310359 (sec) 
 Davidson iteration 0.0 (tol=0.6204651623029416): -127.9055091105295
 Davidson iteration 0.1 (tol=0.1342463390424359): -128.0812553922194 -125.8066107230878
 Davidson iteration 0.2 (tol=0.02870720823945603): -128.0873682429055 -126.0671686182141 -125.2853696047991
 Davidson iteration 0.3 (tol=0.007818633437760561): -128.0876423739183 -126.1363337352023 -125.5355852916603 -125.2689704838155
 Davidson iteration 0.4 (tol=0.002370479430026707): -128.0876658358355 -126.426604490806 -125.8097316993824 -125.4625552609865
 Davidson iteration 0.5 (tol=0.000749604769937608): -128.0876679482828 -126.8379091411934 -125.9835180044042 -125.5025489395963
 Davidson iteration 0.6 (tol=0.0002317284324566644): -128.0876681432578 -127.0223090512356 -126.0631708831724 -125.5385513567243
 Davidson iteration 0.7 (tol=7.47023365786231e-05): -128.0876681627777 -127.1668288171477 -126.2085062972629 -125.7605245301072
 Davidson iteration 1.0 (tol=7.470233657918284e-05): -128.0876681627768
 Davidson iteration 1.1 (tol=2.931092902648899e-05): -128.0876681646897 -125.8366477623529
 Davidson iteration 1.2 (tol=1.069586049751434e-05): -128.0876681650758 -126.9208509945689 -124.5252160623991
 Davidson iteration 1.3 (tol=3.224231750309874e-06): -128.0876681651135 -127.1522419272709 -125.0187235557832 -124.400956067116
 Elapsed time for davidson 31.953296 (sec) 
 Elapsed time for diagonalization 31.954375 (sec) 
 Elapsed time for mult 1.184711 (sec) 
 Energy = -128.0876681651138
 Elapsed time for measurement 0.07085799999999999 (sec) 
 Sample-based diagonalization: Energy = -128.0876681651138
 Sample-based diagonalization: density = [1.999972424178063,1.990520214598635,1.989649671867524,1.986981399678773,1.983197962710651,1.989040967778262,1.981408132645874,1.981479264905991,1.97997069244659,1.979479878178308,1.981739242227766,1.986275755549386,0.01959247999393248,0.01992269271018779,0.01925415177412589,0.01839643762261341,0.01518621948680707,0.01547761855879314,0.01551150864733358,0.01493845820905956,0.01580777151892265,0.01619705447971431
 Sample-based diagonalization: carryover bitstrings = [], size = 0
