 Elapsed time for helper construction 1.083732 (sec) 
 Elapsed time for init 0.016692 (sec) 
 Elapsed time for makeQChamDiagTerms 18.602812 (sec) 
 Davidson iteration 0.0 (tol=0.4405968565691807): -184.5771915450292
 Davidson iteration 0.1 (tol=0.05210427742877951): -184.668767515021 -182.6662313105198
 Davidson iteration 0.2 (tol=0.01005433976460419): -184.6701020099113 -183.1497823283052 -182.6019233089563
 Davidson iteration 0.3 (tol=0.002170780548117592): -184.6701575555169 -183.3169836456556 -183.0555109626887 -182.5735694788511
 Davidson iteration 0.4 (tol=0.0006593107972731711): -184.6701606419026 -183.8218579169088 -183.0935024673102 -182.8063102103434
 Davidson iteration 0.5 (tol=0.000229518804701909): -184.6701609250971 -184.0638207148201 -183.1555152953745 -182.9702284147796
 Davidson iteration 0.6 (tol=7.56443674993623e-05): -184.6701609643756 -184.2413574718458 -183.5093665765187 -183.0196885630628
 Davidson iteration 0.7 (tol=2.038732558157972e-05): -184.6701609680064 -184.3205104938639 -183.619838531053 -183.2204661564919
 Davidson iteration 1.0 (tol=2.038732558215494e-05): -184.6701609680031
 Davidson iteration 1.1 (tol=5.32357189375719e-06): -184.6701609682012 -183.1002593978848
 Elapsed time for davidson 39.828838 (sec) 
 Elapsed time for diagonalization 39.829032 (sec) 
 Elapsed time for mult 0.678798 (sec) 
 Energy = -184.6701609682051
 Elapsed time for measurement 0.136726 (sec) 
 Sample-based diagonalization: Energy = -184.6701609682051
 Sample-based diagonalization: density = [1.999987348754322,1.998008057163863,1.996478623054066,1.997348555293716,1.996312785725529,1.993434867695373,1.99282933116919,1.992792305852491,1.995303788170984,1.995468459648841,1.991149185712195,1.988473263911774,1.978696013607091,1.993725817142157,1.996766303779995,1.997487094101797,0.03236792849428048,0.0003557986384588202,0.006380009387598288,0.003330597456684637,0.007968370730598648,0.003301015855118045,0.00271398338478443,0.004616021733650761,0.006402564471874435,0.005016481064254757,0.005618635227923603,0.0047333563912799,0.003312258430752465,0.009621177869624013
 Sample-based diagonalization: carryover bitstrings = [], size = 0
