 Elapsed time for helper construction 0.9471149999999999 (sec) 
 Elapsed time for init 0.035313 (sec) 
 Elapsed time for makeQChamDiagTerms 13.187089 (sec) 
 Davidson iteration 0.0 (tol=0.4970916834104626): -178.1845575540802
 Davidson iteration 0.1 (tol=0.1032322977959759): -178.3046276693501 -176.4622741488128
 Davidson iteration 0.2 (tol=0.0265489185987012): -178.3100788376942 -177.0484865152664 -176.4229437351092
 Davidson iteration 0.3 (tol=0.005635991569556823): -178.3104474106714 -177.1151524792444 -176.7238721718711 -176.2711751741218
 Davidson iteration 0.4 (tol=0.001605683112684535): -178.3104664101797 -177.5648750476419 -176.7246833374821 -176.3110562211361
 Davidson iteration 0.5 (tol=0.0004890462411404902): -178.3104676587354 -177.6186187533131 -176.840651630967 -176.5081604191103
 Davidson iteration 0.6 (tol=0.0001217091101414721): -178.3104677896551 -177.7076536122254 -176.9517565695972 -176.8217132535889
 Davidson iteration 0.7 (tol=2.955720455165782e-05): -178.3104677968527 -177.7256080169579 -177.1088464469728 -176.9337693265131
 Davidson iteration 1.0 (tol=2.955720455592317e-05): -178.3104677968529
 Davidson iteration 1.1 (tol=8.373642804514137e-06): -178.3104677972558 -176.6509225586907
 Elapsed time for davidson 35.788625 (sec) 
 Elapsed time for diagonalization 35.788832 (sec) 
 Elapsed time for mult 0.761212 (sec) 
 Energy = -178.3104677972549
 Elapsed time for measurement 0.09876399999999999 (sec) 
 Sample-based diagonalization: Energy = -178.3104677972549
 Sample-based diagonalization: density = [1.999996062502841,1.994906470842961,1.996626866307433,1.995426531074836,1.994972517476874,1.994306107197473,1.994574809528031,1.992662423333029,1.991080215378712,1.987298634968104,1.98603494157998,1.977472898591026,1.998453239740645,1.995663938873011,1.955213042664942,0.07764329039725795,0.003994028819699539,0.01064483215886499,0.009180274392432193,0.007721642341017676,0.001133886186883655,0.005706863172497498,0.003452403435833224,0.004823747540532624,0.003795050980363246,0.005318307350135154,0.0118969729734209
 Sample-based diagonalization: carryover bitstrings = [], size = 0
