 Elapsed time for helper construction 0.895937 (sec) 
 Elapsed time for init 0.01397 (sec) 
 Elapsed time for makeQChamDiagTerms 7.550805 (sec) 
 Davidson iteration 0.0 (tol=0.6328854101416546): -125.1440357744038
 Davidson iteration 0.1 (tol=0.1377651419734325): -125.3305187778209 -123.0867606146665
 Davidson iteration 0.2 (tol=0.02402300718067031): -125.3371436541096 -123.3176615809951 -122.5134345575578
 Davidson iteration 0.3 (tol=0.005956665020630195): -125.3373485917312 -123.4258086849717 -122.8913945685933 -122.4308881878492
 Davidson iteration 0.4 (tol=0.001620794639542873): -125.3373623324479 -123.6365150373601 -123.1187016118383 -122.6358292078259
 Davidson iteration 0.5 (tol=0.0003998755783545638): -125.3373632528033 -123.8402452310591 -123.2354022015342 -122.6404714766944
 Davidson iteration 0.6 (tol=9.246481459933025e-05): -125.3373633050922 -123.9289857537617 -123.3174737264443 -122.8287480812634
 Davidson iteration 0.7 (tol=2.230254714444401e-05): -125.3373633079524 -123.9594799953762 -123.3951695689283 -122.9587635892787
 Davidson iteration 1.0 (tol=2.230254714441724e-05): -125.3373633079522
 Davidson iteration 1.1 (tol=7.006290445631888e-06): -125.337363308114 -122.6567484330498
 Elapsed time for davidson 27.424242 (sec) 
 Elapsed time for diagonalization 27.424356 (sec) 
 Elapsed time for mult 0.9384779999999999 (sec) 
 Energy = -125.3373633081151
 Elapsed time for measurement 0.074742 (sec) 
 Sample-based diagonalization: Energy = -125.3373633081151
 Sample-based diagonalization: density = [1.999972047923824,1.990582961042693,1.989597184648506,1.986101090160679,1.9874742454109,1.982959443526018,1.98180415317231,1.981407911348442,1.983348689382283,1.979947973724613,1.978198333058097,1.975797228836268,0.01832142486313176,0.01829243227698952,0.01799629030544314,0.01524213973995092,0.0189818058662444,0.01646078530032755,0.01496507764904673,0.01493219048407054,0.01561503559904009,0.01617435565971608,0.01582719978750256
 Sample-based diagonalization: carryover bitstrings = [], size = 0
