 Elapsed time for helper construction 0.145567 (sec) 
 Elapsed time for init 0.000772 (sec) 
 Elapsed time for makeQChamDiagTerms 0.121856 (sec) 
 Davidson iteration 0.0 (tol=0.4686680334439483): -112.3255930185224
 Davidson iteration 0.1 (tol=0.157283255358881): -112.4259842386907 -110.2469536552001
 Davidson iteration 0.2 (tol=0.0570011657922082): -112.4336044793822 -110.6406966563086 -109.3546399498122
 Davidson iteration 0.3 (tol=0.02134359841070186): -112.4344450853745 -110.7350988419318 -109.5189687057368 -108.974161873726
 Davidson iteration 0.4 (tol=0.00742641080445534): -112.4345522491521 -110.8248357295785 -109.7947676260116 -109.0713810597579
 Davidson iteration 0.5 (tol=0.002835297184005317): -112.434564594754 -110.9431555239892 -110.0999898658989 -109.235846382025
 Davidson iteration 0.6 (tol=0.001149679625335431): -112.434566389056 -111.0853705269438 -110.3778786574579 -109.2842875638267
 Davidson iteration 0.7 (tol=0.0004312529346926606): -112.4345666642239 -111.227484722145 -110.5501014515578 -109.4700082838407
 Davidson iteration 1.0 (tol=0.0004312529346931955): -112.4345666642241
 Davidson iteration 1.1 (tol=0.0002006362971742929): -112.4345666985245 -108.3400833157102
 Davidson iteration 1.2 (tol=7.685589253896225e-05): -112.4345667076941 -110.6104711474645 -104.8525859591638
 Davidson iteration 1.3 (tol=3.262062994704258e-05): -112.4345667091413 -111.2248331486966 -108.249437730219 -103.5119379716004
 Davidson iteration 1.4 (tol=1.135721096668669e-05): -112.4345667093583 -111.4753933039053 -108.555879287942 -107.055217404275
 Davidson iteration 1.5 (tol=3.954918557983566e-06): -112.4345667093871 -111.5729985335751 -108.914347145806 -108.5533905298465
 Elapsed time for davidson 1.626996 (sec) 
 Elapsed time for diagonalization 1.627065 (sec) 
 Elapsed time for mult 0.061983 (sec) 
 Energy = -112.434566709387
 Elapsed time for measurement 0.002303 (sec) 
 Sample-based diagonalization: Energy = -112.434566709387
 Sample-based diagonalization: density = [1.999996115114285,1.991667212981404,1.986601051886542,1.976337208701841,1.982581647864891,1.976689377153762,1.978825005125079,1.990363702554715,0.02480893658108521,0.02345186019456998,0.02390638365483243,0.0217189779548752,0.02305252022884477
 Sample-based diagonalization: carryover bitstrings = [], size = 0
