 Elapsed time for helper construction 5.118836 (sec) 
 Elapsed time for init 0.06117 (sec) 
 Elapsed time for makeQChamDiagTerms 45.091961 (sec) 
 Davidson iteration 0.0 (tol=0.7186261166144547): -175.6352720585408
 Davidson iteration 0.1 (tol=0.3312783716673349): -175.8443016680103 -173.5523451284924
 Davidson iteration 0.2 (tol=0.1568315378973565): -175.8759210924205 -173.9755115883797 -172.722341742503
 Davidson iteration 0.3 (tol=0.05564420405902699): -175.8828058400248 -174.1926416222978 -172.8127418114941 -172.4830664581485
 Davidson iteration 0.4 (tol=0.02401728193140369): -175.8836723002931 -174.4267925431746 -173.0729400813941 -172.6749389330997
 Davidson iteration 0.5 (tol=0.009782318072756506): -175.8838550667601 -174.7579370368663 -173.5849658446674 -172.7696668414247
 Davidson iteration 0.6 (tol=0.004294319233926417): -175.8838857380414 -174.9645403954934 -173.8159234229529 -172.8431469883904
 Davidson iteration 0.7 (tol=0.001964238272857106): -175.8838914222539 -175.0870599547453 -174.031706257704 -173.2637702379447
 Davidson iteration 1.0 (tol=0.001964238272862256): -175.883891422256
 Davidson iteration 1.1 (tol=0.0009921304230419523): -175.8838924248467 -173.0808635045418
 Davidson iteration 1.2 (tol=0.0005518282448788582): -175.883892829663 -174.7615375110508 -171.3703726617957
 Davidson iteration 1.3 (tol=0.0002850587868913834): -175.8838929357169 -175.2032796954963 -172.933532923535 -170.4713375358594
 Davidson iteration 1.4 (tol=0.0001393962767612211): -175.8838929617101 -175.3644199068607 -173.1941274028314 -172.5858767977267
 Davidson iteration 1.5 (tol=7.202169982717697e-05): -175.8838929691727 -175.4690226242567 -174.2363417188333 -172.7662343150354
 Davidson iteration 1.6 (tol=4.402778509414527e-05): -175.8838929712372 -175.5375875514271 -174.9036882236478 -173.0506952485001
 Davidson iteration 1.7 (tol=2.686099326684246e-05): -175.8838929720565 -175.5977066695479 -175.1644540391495 -173.4056906278598
 Davidson iteration 2.0 (tol=2.686099326688709e-05): -175.8838929720565
 Davidson iteration 2.1 (tol=1.461954311994933e-05): -175.8838929722769 -173.7176847948406
 Davidson iteration 2.2 (tol=1.028920946886609e-05): -175.8838929724054 -175.1549211801254 -172.6236432490965
 Davidson iteration 2.3 (tol=6.420005489815983e-06): -175.8838929724519 -175.4940896215463 -172.9081275706923 -172.4650980951278
 Elapsed time for davidson 579.658829 (sec) 
 Elapsed time for diagonalization 579.6590669999999 (sec) 
 Elapsed time for mult 19.93879 (sec) 
 Energy = -175.8838929724518
 Elapsed time for measurement 74.967664 (sec) 
 Sample-based diagonalization: Energy = -175.8838929724518
 Sample-based diagonalization: density = [1.999969325300938,1.993617145676736,1.992326166807951,1.988588571104029,1.984510740535347,1.989713848506596,1.983704486061534,1.983667772639005,1.978774061042333,1.972773233519468,1.978999449780614,1.974466103965642,1.988667578455111,1.975322428309077,1.93522438899615,0.1049169551134463,0.0139640207340779,0.01659448663260118,0.005143441558787955,0.0182158470920619,0.01981625459590914,0.02049437239370123,0.01735644572124353,0.02025417723268789,0.0221566600730579,0.02076203791853756
 Sample-based diagonalization: carryover bitstrings = [], size = 0
 Elapse time for dumping one-particle rdm = 0.001264
 Elapse time for dumping two-particle rdm = 0.404141
 Zero-Body energy = 0
 One-Body energy = -312.3270471884008
 Two-Body energy = 136.4431542174324
 One-Body + Two-Body energy = -175.8838929709684
 Zero-Body + One-Body + Two-Body energy = -175.8838929709684
