 Elapsed time for helper construction 0.265227 (sec) 
 Elapsed time for init 0.00312 (sec) 
 Elapsed time for makeQChamDiagTerms 1.158998 (sec) 
 Davidson iteration 0.0 (tol=0.538792772684169): -149.7457659627877
 Davidson iteration 0.1 (tol=0.2307517325141241): -149.8688853760943 -147.8163056781769
 Davidson iteration 0.2 (tol=0.09948355719087895): -149.8848463549942 -148.2429340832811 -146.9900971237337
 Davidson iteration 0.3 (tol=0.03668994404921151): -149.8878869055872 -148.4368356374929 -147.2661405537464 -146.7702811918195
 Davidson iteration 0.4 (tol=0.01395580335358704): -149.8882560999602 -148.6246539434435 -147.4997786322508 -147.002706328205
 Davidson iteration 0.5 (tol=0.004618882614240547): -149.8883218679011 -148.9088537131842 -147.7398785935754 -147.2329060697801
 Davidson iteration 0.6 (tol=0.001919885833759746): -149.8883280727622 -149.0270773638983 -147.8846377054103 -147.2344564027217
 Davidson iteration 0.7 (tol=0.0007440511577538315): -149.8883290341819 -149.0995734593821 -148.1357978897845 -147.4882114341182
 Davidson iteration 1.0 (tol=0.0007440511577505364): -149.8883290341835
 Davidson iteration 1.1 (tol=0.0003625820513768101): -149.8883291750855 -147.2609209951106
 Davidson iteration 1.2 (tol=0.000168505530945249): -149.8883292199766 -148.7484600070152 -145.1671074542342
 Davidson iteration 1.3 (tol=6.708701304439047e-05): -149.8883292294821 -149.1665682848813 -146.8370479276057 -144.5952038324858
 Davidson iteration 1.4 (tol=3.009458530185377e-05): -149.888329230797 -149.3337999960721 -147.0694692095888 -146.8303427122217
 Davidson iteration 1.5 (tol=1.38290181044484e-05): -149.888329231089 -149.448839148564 -148.1135519562638 -146.8306129027089
 Davidson iteration 1.6 (tol=7.17719961819412e-06): -149.888329231158 -149.5392027268896 -148.7410244276718 -147.1920450126821
 Elapsed time for davidson 8.677177 (sec) 
 Elapsed time for diagonalization 8.677263 (sec) 
 Elapsed time for mult 0.264116 (sec) 
 Energy = -149.8883292311543
 Elapsed time for measurement 0.014428 (sec) 
 Sample-based diagonalization: Energy = -149.8883292311543
 Sample-based diagonalization: density = [1.999996835096623,1.997466602455315,1.992534994140517,1.994126363324212,1.991452627467431,1.987889724385795,1.991921945139993,1.973686640448471,1.979610816096459,1.985917997550799,1.929656261069383,0.1046690228701653,0.01026442864561738,0.002254689802374539,0.02007196290806364,0.02088984058379186,0.017589247942929
 Sample-based diagonalization: carryover bitstrings = [], size = 0
