 Elapsed time for helper construction 1.220659 (sec) 
 Elapsed time for init 0.04702899999999999 (sec) 
 Elapsed time for makeQChamDiagTerms 15.629688 (sec) 
 Davidson iteration 0.0 (tol=0.5155248944829313): -160.5137239834046
 Davidson iteration 0.1 (tol=0.0979805134269201): -160.6567986107845 -159.051345171676
 Davidson iteration 0.2 (tol=0.02235472806310666): -160.6615829011517 -159.157811861969 -158.9980352964901
 Davidson iteration 0.3 (tol=0.005450634312997913): -160.6618398653647 -159.2895987607164 -158.9982896451008 -158.9276759015003
 Davidson iteration 0.4 (tol=0.001582828733496179): -160.661858720531 -159.7416534989432 -159.0006981078657 -158.9982896235795
 Davidson iteration 0.5 (tol=0.0004459699406868352): -160.6618602747315 -159.9495120553744 -159.2711893823167 -158.9988539541108
 Davidson iteration 0.6 (tol=0.000131021277081334): -160.6618604052757 -160.0851947044666 -159.4324888002114 -159.2466420224866
 Davidson iteration 0.7 (tol=4.023360778492571e-05): -160.6618604166048 -160.1711696951283 -159.6629424565665 -159.3657144473835
 Davidson iteration 1.0 (tol=4.023360777851139e-05): -160.6618604166082
 Davidson iteration 1.1 (tol=1.290962098074973e-05): -160.6618604174687 -159.3006028347728
 Davidson iteration 1.2 (tol=4.977241777597321e-06): -160.6618604176141 -159.964344416468 -158.9846430522303
 Elapsed time for davidson 45.581423 (sec) 
 Elapsed time for diagonalization 45.585549 (sec) 
 Elapsed time for mult 0.819423 (sec) 
 Energy = -160.6618604176126
 Elapsed time for measurement 0.125654 (sec) 
 Sample-based diagonalization: Energy = -160.6618604176126
 Sample-based diagonalization: density = [1.999983630517278,1.999572595784886,1.994989583070653,1.995135544279687,1.988120912808034,1.990268240221335,1.989416761959917,1.993814447693758,1.987990844607256,1.98916158224268,1.98945373010234,1.981229752065116,1.962568055846537,1.948792067239681,0.04057864745772785,0.04536828541893823,0.03668340451717707,0.01169115509978853,0.01118889045281929,0.01055643257925474,0.005868453745391697,0.004275594726724515,0.005532310033169322,0.008662974538780437,0.005091097446645735,0.004005005396334049
 Sample-based diagonalization: carryover bitstrings = [], size = 0
