 Elapsed time for helper construction 1.563713 (sec) 
 Elapsed time for init 0.021424 (sec) 
 Elapsed time for makeQChamDiagTerms 13.819223 (sec) 
 Davidson iteration 0.0 (tol=0.6476522369290308): -128.2985714520276
 Davidson iteration 0.1 (tol=0.1901924066855888): -128.4837185607834 -126.1831464106804
 Davidson iteration 0.2 (tol=0.06284422306963064): -128.495472605791 -126.5505300951502 -125.5358937628775
 Davidson iteration 0.3 (tol=0.01660431321903721): -128.4967139846244 -126.6796710635197 -125.695907058535 -125.4688171564883
 Davidson iteration 0.4 (tol=0.005430164109675137): -128.4968141453984 -126.9554856361916 -126.0912634942461 -125.5111345080868
 Davidson iteration 0.5 (tol=0.001805995183600673): -128.4968241953102 -127.2349690042429 -126.3406057396034 -125.7083349776122
 Davidson iteration 0.6 (tol=0.0005204765324537565): -128.4968252962876 -127.3952303575271 -126.4858344020234 -125.7306293065239
 Davidson iteration 0.7 (tol=0.0001644634213169139): -128.4968253894628 -127.4997865608869 -126.689214409956 -126.055046848426
 Davidson iteration 1.0 (tol=0.000164463421320602): -128.4968253894633
 Davidson iteration 1.1 (tol=7.090547517202053e-05): -128.4968253991467 -126.6212057097213
 Davidson iteration 1.2 (tol=3.190817252959176e-05): -128.4968254018362 -127.7400505323137 -124.9892859382016
 Davidson iteration 1.3 (tol=1.297854218974633e-05): -128.4968254022515 -128.0232838968177 -125.8550260715216 -124.770094904265
 Davidson iteration 1.4 (tol=5.470183023029909e-06): -128.496825402325 -128.1151098276566 -126.5918969624604 -125.4572174171873
 Elapsed time for davidson 58.918616 (sec) 
 Elapsed time for diagonalization 58.924269 (sec) 
 Elapsed time for mult 1.542529 (sec) 
 Energy = -128.496825402325
 Elapsed time for measurement 0.129601 (sec) 
 Sample-based diagonalization: Energy = -128.496825402325
 Sample-based diagonalization: density = [1.999972245677421,1.993420038046261,1.989390750884438,1.987148969904275,1.987675313889021,1.982651590330623,1.980125469600105,1.971727711099344,1.979664488725119,1.977372776527833,1.969131241465375,1.987656452143173,0.04158057937883426,0.01847220258364596,0.01483256753193764,0.0182095227857367,0.0147909901317988,0.01743302422095691,0.01595842580055838,0.01440018586530261,0.01609480612357133,0.01001380186955331,0.01227684502085138
 Sample-based diagonalization: carryover bitstrings = [], size = 0
