          |                                    ___       ___
          |  _______________________________  /   \ . . /   \
          |                                   \___/     \___/
          |              VAYESTA                  .  V  .   .
          |     Quantum Embedding Package          .___.  A  .___
          |  _______________________________       /   \ . . /   \
          |                    version 1.0.1       \___/     \___/ 
          |
No module named 'dyson'
Dyson required for self-energy calculations
[geomopt] 9 atoms, basis=sto-3g, mode=ewf, solver=multi-solver (norb<13 -> FCI, else SCI_SBD)
[geomopt] Working directory : /mnt/beegfs/merzk/kaliakd/EWF_Geom_Opt_Development/3_test_sci_sbd/rdm_t_lambda_gpu/jobs_EWF
[geomopt] Per-step subfolder: step_{step:03d}
[geomopt] geomeTRIC kwargs: {'maxiter': 100, 'coordsys': 'tric', 'convergence_energy': 0.001, 'convergence_grms': 0.005, 'convergence_gmax': 0.005, 'convergence_drms': 0.012, 'convergence_dmax': 0.018, 'convergence_set': 'GAU', 'logIni': '/home/kaliakd/isilon/Danil/Software/Executables/miniforge3/envs/ewf/lib/python3.10/site-packages/geometric/config/log.ini'}
[geomopt] Trajectory will be written to: /mnt/beegfs/merzk/kaliakd/EWF_Geom_Opt_Development/3_test_sci_sbd/rdm_t_lambda_gpu/jobs_EWF/ewf_geomopt_optim.xyz
geometric-optimize called with the following command line:
EWF-CI_Geom_Opt_HPC.py --config config.yaml

                                        [91m())))))))))))))))/[0m                     
                                    [91m())))))))))))))))))))))))),[0m                
                                [91m*)))))))))))))))))))))))))))))))))[0m             
                        [94m#,[0m    [91m()))))))))/[0m                [91m.)))))))))),[0m          
                      [94m#%%%%,[0m  [91m())))))[0m                        [91m.))))))))*[0m        
                      [94m*%%%%%%,[0m  [91m))[0m              [93m..[0m              [91m,))))))).[0m      
                        [94m*%%%%%%,[0m         [93m***************/.[0m        [91m.)))))))[0m     
                [94m#%%/[0m      [94m(%%%%%%,[0m    [93m/*********************.[0m       [91m)))))))[0m    
              [94m.%%%%%%#[0m      [94m*%%%%%%,[0m  [93m*******/,[0m     [93m**********,[0m      [91m.))))))[0m   
                [94m.%%%%%%/[0m      [94m*%%%%%%,[0m  [93m**[0m              [93m********[0m      [91m.))))))[0m  
          [94m##[0m      [94m.%%%%%%/[0m      [94m(%%%%%%,[0m                  [93m,******[0m      [91m/)))))[0m  
        [94m%%%%%%[0m      [94m.%%%%%%#[0m      [94m*%%%%%%,[0m    [92m,/////.[0m       [93m******[0m      [91m))))))[0m 
      [94m#%[0m      [94m%%[0m      [94m.%%%%%%/[0m      [94m*%%%%%%,[0m  [92m////////,[0m      [93m*****/[0m     [91m,)))))[0m 
    [94m#%%[0m  [94m%%%[0m  [94m%%%#[0m      [94m.%%%%%%/[0m      [94m(%%%%%%,[0m  [92m///////.[0m     [93m/*****[0m      [91m))))).[0m
  [94m#%%%%.[0m      [94m%%%%%#[0m      [94m/%%%%%%*[0m      [94m#%%%%%%[0m   [92m/////)[0m     [93m******[0m      [91m))))),[0m
    [94m#%%%%##%[0m  [94m%%%#[0m      [94m.%%%%%%/[0m      [94m(%%%%%%,[0m  [92m///////.[0m     [93m/*****[0m      [91m))))).[0m
      [94m##[0m     [94m%%%[0m      [94m.%%%%%%/[0m      [94m*%%%%%%,[0m  [92m////////.[0m      [93m*****/[0m     [91m,)))))[0m 
        [94m#%%%%#[0m      [94m/%%%%%%/[0m      [94m(%%%%%%[0m      [92m/)/)//[0m       [93m******[0m      [91m))))))[0m 
          [94m##[0m      [94m.%%%%%%/[0m      [94m(%%%%%%,[0m                  [93m*******[0m      [91m))))))[0m  
                [94m.%%%%%%/[0m      [94m*%%%%%%,[0m  [93m**.[0m             [93m/*******[0m      [91m.))))))[0m  
              [94m*%%%%%%/[0m      [94m(%%%%%%[0m   [93m********/*..,*/*********[0m       [91m*))))))[0m   
                [94m#%%/[0m      [94m(%%%%%%,[0m    [93m*********************/[0m        [91m)))))))[0m    
                        [94m*%%%%%%,[0m         [93m,**************/[0m         [91m,))))))/[0m     
                      [94m(%%%%%%[0m   [91m()[0m                              [91m))))))))[0m       
                      [94m#%%%%,[0m  [91m())))))[0m                        [91m,)))))))),[0m        
                        [94m#,[0m    [91m())))))))))[0m                [91m,)))))))))).[0m          
                                 [91m()))))))))))))))))))))))))))))))/[0m             
                                    [91m())))))))))))))))))))))))).[0m                
                                         [91m())))))))))))))),[0m                     

-=# [1;94m geomeTRIC started. Version: 1.1.1 [0m #=-
Current date and time: 2026-06-22 11:42:14
#========================================================#
#| [92m    Arguments passed to driver run_optimizer():     [0m |#
#========================================================#
convergence_dmax          0.018 
convergence_drms          0.012 
convergence_energy        0.001 
convergence_gmax          0.005 
convergence_grms          0.005 
convergence_set           GAU 
coordsys                  tric 
customengine              <__main__.EwfCiEngine object at 0x1555250ddfc0> 
input                     /mnt/beegfs/merzk/kaliakd/EWF_Geom_Opt_Development/3_test_sci_sbd/rdm_t_lambda_gpu/jobs_EWF/ewf_geomopt.xyz 
logIni                    /home/kaliakd/isilon/Danil/Software/Executables/miniforge3/envs/ewf/lib/python3.10/site-packages/geometric/config/log.ini 
maxiter                   100 
prefix                    /mnt/beegfs/merzk/kaliakd/EWF_Geom_Opt_Development/3_test_sci_sbd/rdm_t_lambda_gpu/jobs_EWF/ewf_geomopt 
----------------------------------------------------------
Custom engine selected.
Bonds will be generated from interatomic distances less than 1.20 times sum of covalent radii
27 internal coordinates being used (instead of 27 Cartesians)
Internal coordinate system (atoms numbered from 1):
Distance 1-2
Distance 1-4
Distance 1-5
Distance 1-6
Distance 2-3
Distance 2-7
Distance 3-8
Distance 3-9
Angle 2-1-4
Angle 2-1-5
Angle 2-1-6
Angle 4-1-5
Angle 4-1-6
Angle 5-1-6
Angle 1-2-7
Angle 3-2-7
Angle 2-3-9
Angle 8-3-9
Out-of-Plane 2-1-3-7
Out-of-Plane 3-2-8-9
Dihedral 4-1-2-3
Dihedral 4-1-2-7
Dihedral 5-1-2-3
Dihedral 5-1-2-7
Dihedral 6-1-2-3
Dihedral 6-1-2-7
Dihedral 1-2-3-8
Dihedral 1-2-3-9
Dihedral 7-2-3-8
Dihedral 7-2-3-9
Translation-X 1-9
Translation-Y 1-9
Translation-Z 1-9
Rotation-A 1-9
Rotation-B 1-9
Rotation-C 1-9
<class 'geometric.internal.Distance'> : 8
<class 'geometric.internal.Angle'> : 10
<class 'geometric.internal.OutOfPlane'> : 2
<class 'geometric.internal.Dihedral'> : 10
<class 'geometric.internal.TranslationX'> : 1
<class 'geometric.internal.TranslationY'> : 1
<class 'geometric.internal.TranslationZ'> : 1
<class 'geometric.internal.RotationA'> : 1
<class 'geometric.internal.RotationB'> : 1
<class 'geometric.internal.RotationC'> : 1
> ===== Optimization Info: ====
> Job type: Energy minimization
> Maximum number of optimization cycles: 100
> Initial / maximum trust radius (Angstrom): 0.100 / 0.300
> Convergence Criteria:
> Will converge when all 5 criteria are reached:
>  |Delta-E| < 1.00e-03
>  RMS-Grad  < 5.00e-03
>  Max-Grad  < 5.00e-03
>  RMS-Disp  < 1.20e-02
>  Max-Disp  < 1.80e-02
> === End Optimization Info ===

======================================================================
[geomopt step=000] Starting EWF-FCI/SCI_SBD single-point in /mnt/beegfs/merzk/kaliakd/EWF_Geom_Opt_Development/3_test_sci_sbd/rdm_t_lambda_gpu/jobs_EWF/step_000
======================================================================
[geomopt step=000] Building mol + RHF
[geomopt step=000] HF energy: -115.5871420241
          |
          |  INITIALIZING EWF
INITIALIZING EWF          |  ================
================          |      Initial E(mean-field)=    -115.58714202 Ha
Initial E(mean-field)=    -115.58714202 Ha          |      Calculated E(HF)=         -115.58714202 Ha
Calculated E(HF)=         -115.58714202 Ha          |      Difference dE=              +0.00000000 Ha ( -0.0%)
Difference dE=              +0.00000000 Ha ( -0.0%)          |      n(AO)=   21  n(MO)=   21  n(linear dep.)=    0
n(AO)=   21  n(MO)=   21  n(linear dep.)=    0          |      Parameters of EWF:
Parameters of EWF:          |      Options(store_eris=True, global_frag_chempot=None, dm_with_frozen=False, bath_options={'bathtype':
          |          'mp2', 'canonicalize': True, 'occupation_tolerance': 1e-06, 'dmet_threshold': 1e-08, 'rcut': None,
          |          'unit': 'Ang', 'local_aux_enable': False, 'local_aux_radius': 5.0, 'local_aux_unit': 'Ang',
          |          'local_aux_atom_weight_thresh': 0.0001, 'local_aux_print': False, 'order': None, 'max_order': 20,
          |          'threshold': 1e-05, 'truncation': 'occupation', 'project_dmet_order': 2, 'project_dmet_mode':
          |          'squared-entropy', 'addbuffer': False, 'bathtype_occ': None, 'bathtype_vir': None, 'rcut_occ': None,
          |          'rcut_vir': None, 'unit_occ': None, 'unit_vir': None, 'order_occ': None, 'order_vir': None,
          |          'max_order_occ': None, 'max_order_vir': None, 'threshold_occ': None, 'threshold_vir': None,
          |          'truncation_occ': None, 'truncation_vir': None, 'project_dmet_order_occ': None,
          |          'project_dmet_order_vir': None, 'project_dmet_mode_occ': None, 'project_dmet_mode_vir': None,
          |          'addbuffer_occ': None, 'addbuffer_dmet_vir': None, 'canonicalize_occ': None, 'canonicalize_vir':
          |          None}, bosonic_bath_options={'bathtype': None, 'target_orbitals': 'full', 'local_projection':
          |          'fragment', 'threshold': 1e-06, 'truncation': 'occupation'}, solver_options={'conv_tol': None,
          |          'n_moments': None, 'solve_lambda': True, 'conv_tol_normt': None, 'level_shift': None, 'diis_space':
          |          None, 'diis_start_cycle': None, 'iterative_damping': None, 'threads': 1, 'max_cycle': 300,
          |          'fix_spin': None, 'lindep': None, 'davidson_only': True, 'init_guess': 'default', 'max_boson_occ':
          |          2, 'ansatz': None, 'store_as_ccsd': None, 'dumpfile': '/dev/null', 'callback': None,
          |          'compress_cderi': False}, symmetry_tol=1e-06, symmetry_mf_tol=1e-05, screening=None,
          |          ext_rpa_correction=None, match_cluster_fock=False, iao_minao='auto', project_eris=False,
          |          project_init_guess=True, energy_functional='wf', calc_e_wf_corr=True, calc_e_dm_corr=False,
          |          calc_e_ccsd_t_corr=False, t_as_lambda=None, store_wf_type=None, bsse_correction=True, bsse_rmax=5.0,
          |          nelectron_target=None, sc_mode=0, coupled_iterations=False, _debug_wf=None)
Options(store_eris=True, global_frag_chempot=None, dm_with_frozen=False, bath_options={'bathtype':
    'mp2', 'canonicalize': True, 'occupation_tolerance': 1e-06, 'dmet_threshold': 1e-08, 'rcut': None,
    'unit': 'Ang', 'local_aux_enable': False, 'local_aux_radius': 5.0, 'local_aux_unit': 'Ang',
    'local_aux_atom_weight_thresh': 0.0001, 'local_aux_print': False, 'order': None, 'max_order': 20,
    'threshold': 1e-05, 'truncation': 'occupation', 'project_dmet_order': 2, 'project_dmet_mode':
    'squared-entropy', 'addbuffer': False, 'bathtype_occ': None, 'bathtype_vir': None, 'rcut_occ': None,
    'rcut_vir': None, 'unit_occ': None, 'unit_vir': None, 'order_occ': None, 'order_vir': None,
    'max_order_occ': None, 'max_order_vir': None, 'threshold_occ': None, 'threshold_vir': None,
    'truncation_occ': None, 'truncation_vir': None, 'project_dmet_order_occ': None,
    'project_dmet_order_vir': None, 'project_dmet_mode_occ': None, 'project_dmet_mode_vir': None,
    'addbuffer_occ': None, 'addbuffer_dmet_vir': None, 'canonicalize_occ': None, 'canonicalize_vir':
    None}, bosonic_bath_options={'bathtype': None, 'target_orbitals': 'full', 'local_projection':
    'fragment', 'threshold': 1e-06, 'truncation': 'occupation'}, solver_options={'conv_tol': None,
    'n_moments': None, 'solve_lambda': True, 'conv_tol_normt': None, 'level_shift': None, 'diis_space':
    None, 'diis_start_cycle': None, 'iterative_damping': None, 'threads': 1, 'max_cycle': 300,
    'fix_spin': None, 'lindep': None, 'davidson_only': True, 'init_guess': 'default', 'max_boson_occ':
    2, 'ansatz': None, 'store_as_ccsd': None, 'dumpfile': '/dev/null', 'callback': None,
    'compress_cderi': False}, symmetry_tol=1e-06, symmetry_mf_tol=1e-05, screening=None,
    ext_rpa_correction=None, match_cluster_fock=False, iao_minao='auto', project_eris=False,
    project_init_guess=True, energy_functional='wf', calc_e_wf_corr=True, calc_e_dm_corr=False,
    calc_e_ccsd_t_corr=False, t_as_lambda=None, store_wf_type=None, bsse_correction=True, bsse_rmax=5.0,
    nelectron_target=None, sc_mode=0, coupled_iterations=False, _debug_wf=None)          |      Time for EWF setup: 0.2 s
Time for EWF setup: 0.2 s          |  IAO Fragmentation
IAO Fragmentation          |  -----------------
-----------------          |  IAO:  computational basis= sto-3g  minimal reference basis= sto-3g (automatically chosen)
IAO:  computational basis= sto-3g  minimal reference basis= sto-3g (automatically chosen)          |      IAO CACHE HIT: loaded C_iao from iao_cache.h5 (shape=(21, 21))
IAO CACHE HIT: loaded C_iao from iao_cache.h5 (shape=(21, 21))          |      Fragmentation: orthogonal= True, occupied-complete= True, virtual-complete= True
Fragmentation: orthogonal= True, occupied-complete= True, virtual-complete= True[geomopt step=000] Discovered 9 fragment(s) at threshold=1e-05
[geomopt step=000] === Wave 1/2 : submitting 9 DUMP job(s) ===
[driver] Submitted dump fragment   0  -> Slurm job 5777749  (/mnt/beegfs/merzk/kaliakd/EWF_Geom_Opt_Development/3_test_sci_sbd/rdm_t_lambda_gpu/jobs_EWF/step_000/jobs_fragments_production/frag_dump_000.sh)
[driver] Submitted dump fragment   1  -> Slurm job 5777750  (/mnt/beegfs/merzk/kaliakd/EWF_Geom_Opt_Development/3_test_sci_sbd/rdm_t_lambda_gpu/jobs_EWF/step_000/jobs_fragments_production/frag_dump_001.sh)
[driver] Submitted dump fragment   2  -> Slurm job 5777751  (/mnt/beegfs/merzk/kaliakd/EWF_Geom_Opt_Development/3_test_sci_sbd/rdm_t_lambda_gpu/jobs_EWF/step_000/jobs_fragments_production/frag_dump_002.sh)
[driver] Submitted dump fragment   3  -> Slurm job 5777752  (/mnt/beegfs/merzk/kaliakd/EWF_Geom_Opt_Development/3_test_sci_sbd/rdm_t_lambda_gpu/jobs_EWF/step_000/jobs_fragments_production/frag_dump_003.sh)
[driver] Submitted dump fragment   4  -> Slurm job 5777753  (/mnt/beegfs/merzk/kaliakd/EWF_Geom_Opt_Development/3_test_sci_sbd/rdm_t_lambda_gpu/jobs_EWF/step_000/jobs_fragments_production/frag_dump_004.sh)
[driver] Submitted dump fragment   5  -> Slurm job 5777754  (/mnt/beegfs/merzk/kaliakd/EWF_Geom_Opt_Development/3_test_sci_sbd/rdm_t_lambda_gpu/jobs_EWF/step_000/jobs_fragments_production/frag_dump_005.sh)
[driver] Submitted dump fragment   6  -> Slurm job 5777755  (/mnt/beegfs/merzk/kaliakd/EWF_Geom_Opt_Development/3_test_sci_sbd/rdm_t_lambda_gpu/jobs_EWF/step_000/jobs_fragments_production/frag_dump_006.sh)
[driver] Submitted dump fragment   7  -> Slurm job 5777756  (/mnt/beegfs/merzk/kaliakd/EWF_Geom_Opt_Development/3_test_sci_sbd/rdm_t_lambda_gpu/jobs_EWF/step_000/jobs_fragments_production/frag_dump_007.sh)
[driver] Submitted dump fragment   8  -> Slurm job 5777757  (/mnt/beegfs/merzk/kaliakd/EWF_Geom_Opt_Development/3_test_sci_sbd/rdm_t_lambda_gpu/jobs_EWF/step_000/jobs_fragments_production/frag_dump_008.sh)
[driver] Waiting on 9 fragment status file(s) in '/mnt/beegfs/merzk/kaliakd/EWF_Geom_Opt_Development/3_test_sci_sbd/rdm_t_lambda_gpu/jobs_EWF/step_000/jobs_fragments_production'
[driver]   done=0/9  running=0  queued=9  (poll 15s)
[driver]   done=8/9  running=1  queued=0  (poll 15s)
[driver]   done=8/9  running=1  queued=0  (poll 15s)
[driver]   done=8/9  running=1  queued=0  (poll 15s)
[driver] All fragment jobs reported DONE.
[geomopt step=000] === Wave 2/2 : submitting 9 solve (FCI/SCI) job(s) ===
[driver] Submitted fci fragment   0  -> Slurm job 5777774  (/mnt/beegfs/merzk/kaliakd/EWF_Geom_Opt_Development/3_test_sci_sbd/rdm_t_lambda_gpu/jobs_EWF/step_000/jobs_ci_calculations/frag_solve_000.sh)
[driver] Submitted fci fragment   1  -> Slurm job 5777775  (/mnt/beegfs/merzk/kaliakd/EWF_Geom_Opt_Development/3_test_sci_sbd/rdm_t_lambda_gpu/jobs_EWF/step_000/jobs_ci_calculations/frag_solve_001.sh)
[driver] Submitted fci fragment   2  -> Slurm job 5777776  (/mnt/beegfs/merzk/kaliakd/EWF_Geom_Opt_Development/3_test_sci_sbd/rdm_t_lambda_gpu/jobs_EWF/step_000/jobs_ci_calculations/frag_solve_002.sh)
[driver] Submitted fci fragment   3  -> Slurm job 5777777  (/mnt/beegfs/merzk/kaliakd/EWF_Geom_Opt_Development/3_test_sci_sbd/rdm_t_lambda_gpu/jobs_EWF/step_000/jobs_ci_calculations/frag_solve_003.sh)
[driver] Submitted fci fragment   4  -> Slurm job 5777778  (/mnt/beegfs/merzk/kaliakd/EWF_Geom_Opt_Development/3_test_sci_sbd/rdm_t_lambda_gpu/jobs_EWF/step_000/jobs_ci_calculations/frag_solve_004.sh)
[driver] Submitted fci fragment   5  -> Slurm job 5777779  (/mnt/beegfs/merzk/kaliakd/EWF_Geom_Opt_Development/3_test_sci_sbd/rdm_t_lambda_gpu/jobs_EWF/step_000/jobs_ci_calculations/frag_solve_005.sh)
[driver] Submitted fci fragment   6  -> Slurm job 5777780  (/mnt/beegfs/merzk/kaliakd/EWF_Geom_Opt_Development/3_test_sci_sbd/rdm_t_lambda_gpu/jobs_EWF/step_000/jobs_ci_calculations/frag_solve_006.sh)
[driver] Submitted fci fragment   7  -> Slurm job 5777781  (/mnt/beegfs/merzk/kaliakd/EWF_Geom_Opt_Development/3_test_sci_sbd/rdm_t_lambda_gpu/jobs_EWF/step_000/jobs_ci_calculations/frag_solve_007.sh)
[driver] Submitted fci fragment   8  -> Slurm job 5777782  (/mnt/beegfs/merzk/kaliakd/EWF_Geom_Opt_Development/3_test_sci_sbd/rdm_t_lambda_gpu/jobs_EWF/step_000/jobs_ci_calculations/frag_solve_008.sh)
[driver] Waiting on 9 fragment status file(s) in '/mnt/beegfs/merzk/kaliakd/EWF_Geom_Opt_Development/3_test_sci_sbd/rdm_t_lambda_gpu/jobs_EWF/step_000/jobs_ci_calculations'
[driver]   done=0/9  running=0  queued=9  (poll 15s)
[driver]   done=6/9  running=3  queued=0  (poll 15s)
[driver]   done=6/9  running=3  queued=0  (poll 15s)
[driver]   done=6/9  running=3  queued=0  (poll 15s)
[driver]   done=6/9  running=3  queued=0  (poll 15s)
[driver]   done=6/9  running=3  queued=0  (poll 15s)
[driver]   done=6/9  running=3  queued=0  (poll 15s)
[driver]   done=6/9  running=3  queued=0  (poll 15s)
[driver]   done=6/9  running=3  queued=0  (poll 15s)
[driver]   done=6/9  running=3  queued=0  (poll 15s)
[driver]   done=6/9  running=3  queued=0  (poll 15s)
[driver]   done=6/9  running=3  queued=0  (poll 15s)
[driver]   done=6/9  running=3  queued=0  (poll 15s)
[driver]   done=6/9  running=3  queued=0  (poll 15s)
[driver]   done=6/9  running=3  queued=0  (poll 15s)
[driver]   done=6/9  running=3  queued=0  (poll 15s)
[driver]   done=6/9  running=3  queued=0  (poll 15s)
[driver]   done=6/9  running=3  queued=0  (poll 15s)
[driver]   done=6/9  running=3  queued=0  (poll 15s)
[driver]   done=6/9  running=3  queued=0  (poll 15s)
[driver]   done=6/9  running=3  queued=0  (poll 15s)
[driver]   done=6/9  running=3  queued=0  (poll 15s)
[driver]   done=6/9  running=3  queued=0  (poll 15s)
[driver]   done=6/9  running=3  queued=0  (poll 15s)
[driver]   done=6/9  running=3  queued=0  (poll 15s)
[driver]   done=6/9  running=3  queued=0  (poll 15s)
[driver]   done=6/9  running=3  queued=0  (poll 15s)
[driver]   done=6/9  running=3  queued=0  (poll 15s)
[driver]   done=7/9  running=2  queued=0  (poll 15s)
[driver]   done=7/9  running=2  queued=0  (poll 15s)
[driver]   done=7/9  running=2  queued=0  (poll 15s)
[driver]   done=7/9  running=2  queued=0  (poll 15s)
[driver]   done=7/9  running=2  queued=0  (poll 15s)
[driver]   done=7/9  running=2  queued=0  (poll 15s)
[driver]   done=7/9  running=2  queued=0  (poll 15s)
[driver]   done=7/9  running=2  queued=0  (poll 15s)
[driver]   done=7/9  running=2  queued=0  (poll 15s)
[driver]   done=7/9  running=2  queued=0  (poll 15s)
[driver]   done=7/9  running=2  queued=0  (poll 15s)
[driver]   done=7/9  running=2  queued=0  (poll 15s)
[driver]   done=8/9  running=1  queued=0  (poll 15s)
[driver] All fragment jobs reported DONE.
[geomopt step=000] Assembly route: Stage-1 Lagrangian (rdm_t amplitudes + CCSD Λ/Z-vector relaxed density; amplitude response, frozen-bath)
[lagrangian] global effective-CCSD correlation energy (diagnostic): -0.0780557209 Ha
[lagrangian] Λ-relaxed (Z-vector) global density built; amplitude response included (frozen-bath approximation)
[geomopt step=000] Per-cluster energies (heff + eris):
                      C  E_cluster = -86.8079923256 Ha  [SCI_SBD, norb=17]
                      C  E_cluster = -98.8372161963 Ha  [SCI_SBD, norb=17]
                      C  E_cluster = -91.4338056846 Ha  [SCI_SBD, norb=17]
                      H  E_cluster = -16.6026504029 Ha  [FCI, norb=8]
                      H  E_cluster = -16.5864904470 Ha  [FCI, norb=8]
                      H  E_cluster = -16.6026504029 Ha  [FCI, norb=8]
                      H  E_cluster = -16.4120447159 Ha  [FCI, norb=8]
                      H  E_cluster = -16.4513721795 Ha  [FCI, norb=8]
                      H  E_cluster = -16.4351691176 Ha  [FCI, norb=8]
[geomopt step=000] Global 1-RDM shape         : (21, 21)
[geomopt step=000] Global 2-RDM cumulant shape: (21, 21, 21, 21)
[geomopt step=000] Tr(dm1) = 24.000000 (expected: nelec = 24)
[geomopt step=000] EWF-FCI/SCI_SBD energy: -115.8596483235 Ha
[geomopt step=000] E = -115.8596483235 Ha   |grad| = 1.7459e-01
======================================================================

Step    0 : Gradient = 5.820e-02/6.651e-02 (rms/max) Energy = -115.8596483235
Hessian Eigenvalues: 2.30000e-02 2.30000e-02 2.54027e-02 ... 2.58307e-01 2.58467e-01 3.99459e-01

======================================================================
[geomopt step=001] Starting EWF-FCI/SCI_SBD single-point in /mnt/beegfs/merzk/kaliakd/EWF_Geom_Opt_Development/3_test_sci_sbd/rdm_t_lambda_gpu/jobs_EWF/step_001
======================================================================
[geomopt step=001] Building mol + RHF
[geomopt step=001] HF energy: -115.6542664376
          |
          |  INITIALIZING EWF
INITIALIZING EWF          |  ================
================          |      Initial E(mean-field)=    -115.65426644 Ha
Initial E(mean-field)=    -115.65426644 Ha          |      Calculated E(HF)=         -115.65426644 Ha
Calculated E(HF)=         -115.65426644 Ha          |      Difference dE=              +0.00000000 Ha ( -0.0%)
Difference dE=              +0.00000000 Ha ( -0.0%)          |      n(AO)=   21  n(MO)=   21  n(linear dep.)=    0
n(AO)=   21  n(MO)=   21  n(linear dep.)=    0          |      Parameters of EWF:
Parameters of EWF:          |      Options(store_eris=True, global_frag_chempot=None, dm_with_frozen=False, bath_options={'bathtype':
          |          'mp2', 'canonicalize': True, 'occupation_tolerance': 1e-06, 'dmet_threshold': 1e-08, 'rcut': None,
          |          'unit': 'Ang', 'local_aux_enable': False, 'local_aux_radius': 5.0, 'local_aux_unit': 'Ang',
          |          'local_aux_atom_weight_thresh': 0.0001, 'local_aux_print': False, 'order': None, 'max_order': 20,
          |          'threshold': 1e-05, 'truncation': 'occupation', 'project_dmet_order': 2, 'project_dmet_mode':
          |          'squared-entropy', 'addbuffer': False, 'bathtype_occ': None, 'bathtype_vir': None, 'rcut_occ': None,
          |          'rcut_vir': None, 'unit_occ': None, 'unit_vir': None, 'order_occ': None, 'order_vir': None,
          |          'max_order_occ': None, 'max_order_vir': None, 'threshold_occ': None, 'threshold_vir': None,
          |          'truncation_occ': None, 'truncation_vir': None, 'project_dmet_order_occ': None,
          |          'project_dmet_order_vir': None, 'project_dmet_mode_occ': None, 'project_dmet_mode_vir': None,
          |          'addbuffer_occ': None, 'addbuffer_dmet_vir': None, 'canonicalize_occ': None, 'canonicalize_vir':
          |          None}, bosonic_bath_options={'bathtype': None, 'target_orbitals': 'full', 'local_projection':
          |          'fragment', 'threshold': 1e-06, 'truncation': 'occupation'}, solver_options={'conv_tol': None,
          |          'n_moments': None, 'solve_lambda': True, 'conv_tol_normt': None, 'level_shift': None, 'diis_space':
          |          None, 'diis_start_cycle': None, 'iterative_damping': None, 'threads': 1, 'max_cycle': 300,
          |          'fix_spin': None, 'lindep': None, 'davidson_only': True, 'init_guess': 'default', 'max_boson_occ':
          |          2, 'ansatz': None, 'store_as_ccsd': None, 'dumpfile': '/dev/null', 'callback': None,
          |          'compress_cderi': False}, symmetry_tol=1e-06, symmetry_mf_tol=1e-05, screening=None,
          |          ext_rpa_correction=None, match_cluster_fock=False, iao_minao='auto', project_eris=False,
          |          project_init_guess=True, energy_functional='wf', calc_e_wf_corr=True, calc_e_dm_corr=False,
          |          calc_e_ccsd_t_corr=False, t_as_lambda=None, store_wf_type=None, bsse_correction=True, bsse_rmax=5.0,
          |          nelectron_target=None, sc_mode=0, coupled_iterations=False, _debug_wf=None)
Options(store_eris=True, global_frag_chempot=None, dm_with_frozen=False, bath_options={'bathtype':
    'mp2', 'canonicalize': True, 'occupation_tolerance': 1e-06, 'dmet_threshold': 1e-08, 'rcut': None,
    'unit': 'Ang', 'local_aux_enable': False, 'local_aux_radius': 5.0, 'local_aux_unit': 'Ang',
    'local_aux_atom_weight_thresh': 0.0001, 'local_aux_print': False, 'order': None, 'max_order': 20,
    'threshold': 1e-05, 'truncation': 'occupation', 'project_dmet_order': 2, 'project_dmet_mode':
    'squared-entropy', 'addbuffer': False, 'bathtype_occ': None, 'bathtype_vir': None, 'rcut_occ': None,
    'rcut_vir': None, 'unit_occ': None, 'unit_vir': None, 'order_occ': None, 'order_vir': None,
    'max_order_occ': None, 'max_order_vir': None, 'threshold_occ': None, 'threshold_vir': None,
    'truncation_occ': None, 'truncation_vir': None, 'project_dmet_order_occ': None,
    'project_dmet_order_vir': None, 'project_dmet_mode_occ': None, 'project_dmet_mode_vir': None,
    'addbuffer_occ': None, 'addbuffer_dmet_vir': None, 'canonicalize_occ': None, 'canonicalize_vir':
    None}, bosonic_bath_options={'bathtype': None, 'target_orbitals': 'full', 'local_projection':
    'fragment', 'threshold': 1e-06, 'truncation': 'occupation'}, solver_options={'conv_tol': None,
    'n_moments': None, 'solve_lambda': True, 'conv_tol_normt': None, 'level_shift': None, 'diis_space':
    None, 'diis_start_cycle': None, 'iterative_damping': None, 'threads': 1, 'max_cycle': 300,
    'fix_spin': None, 'lindep': None, 'davidson_only': True, 'init_guess': 'default', 'max_boson_occ':
    2, 'ansatz': None, 'store_as_ccsd': None, 'dumpfile': '/dev/null', 'callback': None,
    'compress_cderi': False}, symmetry_tol=1e-06, symmetry_mf_tol=1e-05, screening=None,
    ext_rpa_correction=None, match_cluster_fock=False, iao_minao='auto', project_eris=False,
    project_init_guess=True, energy_functional='wf', calc_e_wf_corr=True, calc_e_dm_corr=False,
    calc_e_ccsd_t_corr=False, t_as_lambda=None, store_wf_type=None, bsse_correction=True, bsse_rmax=5.0,
    nelectron_target=None, sc_mode=0, coupled_iterations=False, _debug_wf=None)          |      Time for EWF setup: 0.0 s
Time for EWF setup: 0.0 s          |  IAO Fragmentation
IAO Fragmentation          |  -----------------
-----------------          |  IAO:  computational basis= sto-3g  minimal reference basis= sto-3g (automatically chosen)
IAO:  computational basis= sto-3g  minimal reference basis= sto-3g (automatically chosen)          |      IAO CACHE MISS: molecule fingerprint mismatch
IAO CACHE MISS: molecule fingerprint mismatch          |      IAO: building IAOs from scratch (cache miss).
IAO: building IAOs from scratch (cache miss).          |      n(AO)=   21  n(MO)=   21  n(occ-MO)=   12  n(IAO)=   21
n(AO)=   21  n(MO)=   21  n(occ-MO)=   12  n(IAO)=   21          |      IAO CACHE WRITE: saved C_iao to iao_cache.h5 (shape=(21, 21))
IAO CACHE WRITE: saved C_iao to iao_cache.h5 (shape=(21, 21))          |      Fragmentation: orthogonal= True, occupied-complete= True, virtual-complete= True
Fragmentation: orthogonal= True, occupied-complete= True, virtual-complete= True[geomopt step=001] Discovered 9 fragment(s) at threshold=1e-05
[geomopt step=001] === Wave 1/2 : submitting 9 DUMP job(s) ===
[driver] Submitted dump fragment   0  -> Slurm job 5778174  (/mnt/beegfs/merzk/kaliakd/EWF_Geom_Opt_Development/3_test_sci_sbd/rdm_t_lambda_gpu/jobs_EWF/step_001/jobs_fragments_production/frag_dump_000.sh)
[driver] Submitted dump fragment   1  -> Slurm job 5778175  (/mnt/beegfs/merzk/kaliakd/EWF_Geom_Opt_Development/3_test_sci_sbd/rdm_t_lambda_gpu/jobs_EWF/step_001/jobs_fragments_production/frag_dump_001.sh)
[driver] Submitted dump fragment   2  -> Slurm job 5778176  (/mnt/beegfs/merzk/kaliakd/EWF_Geom_Opt_Development/3_test_sci_sbd/rdm_t_lambda_gpu/jobs_EWF/step_001/jobs_fragments_production/frag_dump_002.sh)
[driver] Submitted dump fragment   3  -> Slurm job 5778177  (/mnt/beegfs/merzk/kaliakd/EWF_Geom_Opt_Development/3_test_sci_sbd/rdm_t_lambda_gpu/jobs_EWF/step_001/jobs_fragments_production/frag_dump_003.sh)
[driver] Submitted dump fragment   4  -> Slurm job 5778178  (/mnt/beegfs/merzk/kaliakd/EWF_Geom_Opt_Development/3_test_sci_sbd/rdm_t_lambda_gpu/jobs_EWF/step_001/jobs_fragments_production/frag_dump_004.sh)
[driver] Submitted dump fragment   5  -> Slurm job 5778179  (/mnt/beegfs/merzk/kaliakd/EWF_Geom_Opt_Development/3_test_sci_sbd/rdm_t_lambda_gpu/jobs_EWF/step_001/jobs_fragments_production/frag_dump_005.sh)
[driver] Submitted dump fragment   6  -> Slurm job 5778180  (/mnt/beegfs/merzk/kaliakd/EWF_Geom_Opt_Development/3_test_sci_sbd/rdm_t_lambda_gpu/jobs_EWF/step_001/jobs_fragments_production/frag_dump_006.sh)
[driver] Submitted dump fragment   7  -> Slurm job 5778181  (/mnt/beegfs/merzk/kaliakd/EWF_Geom_Opt_Development/3_test_sci_sbd/rdm_t_lambda_gpu/jobs_EWF/step_001/jobs_fragments_production/frag_dump_007.sh)
[driver] Submitted dump fragment   8  -> Slurm job 5778182  (/mnt/beegfs/merzk/kaliakd/EWF_Geom_Opt_Development/3_test_sci_sbd/rdm_t_lambda_gpu/jobs_EWF/step_001/jobs_fragments_production/frag_dump_008.sh)
[driver] Waiting on 9 fragment status file(s) in '/mnt/beegfs/merzk/kaliakd/EWF_Geom_Opt_Development/3_test_sci_sbd/rdm_t_lambda_gpu/jobs_EWF/step_001/jobs_fragments_production'
[driver]   done=0/9  running=0  queued=9  (poll 15s)
[driver] All fragment jobs reported DONE.
[geomopt step=001] === Wave 2/2 : submitting 9 solve (FCI/SCI) job(s) ===
[driver] Submitted fci fragment   0  -> Slurm job 5778183  (/mnt/beegfs/merzk/kaliakd/EWF_Geom_Opt_Development/3_test_sci_sbd/rdm_t_lambda_gpu/jobs_EWF/step_001/jobs_ci_calculations/frag_solve_000.sh)
[driver] Submitted fci fragment   1  -> Slurm job 5778184  (/mnt/beegfs/merzk/kaliakd/EWF_Geom_Opt_Development/3_test_sci_sbd/rdm_t_lambda_gpu/jobs_EWF/step_001/jobs_ci_calculations/frag_solve_001.sh)
[driver] Submitted fci fragment   2  -> Slurm job 5778185  (/mnt/beegfs/merzk/kaliakd/EWF_Geom_Opt_Development/3_test_sci_sbd/rdm_t_lambda_gpu/jobs_EWF/step_001/jobs_ci_calculations/frag_solve_002.sh)
[driver] Submitted fci fragment   3  -> Slurm job 5778186  (/mnt/beegfs/merzk/kaliakd/EWF_Geom_Opt_Development/3_test_sci_sbd/rdm_t_lambda_gpu/jobs_EWF/step_001/jobs_ci_calculations/frag_solve_003.sh)
[driver] Submitted fci fragment   4  -> Slurm job 5778187  (/mnt/beegfs/merzk/kaliakd/EWF_Geom_Opt_Development/3_test_sci_sbd/rdm_t_lambda_gpu/jobs_EWF/step_001/jobs_ci_calculations/frag_solve_004.sh)
[driver] Submitted fci fragment   5  -> Slurm job 5778188  (/mnt/beegfs/merzk/kaliakd/EWF_Geom_Opt_Development/3_test_sci_sbd/rdm_t_lambda_gpu/jobs_EWF/step_001/jobs_ci_calculations/frag_solve_005.sh)
[driver] Submitted fci fragment   6  -> Slurm job 5778189  (/mnt/beegfs/merzk/kaliakd/EWF_Geom_Opt_Development/3_test_sci_sbd/rdm_t_lambda_gpu/jobs_EWF/step_001/jobs_ci_calculations/frag_solve_006.sh)
[driver] Submitted fci fragment   7  -> Slurm job 5778190  (/mnt/beegfs/merzk/kaliakd/EWF_Geom_Opt_Development/3_test_sci_sbd/rdm_t_lambda_gpu/jobs_EWF/step_001/jobs_ci_calculations/frag_solve_007.sh)
[driver] Submitted fci fragment   8  -> Slurm job 5778191  (/mnt/beegfs/merzk/kaliakd/EWF_Geom_Opt_Development/3_test_sci_sbd/rdm_t_lambda_gpu/jobs_EWF/step_001/jobs_ci_calculations/frag_solve_008.sh)
[driver] Waiting on 9 fragment status file(s) in '/mnt/beegfs/merzk/kaliakd/EWF_Geom_Opt_Development/3_test_sci_sbd/rdm_t_lambda_gpu/jobs_EWF/step_001/jobs_ci_calculations'
[driver]   done=0/9  running=0  queued=9  (poll 15s)
[driver]   done=6/9  running=3  queued=0  (poll 15s)
[driver]   done=6/9  running=3  queued=0  (poll 15s)
[driver]   done=6/9  running=3  queued=0  (poll 15s)
[driver]   done=6/9  running=3  queued=0  (poll 15s)
[driver]   done=6/9  running=3  queued=0  (poll 15s)
[driver]   done=6/9  running=3  queued=0  (poll 15s)
[driver]   done=6/9  running=3  queued=0  (poll 15s)
[driver]   done=6/9  running=3  queued=0  (poll 15s)
[driver]   done=6/9  running=3  queued=0  (poll 15s)
[driver]   done=6/9  running=3  queued=0  (poll 15s)
[driver]   done=6/9  running=3  queued=0  (poll 15s)
[driver]   done=6/9  running=3  queued=0  (poll 15s)
[driver]   done=6/9  running=3  queued=0  (poll 15s)
[driver]   done=6/9  running=3  queued=0  (poll 15s)
[driver]   done=6/9  running=3  queued=0  (poll 15s)
[driver]   done=6/9  running=3  queued=0  (poll 15s)
[driver]   done=6/9  running=3  queued=0  (poll 15s)
[driver]   done=6/9  running=3  queued=0  (poll 15s)
[driver]   done=6/9  running=3  queued=0  (poll 15s)
[driver]   done=6/9  running=3  queued=0  (poll 15s)
[driver]   done=6/9  running=3  queued=0  (poll 15s)
[driver]   done=6/9  running=3  queued=0  (poll 15s)
[driver]   done=6/9  running=3  queued=0  (poll 15s)
[driver]   done=6/9  running=3  queued=0  (poll 15s)
[driver]   done=6/9  running=3  queued=0  (poll 15s)
[driver]   done=6/9  running=3  queued=0  (poll 15s)
[driver]   done=6/9  running=3  queued=0  (poll 15s)
[driver]   done=7/9  running=2  queued=0  (poll 15s)
[driver]   done=8/9  running=1  queued=0  (poll 15s)
[driver]   done=8/9  running=1  queued=0  (poll 15s)
[driver] All fragment jobs reported DONE.
[geomopt step=001] Assembly route: Stage-1 Lagrangian (rdm_t amplitudes + CCSD Λ/Z-vector relaxed density; amplitude response, frozen-bath)
[lagrangian] global effective-CCSD correlation energy (diagnostic): -0.0590148407 Ha
[lagrangian] Λ-relaxed (Z-vector) global density built; amplitude response included (frozen-bath approximation)
[geomopt step=001] Per-cluster energies (heff + eris):
                      C  E_cluster = -89.1489176554 Ha  [SCI_SBD, norb=17]
                      C  E_cluster = -101.8558402592 Ha  [SCI_SBD, norb=17]
                      C  E_cluster = -97.2448671189 Ha  [SCI_SBD, norb=17]
                      H  E_cluster = -17.2943558356 Ha  [FCI, norb=8]
                      H  E_cluster = -17.2856062987 Ha  [FCI, norb=8]
                      H  E_cluster = -17.2943558356 Ha  [FCI, norb=8]
                      H  E_cluster = -17.1706056419 Ha  [FCI, norb=8]
                      H  E_cluster = -17.2236108483 Ha  [FCI, norb=8]
                      H  E_cluster = -17.2039350022 Ha  [FCI, norb=8]
[geomopt step=001] Global 1-RDM shape         : (21, 21)
[geomopt step=001] Global 2-RDM cumulant shape: (21, 21, 21, 21)
[geomopt step=001] Tr(dm1) = 24.000000 (expected: nelec = 24)
[geomopt step=001] EWF-FCI/SCI_SBD energy: -115.8911675180 Ha
[geomopt step=001] E = -115.8911675180 Ha   |grad| = 4.3045e-02
======================================================================

Step    1 : Displace = [0m1.018e-01[0m/[0m1.383e-01[0m (rms/max) Trust = 1.000e-01 (=) Grad = [0m1.435e-02[0m/[0m1.787e-02[0m (rms/max) E (change) = -115.8911675180 ([0m-3.152e-02[0m) Quality = [0m0.549[0m
Hessian Eigenvalues: 2.30000e-02 2.30000e-02 2.54027e-02 ... 2.58377e-01 2.98249e-01 4.53638e-01

======================================================================
[geomopt step=002] Starting EWF-FCI/SCI_SBD single-point in /mnt/beegfs/merzk/kaliakd/EWF_Geom_Opt_Development/3_test_sci_sbd/rdm_t_lambda_gpu/jobs_EWF/step_002
======================================================================
[geomopt step=002] Building mol + RHF
[geomopt step=002] HF energy: -115.6589058043
          |
          |  INITIALIZING EWF
INITIALIZING EWF          |  ================
================          |      Initial E(mean-field)=    -115.65890580 Ha
Initial E(mean-field)=    -115.65890580 Ha          |      Calculated E(HF)=         -115.65890580 Ha
Calculated E(HF)=         -115.65890580 Ha          |      Difference dE=              +0.00000000 Ha ( -0.0%)
Difference dE=              +0.00000000 Ha ( -0.0%)          |      n(AO)=   21  n(MO)=   21  n(linear dep.)=    0
n(AO)=   21  n(MO)=   21  n(linear dep.)=    0          |      Parameters of EWF:
Parameters of EWF:          |      Options(store_eris=True, global_frag_chempot=None, dm_with_frozen=False, bath_options={'bathtype':
          |          'mp2', 'canonicalize': True, 'occupation_tolerance': 1e-06, 'dmet_threshold': 1e-08, 'rcut': None,
          |          'unit': 'Ang', 'local_aux_enable': False, 'local_aux_radius': 5.0, 'local_aux_unit': 'Ang',
          |          'local_aux_atom_weight_thresh': 0.0001, 'local_aux_print': False, 'order': None, 'max_order': 20,
          |          'threshold': 1e-05, 'truncation': 'occupation', 'project_dmet_order': 2, 'project_dmet_mode':
          |          'squared-entropy', 'addbuffer': False, 'bathtype_occ': None, 'bathtype_vir': None, 'rcut_occ': None,
          |          'rcut_vir': None, 'unit_occ': None, 'unit_vir': None, 'order_occ': None, 'order_vir': None,
          |          'max_order_occ': None, 'max_order_vir': None, 'threshold_occ': None, 'threshold_vir': None,
          |          'truncation_occ': None, 'truncation_vir': None, 'project_dmet_order_occ': None,
          |          'project_dmet_order_vir': None, 'project_dmet_mode_occ': None, 'project_dmet_mode_vir': None,
          |          'addbuffer_occ': None, 'addbuffer_dmet_vir': None, 'canonicalize_occ': None, 'canonicalize_vir':
          |          None}, bosonic_bath_options={'bathtype': None, 'target_orbitals': 'full', 'local_projection':
          |          'fragment', 'threshold': 1e-06, 'truncation': 'occupation'}, solver_options={'conv_tol': None,
          |          'n_moments': None, 'solve_lambda': True, 'conv_tol_normt': None, 'level_shift': None, 'diis_space':
          |          None, 'diis_start_cycle': None, 'iterative_damping': None, 'threads': 1, 'max_cycle': 300,
          |          'fix_spin': None, 'lindep': None, 'davidson_only': True, 'init_guess': 'default', 'max_boson_occ':
          |          2, 'ansatz': None, 'store_as_ccsd': None, 'dumpfile': '/dev/null', 'callback': None,
          |          'compress_cderi': False}, symmetry_tol=1e-06, symmetry_mf_tol=1e-05, screening=None,
          |          ext_rpa_correction=None, match_cluster_fock=False, iao_minao='auto', project_eris=False,
          |          project_init_guess=True, energy_functional='wf', calc_e_wf_corr=True, calc_e_dm_corr=False,
          |          calc_e_ccsd_t_corr=False, t_as_lambda=None, store_wf_type=None, bsse_correction=True, bsse_rmax=5.0,
          |          nelectron_target=None, sc_mode=0, coupled_iterations=False, _debug_wf=None)
Options(store_eris=True, global_frag_chempot=None, dm_with_frozen=False, bath_options={'bathtype':
    'mp2', 'canonicalize': True, 'occupation_tolerance': 1e-06, 'dmet_threshold': 1e-08, 'rcut': None,
    'unit': 'Ang', 'local_aux_enable': False, 'local_aux_radius': 5.0, 'local_aux_unit': 'Ang',
    'local_aux_atom_weight_thresh': 0.0001, 'local_aux_print': False, 'order': None, 'max_order': 20,
    'threshold': 1e-05, 'truncation': 'occupation', 'project_dmet_order': 2, 'project_dmet_mode':
    'squared-entropy', 'addbuffer': False, 'bathtype_occ': None, 'bathtype_vir': None, 'rcut_occ': None,
    'rcut_vir': None, 'unit_occ': None, 'unit_vir': None, 'order_occ': None, 'order_vir': None,
    'max_order_occ': None, 'max_order_vir': None, 'threshold_occ': None, 'threshold_vir': None,
    'truncation_occ': None, 'truncation_vir': None, 'project_dmet_order_occ': None,
    'project_dmet_order_vir': None, 'project_dmet_mode_occ': None, 'project_dmet_mode_vir': None,
    'addbuffer_occ': None, 'addbuffer_dmet_vir': None, 'canonicalize_occ': None, 'canonicalize_vir':
    None}, bosonic_bath_options={'bathtype': None, 'target_orbitals': 'full', 'local_projection':
    'fragment', 'threshold': 1e-06, 'truncation': 'occupation'}, solver_options={'conv_tol': None,
    'n_moments': None, 'solve_lambda': True, 'conv_tol_normt': None, 'level_shift': None, 'diis_space':
    None, 'diis_start_cycle': None, 'iterative_damping': None, 'threads': 1, 'max_cycle': 300,
    'fix_spin': None, 'lindep': None, 'davidson_only': True, 'init_guess': 'default', 'max_boson_occ':
    2, 'ansatz': None, 'store_as_ccsd': None, 'dumpfile': '/dev/null', 'callback': None,
    'compress_cderi': False}, symmetry_tol=1e-06, symmetry_mf_tol=1e-05, screening=None,
    ext_rpa_correction=None, match_cluster_fock=False, iao_minao='auto', project_eris=False,
    project_init_guess=True, energy_functional='wf', calc_e_wf_corr=True, calc_e_dm_corr=False,
    calc_e_ccsd_t_corr=False, t_as_lambda=None, store_wf_type=None, bsse_correction=True, bsse_rmax=5.0,
    nelectron_target=None, sc_mode=0, coupled_iterations=False, _debug_wf=None)          |      Time for EWF setup: 0.0 s
Time for EWF setup: 0.0 s          |  IAO Fragmentation
IAO Fragmentation          |  -----------------
-----------------          |  IAO:  computational basis= sto-3g  minimal reference basis= sto-3g (automatically chosen)
IAO:  computational basis= sto-3g  minimal reference basis= sto-3g (automatically chosen)          |      IAO CACHE MISS: molecule fingerprint mismatch
IAO CACHE MISS: molecule fingerprint mismatch          |      IAO: building IAOs from scratch (cache miss).
IAO: building IAOs from scratch (cache miss).          |      n(AO)=   21  n(MO)=   21  n(occ-MO)=   12  n(IAO)=   21
n(AO)=   21  n(MO)=   21  n(occ-MO)=   12  n(IAO)=   21          |      IAO CACHE WRITE: saved C_iao to iao_cache.h5 (shape=(21, 21))
IAO CACHE WRITE: saved C_iao to iao_cache.h5 (shape=(21, 21))          |      Fragmentation: orthogonal= True, occupied-complete= True, virtual-complete= True
Fragmentation: orthogonal= True, occupied-complete= True, virtual-complete= True[geomopt step=002] Discovered 9 fragment(s) at threshold=1e-05
[geomopt step=002] === Wave 1/2 : submitting 9 DUMP job(s) ===
[driver] Submitted dump fragment   0  -> Slurm job 5778231  (/mnt/beegfs/merzk/kaliakd/EWF_Geom_Opt_Development/3_test_sci_sbd/rdm_t_lambda_gpu/jobs_EWF/step_002/jobs_fragments_production/frag_dump_000.sh)
[driver] Submitted dump fragment   1  -> Slurm job 5778232  (/mnt/beegfs/merzk/kaliakd/EWF_Geom_Opt_Development/3_test_sci_sbd/rdm_t_lambda_gpu/jobs_EWF/step_002/jobs_fragments_production/frag_dump_001.sh)
[driver] Submitted dump fragment   2  -> Slurm job 5778233  (/mnt/beegfs/merzk/kaliakd/EWF_Geom_Opt_Development/3_test_sci_sbd/rdm_t_lambda_gpu/jobs_EWF/step_002/jobs_fragments_production/frag_dump_002.sh)
[driver] Submitted dump fragment   3  -> Slurm job 5778234  (/mnt/beegfs/merzk/kaliakd/EWF_Geom_Opt_Development/3_test_sci_sbd/rdm_t_lambda_gpu/jobs_EWF/step_002/jobs_fragments_production/frag_dump_003.sh)
[driver] Submitted dump fragment   4  -> Slurm job 5778235  (/mnt/beegfs/merzk/kaliakd/EWF_Geom_Opt_Development/3_test_sci_sbd/rdm_t_lambda_gpu/jobs_EWF/step_002/jobs_fragments_production/frag_dump_004.sh)
[driver] Submitted dump fragment   5  -> Slurm job 5778236  (/mnt/beegfs/merzk/kaliakd/EWF_Geom_Opt_Development/3_test_sci_sbd/rdm_t_lambda_gpu/jobs_EWF/step_002/jobs_fragments_production/frag_dump_005.sh)
[driver] Submitted dump fragment   6  -> Slurm job 5778237  (/mnt/beegfs/merzk/kaliakd/EWF_Geom_Opt_Development/3_test_sci_sbd/rdm_t_lambda_gpu/jobs_EWF/step_002/jobs_fragments_production/frag_dump_006.sh)
[driver] Submitted dump fragment   7  -> Slurm job 5778238  (/mnt/beegfs/merzk/kaliakd/EWF_Geom_Opt_Development/3_test_sci_sbd/rdm_t_lambda_gpu/jobs_EWF/step_002/jobs_fragments_production/frag_dump_007.sh)
[driver] Submitted dump fragment   8  -> Slurm job 5778239  (/mnt/beegfs/merzk/kaliakd/EWF_Geom_Opt_Development/3_test_sci_sbd/rdm_t_lambda_gpu/jobs_EWF/step_002/jobs_fragments_production/frag_dump_008.sh)
[driver] Waiting on 9 fragment status file(s) in '/mnt/beegfs/merzk/kaliakd/EWF_Geom_Opt_Development/3_test_sci_sbd/rdm_t_lambda_gpu/jobs_EWF/step_002/jobs_fragments_production'
[driver]   done=0/9  running=0  queued=9  (poll 15s)
[driver] All fragment jobs reported DONE.
[geomopt step=002] === Wave 2/2 : submitting 9 solve (FCI/SCI) job(s) ===
[driver] Submitted fci fragment   0  -> Slurm job 5778241  (/mnt/beegfs/merzk/kaliakd/EWF_Geom_Opt_Development/3_test_sci_sbd/rdm_t_lambda_gpu/jobs_EWF/step_002/jobs_ci_calculations/frag_solve_000.sh)
[driver] Submitted fci fragment   1  -> Slurm job 5778242  (/mnt/beegfs/merzk/kaliakd/EWF_Geom_Opt_Development/3_test_sci_sbd/rdm_t_lambda_gpu/jobs_EWF/step_002/jobs_ci_calculations/frag_solve_001.sh)
[driver] Submitted fci fragment   2  -> Slurm job 5778243  (/mnt/beegfs/merzk/kaliakd/EWF_Geom_Opt_Development/3_test_sci_sbd/rdm_t_lambda_gpu/jobs_EWF/step_002/jobs_ci_calculations/frag_solve_002.sh)
[driver] Submitted fci fragment   3  -> Slurm job 5778244  (/mnt/beegfs/merzk/kaliakd/EWF_Geom_Opt_Development/3_test_sci_sbd/rdm_t_lambda_gpu/jobs_EWF/step_002/jobs_ci_calculations/frag_solve_003.sh)
[driver] Submitted fci fragment   4  -> Slurm job 5778245  (/mnt/beegfs/merzk/kaliakd/EWF_Geom_Opt_Development/3_test_sci_sbd/rdm_t_lambda_gpu/jobs_EWF/step_002/jobs_ci_calculations/frag_solve_004.sh)
[driver] Submitted fci fragment   5  -> Slurm job 5778246  (/mnt/beegfs/merzk/kaliakd/EWF_Geom_Opt_Development/3_test_sci_sbd/rdm_t_lambda_gpu/jobs_EWF/step_002/jobs_ci_calculations/frag_solve_005.sh)
[driver] Submitted fci fragment   6  -> Slurm job 5778247  (/mnt/beegfs/merzk/kaliakd/EWF_Geom_Opt_Development/3_test_sci_sbd/rdm_t_lambda_gpu/jobs_EWF/step_002/jobs_ci_calculations/frag_solve_006.sh)
[driver] Submitted fci fragment   7  -> Slurm job 5778248  (/mnt/beegfs/merzk/kaliakd/EWF_Geom_Opt_Development/3_test_sci_sbd/rdm_t_lambda_gpu/jobs_EWF/step_002/jobs_ci_calculations/frag_solve_007.sh)
[driver] Submitted fci fragment   8  -> Slurm job 5778249  (/mnt/beegfs/merzk/kaliakd/EWF_Geom_Opt_Development/3_test_sci_sbd/rdm_t_lambda_gpu/jobs_EWF/step_002/jobs_ci_calculations/frag_solve_008.sh)
[driver] Waiting on 9 fragment status file(s) in '/mnt/beegfs/merzk/kaliakd/EWF_Geom_Opt_Development/3_test_sci_sbd/rdm_t_lambda_gpu/jobs_EWF/step_002/jobs_ci_calculations'
[driver]   done=0/9  running=0  queued=9  (poll 15s)
[driver]   done=6/9  running=3  queued=0  (poll 15s)
[driver]   done=6/9  running=3  queued=0  (poll 15s)
[driver]   done=6/9  running=3  queued=0  (poll 15s)
[driver]   done=6/9  running=3  queued=0  (poll 15s)
[driver]   done=6/9  running=3  queued=0  (poll 15s)
[driver]   done=6/9  running=3  queued=0  (poll 15s)
[driver]   done=6/9  running=3  queued=0  (poll 15s)
[driver]   done=6/9  running=3  queued=0  (poll 15s)
[driver]   done=6/9  running=3  queued=0  (poll 15s)
[driver]   done=6/9  running=3  queued=0  (poll 15s)
[driver]   done=6/9  running=3  queued=0  (poll 15s)
[driver]   done=6/9  running=3  queued=0  (poll 15s)
[driver]   done=6/9  running=3  queued=0  (poll 15s)
[driver]   done=6/9  running=3  queued=0  (poll 15s)
[driver]   done=6/9  running=3  queued=0  (poll 15s)
[driver]   done=6/9  running=3  queued=0  (poll 15s)
[driver]   done=6/9  running=3  queued=0  (poll 15s)
[driver]   done=6/9  running=3  queued=0  (poll 15s)
[driver]   done=6/9  running=3  queued=0  (poll 15s)
[driver]   done=6/9  running=3  queued=0  (poll 15s)
[driver]   done=6/9  running=3  queued=0  (poll 15s)
[driver]   done=6/9  running=3  queued=0  (poll 15s)
[driver]   done=6/9  running=3  queued=0  (poll 15s)
[driver]   done=6/9  running=3  queued=0  (poll 15s)
[driver]   done=6/9  running=3  queued=0  (poll 15s)
[driver]   done=6/9  running=3  queued=0  (poll 15s)
[driver]   done=7/9  running=2  queued=0  (poll 15s)
[driver]   done=7/9  running=2  queued=0  (poll 15s)
[driver]   done=7/9  running=2  queued=0  (poll 15s)
[driver]   done=7/9  running=2  queued=0  (poll 15s)
[driver]   done=8/9  running=1  queued=0  (poll 15s)
[driver]   done=8/9  running=1  queued=0  (poll 15s)
[driver]   done=8/9  running=1  queued=0  (poll 15s)
[driver]   done=8/9  running=1  queued=0  (poll 15s)
[driver]   done=8/9  running=1  queued=0  (poll 15s)
[driver]   done=8/9  running=1  queued=0  (poll 15s)
[driver] All fragment jobs reported DONE.
[geomopt step=002] Assembly route: Stage-1 Lagrangian (rdm_t amplitudes + CCSD Λ/Z-vector relaxed density; amplitude response, frozen-bath)
[lagrangian] global effective-CCSD correlation energy (diagnostic): -0.0562446789 Ha
[lagrangian] Λ-relaxed (Z-vector) global density built; amplitude response included (frozen-bath approximation)
[geomopt step=002] Per-cluster energies (heff + eris):
                      C  E_cluster = -89.7756977310 Ha  [SCI_SBD, norb=17]
                      C  E_cluster = -102.5087944872 Ha  [SCI_SBD, norb=17]
                      C  E_cluster = -99.4077852010 Ha  [SCI_SBD, norb=17]
                      H  E_cluster = -17.5791671365 Ha  [FCI, norb=8]
                      H  E_cluster = -17.5806815476 Ha  [FCI, norb=8]
                      H  E_cluster = -17.5791671365 Ha  [FCI, norb=8]
                      H  E_cluster = -17.3292196187 Ha  [FCI, norb=8]
                      H  E_cluster = -17.4143951999 Ha  [FCI, norb=8]
                      H  E_cluster = -17.3953508196 Ha  [FCI, norb=8]
[geomopt step=002] Global 1-RDM shape         : (21, 21)
[geomopt step=002] Global 2-RDM cumulant shape: (21, 21, 21, 21)
[geomopt step=002] Tr(dm1) = 24.000000 (expected: nelec = 24)
[geomopt step=002] EWF-FCI/SCI_SBD energy: -115.8875170684 Ha
[geomopt step=002] E = -115.8875170684 Ha   |grad| = 2.2782e-02
======================================================================

Step    2 : Displace = [0m3.544e-02[0m/[0m5.824e-02[0m (rms/max) Trust = 1.000e-01 (=) Grad = [0m7.594e-03[0m/[0m1.168e-02[0m (rms/max) E (change) = -115.8875170684 ([91m+3.650e-03[0m) Quality = [91m-1.147[0m
[93mRejecting step - quality is lower than -1.0[0m
Hessian Eigenvalues: 2.30000e-02 2.30000e-02 2.54027e-02 ... 2.58377e-01 2.98249e-01 4.53638e-01

======================================================================
[geomopt step=003] Starting EWF-FCI/SCI_SBD single-point in /mnt/beegfs/merzk/kaliakd/EWF_Geom_Opt_Development/3_test_sci_sbd/rdm_t_lambda_gpu/jobs_EWF/step_003
======================================================================
[geomopt step=003] Building mol + RHF
[geomopt step=003] HF energy: -115.6582780058
          |
          |  INITIALIZING EWF
INITIALIZING EWF          |  ================
================          |      Initial E(mean-field)=    -115.65827801 Ha
Initial E(mean-field)=    -115.65827801 Ha          |      Calculated E(HF)=         -115.65827801 Ha
Calculated E(HF)=         -115.65827801 Ha          |      Difference dE=              +0.00000000 Ha ( -0.0%)
Difference dE=              +0.00000000 Ha ( -0.0%)          |      n(AO)=   21  n(MO)=   21  n(linear dep.)=    0
n(AO)=   21  n(MO)=   21  n(linear dep.)=    0          |      Parameters of EWF:
Parameters of EWF:          |      Options(store_eris=True, global_frag_chempot=None, dm_with_frozen=False, bath_options={'bathtype':
          |          'mp2', 'canonicalize': True, 'occupation_tolerance': 1e-06, 'dmet_threshold': 1e-08, 'rcut': None,
          |          'unit': 'Ang', 'local_aux_enable': False, 'local_aux_radius': 5.0, 'local_aux_unit': 'Ang',
          |          'local_aux_atom_weight_thresh': 0.0001, 'local_aux_print': False, 'order': None, 'max_order': 20,
          |          'threshold': 1e-05, 'truncation': 'occupation', 'project_dmet_order': 2, 'project_dmet_mode':
          |          'squared-entropy', 'addbuffer': False, 'bathtype_occ': None, 'bathtype_vir': None, 'rcut_occ': None,
          |          'rcut_vir': None, 'unit_occ': None, 'unit_vir': None, 'order_occ': None, 'order_vir': None,
          |          'max_order_occ': None, 'max_order_vir': None, 'threshold_occ': None, 'threshold_vir': None,
          |          'truncation_occ': None, 'truncation_vir': None, 'project_dmet_order_occ': None,
          |          'project_dmet_order_vir': None, 'project_dmet_mode_occ': None, 'project_dmet_mode_vir': None,
          |          'addbuffer_occ': None, 'addbuffer_dmet_vir': None, 'canonicalize_occ': None, 'canonicalize_vir':
          |          None}, bosonic_bath_options={'bathtype': None, 'target_orbitals': 'full', 'local_projection':
          |          'fragment', 'threshold': 1e-06, 'truncation': 'occupation'}, solver_options={'conv_tol': None,
          |          'n_moments': None, 'solve_lambda': True, 'conv_tol_normt': None, 'level_shift': None, 'diis_space':
          |          None, 'diis_start_cycle': None, 'iterative_damping': None, 'threads': 1, 'max_cycle': 300,
          |          'fix_spin': None, 'lindep': None, 'davidson_only': True, 'init_guess': 'default', 'max_boson_occ':
          |          2, 'ansatz': None, 'store_as_ccsd': None, 'dumpfile': '/dev/null', 'callback': None,
          |          'compress_cderi': False}, symmetry_tol=1e-06, symmetry_mf_tol=1e-05, screening=None,
          |          ext_rpa_correction=None, match_cluster_fock=False, iao_minao='auto', project_eris=False,
          |          project_init_guess=True, energy_functional='wf', calc_e_wf_corr=True, calc_e_dm_corr=False,
          |          calc_e_ccsd_t_corr=False, t_as_lambda=None, store_wf_type=None, bsse_correction=True, bsse_rmax=5.0,
          |          nelectron_target=None, sc_mode=0, coupled_iterations=False, _debug_wf=None)
Options(store_eris=True, global_frag_chempot=None, dm_with_frozen=False, bath_options={'bathtype':
    'mp2', 'canonicalize': True, 'occupation_tolerance': 1e-06, 'dmet_threshold': 1e-08, 'rcut': None,
    'unit': 'Ang', 'local_aux_enable': False, 'local_aux_radius': 5.0, 'local_aux_unit': 'Ang',
    'local_aux_atom_weight_thresh': 0.0001, 'local_aux_print': False, 'order': None, 'max_order': 20,
    'threshold': 1e-05, 'truncation': 'occupation', 'project_dmet_order': 2, 'project_dmet_mode':
    'squared-entropy', 'addbuffer': False, 'bathtype_occ': None, 'bathtype_vir': None, 'rcut_occ': None,
    'rcut_vir': None, 'unit_occ': None, 'unit_vir': None, 'order_occ': None, 'order_vir': None,
    'max_order_occ': None, 'max_order_vir': None, 'threshold_occ': None, 'threshold_vir': None,
    'truncation_occ': None, 'truncation_vir': None, 'project_dmet_order_occ': None,
    'project_dmet_order_vir': None, 'project_dmet_mode_occ': None, 'project_dmet_mode_vir': None,
    'addbuffer_occ': None, 'addbuffer_dmet_vir': None, 'canonicalize_occ': None, 'canonicalize_vir':
    None}, bosonic_bath_options={'bathtype': None, 'target_orbitals': 'full', 'local_projection':
    'fragment', 'threshold': 1e-06, 'truncation': 'occupation'}, solver_options={'conv_tol': None,
    'n_moments': None, 'solve_lambda': True, 'conv_tol_normt': None, 'level_shift': None, 'diis_space':
    None, 'diis_start_cycle': None, 'iterative_damping': None, 'threads': 1, 'max_cycle': 300,
    'fix_spin': None, 'lindep': None, 'davidson_only': True, 'init_guess': 'default', 'max_boson_occ':
    2, 'ansatz': None, 'store_as_ccsd': None, 'dumpfile': '/dev/null', 'callback': None,
    'compress_cderi': False}, symmetry_tol=1e-06, symmetry_mf_tol=1e-05, screening=None,
    ext_rpa_correction=None, match_cluster_fock=False, iao_minao='auto', project_eris=False,
    project_init_guess=True, energy_functional='wf', calc_e_wf_corr=True, calc_e_dm_corr=False,
    calc_e_ccsd_t_corr=False, t_as_lambda=None, store_wf_type=None, bsse_correction=True, bsse_rmax=5.0,
    nelectron_target=None, sc_mode=0, coupled_iterations=False, _debug_wf=None)          |      Time for EWF setup: 0.0 s
Time for EWF setup: 0.0 s          |  IAO Fragmentation
IAO Fragmentation          |  -----------------
-----------------          |  IAO:  computational basis= sto-3g  minimal reference basis= sto-3g (automatically chosen)
IAO:  computational basis= sto-3g  minimal reference basis= sto-3g (automatically chosen)          |      IAO CACHE MISS: molecule fingerprint mismatch
IAO CACHE MISS: molecule fingerprint mismatch          |      IAO: building IAOs from scratch (cache miss).
IAO: building IAOs from scratch (cache miss).          |      n(AO)=   21  n(MO)=   21  n(occ-MO)=   12  n(IAO)=   21
n(AO)=   21  n(MO)=   21  n(occ-MO)=   12  n(IAO)=   21          |      IAO CACHE WRITE: saved C_iao to iao_cache.h5 (shape=(21, 21))
IAO CACHE WRITE: saved C_iao to iao_cache.h5 (shape=(21, 21))          |      Fragmentation: orthogonal= True, occupied-complete= True, virtual-complete= True
Fragmentation: orthogonal= True, occupied-complete= True, virtual-complete= True[geomopt step=003] Discovered 9 fragment(s) at threshold=1e-05
[geomopt step=003] === Wave 1/2 : submitting 9 DUMP job(s) ===
[driver] Submitted dump fragment   0  -> Slurm job 5778273  (/mnt/beegfs/merzk/kaliakd/EWF_Geom_Opt_Development/3_test_sci_sbd/rdm_t_lambda_gpu/jobs_EWF/step_003/jobs_fragments_production/frag_dump_000.sh)
[driver] Submitted dump fragment   1  -> Slurm job 5778274  (/mnt/beegfs/merzk/kaliakd/EWF_Geom_Opt_Development/3_test_sci_sbd/rdm_t_lambda_gpu/jobs_EWF/step_003/jobs_fragments_production/frag_dump_001.sh)
[driver] Submitted dump fragment   2  -> Slurm job 5778275  (/mnt/beegfs/merzk/kaliakd/EWF_Geom_Opt_Development/3_test_sci_sbd/rdm_t_lambda_gpu/jobs_EWF/step_003/jobs_fragments_production/frag_dump_002.sh)
[driver] Submitted dump fragment   3  -> Slurm job 5778276  (/mnt/beegfs/merzk/kaliakd/EWF_Geom_Opt_Development/3_test_sci_sbd/rdm_t_lambda_gpu/jobs_EWF/step_003/jobs_fragments_production/frag_dump_003.sh)
[driver] Submitted dump fragment   4  -> Slurm job 5778277  (/mnt/beegfs/merzk/kaliakd/EWF_Geom_Opt_Development/3_test_sci_sbd/rdm_t_lambda_gpu/jobs_EWF/step_003/jobs_fragments_production/frag_dump_004.sh)
[driver] Submitted dump fragment   5  -> Slurm job 5778278  (/mnt/beegfs/merzk/kaliakd/EWF_Geom_Opt_Development/3_test_sci_sbd/rdm_t_lambda_gpu/jobs_EWF/step_003/jobs_fragments_production/frag_dump_005.sh)
[driver] Submitted dump fragment   6  -> Slurm job 5778279  (/mnt/beegfs/merzk/kaliakd/EWF_Geom_Opt_Development/3_test_sci_sbd/rdm_t_lambda_gpu/jobs_EWF/step_003/jobs_fragments_production/frag_dump_006.sh)
[driver] Submitted dump fragment   7  -> Slurm job 5778280  (/mnt/beegfs/merzk/kaliakd/EWF_Geom_Opt_Development/3_test_sci_sbd/rdm_t_lambda_gpu/jobs_EWF/step_003/jobs_fragments_production/frag_dump_007.sh)
[driver] Submitted dump fragment   8  -> Slurm job 5778281  (/mnt/beegfs/merzk/kaliakd/EWF_Geom_Opt_Development/3_test_sci_sbd/rdm_t_lambda_gpu/jobs_EWF/step_003/jobs_fragments_production/frag_dump_008.sh)
[driver] Waiting on 9 fragment status file(s) in '/mnt/beegfs/merzk/kaliakd/EWF_Geom_Opt_Development/3_test_sci_sbd/rdm_t_lambda_gpu/jobs_EWF/step_003/jobs_fragments_production'
[driver]   done=0/9  running=0  queued=9  (poll 15s)
[driver] All fragment jobs reported DONE.
[geomopt step=003] === Wave 2/2 : submitting 9 solve (FCI/SCI) job(s) ===
[driver] Submitted fci fragment   0  -> Slurm job 5778283  (/mnt/beegfs/merzk/kaliakd/EWF_Geom_Opt_Development/3_test_sci_sbd/rdm_t_lambda_gpu/jobs_EWF/step_003/jobs_ci_calculations/frag_solve_000.sh)
[driver] Submitted fci fragment   1  -> Slurm job 5778284  (/mnt/beegfs/merzk/kaliakd/EWF_Geom_Opt_Development/3_test_sci_sbd/rdm_t_lambda_gpu/jobs_EWF/step_003/jobs_ci_calculations/frag_solve_001.sh)
[driver] Submitted fci fragment   2  -> Slurm job 5778285  (/mnt/beegfs/merzk/kaliakd/EWF_Geom_Opt_Development/3_test_sci_sbd/rdm_t_lambda_gpu/jobs_EWF/step_003/jobs_ci_calculations/frag_solve_002.sh)
[driver] Submitted fci fragment   3  -> Slurm job 5778286  (/mnt/beegfs/merzk/kaliakd/EWF_Geom_Opt_Development/3_test_sci_sbd/rdm_t_lambda_gpu/jobs_EWF/step_003/jobs_ci_calculations/frag_solve_003.sh)
[driver] Submitted fci fragment   4  -> Slurm job 5778287  (/mnt/beegfs/merzk/kaliakd/EWF_Geom_Opt_Development/3_test_sci_sbd/rdm_t_lambda_gpu/jobs_EWF/step_003/jobs_ci_calculations/frag_solve_004.sh)
[driver] Submitted fci fragment   5  -> Slurm job 5778288  (/mnt/beegfs/merzk/kaliakd/EWF_Geom_Opt_Development/3_test_sci_sbd/rdm_t_lambda_gpu/jobs_EWF/step_003/jobs_ci_calculations/frag_solve_005.sh)
[driver] Submitted fci fragment   6  -> Slurm job 5778289  (/mnt/beegfs/merzk/kaliakd/EWF_Geom_Opt_Development/3_test_sci_sbd/rdm_t_lambda_gpu/jobs_EWF/step_003/jobs_ci_calculations/frag_solve_006.sh)
[driver] Submitted fci fragment   7  -> Slurm job 5778290  (/mnt/beegfs/merzk/kaliakd/EWF_Geom_Opt_Development/3_test_sci_sbd/rdm_t_lambda_gpu/jobs_EWF/step_003/jobs_ci_calculations/frag_solve_007.sh)
[driver] Submitted fci fragment   8  -> Slurm job 5778291  (/mnt/beegfs/merzk/kaliakd/EWF_Geom_Opt_Development/3_test_sci_sbd/rdm_t_lambda_gpu/jobs_EWF/step_003/jobs_ci_calculations/frag_solve_008.sh)
[driver] Waiting on 9 fragment status file(s) in '/mnt/beegfs/merzk/kaliakd/EWF_Geom_Opt_Development/3_test_sci_sbd/rdm_t_lambda_gpu/jobs_EWF/step_003/jobs_ci_calculations'
[driver]   done=0/9  running=0  queued=9  (poll 15s)
[driver]   done=6/9  running=3  queued=0  (poll 15s)
[driver]   done=6/9  running=3  queued=0  (poll 15s)
[driver]   done=6/9  running=3  queued=0  (poll 15s)
[driver]   done=6/9  running=3  queued=0  (poll 15s)
[driver]   done=6/9  running=3  queued=0  (poll 15s)
[driver]   done=6/9  running=3  queued=0  (poll 15s)
[driver]   done=6/9  running=3  queued=0  (poll 15s)
[driver]   done=6/9  running=3  queued=0  (poll 15s)
[driver]   done=6/9  running=3  queued=0  (poll 15s)
[driver]   done=6/9  running=3  queued=0  (poll 15s)
[driver]   done=6/9  running=3  queued=0  (poll 15s)
[driver]   done=6/9  running=3  queued=0  (poll 15s)
[driver]   done=6/9  running=3  queued=0  (poll 15s)
[driver]   done=6/9  running=3  queued=0  (poll 15s)
[driver]   done=6/9  running=3  queued=0  (poll 15s)
[driver]   done=6/9  running=3  queued=0  (poll 15s)
[driver]   done=6/9  running=3  queued=0  (poll 15s)
[driver]   done=6/9  running=3  queued=0  (poll 15s)
[driver]   done=6/9  running=3  queued=0  (poll 15s)
[driver]   done=6/9  running=3  queued=0  (poll 15s)
[driver]   done=6/9  running=3  queued=0  (poll 15s)
[driver]   done=6/9  running=3  queued=0  (poll 15s)
[driver]   done=6/9  running=3  queued=0  (poll 15s)
[driver]   done=6/9  running=3  queued=0  (poll 15s)
[driver]   done=6/9  running=3  queued=0  (poll 15s)
[driver]   done=6/9  running=3  queued=0  (poll 15s)
[driver]   done=6/9  running=3  queued=0  (poll 15s)
[driver]   done=6/9  running=3  queued=0  (poll 15s)
[driver]   done=6/9  running=3  queued=0  (poll 15s)
[driver]   done=7/9  running=2  queued=0  (poll 15s)
[driver]   done=7/9  running=2  queued=0  (poll 15s)
[driver]   done=8/9  running=1  queued=0  (poll 15s)
[driver] All fragment jobs reported DONE.
[geomopt step=003] Assembly route: Stage-1 Lagrangian (rdm_t amplitudes + CCSD Λ/Z-vector relaxed density; amplitude response, frozen-bath)
[lagrangian] global effective-CCSD correlation energy (diagnostic): -0.0571046870 Ha
[lagrangian] Λ-relaxed (Z-vector) global density built; amplitude response included (frozen-bath approximation)
[geomopt step=003] Per-cluster energies (heff + eris):
                      C  E_cluster = -89.5319650112 Ha  [SCI_SBD, norb=17]
                      C  E_cluster = -102.2786884845 Ha  [SCI_SBD, norb=17]
                      C  E_cluster = -98.4783815020 Ha  [SCI_SBD, norb=17]
                      H  E_cluster = -17.4526658512 Ha  [FCI, norb=8]
                      H  E_cluster = -17.4491407709 Ha  [FCI, norb=8]
                      H  E_cluster = -17.4526658512 Ha  [FCI, norb=8]
                      H  E_cluster = -17.2733975204 Ha  [FCI, norb=8]
                      H  E_cluster = -17.3414164555 Ha  [FCI, norb=8]
                      H  E_cluster = -17.3217720245 Ha  [FCI, norb=8]
[geomopt step=003] Global 1-RDM shape         : (21, 21)
[geomopt step=003] Global 2-RDM cumulant shape: (21, 21, 21, 21)
[geomopt step=003] Tr(dm1) = 24.000000 (expected: nelec = 24)
[geomopt step=003] EWF-FCI/SCI_SBD energy: -115.8900842014 Ha
[geomopt step=003] E = -115.8900842014 Ha   |grad| = 1.0656e-02
======================================================================

Step    3 : Displace = [0m1.744e-02[0m/[0m2.792e-02[0m (rms/max) Trust = 1.772e-02 ([1;91mx[0m) Grad = [92m3.552e-03[0m/[92m4.228e-03[0m (rms/max) E (change) = -115.8900842014 ([91m+1.083e-03[0m) Quality = [91m-0.423[0m
Hessian Eigenvalues: 2.30000e-02 2.30000e-02 2.54027e-02 ... 2.58427e-01 3.88500e-01 4.55224e-01

======================================================================
[geomopt step=004] Starting EWF-FCI/SCI_SBD single-point in /mnt/beegfs/merzk/kaliakd/EWF_Geom_Opt_Development/3_test_sci_sbd/rdm_t_lambda_gpu/jobs_EWF/step_004
======================================================================
[geomopt step=004] Building mol + RHF
[geomopt step=004] HF energy: -115.6588484938
          |
          |  INITIALIZING EWF
INITIALIZING EWF          |  ================
================          |      Initial E(mean-field)=    -115.65884849 Ha
Initial E(mean-field)=    -115.65884849 Ha          |      Calculated E(HF)=         -115.65884849 Ha
Calculated E(HF)=         -115.65884849 Ha          |      Difference dE=              +0.00000000 Ha ( -0.0%)
Difference dE=              +0.00000000 Ha ( -0.0%)          |      n(AO)=   21  n(MO)=   21  n(linear dep.)=    0
n(AO)=   21  n(MO)=   21  n(linear dep.)=    0          |      Parameters of EWF:
Parameters of EWF:          |      Options(store_eris=True, global_frag_chempot=None, dm_with_frozen=False, bath_options={'bathtype':
          |          'mp2', 'canonicalize': True, 'occupation_tolerance': 1e-06, 'dmet_threshold': 1e-08, 'rcut': None,
          |          'unit': 'Ang', 'local_aux_enable': False, 'local_aux_radius': 5.0, 'local_aux_unit': 'Ang',
          |          'local_aux_atom_weight_thresh': 0.0001, 'local_aux_print': False, 'order': None, 'max_order': 20,
          |          'threshold': 1e-05, 'truncation': 'occupation', 'project_dmet_order': 2, 'project_dmet_mode':
          |          'squared-entropy', 'addbuffer': False, 'bathtype_occ': None, 'bathtype_vir': None, 'rcut_occ': None,
          |          'rcut_vir': None, 'unit_occ': None, 'unit_vir': None, 'order_occ': None, 'order_vir': None,
          |          'max_order_occ': None, 'max_order_vir': None, 'threshold_occ': None, 'threshold_vir': None,
          |          'truncation_occ': None, 'truncation_vir': None, 'project_dmet_order_occ': None,
          |          'project_dmet_order_vir': None, 'project_dmet_mode_occ': None, 'project_dmet_mode_vir': None,
          |          'addbuffer_occ': None, 'addbuffer_dmet_vir': None, 'canonicalize_occ': None, 'canonicalize_vir':
          |          None}, bosonic_bath_options={'bathtype': None, 'target_orbitals': 'full', 'local_projection':
          |          'fragment', 'threshold': 1e-06, 'truncation': 'occupation'}, solver_options={'conv_tol': None,
          |          'n_moments': None, 'solve_lambda': True, 'conv_tol_normt': None, 'level_shift': None, 'diis_space':
          |          None, 'diis_start_cycle': None, 'iterative_damping': None, 'threads': 1, 'max_cycle': 300,
          |          'fix_spin': None, 'lindep': None, 'davidson_only': True, 'init_guess': 'default', 'max_boson_occ':
          |          2, 'ansatz': None, 'store_as_ccsd': None, 'dumpfile': '/dev/null', 'callback': None,
          |          'compress_cderi': False}, symmetry_tol=1e-06, symmetry_mf_tol=1e-05, screening=None,
          |          ext_rpa_correction=None, match_cluster_fock=False, iao_minao='auto', project_eris=False,
          |          project_init_guess=True, energy_functional='wf', calc_e_wf_corr=True, calc_e_dm_corr=False,
          |          calc_e_ccsd_t_corr=False, t_as_lambda=None, store_wf_type=None, bsse_correction=True, bsse_rmax=5.0,
          |          nelectron_target=None, sc_mode=0, coupled_iterations=False, _debug_wf=None)
Options(store_eris=True, global_frag_chempot=None, dm_with_frozen=False, bath_options={'bathtype':
    'mp2', 'canonicalize': True, 'occupation_tolerance': 1e-06, 'dmet_threshold': 1e-08, 'rcut': None,
    'unit': 'Ang', 'local_aux_enable': False, 'local_aux_radius': 5.0, 'local_aux_unit': 'Ang',
    'local_aux_atom_weight_thresh': 0.0001, 'local_aux_print': False, 'order': None, 'max_order': 20,
    'threshold': 1e-05, 'truncation': 'occupation', 'project_dmet_order': 2, 'project_dmet_mode':
    'squared-entropy', 'addbuffer': False, 'bathtype_occ': None, 'bathtype_vir': None, 'rcut_occ': None,
    'rcut_vir': None, 'unit_occ': None, 'unit_vir': None, 'order_occ': None, 'order_vir': None,
    'max_order_occ': None, 'max_order_vir': None, 'threshold_occ': None, 'threshold_vir': None,
    'truncation_occ': None, 'truncation_vir': None, 'project_dmet_order_occ': None,
    'project_dmet_order_vir': None, 'project_dmet_mode_occ': None, 'project_dmet_mode_vir': None,
    'addbuffer_occ': None, 'addbuffer_dmet_vir': None, 'canonicalize_occ': None, 'canonicalize_vir':
    None}, bosonic_bath_options={'bathtype': None, 'target_orbitals': 'full', 'local_projection':
    'fragment', 'threshold': 1e-06, 'truncation': 'occupation'}, solver_options={'conv_tol': None,
    'n_moments': None, 'solve_lambda': True, 'conv_tol_normt': None, 'level_shift': None, 'diis_space':
    None, 'diis_start_cycle': None, 'iterative_damping': None, 'threads': 1, 'max_cycle': 300,
    'fix_spin': None, 'lindep': None, 'davidson_only': True, 'init_guess': 'default', 'max_boson_occ':
    2, 'ansatz': None, 'store_as_ccsd': None, 'dumpfile': '/dev/null', 'callback': None,
    'compress_cderi': False}, symmetry_tol=1e-06, symmetry_mf_tol=1e-05, screening=None,
    ext_rpa_correction=None, match_cluster_fock=False, iao_minao='auto', project_eris=False,
    project_init_guess=True, energy_functional='wf', calc_e_wf_corr=True, calc_e_dm_corr=False,
    calc_e_ccsd_t_corr=False, t_as_lambda=None, store_wf_type=None, bsse_correction=True, bsse_rmax=5.0,
    nelectron_target=None, sc_mode=0, coupled_iterations=False, _debug_wf=None)          |      Time for EWF setup: 0.0 s
Time for EWF setup: 0.0 s          |  IAO Fragmentation
IAO Fragmentation          |  -----------------
-----------------          |  IAO:  computational basis= sto-3g  minimal reference basis= sto-3g (automatically chosen)
IAO:  computational basis= sto-3g  minimal reference basis= sto-3g (automatically chosen)          |      IAO CACHE MISS: molecule fingerprint mismatch
IAO CACHE MISS: molecule fingerprint mismatch          |      IAO: building IAOs from scratch (cache miss).
IAO: building IAOs from scratch (cache miss).          |      n(AO)=   21  n(MO)=   21  n(occ-MO)=   12  n(IAO)=   21
n(AO)=   21  n(MO)=   21  n(occ-MO)=   12  n(IAO)=   21          |      IAO CACHE WRITE: saved C_iao to iao_cache.h5 (shape=(21, 21))
IAO CACHE WRITE: saved C_iao to iao_cache.h5 (shape=(21, 21))          |      Fragmentation: orthogonal= True, occupied-complete= True, virtual-complete= True
Fragmentation: orthogonal= True, occupied-complete= True, virtual-complete= True[geomopt step=004] Discovered 9 fragment(s) at threshold=1e-05
[geomopt step=004] === Wave 1/2 : submitting 9 DUMP job(s) ===
[driver] Submitted dump fragment   0  -> Slurm job 5778939  (/mnt/beegfs/merzk/kaliakd/EWF_Geom_Opt_Development/3_test_sci_sbd/rdm_t_lambda_gpu/jobs_EWF/step_004/jobs_fragments_production/frag_dump_000.sh)
[driver] Submitted dump fragment   1  -> Slurm job 5778940  (/mnt/beegfs/merzk/kaliakd/EWF_Geom_Opt_Development/3_test_sci_sbd/rdm_t_lambda_gpu/jobs_EWF/step_004/jobs_fragments_production/frag_dump_001.sh)
[driver] Submitted dump fragment   2  -> Slurm job 5778941  (/mnt/beegfs/merzk/kaliakd/EWF_Geom_Opt_Development/3_test_sci_sbd/rdm_t_lambda_gpu/jobs_EWF/step_004/jobs_fragments_production/frag_dump_002.sh)
[driver] Submitted dump fragment   3  -> Slurm job 5778942  (/mnt/beegfs/merzk/kaliakd/EWF_Geom_Opt_Development/3_test_sci_sbd/rdm_t_lambda_gpu/jobs_EWF/step_004/jobs_fragments_production/frag_dump_003.sh)
[driver] Submitted dump fragment   4  -> Slurm job 5778943  (/mnt/beegfs/merzk/kaliakd/EWF_Geom_Opt_Development/3_test_sci_sbd/rdm_t_lambda_gpu/jobs_EWF/step_004/jobs_fragments_production/frag_dump_004.sh)
[driver] Submitted dump fragment   5  -> Slurm job 5778944  (/mnt/beegfs/merzk/kaliakd/EWF_Geom_Opt_Development/3_test_sci_sbd/rdm_t_lambda_gpu/jobs_EWF/step_004/jobs_fragments_production/frag_dump_005.sh)
[driver] Submitted dump fragment   6  -> Slurm job 5778945  (/mnt/beegfs/merzk/kaliakd/EWF_Geom_Opt_Development/3_test_sci_sbd/rdm_t_lambda_gpu/jobs_EWF/step_004/jobs_fragments_production/frag_dump_006.sh)
[driver] Submitted dump fragment   7  -> Slurm job 5778946  (/mnt/beegfs/merzk/kaliakd/EWF_Geom_Opt_Development/3_test_sci_sbd/rdm_t_lambda_gpu/jobs_EWF/step_004/jobs_fragments_production/frag_dump_007.sh)
[driver] Submitted dump fragment   8  -> Slurm job 5778947  (/mnt/beegfs/merzk/kaliakd/EWF_Geom_Opt_Development/3_test_sci_sbd/rdm_t_lambda_gpu/jobs_EWF/step_004/jobs_fragments_production/frag_dump_008.sh)
[driver] Waiting on 9 fragment status file(s) in '/mnt/beegfs/merzk/kaliakd/EWF_Geom_Opt_Development/3_test_sci_sbd/rdm_t_lambda_gpu/jobs_EWF/step_004/jobs_fragments_production'
[driver]   done=0/9  running=0  queued=9  (poll 15s)
[driver] All fragment jobs reported DONE.
[geomopt step=004] === Wave 2/2 : submitting 9 solve (FCI/SCI) job(s) ===
[driver] Submitted fci fragment   0  -> Slurm job 5778948  (/mnt/beegfs/merzk/kaliakd/EWF_Geom_Opt_Development/3_test_sci_sbd/rdm_t_lambda_gpu/jobs_EWF/step_004/jobs_ci_calculations/frag_solve_000.sh)
[driver] Submitted fci fragment   1  -> Slurm job 5778949  (/mnt/beegfs/merzk/kaliakd/EWF_Geom_Opt_Development/3_test_sci_sbd/rdm_t_lambda_gpu/jobs_EWF/step_004/jobs_ci_calculations/frag_solve_001.sh)
[driver] Submitted fci fragment   2  -> Slurm job 5778950  (/mnt/beegfs/merzk/kaliakd/EWF_Geom_Opt_Development/3_test_sci_sbd/rdm_t_lambda_gpu/jobs_EWF/step_004/jobs_ci_calculations/frag_solve_002.sh)
[driver] Submitted fci fragment   3  -> Slurm job 5778951  (/mnt/beegfs/merzk/kaliakd/EWF_Geom_Opt_Development/3_test_sci_sbd/rdm_t_lambda_gpu/jobs_EWF/step_004/jobs_ci_calculations/frag_solve_003.sh)
[driver] Submitted fci fragment   4  -> Slurm job 5778952  (/mnt/beegfs/merzk/kaliakd/EWF_Geom_Opt_Development/3_test_sci_sbd/rdm_t_lambda_gpu/jobs_EWF/step_004/jobs_ci_calculations/frag_solve_004.sh)
[driver] Submitted fci fragment   5  -> Slurm job 5778953  (/mnt/beegfs/merzk/kaliakd/EWF_Geom_Opt_Development/3_test_sci_sbd/rdm_t_lambda_gpu/jobs_EWF/step_004/jobs_ci_calculations/frag_solve_005.sh)
[driver] Submitted fci fragment   6  -> Slurm job 5778954  (/mnt/beegfs/merzk/kaliakd/EWF_Geom_Opt_Development/3_test_sci_sbd/rdm_t_lambda_gpu/jobs_EWF/step_004/jobs_ci_calculations/frag_solve_006.sh)
[driver] Submitted fci fragment   7  -> Slurm job 5778955  (/mnt/beegfs/merzk/kaliakd/EWF_Geom_Opt_Development/3_test_sci_sbd/rdm_t_lambda_gpu/jobs_EWF/step_004/jobs_ci_calculations/frag_solve_007.sh)
[driver] Submitted fci fragment   8  -> Slurm job 5778956  (/mnt/beegfs/merzk/kaliakd/EWF_Geom_Opt_Development/3_test_sci_sbd/rdm_t_lambda_gpu/jobs_EWF/step_004/jobs_ci_calculations/frag_solve_008.sh)
[driver] Waiting on 9 fragment status file(s) in '/mnt/beegfs/merzk/kaliakd/EWF_Geom_Opt_Development/3_test_sci_sbd/rdm_t_lambda_gpu/jobs_EWF/step_004/jobs_ci_calculations'
[driver]   done=0/9  running=4  queued=5  (poll 15s)
[driver]   done=5/9  running=4  queued=0  (poll 15s)
[driver]   done=6/9  running=3  queued=0  (poll 15s)
[driver]   done=6/9  running=3  queued=0  (poll 15s)
[driver]   done=6/9  running=3  queued=0  (poll 15s)
[driver]   done=6/9  running=3  queued=0  (poll 15s)
[driver]   done=6/9  running=3  queued=0  (poll 15s)
[driver]   done=6/9  running=3  queued=0  (poll 15s)
[driver]   done=6/9  running=3  queued=0  (poll 15s)
[driver]   done=6/9  running=3  queued=0  (poll 15s)
[driver]   done=6/9  running=3  queued=0  (poll 15s)
[driver]   done=6/9  running=3  queued=0  (poll 15s)
[driver]   done=6/9  running=3  queued=0  (poll 15s)
[driver]   done=6/9  running=3  queued=0  (poll 15s)
[driver]   done=6/9  running=3  queued=0  (poll 15s)
[driver]   done=6/9  running=3  queued=0  (poll 15s)
[driver]   done=6/9  running=3  queued=0  (poll 15s)
[driver]   done=6/9  running=3  queued=0  (poll 15s)
[driver]   done=6/9  running=3  queued=0  (poll 15s)
[driver]   done=6/9  running=3  queued=0  (poll 15s)
[driver]   done=6/9  running=3  queued=0  (poll 15s)
[driver]   done=6/9  running=3  queued=0  (poll 15s)
[driver]   done=6/9  running=3  queued=0  (poll 15s)
[driver]   done=6/9  running=3  queued=0  (poll 15s)
[driver]   done=6/9  running=3  queued=0  (poll 15s)
[driver]   done=6/9  running=3  queued=0  (poll 15s)
[driver]   done=6/9  running=3  queued=0  (poll 15s)
[driver]   done=6/9  running=3  queued=0  (poll 15s)
[driver]   done=6/9  running=3  queued=0  (poll 15s)
[driver]   done=6/9  running=3  queued=0  (poll 15s)
[driver]   done=7/9  running=2  queued=0  (poll 15s)
[driver]   done=7/9  running=2  queued=0  (poll 15s)
[driver]   done=8/9  running=1  queued=0  (poll 15s)
[driver] All fragment jobs reported DONE.
[geomopt step=004] Assembly route: Stage-1 Lagrangian (rdm_t amplitudes + CCSD Λ/Z-vector relaxed density; amplitude response, frozen-bath)
[lagrangian] global effective-CCSD correlation energy (diagnostic): -0.0565246341 Ha
[lagrangian] Λ-relaxed (Z-vector) global density built; amplitude response included (frozen-bath approximation)
[geomopt step=004] Per-cluster energies (heff + eris):
                      C  E_cluster = -89.6488903527 Ha  [SCI_SBD, norb=17]
                      C  E_cluster = -102.4262659485 Ha  [SCI_SBD, norb=17]
                      C  E_cluster = -98.4340598990 Ha  [SCI_SBD, norb=17]
                      H  E_cluster = -17.4840728442 Ha  [FCI, norb=8]
                      H  E_cluster = -17.4807028074 Ha  [FCI, norb=8]
                      H  E_cluster = -17.4840728442 Ha  [FCI, norb=8]
                      H  E_cluster = -17.3065878467 Ha  [FCI, norb=8]
                      H  E_cluster = -17.3677677241 Ha  [FCI, norb=8]
                      H  E_cluster = -17.3490137191 Ha  [FCI, norb=8]
[geomopt step=004] Global 1-RDM shape         : (21, 21)
[geomopt step=004] Global 2-RDM cumulant shape: (21, 21, 21, 21)
[geomopt step=004] Tr(dm1) = 24.000000 (expected: nelec = 24)
[geomopt step=004] EWF-FCI/SCI_SBD energy: -115.8894527101 Ha
[geomopt step=004] E = -115.8894527101 Ha   |grad| = 3.7609e-03
======================================================================

Step    4 : Displace = [92m8.894e-03[0m/[92m1.369e-02[0m (rms/max) Trust = 8.722e-03 ([91m-[0m) Grad = [92m1.254e-03[0m/[92m1.611e-03[0m (rms/max) E (change) = -115.8894527101 ([92m+6.315e-04[0m) Quality = [91m-3.711[0m
Hessian Eigenvalues: 2.30000e-02 2.30000e-02 2.54027e-02 ... 2.58427e-01 3.88500e-01 4.55224e-01
Converged! =D

    #==========================================================================#
    #| If this code has benefited your research, please support us by citing: |#
    #|                                                                        |#
    #| Wang, L.-P.; Song, C.C. (2016) "Geometry optimization made simple with |#
    #| translation and rotation coordinates", J. Chem, Phys. 144, 214108.     |#
    #| http://dx.doi.org/10.1063/1.4952956                                    |#
    #==========================================================================#
    Time elapsed since start of run_optimizer: 2762.033 seconds

######################################################################
  GEOMETRY OPTIMISATION SUMMARY
######################################################################
  Converged              : True
  Cycles evaluated       : 5
  Final EWF-FCI/SCI_SBD  energy: -115.8894527101 Ha
  Final |grad|           : 3.7609e-03 Eh/Bohr
  Trajectory (multi-XYZ) : /mnt/beegfs/merzk/kaliakd/EWF_Geom_Opt_Development/3_test_sci_sbd/rdm_t_lambda_gpu/jobs_EWF/ewf_geomopt_optim.xyz
  Per-step folders       : /mnt/beegfs/merzk/kaliakd/EWF_Geom_Opt_Development/3_test_sci_sbd/rdm_t_lambda_gpu/jobs_EWF/<step_subdir_fmt>/
######################################################################

