 Elapsed time for helper construction 1.441127 (sec) 
 Elapsed time for init 0.021773 (sec) 
 Elapsed time for makeQChamDiagTerms 14.763775 (sec) 
 Davidson iteration 0.0 (tol=0.6763552675218257): -166.4386390307691
 Davidson iteration 0.1 (tol=0.2036399210164173): -166.6364943510131 -164.4733653168798
 Davidson iteration 0.2 (tol=0.06153872945649349): -166.6516138285937 -164.7987262866902 -164.271538227075
 Davidson iteration 0.3 (tol=0.01520042666126988): -166.6530743894173 -164.8852540997314 -164.5273889064446 -164.2470414954062
 Davidson iteration 0.4 (tol=0.005498338104917998): -166.6531852043739 -165.4705413432681 -164.5838650203634 -164.3423474547388
 Davidson iteration 0.5 (tol=0.002156034269234327): -166.6531987451439 -165.7551185168258 -164.7983930829589 -164.4746406998067
 Davidson iteration 0.6 (tol=0.0006602412732710561): -166.6532006955094 -165.8725778428425 -164.7983951229083 -164.6216589894985
 Davidson iteration 0.7 (tol=0.0002287476022517865): -166.6532008851546 -165.9718936340155 -165.2004549705719 -164.6653684934935
 Davidson iteration 1.0 (tol=0.0002287476022551839): -166.6532008851556
 Davidson iteration 1.1 (tol=8.433518903369682e-05): -166.6532009039117 -164.4807047350988
 Davidson iteration 1.2 (tol=3.571158728088061e-05): -166.653200908157 -165.7989193320915 -163.9577870709319
 Davidson iteration 1.3 (tol=1.171958239818343e-05): -166.6532009086573 -165.9828700602252 -164.130255793973 -163.8705545336265
 Davidson iteration 1.4 (tol=4.604737897929707e-06): -166.6532009087232 -166.1465659453589 -164.7305153720611 -164.0588393624192
 Elapsed time for davidson 50.182677 (sec) 
 Elapsed time for diagonalization 50.182862 (sec) 
 Elapsed time for mult 1.140452 (sec) 
 Energy = -166.6532009087211
 Elapsed time for measurement 0.127781 (sec) 
 Sample-based diagonalization: Energy = -166.6532009087211
 Sample-based diagonalization: density = [1.999975496768205,1.993877441209902,1.992824846520279,1.991351642778374,1.987185544947951,1.986531332736464,1.986911815828542,1.981752725955586,1.9832128058658,1.983570987423881,1.969230031081034,1.99282292647551,1.986986417243633,1.948889059827703,0.08163362189294436,0.007346753397987373,0.01620411376137902,0.01528703515137155,0.01518218315850513,0.008846063183828922,0.01028513712220222,0.0138716721432999,0.01327698473373824,0.01535522388849157,0.01758813652104192
 Sample-based diagonalization: carryover bitstrings = [], size = 0
