 Elapsed time for helper construction 3.312895 (sec) 
 Elapsed time for init 0.040655 (sec) 
 Elapsed time for makeQChamDiagTerms 22.328305 (sec) 
 Davidson iteration 0.0 (tol=0.6391188198421834): -129.8896991759795
 Davidson iteration 0.1 (tol=0.254696676667959): -130.0634200224438 -127.6700925673816
 Davidson iteration 0.2 (tol=0.1051359478746048): -130.0831324109136 -128.35469889091 -127.0330538684304
 Davidson iteration 0.3 (tol=0.03279405262339509): -130.0863903274037 -128.4846904588681 -127.1676213281056 -126.9457382750324
 Davidson iteration 0.4 (tol=0.01518723331844233): -130.0868598155442 -129.1458576753275 -127.9632911863467 -127.0915557334469
 Davidson iteration 0.5 (tol=0.006996616853871875): -130.0869528540786 -129.4533813832475 -128.1123657998109 -127.275270470891
 Davidson iteration 0.6 (tol=0.00273581169712787): -130.0869709129574 -129.5964667734477 -128.2760385370709 -127.343396044781
 Davidson iteration 0.7 (tol=0.0009555038312235805): -130.0869732372766 -129.6473244138951 -128.4271105921912 -127.724834400974
 Davidson iteration 1.0 (tol=0.000955503831224348): -130.0869732372775
 Davidson iteration 1.1 (tol=0.0004040126182658315): -130.0869734805217 -127.0601949935958
 Davidson iteration 1.2 (tol=0.0001599532164380956): -130.0869735379853 -128.5819666275021 -125.7522529650649
 Davidson iteration 1.3 (tol=5.653029734290672e-05): -130.0869735453535 -129.0082776385343 -126.8983450347918 -124.9873606562846
 Davidson iteration 1.4 (tol=2.226126063127788e-05): -130.0869735463809 -129.2057170278843 -127.4287378529952 -126.6745158144796
 Davidson iteration 1.5 (tol=1.211648007957568e-05): -130.0869735465741 -129.4669934509602 -128.3579563129859 -126.6771596514915
 Davidson iteration 1.6 (tol=4.716660779484226e-06): -130.0869735466186 -129.5741391168621 -128.6249751974869 -126.7205503627797
 Elapsed time for davidson 228.403995 (sec) 
 Elapsed time for diagonalization 228.404358 (sec) 
 Elapsed time for mult 10.575303 (sec) 
 Energy = -130.0869735466175
 Elapsed time for measurement 39.341515 (sec) 
 Sample-based diagonalization: Energy = -130.0869735466175
 Sample-based diagonalization: density = [1.999964517415889,1.992204942883496,1.988403586332717,1.985326288032299,1.98187547974685,1.977332309361902,1.977297298691321,1.982210212012079,1.977339876060273,1.976850346987934,1.981714345158153,1.96638256507603,0.03018340399925896,0.02260793729329598,0.01394520658301506,0.01422611191863549,0.01409358599559541,0.01777765751060264,0.01719195603689296,0.01695030035778056,0.01799337671546816,0.01894973064194629,0.01688251212426355,0.0122964529500041
 Sample-based diagonalization: carryover bitstrings = [], size = 0
 Elapse time for dumping one-particle rdm = 0.001072
 Elapse time for dumping two-particle rdm = 0.29763
 Zero-Body energy = 0
 One-Body energy = -219.9018501826868
 Two-Body energy = 89.81487663675385
 One-Body + Two-Body energy = -130.0869735459329
 Zero-Body + One-Body + Two-Body energy = -130.0869735459329
