 Elapsed time for helper construction 0.656034 (sec) 
 Elapsed time for init 0.01102 (sec) 
 Elapsed time for makeQChamDiagTerms 3.762214 (sec) 
 Davidson iteration 0.0 (tol=0.4303302463466577): -124.4531100287544
 Davidson iteration 0.1 (tol=0.1239735275393432): -124.5352625070475 -122.4990933691959
 Davidson iteration 0.2 (tol=0.03582758257860923): -124.5412195991888 -123.0225855002063 -122.3373223419059
 Davidson iteration 0.3 (tol=0.007895271144693574): -124.5416861932787 -123.1403831424096 -122.4369202246459 -122.029160938396
 Davidson iteration 0.4 (tol=0.00205437363053533): -124.5417095926343 -123.5326065558088 -122.4967050945394 -122.191677792855
 Davidson iteration 0.5 (tol=0.0007021559495697743): -124.5417110537446 -123.7527453272868 -122.6946186128883 -122.4795824793135
 Davidson iteration 0.6 (tol=0.0001955405534261692): -124.5417112218625 -123.7952955431267 -122.7628705049433 -122.5275122400174
 Davidson iteration 0.7 (tol=6.127763996938195e-05): -124.5417112361299 -123.9111117538143 -123.2889593798861 -122.5311937824797
 Davidson iteration 1.0 (tol=6.127763996729609e-05): -124.5417112361302
 Davidson iteration 1.1 (tol=1.942248154192391e-05): -124.5417112373132 -122.2569610220755
 Davidson iteration 1.2 (tol=8.299390356686531e-06): -124.5417112375456 -123.8500214671209 -121.8845916065812
 Elapsed time for davidson 20.080287 (sec) 
 Elapsed time for diagonalization 20.081715 (sec) 
 Elapsed time for mult 0.6619809999999999 (sec) 
 Energy = -124.5417112375459
 Elapsed time for measurement 0.050941 (sec) 
 Sample-based diagonalization: Energy = -124.5417112375459
 Sample-based diagonalization: density = [1.999989462827467,1.997342593491767,1.993266640426294,1.985555984521945,1.994325517203656,1.983198978640592,1.984639365531699,1.994295066545107,1.984996865004434,1.985001182963842,0.04417211791423019,0.008852188598732647,0.00987008597379445,0.01523387964769692,0.005094558617704067,0.01039107189943054,0.00377443995635529
 Sample-based diagonalization: carryover bitstrings = [], size = 0
