 Elapsed time for helper construction 0.64316 (sec) 
 Elapsed time for init 0.019504 (sec) 
 Elapsed time for makeQChamDiagTerms 3.420754 (sec) 
 Davidson iteration 0.0 (tol=0.552014812745024): -149.3253664822689
 Davidson iteration 0.1 (tol=0.2376116063246241): -149.4545278985528 -147.3669046932374
 Davidson iteration 0.2 (tol=0.1052887726806297): -149.4712875355803 -147.8134800581294 -146.4977249360544
 Davidson iteration 0.3 (tol=0.03960247035671899): -149.4746785721144 -148.0271250000538 -146.8068642720387 -146.2317667702423
 Davidson iteration 0.4 (tol=0.01645847992970369): -149.4751078721175 -148.2430493467438 -147.1654375063671 -146.4833831171835
 Davidson iteration 0.5 (tol=0.00646660545134469): -149.4751977880597 -148.5541584550336 -147.3947473877251 -146.779608531626
 Davidson iteration 0.6 (tol=0.00307201009748794): -149.4752099405593 -148.6889574547543 -147.5741347203472 -146.7800922291996
 Davidson iteration 0.7 (tol=0.001225959899187069): -149.4752124719482 -148.785601923023 -147.8748687996757 -147.0299142083349
 Davidson iteration 1.0 (tol=0.001225959899184295): -149.4752124719477
 Davidson iteration 1.1 (tol=0.0006296735354964982): -149.475212887591 -147.3573427916963
 Davidson iteration 1.2 (tol=0.0003286848891304187): -149.4752130317306 -148.4717349257054 -145.1088919615873
 Davidson iteration 1.3 (tol=0.0001407589034676343): -149.4752130686068 -148.8495255068753 -146.5083744339577 -144.5127373290899
 Davidson iteration 1.4 (tol=6.27473031813324e-05): -149.4752130743243 -148.9819353296288 -146.6605546528848 -146.3596083605539
 Davidson iteration 1.5 (tol=2.573697386514357e-05): -149.475213075517 -149.0356771436231 -147.397519305083 -146.5228525740315
 Davidson iteration 1.6 (tol=1.133366609371032e-05): -149.4752130757302 -149.0745951639735 -147.9991977962587 -146.8879032599597
 Davidson iteration 1.7 (tol=4.308666598116376e-06): -149.4752130757707 -149.0896586027309 -148.391030421654 -146.9239927441276
 Elapsed time for davidson 28.89996 (sec) 
 Elapsed time for diagonalization 28.904523 (sec) 
 Elapsed time for mult 0.81031 (sec) 
 Energy = -149.4752130757691
 Elapsed time for measurement 0.039002 (sec) 
 Sample-based diagonalization: Energy = -149.4752130757691
 Sample-based diagonalization: density = [1.999996898762686,1.99789099135316,1.992490512888832,1.99324641691354,1.987939596216209,1.987115515469446,1.991224424028918,1.976110609563624,1.965442104433302,1.983454694993506,1.94077263604792,0.1007224590362976,0.01458246934543161,0.01017019724384955,0.01865811932226557,0.001213226973292657,0.01944309714331927,0.01952603008111685
 Sample-based diagonalization: carryover bitstrings = [], size = 0
