 Elapsed time for helper construction 0.187644 (sec) 
 Elapsed time for init 0.001739 (sec) 
 Elapsed time for makeQChamDiagTerms 0.5245489999999999 (sec) 
 Davidson iteration 0.0 (tol=0.5086515847062347): -102.9904290950092
 Davidson iteration 0.1 (tol=0.1647767155362482): -103.1086740140247 -100.8957300899369
 Davidson iteration 0.2 (tol=0.04665455429032751): -103.1176459454723 -101.3022229064936 -100.0352666538699
 Davidson iteration 0.3 (tol=0.0154244756836021): -103.1182621849782 -101.3800214414604 -100.3045319314227 -99.98932543206737
 Davidson iteration 0.4 (tol=0.005053546846448987): -103.1183306548607 -101.4786965665924 -100.5751177944212 -100.1442191827948
 Davidson iteration 0.5 (tol=0.001821635479527047): -103.1183382340747 -101.6817860411527 -101.0561170432861 -100.2503266434029
 Davidson iteration 0.6 (tol=0.0006448902158246186): -103.1183392971072 -101.9604512637779 -101.2582375416617 -100.4210650083663
 Davidson iteration 0.7 (tol=0.0002278305909210318): -103.1183394266823 -102.1379100290559 -101.3431751760148 -100.4757249468936
 Davidson iteration 1.0 (tol=0.0002278305909201088): -103.1183394266821
 Davidson iteration 1.1 (tol=0.0001003133683861535): -103.1183394417846 -100.8510738448622
 Davidson iteration 1.2 (tol=4.272017010253855e-05): -103.1183394456641 -102.0010355257297 -98.93084492594107
 Davidson iteration 1.3 (tol=1.542158343478852e-05): -103.1183394462309 -102.272783560848 -100.0910218784286 -98.34241890602922
 Davidson iteration 1.4 (tol=5.113698069081359e-06): -103.1183394463016 -102.4308056177919 -100.2354556116451 -99.84118106104457
 Elapsed time for davidson 4.233152 (sec) 
 Elapsed time for diagonalization 4.233226 (sec) 
 Elapsed time for mult 0.152168 (sec) 
 Energy = -103.1183394463026
 Elapsed time for measurement 0.007436 (sec) 
 Sample-based diagonalization: Energy = -103.1183394463026
 Sample-based diagonalization: density = [1.999988704223854,1.988107930176352,1.987150730473396,1.978740517001627,1.98319725505448,1.981972516078691,1.977045137536029,1.982330081614181,1.987068531406815,0.02742998750086355,0.02583210090596737,0.02167060643096714,0.02186302071113917,0.01676025891553716,0.02084262194690675
 Sample-based diagonalization: carryover bitstrings = [], size = 0
