 Elapsed time for helper construction 1.040188 (sec) 
 Elapsed time for init 0.034406 (sec) 
 Elapsed time for makeQChamDiagTerms 9.314536 (sec) 
 Davidson iteration 0.0 (tol=0.5516679173508746): -127.7151353875163
 Davidson iteration 0.1 (tol=0.08675856062102857): -127.8529557945775 -125.6115567848633
 Davidson iteration 0.2 (tol=0.02302925705482288): -127.8562408522384 -126.3739064682094 -125.5548362392264
 Davidson iteration 0.3 (tol=0.005045344936183895): -127.8564650284618 -126.3940920373374 -125.8054760427471 -125.5054824599155
 Davidson iteration 0.4 (tol=0.001303537464147404): -127.856479829183 -127.037439520688 -125.835293010726 -125.639369276837
 Davidson iteration 0.5 (tol=0.0002995545478545861): -127.8564806330836 -127.1767818581755 -125.847297667848 -125.8250591656712
 Davidson iteration 0.6 (tol=6.482743207647754e-05): -127.8564806735964 -127.2562864038372 -126.0730568974339 -125.826665623874
 Davidson iteration 0.7 (tol=1.31152308073228e-05): -127.8564806752928 -127.2804366654369 -126.232208882883 -125.8273513833341
 Davidson iteration 1.0 (tol=1.311523080722875e-05): -127.8564806752935
 Davidson iteration 1.1 (tol=3.360494179736272e-06): -127.8564806753576 -125.6163155572494
 Elapsed time for davidson 31.100995 (sec) 
 Elapsed time for diagonalization 31.102111 (sec) 
 Elapsed time for mult 1.006662 (sec) 
 Energy = -127.8564806753566
 Elapsed time for measurement 0.082441 (sec) 
 Sample-based diagonalization: Energy = -127.8564806753566
 Sample-based diagonalization: density = [1.999980872450657,1.994918605109318,1.992427749548319,1.98936754545187,1.98736339830513,1.986710888413715,1.983038144708447,1.984255281377068,1.985552976738815,1.984634806448013,1.992293302969438,1.987865577339581,0.008229247045305164,0.01121359857578453,0.01411474565763268,0.008266667375498539,0.01602031278825016,0.006851807192222691,0.01206386840712727,0.01161669152265805,0.01162165372669467,0.01375242232966999,0.01004376173868698,0.007796074575507108
 Sample-based diagonalization: carryover bitstrings = [], size = 0
