 Elapsed time for helper construction 0.70572 (sec) 
 Elapsed time for init 0.024688 (sec) 
 Elapsed time for makeQChamDiagTerms 3.965249 (sec) 
 Davidson iteration 0.0 (tol=0.6023228344004218): -155.4111659661578
 Davidson iteration 0.1 (tol=0.2742625885140613): -155.5599499190058 -153.552221132258
 Davidson iteration 0.2 (tol=0.1233908390907853): -155.5820409057078 -153.8662304503116 -152.7024933955575
 Davidson iteration 0.3 (tol=0.04602564243759595): -155.5865737236802 -154.0327263804797 -153.0754102048749 -152.383444585772
 Davidson iteration 0.4 (tol=0.02028700419995653): -155.587145423276 -154.2657810692562 -153.2751723853961 -152.6901085167803
 Davidson iteration 0.5 (tol=0.009006588010883838): -155.5872798585315 -154.5991949594395 -153.4863233419192 -152.7087885852276
 Davidson iteration 0.6 (tol=0.004482885115870047): -155.5873047881992 -154.7913454643663 -153.6966523632416 -152.7766547591805
 Davidson iteration 0.7 (tol=0.002148034645445697): -155.587311741347 -154.9779335688989 -154.1537445555003 -153.2165827550835
 Davidson iteration 1.0 (tol=0.002148034645446511): -155.5873117413466
 Davidson iteration 1.1 (tol=0.001070742430174992): -155.5873130395134 -153.1436783989024
 Davidson iteration 1.2 (tol=0.0006719464751009363): -155.587313546855 -154.6457585568123 -152.4377327337971
 Davidson iteration 1.3 (tol=0.0003339636365482323): -155.5873137002357 -155.0516638427397 -152.6974802014946 -151.2786069143948
 Davidson iteration 1.4 (tol=0.0001550907028091562): -155.5873137329316 -155.1514308255906 -152.7634932094756 -152.6765501531291
 Davidson iteration 1.5 (tol=7.393989458656632e-05): -155.5873137411243 -155.2088292035397 -153.9223921801397 -152.6979028584866
 Davidson iteration 1.6 (tol=3.80067820103644e-05): -155.5873137429688 -155.2579506262824 -154.4611415077226 -153.0991997548273
 Davidson iteration 1.7 (tol=2.011034993613855e-05): -155.5873137435335 -155.289560705205 -154.8419226358083 -153.2851655145188
 Davidson iteration 2.0 (tol=2.011034996558096e-05): -155.5873137435327
 Davidson iteration 2.1 (tol=1.231921851647658e-05): -155.5873137436769 -153.9886954777415
 Davidson iteration 2.2 (tol=1.002010748448578e-05): -155.5873137437859 -155.104878612128 -152.7147164119937
 Davidson iteration 2.3 (tol=5.149102249182844e-06): -155.5873137438197 -155.2802167302038 -152.7627950693457 -152.1486472722154
 Elapsed time for davidson 41.102182 (sec) 
 Elapsed time for diagonalization 41.103783 (sec) 
 Elapsed time for mult 1.038567 (sec) 
 Energy = -155.5873137438215
 Elapsed time for measurement 0.046543 (sec) 
 Sample-based diagonalization: Energy = -155.5873137438215
 Sample-based diagonalization: density = [1.999996831353877,1.997932756548277,1.992045666547174,1.984218088337249,1.985741655396265,1.98220070632472,1.984900654397034,1.980812211243816,1.983898827892522,1.961070169238744,1.930536624682345,0.1147551894145305,0.01884101507267633,0.02000765692407421,0.01139082668749255,0.009937161293514419,0.02084335570180103,0.02087060271739185
 Sample-based diagonalization: carryover bitstrings = [], size = 0
