 Elapsed time for helper construction 1.311419 (sec) 
 Elapsed time for init 0.016302 (sec) 
 Elapsed time for makeQChamDiagTerms 16.000623 (sec) 
 Davidson iteration 0.0 (tol=0.6619959458994885): -164.9525991021852
 Davidson iteration 0.1 (tol=0.1910066186594699): -165.1433447925014 -162.999458215539
 Davidson iteration 0.2 (tol=0.05901183044094943): -165.1568045951581 -163.2974852062565 -162.7817179330507
 Davidson iteration 0.3 (tol=0.01461276773822945): -165.1581207818953 -163.4057725429229 -162.8657586882186 -162.7809677857162
 Davidson iteration 0.4 (tol=0.005118543577510918): -165.1582140260373 -163.8424172384501 -162.8699753430492 -162.8014779544951
 Davidson iteration 0.5 (tol=0.001877767956785618): -165.158225889418 -164.2117495080565 -163.0552551467662 -162.8589989955867
 Davidson iteration 0.6 (tol=0.0005700525044491729): -165.1582273837087 -164.3515612435227 -163.147744253832 -163.0322776973863
 Davidson iteration 0.7 (tol=0.0002009645416345224): -165.158227522907 -164.4338869612754 -163.7029115636453 -163.0968079722805
 Davidson iteration 1.0 (tol=0.0002009645416335554): -165.1582275229072
 Davidson iteration 1.1 (tol=7.767324708043637e-05): -165.1582275382874 -163.233296870231
 Davidson iteration 1.2 (tol=3.234138501860724e-05): -165.1582275419701 -164.3701769306017 -162.6062657630647
 Davidson iteration 1.3 (tol=1.152046460147714e-05): -165.1582275423887 -164.5719791702705 -162.6431228591983 -162.5615389797482
 Davidson iteration 1.4 (tol=4.322805414997839e-06): -165.1582275424471 -164.680340249795 -163.0461961194775 -162.6124837223064
 Elapsed time for davidson 52.980335 (sec) 
 Elapsed time for diagonalization 52.980645 (sec) 
 Elapsed time for mult 1.401906 (sec) 
 Energy = -165.1582275424492
 Elapsed time for measurement 0.138004 (sec) 
 Sample-based diagonalization: Energy = -165.1582275424492
 Sample-based diagonalization: density = [1.999976590493411,1.994222723291938,1.994615105503052,1.991697284665535,1.988889871000516,1.986786787316976,1.988212362486415,1.984286772703329,1.984797688447095,1.984610911217505,1.979695509010452,1.978008854957347,1.986664381880447,1.95088756613272,0.0807677090813404,0.01763872013880099,0.01455564707468463,0.00295816717725867,0.01165067975683987,0.01563381345773316,0.009217281065638575,0.01478483845505816,0.009530607598741202,0.01385084677985246,0.01605927997796609
 Sample-based diagonalization: carryover bitstrings = [], size = 0
