 Elapsed time for helper construction 0.569307 (sec) 
 Elapsed time for init 0.009306999999999999 (sec) 
 Elapsed time for makeQChamDiagTerms 3.073633 (sec) 
 Davidson iteration 0.0 (tol=0.5232881701653065): -88.7067592075765
 Davidson iteration 0.1 (tol=0.1446222155548047): -88.83320688535287 -86.63186081436115
 Davidson iteration 0.2 (tol=0.02959567268629945): -88.84019127953219 -86.94151285133853 -85.76950950310703
 Davidson iteration 0.3 (tol=0.006956188441227805): -88.84045166568671 -87.01355037043699 -86.15926857043146 -85.56648388994813
 Davidson iteration 0.4 (tol=0.001771248084312282): -88.84046684602924 -87.08038716390141 -86.43780025257496 -85.81705027107546
 Davidson iteration 0.5 (tol=0.0004994059882216731): -88.84046782288331 -87.20236228397353 -86.75046836873969 -85.84405521138343
 Davidson iteration 0.6 (tol=0.0001267166730589821): -88.8404678948349 -87.33381059349854 -86.88966989241013 -86.02030054916375
 Davidson iteration 0.7 (tol=3.207317277572061e-05): -88.8404678993723 -87.40127672774277 -86.94819544570676 -86.22588284763869
 Davidson iteration 1.0 (tol=3.207317277468046e-05): -88.84046789937197
 Davidson iteration 1.1 (tol=1.057009159258544e-05): -88.84046789963497 -85.49622831800795
 Davidson iteration 1.2 (tol=3.09596656781728e-06): -88.84046789967078 -86.78626707426663 -84.37381705451776
 Elapsed time for davidson 20.293361 (sec) 
 Elapsed time for diagonalization 20.294977 (sec) 
 Elapsed time for mult 0.733746 (sec) 
 Energy = -88.84046789967103
 Elapsed time for measurement 0.042275 (sec) 
 Sample-based diagonalization: Energy = -88.84046789967103
 Sample-based diagonalization: density = [1.999973056897776,1.989533840370474,1.986820808187796,1.988348419752719,1.980841841536879,1.981714251833941,1.979231373686931,1.979198604494932,1.979727922513792,0.0144497375229391,0.01977961079969828,0.01914755858359077,0.0160724925492533,0.01551722610667,0.01822476310754909,0.01557825556504471,0.01584023631052632
 Sample-based diagonalization: carryover bitstrings = [], size = 0
