 Elapsed time for helper construction 0.516398 (sec) 
 Elapsed time for init 0.014329 (sec) 
 Elapsed time for makeQChamDiagTerms 2.272142 (sec) 
 Davidson iteration 0.0 (tol=0.5789003148286997): -137.000582873143
 Davidson iteration 0.1 (tol=0.2806982416998344): -137.1423748226405 -135.0927541889866
 Davidson iteration 0.2 (tol=0.1280914795672566): -137.1681523095 -135.6233688808936 -134.2749715350272
 Davidson iteration 0.3 (tol=0.05669976640654073): -137.173452955896 -135.9592271433773 -134.5909408628987 -133.5869300385265
 Davidson iteration 0.4 (tol=0.02761430085314339): -137.1744789309161 -136.2558274719474 -134.8717485474187 -134.3433839205714
 Davidson iteration 0.5 (tol=0.01289654819221902): -137.174753588563 -136.5345531856079 -135.1802438572535 -134.3435373660674
 Davidson iteration 0.6 (tol=0.00678030072442244): -137.1748018668365 -136.6460672107733 -135.4321898118773 -134.4156142531513
 Davidson iteration 0.7 (tol=0.002813631372397046): -137.1748148926134 -136.6955436468792 -135.6588978569802 -134.7132793967542
 Davidson iteration 1.0 (tol=0.002813631372395387): -137.1748148926129
 Davidson iteration 1.1 (tol=0.001372048065302326): -137.1748168993006 -134.7852476993633
 Davidson iteration 1.2 (tol=0.0007609667459727398): -137.1748176032299 -135.8013274920021 -133.8074106858984
 Davidson iteration 1.3 (tol=0.0003867128697838205): -137.174817798663 -136.3975486156519 -134.0418705091187 -133.0491807384827
 Davidson iteration 1.4 (tol=0.0001736501564158833): -137.1748178411159 -136.5914944448064 -134.0441439095153 -133.8124613233052
 Davidson iteration 1.5 (tol=8.475575232692103e-05): -137.1748178509099 -136.7007538809846 -135.0579920650256 -134.034004563121
 Davidson iteration 1.6 (tol=3.830013152775002e-05): -137.1748178530702 -136.7627335291521 -135.7012170868413 -134.0344490140276
 Davidson iteration 1.7 (tol=1.442681889153276e-05): -137.1748178534999 -136.7944535015304 -136.0183342155096 -134.040580079868
 Davidson iteration 2.0 (tol=1.442681881751559e-05): -137.1748178535006
 Davidson iteration 2.1 (tol=6.834772797946427e-06): -137.1748178535521 -134.6504419463851
 Elapsed time for davidson 23.428152 (sec) 
 Elapsed time for diagonalization 23.428255 (sec) 
 Elapsed time for mult 0.73892 (sec) 
 Energy = -137.1748178535503
 Elapsed time for measurement 0.029887 (sec) 
 Sample-based diagonalization: Energy = -137.1748178535503
 Sample-based diagonalization: density = [1.999997499674879,1.993959952327979,1.992976823372095,1.988293336748293,1.986987840904713,1.982361655238069,1.960682625140006,1.977330465186328,1.98623328121094,1.887636482465628,0.1396844293427373,0.002456749294849,0.01181431453056328,0.006614903812247018,0.02447153813821946,0.03627798068898188,0.02222012179389402
 Sample-based diagonalization: carryover bitstrings = [], size = 0
