 Elapsed time for helper construction 0.618031 (sec) 
 Elapsed time for init 0.007835 (sec) 
 Elapsed time for makeQChamDiagTerms 3.248802 (sec) 
 Davidson iteration 0.0 (tol=0.5623790041307221): -124.4531100287544
 Davidson iteration 0.1 (tol=0.2070236069988322): -124.5798487910849 -122.2557503311948
 Davidson iteration 0.2 (tol=0.07421563318971031): -124.5930810949097 -122.7858135062913 -121.8055162910013
 Davidson iteration 0.3 (tol=0.02173514546910792): -124.5947580921838 -122.9759892548066 -121.8512060314913 -121.6242353960752
 Davidson iteration 0.4 (tol=0.008739490549583059): -124.5948995989079 -123.2929044882186 -122.127296504992 -121.7572340770544
 Davidson iteration 0.5 (tol=0.003187345130484224): -124.594925979776 -123.6400496041076 -122.4583891119667 -121.9676548782597
 Davidson iteration 0.6 (tol=0.00105954259876328): -124.5949291735392 -123.7770416615193 -122.5479555832139 -122.2805649137165
 Davidson iteration 0.7 (tol=0.0004099715478313241): -124.594929503113 -123.8671565574479 -122.8414419278199 -122.3029697401526
 Davidson iteration 1.0 (tol=0.0004099715478287915): -124.5949295031133
 Davidson iteration 1.1 (tol=0.0001736769100981324): -124.5949295443259 -121.6244367367091
 Davidson iteration 1.2 (tol=8.284285884477266e-05): -124.594929556367 -123.5612914789781 -119.9346466431385
 Davidson iteration 1.3 (tol=3.567012059347717e-05): -124.5949295583568 -123.9341737732977 -121.0173754352682 -119.0281162275027
 Davidson iteration 1.4 (tol=1.289188381705027e-05): -124.5949295587197 -124.061873260579 -121.4214618433633 -121.0040291459879
 Davidson iteration 1.5 (tol=4.554931051235719e-06): -124.5949295587731 -124.1281226232486 -122.714781143857 -121.0085200407276
 Elapsed time for davidson 24.193424 (sec) 
 Elapsed time for diagonalization 24.193549 (sec) 
 Elapsed time for mult 0.8168329999999999 (sec) 
 Energy = -124.5949295587732
 Elapsed time for measurement 0.043044 (sec) 
 Sample-based diagonalization: Energy = -124.5949295587732
 Sample-based diagonalization: density = [1.99998637732169,1.992929920545294,1.98882605641627,1.982374324602712,1.983304225479146,1.977274578871198,1.979571766973656,1.987118572621656,1.981303473731885,1.980421046093736,0.05540463135185636,0.01372626062246967,0.01876707679576348,0.0193725988077676,0.0139053932125617,0.01440176443304807,0.01131193190158051
 Sample-based diagonalization: carryover bitstrings = [], size = 0
