 Elapsed time for helper construction 0.7067669999999999 (sec) 
 Elapsed time for init 0.012042 (sec) 
 Elapsed time for makeQChamDiagTerms 5.628419999999999 (sec) 
 Davidson iteration 0.0 (tol=0.5300436857518848): -147.3823444890306
 Davidson iteration 0.1 (tol=0.2135034632774927): -147.5051780869594 -145.4967624060386
 Davidson iteration 0.2 (tol=0.08353840494069524): -147.5202794909303 -145.9283412634967 -144.9129420392422
 Davidson iteration 0.3 (tol=0.028062551793578): -147.5227573114232 -146.0917156466591 -145.1532996898976 -144.8752173399422
 Davidson iteration 0.4 (tol=0.01081962855791112): -147.5230185021098 -146.3139707260227 -145.3700654735513 -144.9226406820563
 Davidson iteration 0.5 (tol=0.003917960063193656): -147.5230687549337 -146.6688330096688 -145.5226233925612 -145.2477082880947
 Davidson iteration 0.6 (tol=0.001570341902903266): -147.5230744276617 -146.7935135122453 -145.6993827434005 -145.2483944630659
 Davidson iteration 0.7 (tol=0.0005900714850283092): -147.5230753293783 -146.8703785334792 -146.1205278513385 -145.4291714204337
 Davidson iteration 1.0 (tol=0.0005900714850272253): -147.5230753293771
 Davidson iteration 1.1 (tol=0.0002611352348442518): -147.5230754504453 -145.6957916469741
 Davidson iteration 1.2 (tol=0.0001330415596295035): -147.5230754834344 -146.7645709051616 -144.6586180851225
 Davidson iteration 1.3 (tol=5.302593278601273e-05): -147.5230754903296 -147.0342265963762 -145.0823234592379 -144.1763256138432
 Davidson iteration 1.4 (tol=2.493047963506483e-05): -147.5230754914272 -147.1517364843374 -145.4701182602863 -145.0809434048348
 Davidson iteration 1.5 (tol=9.934348789714533e-06): -147.5230754916579 -147.2157009036657 -146.0362137253064 -145.1047936906365
 Elapsed time for davidson 30.068863 (sec) 
 Elapsed time for diagonalization 30.069073 (sec) 
 Elapsed time for mult 0.7487659999999999 (sec) 
 Energy = -147.5230754916596
 Elapsed time for measurement 0.059866 (sec) 
 Sample-based diagonalization: Energy = -147.5230754916596
 Sample-based diagonalization: density = [1.999997260711963,1.998686609906021,1.99262922695134,1.994251667835531,1.990885481014881,1.988151897549317,1.995505527113033,1.966764316395626,1.978572769211136,1.98576339006277,1.937124177255764,0.09781736812174319,0.007834954237112699,0.007455514798750743,0.009219071347644431,0.008656210861138221,0.00291184113984392,0.009252706902404699,0.01212282893252926,0.01639717942278077
 Sample-based diagonalization: carryover bitstrings = [], size = 0
