 Elapsed time for helper construction 1.067412 (sec) 
 Elapsed time for init 0.042324 (sec) 
 Elapsed time for makeQChamDiagTerms 13.219007 (sec) 
 Davidson iteration 0.0 (tol=0.5451819290705922): -165.6841603365698
 Davidson iteration 0.1 (tol=0.1368307293333467): -165.8209358427815 -163.885966702701
 Davidson iteration 0.2 (tol=0.03826032315044314): -165.8288255507029 -164.2566684439994 -163.7358262016326
 Davidson iteration 0.3 (tol=0.00920341544311086): -165.829463192237 -164.3586489617131 -163.7873464252582 -163.733722762572
 Davidson iteration 0.4 (tol=0.003063580538367395): -165.8295029131658 -164.7085336376235 -163.8691745427857 -163.7351372796624
 Davidson iteration 0.5 (tol=0.0009119564754618187): -165.8295076420367 -164.9710269343261 -164.0151815066234 -163.8589732720755
 Davidson iteration 0.6 (tol=0.000254568139292696): -165.8295080207589 -165.0573973836706 -164.1645922306432 -163.9063449403078
 Davidson iteration 0.7 (tol=7.474277186757049e-05): -165.8295080498688 -165.0871554071342 -164.6231166812565 -164.1459903190833
 Davidson iteration 1.0 (tol=7.474277186460836e-05): -165.8295080498683
 Davidson iteration 1.1 (tol=2.440337783091299e-05): -165.8295080522904 -164.1013717086362
 Davidson iteration 1.2 (tol=9.040078921721017e-06): -165.829508052676 -165.0228223635443 -163.8008506936443
 Elapsed time for davidson 39.538532 (sec) 
 Elapsed time for diagonalization 39.540062 (sec) 
 Elapsed time for mult 0.8487699999999999 (sec) 
 Energy = -165.8295080526767
 Elapsed time for measurement 0.11241 (sec) 
 Sample-based diagonalization: Energy = -165.8295080526767
 Sample-based diagonalization: density = [1.999982851216588,1.994226209284774,1.99726830219626,1.995128738322067,1.994486406605341,1.992684972357625,1.994994550419289,1.98983649838229,1.989258321888895,1.988588591316903,1.974357642890785,1.990908080655288,1.98949578119065,1.947927313938665,0.08329727456433955,0.009049766381344717,0.009604144205615622,0.003107661778627859,0.001627045741096034,0.008940661888262673,0.01131392779063631,0.003491474295998347,0.005098121323876894,0.01069956951100431,0.01462609168712231
 Sample-based diagonalization: carryover bitstrings = [], size = 0
