 Elapsed time for helper construction 0.438129 (sec) 
 Elapsed time for init 0.005353999999999999 (sec) 
 Elapsed time for makeQChamDiagTerms 1.035476 (sec) 
 Davidson iteration 0.0 (tol=0.5863398175474226): -92.07162463213854
 Davidson iteration 0.1 (tol=0.2408076302840701): -92.23102407190001 -90.29207231759099
 Davidson iteration 0.2 (tol=0.09733962249432539): -92.24961389344182 -90.58468162334323 -89.36982310212238
 Davidson iteration 0.3 (tol=0.03240123215890064): -92.25244204119356 -90.67626726146199 -89.58019299111281 -89.27340975438707
 Davidson iteration 0.4 (tol=0.01183493232389617): -92.25277875255843 -90.89341314280205 -89.7530993878265 -89.29753126305967
 Davidson iteration 0.5 (tol=0.004598232724205721): -92.2528187163141 -91.11253984904477 -90.11453008183545 -89.67700835351512
 Davidson iteration 0.6 (tol=0.001683747933881936): -92.25282493371526 -91.23713818774311 -90.24852644326045 -89.72754952391804
 Davidson iteration 0.7 (tol=0.0005696829403744649): -92.25282569233589 -91.31229770273123 -90.37094578010137 -89.7340344298488
 Davidson iteration 1.0 (tol=0.0005696829403771792): -92.25282569233477
 Davidson iteration 1.1 (tol=0.000245093591438003): -92.25282577998193 -89.92615574989375
 Davidson iteration 1.2 (tol=0.0001001429561395833): -92.25282580162178 -90.88974846012717 -88.35845863635193
 Davidson iteration 1.3 (tol=4.067250916725662e-05): -92.25282580467317 -91.23771355604241 -89.12319772500769 -87.89338778405551
 Davidson iteration 1.4 (tol=1.439364143552759e-05): -92.25282580513617 -91.46952051835966 -89.289317763158 -88.81026851419996
 Davidson iteration 1.5 (tol=5.123694402932553e-06): -92.25282580519904 -91.55741831669081 -89.86326920709448 -89.03074263113072
 Elapsed time for davidson 18.658852 (sec) 
 Elapsed time for diagonalization 18.65901 (sec) 
 Elapsed time for mult 0.585075 (sec) 
 Energy = -92.25282580519902
 Elapsed time for measurement 0.029874 (sec) 
 Sample-based diagonalization: Energy = -92.25282580519902
 Sample-based diagonalization: density = [1.999966855593329,1.991010763345998,1.986638214209893,1.981732679970146,1.981448524874188,1.972758188471328,1.980730649400586,1.895543750258955,1.98450341479102,0.1098442951983576,0.0187524206553387,0.02350771985007447,0.02160914177657753,0.01603540354469798,0.01753712623044608,0.01838085176369323
 Sample-based diagonalization: carryover bitstrings = [], size = 0
