 Elapsed time for helper construction 1.450576 (sec) 
 Elapsed time for init 0.046883 (sec) 
 Elapsed time for makeQChamDiagTerms 12.252044 (sec) 
 Davidson iteration 0.0 (tol=0.6811256361285876): -152.6673032093157
 Davidson iteration 0.1 (tol=0.2606838988303337): -152.8647420722489 -150.6216821732593
 Davidson iteration 0.2 (tol=0.1038498136229523): -152.8857913439793 -150.9940175680077 -149.9167904696858
 Davidson iteration 0.3 (tol=0.03209880421516922): -152.8892258456746 -151.2283591494404 -150.0090238652422 -149.7004558424979
 Davidson iteration 0.4 (tol=0.01389076738490568): -152.8895891576476 -151.5715849034198 -150.3313648652378 -149.9236552104852
 Davidson iteration 0.5 (tol=0.005575058505905475): -152.8896625278474 -151.977731223039 -150.6906501601276 -150.0412032525198
 Davidson iteration 0.6 (tol=0.002340749805069587): -152.889673315226 -152.1351055486582 -150.8933631082139 -150.1188206611953
 Davidson iteration 0.7 (tol=0.0009007141202027616): -152.8896752833782 -152.2075702405033 -151.1292682153099 -150.4177827126732
 Davidson iteration 1.0 (tol=0.0009007141202383771): -152.8896752833795
 Davidson iteration 1.1 (tol=0.0004375649086174068): -152.8896755561956 -150.682565196837
 Davidson iteration 1.2 (tol=0.0002203817282737023): -152.889675638602 -151.740757615271 -149.1946731861065
 Davidson iteration 1.3 (tol=8.588659749514339e-05): -152.8896756556376 -152.0773870936475 -149.8686989735044 -148.9861037549283
 Davidson iteration 1.4 (tol=3.27669812272075e-05): -152.8896756580484 -152.2003752671858 -150.1413062032455 -149.8275147660866
 Davidson iteration 1.5 (tol=1.324330869400575e-05): -152.889675658463 -152.2769418085895 -151.1890421290091 -149.8563837163362
 Davidson iteration 1.6 (tol=5.494875856423263e-06): -152.8896756585215 -152.3155395556599 -151.6272170115045 -150.3368766346762
 Elapsed time for davidson 74.111491 (sec) 
 Elapsed time for diagonalization 74.111676 (sec) 
 Elapsed time for mult 1.814343 (sec) 
 Energy = -152.8896756585203
 Elapsed time for measurement 0.121408 (sec) 
 Sample-based diagonalization: Energy = -152.8896756585203
 Sample-based diagonalization: density = [1.999989090366845,1.990728232475861,1.989984340432375,1.98760413371199,1.985350466318232,1.980715802426409,1.982940893097083,1.978667742353267,1.980117319200642,1.95886962190163,1.994999801632867,1.987819848498483,1.941943394598743,0.09760781561883539,0.02182582450371894,0.01989766963739897,0.01691919439454982,0.01305598102159886,0.006372638075283462,0.01812454294210396,0.01161910715452093,0.01780027460361854,0.01704626459897684
 Sample-based diagonalization: carryover bitstrings = [], size = 0
