 Elapsed time for helper construction 1.701187 (sec) 
 Elapsed time for init 0.056575 (sec) 
 Elapsed time for makeQChamDiagTerms 16.15957 (sec) 
 Davidson iteration 0.0 (tol=0.6776734644471415): -154.6888596988444
 Davidson iteration 0.1 (tol=0.2356328035905096): -154.8846657158811 -152.6448600554289
 Davidson iteration 0.2 (tol=0.08558094320293172): -154.9022510276257 -152.9587838067589 -152.0382600751458
 Davidson iteration 0.3 (tol=0.02462560177621353): -154.9045948809865 -153.157732112612 -152.1513524341557 -151.8114041586475
 Davidson iteration 0.4 (tol=0.009505105530345262): -154.9048027231904 -153.460195352375 -152.347667538382 -152.0494067053448
 Davidson iteration 0.5 (tol=0.00345584265146173): -154.9048370432388 -153.88198116866 -152.6837713106683 -152.1210021591745
 Davidson iteration 0.6 (tol=0.001279517603077719): -154.9048414305329 -154.0568196505338 -152.8757187670097 -152.2178934534877
 Davidson iteration 0.7 (tol=0.0005175136417340934): -154.9048421001795 -154.164923613646 -153.2708521893044 -152.594711712151
 Davidson iteration 1.0 (tol=0.0005175136417409681): -154.9048421001814
 Davidson iteration 1.1 (tol=0.000241239003498321): -154.9048421983817 -153.0467704119822
 Davidson iteration 1.2 (tol=0.0001294141165017691): -154.9048422306413 -154.114423812967 -152.0145056708981
 Davidson iteration 1.3 (tol=5.519891327433423e-05): -154.9048422371903 -154.3919801367007 -152.1135010357053 -151.9418379092953
 Davidson iteration 1.4 (tol=2.344295343886512e-05): -154.9048422383551 -154.4802516695237 -152.7231383402154 -152.0734865634686
 Davidson iteration 1.5 (tol=9.751312201974756e-06): -154.9048422385953 -154.5445954120103 -153.5265849862555 -152.0747001586476
 Elapsed time for davidson 82.287756 (sec) 
 Elapsed time for diagonalization 82.287959 (sec) 
 Elapsed time for mult 2.802436 (sec) 
 Energy = -154.9048422385931
 Elapsed time for measurement 0.13675 (sec) 
 Sample-based diagonalization: Energy = -154.9048422385931
 Sample-based diagonalization: density = [1.999989775195151,1.991516574867747,1.990404392871336,1.988480385498835,1.985322640020327,1.979672083287066,1.983885821890616,1.986636364667003,1.983034524088649,1.972271305898289,1.9815926110918,1.987644874530772,1.948006291109808,0.08267850287895842,0.01144946214349412,0.01257093095891503,0.01295083860584137,0.0144266267336484,0.01523032010184468,0.01129827200463877,0.01328134010036458,0.01675436111459184,0.01696560427811231,0.01393609556525717
 Sample-based diagonalization: carryover bitstrings = [], size = 0
