 Elapsed time for helper construction 0.423615 (sec) 
 Elapsed time for init 0.003281 (sec) 
 Elapsed time for makeQChamDiagTerms 1.412152 (sec) 
 Davidson iteration 0.0 (tol=0.5329856378398647): -89.40442180652467
 Davidson iteration 0.1 (tol=0.1811813895089515): -89.53051574194726 -87.25665037089558
 Davidson iteration 0.2 (tol=0.0427905056491805): -89.54118656125375 -87.68435943766245 -86.17782257996332
 Davidson iteration 0.3 (tol=0.01117690733207853): -89.54169465850723 -87.77780779457665 -86.60276562528473 -85.89454487013793
 Davidson iteration 0.4 (tol=0.00322595675740753): -89.54173146083062 -87.85291799591555 -87.01624646112519 -86.13855126743113
 Davidson iteration 0.5 (tol=0.001043478634788234): -89.54173455592368 -87.95222886555641 -87.39442829066331 -86.18343384538829
 Davidson iteration 0.6 (tol=0.0002932717438753602): -89.5417348635942 -88.0427597855996 -87.60185431530905 -86.59995602149201
 Davidson iteration 0.7 (tol=7.956256697562062e-05): -89.54173488853947 -88.09476180120809 -87.72540324452622 -86.917824251266
 Davidson iteration 1.0 (tol=7.956256697660508e-05): -89.54173488853971
 Davidson iteration 1.1 (tol=2.814127054440292e-05): -89.54173489012196 -86.0959580869557
 Davidson iteration 1.2 (tol=9.630668212517463e-06): -89.54173489038681 -87.52594777947384 -85.02350942698564
 Elapsed time for davidson 9.154636 (sec) 
 Elapsed time for diagonalization 9.154726 (sec) 
 Elapsed time for mult 0.401035 (sec) 
 Energy = -89.54173489038583
 Elapsed time for measurement 0.019286 (sec) 
 Sample-based diagonalization: Energy = -89.54173489038583
 Sample-based diagonalization: density = [1.999965503994261,1.989594967260009,1.986593641947531,1.989477365988738,1.980395380584245,1.97890868069842,1.978161940405592,1.976722517619464,1.97768953767825,0.02058639076596742,0.01586008467755136,0.02065145246920835,0.01961318193268196,0.01789369776694336,0.01837100063747051,0.01688755655675942,0.012627098971076
 Sample-based diagonalization: carryover bitstrings = [], size = 0
