 Elapsed time for helper construction 1.223402 (sec) 
 Elapsed time for init 0.017489 (sec) 
 Elapsed time for makeQChamDiagTerms 11.889314 (sec) 
 Davidson iteration 0.0 (tol=0.6464501536702347): -155.3182226766762
 Davidson iteration 0.1 (tol=0.1893201803091704): -155.504723773074 -153.3688231235204
 Davidson iteration 0.2 (tol=0.0615902748408339): -155.5176604425431 -153.6756066103583 -153.0333629079124
 Davidson iteration 0.3 (tol=0.01531822175936102): -155.5190437786489 -153.8101698200057 -153.0366409676219 -152.9589504931142
 Davidson iteration 0.4 (tol=0.005496817132745498): -155.519147182785 -154.2358843440648 -153.1813776214028 -153.0056583668385
 Davidson iteration 0.5 (tol=0.001919738013682614): -155.5191597655074 -154.5787368379208 -153.351386122132 -153.0180095238346
 Davidson iteration 0.6 (tol=0.0006109374818820141): -155.5191612464392 -154.7106886018538 -153.5244283056889 -153.0919198737996
 Davidson iteration 0.7 (tol=0.0002240096994070761): -155.5191614040664 -154.796934345593 -153.9273830473828 -153.2169583656257
 Davidson iteration 1.0 (tol=0.0002240096994076782): -155.519161404066
 Davidson iteration 1.1 (tol=8.742036459982205e-05): -155.5191614215393 -153.2106253099743
 Davidson iteration 1.2 (tol=3.667283517607099e-05): -155.5191614256574 -154.4842304404747 -152.6942156241625
 Davidson iteration 1.3 (tol=1.246354146061453e-05): -155.5191614261848 -154.7483390439652 -152.738098612093 -152.6378952563664
 Davidson iteration 1.4 (tol=4.222265472824059e-06): -155.5191614262489 -154.8903405540036 -153.2966280449654 -152.6993495534756
 Elapsed time for davidson 48.306448 (sec) 
 Elapsed time for diagonalization 48.307925 (sec) 
 Elapsed time for mult 1.351205 (sec) 
 Energy = -155.5191614262464
 Elapsed time for measurement 0.104735 (sec) 
 Sample-based diagonalization: Energy = -155.5191614262464
 Sample-based diagonalization: density = [1.999991589575909,1.991795223858012,1.991005558519932,1.991528128735924,1.984904531605943,1.985383742730163,1.989697785564875,1.985260027372779,1.983541764650067,1.986251728812265,1.960383322791458,1.989122867459332,1.953287327579579,0.08232276853472702,0.0181985711901748,0.01585531779959801,0.01591289214219827,0.01131270083138039,0.01666171342266377,0.01268686648437672,0.006914296151586769,0.01480737938082993,0.01317389448757734
 Sample-based diagonalization: carryover bitstrings = [], size = 0
