 Elapsed time for helper construction 1.094857 (sec) 
 Elapsed time for init 0.017961 (sec) 
 Elapsed time for makeQChamDiagTerms 12.536858 (sec) 
 Davidson iteration 0.0 (tol=0.5592134066015426): -149.6028833397226
 Davidson iteration 0.1 (tol=0.1022474147275031): -149.7426499481243 -147.586478006899
 Davidson iteration 0.2 (tol=0.02385256967513805): -149.7470145940803 -147.8935195181633 -147.5343304592788
 Davidson iteration 0.3 (tol=0.00563906530609233): -149.7472569790396 -148.116819690165 -147.6769760812151 -147.5156029240318
 Davidson iteration 0.4 (tol=0.001430426444942677): -149.7472738489054 -148.5818966630394 -147.8065815389626 -147.5720103151323
 Davidson iteration 0.5 (tol=0.000399573888525126): -149.7472749505608 -148.9246519315537 -147.90584647637 -147.7210118192157
 Davidson iteration 0.6 (tol=0.0001090706981453875): -149.7472750203049 -149.0038732668901 -148.0019350899629 -147.8899324338874
 Davidson iteration 0.7 (tol=2.683819549476241e-05): -149.7472750252357 -149.0540834782179 -148.2571545008876 -147.9060765136862
 Davidson iteration 1.0 (tol=2.683819549428769e-05): -149.7472750252366
 Davidson iteration 1.1 (tol=7.997679288403565e-06): -149.7472750255308 -147.9171873912516
 Elapsed time for davidson 33.496138 (sec) 
 Elapsed time for diagonalization 33.496314 (sec) 
 Elapsed time for mult 0.7253609999999999 (sec) 
 Energy = -149.7472750255297
 Elapsed time for measurement 0.107355 (sec) 
 Sample-based diagonalization: Energy = -149.7472750255297
 Sample-based diagonalization: density = [1.999975664169122,1.993031291027022,1.99358990279782,1.991458508512224,1.990705907818474,1.986776806296251,1.991616343508773,1.98626529072993,1.989176908698253,1.985427429602697,1.9963560320398,1.973711538163952,1.988333717632953,1.996143672357487,0.002333835415047829,0.02837190789863697,0.01451466763284899,0.01284515700758613,0.008570630004729862,0.01173366834670306,0.01071900261718641,0.0155635826289839,0.00677904024025554,0.01359416970750871,0.01240532494617328
 Sample-based diagonalization: carryover bitstrings = [], size = 0
