 Elapsed time for helper construction 0.714608 (sec) 
 Elapsed time for init 0.007709 (sec) 
 Elapsed time for makeQChamDiagTerms 3.910164 (sec) 
 Davidson iteration 0.0 (tol=0.546923867735911): -147.8673542766646
 Davidson iteration 0.1 (tol=0.2363348372364532): -147.9946614076447 -145.9131125694611
 Davidson iteration 0.2 (tol=0.1027934678586726): -148.0117061694351 -146.3733097138944 -145.1264692364164
 Davidson iteration 0.3 (tol=0.03733451694369287): -148.0150560325274 -146.5755902918302 -145.4268578048431 -144.9134607908174
 Davidson iteration 0.4 (tol=0.01501464213642177): -148.015466467876 -146.7792508438105 -145.7518184985768 -145.1494985052487
 Davidson iteration 0.5 (tol=0.005864162288422806): -148.0155496743876 -147.1262030534569 -145.9912517040836 -145.4757227219059
 Davidson iteration 0.6 (tol=0.002754301999019508): -148.0155606455998 -147.2588903218298 -146.1403941533414 -145.4775335856685
 Davidson iteration 0.7 (tol=0.001102349903801165): -148.0155627937958 -147.3498583618174 -146.4322884215553 -145.6677865356909
 Davidson iteration 1.0 (tol=0.001102349903810399): -148.0155627937955
 Davidson iteration 1.1 (tol=0.0005637701982817376): -148.015563142507 -145.9609044534355
 Davidson iteration 1.2 (tol=0.0002814033421681484): -148.0155632576729 -147.0471263444975 -143.6442190061906
 Davidson iteration 1.3 (tol=0.0001162045189363935): -148.0155632863091 -147.4120431810038 -145.3000522136442 -142.8134496542388
 Davidson iteration 1.4 (tol=5.296882546623787e-05): -148.0155632907493 -147.5546196277307 -145.4931908289539 -145.2146254467063
 Davidson iteration 1.5 (tol=2.288221453904537e-05): -148.0155632916797 -147.6208793990994 -146.218222184192 -145.3676611456157
 Davidson iteration 1.6 (tol=1.065495357095711e-05): -148.0155632918629 -147.6659356961797 -146.7725948294882 -145.6291801916565
 Davidson iteration 1.7 (tol=4.545330424178887e-06): -148.015563291903 -147.6901514850657 -147.1321863887262 -145.6355334769004
 Elapsed time for davidson 30.190403 (sec) 
 Elapsed time for diagonalization 30.190494 (sec) 
 Elapsed time for mult 0.8462949999999999 (sec) 
 Energy = -148.0155632919036
 Elapsed time for measurement 0.056927 (sec) 
 Sample-based diagonalization: Energy = -148.0155632919036
 Sample-based diagonalization: density = [1.999996756650134,1.99787282011182,1.992496292646853,1.990958515415322,1.991159899017939,1.987834446654521,1.993758137069556,1.980106137439799,1.957051070311523,1.983360686222328,1.943569272427681,0.09896768031071078,0.01300374446010233,0.01602870021434785,0.004445127332367967,0.006640541668353397,0.02361927294773074,0.01913089886801301
 Sample-based diagonalization: carryover bitstrings = [], size = 0
