 Elapsed time for helper construction 0.872149 (sec) 
 Elapsed time for init 0.029211 (sec) 
 Elapsed time for makeQChamDiagTerms 5.86097 (sec) 
 Davidson iteration 0.0 (tol=0.5525129246089391): -150.1976200791689
 Davidson iteration 0.1 (tol=0.238312628335779): -150.324062432715 -148.1933592629508
 Davidson iteration 0.2 (tol=0.1040849122547733): -150.3407253302921 -148.6552853068932 -147.3487467438441
 Davidson iteration 0.3 (tol=0.03950862650516942): -150.3439690561782 -148.8790081323083 -147.6343643027336 -147.0262365360308
 Davidson iteration 0.4 (tol=0.01549925697058369): -150.344394141949 -149.0681195516789 -147.9505876146692 -147.3773615130072
 Davidson iteration 0.5 (tol=0.005805828754224658): -150.3444765929789 -149.3806480064483 -148.2065939286568 -147.5685782014817
 Davidson iteration 0.6 (tol=0.002669303505916115): -150.3444858750146 -149.5125662532718 -148.3528595363736 -147.5993259626663
 Davidson iteration 0.7 (tol=0.001000428682556843): -150.3444878716326 -149.5995538222576 -148.6290637567853 -147.8356313576847
 Davidson iteration 1.0 (tol=0.001000428682543666): -150.344487871634
 Davidson iteration 1.1 (tol=0.0004880863047835082): -150.3444881442154 -148.0992874481092
 Davidson iteration 1.2 (tol=0.0002438378674441034): -150.3444882302358 -149.1981011316259 -146.2641629297748
 Davidson iteration 1.3 (tol=9.860736315055924e-05): -150.3444882499612 -149.6063665074616 -146.9110948795152 -146.0341889874182
 Davidson iteration 1.4 (tol=4.054060911218869e-05): -150.3444882527376 -149.7770208042086 -147.3986096574854 -146.8858863661645
 Davidson iteration 1.5 (tol=1.621258251321792e-05): -150.3444882532597 -149.8332223678746 -148.101579107294 -146.9428207379276
 Davidson iteration 1.6 (tol=7.160981827117974e-06): -150.3444882533453 -149.8900322944065 -148.7798657572506 -147.2444313570102
 Elapsed time for davidson 45.805494 (sec) 
 Elapsed time for diagonalization 45.807804 (sec) 
 Elapsed time for mult 1.466131 (sec) 
 Energy = -150.3444882533437
 Elapsed time for measurement 0.062557 (sec) 
 Sample-based diagonalization: Energy = -150.3444882533437
 Sample-based diagonalization: density = [1.999996665249845,1.998206385632177,1.992472329438729,1.992505247127144,1.988305450191203,1.986164508519457,1.99223404009846,1.964143622739091,1.983552220092851,1.9824666400653,1.943644261766941,0.09578877900287569,0.01916557966048589,0.01054790486789657,0.009063592622719163,0.002777555077291081,0.00249182179116628,0.0187094943838746,0.01776390140086295
 Sample-based diagonalization: carryover bitstrings = [], size = 0
