 Elapsed time for helper construction 4.310668 (sec) 
 Elapsed time for init 0.110129 (sec) 
 Elapsed time for makeQChamDiagTerms 30.262457 (sec) 
 Davidson iteration 0.0 (tol=0.6829095982178743): -153.7157401595319
 Davidson iteration 0.1 (tol=0.3077845356784852): -153.9061293063351 -151.5621457272278
 Davidson iteration 0.2 (tol=0.1418405382736311): -153.9323611692117 -152.038167050148 -150.4601809916334
 Davidson iteration 0.3 (tol=0.05244202725121066): -153.9376443841441 -152.2895199291536 -150.6572539009353 -149.9594278957057
 Davidson iteration 0.4 (tol=0.02229372310957322): -153.9383272333955 -152.4995079772279 -151.0531782184262 -150.3175688222305
 Davidson iteration 0.5 (tol=0.008942305625476795): -153.9384640979152 -152.7858372838997 -151.565370367891 -150.3710449327298
 Davidson iteration 0.6 (tol=0.004131569071003116): -153.9384869576537 -152.9946309878504 -151.8302740419859 -150.5621950410434
 Davidson iteration 0.7 (tol=0.001852294446443859): -153.938491946733 -153.1535967492741 -152.0959471408508 -151.0990151304323
 Davidson iteration 1.0 (tol=0.001852294446440233): -153.9384919467347
 Davidson iteration 1.1 (tol=0.0009654702158392036): -153.9384928021305 -150.950353604434
 Davidson iteration 1.2 (tol=0.0005554417515217097): -153.9384931461457 -152.7770825121877 -148.6161755427792
 Davidson iteration 1.3 (tol=0.0002687693929782716): -153.9384932442802 -153.2586123848812 -150.2866095700133 -148.0222706590327
 Davidson iteration 1.4 (tol=0.0001131252104969412): -153.9384932628068 -153.3833730917347 -150.6117665051869 -149.6208807606329
 Davidson iteration 1.5 (tol=4.608189083064746e-05): -153.9384932662973 -153.4358790643546 -151.5456036666061 -150.2218346379124
 Davidson iteration 1.6 (tol=2.015475092591566e-05): -153.9384932668772 -153.4657435288284 -152.2446647339476 -150.4301477715499
 Davidson iteration 1.7 (tol=7.865850440402326e-06): -153.9384932670033 -153.4798461874787 -152.6512301566563 -150.579200247915
 Elapsed time for davidson 339.724213 (sec) 
 Elapsed time for diagonalization 339.727826 (sec) 
 Elapsed time for mult 14.305684 (sec) 
 Energy = -153.9384932670032
 Elapsed time for measurement 48.841455 (sec) 
 Sample-based diagonalization: Energy = -153.9384932670032
 Sample-based diagonalization: density = [1.999986264298068,1.990299344095635,1.98935179954801,1.988179746462046,1.982691465911896,1.979699772315304,1.980985121253018,1.978231077412895,1.979478038601113,1.969683349161756,1.986443220400659,1.984409537288336,1.940546655282705,0.09589601864787606,0.02418462565599994,0.02079228333041451,0.02198638994810253,0.01736331637389042,0.005247098104391458,0.01822323684557153,0.009350389023002212,0.0202412648392084,0.01672998494636495
 Sample-based diagonalization: carryover bitstrings = [], size = 0
 Elapse time for dumping one-particle rdm = 0.000806
 Elapse time for dumping two-particle rdm = 0.246141
 Zero-Body energy = 0
 One-Body energy = -261.2242706738836
 Two-Body energy = 107.2857774085174
 One-Body + Two-Body energy = -153.9384932653661
 Zero-Body + One-Body + Two-Body energy = -153.9384932653661
