"PluginInterface" error: Failure to initialize device 0: Error in cuDevicePrimaryCtxRetain: out of memory
"PluginInterface" error: Failure to initialize device 0: Error in cuDevicePrimaryCtxRetain: out of memory
"PluginInterface" error: Failure to initialize device 0: Error in cuDevicePrimaryCtxRetain: out of memory
"PluginInterface" error: Failure to initialize device 0: Error in cuDevicePrimaryCtxRetain: out of memory
"PluginInterface" error: Failure to initialize device 0: Error in cuDevicePrimaryCtxRetain: out of memory
"PluginInterface" error: Failure to initialize device 0: Error in cuDevicePrimaryCtxRetain: out of memory
"PluginInterface" error: Failure to initialize device 1: Error in cuDevicePrimaryCtxRetain: out of memory
"PluginInterface" error: Failure to initialize device 1: Error in cuDevicePrimaryCtxRetain: out of memory
"PluginInterface" error: Failure to initialize device 1: Error in cuDevicePrimaryCtxRetain: out of memory
"PluginInterface" error: Failure to initialize device 1: Error in cuDevicePrimaryCtxRetain: out of memory
"PluginInterface" error: Failure to initialize device 1: Error in cuDevicePrimaryCtxRetain: out of memory
"PluginInterface" error: Failure to initialize device 1: Error in cuDevicePrimaryCtxRetain: out of memory
"PluginInterface" error: Failure to initialize device 2: Error in cuDevicePrimaryCtxRetain: out of memory
"PluginInterface" error: Failure to initialize device 2: Error in cuDevicePrimaryCtxRetain: out of memory
"PluginInterface" error: Failure to initialize device 2: Error in cuDevicePrimaryCtxRetain: out of memory
"PluginInterface" error: Failure to initialize device 2: Error in cuDevicePrimaryCtxRetain: out of memory
"PluginInterface" error: Failure to initialize device 2: Error in cuDevicePrimaryCtxRetain: out of memory
"PluginInterface" error: Failure to initialize device 2: Error in cuDevicePrimaryCtxRetain: out of memory
"PluginInterface" error: Failure to initialize device 3: Error in cuDevicePrimaryCtxRetain: out of memory
"PluginInterface" error: Failure to initialize device 3: Error in cuDevicePrimaryCtxRetain: out of memory
"PluginInterface" error: Failure to initialize device 3: Error in cuDevicePrimaryCtxRetain: out of memory
"PluginInterface" error: Failure to initialize device 3: Error in cuDevicePrimaryCtxRetain: out of memory
"PluginInterface" error: Failure to initialize device 3: Error in cuDevicePrimaryCtxRetain: out of memory
"PluginInterface" error: Failure to initialize device 3: Error in cuDevicePrimaryCtxRetain: out of memory
 Elapsed time for helper construction 0.434537 (sec) 
 Elapsed time for init 0.003143 (sec) 
 Elapsed time for makeQChamDiagTerms 0.117872 (sec) 
 Davidson iteration 0.0 (tol=0.6673107357005396): -185.2872649146444
 Davidson iteration 0.1 (tol=0.2920226550947196): -185.4856148067 -183.5407516890593
 Davidson iteration 0.2 (tol=0.09334692923478087): -185.5160790694416 -183.7881340638966 -182.7705528899189
 Davidson iteration 0.3 (tol=0.02870185108642037): -185.5187788054375 -184.0369147741695 -182.7706469227151 -182.5590783972404
 Davidson iteration 0.4 (tol=0.01102395388539939): -185.5190339240511 -184.2151247493152 -183.0806683958815 -182.7646794425478
 Davidson iteration 0.5 (tol=0.004050337397773753): -185.5190744449517 -184.3848966875412 -183.4366449609303 -182.7673396912579
 Davidson iteration 0.6 (tol=0.001525027489563186): -185.5190795206897 -184.5521381665994 -183.6248769433805 -182.9342452549288
 Davidson iteration 0.7 (tol=0.0005148151233099959): -185.5190801982065 -184.6700632028075 -183.7650818915779 -183.2109848962019
 Davidson iteration 0.8 (tol=0.0001676932888990674): -185.5190802745945 -184.7080351632477 -183.8610898249619 -183.3009808771801
 Davidson iteration 0.9 (tol=5.968761667718994e-05): -185.5190802829778 -184.7255725580115 -183.9920658330749 -183.4629642697461
 Davidson iteration 0.10 (tol=2.108713774260132e-05): -185.5190802840576 -184.735370835722 -184.1302316757486 -183.6404771887568
 Davidson iteration 0.11 (tol=7.264301400523778e-06): -185.5190802842014 -184.7537360783097 -184.3237845486447 -183.7617462727796
 Davidson iteration 0.12 (tol=2.680429689106055e-06): -185.5190802842167 -184.7705718588113 -184.4817224931899 -183.8260623838083
 Davidson iteration 0.13 (tol=9.499916418219122e-07): -185.5190802842189 -184.773436505647 -184.5563388779284 -183.8653738337788
 Davidson iteration 0.14 (tol=3.301900005298901e-07): -185.5190802842191 -184.7883754374496 -184.6608184469962 -183.9469090781318
 Davidson iteration 0.15 (tol=1.147403317160262e-07): -185.5190802842193 -184.8077524489973 -184.7038350901758 -184.0284918219093
 Davidson iteration 0.16 (tol=3.894305983434508e-08): -185.5190802842193 -184.8217705248552 -184.7228725430898 -184.1074207779847
 Davidson iteration 0.17 (tol=1.324958482988271e-08): -185.5190802842192 -184.8511814229732 -184.7347811220645 -184.1914116833138
 Davidson iteration 0.18 (tol=4.421506224750636e-09): -185.5190802842191 -184.8615691042594 -184.7374553210819 -184.2468893676144
 Elapsed time for davidson 43.181931 (sec) 
 Elapsed time for diagonalization 43.181974 (sec) 
 Elapsed time for mult 0.854385 (sec) 
 Energy = -185.5190802842156
 Elapsed time for measurement 0.058383 (sec) 
 Sample-based diagonalization: Energy = -185.5190802842156
 Sample-based diagonalization: density = [1.999966765976533,1.999969402683918,1.999971116923284,1.985418734955779,1.983677893273575,1.979141354920854,1.977729283936452,1.975438870009492,1.973130873556082,1.973659966283931,1.972437497382446,1.886534153555478,0.1155092070103836,0.02455388664335734,0.02583369054635688,0.02380686521209001,0.02366246875333516,0.0225668697962467,0.02063704618888806,0.01789154044723452,0.0184625118871908
 Sample-based diagonalization: carryover bitstrings = [], size = 0
