 Elapsed time for helper construction 1.594974 (sec) 
 Elapsed time for init 0.022988 (sec) 
 Elapsed time for makeQChamDiagTerms 13.115837 (sec) 
 Davidson iteration 0.0 (tol=0.6391333111638747): -124.2654743993215
 Davidson iteration 0.1 (tol=0.1945574793756938): -124.4528320630594 -122.175546845817
 Davidson iteration 0.2 (tol=0.04166846986871942): -124.4655315186193 -122.5351222472038 -121.3454774696585
 Davidson iteration 0.3 (tol=0.01132348559728061): -124.4660760580743 -122.6230146025415 -121.7326115463402 -121.3034845960031
 Davidson iteration 0.4 (tol=0.003331477327470908): -124.4661198227313 -122.7606176162795 -122.0741884774273 -121.5403656750046
 Davidson iteration 0.5 (tol=0.001007459041636666): -124.4661235051574 -122.9403002995691 -122.3484241978559 -121.542137352026
 Davidson iteration 0.6 (tol=0.0002913791747025489): -124.4661238367166 -123.0782270442837 -122.5143589713495 -121.8417712037539
 Davidson iteration 0.7 (tol=8.294031709374795e-05): -124.4661238642637 -123.1477299759969 -122.6187825460748 -121.9769880374223
 Davidson iteration 1.0 (tol=8.294031709495357e-05): -124.4661238642629
 Davidson iteration 1.1 (tol=2.949707879703499e-05): -124.46612386629 -121.6345281844412
 Davidson iteration 1.2 (tol=9.756589459784052e-06): -124.4661238666084 -122.6988668672203 -120.5557124705963
 Elapsed time for davidson 59.119585 (sec) 
 Elapsed time for diagonalization 59.119995 (sec) 
 Elapsed time for mult 2.314937 (sec) 
 Energy = -124.4661238666088
 Elapsed time for measurement 0.125527 (sec) 
 Sample-based diagonalization: Energy = -124.4661238666088
 Sample-based diagonalization: density = [1.999971980912874,1.989535048756143,1.989111931538919,1.985256707115218,1.985555344611629,1.981419252651441,1.980581617845384,1.977360589093621,1.977581215911676,1.976828248529684,1.976819416087642,1.980733811380002,0.02015439541528929,0.02239316044854339,0.02165906481139006,0.01804274441837617,0.01872799412424064,0.01833170787719804,0.01670819308354869,0.01403497730966853,0.01599375549180252,0.01587332650081164,0.01732551568678317
 Sample-based diagonalization: carryover bitstrings = [], size = 0
