 Elapsed time for helper construction 1.198922 (sec) 
 Elapsed time for init 0.021445 (sec) 
 Elapsed time for makeQChamDiagTerms 16.114511 (sec) 
 Davidson iteration 0.0 (tol=0.5869037456380132): -177.1741985934577
 Davidson iteration 0.1 (tol=0.1431669057431713): -177.3277255004962 -175.3088747618741
 Davidson iteration 0.2 (tol=0.03934063071750908): -177.3369552316791 -175.7885667752883 -175.2548736421188
 Davidson iteration 0.3 (tol=0.009695770287336357): -177.3376437960546 -175.8981202129553 -175.4535564952801 -175.1843303033168
 Davidson iteration 0.4 (tol=0.003525395755329916): -177.3376916164849 -176.3438056585928 -175.4662524477065 -175.3011006438217
 Davidson iteration 0.5 (tol=0.001115641830372687): -177.3376983554953 -176.5765764285827 -175.8115479145959 -175.3749069013508
 Davidson iteration 0.6 (tol=0.0003917770577248178): -177.3376990420667 -176.7517189530502 -175.9383218837798 -175.8098779508159
 Davidson iteration 0.7 (tol=0.0001559074806884714): -177.3376991308967 -176.8572159704438 -176.3729619087203 -175.8436695861003
 Davidson iteration 1.0 (tol=0.0001559074806892457): -177.337699130894
 Davidson iteration 1.1 (tol=6.789676596271497e-05): -177.3376991434396 -176.2515750168583
 Davidson iteration 1.2 (tol=3.206134038122631e-05): -177.3376991469977 -176.8713096473886 -175.2889413927093
 Davidson iteration 1.3 (tol=1.032146142072299e-05): -177.3376991474933 -177.0012556094753 -175.3839405587074 -175.0657146070718
 Davidson iteration 1.4 (tol=3.636963908302221e-06): -177.3376991475512 -177.0577507004061 -175.7973480032746 -175.3797517393626
 Elapsed time for davidson 49.021814 (sec) 
 Elapsed time for diagonalization 49.022093 (sec) 
 Elapsed time for mult 0.96424 (sec) 
 Energy = -177.3376991475543
 Elapsed time for measurement 0.128346 (sec) 
 Sample-based diagonalization: Energy = -177.3376991475543
 Sample-based diagonalization: density = [1.999978417153919,1.99453753840482,1.994915208389783,1.994737392026975,1.991740628615525,1.996097416406455,1.988830212541693,1.988008452145696,1.990710336962853,1.988144748120822,1.987494795640641,1.981636577120796,1.985091592119099,1.989755867935917,1.956399932125275,0.07881760596687409,0.01442764771627218,0.01095000040932993,0.009809262868203866,0.01041374521666558,0.004469173648077842,0.002885768844384737,0.004164590902194443,0.009852060175954504,0.0125096138848494,0.01362141437170865
 Sample-based diagonalization: carryover bitstrings = [], size = 0
