 Elapsed time for helper construction 1.227865 (sec) 
 Elapsed time for init 0.018322 (sec) 
 Elapsed time for makeQChamDiagTerms 15.744138 (sec) 
 Davidson iteration 0.0 (tol=0.5979946321777124): -144.6799279253957
 Davidson iteration 0.1 (tol=0.1140513933121315): -144.8472794539215 -142.718788494395
 Davidson iteration 0.2 (tol=0.02581618788325698): -144.8527381225182 -142.909451711604 -142.6335876149891
 Davidson iteration 0.3 (tol=0.006164219717009364): -144.8530191221983 -143.0806505082664 -142.8103383188837 -142.6144473100574
 Davidson iteration 0.4 (tol=0.001456831897883685): -144.8530379467526 -143.3903509698146 -142.9772063875109 -142.7035896369994
 Davidson iteration 0.5 (tol=0.0003743627967857782): -144.8530389267432 -143.6183797119279 -143.0775207777087 -142.7654748169874
 Davidson iteration 0.6 (tol=0.0001012079047122228): -144.8530389892754 -143.752327462595 -143.12602014063 -142.9339581846949
 Davidson iteration 0.7 (tol=2.465512677520014e-05): -144.8530389940666 -143.8765083731542 -143.2454473585311 -143.1237145260321
 Davidson iteration 1.0 (tol=2.465512677751182e-05): -144.8530389940712
 Davidson iteration 1.1 (tol=7.453660785679407e-06): -144.8530389943471 -143.2070477210878
 Elapsed time for davidson 42.079598 (sec) 
 Elapsed time for diagonalization 42.079879 (sec) 
 Elapsed time for mult 1.07297 (sec) 
 Energy = -144.8530389943429
 Elapsed time for measurement 0.200417 (sec) 
 Sample-based diagonalization: Energy = -144.8530389943429
 Sample-based diagonalization: density = [1.999983870577357,1.991217722926504,1.991333698583044,1.990243529863685,1.987704519108595,1.987033829309734,1.987413178439619,1.987555744638626,1.984702557067083,1.984405126695408,1.985596704637221,1.969524792410959,1.990413410676995,1.996338412297918,0.008512444789206696,0.03049369221740988,0.005886708905391636,0.01475341157368023,0.01481878989219973,0.01642761262465766,0.01598336307196107,0.0141834588751901,0.01403356148879677,0.008250897791663466,0.01034110934235677,0.01284785197653506
 Sample-based diagonalization: carryover bitstrings = [], size = 0
