 Elapsed time for helper construction 1.203668 (sec) 
 Elapsed time for init 0.031504 (sec) 
 Elapsed time for makeQChamDiagTerms 9.881765999999999 (sec) 
 Davidson iteration 0.0 (tol=0.5560627928183038): -143.9936892594728
 Davidson iteration 0.1 (tol=0.1024029977402391): -144.1346644467791 -142.0684054135457
 Davidson iteration 0.2 (tol=0.02578363609459317): -144.1390499315848 -142.3743585684394 -141.9980122473321
 Davidson iteration 0.3 (tol=0.005729917341310795): -144.1393277312249 -142.4692971674021 -142.0691203612257 -141.9980024312577
 Davidson iteration 0.4 (tol=0.001446542840620137): -144.139343521491 -142.900863354257 -142.070256655894 -142.0005791419614
 Davidson iteration 0.5 (tol=0.000460412167164014): -144.1393446347105 -143.3198851021853 -142.2106549037487 -142.0620305695835
 Davidson iteration 0.6 (tol=0.0001905153284159576): -144.1393447713969 -143.6128004365824 -142.7708110271911 -142.0636593876347
 Davidson iteration 0.7 (tol=7.049673779357448e-05): -144.1393447923872 -143.7631811373632 -142.9854120885824 -142.1554178522201
 Davidson iteration 1.0 (tol=7.049673779319864e-05): -144.1393447923883
 Davidson iteration 1.1 (tol=2.353061374236841e-05): -144.1393447943766 -142.2953045599896
 Davidson iteration 1.2 (tol=8.645909450586197e-06): -144.1393447947168 -143.2786967957845 -141.5315302145373
 Elapsed time for davidson 32.722757 (sec) 
 Elapsed time for diagonalization 32.722983 (sec) 
 Elapsed time for mult 0.786593 (sec) 
 Energy = -144.1393447947134
 Elapsed time for measurement 0.080799 (sec) 
 Sample-based diagonalization: Energy = -144.1393447947134
 Sample-based diagonalization: density = [1.999973196300008,1.995698776122044,1.994574577002382,1.989883805380751,1.991034581174873,1.993287629770442,1.986656678948881,1.987784219176581,1.985478125136438,1.986013448234412,1.961910792782965,1.990383016297411,1.991863580205039,0.04484318603135423,0.005988015711548545,0.01818188747415786,0.00470012745408642,0.0122906205915554,0.01026956542372178,0.01518550575666418,0.008866266369934301,0.009881183955902567,0.006012593594413087,0.009238620900766693
 Sample-based diagonalization: carryover bitstrings = [], size = 0
