 Elapsed time for helper construction 1.324689 (sec) 
 Elapsed time for init 0.051631 (sec) 
 Elapsed time for makeQChamDiagTerms 13.271073 (sec) 
 Davidson iteration 0.0 (tol=0.6732738497663079): -153.1609533182206
 Davidson iteration 0.1 (tol=0.229131552904733): -153.3576675274822 -151.2054402672562
 Davidson iteration 0.2 (tol=0.07826349976034766): -153.3758454522774 -151.5104757480944 -150.8274699634588
 Davidson iteration 0.3 (tol=0.02213196342594851): -153.3779851194513 -151.6864836652288 -150.8544237527478 -150.6495115676875
 Davidson iteration 0.4 (tol=0.008821502955091425): -153.3781710598566 -152.0519919493703 -150.9439359071725 -150.8308877363434
 Davidson iteration 0.5 (tol=0.003276987524188784): -153.3782030775197 -152.4664836321523 -151.172444382459 -150.8543373290349
 Davidson iteration 0.6 (tol=0.001195130782035442): -153.3782072380671 -152.633385520116 -151.3872690096501 -150.8759080363801
 Davidson iteration 0.7 (tol=0.0004106446574025359): -153.3782077900471 -152.6816436253985 -151.6808996559243 -151.173502055657
 Davidson iteration 1.0 (tol=0.0004106446573751236): -153.3782077900474
 Davidson iteration 1.1 (tol=0.0001743662281452492): -153.3782078512491 -151.4186691100712
 Davidson iteration 1.2 (tol=8.12105509336728e-05): -153.3782078663138 -152.3633610105599 -150.6013411809655
 Davidson iteration 1.3 (tol=3.260799489037468e-05): -153.3782078688598 -152.6927927986542 -150.732347337661 -150.2440607221674
 Davidson iteration 1.4 (tol=1.432656195125726e-05): -153.3782078692977 -152.8478460297951 -151.2886453957442 -150.7221365719886
 Davidson iteration 1.5 (tol=5.885799384008834e-06): -153.3782078693893 -152.9492951429591 -152.0026542522632 -150.7425632846774
 Elapsed time for davidson 65.700174 (sec) 
 Elapsed time for diagonalization 65.70039 (sec) 
 Elapsed time for mult 1.816542 (sec) 
 Energy = -153.3782078693868
 Elapsed time for measurement 0.293982 (sec) 
 Sample-based diagonalization: Energy = -153.3782078693868
 Sample-based diagonalization: density = [1.999989233166263,1.991381853584355,1.990339105331756,1.988282737032216,1.984819153745077,1.98034235946916,1.984094398881676,1.982788260981037,1.981313490385499,1.966022098098476,1.995433492864967,1.988232490226547,1.939362089245918,0.08465044783430867,0.01098784739027072,0.0183898087512194,0.01676404986092203,0.01709523985473527,0.01660525038903096,0.01763242175497207,0.01370012722062322,0.01758857567919733,0.01418546784853145
 Sample-based diagonalization: carryover bitstrings = [], size = 0
