 Elapsed time for helper construction 1.134125 (sec) 
 Elapsed time for init 0.033625 (sec) 
 Elapsed time for makeQChamDiagTerms 12.015047 (sec) 
 Davidson iteration 0.0 (tol=0.583415358688542): -139.3213789487836
 Davidson iteration 0.1 (tol=0.1245275630874161): -139.4761394409334 -137.3335582767272
 Davidson iteration 0.2 (tol=0.03431423332180634): -139.4827117489282 -137.8865589055711 -137.1864391106722
 Davidson iteration 0.3 (tol=0.009848675310741859): -139.4832311566705 -138.1263854465602 -137.3506065080123 -137.1789364410782
 Davidson iteration 0.4 (tol=0.003267302409294647): -139.4832804311474 -138.5171245104227 -137.3687304075114 -137.3506013744676
 Davidson iteration 0.5 (tol=0.001118105055634667): -139.483285975326 -138.8186760189039 -137.5618491394681 -137.3549440791909
 Davidson iteration 0.6 (tol=0.0003371669039112849): -139.4832865603929 -138.9092608537688 -137.9025330962368 -137.3993581509308
 Davidson iteration 0.7 (tol=0.0001187505483360401): -139.4832866110621 -138.9334919126325 -138.210815115952 -137.4883286627969
 Davidson iteration 1.0 (tol=0.0001187505483345606): -139.4832866110615
 Davidson iteration 1.1 (tol=5.125470842778296e-05): -139.483286617389 -137.8789887592745
 Davidson iteration 1.2 (tol=2.643019830916519e-05): -139.4832866194712 -138.9293693091756 -136.7064636419542
 Davidson iteration 1.3 (tol=8.714298124767303e-06): -139.4832866198006 -139.10735908936 -137.1701782498384 -136.4417427137139
 Elapsed time for davidson 41.399935 (sec) 
 Elapsed time for diagonalization 41.402202 (sec) 
 Elapsed time for mult 0.885571 (sec) 
 Energy = -139.4832866198007
 Elapsed time for measurement 0.09755999999999999 (sec) 
 Sample-based diagonalization: Energy = -139.4832866198007
 Sample-based diagonalization: density = [1.999978882838642,1.994255579380264,1.9928932185786,1.995013053158567,1.989699617355366,1.987974090012374,1.984093110517158,1.983947845664173,1.979086445943309,1.965826984522026,1.992994773746431,1.987804638271417,1.983671442314136,0.04443248694341472,0.01175475786385418,0.01888458803128317,0.01946917532967601,0.009689867267420868,0.01409208674899573,0.007609652496498674,0.009405013517039764,0.007105510675725749,0.009369352976835946,0.01094782562148794
 Sample-based diagonalization: carryover bitstrings = [], size = 0
