 Elapsed time for helper construction 0.517805 (sec) 
 Elapsed time for init 0.004367999999999999 (sec) 
 Elapsed time for makeQChamDiagTerms 1.947852 (sec) 
 Davidson iteration 0.0 (tol=0.5555846268806084): -148.4476189476624
 Davidson iteration 0.1 (tol=0.2476499644054237): -148.5779210740546 -146.5266992676183
 Davidson iteration 0.2 (tol=0.1119846695223169): -148.5959781413175 -146.9666289686697 -145.7082128759705
 Davidson iteration 0.3 (tol=0.04382953005234252): -148.5996538213373 -147.1496710908664 -145.911263685099 -145.3844255197112
 Davidson iteration 0.4 (tol=0.01841762134351479): -148.6001459463867 -147.3343124742018 -146.2038382227537 -145.6978584087782
 Davidson iteration 0.5 (tol=0.006891707837741613): -148.6002469632555 -147.6021048907357 -146.4074959622087 -145.8642936224124
 Davidson iteration 0.6 (tol=0.003268388025478043): -148.6002588827143 -147.723990244331 -146.5685454017473 -145.8670787111481
 Davidson iteration 0.7 (tol=0.001238810145480852): -148.6002612899489 -147.7985116679957 -146.786707543023 -146.0649907028942
 Davidson iteration 1.0 (tol=0.001238810145473288): -148.6002612899485
 Davidson iteration 1.1 (tol=0.000628876669451648): -148.6002616446505 -145.8120992128652
 Davidson iteration 1.2 (tol=0.0003133356357645224): -148.6002617581418 -147.1982906127255 -143.5095285873867
 Davidson iteration 1.3 (tol=0.0001387195357745342): -148.6002617869287 -147.7212709199042 -145.2633621638948 -142.3632650438791
 Davidson iteration 1.4 (tol=6.420962954769741e-05): -148.6002617916083 -147.9266826152947 -145.2760742069348 -145.2570653057145
 Davidson iteration 1.5 (tol=2.919397114308355e-05): -148.600261792718 -148.0439611339908 -146.2951672156691 -145.2640322723969
 Davidson iteration 1.6 (tol=1.49045755827885e-05): -148.6002617929603 -148.1309390554798 -147.1163116051984 -145.4503534717626
 Davidson iteration 1.7 (tol=6.652863860051244e-06): -148.6002617930232 -148.2028912141166 -147.5502900906077 -145.4721237746463
 Elapsed time for davidson 19.715621 (sec) 
 Elapsed time for diagonalization 19.715716 (sec) 
 Elapsed time for mult 0.689371 (sec) 
 Energy = -148.6002617930239
 Elapsed time for measurement 2.596905 (sec) 
 Sample-based diagonalization: Energy = -148.6002617930239
 Sample-based diagonalization: density = [1.999996873823503,1.996701378046717,1.992202452809672,1.9951129215048,1.988953686958989,1.985020771469988,1.991766923415501,1.97084511026953,1.977142208490096,1.984358877082285,1.926798226461807,0.1077968610069771,0.008949519729161123,0.01612719520810686,0.02001852939488936,0.01784110724573995,0.02036735705649333
 Sample-based diagonalization: carryover bitstrings = [], size = 0
 Elapse time for dumping one-particle rdm = 0.000487
 Elapse time for dumping two-particle rdm = 0.074361
 Zero-Body energy = 0
 One-Body energy = -241.4354994496021
 Two-Body energy = 92.83523765677378
 One-Body + Two-Body energy = -148.6002617928283
 Zero-Body + One-Body + Two-Body energy = -148.6002617928283
