 Elapsed time for helper construction 0.39038 (sec) 
 Elapsed time for init 0.003446 (sec) 
 Elapsed time for makeQChamDiagTerms 1.770842 (sec) 
 Davidson iteration 0.0 (tol=0.5518821799437451): -154.1392883892305
 Davidson iteration 0.1 (tol=0.240624887870016): -154.2663084516092 -152.1233169120401
 Davidson iteration 0.2 (tol=0.1080657055787554): -154.2832357867152 -152.5889510928298 -151.1765634735386
 Davidson iteration 0.3 (tol=0.04169596718840288): -154.2867508085871 -152.837733341301 -151.583136085545 -150.8732207465233
 Davidson iteration 0.4 (tol=0.01708557583989365): -154.2872129213834 -153.0368094290147 -151.8987095580757 -151.136834295593
 Davidson iteration 0.5 (tol=0.006752192508153844): -154.2873050404598 -153.3025504374142 -152.1521321706932 -151.374907497671
 Davidson iteration 0.6 (tol=0.003185432021984933): -154.2873170712065 -153.4372401766432 -152.3352203824043 -151.4327769132327
 Davidson iteration 0.7 (tol=0.001253584790038276): -154.2873199534316 -153.5452572414966 -152.6272063018849 -151.7206771580311
 Davidson iteration 1.0 (tol=0.00125358479003694): -154.2873199534307
 Davidson iteration 1.1 (tol=0.0006144558249776796): -154.2873203742421 -152.0996657024998
 Davidson iteration 1.2 (tol=0.0003304806497141876): -154.2873205167152 -153.1596175508374 -150.4491849422686
 Davidson iteration 1.3 (tol=0.0001432069483436261): -154.2873205514053 -153.5913950130268 -150.9304611607918 -150.1186192982948
 Davidson iteration 1.4 (tol=5.915304385672304e-05): -154.287320557012 -153.7551493605885 -151.3380604637622 -150.9111689890337
 Davidson iteration 1.5 (tol=2.361882801678731e-05): -154.2873205580875 -153.7988942774429 -151.9123001432185 -151.162692363842
 Davidson iteration 1.6 (tol=1.030892145396407e-05): -154.2873205582665 -153.8479288395535 -152.612179842516 -151.3943856991126
 Davidson iteration 1.7 (tol=3.873463571975524e-06): -154.2873205582961 -153.8652392132001 -152.9828522765449 -151.4021035979596
 Elapsed time for davidson 15.317606 (sec) 
 Elapsed time for diagonalization 15.317672 (sec) 
 Elapsed time for mult 0.510485 (sec) 
 Energy = -154.2873205582969
 Elapsed time for measurement 0.048125 (sec) 
 Sample-based diagonalization: Energy = -154.2873205582969
 Sample-based diagonalization: density = [1.999996641878673,1.99822864002806,1.992648040639464,1.990023390743167,1.988534438957602,1.985755307360212,1.990351476589652,1.980793619887931,1.966682091885492,1.981316915862044,1.946164139409891,0.09649530653231418,0.003292062384572898,0.02488896488187949,0.01246236799401094,0.02394989739845945,0.0184166974500602
 Sample-based diagonalization: carryover bitstrings = [], size = 0
