 Elapsed time for helper construction 1.702051 (sec) 
 Elapsed time for init 0.024251 (sec) 
 Elapsed time for makeQChamDiagTerms 15.394199 (sec) 
 Davidson iteration 0.0 (tol=0.6898265821698355): -172.2186546744399
 Davidson iteration 0.1 (tol=0.2848613200858261): -172.412533934225 -170.212856421823
 Davidson iteration 0.2 (tol=0.1127193106941186): -172.4367912449441 -170.502250208588 -169.5316562950138
 Davidson iteration 0.3 (tol=0.03776721350852429): -172.4406169778638 -170.6662821454525 -169.7245266326954 -169.3182898665179
 Davidson iteration 0.4 (tol=0.01554307630837699): -172.4410592536415 -170.9802425623199 -169.8297705194827 -169.5833228405136
 Davidson iteration 0.5 (tol=0.006313007282055208): -172.4411490100806 -171.4268998765138 -170.0729548699148 -169.6633153452886
 Davidson iteration 0.6 (tol=0.002599911518358838): -172.4411617338684 -171.617594026301 -170.3051362278291 -169.6803187534361
 Davidson iteration 0.7 (tol=0.0009405778935468012): -172.4411638305645 -171.6882508135257 -170.5436932073165 -169.9688903108711
 Davidson iteration 1.0 (tol=0.0009405778935536023): -172.4411638305637
 Davidson iteration 1.1 (tol=0.0004268850072232722): -172.4411640972378 -170.0022202367018
 Davidson iteration 1.2 (tol=0.0002064829386112096): -172.4411641698846 -171.1216366275369 -168.8060133708489
 Davidson iteration 1.3 (tol=8.610088692743877e-05): -172.4411641841745 -171.5459397870449 -169.3314068405944 -168.3388514857856
 Davidson iteration 1.4 (tol=3.647500904836257e-05): -172.4411641864808 -171.7036617218426 -169.5180851357192 -169.2718140095225
 Davidson iteration 1.5 (tol=1.495730602842816e-05): -172.441164186938 -171.8065024527138 -170.5242308117343 -169.3028136899682
 Davidson iteration 1.6 (tol=6.343238122323115e-06): -172.4411641870137 -171.8642727648441 -171.0911905438393 -169.7197087750129
 Elapsed time for davidson 71.20477099999999 (sec) 
 Elapsed time for diagonalization 71.204943 (sec) 
 Elapsed time for mult 2.007253 (sec) 
 Energy = -172.4411641870161
 Elapsed time for measurement 0.131251 (sec) 
 Sample-based diagonalization: Energy = -172.4411641870161
 Sample-based diagonalization: density = [1.999975243006487,1.994361567500551,1.993498635332582,1.990684200366921,1.987716350842306,1.9876312281648,1.982206749105391,1.987586602690164,1.986556785345693,1.983877169693037,1.982455311995834,1.981616435296285,1.984906338415688,1.918064394159919,0.1031640895971198,0.01930092383277739,0.02077249088725002,0.01861835879155181,0.01229034206837237,0.01473525571987469,0.01075439649074999,0.01967045452200025,0.01955667562556238
 Sample-based diagonalization: carryover bitstrings = [], size = 0
