 Elapsed time for helper construction 1.345834 (sec) 
 Elapsed time for init 0.018694 (sec) 
 Elapsed time for makeQChamDiagTerms 10.147201 (sec) 
 Davidson iteration 0.0 (tol=0.6010460781585851): -131.9447776780074
 Davidson iteration 0.1 (tol=0.1929629247388939): -132.1070190447745 -129.8323632457971
 Davidson iteration 0.2 (tol=0.05444422543262636): -132.1191871252038 -130.248566772415 -129.0225115555968
 Davidson iteration 0.3 (tol=0.01631074999395357): -132.1200335357358 -130.3231573025021 -129.1921117605354 -128.932858971398
 Davidson iteration 0.4 (tol=0.005159233721175206): -132.1201163180685 -130.4659445809373 -129.6326515717036 -128.9447295188613
 Davidson iteration 0.5 (tol=0.001871307687854452): -132.1201253476555 -130.7927599587591 -130.0629605400474 -129.1666663042343
 Davidson iteration 0.6 (tol=0.0006772911137311055): -132.1201265290227 -131.0484665117251 -130.2192853797432 -129.2659449742672
 Davidson iteration 0.7 (tol=0.0002458295140380137): -132.120126672804 -131.2011112540524 -130.3382346782663 -129.5966071407343
 Davidson iteration 1.0 (tol=0.0002458295140367963): -132.1201266728038
 Davidson iteration 1.1 (tol=0.0001027393267756118): -132.1201266894145 -129.2720704275929
 Davidson iteration 1.2 (tol=4.124357347721629e-05): -132.1201266934169 -130.7600662291889 -127.6663068442225
 Davidson iteration 1.3 (tol=1.576616105909211e-05): -132.1201266939768 -131.1418271903628 -128.8583307373742 -127.3268330934647
 Davidson iteration 1.4 (tol=5.36957765546794e-06): -132.1201266940511 -131.3065398108646 -129.1379345953952 -128.4958043119341
 Elapsed time for davidson 52.19383 (sec) 
 Elapsed time for diagonalization 52.194088 (sec) 
 Elapsed time for mult 1.590939 (sec) 
 Energy = -132.1201266940509
 Elapsed time for measurement 0.106579 (sec) 
 Sample-based diagonalization: Energy = -132.1201266940509
 Sample-based diagonalization: density = [1.999970218237665,1.992728140498513,1.988370982065226,1.984853331954252,1.977481509911843,1.982401226840676,1.981293912761752,1.981874010621162,1.978533861390482,1.984638826006765,1.980227598322706,1.989840766981612,0.008383940119223065,0.02583681509699795,0.02162981458445641,0.0212021078343564,0.02114173025122365,0.01826544510395401,0.02040454801906912,0.02047409255263172,0.02044712042189856
 Sample-based diagonalization: carryover bitstrings = [], size = 0
