 Elapsed time for helper construction 0.942356 (sec) 
 Elapsed time for init 0.014388 (sec) 
 Elapsed time for makeQChamDiagTerms 9.220794999999999 (sec) 
 Davidson iteration 0.0 (tol=0.6151786903074196): -125.2405209891804
 Davidson iteration 0.1 (tol=0.1087057277092688): -125.4173248374026 -123.1826029649988
 Davidson iteration 0.2 (tol=0.01765392729488462): -125.4217344764013 -123.390998017385 -122.7821587737262
 Davidson iteration 0.3 (tol=0.00431078782624189): -125.4218588602995 -123.5656609900943 -123.1563380292086 -122.6795708013672
 Davidson iteration 0.4 (tol=0.001077742085009996): -125.4218663999939 -123.8030877397649 -123.2580873436063 -122.8235699593161
 Davidson iteration 0.5 (tol=0.0002447844217666735): -125.421866803189 -123.9437393610631 -123.321462999321 -122.8529357519171
 Davidson iteration 0.6 (tol=5.161604832207937e-05): -125.4218668233245 -124.0021945523782 -123.3954088584925 -123.0001946777208
 Davidson iteration 0.7 (tol=1.194433357037141e-05): -125.4218668242628 -124.0191064267575 -123.4966356284502 -123.1842547840019
 Davidson iteration 1.0 (tol=1.194433356960981e-05): -125.4218668242624
 Davidson iteration 1.1 (tol=3.638663329378231e-06): -125.4218668243114 -122.8219474858811
 Elapsed time for davidson 28.87447 (sec) 
 Elapsed time for diagonalization 28.87467 (sec) 
 Elapsed time for mult 0.787706 (sec) 
 Energy = -125.4218668243114
 Elapsed time for measurement 0.08323799999999999 (sec) 
 Sample-based diagonalization: Energy = -125.4218668243114
 Sample-based diagonalization: density = [1.999978066483626,1.990951142215241,1.98961596517207,1.987014874827476,1.986573464019979,1.984738494795729,1.984362063320357,1.98307281020877,1.988804189650612,1.978052595928405,1.978761954539289,1.979189336228356,0.01201493725192855,0.01802760585585889,0.01235729522149462,0.01692321512375187,0.01515329013835873,0.01559301168801859,0.01268936545831769,0.01107918817498582,0.01579045990341868,0.01531351897158903,0.008961582774459602,0.01498157178592027
 Sample-based diagonalization: carryover bitstrings = [], size = 0
