 Elapsed time for helper construction 1.075102 (sec) 
 Elapsed time for init 0.009908999999999999 (sec) 
 Elapsed time for makeQChamDiagTerms 6.210446 (sec) 
 Davidson iteration 0.0 (tol=0.5584486360042259): -146.4595126114473
 Davidson iteration 0.1 (tol=0.2443532476331956): -146.5888335246168 -144.4759958553167
 Davidson iteration 0.2 (tol=0.1062768130603522): -146.6066196119127 -144.9391919652109 -143.7382341184442
 Davidson iteration 0.3 (tol=0.04068533053517723): -146.6099846481576 -145.1473287767166 -143.9346231459802 -143.4312012369804
 Davidson iteration 0.4 (tol=0.0163177843815924): -146.6104474272745 -145.3497605411071 -144.2289573985229 -143.7893957350865
 Davidson iteration 0.5 (tol=0.006325606617884466): -146.6105448075911 -145.7251878430846 -144.501385491733 -143.9723279875662
 Davidson iteration 0.6 (tol=0.002974576631889101): -146.6105569725307 -145.8771383854734 -144.6848518722323 -143.9727003449263
 Davidson iteration 0.7 (tol=0.001209214757499504): -146.610559413286 -145.9638817304152 -144.9831970298884 -144.2137772374047
 Davidson iteration 1.0 (tol=0.001209214757509153): -146.6105594132852
 Davidson iteration 1.1 (tol=0.0006071985056512793): -146.6105598020217 -144.3128083665288
 Davidson iteration 1.2 (tol=0.0003117996768479348): -146.6105599366705 -145.6415583049796 -141.8885679413898
 Davidson iteration 1.3 (tol=0.0001405503120262636): -146.6105599718375 -146.0682235578508 -143.412284734366 -141.4878169293794
 Davidson iteration 1.4 (tol=6.876994768912268e-05): -146.6105599780026 -146.2048812097786 -143.8724860851948 -143.1754959312608
 Davidson iteration 1.5 (tol=3.153569521059813e-05): -146.6105599795058 -146.2792827879929 -144.8886425647556 -143.3176880602573
 Davidson iteration 1.6 (tol=1.501251304555318e-05): -146.6105599798285 -146.3228442592504 -145.427855040538 -143.5168928077235
 Davidson iteration 1.7 (tol=6.481239723302693e-06): -146.6105599799043 -146.3447498415082 -145.7682414618661 -143.8851333417413
 Elapsed time for davidson 46.330845 (sec) 
 Elapsed time for diagonalization 46.331152 (sec) 
 Elapsed time for mult 1.318141 (sec) 
 Energy = -146.6105599799079
 Elapsed time for measurement 0.076555 (sec) 
 Sample-based diagonalization: Energy = -146.6105599799079
 Sample-based diagonalization: density = [1.999996738846893,1.997398175031445,1.992285883830865,1.990495146100635,1.988627050982309,1.987754320324253,1.992480563806839,1.97759630332907,1.9660608794543,1.984646331417876,1.940004215140361,0.09967952725448553,0.009841164423606002,0.01113391970692684,0.01610246326604563,0.005615364346537039,0.003733510289108405,0.01852332611069129,0.01802511604074354
 Sample-based diagonalization: carryover bitstrings = [], size = 0
