 Elapsed time for helper construction 0.398273 (sec) 
 Elapsed time for init 0.00564 (sec) 
 Elapsed time for makeQChamDiagTerms 0.6811079999999999 (sec) 
 Davidson iteration 0.0 (tol=0.5441496393635775): -137.2132205418034
 Davidson iteration 0.1 (tol=0.2306216846516534): -137.3492271167457 -135.4609254255732
 Davidson iteration 0.2 (tol=0.1055494582028179): -137.3659017064891 -135.8094936073269 -134.5425717133595
 Davidson iteration 0.3 (tol=0.03818662711047161): -137.3693863527259 -135.9203290053283 -134.8962346069089 -134.3646294782961
 Davidson iteration 0.4 (tol=0.01534159653316535): -137.3697991941496 -136.0682294927648 -135.1334149327209 -134.4366385799905
 Davidson iteration 0.5 (tol=0.00541957952987969): -137.3698611469021 -136.2314370698774 -135.2587575825408 -134.9887990842734
 Davidson iteration 0.6 (tol=0.002146021675196309): -137.3698692239797 -136.3007025858677 -135.4236467903401 -135.0679620322247
 Davidson iteration 0.7 (tol=0.0008396053636514047): -137.3698702809884 -136.3417707641562 -135.5742011808643 -135.0815039098096
 Davidson iteration 1.0 (tol=0.0008396053636525087): -137.3698702809855
 Davidson iteration 1.1 (tol=0.0004027033984036509): -137.3698704418345 -134.1987377421311
 Davidson iteration 1.2 (tol=0.0001730956021596323): -137.3698704928075 -135.7085001393606 -132.7269059629067
 Davidson iteration 1.3 (tol=7.437422857579031e-05): -137.3698705019058 -136.2479153622694 -134.5658422772646 -131.4338522901933
 Davidson iteration 1.4 (tol=2.966700164189017e-05): -137.3698705033462 -136.4225475747539 -134.724758958203 -134.0989543481119
 Davidson iteration 1.5 (tol=1.074967830206836e-05): -137.3698705035862 -136.5111343608991 -134.9282766765617 -134.4852016149366
 Davidson iteration 1.6 (tol=4.482556013800115e-06): -137.3698705036181 -136.5579139060069 -135.657171801953 -134.912989243192
 Elapsed time for davidson 12.803789 (sec) 
 Elapsed time for diagonalization 12.804023 (sec) 
 Elapsed time for mult 0.35819 (sec) 
 Energy = -137.3698705036181
 Elapsed time for measurement 0.015138 (sec) 
 Sample-based diagonalization: Energy = -137.3698705036181
 Sample-based diagonalization: density = [1.999996869107861,1.999589591764704,1.991932843797712,1.98286417115717,1.98234967328492,1.986698958222132,1.996449933681973,1.977089247732791,1.893798083225575,1.983784765512962,0.1174619423559708,0.0248066940818568,0.008393978692637149,0.008594210074551712,0.02646775446641227,0.01972128280529736
 Sample-based diagonalization: carryover bitstrings = [], size = 0
