 Elapsed time for helper construction 6.805095 (sec) 
 Elapsed time for init 0.08985499999999999 (sec) 
 Elapsed time for makeQChamDiagTerms 62.06187199999999 (sec) 
 Davidson iteration 0.0 (tol=0.762680918535156): -147.5541336709305
 Davidson iteration 0.1 (tol=0.3602744446932332): -147.8232622833967 -145.8615783594124
 Davidson iteration 0.2 (tol=0.152012649972564): -147.8715602682966 -146.2672984896244 -145.1592705966752
 Davidson iteration 0.3 (tol=0.05927744015785261): -147.8801529606381 -146.5962639241748 -145.1842683896569 -144.9970674127276
 Davidson iteration 0.4 (tol=0.02878710469064133): -147.8817357309151 -146.9641493807144 -145.6557429272345 -145.1708812364095
 Davidson iteration 0.5 (tol=0.01226208711782094): -147.8820818617925 -147.205422427591 -146.0174887529528 -145.1711888256887
 Davidson iteration 0.6 (tol=0.005413061920645519): -147.882147584865 -147.3010292991086 -146.2774933412197 -145.6773388364374
 Davidson iteration 0.7 (tol=0.002347592211905644): -147.8821591411266 -147.3534984671629 -146.5884440910269 -145.8457550510656
 Davidson iteration 1.0 (tol=0.002347592211907357): -147.882159141125
 Davidson iteration 1.1 (tol=0.001080214142685178): -147.8821609397002 -145.5927453584634
 Davidson iteration 1.2 (tol=0.0006038609049624869): -147.8821615987063 -146.8687382188658 -144.8403923860993
 Davidson iteration 1.3 (tol=0.0002866280620967401): -147.8821617603029 -147.2721204306987 -145.0090796190231 -144.798310306199
 Davidson iteration 1.4 (tol=0.0001246457133957159): -147.8821617925703 -147.3745796231007 -145.4694929131131 -144.9692350397456
 Davidson iteration 1.5 (tol=6.066615637708506e-05): -147.882161799241 -147.4241210847436 -146.3766693381935 -144.9695678486275
 Davidson iteration 1.6 (tol=2.638351824614568e-05): -147.8821618006653 -147.4513572083596 -146.7764732650196 -145.1676142886778
 Davidson iteration 1.7 (tol=1.162323015676519e-05): -147.8821618009738 -147.4664047470249 -147.038820729019 -145.5582361598106
 Davidson iteration 2.0 (tol=1.162322994922578e-05): -147.8821618009761
 Davidson iteration 2.1 (tol=6.805952150755945e-06): -147.88216180103 -146.1100269402259
 Elapsed time for davidson 794.911069 (sec) 
 Elapsed time for diagonalization 794.9127579999999 (sec) 
 Elapsed time for mult 29.91757 (sec) 
 Energy = -147.8821618010293
 Elapsed time for measurement 112.047981 (sec) 
 Sample-based diagonalization: Energy = -147.8821618010293
 Sample-based diagonalization: density = [1.999968802146993,1.991999321317149,1.987913967334895,1.985899697888803,1.98754532294467,1.984695627670548,1.980461276666152,1.981355338034366,1.976182404779611,1.978370613359973,1.947889958764631,1.93352808038521,1.888963723762275,1.894526900295799,0.1177192285233387,0.09990402780442853,0.06713259021218188,0.05084170592738531,0.01968362872462773,0.01150360183250538,0.02105001463562414,0.01788397058896048,0.02078742082259642,0.01455570634352101,0.01370114093009487,0.01359359748365426,0.01234233040652209
 Sample-based diagonalization: carryover bitstrings = [], size = 0
 Elapse time for dumping one-particle rdm = 0.0009689999999999999
 Elapse time for dumping two-particle rdm = 0.472091
 Zero-Body energy = 0
 One-Body energy = -257.4310269496293
 Two-Body energy = 109.5488651510093
 One-Body + Two-Body energy = -147.88216179862
 Zero-Body + One-Body + Two-Body energy = -147.88216179862
