 Elapsed time for helper construction 0.431066 (sec) 
 Elapsed time for init 0.014439 (sec) 
 Elapsed time for makeQChamDiagTerms 1.961439 (sec) 
 Davidson iteration 0.0 (tol=0.5470176093670248): -149.3145125327888
 Davidson iteration 0.1 (tol=0.2348693971746855): -149.4399257061023 -147.3334245417597
 Davidson iteration 0.2 (tol=0.1018720510435035): -149.4567079138322 -147.7839770497117 -146.5009041217396
 Davidson iteration 0.3 (tol=0.03827924593238267): -149.4599464608593 -148.0071350502473 -146.8343796361801 -146.2818695282451
 Davidson iteration 0.4 (tol=0.01540560108654984): -149.4603484897074 -148.1943043147955 -147.0713472425338 -146.4859024959463
 Davidson iteration 0.5 (tol=0.005583701455389951): -149.4604224311034 -148.4322986943289 -147.2808968129338 -146.654676458809
 Davidson iteration 0.6 (tol=0.002450579744589434): -149.4604305897078 -148.5494456705865 -147.4642402079863 -146.7017478421023
 Davidson iteration 0.7 (tol=0.0009607807238161224): -149.4604322456725 -148.647245124088 -147.7996117507388 -146.9996595763708
 Davidson iteration 1.0 (tol=0.0009607807238154344): -149.4604322456719
 Davidson iteration 1.1 (tol=0.0004979943099417645): -149.4604324990575 -147.356892720636
 Davidson iteration 1.2 (tol=0.0002795669700563826): -149.4604325977949 -148.658518067087 -145.237451186493
 Davidson iteration 1.3 (tol=0.0001269452616018463): -149.4604326242113 -149.0094711688029 -146.3183672057524 -144.6963676628339
 Davidson iteration 1.4 (tol=5.555745363849347e-05): -149.4604326289106 -149.1087357855737 -146.6948439526905 -146.1558948801406
 Davidson iteration 1.5 (tol=2.60535645634513e-05): -149.4604326299977 -149.1578663838837 -147.7658227892534 -146.1600444908161
 Davidson iteration 1.6 (tol=1.256512557431311e-05): -149.4604326302257 -149.1925959623846 -148.2718221320985 -146.5014109003791
 Davidson iteration 1.7 (tol=5.131200586507696e-06): -149.4604326302719 -149.2048250421014 -148.5565124258015 -146.5061295198029
 Elapsed time for davidson 20.494032 (sec) 
 Elapsed time for diagonalization 20.49411 (sec) 
 Elapsed time for mult 0.635321 (sec) 
 Energy = -149.460432630272
 Elapsed time for measurement 0.061874 (sec) 
 Sample-based diagonalization: Energy = -149.460432630272
 Sample-based diagonalization: density = [1.999996732544267,1.997837555983137,1.992607580849503,1.993768614524249,1.98944942181106,1.984796221228305,1.988342725555017,1.974535661324606,1.979635449763446,1.98024860827328,1.941805124414188,0.09675660273587716,0.02296168255004817,0.001707463867221313,0.01470279884778312,0.02347996898237905,0.01736778661896975
 Sample-based diagonalization: carryover bitstrings = [], size = 0
