 Elapsed time for helper construction 0.124407 (sec) 
 Elapsed time for init 0.002902 (sec) 
 Elapsed time for makeQChamDiagTerms 0.442317 (sec) 
 Davidson iteration 0.0 (tol=0.5724856891376521): -139.1122033214688
 Davidson iteration 0.1 (tol=0.2682313305146238): -139.2470328318463 -137.0772329478085
 Davidson iteration 0.2 (tol=0.1188013605076371): -139.2693899973881 -137.6431449659345 -136.1404396828754
 Davidson iteration 0.3 (tol=0.05122910511203012): -139.2736955934652 -138.000627760261 -136.539628073334 -135.3089605882519
 Davidson iteration 0.4 (tol=0.02315797633885575): -139.2744822980858 -138.2752556578976 -136.8581140013172 -136.2532095942946
 Davidson iteration 0.5 (tol=0.009989122404749438): -139.2746652303327 -138.5552426266003 -137.2113326092467 -136.2534628581114
 Davidson iteration 0.6 (tol=0.005090364616342625): -139.2746929253589 -138.6613476402659 -137.4824821763497 -136.3449475948628
 Davidson iteration 0.7 (tol=0.002094654082040763): -139.274699803289 -138.7160411737188 -137.7496094530741 -136.6754964223639
 Davidson iteration 1.0 (tol=0.002094654082039326): -139.2746998032888
 Davidson iteration 1.1 (tol=0.0009940285379574734): -139.2747008466385 -136.0523275190461
 Davidson iteration 1.2 (tol=0.0005258319034618486): -139.2747011837579 -137.7926037325861 -134.4165993323447
 Davidson iteration 1.3 (tol=0.0002406893082490987): -139.2747012672577 -138.3589206002432 -135.2239164967056 -134.2310459204221
 Davidson iteration 1.4 (tol=0.0001013124081854319): -139.274701283033 -138.5863284590293 -135.997702737721 -134.7611765591153
 Davidson iteration 1.5 (tol=4.776032627323754e-05): -139.2747012862049 -138.6833008126163 -137.0724118616325 -135.3945162505137
 Davidson iteration 1.6 (tol=2.195660393756697e-05): -139.274701286895 -138.7580029602069 -137.7621032771227 -135.4003149844477
 Davidson iteration 1.7 (tol=7.99131297218203e-06): -139.2747012870332 -138.796074620796 -138.092206658222 -135.8849829093642
 Elapsed time for davidson 4.535418 (sec) 
 Elapsed time for diagonalization 4.535513 (sec) 
 Elapsed time for mult 0.163838 (sec) 
 Energy = -139.274701287034
 Elapsed time for measurement 0.006605 (sec) 
 Sample-based diagonalization: Energy = -139.274701287034
 Sample-based diagonalization: density = [1.999997088547093,1.99428942256026,1.993340201393309,1.988658177233391,1.989039047234109,1.983933006701168,1.965620569337459,1.982082011122073,1.98472867495692,1.907589040904856,0.1030471018068322,0.02522500044665855,0.02976657585362893,0.02958164228190131,0.02310243959315424
 Sample-based diagonalization: carryover bitstrings = [], size = 0
