 Elapsed time for helper construction 0.7664679999999999 (sec) 
 Elapsed time for init 0.018173 (sec) 
 Elapsed time for makeQChamDiagTerms 3.499827 (sec) 
 Davidson iteration 0.0 (tol=0.5634928032870512): -148.7338923108007
 Davidson iteration 0.1 (tol=0.2455496135542221): -148.8656796956484 -146.7938083225822
 Davidson iteration 0.2 (tol=0.1068978402330272): -148.8837062080766 -147.2177019069287 -146.0466629390685
 Davidson iteration 0.3 (tol=0.0402455957256839): -148.8871156759658 -147.4048512865667 -146.2256086167073 -145.8198816856195
 Davidson iteration 0.4 (tol=0.01648238261112887): -148.8875608080469 -147.6208098024434 -146.4508314747609 -146.0204721019715
 Davidson iteration 0.5 (tol=0.006091303763537812): -148.8876500385079 -147.9292549056041 -146.6868189449684 -146.147161846529
 Davidson iteration 0.6 (tol=0.002822335352921029): -148.8876599445892 -148.0581593978751 -146.8442483390792 -146.1481459866501
 Davidson iteration 0.7 (tol=0.001067523328113302): -148.8876619096821 -148.1315214403675 -147.0486721609298 -146.3959365256169
 Davidson iteration 1.0 (tol=0.001067523328128971): -148.8876619096812
 Davidson iteration 1.1 (tol=0.0005206338445149307): -148.8876621897948 -146.1465828249558
 Davidson iteration 1.2 (tol=0.000250551094615595): -148.8876622773919 -147.4978697612502 -144.2265022841135
 Davidson iteration 1.3 (tol=9.98825465743054e-05): -148.8876622970317 -147.9850050066501 -145.3910880716947 -143.7913778348158
 Davidson iteration 1.4 (tol=4.035964320673973e-05): -148.8876622996926 -148.1739102112778 -145.7746927814442 -145.3910483370942
 Davidson iteration 1.5 (tol=1.649720864367123e-05): -148.8876623002002 -148.2677196406916 -146.6391584551013 -145.4043425092036
 Davidson iteration 1.6 (tol=7.762439675173783e-06): -148.8876623002929 -148.3546648228247 -147.45639376802 -146.0282465331406
 Elapsed time for davidson 29.314462 (sec) 
 Elapsed time for diagonalization 29.315623 (sec) 
 Elapsed time for mult 0.85751 (sec) 
 Energy = -148.8876623002937
 Elapsed time for measurement 0.039915 (sec) 
 Sample-based diagonalization: Energy = -148.8876623002937
 Sample-based diagonalization: density = [1.999996994075251,1.995659255259909,1.992356662846266,1.9937276020655,1.988229674139345,1.987061734949188,1.993141421180254,1.972702233347843,1.977916341958974,1.986152615622192,1.925190388920694,0.1076092752322707,0.005845788735602743,0.01126653244495657,0.009121261443634935,0.01701852773542304,0.01824338532262192,0.01876030453297355
 Sample-based diagonalization: carryover bitstrings = [], size = 0
