 Elapsed time for helper construction 0.9206029999999999 (sec) 
 Elapsed time for init 0.01497 (sec) 
 Elapsed time for makeQChamDiagTerms 9.322723 (sec) 
 Davidson iteration 0.0 (tol=0.5699263970846051): -157.6242247312259
 Davidson iteration 0.1 (tol=0.1463931280522621): -157.7773156016897 -155.8769152017262
 Davidson iteration 0.2 (tol=0.04220943865916291): -157.7862924029018 -156.1652040383751 -155.7566872209533
 Davidson iteration 0.3 (tol=0.01022674645313033): -157.7870702605259 -156.2518316790895 -155.8154466656675 -155.6843776847191
 Davidson iteration 0.4 (tol=0.00388818774460885): -157.7871206796458 -156.6752960223237 -155.8505039022937 -155.716997021809
 Davidson iteration 0.5 (tol=0.001192861243451303): -157.7871277527814 -156.9893047207434 -155.8800760422519 -155.7375129499081
 Davidson iteration 0.6 (tol=0.0003311629063721931): -157.7871283679799 -157.0824122801961 -156.0017539635534 -155.8165926971171
 Davidson iteration 0.7 (tol=9.579341818688254e-05): -157.7871284127721 -157.112532295965 -156.2395730107515 -155.840007824942
 Davidson iteration 1.0 (tol=9.579341819175681e-05): -157.7871284127739
 Davidson iteration 1.1 (tol=3.495352947622555e-05): -157.787128416525 -156.1753935311474
 Davidson iteration 1.2 (tol=1.181781111652228e-05): -157.7871284171806 -156.517567834259 -155.9769745526441
 Davidson iteration 1.3 (tol=3.70636677160551e-06): -157.7871284172421 -156.814888899414 -156.0559527063542 -155.3925355802018
 Elapsed time for davidson 30.371838 (sec) 
 Elapsed time for diagonalization 30.371935 (sec) 
 Elapsed time for mult 0.6739809999999999 (sec) 
 Energy = -157.7871284172396
 Elapsed time for measurement 0.08210099999999999 (sec) 
 Sample-based diagonalization: Energy = -157.7871284172396
 Sample-based diagonalization: density = [1.999979537212798,1.995466832805349,1.99447139809321,1.994125918780929,1.993667570698087,1.993057642263537,1.987290587561975,1.981656964470305,1.987440542080976,1.984605542322518,1.973864138223306,1.992268879193485,1.939688216450356,0.08674418212644128,0.007519822253345224,0.008324563615188473,0.007764506300682514,0.009908838799106388,0.01253242784098244,0.01272827065545114,0.014191897378382,0.0106651375793886,0.01203658309326984
 Sample-based diagonalization: carryover bitstrings = [], size = 0
