 Elapsed time for helper construction 1.47355 (sec) 
 Elapsed time for init 0.02219 (sec) 
 Elapsed time for makeQChamDiagTerms 13.15918 (sec) 
 Davidson iteration 0.0 (tol=0.655499210286967): -126.877017273905
 Davidson iteration 0.1 (tol=0.1674732368164445): -127.0698200964856 -124.7408021704698
 Davidson iteration 0.2 (tol=0.03107090339698131): -127.0790169781567 -125.0332528177248 -123.9808438975098
 Davidson iteration 0.3 (tol=0.007859591081587949): -127.0793271858239 -125.1348675162957 -124.3854720537959 -123.9005196230527
 Davidson iteration 0.4 (tol=0.002175147311390213): -127.0793486127152 -125.3024337653808 -124.6963813401375 -124.0806250308553
 Davidson iteration 0.5 (tol=0.00058014828512675): -127.0793501812824 -125.4986631756231 -124.9036676799594 -124.0819839532631
 Davidson iteration 0.6 (tol=0.0001466852870472066): -127.0793502880189 -125.6193102037939 -125.0345488094606 -124.3331398053769
 Davidson iteration 0.7 (tol=3.743667461952946e-05): -127.0793502947607 -125.6686610866633 -125.1300058621998 -124.5199547907574
 Davidson iteration 1.0 (tol=3.743667461967575e-05): -127.0793502947593
 Davidson iteration 1.1 (tol=1.224434180167415e-05): -127.07935029517 -124.1154987814862
 Davidson iteration 1.2 (tol=3.626239262346762e-06): -127.0793502952251 -125.1475357494474 -123.2831049236797
 Elapsed time for davidson 54.538083 (sec) 
 Elapsed time for diagonalization 54.541538 (sec) 
 Elapsed time for mult 2.062693 (sec) 
 Energy = -127.0793502952263
 Elapsed time for measurement 0.123182 (sec) 
 Sample-based diagonalization: Energy = -127.0793502952263
 Sample-based diagonalization: density = [1.999971023033719,1.990793839591684,1.98906183249444,1.986092081530204,1.986966808921362,1.982811037995888,1.98044604672569,1.981390160135529,1.982566798043254,1.976257771131003,1.976747199056835,1.977639554189055,0.01880768451882479,0.01856996005565098,0.0127670660951411,0.01705069896755341,0.01572938703581268,0.01671495213822248,0.0170152938592395,0.01407947344623858,0.01437049746904038,0.01441673072189222,0.01505860543683009,0.01467549702092076
 Sample-based diagonalization: carryover bitstrings = [], size = 0
