 Elapsed time for helper construction 0.452137 (sec) 
 Elapsed time for init 0.015027 (sec) 
 Elapsed time for makeQChamDiagTerms 2.260268 (sec) 
 Davidson iteration 0.0 (tol=0.5319706751584533): -88.96739544263006
 Davidson iteration 0.1 (tol=0.1834795272998798): -89.09506256973121 -86.85524705610604
 Davidson iteration 0.2 (tol=0.04389525245195501): -89.10617534920344 -87.28209074958369 -85.7879505662647
 Davidson iteration 0.3 (tol=0.01135357000605615): -89.10671930123569 -87.37935917976991 -86.2161325043306 -85.49663724445291
 Davidson iteration 0.4 (tol=0.003293736280240449): -89.10675747683167 -87.45492049200172 -86.62572303700721 -85.74406196485161
 Davidson iteration 0.5 (tol=0.001080534815814253): -89.10676070392847 -87.55334933618282 -86.98515227870999 -85.77604160473975
 Davidson iteration 0.6 (tol=0.0003042760708447525): -89.10676103369886 -87.64262632032252 -87.18794628935811 -86.18775185958296
 Davidson iteration 0.7 (tol=7.951945354764425e-05): -89.10676106078522 -87.69538500445464 -87.31537338404465 -86.51703342478112
 Davidson iteration 1.0 (tol=7.951945354781313e-05): -89.10676106078455
 Davidson iteration 1.1 (tol=2.761636115202007e-05): -89.10676106242074 -85.87420333184951
 Davidson iteration 1.2 (tol=9.641221227986352e-06): -89.10676106267881 -87.09194679333696 -84.93475924288465
 Elapsed time for davidson 15.847332 (sec) 
 Elapsed time for diagonalization 15.847463 (sec) 
 Elapsed time for mult 0.782233 (sec) 
 Energy = -89.10676106267934
 Elapsed time for measurement 0.04827099999999999 (sec) 
 Sample-based diagonalization: Energy = -89.10676106267934
 Sample-based diagonalization: density = [1.999964730749925,1.988565288845552,1.986139006572943,1.988617393415098,1.979584134794362,1.980101405071084,1.977448344143996,1.975705304799834,1.976460357411033,0.0214625514836918,0.02190838069642774,0.017351460762559,0.01929984970235565,0.01698550887065274,0.01893786348474361,0.01724246497956344,0.01422595412605083
 Sample-based diagonalization: carryover bitstrings = [], size = 0
