 Elapsed time for helper construction 1.647379 (sec) 
 Elapsed time for init 0.024067 (sec) 
 Elapsed time for makeQChamDiagTerms 14.371532 (sec) 
 Davidson iteration 0.0 (tol=0.6285666930217125): -124.2155717443413
 Davidson iteration 0.1 (tol=0.1649593151590026): -124.3966458716841 -122.1291699197023
 Davidson iteration 0.2 (tol=0.03226260637417774): -124.4059811713379 -122.4406827638889 -121.4404894202491
 Davidson iteration 0.3 (tol=0.00830474968274059): -124.4063321477939 -122.5505912903739 -121.841281979371 -121.4011374687021
 Davidson iteration 0.4 (tol=0.002406235668283895): -124.4063579270982 -122.7533925325118 -122.1502442195439 -121.6584454004311
 Davidson iteration 0.5 (tol=0.0006736646720730266): -124.4063599596017 -122.9800711248409 -122.3379894204952 -121.6622161401282
 Davidson iteration 0.6 (tol=0.0001780812364832237): -124.4063601132992 -123.1298850058654 -122.4548333595919 -121.8255803255401
 Davidson iteration 0.7 (tol=5.290625836307896e-05): -124.4063601245803 -123.2381601562426 -122.6080876584576 -122.1201122666319
 Davidson iteration 1.0 (tol=5.290625836523764e-05): -124.4063601245805
 Davidson iteration 1.1 (tol=2.000276689785254e-05): -124.4063601255398 -122.1471246543805
 Davidson iteration 1.2 (tol=7.234652797770869e-06): -124.4063601257252 -123.3088238002251 -120.8359136582594
 Elapsed time for davidson 58.512746 (sec) 
 Elapsed time for diagonalization 58.51308 (sec) 
 Elapsed time for mult 2.156228 (sec) 
 Energy = -124.4063601257258
 Elapsed time for measurement 0.129978 (sec) 
 Sample-based diagonalization: Energy = -124.4063601257258
 Sample-based diagonalization: density = [1.999970836202051,1.989763693924889,1.989777774702337,1.986071032961151,1.983007262608994,1.982098927644175,1.982545662885414,1.978169351881772,1.980870379801335,1.979092407942877,1.977099776628737,1.987004192590329,0.008363503762100748,0.007251820674883253,0.0182970347180938,0.01847513099335149,0.01830545950627044,0.01625937531107804,0.01489874486225737,0.01687674346462089,0.01744405593729064,0.01637339002873986,0.01567169653442071,0.01631174400774827
 Sample-based diagonalization: carryover bitstrings = [], size = 0
