 Elapsed time for helper construction 1.048227 (sec) 
 Elapsed time for init 0.014679 (sec) 
 Elapsed time for makeQChamDiagTerms 7.748208 (sec) 
 Davidson iteration 0.0 (tol=0.6051899546237265): -131.8750543871157
 Davidson iteration 0.1 (tol=0.1745772180187281): -132.0433112801308 -129.8227035007364
 Davidson iteration 0.2 (tol=0.04621713193474992): -132.0534138272571 -130.1872347423429 -129.1080114150842
 Davidson iteration 0.3 (tol=0.01309016053381645): -132.0540596619109 -130.2418243514338 -129.2739965291531 -129.0823902863689
 Davidson iteration 0.4 (tol=0.004176453371281878): -132.0541172936217 -130.4002116135139 -129.7337971042139 -129.1603554840952
 Davidson iteration 0.5 (tol=0.001454207090413646): -132.054123451097 -130.7582190482332 -130.0471534167217 -129.2528264400366
 Davidson iteration 0.6 (tol=0.0004876473450210784): -132.0541241693933 -130.9790028547667 -130.1523997600167 -129.3828911637393
 Davidson iteration 0.7 (tol=0.0001717120633690531): -132.0541242460667 -131.1132336604724 -130.2502691031391 -129.6558480790511
 Davidson iteration 1.0 (tol=0.0001717120633705619): -132.054124246068
 Davidson iteration 1.1 (tol=6.979934496182355e-05): -132.0541242546571 -129.3431919117197
 Davidson iteration 1.2 (tol=2.672684016845043e-05): -132.0541242566712 -130.7230140975072 -128.1278982300112
 Davidson iteration 1.3 (tol=9.360287959583206e-06): -132.0541242569167 -131.0866845663049 -128.8839384469789 -128.0067007361804
 Elapsed time for davidson 34.795753 (sec) 
 Elapsed time for diagonalization 34.795948 (sec) 
 Elapsed time for mult 1.178683 (sec) 
 Energy = -132.0541242569152
 Elapsed time for measurement 0.08119499999999999 (sec) 
 Sample-based diagonalization: Energy = -132.0541242569152
 Sample-based diagonalization: density = [1.999971917860679,1.992940379307178,1.989257382401445,1.985586561006131,1.980205738767374,1.98306491963067,1.977888324170873,1.980438561092065,1.979198612364585,1.980532064756127,1.979963833391341,1.990546456055958,0.01823806377485617,0.02300251405254339,0.02351031075021895,0.02175450746347004,0.01774623802911072,0.01765995219764583,0.01819653416783086,0.01938710233881768,0.02091002610624548
 Sample-based diagonalization: carryover bitstrings = [], size = 0
