 Elapsed time for helper construction 0.339145 (sec) 
 Elapsed time for init 0.008243 (sec) 
 Elapsed time for makeQChamDiagTerms 1.602277 (sec) 
 Davidson iteration 0.0 (tol=0.52912415739438): -89.5297336943257
 Davidson iteration 0.1 (tol=0.167935697037946): -89.65540004878864 -87.40160332201962
 Davidson iteration 0.2 (tol=0.03726841168543766): -89.66461862887344 -87.78905893593299 -86.3936416477945
 Davidson iteration 0.3 (tol=0.009366645221447503): -89.66501535120751 -87.88066885779463 -86.80452411379872 -86.14650420992817
 Davidson iteration 0.4 (tol=0.002612469476241713): -89.6650418812098 -87.96164182021015 -87.19654815870179 -86.36412077441314
 Davidson iteration 0.5 (tol=0.0008014518852598836): -89.66504389953663 -88.07157673880414 -87.53075492722157 -86.37872373887292
 Davidson iteration 0.6 (tol=0.0002109715646669718): -89.66504407949066 -88.16651332050455 -87.7001054470911 -86.70730527733483
 Davidson iteration 0.7 (tol=5.6552398463563e-05): -89.66504409231703 -88.21899606397797 -87.80780875728526 -87.01019433967734
 Davidson iteration 1.0 (tol=5.655239846373232e-05): -89.66504409231662
 Davidson iteration 1.1 (tol=1.928210496429319e-05): -89.66504409313725 -86.31119051467013
 Davidson iteration 1.2 (tol=6.13805611617964e-06): -89.66504409326453 -87.6567457716484 -85.37532334769148
 Elapsed time for davidson 11.469522 (sec) 
 Elapsed time for diagonalization 11.46965 (sec) 
 Elapsed time for mult 0.5811299999999999 (sec) 
 Energy = -89.6650440932645
 Elapsed time for measurement 0.021867 (sec) 
 Sample-based diagonalization: Energy = -89.6650440932645
 Sample-based diagonalization: density = [1.999967022722031,1.989741017594086,1.986943306637513,1.990367702056577,1.980570048966226,1.980098235906597,1.977907759303605,1.97794666954215,1.977966121364577,0.01551598351054561,0.02023045247756716,0.01969313589295136,0.0190145057989091,0.0165793853075704,0.01876056935736626,0.0137350191499353,0.01496306434368358
 Sample-based diagonalization: carryover bitstrings = [], size = 0
