 Elapsed time for helper construction 0.833008 (sec) 
 Elapsed time for init 0.0295 (sec) 
 Elapsed time for makeQChamDiagTerms 5.639502999999999 (sec) 
 Davidson iteration 0.0 (tol=0.5523705678518477): -150.6825320444374
 Davidson iteration 0.1 (tol=0.2330371949956352): -150.8064561451014 -148.6513776009957
 Davidson iteration 0.2 (tol=0.09915710305493776): -150.8220186035635 -149.0853550329581 -147.7806252377964
 Davidson iteration 0.3 (tol=0.03633119735011564): -150.8248352283581 -149.2938922891681 -148.0569674464302 -147.4492340996143
 Davidson iteration 0.4 (tol=0.01357232605117728): -150.8251874157044 -149.4863221289212 -148.3199631479867 -147.8140721287896
 Davidson iteration 0.5 (tol=0.004982196421447752): -150.8252478476043 -149.7953707580063 -148.6025820884518 -147.9389995375322
 Davidson iteration 0.6 (tol=0.002184705785635773): -150.8252543803676 -149.9416819619945 -148.7662115782495 -147.9588032631247
 Davidson iteration 0.7 (tol=0.0007911404172760677): -150.8252556604341 -150.0291852548995 -149.0085958306779 -148.2462004657376
 Davidson iteration 1.0 (tol=0.0007911404172721607): -150.8252556604352
 Davidson iteration 1.1 (tol=0.0003766444652766673): -150.8252558284559 -148.5856828234993
 Davidson iteration 1.2 (tol=0.0001836990189358089): -150.8252558786732 -149.6430003256159 -146.8051469750151
 Davidson iteration 1.3 (tol=7.310843719676424e-05): -150.825255889378 -150.0629385513795 -147.4295555010524 -146.5314577599702
 Davidson iteration 1.4 (tol=2.937070468647211e-05): -150.8252558908759 -150.2491918609408 -147.9307647969168 -147.4122304409694
 Davidson iteration 1.5 (tol=1.206792420780706e-05): -150.8252558911551 -150.319654426845 -148.7124283220484 -147.5641738282368
 Davidson iteration 1.6 (tol=5.667509117926612e-06): -150.8252558912046 -150.3992634588457 -149.4395018369983 -147.8095458715938
 Elapsed time for davidson 51.317844 (sec) 
 Elapsed time for diagonalization 51.318048 (sec) 
 Elapsed time for mult 1.245862 (sec) 
 Energy = -150.8252558912049
 Elapsed time for measurement 0.061451 (sec) 
 Sample-based diagonalization: Energy = -150.8252558912049
 Sample-based diagonalization: density = [1.999996602036128,1.997817593447752,1.992632339353953,1.992477520997819,1.990948961919196,1.987036757096585,1.975883947520219,1.98420098099353,1.985958925446663,1.984173673580391,1.942623863804856,0.08938331511047579,0.0194845925945639,0.00620699554953001,0.00443982501719572,0.009034572693500477,0.003060717908507396,0.01852744739170734,0.01611136727115079
 Sample-based diagonalization: carryover bitstrings = [], size = 0
