 Elapsed time for helper construction 1.600288 (sec) 
 Elapsed time for init 0.038225 (sec) 
 Elapsed time for makeQChamDiagTerms 19.281349 (sec) 
 Davidson iteration 0.0 (tol=0.673405506499666): -177.4029556649602
 Davidson iteration 0.1 (tol=0.2205271831411099): -177.5946502512636 -175.3832735245341
 Davidson iteration 0.2 (tol=0.07141898742790372): -177.6108774442222 -175.6709923706825 -174.9790049684593
 Davidson iteration 0.3 (tol=0.01920327132633842): -177.6126937772387 -175.8363083610471 -175.1536489590677 -174.9676026297783
 Davidson iteration 0.4 (tol=0.007186279064518754): -177.6128402577862 -176.2355668709306 -175.23500490343 -174.9982234450856
 Davidson iteration 0.5 (tol=0.002653194537271226): -177.6128627687829 -176.6452491506137 -175.4570939717846 -175.1535585407951
 Davidson iteration 0.6 (tol=0.0008633096973222971): -177.6128655431248 -176.7873976890237 -175.535500401922 -175.3489438264823
 Davidson iteration 0.7 (tol=0.0003240681487902297): -177.6128658645185 -176.8981765627621 -176.1789739022498 -175.4237653300783
 Davidson iteration 1.0 (tol=0.0003240681487868403): -177.6128658645207
 Davidson iteration 1.1 (tol=0.0001232575152399965): -177.6128659028966 -175.5456719392839
 Davidson iteration 1.2 (tol=5.806763780733405e-05): -177.6128659121484 -176.769004922026 -175.1611591295648
 Davidson iteration 1.3 (tol=2.083173125849113e-05): -177.6128659133882 -176.9687068038344 -175.1863821809991 -174.7519674112061
 Davidson iteration 1.4 (tol=7.800233774440198e-06): -177.6128659135605 -177.0683628158929 -175.3170676510692 -175.1681705735886
 Elapsed time for davidson 70.46203299999999 (sec) 
 Elapsed time for diagonalization 70.46226299999999 (sec) 
 Elapsed time for mult 2.080133 (sec) 
 Energy = -177.6128659135576
 Elapsed time for measurement 0.193946 (sec) 
 Sample-based diagonalization: Energy = -177.6128659135576
 Sample-based diagonalization: density = [1.999975169808282,1.994296572462998,1.994004685336195,1.991230044140185,1.991449886776252,1.991780327223776,1.989630939550993,1.985129829086469,1.984761356540472,1.984755461817141,1.984298329484119,1.987712020270564,1.97711209743597,1.985115538464824,1.948054248355502,0.08155517170613363,0.01887570321556974,0.01905094442535649,0.007913604682633878,0.005099683005501444,0.009678955000244011,0.01247105941857595,0.01460029066856203,0.008757354394963413,0.01617514232361571,0.01651558387373337
 Sample-based diagonalization: carryover bitstrings = [], size = 0
