 Elapsed time for helper construction 1.388973 (sec) 
 Elapsed time for init 0.050312 (sec) 
 Elapsed time for makeQChamDiagTerms 14.750593 (sec) 
 Davidson iteration 0.0 (tol=0.6540069157878181): -166.5710416648335
 Davidson iteration 0.1 (tol=0.193336334006582): -166.7569796343896 -164.6268227011493
 Davidson iteration 0.2 (tol=0.06331390728057232): -166.7706084303363 -164.9421935769807 -164.3955040592612
 Davidson iteration 0.3 (tol=0.01668254203966867): -166.7720649019477 -165.0426935021106 -164.4336206629222 -164.3387620131994
 Davidson iteration 0.4 (tol=0.005857856330797571): -166.7721718335067 -165.3567634375685 -164.4619917292403 -164.405978050362
 Davidson iteration 0.5 (tol=0.001947473497298387): -166.7721857090887 -165.7065699729881 -164.5603741615073 -164.4615591366661
 Davidson iteration 0.6 (tol=0.0005964248067149019): -166.7721871820794 -165.8724943248604 -164.7189386531371 -164.5262265568175
 Davidson iteration 0.7 (tol=0.000194717085056737): -166.7721873151185 -165.935881920472 -165.0268787704985 -164.5263345963097
 Davidson iteration 1.0 (tol=0.0001947170850598851): -166.7721873151182
 Davidson iteration 1.1 (tol=7.35871723064113e-05): -166.7721873282007 -164.7090806126895
 Davidson iteration 1.2 (tol=2.94563863825828e-05): -166.772187331099 -165.7107838636454 -164.3786033965225
 Davidson iteration 1.3 (tol=1.033615563791172e-05): -166.7721873314368 -166.0194251132413 -164.3821362530643 -164.0516877774976
 Davidson iteration 1.4 (tol=4.173525654049088e-06): -166.7721873314813 -166.1935418245523 -164.5819482973174 -164.381317258235
 Elapsed time for davidson 59.91119999999999 (sec) 
 Elapsed time for diagonalization 59.913467 (sec) 
 Elapsed time for mult 1.725154 (sec) 
 Energy = -166.7721873314822
 Elapsed time for measurement 0.134538 (sec) 
 Sample-based diagonalization: Energy = -166.7721873314822
 Sample-based diagonalization: density = [1.999975651982135,1.994041314528717,1.993442409729505,1.992556144288485,1.98803450514293,1.988090146510593,1.985615975056974,1.985290064399687,1.983151392194517,1.983435100977685,1.97481346365956,1.993682504005419,1.986933985141935,1.945067154645943,0.08112356727807396,0.01720224101376944,0.005405707219820183,0.01452776128802599,0.01746849759898805,0.009064237884276563,0.01488512306704912,0.01657188500249844,0.0144264773832123,0.01519468949179374
 Sample-based diagonalization: carryover bitstrings = [], size = 0
