 Elapsed time for helper construction 0.274132 (sec) 
 Elapsed time for init 0.003241 (sec) 
 Elapsed time for makeQChamDiagTerms 1.310237 (sec) 
 Davidson iteration 0.0 (tol=0.5307249083852092): -89.40442180652467
 Davidson iteration 0.1 (tol=0.1726499355209265): -89.53018609872296 -87.2669985630304
 Davidson iteration 0.2 (tol=0.03902816291577836): -89.53994847770477 -87.67135448089131 -86.23898132701605
 Davidson iteration 0.3 (tol=0.009902397410084822): -89.54037482090169 -87.75905857020354 -86.63054726147494 -85.97624378161849
 Davidson iteration 0.4 (tol=0.002753565681656631): -89.54040413018006 -87.82993785931198 -87.02492912957763 -86.20874460502074
 Davidson iteration 0.5 (tol=0.0008612904715213379): -89.5404064048124 -87.92894801952741 -87.39426841378059 -86.24554697220924
 Davidson iteration 0.6 (tol=0.0002332337391045759): -89.54040661617525 -88.02606409303594 -87.5919506140892 -86.60213082467023
 Davidson iteration 0.7 (tol=6.286057867240897e-05): -89.54040663199687 -88.08344206060852 -87.7034574562056 -86.89908458488163
 Davidson iteration 1.0 (tol=6.286057867379606e-05): -89.54040663199622
 Davidson iteration 1.1 (tol=2.179699739385768e-05): -89.54040663299209 -86.10394136076206
 Davidson iteration 1.2 (tol=7.136327121231693e-06): -89.54040663315112 -87.51323437749213 -85.05726062984554
 Elapsed time for davidson 8.804254999999999 (sec) 
 Elapsed time for diagonalization 8.804342 (sec) 
 Elapsed time for mult 0.453162 (sec) 
 Energy = -89.54040663315202
 Elapsed time for measurement 0.020778 (sec) 
 Sample-based diagonalization: Energy = -89.54040663315202
 Sample-based diagonalization: density = [1.999968701236319,1.989790828888049,1.986865269232215,1.989788346591495,1.980740592237275,1.979274816273144,1.978519544682767,1.977177748635222,1.978169763224927,0.02017533714087359,0.01564752685257645,0.0201639985657772,0.01927222278628223,0.01769796915381996,0.01789112588816233,0.01657584187000955,0.01228036669677572
 Sample-based diagonalization: carryover bitstrings = [], size = 0
