"PluginInterface" error: Failure to initialize device 0: Error in cuDevicePrimaryCtxRetain: out of memory
"PluginInterface" error: Failure to initialize device 0: Error in cuDevicePrimaryCtxRetain: out of memory
"PluginInterface" error: Failure to initialize device 1: Error in cuDevicePrimaryCtxRetain: out of memory
"PluginInterface" error: Failure to initialize device 1: Error in cuDevicePrimaryCtxRetain: out of memory
"PluginInterface" error: Failure to initialize device 2: Error in cuDevicePrimaryCtxRetain: out of memory
"PluginInterface" error: Failure to initialize device 2: Error in cuDevicePrimaryCtxRetain: out of memory
"PluginInterface" error: Failure to initialize device 3: Error in cuDevicePrimaryCtxRetain: out of memory
"PluginInterface" error: Failure to initialize device 3: Error in cuDevicePrimaryCtxRetain: out of memory
 Elapsed time for helper construction 0.106743 (sec) 
 Elapsed time for init 0.001384 (sec) 
 Elapsed time for makeQChamDiagTerms 0.019802 (sec) 
 Davidson iteration 0.0 (tol=0.6653366165790064): -185.0365096871683
 Davidson iteration 0.1 (tol=0.2562570565947264): -185.2365156128951 -183.2991912188631
 Davidson iteration 0.2 (tol=0.06663855719803471): -185.2620193203788 -183.4997193111024 -182.7867807379373
 Davidson iteration 0.3 (tol=0.01910648716512504): -185.263634522791 -183.7868051311503 -182.914246304825 -182.5628268056368
 Davidson iteration 0.4 (tol=0.006762105929160522): -185.263775375303 -184.0345191809725 -183.150199886197 -182.8378582306964
 Davidson iteration 0.5 (tol=0.002105002229332537): -185.26379237997 -184.1588883638763 -183.2918324935761 -182.9122299313636
 Davidson iteration 0.6 (tol=0.0006624220392392326): -185.2637939416163 -184.2727610994717 -183.4411513358182 -182.9858848872525
 Davidson iteration 0.7 (tol=0.0002006375280058391): -185.2637940977518 -184.356971682635 -183.5274098453365 -183.0786164828073
 Davidson iteration 0.8 (tol=6.127650999961879e-05): -185.2637941118766 -184.4109483353834 -183.6688926309822 -183.2094863777554
 Davidson iteration 0.9 (tol=2.02645723163104e-05): -185.2637941131053 -184.4336201946914 -183.8425272660002 -183.3305094806634
 Davidson iteration 0.10 (tol=6.621389719827798e-06): -185.2637941132412 -184.4437013355809 -184.0057465258678 -183.4156262070068
 Davidson iteration 0.11 (tol=2.103618270745087e-06): -185.263794113257 -184.4754841073138 -184.2194401223859 -183.5084944083653
 Davidson iteration 0.12 (tol=6.436582782658828e-07): -185.2637941132584 -184.49063303962 -184.2848262788171 -183.5543298895588
 Davidson iteration 0.13 (tol=2.148861103401926e-07): -185.2637941132584 -184.5082219446697 -184.3385114827894 -183.6191623814642
 Davidson iteration 0.14 (tol=6.577583334289137e-08): -185.2637941132586 -184.5319669348299 -184.3829905631489 -183.7333801357312
 Davidson iteration 0.15 (tol=2.120401370499965e-08): -185.2637941132585 -184.5487134231459 -184.3976792741152 -183.8542260596992
 Davidson iteration 0.16 (tol=6.526120400397275e-09): -185.2637941132586 -184.56101927234 -184.4035107973736 -183.9631440559371
 Elapsed time for davidson 11.607943 (sec) 
 Elapsed time for diagonalization 11.607972 (sec) 
 Elapsed time for mult 0.49167 (sec) 
 Energy = -185.2637941132595
 Elapsed time for measurement 0.017534 (sec) 
 Sample-based diagonalization: Energy = -185.2637941132595
 Sample-based diagonalization: density = [1.999973268990822,1.999975090710362,1.999976151999743,1.986537529024307,1.98456304588707,1.980113639000497,1.978748897461403,1.976541730596292,1.97468629151801,1.974898533124109,1.974126537805059,1.896390165568083,0.1053892656996851,0.02336698412703389,0.02422023106338575,0.02224069860269182,0.02247619112390761,0.02192977082705377,0.01948707469562001,0.01706077027794973,0.01729813189645117
 Sample-based diagonalization: carryover bitstrings = [], size = 0
