 Elapsed time for helper construction 0.502761 (sec) 
 Elapsed time for init 0.004829 (sec) 
 Elapsed time for makeQChamDiagTerms 2.486397 (sec) 
 Davidson iteration 0.0 (tol=0.5616478192749996): -147.5339106723027
 Davidson iteration 0.1 (tol=0.2512493218287393): -147.6687703054373 -145.6215046222366
 Davidson iteration 0.2 (tol=0.1143268454714813): -147.6879991565795 -146.0739817359695 -144.8158180016482
 Davidson iteration 0.3 (tol=0.04397069158023539): -147.6921108679833 -146.2737641483506 -145.114747695762 -144.5339318532978
 Davidson iteration 0.4 (tol=0.01858622303213157): -147.6926451174065 -146.4722796006114 -145.4338942947126 -144.813156852839
 Davidson iteration 0.5 (tol=0.007080651055236411): -147.6927609587198 -146.7622812647663 -145.6062108198719 -145.1279386197922
 Davidson iteration 0.6 (tol=0.003389445266865858): -147.6927756978789 -146.8764713235972 -145.7718124122746 -145.1305062402022
 Davidson iteration 0.7 (tol=0.001341363416382441): -147.6927785404388 -146.9474222927244 -146.0339830438007 -145.2914497920966
 Davidson iteration 1.0 (tol=0.001341363416377158): -147.6927785404393
 Davidson iteration 1.1 (tol=0.0007031986063887519): -147.6927790088145 -145.3225624930111
 Davidson iteration 1.2 (tol=0.0003544791383468066): -147.6927791692844 -146.5282560683687 -142.9497890928425
 Davidson iteration 1.3 (tol=0.0001533740701697859): -147.6927792115862 -146.95484827735 -144.8827269070769 -141.9146434542683
 Davidson iteration 1.4 (tol=7.388849059017281e-05): -147.6927792182658 -147.1142630597556 -145.0578165468932 -144.5670320100317
 Davidson iteration 1.5 (tol=3.123604005905119e-05): -147.6927792197856 -147.1875559349986 -145.5737961941941 -144.8606085752088
 Davidson iteration 1.6 (tol=1.422567376500374e-05): -147.6927792200836 -147.2389145802511 -146.1602948195109 -145.2964066166237
 Davidson iteration 1.7 (tol=5.396802661885458e-06): -147.6927792201417 -147.2612451527777 -146.4977621101367 -145.3150478849751
 Elapsed time for davidson 20.528328 (sec) 
 Elapsed time for diagonalization 20.528423 (sec) 
 Elapsed time for mult 0.642169 (sec) 
 Energy = -147.6927792201413
 Elapsed time for measurement 0.031172 (sec) 
 Sample-based diagonalization: Energy = -147.6927792201413
 Sample-based diagonalization: density = [1.999997040784799,1.996959810591224,1.992181221002431,1.994652667823136,1.987061882222518,1.984058331891311,1.996787356302945,1.966212685888807,1.969494003900583,1.981442887684523,1.930422506844589,0.1103527501687006,0.008569793841202822,0.01941825416272979,0.02078335423038526,0.0201390829795734,0.02146636951533249
 Sample-based diagonalization: carryover bitstrings = [], size = 0
