 Elapsed time for helper construction 2.411448 (sec) 
 Elapsed time for init 0.027076 (sec) 
 Elapsed time for makeQChamDiagTerms 14.187261 (sec) 
 Davidson iteration 0.0 (tol=0.6276224078448941): -121.6832610194006
 Davidson iteration 0.1 (tol=0.251128142390744): -121.8588715502397 -119.7072453299781
 Davidson iteration 0.2 (tol=0.07626267351546263): -121.8801272985163 -120.0629881623361 -118.8311981275512
 Davidson iteration 0.3 (tol=0.02266431795046331): -121.8819146871857 -120.275320772434 -118.9298754780917 -118.7849674266066
 Davidson iteration 0.4 (tol=0.007629629021818318): -121.8820784574782 -120.4488537573071 -119.5195541746396 -118.8089964352989
 Davidson iteration 0.5 (tol=0.002382575747208899): -121.8820970088295 -120.5813843464717 -119.7815790302475 -118.9654731050662
 Davidson iteration 0.6 (tol=0.0008016157012020684): -121.8820989808918 -120.7501786237769 -119.9850329643745 -119.3358946560752
 Davidson iteration 0.7 (tol=0.0002624159992906075): -121.8820991847279 -120.8647182727587 -120.1888775045269 -119.6141740700937
 Davidson iteration 1.0 (tol=0.0002624159992916604): -121.8820991847296
 Davidson iteration 1.1 (tol=0.000103034394246499): -121.8820992035512 -119.0329922268198
 Davidson iteration 1.2 (tol=3.991791321439077e-05): -121.8820992075487 -120.5013154072142 -117.5948796764901
 Davidson iteration 1.3 (tol=1.442280275590254e-05): -121.8820992080687 -120.9693980191945 -118.6183450765882 -117.0954135025972
 Davidson iteration 1.4 (tol=4.826764507784132e-06): -121.8820992081297 -121.1112644428979 -118.9031479398177 -118.4791551600294
 Elapsed time for davidson 122.369562 (sec) 
 Elapsed time for diagonalization 122.369906 (sec) 
 Elapsed time for mult 6.136088 (sec) 
 Energy = -121.8820992081273
 Elapsed time for measurement 23.066628 (sec) 
 Sample-based diagonalization: Energy = -121.8820992081273
 Sample-based diagonalization: density = [1.999964461454326,1.991003493326987,1.989667684625706,1.986282245886661,1.981096033995717,1.982350172173491,1.987720028685047,1.978900001328115,1.977800518413285,1.976512251955035,1.977419568594917,1.944940023688541,0.05343096919727432,0.01444037955203912,0.0178933635087646,0.02228824807970705,0.01897820048739158,0.01674550880872373,0.02118674509574454,0.01807767147507143,0.01800435390790791,0.01642279829518778,0.008875277398390616
 Sample-based diagonalization: carryover bitstrings = [], size = 0
 Elapse time for dumping one-particle rdm = 0.000883
 Elapse time for dumping two-particle rdm = 0.249308
 Zero-Body energy = 0
 One-Body energy = -207.0539186875527
 Two-Body energy = 85.17181947979547
 One-Body + Two-Body energy = -121.8820992077572
 Zero-Body + One-Body + Two-Body energy = -121.8820992077572
