 Elapsed time for helper construction 0.9695659999999999 (sec) 
 Elapsed time for init 0.029081 (sec) 
 Elapsed time for makeQChamDiagTerms 9.273463 (sec) 
 Davidson iteration 0.0 (tol=0.6190755744082356): -155.168235938107
 Davidson iteration 0.1 (tol=0.2076948583309263): -155.3376007234221 -153.2670917610571
 Davidson iteration 0.2 (tol=0.06761306314040896): -155.353006210055 -153.5600774869019 -152.9225693308756
 Davidson iteration 0.3 (tol=0.0196177831500198): -155.3546794557895 -153.7077332058298 -152.9399901968449 -152.8810185977503
 Davidson iteration 0.4 (tol=0.00750681183835959): -155.354836052231 -154.0625527843726 -153.0621148526183 -152.9138032718951
 Davidson iteration 0.5 (tol=0.002676915846584927): -155.3548625505996 -154.4637263770319 -153.235645006947 -153.0327150117206
 Davidson iteration 0.6 (tol=0.0009418060487637209): -155.3548656679338 -154.6426377747106 -153.5113377825338 -153.0740960387364
 Davidson iteration 0.7 (tol=0.0003304104112172545): -155.3548660351728 -154.7009329332659 -153.8636685740204 -153.2530626067186
 Davidson iteration 1.0 (tol=0.0003304104112154566): -155.3548660351744
 Davidson iteration 1.1 (tol=0.0001390612010825093): -155.3548660760545 -153.5419899359348
 Davidson iteration 1.2 (tol=6.40014799032554e-05): -155.3548660865162 -154.6148081086943 -152.2731835436688
 Davidson iteration 1.3 (tol=2.470378317838003e-05): -155.354866088255 -154.8832059938519 -152.8201229314268 -151.8363616015311
 Davidson iteration 1.4 (tol=1.022599564833261e-05): -155.3548660885301 -154.9870148749057 -153.3721754754386 -152.7981707853709
 Davidson iteration 1.5 (tol=3.59720260432031e-06): -155.3548660885734 -155.0271471534359 -153.8934814874391 -152.8242041990351
 Elapsed time for davidson 41.798687 (sec) 
 Elapsed time for diagonalization 41.800845 (sec) 
 Elapsed time for mult 1.168215 (sec) 
 Energy = -155.3548660885699
 Elapsed time for measurement 0.080831 (sec) 
 Sample-based diagonalization: Energy = -155.3548660885699
 Sample-based diagonalization: density = [1.99998931489955,1.992818235430647,1.991945051358929,1.990290773599916,1.995461271183307,1.984748019059829,1.982948587294528,1.985308902802636,1.985373510578724,1.974188614436135,1.984117194837633,1.990835821339122,1.93916839685645,0.08977768284093976,0.01885351790025841,0.01184052564355111,0.01537471703127663,0.006794027940333999,0.01216353266652074,0.01610118895774922,0.007331137885393421,0.009615370020455552,0.01495460512603692
 Sample-based diagonalization: carryover bitstrings = [], size = 0
