 Elapsed time for helper construction 1.220369 (sec) 
 Elapsed time for init 0.0463 (sec) 
 Elapsed time for makeQChamDiagTerms 18.64208 (sec) 
 Davidson iteration 0.0 (tol=0.6380594793450449): -201.8989170516858
 Davidson iteration 0.1 (tol=0.1562755807664597): -202.0845747387056 -200.0340044299051
 Davidson iteration 0.2 (tol=0.04217508254226032): -202.094499945176 -200.3142545064842 -199.9373613369196
 Davidson iteration 0.3 (tol=0.009764879253650887): -202.0952361480072 -200.3927219532132 -200.0004495825412 -199.8860285722587
 Davidson iteration 0.4 (tol=0.003176531207475988): -202.0952821785635 -200.8598847320017 -200.0207730467757 -199.8863904624686
 Davidson iteration 0.5 (tol=0.001033599762049825): -202.0952872049414 -201.1683280114073 -200.1941456522246 -200.0197564658569
 Davidson iteration 0.6 (tol=0.0002931521540998171): -202.095287696693 -201.2976715389226 -200.4028673807094 -200.0638839829411
 Davidson iteration 0.7 (tol=8.219079885565729e-05): -202.0952877365513 -201.3445046570772 -200.6979059871397 -200.3261851493575
 Davidson iteration 1.0 (tol=8.219079885222556e-05): -202.0952877365492
 Davidson iteration 1.1 (tol=2.601420594716081e-05): -202.0952877393518 -200.2084806587287
 Davidson iteration 1.2 (tol=8.977415789346123e-06): -202.095287739755 -201.0352977958788 -199.9592306474428
 Elapsed time for davidson 54.236193 (sec) 
 Elapsed time for diagonalization 54.238161 (sec) 
 Elapsed time for mult 1.221859 (sec) 
 Energy = -202.0952877397565
 Elapsed time for measurement 0.129171 (sec) 
 Sample-based diagonalization: Energy = -202.0952877397565
 Sample-based diagonalization: density = [1.999992044030739,1.994218439392458,1.994490582533107,1.99551678682275,1.992950170562458,1.991380077362235,1.991195730160035,1.985514851939201,1.991211340349725,1.989628309825221,1.989453710753206,1.987208770128512,1.987056830379834,1.965396368696878,1.991699712303723,1.952468536394834,0.07909392087099743,0.01051693253454314,0.0147831210039736,0.0122604438182278,0.01132503979018174,0.008964974501491169,0.01211856201319477,0.008707378181381184,0.00835658708102708,0.007780579525332712,0.01415354247260116,0.01255665623836421
 Sample-based diagonalization: carryover bitstrings = [], size = 0
