 Elapsed time for helper construction 1.476797 (sec) 
 Elapsed time for init 0.046711 (sec) 
 Elapsed time for makeQChamDiagTerms 12.747827 (sec) 
 Davidson iteration 0.0 (tol=0.6993124051760095): -155.913276343428
 Davidson iteration 0.1 (tol=0.2597369587844619): -156.1066088511468 -153.8196826530259
 Davidson iteration 0.2 (tol=0.09373870948324262): -156.127443441258 -154.1188717475375 -153.4352364369481
 Davidson iteration 0.3 (tol=0.02754249127954946): -156.1301946716218 -154.2889004359553 -153.5825171317629 -153.2475365182011
 Davidson iteration 0.4 (tol=0.01217493802757399): -156.1304967873655 -154.894041859518 -153.8330665068618 -153.4062360427297
 Davidson iteration 0.5 (tol=0.005059404022961957): -156.1305541003407 -155.2802334842176 -153.8789126112709 -153.5267250624515
 Davidson iteration 0.6 (tol=0.001854732542888357): -156.1305639364784 -155.4580959425451 -154.1412442594077 -153.5538534944744
 Davidson iteration 0.7 (tol=0.0007212219656634493): -156.1305651633888 -155.532105490842 -154.4024915120284 -153.7512309347163
 Davidson iteration 1.0 (tol=0.0007212219656674251): -156.1305651633893
 Davidson iteration 1.1 (tol=0.0003335627504615299): -156.1305653378773 -154.484095321742
 Davidson iteration 1.2 (tol=0.0001593498484475109): -156.1305653946698 -155.2621302424273 -153.4018318472887
 Davidson iteration 1.3 (tol=6.644267884955411e-05): -156.1305654043089 -155.5848423272997 -153.4613350863633 -153.0048197228279
 Davidson iteration 1.4 (tol=2.747353921068038e-05): -156.1305654059938 -155.6688624277146 -153.8823282425362 -153.458367185213
 Davidson iteration 1.5 (tol=1.124388611201581e-05): -156.1305654063 -155.7331408478388 -154.6699064605991 -153.5608249546409
 Davidson iteration 1.6 (tol=3.906002041251114e-06): -156.13056540634 -155.7430703444093 -154.9534061666129 -153.7401100640156
 Elapsed time for davidson 72.859663 (sec) 
 Elapsed time for diagonalization 72.859871 (sec) 
 Elapsed time for mult 2.221939 (sec) 
 Energy = -156.1305654063402
 Elapsed time for measurement 0.113545 (sec) 
 Sample-based diagonalization: Energy = -156.1305654063402
 Sample-based diagonalization: density = [1.999971191137767,1.992547539822846,1.992459265168649,1.990601538290979,1.985328784244051,1.983278668495707,1.982385808684111,1.981722373686521,1.978976329941646,1.979746597536073,1.989198564651314,1.985305385290518,1.93812039406404,0.0854743247902381,0.01828085165665372,0.01638248276865784,0.01162941582248831,0.01063039518071361,0.01464744636490082,0.01567211149994002,0.01802011699508204,0.01509727179937297,0.01452314164295132
 Sample-based diagonalization: carryover bitstrings = [], size = 0
