 Elapsed time for helper construction 0.209744 (sec) 
 Elapsed time for init 0.002059 (sec) 
 Elapsed time for makeQChamDiagTerms 0.507058 (sec) 
 Davidson iteration 0.0 (tol=0.5632962729254306): -138.6574690767646
 Davidson iteration 0.1 (tol=0.2678141272160231): -138.7877446789667 -136.6861983496432
 Davidson iteration 0.2 (tol=0.1199539977224632): -138.8099975585616 -137.1924632967614 -135.8270439416208
 Davidson iteration 0.3 (tol=0.05153400036658752): -138.8140850704259 -137.4850933277236 -136.191942186612 -134.8594438602412
 Davidson iteration 0.4 (tol=0.02225861813900179): -138.8147807768071 -137.7078283774592 -136.3517089233835 -135.9816006378434
 Davidson iteration 0.5 (tol=0.0092237674906884): -138.8149350279388 -137.9849644199112 -136.6426275093986 -135.9856621890032
 Davidson iteration 0.6 (tol=0.004685592268713182): -138.8149565567401 -138.1026808540736 -136.8667742018605 -135.9882418560165
 Davidson iteration 0.7 (tol=0.001869519700610774): -138.8149624420378 -138.1804790801039 -137.1321061034623 -136.1843440016319
 Davidson iteration 1.0 (tol=0.001869519700607163): -138.8149624420391
 Davidson iteration 1.1 (tol=0.0008594647449343761): -138.8149632036346 -135.4876426801195
 Davidson iteration 1.2 (tol=0.0004510140984491879): -138.8149634387441 -137.4200087381795 -134.222830471226
 Davidson iteration 1.3 (tol=0.0002111044580378242): -138.8149634968994 -137.915670950662 -134.8632864543166 -134.156092267503
 Davidson iteration 1.4 (tol=8.949825629856683e-05): -138.8149635088561 -138.1668242717032 -135.2830421438686 -134.8630209028066
 Davidson iteration 1.5 (tol=4.162245043014305e-05): -138.8149635110507 -138.2722603530636 -136.3147920666312 -135.0275536724365
 Davidson iteration 1.6 (tol=1.797911356920779e-05): -138.8149635115513 -138.3518383891301 -137.1479718978173 -135.2463068098949
 Davidson iteration 1.7 (tol=7.64494630086566e-06): -138.8149635116461 -138.3959486056505 -137.596685266012 -135.4175303036272
 Elapsed time for davidson 5.584192 (sec) 
 Elapsed time for diagonalization 5.58426 (sec) 
 Elapsed time for mult 0.177069 (sec) 
 Energy = -138.8149635116435
 Elapsed time for measurement 0.007866999999999999 (sec) 
 Sample-based diagonalization: Energy = -138.8149635116435
 Sample-based diagonalization: density = [1.999997152791556,1.994588922288971,1.993136073838676,1.988026155198623,1.989085875270729,1.983294509004571,1.96509826545957,1.982002808286486,1.986498573518697,1.914802266483407,0.1198060079816303,0.0102974001043221,0.02335393021234218,0.02364924648949004,0.02636281303860022
 Sample-based diagonalization: carryover bitstrings = [], size = 0
