 Elapsed time for helper construction 0.554002 (sec) 
 Elapsed time for init 0.016503 (sec) 
 Elapsed time for makeQChamDiagTerms 2.873711 (sec) 
 Davidson iteration 0.0 (tol=0.5466411425387371): -148.124225364102
 Davidson iteration 0.1 (tol=0.2419168454824707): -148.2514099275585 -146.1645841297438
 Davidson iteration 0.2 (tol=0.1100104169228737): -148.2686621319992 -146.615494899393 -145.2346032714664
 Davidson iteration 0.3 (tol=0.04305905528284841): -148.2722994276608 -146.8462430749651 -145.5917134798754 -144.8861402030166
 Davidson iteration 0.4 (tol=0.01755780886553666): -148.2727865076405 -147.0348000761014 -145.9138794198181 -145.244672952514
 Davidson iteration 0.5 (tol=0.006544012986419862): -148.2728872007578 -147.3220510228673 -146.19923696719 -145.4758659225564
 Davidson iteration 0.6 (tol=0.003031550813282268): -148.2728996899496 -147.4506606101122 -146.3723578071623 -145.4793757130177
 Davidson iteration 0.7 (tol=0.0012940950800151): -148.2729022640711 -147.5648602125441 -146.6921183036493 -145.7828876932623
 Davidson iteration 1.0 (tol=0.001294095080017591): -148.2729022640715
 Davidson iteration 1.1 (tol=0.0006581166043233375): -148.2729026934391 -145.7961843318343
 Davidson iteration 1.2 (tol=0.0003455258862963345): -148.2729028487101 -147.224304690718 -143.7576579917825
 Davidson iteration 1.3 (tol=0.000151717365611873): -148.272902889347 -147.658729895105 -145.0658490766663 -143.3286990293622
 Davidson iteration 1.4 (tol=6.632396804535591e-05): -148.2729028955485 -147.7685068255308 -145.0675692011182 -144.9165451749842
 Davidson iteration 1.5 (tol=2.73195979346586e-05): -148.272902896783 -147.8383945488958 -146.0808968049687 -145.0675673316172
 Davidson iteration 1.6 (tol=1.233174966729617e-05): -148.2729028970079 -147.8793866993399 -146.792563738182 -145.4091110631186
 Davidson iteration 1.7 (tol=4.971823408405297e-06): -148.2729028970558 -147.8977673654316 -147.2547158740526 -145.4887531540018
 Elapsed time for davidson 27.606897 (sec) 
 Elapsed time for diagonalization 27.607141 (sec) 
 Elapsed time for mult 0.7812359999999999 (sec) 
 Energy = -148.2729028970562
 Elapsed time for measurement 0.036753 (sec) 
 Sample-based diagonalization: Energy = -148.2729028970562
 Sample-based diagonalization: density = [1.999996746789898,1.997581050865708,1.992438219361704,1.992527325761555,1.990988525319106,1.986672704225169,1.989368365888688,1.97986148838081,1.965377296661961,1.981829831125908,1.938219965423919,0.1016569992312187,0.009789002397282899,0.02343459256398286,0.008499367949343639,0.02274255311526866,0.01901596475391118
 Sample-based diagonalization: carryover bitstrings = [], size = 0
