 Elapsed time for helper construction 1.500841 (sec) 
 Elapsed time for init 0.046901 (sec) 
 Elapsed time for makeQChamDiagTerms 12.602331 (sec) 
 Davidson iteration 0.0 (tol=0.5849644967180047): -121.3466633222387
 Davidson iteration 0.1 (tol=0.1182613898386131): -121.5103210741157 -119.5318846152643
 Davidson iteration 0.2 (tol=0.02079145053881607): -121.5164511111476 -119.5857687907231 -119.5135562122925
 Davidson iteration 0.3 (tol=0.00457811412436325): -121.5166348013044 -119.7193150492097 -119.5791646550702 -119.2220816515297
 Davidson iteration 0.4 (tol=0.001168764351602333): -121.5166438483369 -119.9515613654353 -119.5791799525727 -119.3525853869128
 Davidson iteration 0.5 (tol=0.0002715182992097236): -121.5166444005997 -120.1061517834736 -119.6001994152846 -119.4487889204651
 Davidson iteration 0.6 (tol=6.133960702009177e-05): -121.516644427641 -120.1556977102852 -119.6016403467911 -119.5679951405719
 Davidson iteration 0.7 (tol=1.377256344576397e-05): -121.5166444290477 -120.1850493159461 -119.7290058387338 -119.6011254663503
 Davidson iteration 1.0 (tol=1.377256344541322e-05): -121.516644429049
 Davidson iteration 1.1 (tol=4.238577920489097e-06): -121.5166444291224 -119.4158649585499
 Elapsed time for davidson 42.212287 (sec) 
 Elapsed time for diagonalization 42.212352 (sec) 
 Elapsed time for mult 1.094074 (sec) 
 Energy = -121.5166444291203
 Elapsed time for measurement 0.112069 (sec) 
 Sample-based diagonalization: Energy = -121.5166444291203
 Sample-based diagonalization: density = [1.999974268942056,1.9901780949846,1.992757606664852,1.988786946966287,1.986367425897065,1.98629348414059,1.989013248314168,1.985329538326802,1.979193967031239,1.98393797053372,1.98129462032013,1.964547329798782,0.03639798586187987,0.004739413536822385,0.0203789000755426,0.01299170527592678,0.01524123979422935,0.01664711319821564,0.01423422807438056,0.01490075420010228,0.009765000878909353,0.01045419386802719,0.009308296969685593,0.007266666093738902
 Sample-based diagonalization: carryover bitstrings = [], size = 0
