 Elapsed time for helper construction 1.008247 (sec) 
 Elapsed time for init 0.01584 (sec) 
 Elapsed time for makeQChamDiagTerms 7.740381999999999 (sec) 
 Davidson iteration 0.0 (tol=0.6143905933027501): -116.3535403980838
 Davidson iteration 0.1 (tol=0.1525836380242149): -116.5269515799909 -114.2709696881967
 Davidson iteration 0.2 (tol=0.03088020564736098): -116.534827175265 -114.5578825425405 -113.6288768484409
 Davidson iteration 0.3 (tol=0.00804213440728776): -116.5351389657722 -114.6372512559441 -113.9666581944304 -113.5771258363372
 Davidson iteration 0.4 (tol=0.002423065801623858): -116.5351636650977 -114.8949045492684 -114.3296414169299 -113.8453274281029
 Davidson iteration 0.5 (tol=0.0007600601576305138): -116.5351658848138 -115.304863954772 -114.5046136649932 -113.8488852787521
 Davidson iteration 0.6 (tol=0.0002360555163449477): -116.5351660929608 -115.5290108469434 -114.5885736937779 -114.0128783846976
 Davidson iteration 0.7 (tol=8.810506274997049e-05): -116.5351661140856 -115.6962216251096 -114.7242330397638 -114.3057982239066
 Davidson iteration 1.0 (tol=8.810506274996497e-05): -116.5351661140872
 Davidson iteration 1.1 (tol=3.74759525258589e-05): -116.5351661165679 -114.1038040814591
 Davidson iteration 1.2 (tol=1.523759508369401e-05): -116.5351661172205 -115.400582414384 -112.7455529735878
 Davidson iteration 1.3 (tol=4.906858681707974e-06): -116.535166117299 -115.6815412193239 -113.2925467849642 -112.6436473714082
 Elapsed time for davidson 34.731724 (sec) 
 Elapsed time for diagonalization 34.731943 (sec) 
 Elapsed time for mult 0.995219 (sec) 
 Energy = -116.5351661172971
 Elapsed time for measurement 0.08409899999999999 (sec) 
 Sample-based diagonalization: Energy = -116.5351661172971
 Sample-based diagonalization: density = [1.999970823903242,1.989637378984334,1.989089346166492,1.98530352780881,1.981537532490014,1.981280591364318,1.977719286852712,1.978430981950982,1.978055921481688,1.976376252052725,1.98827428787715,0.02106071342830786,0.02046322070088971,0.01514931122129937,0.02054045324692218,0.01584315406142617,0.01691432897003378,0.01452706123600455,0.01576800843597858,0.01683331870878942,0.01722449876566896
 Sample-based diagonalization: carryover bitstrings = [], size = 0
