 Elapsed time for helper construction 0.435696 (sec) 
 Elapsed time for init 0.005111 (sec) 
 Elapsed time for makeQChamDiagTerms 1.857769 (sec) 
 Davidson iteration 0.0 (tol=0.4710556678113437): -120.0402524772214
 Davidson iteration 0.1 (tol=0.1333013482575848): -120.1420014888918 -117.9563972193766
 Davidson iteration 0.2 (tol=0.04219485503868007): -120.1480389079498 -118.332125974099 -117.3744501547208
 Davidson iteration 0.3 (tol=0.01266104989012749): -120.148595260093 -118.4101375531389 -117.4733815376797 -117.3318946711619
 Davidson iteration 0.4 (tol=0.004087668989753178): -120.1486430432083 -118.5236048545664 -117.7243059546065 -117.3319167348503
 Davidson iteration 0.5 (tol=0.001336980669825459): -120.1486481413876 -118.7240431424915 -118.0267332380378 -117.5151025960166
 Davidson iteration 0.6 (tol=0.000459736362475902): -120.1486486689039 -118.9161849103264 -118.2344979231741 -117.5232990941773
 Davidson iteration 0.7 (tol=0.000147779401295458): -120.1486487278856 -119.0614161799787 -118.358053923658 -117.6446870948094
 Davidson iteration 1.0 (tol=0.0001477794012956871): -120.1486487278853
 Davidson iteration 1.1 (tol=5.958335076612375e-05): -120.1486487336292 -117.2968226485558
 Davidson iteration 1.2 (tol=2.128414793731093e-05): -120.1486487347881 -118.7516310463596 -115.2077591347237
 Davidson iteration 1.3 (tol=7.057556582988663e-06): -120.1486487349275 -119.1575246787229 -116.8185654578615 -114.6440771791712
 Elapsed time for davidson 12.881839 (sec) 
 Elapsed time for diagonalization 12.881934 (sec) 
 Elapsed time for mult 0.779044 (sec) 
 Energy = -120.1486487349279
 Elapsed time for measurement 0.02736 (sec) 
 Sample-based diagonalization: Energy = -120.1486487349279
 Sample-based diagonalization: density = [1.999996317183748,1.992409607145396,1.987662598625267,1.987893839201988,1.983492845861958,1.988478779285831,1.975031504618676,1.980669307513159,1.993267575311171,0.006433251617455789,0.02090830433047242,0.017498532294266,0.008789789110602117,0.01948165456987113,0.0148810620606997,0.02310503114179912
 Sample-based diagonalization: carryover bitstrings = [], size = 0
