 Elapsed time for helper construction 1.170569 (sec) 
 Elapsed time for init 0.010447 (sec) 
 Elapsed time for makeQChamDiagTerms 5.114071 (sec) 
 Davidson iteration 0.0 (tol=0.6054503202729568): -132.6573833805769
 Davidson iteration 0.1 (tol=0.2285845165233035): -132.8191094078305 -130.5082761210878
 Davidson iteration 0.2 (tol=0.07876595126873895): -132.8355568010899 -131.0027287830313 -129.5308969706429
 Davidson iteration 0.3 (tol=0.02752664803407475): -132.8371807040827 -131.0934535948885 -129.6702265697536 -129.3811769698367
 Davidson iteration 0.4 (tol=0.01011889642556361): -132.8373897019876 -131.2147787082223 -130.1705477209608 -129.3882162628884
 Davidson iteration 0.5 (tol=0.00389722744019979): -132.8374197139737 -131.4379819312063 -130.6496204949696 -129.6822932137231
 Davidson iteration 0.6 (tol=0.001632765755284414): -132.8374243038434 -131.6568642973314 -130.8883496391325 -129.6873209578271
 Davidson iteration 0.7 (tol=0.0006566887324359363): -132.8374250520638 -131.8149983572993 -131.0460021387846 -130.1499084001479
 Davidson iteration 1.0 (tol=0.0006566887324359023): -132.8374250520634
 Davidson iteration 1.1 (tol=0.000310218459483881): -132.8374251568786 -129.5991973075053
 Davidson iteration 1.2 (tol=0.0001396515971830475): -132.8374251881184 -131.4484356814559 -126.9826196110587
 Davidson iteration 1.3 (tol=6.263541624721443e-05): -132.837425194241 -131.9091107962671 -129.4066728185773 -126.0677330436435
 Davidson iteration 1.4 (tol=2.480589671889345e-05): -132.8374251953031 -132.0880476366773 -129.8608984872199 -128.7093335221146
 Davidson iteration 1.5 (tol=1.059322274414411e-05): -132.8374251954723 -132.1636780865062 -130.5202414213578 -129.527816149598
 Davidson iteration 1.6 (tol=4.134128221979886e-06): -132.8374251955017 -132.1923344731177 -131.0442751060392 -129.5281945523887
 Elapsed time for davidson 47.249468 (sec) 
 Elapsed time for diagonalization 47.249581 (sec) 
 Elapsed time for mult 1.911524 (sec) 
 Energy = -132.8374251955018
 Elapsed time for measurement 7.270384 (sec) 
 Sample-based diagonalization: Energy = -132.8374251955018
 Sample-based diagonalization: density = [1.999966380290101,1.992309124561341,1.988066759161988,1.984023726624458,1.97868952355428,1.983193321382046,1.976217613729322,1.978690143265447,1.980777068590212,1.983965499735807,1.978234740962569,1.985353416036121,0.01219748158455748,0.02367952981067861,0.02432244200923496,0.02657279697413036,0.02213980411129123,0.01957222844537039,0.02104650183250195,0.01750812283486443,0.02347377448901578
 Sample-based diagonalization: carryover bitstrings = [], size = 0
 Elapse time for dumping one-particle rdm = 0.000944
 Elapse time for dumping two-particle rdm = 0.17072
 Zero-Body energy = 0
 One-Body energy = -228.0769340225426
 Two-Body energy = 95.23950882713345
 One-Body + Two-Body energy = -132.8374251954091
 Zero-Body + One-Body + Two-Body energy = -132.8374251954091
