 Elapsed time for helper construction 0.510185 (sec) 
 Elapsed time for init 0.008756 (sec) 
 Elapsed time for makeQChamDiagTerms 1.317176 (sec) 
 Davidson iteration 0.0 (tol=0.5702458749319763): -155.4095454115447
 Davidson iteration 0.1 (tol=0.2493189887162743): -155.5435356614432 -153.4816059279115
 Davidson iteration 0.2 (tol=0.1080727654135946): -155.5616040187267 -153.8630535299891 -152.5677499003254
 Davidson iteration 0.3 (tol=0.04109808560744135): -155.5650140576528 -154.0506730373147 -152.9701653637877 -152.2414121580121
 Davidson iteration 0.4 (tol=0.01681767110343918): -155.5654537402026 -154.2558036126293 -153.2370883669011 -152.5770424380126
 Davidson iteration 0.5 (tol=0.006615579049328138): -155.565540747113 -154.5376143978486 -153.4580158497608 -152.5977214827017
 Davidson iteration 0.6 (tol=0.003125762504606605): -155.5655528991267 -154.7057897976399 -153.6777083945859 -152.7177247486746
 Davidson iteration 0.7 (tol=0.001378739837936063): -155.5655557757499 -154.8726332369245 -154.0900230743419 -153.0604638068071
 Davidson iteration 1.0 (tol=0.001378739837935573): -155.5655557757511
 Davidson iteration 1.1 (tol=0.0007032347631076574): -155.5655562513388 -152.9828862365969
 Davidson iteration 1.2 (tol=0.000393775178317593): -155.5655564280196 -154.6860561809205 -150.7800038718059
 Davidson iteration 1.3 (tol=0.0001841187635961323): -155.5655564785 -155.0879882520787 -152.1211841968916 -149.8846939172965
 Davidson iteration 1.4 (tol=8.074123108332293e-05): -155.5655564875484 -155.1799812262218 -152.5787961580392 -151.876913080772
 Davidson iteration 1.5 (tol=3.669887225233048e-05): -155.5655564894989 -155.2352874619881 -153.7991604795938 -152.0751951567239
 Davidson iteration 1.6 (tol=1.799085971186018e-05): -155.5655564899066 -155.2730354029345 -154.3755943266276 -152.298949322794
 Davidson iteration 1.7 (tol=8.021874133713872e-06): -155.5655564900087 -155.2942046462329 -154.7526806030818 -152.421667741434
 Elapsed time for davidson 13.594928 (sec) 
 Elapsed time for diagonalization 13.595063 (sec) 
 Elapsed time for mult 0.518834 (sec) 
 Energy = -155.5655564900077
 Elapsed time for measurement 0.096425 (sec) 
 Sample-based diagonalization: Energy = -155.5655564900077
 Sample-based diagonalization: density = [1.999996802968016,1.997894715301522,1.992285254579808,1.986759384995558,1.988038077145082,1.978528319939967,1.987300928745284,1.996196389989662,1.983226634812653,1.922387611982571,1.978463238508792,0.106127475420282,0.01616190066762623,0.02312751577724497,0.02140581406585225,0.02209993500760386
 Sample-based diagonalization: carryover bitstrings = [], size = 0
