 Elapsed time for helper construction 0.295968 (sec) 
 Elapsed time for init 0.003184 (sec) 
 Elapsed time for makeQChamDiagTerms 1.247969 (sec) 
 Davidson iteration 0.0 (tol=0.4760971741151097): -120.0402524772214
 Davidson iteration 0.1 (tol=0.1542201505310801): -120.1425848512802 -117.9229200886466
 Davidson iteration 0.2 (tol=0.05532732683116404): -120.1502468808963 -118.343818459302 -117.1847055882166
 Davidson iteration 0.3 (tol=0.01802915438819471): -120.1511163165521 -118.4317982940668 -117.2738561451607 -117.0438558997912
 Davidson iteration 0.4 (tol=0.005986339099767508): -120.151202593745 -118.5193266784504 -117.5735948915544 -117.0796040063863
 Davidson iteration 0.5 (tol=0.002024029204921211): -120.1512126593033 -118.6666083603453 -117.9097513049579 -117.293607372688
 Davidson iteration 0.6 (tol=0.000733721090560316): -120.1512138424629 -118.839999068067 -118.1861750043673 -117.2963352366419
 Davidson iteration 0.7 (tol=0.0002562222175877383): -120.1512139905261 -118.9853878672869 -118.3398238567062 -117.4847822695303
 Davidson iteration 1.0 (tol=0.0002562222175881016): -120.1512139905257
 Davidson iteration 1.1 (tol=0.0001083125204240039): -120.1512140070542 -117.0728677223733
 Davidson iteration 1.2 (tol=4.200100874919679e-05): -120.1512140110534 -118.7006968823331 -115.2363901937737
 Davidson iteration 1.3 (tol=1.56210597677445e-05): -120.1512140116081 -119.1589067765404 -116.6115433220867 -114.9494375322886
 Davidson iteration 1.4 (tol=5.223099621470876e-06): -120.1512140116723 -119.3061574690267 -116.8087550729938 -116.2343479262161
 Elapsed time for davidson 9.420892 (sec) 
 Elapsed time for diagonalization 9.420961 (sec) 
 Elapsed time for mult 0.341452 (sec) 
 Energy = -120.1512140116729
 Elapsed time for measurement 0.018248 (sec) 
 Sample-based diagonalization: Energy = -120.1512140116729
 Sample-based diagonalization: density = [1.999996291534462,1.992134711555145,1.986941698629813,1.987433401713807,1.982625613207397,1.988081583387421,1.974310360419996,1.979963518134341,1.992490794329692,0.006676587252492799,0.02185305517366463,0.01859874921880136,0.009225514422816699,0.02021467152095136,0.01573318151579955,0.02372026790055252
 Sample-based diagonalization: carryover bitstrings = [], size = 0
