 Elapsed time for helper construction 0.458401 (sec) 
 Elapsed time for init 0.012182 (sec) 
 Elapsed time for makeQChamDiagTerms 1.858889 (sec) 
 Davidson iteration 0.0 (tol=0.5493648294967389): -148.5133106830459
 Davidson iteration 0.1 (tol=0.2439777071696616): -148.6415333862543 -146.5976685049491
 Davidson iteration 0.2 (tol=0.1099281697039807): -148.6592251813604 -147.0433994593882 -145.7850419699759
 Davidson iteration 0.3 (tol=0.04282983917606867): -148.6627989074605 -147.2245285085732 -146.0009204257588 -145.463446192712
 Davidson iteration 0.4 (tol=0.01769262349525933): -148.6632731556473 -147.4038261969578 -146.2917699908959 -145.7761437356204
 Davidson iteration 0.5 (tol=0.006427557013794053): -148.6633658620601 -147.659610758125 -146.4831854668017 -145.9625455378417
 Davidson iteration 0.6 (tol=0.003007364897585424): -148.6633764015753 -147.7756542577936 -146.636150742275 -145.9641389153001
 Davidson iteration 0.7 (tol=0.001125024167805973): -148.6633784073943 -147.8461375665801 -146.8425013787596 -146.1414042336544
 Davidson iteration 1.0 (tol=0.001125024167807675): -148.6633784073944
 Davidson iteration 1.1 (tol=0.0005604970947150064): -148.6633787042496 -145.9061323848894
 Davidson iteration 1.2 (tol=0.0002706319216470003): -148.6633787937826 -147.236309549409 -143.7898140149077
 Davidson iteration 1.3 (tol=0.0001159451255624305): -148.6633788154746 -147.760946179121 -145.445313384481 -142.6236628178202
 Davidson iteration 1.4 (tol=5.379615072311361e-05): -148.6633788188804 -147.9856658859174 -145.4633191028913 -145.4155783405833
 Davidson iteration 1.5 (tol=2.564356731182823e-05): -148.6633788196883 -148.1320778836 -146.5318366084742 -145.4500182781474
 Davidson iteration 1.6 (tol=1.401677780626172e-05): -148.6633788198883 -148.2450356887085 -147.3079218445409 -145.6276777507455
 Davidson iteration 1.7 (tol=6.647167259179549e-06): -148.6633788199462 -148.3307406925991 -147.6711222143875 -145.6501268047251
 Elapsed time for davidson 20.478033 (sec) 
 Elapsed time for diagonalization 20.478134 (sec) 
 Elapsed time for mult 0.927472 (sec) 
 Energy = -148.663378819947
 Elapsed time for measurement 2.425017 (sec) 
 Sample-based diagonalization: Energy = -148.663378819947
 Sample-based diagonalization: density = [1.999996883152837,1.996901563996675,1.992265815987526,1.995217452653883,1.989867599137754,1.985129354260696,1.99580952051392,1.966798058022277,1.976632814562907,1.984936565619966,1.928021545279183,0.1065989073619391,0.009586878663909405,0.014299158519433,0.01893530783185815,0.01853523199752401,0.02046734241371831
 Sample-based diagonalization: carryover bitstrings = [], size = 0
 Elapse time for dumping one-particle rdm = 0.000904
 Elapse time for dumping two-particle rdm = 0.078056
 Zero-Body energy = 0
 One-Body energy = -241.5227075165336
 Two-Body energy = 92.85932869676166
 One-Body + Two-Body energy = -148.663378819772
 Zero-Body + One-Body + Two-Body energy = -148.663378819772
