 Elapsed time for helper construction 3.570825 (sec) 
 Elapsed time for init 0.101257 (sec) 
 Elapsed time for makeQChamDiagTerms 24.794591 (sec) 
 Davidson iteration 0.0 (tol=0.7004516302510376): -156.2631604794574
 Davidson iteration 0.1 (tol=0.3198399085012113): -156.4628779057357 -154.1385975744988
 Davidson iteration 0.2 (tol=0.1493077501105993): -156.4912374536937 -154.5847247466905 -153.0861147797226
 Davidson iteration 0.3 (tol=0.05422728994734206): -156.4970687136615 -154.8151761700826 -153.2345709155079 -152.6156415185939
 Davidson iteration 0.4 (tol=0.02322894602675721): -156.497788759043 -155.0162182960989 -153.5641610788703 -152.9925071785551
 Davidson iteration 0.5 (tol=0.009362735847905652): -156.4979417044424 -155.3210031736313 -154.1130458996681 -153.0418932388797
 Davidson iteration 0.6 (tol=0.004452067999161314): -156.4979676153516 -155.5473501693907 -154.3961129737471 -153.1478313158876
 Davidson iteration 0.7 (tol=0.00198893021418757): -156.4979733636366 -155.7064984264076 -154.6348668291471 -153.6879920958609
 Davidson iteration 1.0 (tol=0.001988930214187239): -156.4979733636392
 Davidson iteration 1.1 (tol=0.001019784624319405): -156.4979743432972 -153.5238393025953
 Davidson iteration 1.2 (tol=0.0005584345815317113): -156.4979747169714 -155.2800340874516 -151.2204869928874
 Davidson iteration 1.3 (tol=0.0002761655225547406): -156.4979748201138 -155.7730185173904 -153.0202698349265 -150.7843966192112
 Davidson iteration 1.4 (tol=0.0001231157652360475): -156.4979748403014 -155.916889882634 -153.3403227024961 -152.230469893323
 Davidson iteration 1.5 (tol=5.046352808039077e-05): -156.4979748444373 -155.9813660465597 -154.187997481399 -152.9419091173066
 Davidson iteration 1.6 (tol=2.299258232301661e-05): -156.4979748451619 -156.0192265635681 -154.9107342305879 -153.1531301494872
 Davidson iteration 1.7 (tol=9.68190996451539e-06): -156.4979748453368 -156.0387867632126 -155.3138387037614 -153.3640827830224
 Elapsed time for davidson 261.708051 (sec) 
 Elapsed time for diagonalization 261.710871 (sec) 
 Elapsed time for mult 10.686883 (sec) 
 Energy = -156.4979748453351
 Elapsed time for measurement 39.864228 (sec) 
 Sample-based diagonalization: Energy = -156.4979748453351
 Sample-based diagonalization: density = [1.999986103917696,1.99062722981001,1.988860909775445,1.986865777346921,1.981869467025733,1.979145076335015,1.985596086970146,1.983685249709113,1.979840594084381,1.979627567354052,1.96036939875073,1.985763515335462,1.934135915697218,0.1003844668767752,0.01485480698313972,0.01857183759624571,0.02038708119951577,0.0204406742463189,0.01638758374802382,0.01920435680085162,0.01593675246235837,0.0199186171273862,0.0175409306744234
 Sample-based diagonalization: carryover bitstrings = [], size = 0
 Elapse time for dumping one-particle rdm = 0.001053
 Elapse time for dumping two-particle rdm = 0.249021
 Zero-Body energy = 0
 One-Body energy = -265.6347004485766
 Two-Body energy = 109.1367256043657
 One-Body + Two-Body energy = -156.4979748442109
 Zero-Body + One-Body + Two-Body energy = -156.4979748442109
