 Elapsed time for helper construction 1.043518 (sec) 
 Elapsed time for init 0.033755 (sec) 
 Elapsed time for makeQChamDiagTerms 9.464240999999999 (sec) 
 Davidson iteration 0.0 (tol=0.501431490510028): -168.749457348503
 Davidson iteration 0.1 (tol=0.1413141112098429): -168.8756157507734 -167.2254503819781
 Davidson iteration 0.2 (tol=0.04188956556350557): -168.884343508827 -167.4942893757355 -167.1037015791336
 Davidson iteration 0.3 (tol=0.01037131688642488): -168.8850821359792 -167.4961849821608 -167.1071118001177 -166.9851181178529
 Davidson iteration 0.4 (tol=0.0031174000562759): -168.8851238734696 -167.6173012253634 -167.1084946800936 -166.9922572774929
 Davidson iteration 0.5 (tol=0.0007644166923214102): -168.885128194441 -167.7845332508896 -167.1085125535185 -167.098863084624
 Davidson iteration 0.6 (tol=0.0002255331076799604): -168.8851284420608 -167.9981806464806 -167.2545381953489 -167.1036332953207
 Davidson iteration 0.7 (tol=5.927378678196437e-05): -168.8851284628927 -168.0307513778639 -167.4396343230099 -167.1594208992362
 Davidson iteration 1.0 (tol=5.927378678302631e-05): -168.8851284628932
 Davidson iteration 1.1 (tol=1.99513106922052e-05): -168.8851284643295 -167.3961282027239
 Davidson iteration 1.2 (tol=6.354908027294171e-06): -168.8851284645308 -167.7492619500381 -166.8407206144449
 Elapsed time for davidson 30.790947 (sec) 
 Elapsed time for diagonalization 30.791212 (sec) 
 Elapsed time for mult 0.852139 (sec) 
 Energy = -168.8851284645309
 Elapsed time for measurement 0.083756 (sec) 
 Sample-based diagonalization: Energy = -168.8851284645309
 Sample-based diagonalization: density = [1.999991431617222,1.996325191313146,1.995834810343637,1.993216522056258,1.993887104086767,1.995241768692191,1.992607919445057,1.985857359923685,1.993515242614607,1.988020931199515,1.99321173761294,1.992106808036683,1.99288356870457,1.914591353430394,0.1040012812458434,0.004468990037153211,0.01040567402279459,0.01057083566390978,0.00313293589089857,0.01202592282108476,0.009648035092574073,0.009049784440362425,0.009404791436891002
 Sample-based diagonalization: carryover bitstrings = [], size = 0
