 Elapsed time for helper construction 1.362019 (sec) 
 Elapsed time for init 0.044792 (sec) 
 Elapsed time for makeQChamDiagTerms 11.418065 (sec) 
 Davidson iteration 0.0 (tol=0.5993718927775918): -128.642700917823
 Davidson iteration 0.1 (tol=0.1700081586729591): -128.7998192278463 -126.4932829987291
 Davidson iteration 0.2 (tol=0.05722483317287511): -128.8096195133468 -127.0499102400441 -126.1809689860064
 Davidson iteration 0.3 (tol=0.01542474940625672): -128.8107647775478 -127.1450513947357 -126.310913840295 -126.111589879437
 Davidson iteration 0.4 (tol=0.006025737395726019): -128.8108891006819 -127.914648256409 -126.6943928139164 -126.2196902478786
 Davidson iteration 0.5 (tol=0.002067188043516649): -128.8109049625397 -128.1499955487484 -126.7931113468138 -126.3250196031269
 Davidson iteration 0.6 (tol=0.000621358877453951): -128.8109066856757 -128.2589914762399 -127.0024059675351 -126.3865348521229
 Davidson iteration 0.7 (tol=0.0001673420882232188): -128.8109068191937 -128.2898342508283 -127.1566556970925 -126.4955614964642
 Davidson iteration 1.0 (tol=0.0001673420882224274): -128.8109068191924
 Davidson iteration 1.1 (tol=5.632427215118933e-05): -128.8109068281465 -126.3329216783761
 Davidson iteration 1.2 (tol=1.751149403490295e-05): -128.8109068294358 -127.2520395969037 -125.4614740255558
 Davidson iteration 1.3 (tol=5.224068395101344e-06): -128.8109068295445 -127.7282017761328 -125.8428002587724 -125.396211381146
 Elapsed time for davidson 65.104979 (sec) 
 Elapsed time for diagonalization 65.105192 (sec) 
 Elapsed time for mult 1.715674 (sec) 
 Energy = -128.8109068295463
 Elapsed time for measurement 0.121912 (sec) 
 Sample-based diagonalization: Energy = -128.8109068295463
 Sample-based diagonalization: density = [1.999970807633295,1.994259752999733,1.991060791256098,1.988484817466555,1.988375696489417,1.982777851704473,1.984194111759641,1.982294241581157,1.982375879551905,1.975552899461864,1.986581196587012,1.978660655457712,0.01719888212444977,0.02581621107905254,0.0177342228938079,0.01717514354754901,0.01436926256669433,0.009931597664162226,0.01191280605294123,0.01294234724491763,0.01670009085600795,0.01195426669249841,0.009676466929886048
 Sample-based diagonalization: carryover bitstrings = [], size = 0
