 Elapsed time for helper construction 2.286965 (sec) 
 Elapsed time for init 0.017736 (sec) 
 Elapsed time for makeQChamDiagTerms 14.766999 (sec) 
 Davidson iteration 0.0 (tol=0.6415844839462793): -124.3786598633601
 Davidson iteration 0.1 (tol=0.1780332105762282): -124.564530181107 -122.2565304734679
 Davidson iteration 0.2 (tol=0.03488832001548867): -124.5751223908799 -122.5881006761239 -121.4908552654738
 Davidson iteration 0.3 (tol=0.00873890198171638): -124.5755057950668 -122.6735663264822 -121.8616482703042 -121.4353339752701
 Davidson iteration 0.4 (tol=0.002407140817220581): -124.5755322157427 -122.8156891590378 -122.1913111317207 -121.6698434401714
 Davidson iteration 0.5 (tol=0.0006794210558461447): -124.5755341950376 -123.0192264930609 -122.4487430138035 -121.6858754704476
 Davidson iteration 0.6 (tol=0.0001791577019516744): -124.5755343452421 -123.1614441953635 -122.5861061106023 -121.9102206274855
 Davidson iteration 0.7 (tol=4.708550248114927e-05): -124.5755343553624 -123.2240988530615 -122.669857055346 -122.0486553721989
 Davidson iteration 1.0 (tol=4.708550248237351e-05): -124.5755343553626
 Davidson iteration 1.1 (tol=1.558216738391359e-05): -124.5755343560211 -121.6780018444836
 Davidson iteration 1.2 (tol=4.732702852273187e-06): -124.5755343561133 -122.7718648778281 -120.8486463598328
 Elapsed time for davidson 61.447258 (sec) 
 Elapsed time for diagonalization 61.447563 (sec) 
 Elapsed time for mult 2.337664 (sec) 
 Energy = -124.5755343561148
 Elapsed time for measurement 0.133965 (sec) 
 Sample-based diagonalization: Energy = -124.5755343561148
 Sample-based diagonalization: density = [1.999971985002686,1.990231904840004,1.988750862864011,1.98568670828094,1.985471885576237,1.9818698174981,1.980545438920682,1.982127915707358,1.98478819149421,1.977002943175625,1.977407555160502,1.977315609884226,0.008668424936106145,0.01508174389628963,0.018930030611451,0.02008643121356893,0.01740999478643255,0.01566853819074399,0.01598039243163153,0.01676324364635485,0.01408130888951278,0.01287845349420615,0.01735736282386382,0.01592325629476373
 Sample-based diagonalization: carryover bitstrings = [], size = 0
