 Elapsed time for helper construction 0.5033639999999999 (sec) 
 Elapsed time for init 0.015542 (sec) 
 Elapsed time for makeQChamDiagTerms 2.554144 (sec) 
 Davidson iteration 0.0 (tol=0.5333558541433571): -149.445648221553
 Davidson iteration 0.1 (tol=0.2217096785326448): -149.5677690000826 -147.5041541461143
 Davidson iteration 0.2 (tol=0.09313657467375736): -149.5828805371005 -147.9262669981571 -146.6581938888754
 Davidson iteration 0.3 (tol=0.03455938593697096): -149.5856495477097 -148.1543544354968 -147.0305582052127 -146.3567086283835
 Davidson iteration 0.4 (tol=0.01280693942616702): -149.5859871084736 -148.3524198001392 -147.2802652178727 -146.7075768099029
 Davidson iteration 0.5 (tol=0.004455558105876677): -149.5860450613347 -148.6276499571058 -147.4847311235439 -146.9584871773845
 Davidson iteration 0.6 (tol=0.001851460137491603): -149.5860511269331 -148.747391749445 -147.6545562916392 -146.9849555578917
 Davidson iteration 0.7 (tol=0.0006982091744754857): -149.5860521094609 -148.8232212584643 -147.977126543438 -147.1671093922734
 Davidson iteration 1.0 (tol=0.0006982091744618232): -149.5860521094605
 Davidson iteration 1.1 (tol=0.000321020216842048): -149.5860522373582 -146.9453434375767
 Davidson iteration 1.2 (tol=0.0001439339828280477): -149.5860522737137 -148.2741103111735 -145.6299010304863
 Davidson iteration 1.3 (tol=5.739313121634618e-05): -149.5860522808536 -148.779159578009 -146.5555237656612 -145.3086550614711
 Davidson iteration 1.4 (tol=2.269647144505428e-05): -149.5860522817792 -148.9157196063001 -146.5851223434834 -146.3404736589271
 Davidson iteration 1.5 (tol=8.899825033710199e-06): -149.5860522819385 -149.0259109735149 -147.4630639334226 -146.5778588407965
 Elapsed time for davidson 20.444531 (sec) 
 Elapsed time for diagonalization 20.44463 (sec) 
 Elapsed time for mult 0.675244 (sec) 
 Energy = -149.5860522819398
 Elapsed time for measurement 0.03266 (sec) 
 Sample-based diagonalization: Energy = -149.5860522819398
 Sample-based diagonalization: density = [1.999996800047143,1.997835798673837,1.993036533640242,1.993436405391184,1.991068139985099,1.986410808166247,1.994930253517836,1.968272218444721,1.981167292547674,1.983836395044665,1.938735727075902,0.09742962676085413,0.01832007940440824,0.01569093983791508,0.001752396833050206,0.0205813425081641,0.01749924194966561
 Sample-based diagonalization: carryover bitstrings = [], size = 0
