 Elapsed time for helper construction 0.192537 (sec) 
 Elapsed time for init 0.004231 (sec) 
 Elapsed time for makeQChamDiagTerms 0.457404 (sec) 
 Davidson iteration 0.0 (tol=0.5728848527298296): -137.4595214905258
 Davidson iteration 0.1 (tol=0.2858516784002906): -137.5972417639506 -135.5315775375767
 Davidson iteration 0.2 (tol=0.1343910955358335): -137.6229717744105 -136.0495804292662 -134.6340554983246
 Davidson iteration 0.3 (tol=0.06159423574180227): -137.6281668671949 -136.3423704683694 -135.0416311309931 -133.6035938299709
 Davidson iteration 0.4 (tol=0.02766414163655572): -137.6291684661059 -136.556849083746 -135.2250457777329 -134.7764100334729
 Davidson iteration 0.5 (tol=0.01222951081961116): -137.6294111827268 -136.8266646328195 -135.5025730339848 -134.8046939947819
 Davidson iteration 0.6 (tol=0.006507914184588926): -137.6294471533858 -136.9480878461692 -135.7193875824441 -134.820509863817
 Davidson iteration 0.7 (tol=0.002636371744154193): -137.6294575466918 -137.0200738500647 -135.9457131633233 -134.9943810353115
 Davidson iteration 1.0 (tol=0.002636371744158446): -137.6294575466921
 Davidson iteration 1.1 (tol=0.001245531672135294): -137.6294590689193 -134.3851149882724
 Davidson iteration 1.2 (tol=0.0006908217342016569): -137.6294595615875 -136.0427623170141 -133.1752527422441
 Davidson iteration 1.3 (tol=0.0003229399905204219): -137.6294596959013 -136.659082444674 -133.4926644317121 -133.161290565107
 Davidson iteration 1.4 (tol=0.0001446710046468428): -137.6294597228453 -136.90579599628 -134.0193948232517 -133.1838962378861
 Davidson iteration 1.5 (tol=6.716386300360842e-05): -137.6294597279642 -137.0106609468155 -134.8349091979122 -133.6922092544874
 Davidson iteration 1.6 (tol=3.00091817652324e-05): -137.629459729142 -137.0807497010587 -135.6808645746133 -133.702227696603
 Davidson iteration 1.7 (tol=1.188437742423999e-05): -137.6294597293463 -137.1184416686866 -136.1455098024862 -134.2393581166006
 Davidson iteration 2.0 (tol=1.188437749640348e-05): -137.6294597293453
 Davidson iteration 2.1 (tol=6.133554545985589e-06): -137.6294597293762 -135.0158194736576
 Elapsed time for davidson 6.013833 (sec) 
 Elapsed time for diagonalization 6.01384 (sec) 
 Elapsed time for mult 0.211369 (sec) 
 Energy = -137.6294597293758
 Elapsed time for measurement 0.623378 (sec) 
 Sample-based diagonalization: Energy = -137.6294597293758
 Sample-based diagonalization: density = [1.999997300152015,1.994051623618501,1.992925572223751,1.987263637898022,1.986637264113098,1.98124721830823,1.960771795564633,1.978953868960965,1.983860761056986,1.903922103485991,0.134848143317627,0.007090272375543332,0.03043240639402982,0.03366321095625982,0.02433482156794543
 Sample-based diagonalization: carryover bitstrings = [], size = 0
 Elapse time for dumping one-particle rdm = 0.000439
 Elapse time for dumping two-particle rdm = 0.04717499999999999
 Zero-Body energy = 0
 One-Body energy = -227.2165501117501
 Two-Body energy = 89.58709038242985
 One-Body + Two-Body energy = -137.6294597293203
 Zero-Body + One-Body + Two-Body energy = -137.6294597293203
