 Elapsed time for helper construction 1.300165 (sec) 
 Elapsed time for init 0.018429 (sec) 
 Elapsed time for makeQChamDiagTerms 10.594815 (sec) 
 Davidson iteration 0.0 (tol=0.6527693493524571): -152.4038872640028
 Davidson iteration 0.1 (tol=0.2169554650925742): -152.5906173051808 -150.377210065728
 Davidson iteration 0.2 (tol=0.0783448388652364): -152.607165290911 -150.8003777662169 -149.9108339768609
 Davidson iteration 0.3 (tol=0.02331263107478304): -152.6094454125288 -151.0692364709399 -149.9192989270369 -149.883706558519
 Davidson iteration 0.4 (tol=0.009633008507010408): -152.6096733857687 -151.4631595421748 -150.2540530620008 -149.8927941681117
 Davidson iteration 0.5 (tol=0.003789233801909221): -152.6097091970544 -151.7412620883808 -150.5099084490573 -149.949098264377
 Davidson iteration 0.6 (tol=0.001430342810713708): -152.609714844253 -151.8720716431193 -150.7940583945796 -150.0203898906894
 Davidson iteration 0.7 (tol=0.0005869989858981968): -152.6097157120082 -151.9547088985523 -151.2455711412271 -150.3476759173551
 Davidson iteration 1.0 (tol=0.0005869989859056733): -152.6097157120069
 Davidson iteration 1.1 (tol=0.0002587719776587141): -152.6097158392083 -150.6238148295437
 Davidson iteration 1.2 (tol=0.0001452951449847812): -152.6097158817161 -151.9108661729543 -149.850426558462
 Davidson iteration 1.3 (tol=6.256604858303523e-05): -152.6097158904407 -152.1581477361941 -149.8986808785793 -149.6805186594648
 Davidson iteration 1.4 (tol=2.765175064928995e-05): -152.6097158921534 -152.2492834005389 -150.5600282979184 -149.8583083609787
 Davidson iteration 1.5 (tol=1.154033898755273e-05): -152.6097158924983 -152.2959191934768 -151.3093280609887 -149.8674477923966
 Davidson iteration 1.6 (tol=4.411069455701502e-06): -152.6097158925498 -152.3122664899636 -151.5632087313378 -150.1629496394345
 Elapsed time for davidson 52.055887 (sec) 
 Elapsed time for diagonalization 52.056341 (sec) 
 Elapsed time for mult 1.23151 (sec) 
 Energy = -152.6097158925544
 Elapsed time for measurement 0.097817 (sec) 
 Sample-based diagonalization: Energy = -152.6097158925544
 Sample-based diagonalization: density = [1.999990862678333,1.991772809760785,1.990734825791461,1.990358752073643,1.983548217891265,1.983798199116901,1.982783582664724,1.977984078663966,1.983407368952628,1.977801552137022,1.972105008762072,1.985627636782153,1.960068592226887,0.08831156499395448,0.01954048875805929,0.02085149223255568,0.01278432686120604,0.01940257035923027,0.01837488944831619,0.01066895811936538,0.01620846254793894,0.01387575875026177
 Sample-based diagonalization: carryover bitstrings = [], size = 0
