 Elapsed time for helper construction 0.5148199999999999 (sec) 
 Elapsed time for init 0.014983 (sec) 
 Elapsed time for makeQChamDiagTerms 2.462705 (sec) 
 Davidson iteration 0.0 (tol=0.5448132652818491): -147.2828926804042
 Davidson iteration 0.1 (tol=0.2442786758577304): -147.4120461006022 -145.4141666100238
 Davidson iteration 0.2 (tol=0.1106723394415246): -147.4301909866329 -145.8495659836403 -144.5980368106507
 Davidson iteration 0.3 (tol=0.04263797742256683): -147.4339780579549 -146.0275071100401 -144.8439778098698 -144.3148926343885
 Davidson iteration 0.4 (tol=0.01712951952257995): -147.4344636999565 -146.1953580114412 -145.147701755945 -144.6436760923972
 Davidson iteration 0.5 (tol=0.006013758473055453): -147.4345625911211 -146.4848365212238 -145.3515194661442 -144.9399735846044
 Davidson iteration 0.6 (tol=0.002632610911310495): -147.4345737308443 -146.6024565963176 -145.5048346152253 -144.9819413031221
 Davidson iteration 0.7 (tol=0.001096510736776984): -147.4345755182658 -146.6796867965555 -145.7522909875368 -145.0880729760896
 Davidson iteration 1.0 (tol=0.001096510736777984): -147.4345755182672
 Davidson iteration 1.1 (tol=0.0005501342380742553): -147.4345758135316 -144.8116386106016
 Davidson iteration 1.2 (tol=0.0002684237232232529): -147.4345759175307 -146.3828494476504 -142.7213190152209
 Davidson iteration 1.3 (tol=0.0001230153770083873): -147.4345759431945 -146.8114047389372 -144.6130729377402 -141.9272913478186
 Davidson iteration 1.4 (tol=6.303342246553873e-05): -147.4345759478531 -146.9869574667221 -144.7523611473477 -144.5891551235564
 Davidson iteration 1.5 (tol=3.159277301203647e-05): -147.4345759491466 -147.1001643326062 -145.6913647142508 -144.5993841720225
 Davidson iteration 1.6 (tol=1.733706734731631e-05): -147.4345759494845 -147.1636192714516 -146.3027081735992 -144.9461461529256
 Davidson iteration 1.7 (tol=7.716416938290391e-06): -147.4345759495743 -147.1977255171986 -146.5900608287005 -144.9608640852627
 Elapsed time for davidson 23.258302 (sec) 
 Elapsed time for diagonalization 23.258422 (sec) 
 Elapsed time for mult 0.786006 (sec) 
 Energy = -147.4345759495735
 Elapsed time for measurement 0.052158 (sec) 
 Sample-based diagonalization: Energy = -147.4345759495735
 Sample-based diagonalization: density = [1.999997045844289,1.996956797763597,1.992212144107629,1.994040863564859,1.990444853863955,1.985270795190389,1.990196837680178,1.973611602200702,1.97448305055002,1.98406693700938,1.923348630881277,0.1140145614522628,0.01414046737688343,0.02047188707475869,0.005907317840593859,0.02167536284163453,0.01916084459994534
 Sample-based diagonalization: carryover bitstrings = [], size = 0
