Building DAG of jobs...
Using shell: /usr/bin/bash
Provided cores: 1 (use --cores to define parallelism)
Rules claiming more threads will be scaled down.
Job stats:
job                count
---------------  -------
all                    1
process_batches        1
total                  2

Select jobs to execute...
[Wed May 28 15:46:51 2025]
Error in rule process_batches:
    jobid: 1
    input: /mnt/beegfs/merzk/kaliakd/Deploy_Snakemake/srun-snakemake-dice/one_batch_2cpus_per_batch_one_iter/Workflow/solver.py, /mnt/beegfs/merzk/kaliakd/Deploy_Snakemake/srun-snakemake-dice/one_batch_2cpus_per_batch_one_iter/Workflow/batch-0.dat
    output: /mnt/beegfs/merzk/kaliakd/Deploy_Snakemake/srun-snakemake-dice/one_batch_2cpus_per_batch_one_iter/Workflow/output-0.txt
    shell:
        
        srun --job-name=par-solver --ntasks=112 --cpus-per-task=1 --mem 100000 --nodelist=lri081 --partition=merzk --exclusive         python /mnt/beegfs/merzk/kaliakd/Deploy_Snakemake/srun-snakemake-dice/one_batch_2cpus_per_batch_one_iter/Workflow/solver.py /mnt/beegfs/merzk/kaliakd/Deploy_Snakemake/srun-snakemake-dice/one_batch_2cpus_per_batch_one_iter/Workflow/batch-0.dat > /mnt/beegfs/merzk/kaliakd/Deploy_Snakemake/srun-snakemake-dice/one_batch_2cpus_per_batch_one_iter/Workflow/output-0.txt"
        
        (one of the commands exited with non-zero exit code; note that snakemake uses bash strict mode!)

Shutting down, this might take some time.
Exiting because a job execution failed. Look above for error message
Complete log: .snakemake/log/2025-05-28T154651.400087.snakemake.log
