 Elapsed time for helper construction 0.5631969999999999 (sec) 
 Elapsed time for init 0.019438 (sec) 
 Elapsed time for makeQChamDiagTerms 3.240055 (sec) 
 Davidson iteration 0.0 (tol=0.4966017246944338): -88.47040983940319
 Davidson iteration 0.1 (tol=0.1231831141846652): -88.58563653720077 -86.42514920927341
 Davidson iteration 0.2 (tol=0.02452522346480485): -88.59083483558489 -86.70878725402446 -85.65906195478173
 Davidson iteration 0.3 (tol=0.005671395494232573): -88.59102701988158 -86.79034473570947 -86.06842048358854 -85.49633988625939
 Davidson iteration 0.4 (tol=0.001444670395383799): -88.59103776734781 -86.88843133839111 -86.32333894825109 -85.67803721451797
 Davidson iteration 0.5 (tol=0.0003943629565110889): -88.59103844322587 -87.0386104231611 -86.57002202352238 -85.68487803592809
 Davidson iteration 0.6 (tol=9.373871937511527e-05): -88.59103848985396 -87.15876632166692 -86.68289677882457 -85.87408874390688
 Davidson iteration 0.7 (tol=2.229796619194489e-05): -88.59103849240556 -87.209180826989 -86.73794921461962 -86.06244293786516
 Davidson iteration 1.0 (tol=2.229796619227851e-05): -88.5910384924059
 Davidson iteration 1.1 (tol=6.815976062457149e-06): -88.59103849254387 -85.52297078670126
 Elapsed time for davidson 19.095605 (sec) 
 Elapsed time for diagonalization 19.102629 (sec) 
 Elapsed time for mult 0.648025 (sec) 
 Energy = -88.5910384925438
 Elapsed time for measurement 0.051066 (sec) 
 Sample-based diagonalization: Energy = -88.5910384925438
 Sample-based diagonalization: density = [1.999968398848715,1.992471837359453,1.987203019200701,1.988243255813821,1.981505934533278,1.983739041729424,1.979249727002572,1.98430760854931,1.981559070283465,0.01365168381841471,0.01497019214563302,0.01958977948612707,0.01604804820029038,0.01667161496581752,0.01339864881626964,0.01308263668694675,0.01433950237660702
 Sample-based diagonalization: carryover bitstrings = [], size = 0
