 Elapsed time for helper construction 1.23894 (sec) 
 Elapsed time for init 0.047965 (sec) 
 Elapsed time for makeQChamDiagTerms 14.242878 (sec) 
 Davidson iteration 0.0 (tol=0.658621533415125): -141.6318983432373
 Davidson iteration 0.1 (tol=0.1772942151717375): -141.8359250360008 -139.9092256461632
 Davidson iteration 0.2 (tol=0.04921572620412237): -141.8486721200032 -140.0154609900484 -139.7647957919395
 Davidson iteration 0.3 (tol=0.01403311366659969): -141.849706173101 -140.2189444776959 -139.7681266803633 -139.6056315271279
 Davidson iteration 0.4 (tol=0.005046754581775213): -141.8498101120872 -140.7835663957367 -139.8162528566069 -139.6136011897099
 Davidson iteration 0.5 (tol=0.001615025620328945): -141.8498227412552 -141.0126772832069 -140.0137909978652 -139.8044595510121
 Davidson iteration 0.6 (tol=0.0005528599353219592): -141.8498241172517 -141.1618394836575 -140.285309810012 -140.0071524277482
 Davidson iteration 0.7 (tol=0.0002275526934911644): -141.8498243036809 -141.3104252879145 -140.7091105548415 -140.0749714322031
 Davidson iteration 1.0 (tol=0.000227552693499966): -141.8498243036829
 Davidson iteration 1.1 (tol=8.630512734142477e-05): -141.8498243270006 -140.1887335867446
 Davidson iteration 1.2 (tol=4.199640779541024e-05): -141.8498243329375 -141.137048200984 -139.7686037931979
 Davidson iteration 1.3 (tol=1.449673011690496e-05): -141.8498243338005 -141.3595778756528 -139.8563714872777 -139.4642181701234
 Davidson iteration 1.4 (tol=4.754399703963178e-06): -141.8498243339043 -141.411074040735 -140.0318500603922 -139.8333244392119
 Elapsed time for davidson 53.723622 (sec) 
 Elapsed time for diagonalization 53.72686299999999 (sec) 
 Elapsed time for mult 1.315302 (sec) 
 Energy = -141.8498243339007
 Elapsed time for measurement 0.126994 (sec) 
 Sample-based diagonalization: Energy = -141.8498243339007
 Sample-based diagonalization: density = [1.999977441178906,1.992077792088647,1.992294999684291,1.988340953551713,1.986976619807638,1.984375443359035,1.981117166041813,1.987011127338468,1.977637695989603,1.98353101394593,1.982420998233963,1.961211217084163,1.942038045200678,0.04610410603712406,0.0466013076648958,0.04203298771721586,0.01580936979972395,0.01381317302836244,0.01348756075883601,0.0148286476681206,0.008886591195243237,0.007966301675411826,0.01179202059940652,0.008937810613457988,0.01072960940333034
 Sample-based diagonalization: carryover bitstrings = [], size = 0
