 Elapsed time for helper construction 0.6649229999999999 (sec) 
 Elapsed time for init 0.003664 (sec) 
 Elapsed time for makeQChamDiagTerms 2.127901 (sec) 
 Davidson iteration 0.0 (tol=0.5421983592946304): -153.4171429602802
 Davidson iteration 0.1 (tol=0.2291325054318926): -153.5376209785193 -151.3345571593347
 Davidson iteration 0.2 (tol=0.09939347617133054): -153.5525997087749 -151.8079817571106 -150.3200132818714
 Davidson iteration 0.3 (tol=0.03687956540838973): -153.5554629977125 -152.0853227621888 -150.7813503878881 -149.9146475242071
 Davidson iteration 0.4 (tol=0.01447936045449055): -153.5558092415038 -152.2875107216222 -151.1071662370956 -150.2867857736873
 Davidson iteration 0.5 (tol=0.005540419277534073): -153.5558735572476 -152.5690115076975 -151.4305284113632 -150.5066036484509
 Davidson iteration 0.6 (tol=0.002566521088780711): -153.5558819694478 -152.7182470113682 -151.630253217755 -150.568595576869
 Davidson iteration 0.7 (tol=0.001038331126238959): -153.5558838708055 -152.8664141039798 -151.974316622009 -150.9558903850601
 Davidson iteration 1.0 (tol=0.001038331126240577): -153.5558838708044
 Davidson iteration 1.1 (tol=0.0005065648051507136): -153.555884144721 -151.0846522199794
 Davidson iteration 1.2 (tol=0.0002539817821877732): -153.5558842360651 -152.4229031763553 -149.0658018214807
 Davidson iteration 1.3 (tol=0.000105606387066216): -153.5558842567563 -152.8899856649751 -150.1927843827478 -148.7971358634173
 Davidson iteration 1.4 (tol=4.338860596514086e-05): -153.5558842596631 -153.0220922509559 -150.3185597089224 -150.1453091467724
 Davidson iteration 1.5 (tol=1.708609373748833e-05): -153.555884260197 -153.0580062328899 -151.1635746836484 -150.1919979939444
 Davidson iteration 1.6 (tol=7.113164516241528e-06): -153.5558842602824 -153.1000367737086 -151.7834802926534 -150.5787682186374
 Elapsed time for davidson 16.362254 (sec) 
 Elapsed time for diagonalization 16.362365 (sec) 
 Elapsed time for mult 0.543909 (sec) 
 Energy = -153.5558842602835
 Elapsed time for measurement 0.027513 (sec) 
 Sample-based diagonalization: Energy = -153.5558842602835
 Sample-based diagonalization: density = [1.999996456333011,1.999049333628123,1.992826582003438,1.988377451992728,1.989188809666529,1.990402220038542,1.983921258566648,1.983383427702101,1.976200480183704,1.980927438819152,1.953570676199739,0.08678974748705164,0.01610794783965155,0.01627810503610871,0.00233336171685082,0.02383067656263456,0.01681602609180579
 Sample-based diagonalization: carryover bitstrings = [], size = 0
