 Elapsed time for helper construction 1.007877 (sec) 
 Elapsed time for init 0.011073 (sec) 
 Elapsed time for makeQChamDiagTerms 9.334621 (sec) 
 Davidson iteration 0.0 (tol=0.6778982338725743): -155.3997088811452
 Davidson iteration 0.1 (tol=0.241058883181937): -155.5925760685141 -153.3853693321754
 Davidson iteration 0.2 (tol=0.08114829628034233): -155.6114841342357 -153.6651776418798 -152.9482051400719
 Davidson iteration 0.3 (tol=0.0237575390647999): -155.6137738958955 -153.8278486825935 -153.1582520955302 -152.919602101101
 Davidson iteration 0.4 (tol=0.009308362092107387): -155.6139993034008 -154.2398591232462 -153.198547074405 -153.1255415457842
 Davidson iteration 0.5 (tol=0.003392678844584821): -155.6140410607785 -154.7205623056856 -153.3731190730027 -153.1261527576669
 Davidson iteration 0.6 (tol=0.001205684776686773): -155.6140455848255 -154.8720776840847 -153.5815305728356 -153.2785834547942
 Davidson iteration 0.7 (tol=0.000421127319510573): -155.6140461550192 -154.9306224666629 -154.0357380942347 -153.4972047584005
 Davidson iteration 1.0 (tol=0.0004211273195064268): -155.6140461550193
 Davidson iteration 1.1 (tol=0.0001727756252316212): -155.6140462230996 -153.8659539617571
 Davidson iteration 1.2 (tol=7.779797126907526e-05): -155.6140462392597 -154.712247944196 -153.3069013130071
 Davidson iteration 1.3 (tol=2.778580534685837e-05): -155.614046241714 -155.0068504059211 -153.3136251521751 -152.9151460906639
 Davidson iteration 1.4 (tol=1.287662804649826e-05): -155.614046242082 -155.1521230338963 -153.7677413304127 -153.3130802949949
 Davidson iteration 1.5 (tol=5.31774535066068e-06): -155.6140462421554 -155.2329192483668 -154.3083101073817 -153.3344151918679
 Elapsed time for davidson 41.268802 (sec) 
 Elapsed time for diagonalization 41.26901 (sec) 
 Elapsed time for mult 1.047178 (sec) 
 Energy = -155.614046242155
 Elapsed time for measurement 0.08242099999999999 (sec) 
 Sample-based diagonalization: Energy = -155.614046242155
 Sample-based diagonalization: density = [1.999975701690451,1.993578284155567,1.994272071557692,1.990834660974302,1.986235899045164,1.987322311130336,1.984637617595956,1.979950734813041,1.981669405593591,1.980925865539966,1.975356603041394,1.986578348395676,1.940519189507579,0.08705635791600086,0.01583674851068793,0.01541188877659447,0.01609610948775041,0.006935376792792393,0.01583142978575772,0.01446707213427525,0.01466241482264858,0.01508668390091954,0.01675922451595216
 Sample-based diagonalization: carryover bitstrings = [], size = 0
