 Elapsed time for helper construction 1.130107 (sec) 
 Elapsed time for init 0.019601 (sec) 
 Elapsed time for makeQChamDiagTerms 17.977977 (sec) 
 Davidson iteration 0.0 (tol=0.4575945979062231): -180.9905883966477
 Davidson iteration 0.1 (tol=0.077237362063019): -181.1095330675933 -179.6345403782131
 Davidson iteration 0.2 (tol=0.01795218676124586): -181.1131983457184 -179.8322686730675 -179.6190158196253
 Davidson iteration 0.3 (tol=0.005442330082411422): -181.113419382102 -180.1570232519445 -179.6700431994771 -179.4169365731291
 Davidson iteration 0.4 (tol=0.001659468682348896): -181.1134411992521 -180.4359255296019 -179.6817482416594 -179.5046265374501
 Davidson iteration 0.5 (tol=0.0004515704826911671): -181.1134429955573 -180.5581925516431 -179.7159710951823 -179.619220146898
 Davidson iteration 0.6 (tol=0.000127801737008589): -181.1134431350867 -180.6138888417569 -180.032565384508 -179.7112417081487
 Davidson iteration 0.7 (tol=3.504196630740088e-05): -181.1134431463855 -180.6393034888211 -180.3230883608132 -179.71289733036
 Davidson iteration 1.0 (tol=3.504196630449511e-05): -181.1134431463828
 Davidson iteration 1.1 (tol=1.141804952586558e-05): -181.1134431471773 -180.0411449627087
 Davidson iteration 1.2 (tol=3.954417537519548e-06): -181.1134431472971 -180.5156957168957 -179.5526138474382
 Elapsed time for davidson 41.238644 (sec) 
 Elapsed time for diagonalization 41.238829 (sec) 
 Elapsed time for mult 0.7227129999999999 (sec) 
 Energy = -181.1134431473005
 Elapsed time for measurement 0.135931 (sec) 
 Sample-based diagonalization: Energy = -181.1134431473005
 Sample-based diagonalization: density = [1.999989329331194,1.998248274955309,1.994859088230623,1.99436896893168,1.99585248336906,1.993552580240622,1.994112913645807,1.994901039829939,1.994259563195536,1.996154667996559,1.994004244596201,1.989107813988735,1.997268115385469,1.973127264903753,1.928510451150149,1.988320185388366,0.05624236017669607,0.03405171245368939,0.03099879084604457,0.004362431465801473,0.008518080660418138,0.002922694684115548,0.01047107353128948,0.006249655025227192,0.002218600191428254,0.006341805620866947,0.004077071308998563,0.003543356635062228,0.003365382169850015
 Sample-based diagonalization: carryover bitstrings = [], size = 0
