 Elapsed time for helper construction 1.271214 (sec) 
 Elapsed time for init 0.01884 (sec) 
 Elapsed time for makeQChamDiagTerms 14.998686 (sec) 
 Davidson iteration 0.0 (tol=0.6182740931677863): -151.5967512526693
 Davidson iteration 0.1 (tol=0.1428964548421712): -151.768920671788 -149.6563379937435
 Davidson iteration 0.2 (tol=0.03774156242236533): -151.7770656853975 -149.9801376695011 -149.5702202063332
 Davidson iteration 0.3 (tol=0.01031665756001302): -151.7776587977694 -150.114586795045 -149.7949207489153 -149.5697646384635
 Davidson iteration 0.4 (tol=0.003310111737825356): -151.7777152873887 -150.6823398641003 -149.8404099595891 -149.6231574524616
 Davidson iteration 0.5 (tol=0.0012125766169889): -151.7777212523785 -151.0805850884885 -149.910447614007 -149.7142146855119
 Davidson iteration 0.6 (tol=0.0003716071597793663): -151.777721945782 -151.18071028357 -150.2007782562388 -149.7481354791839
 Davidson iteration 0.7 (tol=0.0001282236786218855): -151.7777220122616 -151.2401724785484 -150.5011952166378 -150.0203052884687
 Davidson iteration 1.0 (tol=0.0001282236786201907): -151.7777220122641
 Davidson iteration 1.1 (tol=5.691903062411513e-05): -151.7777220203715 -150.4333862506832
 Davidson iteration 1.2 (tol=3.038328113237203e-05): -151.7777220231813 -151.3115969994025 -149.3653343110064
 Davidson iteration 1.3 (tol=9.535111704285352e-06): -151.7777220235848 -151.4363228866561 -149.4650288603337 -149.0995884196914
 Elapsed time for davidson 48.696579 (sec) 
 Elapsed time for diagonalization 48.696937 (sec) 
 Elapsed time for mult 1.084362 (sec) 
 Energy = -151.7777220235847
 Elapsed time for measurement 0.130186 (sec) 
 Sample-based diagonalization: Energy = -151.7777220235847
 Sample-based diagonalization: density = [1.999973761910078,1.995623781985928,1.992047772078516,1.988887658651092,1.987294719633118,1.989091852819926,1.985290882867283,1.984835579292062,1.991945251010536,1.981695874470905,1.956014764644837,1.99239417574974,1.988759282888727,1.987134447801433,0.05101306341902481,0.01066739472539202,0.01879746243421318,0.01778066602942189,0.009134342190996077,0.01587755922150105,0.009479628156344667,0.009249981290160744,0.01290976028469176,0.01052479714607488,0.0135755389283161
 Sample-based diagonalization: carryover bitstrings = [], size = 0
