 Elapsed time for helper construction 0.859273 (sec) 
 Elapsed time for init 0.020941 (sec) 
 Elapsed time for makeQChamDiagTerms 4.74542 (sec) 
 Davidson iteration 0.0 (tol=0.5507014282549254): -146.4595126114473
 Davidson iteration 0.1 (tol=0.2215251101722482): -146.5871200677406 -144.5085741867224
 Davidson iteration 0.2 (tol=0.08765131422750416): -146.6030112330133 -144.9724030338577 -143.969439014374
 Davidson iteration 0.3 (tol=0.03061445495889231): -146.6055920429463 -145.1571784356761 -144.1044808702968 -143.905161564757
 Davidson iteration 0.4 (tol=0.01218831953298754): -146.6059060106877 -145.3876215105755 -144.3650940088382 -143.9993065537145
 Davidson iteration 0.5 (tol=0.004650651207898513): -146.6059690805116 -145.7769203674839 -144.5330393091944 -144.2358138573306
 Davidson iteration 0.6 (tol=0.001989449683327507): -146.6059764524687 -145.9146666628445 -144.7323704698826 -144.2358635352179
 Davidson iteration 0.7 (tol=0.0007337128281009595): -146.6059777003854 -145.9782479984735 -145.074832825814 -144.3900398609021
 Davidson iteration 1.0 (tol=0.0007337128281019921): -146.6059777003843
 Davidson iteration 1.1 (tol=0.000348393535169483): -146.6059778689319 -144.7431904849616
 Davidson iteration 1.2 (tol=0.0001726197452809413): -146.6059779198104 -145.7199790926467 -142.9512891819133
 Davidson iteration 1.3 (tol=7.234101734359102e-05): -146.605977931947 -146.1134480787194 -143.8540906875544 -142.6483099362283
 Davidson iteration 1.4 (tol=3.508397848073707e-05): -146.6059779339564 -146.2475243867904 -144.3900020464909 -143.7941137466239
 Davidson iteration 1.5 (tol=1.493986373300934e-05): -146.6059779344076 -146.3032259771251 -145.1320380461422 -143.7941152245038
 Davidson iteration 1.6 (tol=6.236202659109984e-06): -146.6059779344908 -146.3413396314385 -145.5144843768047 -144.1931840533285
 Elapsed time for davidson 32.59816199999999 (sec) 
 Elapsed time for diagonalization 32.598338 (sec) 
 Elapsed time for mult 0.751046 (sec) 
 Energy = -146.6059779344912
 Elapsed time for measurement 0.051042 (sec) 
 Sample-based diagonalization: Energy = -146.6059779344912
 Sample-based diagonalization: density = [1.999996760904473,1.997517295606684,1.992614161651532,1.990998663308521,1.989295220239633,1.988766036003703,1.993037677710193,1.978583384914502,1.96691635143108,1.985805839985153,1.942569516574116,0.09599636195678199,0.009102996594319464,0.01062513002222042,0.01520980014677333,0.005177526605566671,0.003400472682233103,0.01709054538722939,0.01729625804989592
 Sample-based diagonalization: carryover bitstrings = [], size = 0
