 Elapsed time for helper construction 2.242933 (sec) 
 Elapsed time for init 0.025181 (sec) 
 Elapsed time for makeQChamDiagTerms 13.532764 (sec) 
 Davidson iteration 0.0 (tol=0.6412755889658754): -123.8659757654799
 Davidson iteration 0.1 (tol=0.2459057572339796): -124.0469501063743 -121.68693450543
 Davidson iteration 0.2 (tol=0.06241053945670498): -124.0666953801842 -122.2139972755575 -120.5860587848318
 Davidson iteration 0.3 (tol=0.01872082959844602): -124.0677987590691 -122.3107951375697 -121.0640757693304 -120.4980102462326
 Davidson iteration 0.4 (tol=0.005859932849636628): -124.067910611878 -122.4423946780262 -121.5874624916982 -120.8414707905432
 Davidson iteration 0.5 (tol=0.002091125841747587): -124.0679212997176 -122.58340606347 -121.935815681094 -120.8489637957955
 Davidson iteration 0.6 (tol=0.0007101941286976803): -124.0679227206277 -122.7144317729476 -122.1746913909353 -121.3369690516675
 Davidson iteration 0.7 (tol=0.0002349641564493567): -124.0679228779821 -122.8106428742837 -122.3338092262313 -121.6071121928022
 Davidson iteration 1.0 (tol=0.0002349641564489489): -124.0679228779822
 Davidson iteration 1.1 (tol=9.306841479571303e-05): -124.067922892605 -120.9186930063489
 Davidson iteration 1.2 (tol=3.769464064620436e-05): -124.0679228958 -122.4451216973236 -119.7190554272192
 Davidson iteration 1.3 (tol=1.404847347027644e-05): -124.0679228962573 -122.9344657759573 -120.7295832853956 -119.2398764764396
 Davidson iteration 1.4 (tol=4.716767928691992e-06): -124.0679228963176 -123.1253101723322 -121.1616773168461 -120.4913125756098
 Elapsed time for davidson 120.13845 (sec) 
 Elapsed time for diagonalization 120.138584 (sec) 
 Elapsed time for mult 6.285234 (sec) 
 Energy = -124.0679228963178
 Elapsed time for measurement 23.598789 (sec) 
 Sample-based diagonalization: Energy = -124.0679228963178
 Sample-based diagonalization: density = [1.999964370403103,1.988159551654683,1.98837047173091,1.983965309985222,1.979402106928379,1.97966502059939,1.978348615401105,1.977814593226409,1.976259080991645,1.97342264444394,1.974957534467024,1.988702732359959,0.005576125034623933,0.007757490508571468,0.01982016495954814,0.02060572821447669,0.02161933316331408,0.01868915656860563,0.01914555810349117,0.02000408583244833,0.01903303637618893,0.019660595775026,0.01950280864012958,0.01955388458729555
 Sample-based diagonalization: carryover bitstrings = [], size = 0
 Elapse time for dumping one-particle rdm = 0.001093
 Elapse time for dumping two-particle rdm = 0.294775
 Zero-Body energy = 0
 One-Body energy = -210.8629348887629
 Two-Body energy = 86.79501199267781
 One-Body + Two-Body energy = -124.0679228960851
 Zero-Body + One-Body + Two-Body energy = -124.0679228960851
