 Elapsed time for helper construction 1.074652 (sec) 
 Elapsed time for init 0.012951 (sec) 
 Elapsed time for makeQChamDiagTerms 10.971486 (sec) 
 Davidson iteration 0.0 (tol=0.6688473544234047): -155.3981858681328
 Davidson iteration 0.1 (tol=0.1948848838556224): -155.5896834513563 -153.4066105555887
 Davidson iteration 0.2 (tol=0.0583041765770235): -155.6032453804005 -153.6831038623977 -153.1954550863323
 Davidson iteration 0.3 (tol=0.01440532331225937): -155.6044961132645 -153.7665912251524 -153.3677081468234 -153.15718677814
 Davidson iteration 0.4 (tol=0.005059266368185298): -155.6045816240614 -154.2157852252145 -153.4225985297566 -153.2415470685193
 Davidson iteration 0.5 (tol=0.001611206238768296): -155.6045927390809 -154.5130834932125 -153.5682587708345 -153.3731935757513
 Davidson iteration 0.6 (tol=0.0004571908806200127): -155.6045937568716 -154.6530687847575 -153.6430989148706 -153.5060265485634
 Davidson iteration 0.7 (tol=0.00014797611001116): -155.6045938372378 -154.7394259100922 -153.9146327169149 -153.6301339530871
 Davidson iteration 1.0 (tol=0.0001479761100129619): -155.6045938372397
 Davidson iteration 1.1 (tol=5.125149374275808e-05): -155.6045938448522 -153.4251541606446
 Davidson iteration 1.2 (tol=2.015043387811872e-05): -155.6045938464269 -154.5733676855409 -153.2482338659768
 Davidson iteration 1.3 (tol=6.132594379924313e-06): -155.6045938465834 -154.8444463456021 -153.3312697232016 -152.8181222800449
 Elapsed time for davidson 37.28206 (sec) 
 Elapsed time for diagonalization 37.282227 (sec) 
 Elapsed time for mult 0.9519139999999999 (sec) 
 Energy = -155.6045938465809
 Elapsed time for measurement 0.102481 (sec) 
 Sample-based diagonalization: Energy = -155.6045938465809
 Sample-based diagonalization: density = [1.999977443606263,1.994074066961775,1.993614842601932,1.989947084725815,1.988478135876684,1.985803212634643,1.984373582245699,1.981340489004647,1.980975691666397,1.983611793690026,1.9749442701323,1.989965588921604,1.949689364527715,0.07677595231941854,0.01532017654873435,0.01718072506032732,0.0142171140528623,0.007386710401604752,0.01442213316274916,0.01574809114929464,0.01463390899718127,0.01205807158947175,0.01546154982119021
 Sample-based diagonalization: carryover bitstrings = [], size = 0
