 Elapsed time for helper construction 1.285171 (sec) 
 Elapsed time for init 0.019464 (sec) 
 Elapsed time for makeQChamDiagTerms 11.277418 (sec) 
 Davidson iteration 0.0 (tol=0.6508838057599073): -126.877017273905
 Davidson iteration 0.1 (tol=0.1432778167044552): -127.0691026039045 -124.7633644787779
 Davidson iteration 0.2 (tol=0.02500694547029981): -127.0760860317711 -125.0107979320095 -124.149213003678
 Davidson iteration 0.3 (tol=0.006296116337136905): -127.0763027942702 -125.1331556432388 -124.5442321165565 -124.0594331626892
 Davidson iteration 0.4 (tol=0.001708253605990763): -127.0763174481674 -125.3420539689894 -124.778994359205 -124.2186751245388
 Davidson iteration 0.5 (tol=0.0004217100511011653): -127.0763184357476 -125.5375421901701 -124.9187574253983 -124.2187866468888
 Davidson iteration 0.6 (tol=0.0001008832158345824): -127.0763184924915 -125.6296145662521 -125.0199213009159 -124.4247121540918
 Davidson iteration 0.7 (tol=2.527517834905965e-05): -127.0763184957428 -125.6624548378093 -125.1077091752678 -124.5964061024665
 Davidson iteration 1.0 (tol=2.527517834968989e-05): -127.0763184957434
 Davidson iteration 1.1 (tol=8.211373335914963e-06): -127.0763184959388 -124.1957400535388
 Elapsed time for davidson 40.611647 (sec) 
 Elapsed time for diagonalization 40.611981 (sec) 
 Elapsed time for mult 1.400102 (sec) 
 Energy = -127.0763184959387
 Elapsed time for measurement 0.103358 (sec) 
 Sample-based diagonalization: Energy = -127.0763184959387
 Sample-based diagonalization: density = [1.999971352141914,1.99099893574102,1.989240104958366,1.986478854924289,1.987232724519601,1.983193834833244,1.981135048613372,1.981836906800413,1.982970382966597,1.977145615368398,1.977432011850798,1.978265488152268,0.01836021938840863,0.01782580908425167,0.01243578680078107,0.01662137955810575,0.01530086097207144,0.01628051085718427,0.01656130148092433,0.01363378482927554,0.01398225043765346,0.01417700978915697,0.01455803049593833,0.01436179508419376
 Sample-based diagonalization: carryover bitstrings = [], size = 0
