 Elapsed time for helper construction 1.228593 (sec) 
 Elapsed time for init 0.043747 (sec) 
 Elapsed time for makeQChamDiagTerms 16.050604 (sec) 
 Davidson iteration 0.0 (tol=0.622253420715279): -151.2815099483943
 Davidson iteration 0.1 (tol=0.1388790028724942): -151.4857056995538 -149.8362384974999
 Davidson iteration 0.2 (tol=0.03380038966534816): -151.4959444761815 -149.9963324854535 -149.8299971016415
 Davidson iteration 0.3 (tol=0.009387247364819384): -151.4965525961067 -150.2404062232568 -149.8733410916582 -149.5208445101011
 Davidson iteration 0.4 (tol=0.00268907437700705): -151.496605010853 -150.5024287480207 -149.9574612101737 -149.60906430625
 Davidson iteration 0.5 (tol=0.0007048619824870638): -151.49660892726 -150.7221471433884 -149.9611661407692 -149.6537763936321
 Davidson iteration 0.6 (tol=0.0001906416880113751): -151.4966091763676 -150.7825354470459 -149.9792396254464 -149.8147546010447
 Davidson iteration 0.7 (tol=4.431836439603484e-05): -151.4966091946545 -150.808150944685 -150.0935554762991 -149.9556882076098
 Davidson iteration 1.0 (tol=4.431836439410755e-05): -151.4966091946543
 Davidson iteration 1.1 (tol=1.478935887211456e-05): -151.4966091956514 -150.1465056064826
 Davidson iteration 1.2 (tol=5.92057844368062e-06): -151.4966091958192 -150.7391284845177 -149.772130746839
 Elapsed time for davidson 47.24122 (sec) 
 Elapsed time for diagonalization 47.24148 (sec) 
 Elapsed time for mult 1.253998 (sec) 
 Energy = -151.4966091958223
 Elapsed time for measurement 0.12958 (sec) 
 Sample-based diagonalization: Energy = -151.4966091958223
 Sample-based diagonalization: density = [1.999977259312198,1.997204954312863,1.992050785671789,1.991556152808332,1.991063853131677,1.991388801501538,1.990959686892504,1.986873289399668,1.989151045042539,1.987921151720698,1.967265508500007,1.985100078504734,1.930208447768424,1.929375408110098,0.07464837857333176,0.06736840645610012,0.03429053836276773,0.01040018333069291,0.01043626879059928,0.005559490168390007,0.01297008859446583,0.01223582635343645,0.0117590322420651,0.007480277093318973,0.00930266910353738,0.00570580885329629,0.007746609149418718
 Sample-based diagonalization: carryover bitstrings = [], size = 0
