 Elapsed time for helper construction 1.10171 (sec) 
 Elapsed time for init 0.012553 (sec) 
 Elapsed time for makeQChamDiagTerms 10.738548 (sec) 
 Davidson iteration 0.0 (tol=0.6028555070289248): -159.4266327846999
 Davidson iteration 0.1 (tol=0.1429999450966143): -159.5856907304042 -157.3755515238135
 Davidson iteration 0.2 (tol=0.03958428483630775): -159.5939331467406 -157.9368500344429 -157.3138971308041
 Davidson iteration 0.3 (tol=0.01007882352906059): -159.594554516288 -158.0123012224857 -157.5017242263691 -157.2576329032371
 Davidson iteration 0.4 (tol=0.003942493565224521): -159.5946098848589 -158.6181416865563 -157.6869931626983 -157.4648796597054
 Davidson iteration 0.5 (tol=0.001149887008298653): -159.5946178094084 -158.8908046754604 -157.7914072377928 -157.4892946611488
 Davidson iteration 0.6 (tol=0.0003835036586491825): -159.5946185561747 -159.0647841207469 -158.2897490306212 -157.5258139877454
 Davidson iteration 0.7 (tol=0.0001130102645806029): -159.5946186266173 -159.1341860271566 -158.512978419672 -157.6787724805426
 Davidson iteration 1.0 (tol=0.0001130102645891732): -159.5946186266173
 Davidson iteration 1.1 (tol=3.385591658542215e-05): -159.5946186314905 -157.6860964365909
 Davidson iteration 1.2 (tol=1.132384167222001e-05): -159.5946186321618 -158.5639181324026 -157.243718596122
 Davidson iteration 1.3 (tol=3.510316683643297e-06): -159.594618632219 -158.9425837632687 -157.4087108010746 -156.9571865160281
 Elapsed time for davidson 36.72665 (sec) 
 Elapsed time for diagonalization 36.72802799999999 (sec) 
 Elapsed time for mult 0.8494079999999999 (sec) 
 Energy = -159.5946186322201
 Elapsed time for measurement 0.094194 (sec) 
 Sample-based diagonalization: Energy = -159.5946186322201
 Sample-based diagonalization: density = [1.999988831212679,1.994013090706021,1.990302427855556,1.98996855066603,1.987137737589828,1.990571377601599,1.986946687012512,1.982799826560863,1.978596897820087,1.985219974536592,1.985314323151668,1.989770718299548,1.978343189017818,0.04454259798900066,0.01987403610970354,0.01064043629862228,0.01367763990097647,0.0134001474178557,0.01537050911078907,0.01116694363032918,0.01039495482568729,0.01271991867520206,0.009239183747988331
 Sample-based diagonalization: carryover bitstrings = [], size = 0
