 Elapsed time for helper construction 1.516614 (sec) 
 Elapsed time for init 0.019782 (sec) 
 Elapsed time for makeQChamDiagTerms 13.681967 (sec) 
 Davidson iteration 0.0 (tol=0.6640932090457471): -165.735188566932
 Davidson iteration 0.1 (tol=0.2614428054377499): -165.9186536641811 -163.6932579961683
 Davidson iteration 0.2 (tol=0.1007634249757857): -165.9402270515563 -164.0934967007231 -163.0752873560064
 Davidson iteration 0.3 (tol=0.03444692588709238): -165.9435041792606 -164.3657786598972 -163.0955834990127 -162.8640240422756
 Davidson iteration 0.4 (tol=0.01548381535211877): -165.9439071394184 -164.7331640953922 -163.3964521145251 -163.0710685899227
 Davidson iteration 0.5 (tol=0.006316394040710575): -165.9440046618984 -165.1492000084307 -163.7777840520838 -163.19607668335
 Davidson iteration 0.6 (tol=0.0027645860874171): -165.9440187129943 -165.2876285544419 -164.0074140736701 -163.2375885211657
 Davidson iteration 0.7 (tol=0.001131478984828583): -165.9440212484304 -165.33886106964 -164.2570524180428 -163.5657307727181
 Davidson iteration 1.0 (tol=0.001131478984833692): -165.9440212484302
 Davidson iteration 1.1 (tol=0.0005524333363193639): -165.944021620867 -163.2607743040616
 Davidson iteration 1.2 (tol=0.000269901978566969): -165.9440217399276 -164.6779770843231 -161.3102484553592
 Davidson iteration 1.3 (tol=0.0001101277910480605): -165.9440217650653 -165.0786788218702 -162.743281896921 -160.8805388327712
 Davidson iteration 1.4 (tol=4.682667744201216e-05): -165.9440217690037 -165.2458558294522 -163.2745798492792 -162.6111044705108
 Davidson iteration 1.5 (tol=2.292852103663665e-05): -165.9440217699338 -165.3944950591717 -164.4551739952361 -162.7926549303881
 Davidson iteration 1.6 (tol=1.130510980794464e-05): -165.9440217701368 -165.4910870411835 -164.8298505091473 -163.2494646716495
 Davidson iteration 1.7 (tol=5.304508562590706e-06): -165.9440217701903 -165.5653885359769 -165.0356848251321 -163.6662911238182
 Elapsed time for davidson 71.94663899999999 (sec) 
 Elapsed time for diagonalization 71.94678399999999 (sec) 
 Elapsed time for mult 2.021986 (sec) 
 Energy = -165.9440217701909
 Elapsed time for measurement 0.119677 (sec) 
 Sample-based diagonalization: Energy = -165.9440217701909
 Sample-based diagonalization: density = [1.999988594996484,1.992966507656767,1.991160791908762,1.989428353352787,1.991312123260575,1.982797478448269,1.980253644946754,1.980516667358386,1.986522285026859,1.966035974233414,1.996035217847349,1.983541080707363,1.990833452466793,1.936432505841251,0.1014264182333065,0.02023506256911953,0.01868297709491882,0.01212660269721063,0.01660495883448425,0.01531312218265845,0.01350163668814943,0.01939151391889173,0.01489302920870885
 Sample-based diagonalization: carryover bitstrings = [], size = 0
