 Elapsed time for helper construction 0.414473 (sec) 
 Elapsed time for init 0.003927 (sec) 
 Elapsed time for makeQChamDiagTerms 1.816472 (sec) 
 Davidson iteration 0.0 (tol=0.5407296438440823): -153.8751579478551
 Davidson iteration 0.1 (tol=0.2274550918931156): -153.9952685983521 -151.7978115923501
 Davidson iteration 0.2 (tol=0.09824514496345776): -154.0099769162964 -152.2680932061188 -150.7778993837028
 Davidson iteration 0.3 (tol=0.03604531355057592): -154.0127725532099 -152.5346607466412 -151.2237264053851 -150.3883031447096
 Davidson iteration 0.4 (tol=0.01398113214613203): -154.0131027463847 -152.7305799076552 -151.5564173444398 -150.7399935185946
 Davidson iteration 0.5 (tol=0.005240839642346013): -154.0131616246485 -153.0002481671037 -151.8723555740259 -150.9792794244328
 Davidson iteration 0.6 (tol=0.002379842450804489): -154.0131692402169 -153.1490127408165 -152.0720373573187 -151.0327699698687
 Davidson iteration 0.7 (tol=0.0009641202578108471): -154.0131708888373 -153.3034255581974 -152.4260025078862 -151.4189241258972
 Davidson iteration 1.0 (tol=0.0009641202578138079): -154.0131708888381
 Davidson iteration 1.1 (tol=0.0004737885351679265): -154.0131711245065 -151.4447138183817
 Davidson iteration 1.2 (tol=0.0002357980516373684): -154.0131712021414 -152.8854624902507 -149.3165325971634
 Davidson iteration 1.3 (tol=9.835426873979372e-05): -154.0131712197338 -153.3548777228435 -150.7471208367662 -148.810467915043
 Davidson iteration 1.4 (tol=3.985426243107519e-05): -154.0131712221727 -153.4709682471223 -150.7568581024257 -150.5655430135817
 Davidson iteration 1.5 (tol=1.559542777228393e-05): -154.0131712225874 -153.507693981887 -151.5659799108466 -150.7474009503287
 Davidson iteration 1.6 (tol=6.464044094465137e-06): -154.0131712226541 -153.5477447389464 -152.1920120900791 -151.126352159334
 Elapsed time for davidson 16.384355 (sec) 
 Elapsed time for diagonalization 16.38443 (sec) 
 Elapsed time for mult 0.575253 (sec) 
 Energy = -154.0131712226542
 Elapsed time for measurement 0.023769 (sec) 
 Sample-based diagonalization: Energy = -154.0131712226542
 Sample-based diagonalization: density = [1.999996337798723,1.999235423972118,1.992829522039956,1.988546911845206,1.989531507054182,1.990077116652827,1.980300069678244,1.984433323067259,1.978794782906824,1.981122624664861,1.954004437795979,0.08568932164428217,0.01629138415433119,0.01602193485728193,0.002493485282663299,0.02379499855312678,0.01683681792583035
 Sample-based diagonalization: carryover bitstrings = [], size = 0
