 Elapsed time for helper construction 1.294083 (sec) 
 Elapsed time for init 0.044317 (sec) 
 Elapsed time for makeQChamDiagTerms 14.987273 (sec) 
 Davidson iteration 0.0 (tol=0.6343612555242238): -178.8337707786871
 Davidson iteration 0.1 (tol=0.1650879047353793): -179.0224396558275 -177.0967656023478
 Davidson iteration 0.2 (tol=0.04465432131291128): -179.0337435737234 -177.2344025391627 -176.9931401661376
 Davidson iteration 0.3 (tol=0.01184235107219249): -179.0346530182704 -177.4529900328359 -177.0370205670326 -176.8359130422099
 Davidson iteration 0.4 (tol=0.003951097483366611): -179.0347297259667 -177.9994446704968 -177.0483260070333 -176.8496894014469
 Davidson iteration 0.5 (tol=0.001268102870456385): -179.0347374170218 -178.2230786453974 -177.1663385768063 -177.0051750641458
 Davidson iteration 0.6 (tol=0.0004157584638318542): -179.0347382412951 -178.3183538427743 -177.5274129656086 -177.1649783306457
 Davidson iteration 0.7 (tol=0.000149386255421454): -179.034738332985 -178.3927521882086 -177.876081974983 -177.3382777081964
 Davidson iteration 1.0 (tol=0.0001493862554257364): -179.0347383329848
 Davidson iteration 1.1 (tol=5.597846092329011e-05): -179.0347383436751 -177.5460294368719
 Davidson iteration 1.2 (tol=2.587094863709017e-05): -179.0347383462095 -178.3813836062479 -177.1371201133101
 Davidson iteration 1.3 (tol=8.088909884933061e-06): -179.0347383465138 -178.5180393979662 -177.283813779101 -176.7539314781118
 Elapsed time for davidson 48.036841 (sec) 
 Elapsed time for diagonalization 48.037097 (sec) 
 Elapsed time for mult 1.22852 (sec) 
 Energy = -179.0347383465149
 Elapsed time for measurement 0.116678 (sec) 
 Sample-based diagonalization: Energy = -179.0347383465149
 Sample-based diagonalization: density = [1.99999004097523,1.994590067065604,1.992215829143165,1.99000515402176,1.990489595847228,1.988937676729227,1.986188267146359,1.984907669549738,1.985034961076378,1.980908631033789,1.992408781739712,1.994831387931587,1.975170279392164,1.971389738546203,1.950623551979915,0.07956534663234206,0.04292002806779531,0.004545378699906727,0.01701717479119588,0.0129924663231302,0.0134380929750636,0.01383963021643326,0.01199444858420765,0.0101783406989249,0.007856797711144892,0.007960662742084994
 Sample-based diagonalization: carryover bitstrings = [], size = 0
