 Elapsed time for helper construction 0.9336519999999999 (sec) 
 Elapsed time for init 0.015197 (sec) 
 Elapsed time for makeQChamDiagTerms 10.51405 (sec) 
 Davidson iteration 0.0 (tol=0.6412878723893101): -167.0325103795222
 Davidson iteration 0.1 (tol=0.2144475447196276): -167.2097927539966 -165.0868121548022
 Davidson iteration 0.2 (tol=0.06939445909929635): -167.2254946900185 -165.3604406685196 -164.7163621134854
 Davidson iteration 0.3 (tol=0.0193940362719842): -167.2272606459883 -165.4986050471387 -164.8984439691128 -164.7140144239492
 Davidson iteration 0.4 (tol=0.007595765195449486): -167.2274211872814 -165.9576359960339 -164.9055958726589 -164.85708981053
 Davidson iteration 0.5 (tol=0.00280737693687432): -167.2274476398982 -166.3622776415476 -165.0801524101461 -164.9004257250426
 Davidson iteration 0.6 (tol=0.000914174280295649): -167.2274508352337 -166.4962701017854 -165.2198320461152 -164.9819069480693
 Davidson iteration 0.7 (tol=0.0003224193841346577): -167.2274511658801 -166.5441980038103 -165.6103774215999 -165.1046373448565
 Davidson iteration 1.0 (tol=0.0003224193841266544): -167.2274511658804
 Davidson iteration 1.1 (tol=0.0001280151846831206): -167.2274512029594 -165.3285609555813
 Davidson iteration 1.2 (tol=4.840797342735441e-05): -167.2274512113307 -166.0583946999394 -164.9335044271715
 Davidson iteration 1.3 (tol=1.544852009374431e-05): -167.2274512122065 -166.3153876727945 -164.9647262560944 -164.464818740479
 Davidson iteration 1.4 (tol=5.604910974949768e-06): -167.2274512123037 -166.456661679548 -165.2398098495429 -164.8399019993489
 Elapsed time for davidson 37.321973 (sec) 
 Elapsed time for diagonalization 37.322284 (sec) 
 Elapsed time for mult 1.001859 (sec) 
 Energy = -167.2274512123043
 Elapsed time for measurement 0.083589 (sec) 
 Sample-based diagonalization: Energy = -167.2274512123043
 Sample-based diagonalization: density = [1.999975078932176,1.99473857974585,1.993781151330016,1.996984829885414,1.988395223172258,1.986383427549927,1.986605971977551,1.985430512239637,1.984380365577325,1.98252311450999,1.973018074765426,1.995542153264021,1.989756817313859,1.937630501463097,0.08968200062896182,0.008827654201353494,0.00783016894035193,0.01502451498704116,0.01184206174188356,0.007956266179804534,0.01437364499415361,0.01691172831307969,0.01583698883105336,0.01656916908789163
 Sample-based diagonalization: carryover bitstrings = [], size = 0
