 Elapsed time for helper construction 1.238629 (sec) 
 Elapsed time for init 0.018728 (sec) 
 Elapsed time for makeQChamDiagTerms 15.133819 (sec) 
 Davidson iteration 0.0 (tol=0.6525735089653806): -151.0933320641296
 Davidson iteration 0.1 (tol=0.1498007427780555): -151.3065718116846 -149.5943905885018
 Davidson iteration 0.2 (tol=0.03491975358807867): -151.3172019150573 -149.6469006948436 -149.5929375966171
 Davidson iteration 0.3 (tol=0.009286035757601294): -151.3177871076763 -149.8663131458086 -149.6175441463641 -149.3068093381174
 Davidson iteration 0.4 (tol=0.002914299371307519): -151.3178343929075 -150.2088440083799 -149.6193202062054 -149.3538575329035
 Davidson iteration 0.5 (tol=0.000982025618572928): -151.3178388574463 -150.4838392695785 -149.6193202371134 -149.4097264012337
 Davidson iteration 0.6 (tol=0.0003012513873132661): -151.3178393496037 -150.6300389924259 -149.621144384613 -149.5992641605059
 Davidson iteration 0.7 (tol=0.0001014262896771125): -151.3178394008066 -150.7165717715253 -150.0875194695333 -149.6183069678657
 Davidson iteration 1.0 (tol=0.0001014262896754439): -151.317839400804
 Davidson iteration 1.1 (tol=4.285614635302198e-05): -151.3178394067415 -150.1748404290628
 Davidson iteration 1.2 (tol=1.993268775585544e-05): -151.3178394084011 -150.7699630012743 -149.5226838900909
 Davidson iteration 1.3 (tol=6.553184439301402e-06): -151.3178394085978 -150.9070325325298 -149.5373073960904 -149.1626093446205
 Elapsed time for davidson 45.56535 (sec) 
 Elapsed time for diagonalization 45.567898 (sec) 
 Elapsed time for mult 0.920144 (sec) 
 Energy = -151.3178394086025
 Elapsed time for measurement 0.124803 (sec) 
 Sample-based diagonalization: Energy = -151.3178394086025
 Sample-based diagonalization: density = [1.999978816729368,1.994829477733239,1.990909156090552,1.988621520561033,1.991595746901477,1.991090798591982,1.98799954517555,1.986381343808666,1.98604671121986,1.976985441418206,1.982317287718149,1.976332172736558,1.931421502409502,1.947219240505467,0.07263559647725991,0.06259213893124492,0.03448851643598317,0.01517658471961605,0.006635680961065017,0.01205241477518524,0.01293821876172162,0.01421624153324116,0.01001963917410011,0.01104386637966401,0.007431387166561648,0.009040952779302593
 Sample-based diagonalization: carryover bitstrings = [], size = 0
