 Elapsed time for helper construction 1.509577 (sec) 
 Elapsed time for init 0.0479 (sec) 
 Elapsed time for makeQChamDiagTerms 12.05103 (sec) 
 Davidson iteration 0.0 (tol=0.6509483300907903): -128.237413779135
 Davidson iteration 0.1 (tol=0.2055170393931397): -128.4217382556932 -126.1344421754495
 Davidson iteration 0.2 (tol=0.06683147195642519): -128.4352070898747 -126.4584619182818 -125.4684237737396
 Davidson iteration 0.3 (tol=0.01780821952432328): -128.4365912578939 -126.5774783654135 -125.6351700370165 -125.4505361862136
 Davidson iteration 0.4 (tol=0.005507940426416888): -128.4367079998817 -126.8861535698284 -125.9841436834248 -125.5841983676521
 Davidson iteration 0.5 (tol=0.001865078414770026): -128.4367180662071 -127.131068999189 -126.2268213997883 -125.613038659036
 Davidson iteration 0.6 (tol=0.0005428354433320311): -128.4367191954109 -127.2630873918388 -126.3700209330803 -125.7259418814386
 Davidson iteration 0.7 (tol=0.0001649132253727305): -128.4367192970683 -127.3806117670195 -126.5656707424034 -125.9370681078801
 Davidson iteration 1.0 (tol=0.0001649132253703051): -128.4367192970694
 Davidson iteration 1.1 (tol=6.310296997962006e-05): -128.4367193057976 -125.9417729665213
 Davidson iteration 1.2 (tol=2.382903067650095e-05): -128.4367193075524 -127.1565291784759 -124.8626344357243
 Davidson iteration 1.3 (tol=7.813889341857705e-06): -128.4367193077384 -127.4743334558554 -125.3110456732406 -124.5146850145725
 Elapsed time for davidson 55.396528 (sec) 
 Elapsed time for diagonalization 55.396691 (sec) 
 Elapsed time for mult 2.096556 (sec) 
 Energy = -128.4367193077379
 Elapsed time for measurement 0.116606 (sec) 
 Sample-based diagonalization: Energy = -128.4367193077379
 Sample-based diagonalization: density = [1.999971138553835,1.993262745591223,1.99015298412917,1.987537525986361,1.987038876552728,1.982666266110452,1.982128401887298,1.975074675453326,1.980837369815104,1.976924326966869,1.95929382503512,1.988166602692004,0.0472400041771618,0.01392912261352135,0.01599152755909253,0.01804640300709383,0.01708563055963491,0.01723500130688628,0.01495888839895758,0.01426750399867852,0.01527081804667895,0.009942444321759293,0.01297791681941871
 Sample-based diagonalization: carryover bitstrings = [], size = 0
