 Elapsed time for helper construction 1.65843 (sec) 
 Elapsed time for init 0.05531 (sec) 
 Elapsed time for makeQChamDiagTerms 14.611724 (sec) 
 Davidson iteration 0.0 (tol=0.7046193474739957): -155.3997088811452
 Davidson iteration 0.1 (tol=0.292304094145743): -155.6004200023146 -153.3007630671765
 Davidson iteration 0.2 (tol=0.1197254668102191): -155.6257676126139 -153.6661991247958 -152.6108675234542
 Davidson iteration 0.3 (tol=0.03859037414008288): -155.6302114312358 -153.888243360949 -152.7407610524851 -152.5427063014457
 Davidson iteration 0.4 (tol=0.01696909605064402): -155.6307257331353 -154.2839785359448 -153.0026304327233 -152.6139923511882
 Davidson iteration 0.5 (tol=0.007268125031802324): -155.6308419552795 -154.7375752847256 -153.3854215554522 -152.71900684749
 Davidson iteration 0.6 (tol=0.003015940524749548): -155.6308613211953 -154.915487065554 -153.6073211802768 -152.8757885595827
 Davidson iteration 0.7 (tol=0.001210783096303956): -155.6308643983307 -154.9857883312368 -153.8811658587573 -153.2046929984503
 Davidson iteration 1.0 (tol=0.001210783096305847): -155.6308643983309
 Davidson iteration 1.1 (tol=0.0005747964104969238): -155.6308648770713 -153.6969542250251
 Davidson iteration 1.2 (tol=0.0002826771877153755): -155.6308650263285 -154.5455059629443 -152.7584622510568
 Davidson iteration 1.3 (tol=0.0001211397769367213): -155.630865054027 -154.9047213584583 -152.8848341693322 -152.2647158987868
 Davidson iteration 1.4 (tol=5.642016710612581e-05): -155.6308650592218 -155.0634579545652 -153.20952383992 -152.881584280868
 Davidson iteration 1.5 (tol=2.674090463893122e-05): -155.6308650605378 -155.1828603700465 -154.1862399273869 -152.8951121291151
 Davidson iteration 1.6 (tol=1.191151229370574e-05): -155.6308650608025 -155.2471628815755 -154.5500809051539 -153.249115655652
 Davidson iteration 1.7 (tol=5.494753889019152e-06): -155.6308650608572 -155.2926777497085 -154.7379390112317 -153.29819001582
 Elapsed time for davidson 89.60635499999999 (sec) 
 Elapsed time for diagonalization 89.60651399999999 (sec) 
 Elapsed time for mult 2.489591 (sec) 
 Energy = -155.6308650608577
 Elapsed time for measurement 0.152822 (sec) 
 Sample-based diagonalization: Energy = -155.6308650608577
 Sample-based diagonalization: density = [1.999972389121949,1.992796844484912,1.993360317866004,1.989577433110651,1.985080805734811,1.984283358576382,1.98305183084267,1.977634216821886,1.97950287305712,1.979540784981342,1.972119942688703,1.985181746819963,1.9316090809228,0.09948492324906388,0.01756790732645993,0.0184500531161677,0.01789791929641761,0.007805069942736059,0.01772029889202754,0.01579874483728597,0.01609308712827954,0.01762154692377026,0.01784882372795828
 Sample-based diagonalization: carryover bitstrings = [], size = 0
