 Elapsed time for helper construction 0.488446 (sec) 
 Elapsed time for init 0.006502 (sec) 
 Elapsed time for makeQChamDiagTerms 2.102098 (sec) 
 Davidson iteration 0.0 (tol=0.5516792839428291): -147.8874930842894
 Davidson iteration 0.1 (tol=0.2460355320015304): -148.0168511669228 -145.9363566106277
 Davidson iteration 0.2 (tol=0.111674286740515): -148.0343728172672 -146.3621297773019 -144.9421753120763
 Davidson iteration 0.3 (tol=0.04420590412598995): -148.0379602920323 -146.5834676197193 -145.3212220493499 -144.5341728626464
 Davidson iteration 0.4 (tol=0.01809042790579191): -148.0384699763312 -146.7805026988712 -145.6328928280705 -144.9488539936912
 Davidson iteration 0.5 (tol=0.006967988692353278): -148.0385720732147 -147.0739226511431 -145.9381351006713 -145.0328514855349
 Davidson iteration 0.6 (tol=0.003480848691358526): -148.0385846557841 -147.2213984976888 -146.1149561354748 -145.0825396947364
 Davidson iteration 0.7 (tol=0.001397746928725844): -148.038587525741 -147.3335325172743 -146.3644774177368 -145.4307654070518
 Davidson iteration 1.0 (tol=0.001397746928727556): -148.038587525742
 Davidson iteration 1.1 (tol=0.00073167070937768): -148.0385879958136 -145.551069543347
 Davidson iteration 1.2 (tol=0.0003791208455760499): -148.0385881601305 -146.9090123266169 -142.7862310017111
 Davidson iteration 1.3 (tol=0.0001637727058933004): -148.0385882029374 -147.3412734274759 -144.4032621157814 -142.0778511207332
 Davidson iteration 1.4 (tol=7.163220764712285e-05): -148.0385882092784 -147.4961356401948 -144.664773322691 -144.3143757240428
 Davidson iteration 1.5 (tol=3.045697132995478e-05): -148.0385882105781 -147.5533420117925 -145.4826074433774 -144.4462093722384
 Davidson iteration 1.6 (tol=1.354615993778578e-05): -148.0385882108085 -147.5918354108054 -146.2107686269981 -144.4759618708108
 Davidson iteration 1.7 (tol=4.9868235642708e-06): -148.0385882108556 -147.6181085502045 -146.7644712806292 -144.706365218323
 Elapsed time for davidson 21.455356 (sec) 
 Elapsed time for diagonalization 21.455446 (sec) 
 Elapsed time for mult 0.7761049999999999 (sec) 
 Energy = -148.0385882108548
 Elapsed time for measurement 2.800032 (sec) 
 Sample-based diagonalization: Energy = -148.0385882108548
 Sample-based diagonalization: density = [1.999996690172632,1.997473947026137,1.992354443315844,1.992081497770501,1.990063341238135,1.987695191213685,1.965384388394899,1.980210507093667,1.988866069974713,1.98254619944708,1.935473349906899,0.1021306224776791,0.01321823769088058,0.008757612453726586,0.0196201497573479,0.02594916006883585,0.01817859196635451
 Sample-based diagonalization: carryover bitstrings = [], size = 0
 Elapse time for dumping one-particle rdm = 0.0008719999999999999
 Elapse time for dumping two-particle rdm = 0.07507899999999999
 Zero-Body energy = 0
 One-Body energy = -240.8343856947478
 Two-Body energy = 92.79579748411324
 One-Body + Two-Body energy = -148.0385882106345
 Zero-Body + One-Body + Two-Body energy = -148.0385882106345
