 Elapsed time for helper construction 1.160991 (sec) 
 Elapsed time for init 0.04712 (sec) 
 Elapsed time for makeQChamDiagTerms 15.73392 (sec) 
 Davidson iteration 0.0 (tol=0.5726315245656789): -147.5541336709305
 Davidson iteration 0.1 (tol=0.1152237754145609): -147.7487678136811 -146.2531376633073
 Davidson iteration 0.2 (tol=0.02746866702913933): -147.7567716994033 -146.4746718119895 -146.2024604164009
 Davidson iteration 0.3 (tol=0.008106454914970775): -147.7572424048585 -146.7695400044677 -146.225483317259 -145.9606872707737
 Davidson iteration 0.4 (tol=0.002312896574917098): -147.7572851780274 -146.983403438815 -146.2942200338867 -146.0495842359581
 Davidson iteration 0.5 (tol=0.0006061677738954803): -147.7572882011027 -147.0969628868967 -146.3121733653936 -146.163734828901
 Davidson iteration 0.6 (tol=0.0001843585888781458): -147.7572884173915 -147.1345411107532 -146.5054267664265 -146.2355454158379
 Davidson iteration 0.7 (tol=5.985561141686109e-05): -147.7572884390337 -147.1528024133067 -146.8424224074159 -146.2425473178633
 Davidson iteration 1.0 (tol=5.985561141678277e-05): -147.7572884390354
 Davidson iteration 1.1 (tol=2.296085154880584e-05): -147.7572884411645 -146.4300601589277
 Davidson iteration 1.2 (tol=1.114394276066843e-05): -147.7572884417376 -147.2270924885905 -145.9025437015457
 Davidson iteration 1.3 (tol=3.4219309645225e-06): -147.7572884418113 -147.378283585373 -145.9381830197503 -145.9004501499737
 Elapsed time for davidson 47.711673 (sec) 
 Elapsed time for diagonalization 47.71178099999999 (sec) 
 Elapsed time for mult 1.392005 (sec) 
 Energy = -147.7572884418076
 Elapsed time for measurement 0.173038 (sec) 
 Sample-based diagonalization: Energy = -147.7572884418076
 Sample-based diagonalization: density = [1.999983969297985,1.995323351026897,1.995159991600455,1.995300648520681,1.99497185525145,1.992249722774629,1.992634727114613,1.991281753373498,1.988164981569253,1.988478547718699,1.964523115916944,1.954614444464598,1.928068805752497,1.931833666195419,0.07727937021740008,0.06404945563497746,0.04604700692245486,0.03492756540140454,0.00736533249788429,0.006076354081032291,0.009459779936376211,0.006714561948357463,0.01098806043175261,0.007043040766336191,0.007429958718433424,0.005615624052147954,0.00441430866797295
 Sample-based diagonalization: carryover bitstrings = [], size = 0
