 Elapsed time for helper construction 1.557611 (sec) 
 Elapsed time for init 0.021743 (sec) 
 Elapsed time for makeQChamDiagTerms 13.316646 (sec) 
 Davidson iteration 0.0 (tol=0.6872225240661062): -154.4583809702734
 Davidson iteration 0.1 (tol=0.2609705287639157): -154.6555818001684 -152.3627231908014
 Davidson iteration 0.2 (tol=0.1012460731883935): -154.675966577803 -152.7172483573128 -151.6225546890441
 Davidson iteration 0.3 (tol=0.02956645213423981): -154.6791068296806 -152.924331594985 -151.7770931920828 -151.4046888292845
 Davidson iteration 0.4 (tol=0.01226155272240628): -154.6794082598733 -153.2583145669631 -152.1042672840193 -151.6301687944727
 Davidson iteration 0.5 (tol=0.005126680862074996): -154.6794641547973 -153.7115097299184 -152.4771203962022 -151.7537973301861
 Davidson iteration 0.6 (tol=0.002096149783188198): -154.6794735740909 -153.8890503454093 -152.6472634171856 -151.7551949295694
 Davidson iteration 0.7 (tol=0.0008563571769438346): -154.6794753318396 -154.0150221151638 -153.0805772935611 -152.2847374251145
 Davidson iteration 1.0 (tol=0.0008563571769439399): -154.6794753318367
 Davidson iteration 1.1 (tol=0.0003753844161031809): -154.679475575064 -152.4127587583299
 Davidson iteration 1.2 (tol=0.000201784864949681): -154.6794756447798 -153.7204903504148 -151.5097717941126
 Davidson iteration 1.3 (tol=8.830347391735065e-05): -154.6794756591993 -154.0474509080613 -151.7671521319531 -151.0148665044494
 Davidson iteration 1.4 (tol=3.477909752685013e-05): -154.6794756618733 -154.1475298155436 -152.0750017125421 -151.7465062444747
 Davidson iteration 1.5 (tol=1.365085596277694e-05): -154.6794756623621 -154.2147813435067 -153.0828287567579 -151.7471244934225
 Davidson iteration 1.6 (tol=4.961577013606859e-06): -154.6794756624209 -154.2315027559674 -153.3537628416555 -152.1219882625162
 Elapsed time for davidson 65.869445 (sec) 
 Elapsed time for diagonalization 65.86967799999999 (sec) 
 Elapsed time for mult 1.734206 (sec) 
 Energy = -154.6794756624265
 Elapsed time for measurement 0.118842 (sec) 
 Sample-based diagonalization: Energy = -154.6794756624265
 Sample-based diagonalization: density = [1.999989407914009,1.991301759146848,1.990008347824629,1.987775859579477,1.984722152747119,1.981323466737428,1.983561667683192,1.982655541018219,1.978675146733924,1.961694815016794,1.994648164973387,1.984699230930785,1.950016875498621,0.08363566537887507,0.01835777660427916,0.01635281807333717,0.01511000038449834,0.01901499624188192,0.01454356267987615,0.01519241116510016,0.01366061183407599,0.01877992509551062,0.014279796249805
 Sample-based diagonalization: carryover bitstrings = [], size = 0
