 Elapsed time for helper construction 1.355737 (sec) 
 Elapsed time for init 0.046297 (sec) 
 Elapsed time for makeQChamDiagTerms 11.879909 (sec) 
 Davidson iteration 0.0 (tol=0.6023776849663204): -121.866704028162
 Davidson iteration 0.1 (tol=0.1594589109991876): -122.0360497444137 -119.9953172858534
 Davidson iteration 0.2 (tol=0.03288714949668835): -122.0456905479674 -120.1206789969495 -119.6546592085262
 Davidson iteration 0.3 (tol=0.008290683618545827): -122.0461134796571 -120.3728450657402 -119.7277612927285 -119.5813369722223
 Davidson iteration 0.4 (tol=0.002470962331341333): -122.0461422866762 -120.6964488044179 -119.9938398478955 -119.7150715795853
 Davidson iteration 0.5 (tol=0.0005865447450098625): -122.0461445777467 -120.8089360535409 -119.9967291699754 -119.9196843989908
 Davidson iteration 0.6 (tol=0.0001548007647787357): -122.0461447085569 -120.9782365595823 -120.3052787049652 -119.9251605358883
 Davidson iteration 0.7 (tol=4.001989267709531e-05): -122.0461447173571 -121.0274856066841 -120.3576441732946 -119.987850849959
 Davidson iteration 1.0 (tol=4.001989267834738e-05): -122.046144717357
 Davidson iteration 1.1 (tol=1.442263265408813e-05): -122.0461447179773 -120.4168779596685
 Davidson iteration 1.2 (tol=4.330876153136376e-06): -122.0461447180724 -120.8956198352587 -119.3773729774509
 Elapsed time for davidson 51.80918399999999 (sec) 
 Elapsed time for diagonalization 51.81084 (sec) 
 Elapsed time for mult 1.682996 (sec) 
 Energy = -122.0461447180726
 Elapsed time for measurement 0.110718 (sec) 
 Sample-based diagonalization: Energy = -122.0461447180726
 Sample-based diagonalization: density = [1.999970099825633,1.992024256566219,1.99187397600019,1.988625076569853,1.984183633716586,1.984636200501738,1.988706888764433,1.983336428388244,1.977922589059949,1.982998832580809,1.985764710566801,1.952292669739533,0.04619562708455343,0.008562388527160625,0.01551093851660542,0.01723252847227838,0.01642313169574231,0.01842585155671097,0.01550490373629267,0.01647320314728705,0.0122860731947842,0.01358747726646186,0.007462514140997259
 Sample-based diagonalization: carryover bitstrings = [], size = 0
