 Elapsed time for helper construction 0.48019 (sec) 
 Elapsed time for init 0.006933 (sec) 
 Elapsed time for makeQChamDiagTerms 2.268475 (sec) 
 Davidson iteration 0.0 (tol=0.5482482199692151): -149.3145125327888
 Davidson iteration 0.1 (tol=0.2404877014291747): -149.4402024246811 -147.3289904637989
 Davidson iteration 0.2 (tol=0.1073026373431001): -149.4573463065914 -147.7770146739099 -146.4363093449165
 Davidson iteration 0.3 (tol=0.04164614299574145): -149.4607834125599 -148.0055812954724 -146.7907217525969 -146.1168638494339
 Davidson iteration 0.4 (tol=0.01678455334412975): -149.4612344674016 -148.1844952025689 -147.0396604360714 -146.4348883413653
 Davidson iteration 0.5 (tol=0.006212233081038368): -149.461317614026 -148.4088336235779 -147.2570875520785 -146.5555728729672
 Davidson iteration 0.6 (tol=0.002813668959244767): -149.4613268598078 -148.5212087942263 -147.4296947727873 -146.6069289020082
 Davidson iteration 0.7 (tol=0.00108267790228411): -149.4613288555177 -148.6143056804916 -147.7335359281316 -146.911656884502
 Davidson iteration 1.0 (tol=0.001082677902294778): -149.4613288555181
 Davidson iteration 1.1 (tol=0.0005682016747340326): -149.4613291518526 -147.1343887497149
 Davidson iteration 1.2 (tol=0.0003173102647300884): -149.4613292643057 -148.538856793526 -144.7315467388
 Davidson iteration 1.3 (tol=0.0001481687034776083): -149.4613292951609 -148.9444766773671 -146.0868706510561 -143.8884438905904
 Davidson iteration 1.4 (tol=6.530889604828388e-05): -149.4613293010744 -149.0717524336773 -146.562476853488 -145.9078845114906
 Davidson iteration 1.5 (tol=3.185878696603753e-05): -149.4613293025226 -149.134269056804 -147.6761168636324 -146.0856845629075
 Davidson iteration 1.6 (tol=1.671216900328333e-05): -149.4613293028544 -149.1835040181932 -148.2594810106575 -146.2673822485735
 Davidson iteration 1.7 (tol=7.167756253858926e-06): -149.4613293029325 -149.2045827708571 -148.5595991703988 -146.3263634172045
 Elapsed time for davidson 19.498462 (sec) 
 Elapsed time for diagonalization 19.498544 (sec) 
 Elapsed time for mult 0.582939 (sec) 
 Energy = -149.4613293029314
 Elapsed time for measurement 0.028752 (sec) 
 Sample-based diagonalization: Energy = -149.4613293029314
 Sample-based diagonalization: density = [1.999996707726055,1.997821256707709,1.992516278253945,1.993642821826366,1.989209597899401,1.984581353508811,1.988289680232495,1.974500677596896,1.979361512545337,1.979730722272188,1.941412775195171,0.09729148584053732,0.02334368144535574,0.001736446447204734,0.01490789115550107,0.02398408388513862,0.0176730273109356
 Sample-based diagonalization: carryover bitstrings = [], size = 0
