 Elapsed time for helper construction 1.216008 (sec) 
 Elapsed time for init 0.037729 (sec) 
 Elapsed time for makeQChamDiagTerms 9.822861999999999 (sec) 
 Davidson iteration 0.0 (tol=0.5926166318089466): -128.642700917823
 Davidson iteration 0.1 (tol=0.1482813754176342): -128.7985887163769 -126.5242199686366
 Davidson iteration 0.2 (tol=0.04845158892438258): -128.8064077139594 -127.0781115477636 -126.3030182674274
 Davidson iteration 0.3 (tol=0.01235042444995506): -128.8072641082645 -127.1686872022871 -126.394943187787 -126.2409811125233
 Davidson iteration 0.4 (tol=0.004534342884225696): -128.8073474309378 -127.9346414094354 -126.7027254833786 -126.3054008591346
 Davidson iteration 0.5 (tol=0.001405880590970952): -128.8073564418125 -128.1483491848541 -126.784559653321 -126.3920241884323
 Davidson iteration 0.6 (tol=0.0003980351028406585): -128.8073572352384 -128.238275966397 -126.9787715266376 -126.4486302595029
 Davidson iteration 0.7 (tol=0.0001046755488027615): -128.8073572925623 -128.2666806174498 -127.1565858868397 -126.5557910097255
 Davidson iteration 1.0 (tol=0.0001046755488007182): -128.8073572925625
 Davidson iteration 1.1 (tol=3.396665317901498e-05): -128.8073572962521 -126.4500723974439
 Davidson iteration 1.2 (tol=9.982856739006675e-06): -128.8073572967369 -127.2624664059703 -125.6505405390357
 Elapsed time for davidson 42.941521 (sec) 
 Elapsed time for diagonalization 42.94172 (sec) 
 Elapsed time for mult 1.46169 (sec) 
 Energy = -128.807357296738
 Elapsed time for measurement 0.09009499999999999 (sec) 
 Sample-based diagonalization: Energy = -128.807357296738
 Sample-based diagonalization: density = [1.999972689463455,1.994380090456019,1.991236897608653,1.988607554849798,1.988726985679011,1.983582978344002,1.984642156081962,1.98269988119107,1.983058660058946,1.976551903361508,1.986945312478626,1.980119002147256,0.01580046270034369,0.02477753930353823,0.01728240994395815,0.01650954014934591,0.0139766077273737,0.009776015199707657,0.01154429833864143,0.01272189450182738,0.01600404231248231,0.01174384985204775,0.009339227902840908
 Sample-based diagonalization: carryover bitstrings = [], size = 0
