 Elapsed time for helper construction 0.614471 (sec) 
 Elapsed time for init 0.008376999999999999 (sec) 
 Elapsed time for makeQChamDiagTerms 3.383936 (sec) 
 Davidson iteration 0.0 (tol=0.5397897034037551): -147.8673542766646
 Davidson iteration 0.1 (tol=0.2181302510567106): -147.9937154580518 -145.9516021772589
 Davidson iteration 0.2 (tol=0.08673133113493547): -148.0093739832719 -146.4115654863715 -145.3362674557024
 Davidson iteration 0.3 (tol=0.0288596568048894): -148.0119631665549 -146.586203088869 -145.5916924386885 -145.2675051724414
 Davidson iteration 0.4 (tol=0.01154764351648246): -148.0122363448342 -146.830294270118 -145.8044786755021 -145.2807433250057
 Davidson iteration 0.5 (tol=0.004370640113456837): -148.0122880715649 -147.1540203784613 -146.0255151790242 -145.5632427594004
 Davidson iteration 0.6 (tol=0.001722025229770535): -148.0122950054898 -147.278859023625 -146.1668677330198 -145.6788420945946
 Davidson iteration 0.7 (tol=0.0006793311986030826): -148.0122959896349 -147.365080309063 -146.5086146918235 -145.7400102954284
 Davidson iteration 1.0 (tol=0.0006793311986138955): -148.0122959896344
 Davidson iteration 1.1 (tol=0.0003026964999979656): -148.0122961289474 -145.8362393499332
 Davidson iteration 1.2 (tol=0.0001443959884496252): -148.0122961694986 -147.0204132750099 -144.8272570674609
 Davidson iteration 1.3 (tol=6.21684223682049e-05): -148.0122961771923 -147.363890745274 -145.5140858727546 -144.3006653127381
 Davidson iteration 1.4 (tol=2.582359041622822e-05): -148.012296178544 -147.5164647548153 -145.6225882067102 -145.4321485033862
 Davidson iteration 1.5 (tol=1.086422684073251e-05): -148.012296178813 -147.6238303479506 -146.4865788730062 -145.5423237938701
 Davidson iteration 1.6 (tol=4.877757440088158e-06): -148.0122961788587 -147.679584439382 -146.9337269646024 -146.0150920162207
 Elapsed time for davidson 22.518635 (sec) 
 Elapsed time for diagonalization 22.518806 (sec) 
 Elapsed time for mult 0.610641 (sec) 
 Energy = -148.0122961788587
 Elapsed time for measurement 0.0408 (sec) 
 Sample-based diagonalization: Energy = -148.0122961788587
 Sample-based diagonalization: density = [1.999996917728526,1.997922189103941,1.992999149117588,1.991269905802189,1.991509761084584,1.988151686284306,1.993890682298755,1.980418743000864,1.957838079469445,1.984901416141201,1.945157822756885,0.09684349045548352,0.01253335978032324,0.01526088057798429,0.004166002960288477,0.006446742153653549,0.02212745403721577,0.01856571704514724
 Sample-based diagonalization: carryover bitstrings = [], size = 0
