 Elapsed time for helper construction 0.8983099999999999 (sec) 
 Elapsed time for init 0.015285 (sec) 
 Elapsed time for makeQChamDiagTerms 10.288308 (sec) 
 Davidson iteration 0.0 (tol=0.5140949079454518): -166.6729106903177
 Davidson iteration 0.1 (tol=0.1272335965916465): -166.7969037119208 -164.9095311880871
 Davidson iteration 0.2 (tol=0.03184611546230278): -166.8043216145852 -165.3162677591413 -164.795736933275
 Davidson iteration 0.3 (tol=0.007375982919397442): -166.8048187945038 -165.4976127850337 -165.0064177231478 -164.7892787546479
 Davidson iteration 0.4 (tol=0.00234999945649769): -166.8048473467607 -165.9033942850143 -165.0240543069774 -164.789279351575
 Davidson iteration 0.5 (tol=0.0007950872943613494): -166.8048500086701 -166.1422281688288 -165.0901216946096 -164.9380110751927
 Davidson iteration 0.6 (tol=0.0002448777705624602): -166.8048503290878 -166.2211858960899 -165.3673642441846 -164.9385515242382
 Davidson iteration 0.7 (tol=8.854135099500231e-05): -166.804850362093 -166.3195235129041 -165.8043696762267 -165.1009393314568
 Davidson iteration 1.0 (tol=8.8541350995795e-05): -166.8048503620947
 Davidson iteration 1.1 (tol=3.128866762722909e-05): -166.8048503657827 -165.4559149239028
 Davidson iteration 1.2 (tol=1.378496334422201e-05): -166.8048503666025 -166.2533490053174 -165.0480776969144
 Davidson iteration 1.3 (tol=5.085620336538057e-06): -166.8048503667022 -166.4256203564114 -165.2867730180683 -164.5559252132472
 Elapsed time for davidson 32.021208 (sec) 
 Elapsed time for diagonalization 32.021354 (sec) 
 Elapsed time for mult 0.738182 (sec) 
 Energy = -166.8048503667006
 Elapsed time for measurement 0.081897 (sec) 
 Sample-based diagonalization: Energy = -166.8048503667006
 Sample-based diagonalization: density = [1.999985688453233,1.995009245776126,1.994855241034071,1.998695029425729,1.992570496178786,1.991191236814412,1.991320021370496,1.994322268405036,1.987240882063857,1.992255040872978,1.978310375501602,1.996204791497637,1.988441293419601,1.949723480403758,0.07608508224451971,0.009033440584499966,0.00590773651272395,0.01001268630706928,0.001791739703388453,0.00788996784560601,0.006035832305448085,0.009459297469109534,0.01461002648765394,0.009049099129375838
 Sample-based diagonalization: carryover bitstrings = [], size = 0
