 Elapsed time for helper construction 1.62339 (sec) 
 Elapsed time for init 0.050767 (sec) 
 Elapsed time for makeQChamDiagTerms 13.506972 (sec) 
 Davidson iteration 0.0 (tol=0.658743526887323): -156.7340101242376
 Davidson iteration 0.1 (tol=0.2507657391850126): -156.9113564813719 -154.5929411816549
 Davidson iteration 0.2 (tol=0.09722338085126646): -156.9298492495442 -154.9886448091545 -153.8170022613242
 Davidson iteration 0.3 (tol=0.02975203014208928): -156.9326421976969 -155.2351369662321 -153.9338545984285 -153.5019251098626
 Davidson iteration 0.4 (tol=0.01189695934190352): -156.9329092021373 -155.5171005114206 -154.2608545435662 -153.8084564188436
 Davidson iteration 0.5 (tol=0.004551512968395095): -156.9329575864307 -155.9141794755158 -154.6721895988143 -153.9113611806084
 Davidson iteration 0.6 (tol=0.001816708143242601): -156.9329643506928 -156.0936636258185 -154.8513397304207 -153.9842612761562
 Davidson iteration 0.7 (tol=0.000703509962793428): -156.9329655365923 -156.2078313349746 -155.2025147392797 -154.4834532895522
 Davidson iteration 1.0 (tol=0.0007035099627919401): -156.932965536593
 Davidson iteration 1.1 (tol=0.0003087038719613145): -156.9329656906106 -154.5008874604249
 Davidson iteration 1.2 (tol=0.000160527749011945): -156.9329657330958 -155.9055323245106 -153.422271124047
 Davidson iteration 1.3 (tol=6.578820647586606e-05): -156.9329657413523 -156.241289270869 -153.7426126595809 -152.8616740429669
 Davidson iteration 1.4 (tol=2.620671956358382e-05): -156.9329657426628 -156.3541246273549 -154.1570579416116 -153.5777642834008
 Davidson iteration 1.5 (tol=1.044052281453059e-05): -156.9329657429103 -156.4438760782442 -155.2141944025431 -153.6334477661564
 Davidson iteration 1.6 (tol=4.167908819095659e-06): -156.9329657429464 -156.4857620141834 -155.6497936851483 -153.9656599962848
 Elapsed time for davidson 81.896852 (sec) 
 Elapsed time for diagonalization 81.89701599999999 (sec) 
 Elapsed time for mult 2.068542 (sec) 
 Energy = -156.9329657429439
 Elapsed time for measurement 0.127071 (sec) 
 Sample-based diagonalization: Energy = -156.9329657429439
 Sample-based diagonalization: density = [1.999987486785451,1.991889081543286,1.991481682619718,1.991118605771045,1.984720694806966,1.984495896379439,1.984078587302697,1.983882777718156,1.98765297012314,1.972507424585021,1.9833846678318,1.987412847628856,1.950241127090449,0.08199575397546804,0.01757792626999107,0.01790741154358418,0.01701559623107943,0.01386965604642038,0.01705469977024386,0.008846749057217409,0.01862604365941146,0.01425231270887497
 Sample-based diagonalization: carryover bitstrings = [], size = 0
