 Elapsed time for helper construction 0.550495 (sec) 
 Elapsed time for init 0.005595 (sec) 
 Elapsed time for makeQChamDiagTerms 2.821017 (sec) 
 Davidson iteration 0.0 (tol=0.5406106057186347): -148.2873341313868
 Davidson iteration 0.1 (tol=0.2348372172870807): -148.408490362287 -146.2580818974823
 Davidson iteration 0.2 (tol=0.1038023110503767): -148.424407835295 -146.7180877028186 -145.3071578411248
 Davidson iteration 0.3 (tol=0.03999209282020429): -148.4275304758195 -146.9513144352608 -145.6979888689812 -144.8751830984359
 Davidson iteration 0.4 (tol=0.01553144028144793): -148.4279394736424 -147.121479309989 -146.0229394417011 -145.3497950726405
 Davidson iteration 0.5 (tol=0.005788757863888902): -148.4280155907522 -147.402580315602 -146.2981934364046 -145.5184554691394
 Davidson iteration 0.6 (tol=0.0027562566486231): -148.4280243606427 -147.5408513900352 -146.4686932529883 -145.5663070803503
 Davidson iteration 0.7 (tol=0.001065748263763651): -148.4280264117113 -147.6605906105783 -146.7666291935124 -145.8169905217988
 Davidson iteration 1.0 (tol=0.00106574826376383): -148.4280264117111
 Davidson iteration 1.1 (tol=0.0005259845539359058): -148.4280267031542 -146.1512183141172
 Davidson iteration 1.2 (tol=0.0002681595676528969): -148.428026798953 -147.3033619722754 -144.1288223275569
 Davidson iteration 1.3 (tol=0.0001139296511085595): -148.4280268219062 -147.7225055238618 -144.8678505078653 -143.8891574930756
 Davidson iteration 1.4 (tol=4.699668484931578e-05): -148.4280268253583 -147.8924833452143 -145.2593975627462 -144.8226523365394
 Davidson iteration 1.5 (tol=1.91103670084424e-05): -148.4280268260196 -147.9426823765922 -146.0152496383839 -144.9752767583495
 Davidson iteration 1.6 (tol=8.41631090183015e-06): -148.4280268261264 -147.985435740036 -146.7047028980789 -145.0872392169834
 Elapsed time for davidson 22.371354 (sec) 
 Elapsed time for diagonalization 22.371478 (sec) 
 Elapsed time for mult 0.665153 (sec) 
 Energy = -148.4280268261257
 Elapsed time for measurement 0.035115 (sec) 
 Sample-based diagonalization: Energy = -148.4280268261257
 Sample-based diagonalization: density = [1.999996671487406,1.997672863802967,1.992833501003979,1.991079414178341,1.991009208316659,1.987072598025035,1.965307756522321,1.985871864731493,1.988883011673524,1.979984487700061,1.952506684454451,0.08880957784130336,0.023233405640669,0.004275767325909367,0.01116781222090658,0.02325945017120662,0.01703592472414326
 Sample-based diagonalization: carryover bitstrings = [], size = 0
