 Elapsed time for helper construction 0.345629 (sec) 
 Elapsed time for init 0.003959 (sec) 
 Elapsed time for makeQChamDiagTerms 1.666664 (sec) 
 Davidson iteration 0.0 (tol=0.5334143384624289): -88.79853064874638
 Davidson iteration 0.1 (tol=0.1792535267018857): -88.92563327399199 -86.66037859040667
 Davidson iteration 0.2 (tol=0.04192702470508316): -88.93608569208835 -87.07872469856147 -85.59220599183793
 Davidson iteration 0.3 (tol=0.01091080437657737): -88.93657628105989 -87.1737604203869 -86.02995211557206 -85.31581425923197
 Davidson iteration 0.4 (tol=0.003125016523352885): -88.93661121038589 -87.25004919746782 -86.40764918300732 -85.56992909939922
 Davidson iteration 0.5 (tol=0.0009972662955842254): -88.93661407839059 -87.35443587609939 -86.774739221839 -85.58800717841578
 Davidson iteration 0.6 (tol=0.0002718031531479317): -88.93661436118764 -87.45331543184727 -86.9822607113048 -85.99515529720649
 Davidson iteration 0.7 (tol=7.4532959245465e-05): -88.93661438265889 -87.50652589423204 -87.09983931677368 -86.28408601900325
 Davidson iteration 1.0 (tol=7.453295924615858e-05): -88.93661438265934
 Davidson iteration 1.1 (tol=2.599912936211941e-05): -88.93661438405474 -85.55240443468625
 Davidson iteration 1.2 (tol=8.65311575309917e-06): -88.93661438428315 -86.92980386633278 -84.54514848235176
 Elapsed time for davidson 11.757911 (sec) 
 Elapsed time for diagonalization 11.758011 (sec) 
 Elapsed time for mult 0.507433 (sec) 
 Energy = -88.93661438428322
 Elapsed time for measurement 0.110258 (sec) 
 Sample-based diagonalization: Energy = -88.93661438428322
 Sample-based diagonalization: density = [1.99996630560002,1.989074933239124,1.986210457814136,1.987734218426634,1.981368360150997,1.978996483912499,1.978344598665073,1.976268608055661,1.978842954230764,0.01522092144609694,0.02152024900408941,0.01989126391995296,0.01799723564741465,0.01823829643630557,0.01769610557384497,0.01633285617649466,0.01629615163671743
 Sample-based diagonalization: carryover bitstrings = [], size = 0
