 Elapsed time for helper construction 1.316544 (sec) 
 Elapsed time for init 0.020637 (sec) 
 Elapsed time for makeQChamDiagTerms 11.921687 (sec) 
 Davidson iteration 0.0 (tol=0.6345902968055017): -126.1306183941704
 Davidson iteration 0.1 (tol=0.1427758697439265): -126.3164123897469 -124.0546884877855
 Davidson iteration 0.2 (tol=0.02459517966538458): -126.3234355945051 -124.3037970180975 -123.4479627370188
 Davidson iteration 0.3 (tol=0.006083943375244938): -126.3236442253918 -124.3993345516368 -123.833981072563 -123.3654925382341
 Davidson iteration 0.4 (tol=0.001681957702369818): -126.3236582012746 -124.5957535790138 -124.0944426322021 -123.5619314202914
 Davidson iteration 0.5 (tol=0.0004295011186672935): -126.3236591613976 -124.8019873789839 -124.2166438962332 -123.5642748438396
 Davidson iteration 0.6 (tol=0.000101868462609746): -126.32365921975 -124.8916133073684 -124.2884539464905 -123.7578353790469
 Davidson iteration 0.7 (tol=2.484539366579358e-05): -126.3236592230908 -124.923530511091 -124.355305211576 -123.8820550365697
 Davidson iteration 1.0 (tol=2.484539366590677e-05): -126.3236592230918
 Davidson iteration 1.1 (tol=7.968595418741654e-06): -126.3236592232854 -123.5419354031992
 Elapsed time for davidson 41.290033 (sec) 
 Elapsed time for diagonalization 41.290227 (sec) 
 Elapsed time for mult 1.310964 (sec) 
 Energy = -126.3236592232846
 Elapsed time for measurement 0.110594 (sec) 
 Sample-based diagonalization: Energy = -126.3236592232846
 Sample-based diagonalization: density = [1.999969668325575,1.990488573853066,1.98946683918485,1.986370788179954,1.988063555290466,1.982466636169696,1.980104130402913,1.980969156085927,1.986123447018908,1.978336713877464,1.9779991028849,1.97763660715162,0.01831717302222547,0.01957700931719147,0.02009004997404991,0.017806397089218,0.01555645982651704,0.01696412231441205,0.01662973798047799,0.0156698611586952,0.01308193144659386,0.01228993670237241,0.01602210240541318
 Sample-based diagonalization: carryover bitstrings = [], size = 0
