 Elapsed time for helper construction 1.195276 (sec) 
 Elapsed time for init 0.04162 (sec) 
 Elapsed time for makeQChamDiagTerms 9.667073 (sec) 
 Davidson iteration 0.0 (tol=0.613634813758013): -114.3157901705952
 Davidson iteration 0.1 (tol=0.1517074014345839): -114.4891567951253 -112.2272745383234
 Davidson iteration 0.2 (tol=0.02828153095892109): -114.4972208938793 -112.5357797716423 -111.5669841135496
 Davidson iteration 0.3 (tol=0.00729209369112898): -114.4974984534609 -112.6598723326779 -111.9900523404061 -111.4703415833058
 Davidson iteration 0.4 (tol=0.002065822894955585): -114.4975180775651 -112.836683035818 -112.2442627309957 -111.6892825812751
 Davidson iteration 0.5 (tol=0.0005689027501122335): -114.4975195246338 -113.0127818513519 -112.4103188155961 -111.6912201509993
 Davidson iteration 0.6 (tol=0.000143635238683462): -114.4975196305394 -113.1139645268784 -112.5237480942776 -111.8871180457766
 Davidson iteration 0.7 (tol=3.91139095162932e-05): -114.4975196374431 -113.1599800180236 -112.6304369443077 -112.0902100055589
 Davidson iteration 1.0 (tol=3.911390951540821e-05): -114.4975196374441
 Davidson iteration 1.1 (tol=1.36143556579654e-05): -114.4975196379204 -111.7629460449266
 Davidson iteration 1.2 (tol=4.163218495680236e-06): -114.4975196379932 -112.7633226342177 -110.8897061999358
 Elapsed time for davidson 45.457806 (sec) 
 Elapsed time for diagonalization 45.457943 (sec) 
 Elapsed time for mult 1.717505 (sec) 
 Energy = -114.4975196379919
 Elapsed time for measurement 0.223353 (sec) 
 Sample-based diagonalization: Energy = -114.4975196379919
 Sample-based diagonalization: density = [1.999972015106377,1.991307364458566,1.989408580614683,1.986189324646703,1.985572646914593,1.981982203059663,1.980314753346078,1.978464431025261,1.976828045501222,1.977619996354216,1.977390272918941,0.01669025260881382,0.009467604369882372,0.007364106212674636,0.01754825211506224,0.01547203564386247,0.01504123622723583,0.01314112936176249,0.01789164209554295,0.0175478435876493,0.01398630604026653,0.01513033829534965,0.01566961921847283
 Sample-based diagonalization: carryover bitstrings = [], size = 0
