 Elapsed time for helper construction 1.22068 (sec) 
 Elapsed time for init 0.018855 (sec) 
 Elapsed time for makeQChamDiagTerms 11.358784 (sec) 
 Davidson iteration 0.0 (tol=0.6262198669640584): -123.4313337182209
 Davidson iteration 0.1 (tol=0.1207787461637055): -123.6109720082072 -121.3310223823927
 Davidson iteration 0.2 (tol=0.0192810958504821): -123.6161947179578 -121.5646156776713 -120.8330783295007
 Davidson iteration 0.3 (tol=0.004759580884838487): -123.6163331939298 -121.6992843124853 -121.2239432437804 -120.7369744548308
 Davidson iteration 0.4 (tol=0.001304956845455908): -123.6163419566575 -121.9186739740115 -121.4098989789428 -120.8088862150244
 Davidson iteration 0.5 (tol=0.000306198756285541): -123.616342530257 -122.0909819146601 -121.498596717774 -120.8770213801187
 Davidson iteration 0.6 (tol=6.460166442365455e-05): -123.6163425610842 -122.1624193712989 -121.5625662938371 -121.0575193493259
 Davidson iteration 0.7 (tol=1.549038164223769e-05): -123.6163425624886 -122.1825182162798 -121.6222309631876 -121.2388146559555
 Davidson iteration 1.0 (tol=1.549038164262928e-05): -123.6163425624895
 Davidson iteration 1.1 (tol=4.89793453174931e-06): -123.6163425625683 -120.8803334867269
 Elapsed time for davidson 36.809921 (sec) 
 Elapsed time for diagonalization 36.810208 (sec) 
 Elapsed time for mult 1.066184 (sec) 
 Energy = -123.6163425625672
 Elapsed time for measurement 0.11079 (sec) 
 Sample-based diagonalization: Energy = -123.6163425625672
 Sample-based diagonalization: density = [1.999971827907505,1.990577525900101,1.989726850247586,1.987985846851824,1.983827305729588,1.98741272564365,1.982655020173563,1.982210470743202,1.987114451893068,1.980540826710069,1.978329390157572,1.979169546562332,0.009796177465441713,0.006820915610972549,0.01861523018214252,0.01417138431818833,0.01604596774213001,0.01325351365569996,0.01597127710465276,0.01553137237636985,0.01456006284809474,0.01472964121939459,0.01570740925004032,0.01527525940214402
 Sample-based diagonalization: carryover bitstrings = [], size = 0
