 Elapsed time for helper construction 0.512373 (sec) 
 Elapsed time for init 0.004672 (sec) 
 Elapsed time for makeQChamDiagTerms 1.294227 (sec) 
 Davidson iteration 0.0 (tol=0.6095271782561501): -92.0105260174781
 Davidson iteration 0.1 (tol=0.2496725078731567): -92.18023439711803 -90.20944159449215
 Davidson iteration 0.2 (tol=0.1041378060850066): -92.20008187986504 -90.49624218257239 -89.31752760781156
 Davidson iteration 0.3 (tol=0.03452274265217763): -92.20321227537933 -90.58774405080071 -89.53242208731172 -89.11345668138341
 Davidson iteration 0.4 (tol=0.01256741592416354): -92.2035671533807 -90.76406619570943 -89.68732366171555 -89.17137703581746
 Davidson iteration 0.5 (tol=0.004708886080289607): -92.20360963037115 -90.96315378994457 -90.01377792419339 -89.58184277174398
 Davidson iteration 0.6 (tol=0.001787179794425281): -92.20361608496061 -91.08850416251822 -90.16730137556422 -89.61925001030005
 Davidson iteration 0.7 (tol=0.0006369147316637191): -92.20361688623746 -91.17166349160429 -90.28852760920127 -89.63635517970556
 Davidson iteration 1.0 (tol=0.000636914731659458): -92.2036168862376
 Davidson iteration 1.1 (tol=0.000276515472124559): -92.20361698773675 -89.51097208232764
 Davidson iteration 1.2 (tol=0.0001097871167435399): -92.20361701277439 -90.59636408838065 -87.96911493840996
 Davidson iteration 1.3 (tol=4.617062459732429e-05): -92.20361701658442 -91.04030166214768 -89.20293795990428 -87.42386958738446
 Davidson iteration 1.4 (tol=1.65758048164928e-05): -92.20361701714677 -91.28262132407907 -89.25047640962809 -88.66927762055755
 Davidson iteration 1.5 (tol=5.590446048625765e-06): -92.20361701722659 -91.38242863730108 -89.58344049766946 -89.11213129267166
 Elapsed time for davidson 20.16277 (sec) 
 Elapsed time for diagonalization 20.162933 (sec) 
 Elapsed time for mult 0.581248 (sec) 
 Energy = -92.20361701722611
 Elapsed time for measurement 0.029238 (sec) 
 Sample-based diagonalization: Energy = -92.20361701722611
 Sample-based diagonalization: density = [1.999967919813958,1.987886019466575,1.986085557537696,1.979934819639654,1.980785621046748,1.973204111062686,1.977311185472275,1.896603452450047,1.98415476028772,0.1086531695799658,0.02310628451704141,0.02481401120955656,0.02113138313302867,0.0181589426301088,0.01883642783910093,0.01936633424787723
 Sample-based diagonalization: carryover bitstrings = [], size = 0
