 Elapsed time for helper construction 1.076248 (sec) 
 Elapsed time for init 0.019351 (sec) 
 Elapsed time for makeQChamDiagTerms 13.724588 (sec) 
 Davidson iteration 0.0 (tol=0.5427227255069387): -137.4744020615654
 Davidson iteration 0.1 (tol=0.1031371544512484): -137.6302900374319 -136.0232511138403
 Davidson iteration 0.2 (tol=0.02215723100361709): -137.6360442283132 -136.2298039859201 -135.9962772985009
 Davidson iteration 0.3 (tol=0.004805669514981803): -137.6363003284792 -136.2308595156019 -136.1657461436133 -135.8271950041898
 Davidson iteration 0.4 (tol=0.001221400454545028): -137.636313676965 -136.5462818257907 -136.21766019302 -135.9431063562143
 Davidson iteration 0.5 (tol=0.0003055456250900442): -137.6363145009206 -136.710390296353 -136.2211694577738 -136.1958386814779
 Davidson iteration 0.6 (tol=8.800871915887662e-05): -137.6363145595728 -136.9454508133589 -136.4288386614909 -136.2187910448474
 Davidson iteration 0.7 (tol=2.537034437482362e-05): -137.6363145643434 -137.0309545377429 -136.5166534006859 -136.3828603648231
 Davidson iteration 1.0 (tol=2.537034437691201e-05): -137.6363145643408
 Davidson iteration 1.1 (tol=9.093323020644535e-06): -137.6363145647419 -136.6287528149998
 Elapsed time for davidson 36.270141 (sec) 
 Elapsed time for diagonalization 36.270267 (sec) 
 Elapsed time for mult 0.702535 (sec) 
 Energy = -137.6363145647451
 Elapsed time for measurement 0.118757 (sec) 
 Sample-based diagonalization: Energy = -137.6363145647451
 Sample-based diagonalization: density = [1.999990168960835,1.99277713114705,1.991819623998525,1.99322826510151,1.994654749613269,1.991305530731921,1.989470894692915,1.991084605409364,1.989416926645775,1.986155365089165,1.97942922622228,1.96663841670183,1.933611591190551,0.03617397612855393,0.05750443361926785,0.02742368642852492,0.006664223928571635,0.00970362483852431,0.002274435546568937,0.01091276359506603,0.008535961408037945,0.01056919638157686,0.007404899839863284,0.009505167111541448,0.009331241851498948,0.004413893662863089
 Sample-based diagonalization: carryover bitstrings = [], size = 0
