 Elapsed time for helper construction 0.189652 (sec) 
 Elapsed time for init 0.001365 (sec) 
 Elapsed time for makeQChamDiagTerms 0.456479 (sec) 
 Davidson iteration 0.0 (tol=0.5728828935402612): -137.4595214905258
 Davidson iteration 0.1 (tol=0.2853592726936314): -137.5972416939601 -135.5315783785744
 Davidson iteration 0.2 (tol=0.1337675632051431): -137.6229242840212 -136.0494032760338 -134.6371333527832
 Davidson iteration 0.3 (tol=0.06096954559641304): -137.6280963546705 -136.3428113590519 -135.0436108827659 -133.6174224419276
 Davidson iteration 0.4 (tol=0.02725632027013508): -137.6290858134328 -136.55806843286 -135.2270487903116 -134.781682696528
 Davidson iteration 0.5 (tol=0.01197495364695773): -137.6293258911811 -136.8319223778748 -135.5088005093403 -134.8093167388441
 Davidson iteration 0.6 (tol=0.006331381099692037): -137.6293610340349 -136.9525168717531 -135.7254566645693 -134.8255115891166
 Davidson iteration 0.7 (tol=0.002581393424849383): -137.6293710878635 -137.0230917980026 -135.9517847613398 -135.0009092232729
 Davidson iteration 1.0 (tol=0.002581393424850899): -137.6293710878628
 Davidson iteration 1.1 (tol=0.00121043238602281): -137.6293725718193 -134.4453470197978
 Davidson iteration 1.2 (tol=0.0006713869858040361): -137.6293730502389 -136.0540498722087 -133.3401271938769
 Davidson iteration 1.3 (tol=0.0003122695374140374): -137.6293731807654 -136.6657573520578 -133.5681921699874 -133.3372941042692
 Davidson iteration 1.4 (tol=0.0001386199865613147): -137.629373206692 -136.9100247331509 -134.0629964217204 -133.4301616770172
 Davidson iteration 1.5 (tol=6.349111135963894e-05): -137.6293732115806 -137.0147208054873 -134.8998615321669 -133.7072858211362
 Davidson iteration 1.6 (tol=2.749692434199039e-05): -137.62937321269 -137.0842275483085 -135.7319773660656 -133.7285905129841
 Davidson iteration 1.7 (tol=1.078865869230747e-05): -137.6293732128758 -137.1214220864115 -136.1815204041155 -134.2841691944229
 Davidson iteration 2.0 (tol=1.07886586522362e-05): -137.6293732128762
 Davidson iteration 2.1 (tol=5.475138365548964e-06): -137.6293732129038 -135.1792913380999
 Elapsed time for davidson 5.250166999999999 (sec) 
 Elapsed time for diagonalization 5.250243999999999 (sec) 
 Elapsed time for mult 0.159971 (sec) 
 Energy = -137.6293732129042
 Elapsed time for measurement 0.006682 (sec) 
 Sample-based diagonalization: Energy = -137.6293732129042
 Sample-based diagonalization: density = [1.999997326123696,1.9940706376597,1.992937827179709,1.987297244939164,1.9866654606566,1.981283641884932,1.960817278917538,1.978990008477121,1.983890607366072,1.903989414038473,0.1347394631939685,0.007061712334692745,0.03035805364927067,0.03361701403704163,0.02428430951225284
 Sample-based diagonalization: carryover bitstrings = [], size = 0
