 Elapsed time for helper construction 1.432524 (sec) 
 Elapsed time for init 0.016468 (sec) 
 Elapsed time for makeQChamDiagTerms 14.53923 (sec) 
 Davidson iteration 0.0 (tol=0.6376271850415531): -167.3236898631174
 Davidson iteration 0.1 (tol=0.1906825916465954): -167.5101036405184 -165.5140351752344
 Davidson iteration 0.2 (tol=0.05757768556177952): -167.5235265748122 -165.7194370482823 -165.1830956665798
 Davidson iteration 0.3 (tol=0.01588782539760179): -167.5247492109199 -165.8496888881369 -165.1961878768264 -165.0864301721145
 Davidson iteration 0.4 (tol=0.005391699361049549): -167.5248591883139 -166.2719978138275 -165.2952582677776 -165.1377817227426
 Davidson iteration 0.5 (tol=0.001757453467437768): -167.5248720503681 -166.5801903081576 -165.5516735701291 -165.169660429688
 Davidson iteration 0.6 (tol=0.0005423697349987528): -167.5248734085875 -166.7211843111109 -165.7810184834877 -165.5506806910266
 Davidson iteration 0.7 (tol=0.0002005887226592795): -167.5248735435631 -166.835784435726 -166.0399998043607 -165.6902321015971
 Davidson iteration 1.0 (tol=0.000200588722663373): -167.5248735435641
 Davidson iteration 1.1 (tol=8.665238437881034e-05): -167.5248735601261 -165.8798946265926
 Davidson iteration 1.2 (tol=4.143062032871077e-05): -167.5248735651876 -166.7864478629218 -165.1132081481957
 Davidson iteration 1.3 (tol=1.422855271600582e-05): -167.5248735659122 -167.0174930143178 -165.1704952397611 -164.8520176250282
 Davidson iteration 1.4 (tol=4.577357314797387e-06): -167.5248735659971 -167.0783656333464 -165.47237380387 -165.1630628731729
 Elapsed time for davidson 55.316844 (sec) 
 Elapsed time for diagonalization 55.317154 (sec) 
 Elapsed time for mult 1.346556 (sec) 
 Energy = -167.5248735659952
 Elapsed time for measurement 0.159745 (sec) 
 Sample-based diagonalization: Energy = -167.5248735659952
 Sample-based diagonalization: density = [1.999989091046021,1.994280273463756,1.991978352687176,1.988995226992363,1.987978980245915,1.988594723858793,1.983695424376169,1.984640202483006,1.978294210639141,1.989350588355103,1.987437064399449,1.973007569771356,1.968538852169858,1.961075862047703,0.07373200143279079,0.04484748510794662,0.02103479484914746,0.01771789935613883,0.01945558339906519,0.01175415355115982,0.0120264980205454,0.01025448026696627,0.01132068102774784
 Sample-based diagonalization: carryover bitstrings = [], size = 0
