 Elapsed time for helper construction 0.555553 (sec) 
 Elapsed time for init 0.007553 (sec) 
 Elapsed time for makeQChamDiagTerms 2.573918 (sec) 
 Davidson iteration 0.0 (tol=0.5780487215642424): -152.1339298214968
 Davidson iteration 0.1 (tol=0.2489340340543627): -152.2679547923658 -150.0881114273746
 Davidson iteration 0.2 (tol=0.1088742707634206): -152.2853965080403 -150.5207519188139 -149.2050005617499
 Davidson iteration 0.3 (tol=0.03995827048802762): -152.2887579985079 -150.7238736845208 -149.4603412934928 -148.9550666960363
 Davidson iteration 0.4 (tol=0.01652175051765918): -152.2891636020894 -150.9363946807355 -149.7781953027527 -149.1579931849247
 Davidson iteration 0.5 (tol=0.006451574387402548): -152.2892462518779 -151.2456331692645 -150.0395581816155 -149.3551038484447
 Davidson iteration 0.6 (tol=0.002975733398329721): -152.2892571167307 -151.3969039331265 -150.2380029943883 -149.3551044815307
 Davidson iteration 0.7 (tol=0.001167641917789596): -152.2892594079023 -151.5077506988104 -150.560819869195 -149.6899852341097
 Davidson iteration 1.0 (tol=0.001167641917784441): -152.2892594079018
 Davidson iteration 1.1 (tol=0.0005860299724135173): -152.2892597451227 -149.74610111046
 Davidson iteration 1.2 (tol=0.0003087085556602853): -152.2892598645404 -151.0900723664417 -147.8374078325432
 Davidson iteration 1.3 (tol=0.0001357465458554996): -152.2892598934739 -151.5682476420301 -149.0080001512316 -147.1443920038164
 Davidson iteration 1.4 (tol=6.01163562748261e-05): -152.2892598979727 -151.7035184951073 -149.1874870844628 -148.8798796854797
 Davidson iteration 1.5 (tol=2.436230679128154e-05): -152.2892598989187 -151.7483958445523 -149.8764784812592 -149.0284479238522
 Davidson iteration 1.6 (tol=1.027589980091932e-05): -152.2892598990771 -151.7842503433342 -150.4867527504605 -149.4441978555361
 Davidson iteration 1.7 (tol=3.471272954587559e-06): -152.2892598991037 -151.801123174831 -150.8904342662019 -149.4486836195493
 Elapsed time for davidson 21.901809 (sec) 
 Elapsed time for diagonalization 21.902126 (sec) 
 Elapsed time for mult 0.6376309999999999 (sec) 
 Energy = -152.2892598991035
 Elapsed time for measurement 0.032278 (sec) 
 Sample-based diagonalization: Energy = -152.2892598991035
 Sample-based diagonalization: density = [1.999996637375204,1.996711368435042,1.992529543513558,1.992048428038513,1.98654695109178,1.985391977555589,1.987947497049518,1.978899460639908,1.97933149965779,1.983314719761547,1.93715523843972,0.09576919104258844,0.01130043247896096,0.02025430796799595,0.01714610136875534,0.01781128233181138,0.01784536308080015
 Sample-based diagonalization: carryover bitstrings = [], size = 0
