 Elapsed time for helper construction 1.0874 (sec) 
 Elapsed time for init 0.040804 (sec) 
 Elapsed time for makeQChamDiagTerms 11.82722 (sec) 
 Davidson iteration 0.0 (tol=0.5755596021797658): -155.1293851714653
 Davidson iteration 0.1 (tol=0.1299831527617087): -155.2836963792656 -153.2604265797323
 Davidson iteration 0.2 (tol=0.0356917006049242): -155.2910646548144 -153.6466410987881 -153.1465297487669
 Davidson iteration 0.3 (tol=0.008235815932456588): -155.2916312767014 -153.7864675726375 -153.2607753748009 -153.0182305796154
 Davidson iteration 0.4 (tol=0.002252548409440096): -155.2916632415019 -154.0919866445131 -153.2917377157935 -153.0841642089686
 Davidson iteration 0.5 (tol=0.0005701714904276682): -155.2916657285934 -154.3793070181888 -153.4014233815944 -153.2025695205873
 Davidson iteration 0.6 (tol=0.0001464365019700444): -155.2916658703869 -154.4427494697375 -153.5983366813996 -153.3313763166811
 Davidson iteration 0.7 (tol=4.46055080109192e-05): -155.2916658798309 -154.4997783764379 -153.6694954950965 -153.5903110112945
 Davidson iteration 1.0 (tol=4.460550801200141e-05): -155.2916658798299
 Davidson iteration 1.1 (tol=1.655733811245068e-05): -155.2916658806755 -153.6958489537709
 Davidson iteration 1.2 (tol=5.385873070358345e-06): -155.2916658808356 -154.0812042404587 -153.4393453362696
 Elapsed time for davidson 39.270965 (sec) 
 Elapsed time for diagonalization 39.283963 (sec) 
 Elapsed time for mult 0.9595579999999999 (sec) 
 Energy = -155.2916658808382
 Elapsed time for measurement 0.110498 (sec) 
 Sample-based diagonalization: Energy = -155.2916658808382
 Sample-based diagonalization: density = [1.999998216607417,1.993441935633555,1.992715538116051,1.990599921864162,1.987330500376696,1.985448017106195,1.985603869901076,1.991564401477589,1.99082921525692,1.993654372574662,1.96710751228968,1.992544897475079,1.958071872309982,0.07328159209663443,0.006135588841157276,0.01033169599617724,0.01137509220770895,0.01519508957862463,0.00818955445711342,0.01289667353363937,0.01134005359264875,0.002606302414101519,0.008001737046021758,0.01173634903615745
 Sample-based diagonalization: carryover bitstrings = [], size = 0
