 Elapsed time for helper construction 0.135756 (sec) 
 Elapsed time for init 0.002553 (sec) 
 Elapsed time for makeQChamDiagTerms 0.290037 (sec) 
 Davidson iteration 0.0 (tol=0.5068381905979366): -94.65932773525607
 Davidson iteration 0.1 (tol=0.1747151343434669): -94.77534881912949 -92.54546157816181
 Davidson iteration 0.2 (tol=0.05454478470283517): -94.78494991448143 -92.9570232288284 -91.55174344387625
 Davidson iteration 0.3 (tol=0.01962039544713022): -94.785714856165 -93.03926029849625 -91.79398528276353 -91.37522593724204
 Davidson iteration 0.4 (tol=0.00608425433446758): -94.78581279784898 -93.12523983002539 -92.08507190453619 -91.44535895704526
 Davidson iteration 0.5 (tol=0.00206099382888305): -94.78582248636 -93.24480623183263 -92.53890338911897 -91.63916261315046
 Davidson iteration 0.6 (tol=0.0007119249356370878): -94.78582375260099 -93.43906654705756 -92.84848070525418 -91.87884058020335
 Davidson iteration 0.7 (tol=0.0002567841295742929): -94.78582389470344 -93.65433745077225 -92.97670026018392 -91.92637628349821
 Davidson iteration 1.0 (tol=0.0002567841295747478): -94.78582389470299
 Davidson iteration 1.1 (tol=0.0001118485406482868): -94.78582391042124 -91.79727324423659
 Davidson iteration 1.2 (tol=4.713331429556876e-05): -94.78582391470144 -93.50878592114937 -89.66471736926572
 Davidson iteration 1.3 (tol=1.889412079348838e-05): -94.78582391533067 -93.89608192373176 -91.29081079444944 -88.84879606277518
 Davidson iteration 1.4 (tol=6.501861969117134e-06): -94.78582391541353 -94.0402059603271 -91.29087130386067 -90.75334216088288
 Elapsed time for davidson 3.718495 (sec) 
 Elapsed time for diagonalization 3.718551 (sec) 
 Elapsed time for mult 0.134268 (sec) 
 Energy = -94.78582391541384
 Elapsed time for measurement 0.005506 (sec) 
 Sample-based diagonalization: Energy = -94.78582391541384
 Sample-based diagonalization: density = [1.999988062912426,1.988465215492379,1.985132423119765,1.978328846651577,1.976674812473556,1.978472993625964,1.973067090677867,1.986086148248893,0.02488718582208608,0.02511717074940426,0.02325136059739203,0.01851524982252643,0.02199334949450024,0.02002009030455388
 Sample-based diagonalization: carryover bitstrings = [], size = 0
