 Elapsed time for helper construction 1.413959 (sec) 
 Elapsed time for init 0.049119 (sec) 
 Elapsed time for makeQChamDiagTerms 13.149875 (sec) 
 Davidson iteration 0.0 (tol=0.6901997019767814): -156.5773995337224
 Davidson iteration 0.1 (tol=0.2425452569523988): -156.7641821783978 -154.4491159678389
 Davidson iteration 0.2 (tol=0.08138692206152877): -156.7824280722091 -154.7280603735183 -154.0937552276861
 Davidson iteration 0.3 (tol=0.02223164653376934): -156.7845363336716 -154.8989686128669 -154.3065028071058 -153.880913675956
 Davidson iteration 0.4 (tol=0.009533183761358598): -156.7847408942291 -155.548786025254 -154.5164699444854 -154.1415075389166
 Davidson iteration 0.5 (tol=0.003784553166473724): -156.78477524872 -155.898459024916 -154.5303724309588 -154.2418788582027
 Davidson iteration 0.6 (tol=0.001313337547378638): -156.7847806871978 -156.0714195824472 -154.814540050198 -154.2947944950529
 Davidson iteration 0.7 (tol=0.0004719596691192849): -156.78478129437 -156.140035833378 -155.0446774070809 -154.4404527883092
 Davidson iteration 1.0 (tol=0.0004719596691193863): -156.7847812943698
 Davidson iteration 1.1 (tol=0.0002213018482223453): -156.7847813733539 -155.2810611432246
 Davidson iteration 1.2 (tol=9.753960192992613e-05): -156.7847813974818 -155.9169529941476 -153.9349851879366
 Davidson iteration 1.3 (tol=3.782693813941874e-05): -156.7847814010447 -156.2383850153329 -154.0208504091313 -153.5569611754372
 Davidson iteration 1.4 (tol=1.394661890903096e-05): -156.7847814015551 -156.2853590449418 -154.4158715352959 -154.018618829634
 Davidson iteration 1.5 (tol=5.241337150134562e-06): -156.7847814016335 -156.3475546435744 -155.235617939768 -154.0931716781561
 Elapsed time for davidson 67.096762 (sec) 
 Elapsed time for diagonalization 67.142535 (sec) 
 Elapsed time for mult 1.855233 (sec) 
 Energy = -156.7847814016341
 Elapsed time for measurement 0.11683 (sec) 
 Sample-based diagonalization: Energy = -156.7847814016341
 Sample-based diagonalization: density = [1.999969024043135,1.992639422751843,1.993001666214127,1.991329682515219,1.985690481703193,1.983417222423774,1.983991111643868,1.983630369272209,1.979953073177549,1.980965408831181,1.990490836378648,1.986925615925459,1.943975188591794,0.07813889105392374,0.01535403292437225,0.016855943487683,0.01690903330133152,0.01436047843289187,0.002263409195884018,0.01516280641830358,0.01686957492258272,0.0141482320348598,0.01395849428262877
 Sample-based diagonalization: carryover bitstrings = [], size = 0
