 Elapsed time for helper construction 4.319989 (sec) 
 Elapsed time for init 0.114853 (sec) 
 Elapsed time for makeQChamDiagTerms 31.044156 (sec) 
 Davidson iteration 0.0 (tol=0.6795648951670423): -152.0985932828623
 Davidson iteration 0.1 (tol=0.3091943884492259): -152.2894415844197 -149.9665264033933
 Davidson iteration 0.2 (tol=0.144384782100009): -152.3162561198902 -150.4457497916918 -148.8868399732402
 Davidson iteration 0.3 (tol=0.05405711850808122): -152.321839820918 -150.7024771483758 -149.0807164612774 -148.3893829697798
 Davidson iteration 0.4 (tol=0.02420366726377067): -152.3225835751659 -150.9225548679002 -149.5036362663704 -148.7291573306566
 Davidson iteration 0.5 (tol=0.01056852999849487): -152.3227463515908 -151.2273473639325 -150.0025920970697 -148.7631077747879
 Davidson iteration 0.6 (tol=0.00516964471974526): -152.3227788542382 -151.4578274887277 -150.2785964437734 -148.9534621105133
 Davidson iteration 0.7 (tol=0.002408598799512558): -152.3227873003924 -151.6409694893574 -150.5666493006853 -149.5451824796022
 Davidson iteration 1.0 (tol=0.002408598799514322): -152.3227873003906
 Davidson iteration 1.1 (tol=0.001260274005771046): -152.3227888279017 -149.5282981806439
 Davidson iteration 1.2 (tol=0.000772203561329036): -152.3227894609919 -151.2948371656312 -147.3737699684119
 Davidson iteration 1.3 (tol=0.0003967322250830408): -152.3227896538163 -151.7365531933248 -148.701176426214 -146.7841520689095
 Davidson iteration 1.4 (tol=0.0001788696296898995): -152.3227896957733 -151.8479199056415 -149.0652005994881 -148.1165192817625
 Davidson iteration 1.5 (tol=7.923399618297257e-05): -152.3227897049707 -151.8992398352734 -150.1269286306428 -148.6299056564788
 Davidson iteration 1.6 (tol=3.612486614882724e-05): -152.3227897067772 -151.9303689409336 -150.7912189671881 -148.8294092806295
 Davidson iteration 1.7 (tol=1.532955451327545e-05): -152.3227897072082 -151.9463392083487 -151.2208018309954 -149.2023492725247
 Davidson iteration 2.0 (tol=1.532955436182225e-05): -152.3227897072104
 Davidson iteration 2.1 (tol=8.399916081498277e-06): -152.3227897072832 -150.2646339273132
 Elapsed time for davidson 369.795262 (sec) 
 Elapsed time for diagonalization 369.795503 (sec) 
 Elapsed time for mult 13.767953 (sec) 
 Energy = -152.3227897072786
 Elapsed time for measurement 49.926432 (sec) 
 Sample-based diagonalization: Energy = -152.3227897072786
 Sample-based diagonalization: density = [1.999986949185291,1.990292911507471,1.988930364095018,1.987370030764628,1.983233934869349,1.980331856467018,1.978981161663214,1.97867282367209,1.979505292672682,1.968435556680781,1.983308667295758,1.984255117118235,1.940673771288867,0.1011200446998521,0.02660804694911896,0.01760639708807758,0.01600042890244524,0.01822608739787845,0.007879241160399425,0.02322335304724742,0.01037867525645539,0.01871088790803351,0.01626840002666788
 Sample-based diagonalization: carryover bitstrings = [], size = 0
 Elapse time for dumping one-particle rdm = 0.000966
 Elapse time for dumping two-particle rdm = 0.248934
 Zero-Body energy = 0
 One-Body energy = -258.2898387364172
 Two-Body energy = 105.9670490309353
 One-Body + Two-Body energy = -152.322789705482
 Zero-Body + One-Body + Two-Body energy = -152.322789705482
