 Elapsed time for helper construction 1.36541 (sec) 
 Elapsed time for init 0.017101 (sec) 
 Elapsed time for makeQChamDiagTerms 14.933951 (sec) 
 Davidson iteration 0.0 (tol=0.5856563714518342): -140.0386364374968
 Davidson iteration 0.1 (tol=0.1211818138485575): -140.1958870714039 -137.981205554896
 Davidson iteration 0.2 (tol=0.0371003558980192): -140.2018615827731 -138.6635305980219 -137.8813336072632
 Davidson iteration 0.3 (tol=0.00904147672349891): -140.2024336059891 -138.7145498539104 -138.0924058206353 -137.8027905936111
 Davidson iteration 0.4 (tol=0.002901844524873469): -140.2024836384628 -139.4353546938008 -138.1777747277845 -137.9576315424631
 Davidson iteration 0.5 (tol=0.000742489194283938): -140.2024874925171 -139.5757482987987 -138.2011721333441 -138.1137056687225
 Davidson iteration 0.6 (tol=0.0001859790387042118): -140.2024877351932 -139.6399827475611 -138.422939337548 -138.1181672056745
 Davidson iteration 0.7 (tol=4.352355925416458e-05): -140.202487749327 -139.661052466095 -138.5962905996265 -138.134979662497
 Davidson iteration 1.0 (tol=4.352355925537036e-05): -140.2024877493254
 Davidson iteration 1.1 (tol=1.210500696313508e-05): -140.2024877500018 -137.8798425714985
 Davidson iteration 1.2 (tol=3.218568517386556e-06): -140.2024877500671 -138.5044303374893 -137.4839388975522
 Elapsed time for davidson 46.686702 (sec) 
 Elapsed time for diagonalization 46.686927 (sec) 
 Elapsed time for mult 1.088556 (sec) 
 Energy = -140.2024877500696
 Elapsed time for measurement 0.136245 (sec) 
 Sample-based diagonalization: Energy = -140.2024877500696
 Sample-based diagonalization: density = [1.999973379575363,1.996016758694243,1.993364391766827,1.98876753854434,1.988286621613879,1.990089001222091,1.98330778972004,1.986415759419447,1.984298060420435,1.982171765978448,1.979173427452468,1.989362682743633,1.980175541867998,0.01701733907600693,0.0181476676719482,0.01889100409276116,0.01515552052350031,0.01288367985070497,0.01028959374474658,0.01129545383694219,0.01197655349823882,0.01084198231853888,0.01478803604665901,0.006406490626607558,0.01090395939010142
 Sample-based diagonalization: carryover bitstrings = [], size = 0
