"PluginInterface" error: Failure to initialize device 0: Error in cuDevicePrimaryCtxRetain: out of memory
"PluginInterface" error: Failure to initialize device 0: Error in cuDevicePrimaryCtxRetain: out of memory
"PluginInterface" error: Failure to initialize device 0: Error in cuDevicePrimaryCtxRetain: out of memory
"PluginInterface" error: Failure to initialize device 0: Error in cuDevicePrimaryCtxRetain: out of memory
"PluginInterface" error: Failure to initialize device 0: Error in cuDevicePrimaryCtxRetain: out of memory
"PluginInterface" error: Failure to initialize device 1: Error in cuDevicePrimaryCtxRetain: out of memory
"PluginInterface" error: Failure to initialize device 1: Error in cuDevicePrimaryCtxRetain: out of memory
"PluginInterface" error: Failure to initialize device 1: Error in cuDevicePrimaryCtxRetain: out of memory
"PluginInterface" error: Failure to initialize device 1: Error in cuDevicePrimaryCtxRetain: out of memory
"PluginInterface" error: Failure to initialize device 1: Error in cuDevicePrimaryCtxRetain: out of memory
"PluginInterface" error: Failure to initialize device 2: Error in cuDevicePrimaryCtxRetain: out of memory
"PluginInterface" error: Failure to initialize device 2: Error in cuDevicePrimaryCtxRetain: out of memory
"PluginInterface" error: Failure to initialize device 2: Error in cuDevicePrimaryCtxRetain: out of memory
"PluginInterface" error: Failure to initialize device 2: Error in cuDevicePrimaryCtxRetain: out of memory
"PluginInterface" error: Failure to initialize device 3: Error in cuDevicePrimaryCtxRetain: out of memory
"PluginInterface" error: Failure to initialize device 3: Error in cuDevicePrimaryCtxRetain: out of memory
"PluginInterface" error: Failure to initialize device 3: Error in cuDevicePrimaryCtxRetain: out of memory
"PluginInterface" error: Failure to initialize device 3: Error in cuDevicePrimaryCtxRetain: out of memory
 Elapsed time for helper construction 0.402911 (sec) 
 Elapsed time for init 0.006777 (sec) 
 Elapsed time for makeQChamDiagTerms 0.128696 (sec) 
 Davidson iteration 0.0 (tol=0.667310735700862): -185.2872649146444
 Davidson iteration 0.1 (tol=0.2920975008000448): -185.4856148067001 -183.5407516890577
 Davidson iteration 0.2 (tol=0.09344563074534473): -185.5160941225324 -183.7883054316804 -182.7701710583058
 Davidson iteration 0.3 (tol=0.02873401332022909): -185.5187990922857 -184.0370979886448 -182.770314887955 -182.5579929135768
 Davidson iteration 0.4 (tol=0.01103895358839862): -185.5190546038229 -184.2150355699496 -183.0794320608842 -182.7637546099599
 Davidson iteration 0.5 (tol=0.004056874087724064): -185.5190952303611 -184.3849999467743 -183.4356439894414 -182.766700805207
 Davidson iteration 0.6 (tol=0.001528195545602448): -185.5191003242744 -184.5525602272076 -183.6243102208807 -182.9350668832172
 Davidson iteration 0.7 (tol=0.0005161935264753069): -185.5191010044036 -184.6704323308423 -183.765140454134 -183.2113335135878
 Davidson iteration 0.8 (tol=0.0001680584048765802): -185.5191010811746 -184.708277886713 -183.8615356927522 -183.3016088918622
 Davidson iteration 0.9 (tol=5.979418179317121e-05): -185.5191010895919 -184.7257374697958 -183.9925342219237 -183.4623445322504
 Davidson iteration 0.10 (tol=2.113950366222837e-05): -185.5191010906744 -184.7355531501364 -184.1304056055466 -183.6390915930512
 Davidson iteration 0.11 (tol=7.285497439595383e-06): -185.5191010908189 -184.7539134046982 -184.323177272902 -183.7608181075345
 Davidson iteration 0.12 (tol=2.687759126365282e-06): -185.5191010908344 -184.7706669356077 -184.4804792483465 -183.8260318537682
 Davidson iteration 0.13 (tol=9.550352358408526e-07): -185.5191010908364 -184.7734744243815 -184.5548198677392 -183.866301154034
 Davidson iteration 0.14 (tol=3.3218861519272e-07): -185.5191010908367 -184.7878910708556 -184.6592413815266 -183.9489902924307
 Davidson iteration 0.15 (tol=1.153150143346194e-07): -185.5191010908368 -184.8066527172128 -184.7030035531299 -184.0305047883007
 Davidson iteration 0.16 (tol=3.913752748167476e-08): -185.5191010908368 -184.8200320934396 -184.7223986393745 -184.1082962021734
 Davidson iteration 0.17 (tol=1.332636077264655e-08): -185.5191010908368 -184.8490301159381 -184.7348403884781 -184.1914132768785
 Davidson iteration 0.18 (tol=4.434799067653615e-09): -185.5191010908368 -184.8593307801555 -184.7376652550415 -184.2457826200118
 Elapsed time for davidson 42.475738 (sec) 
 Elapsed time for diagonalization 42.476277 (sec) 
 Elapsed time for mult 1.6924 (sec) 
 Energy = -185.5191010908332
 Elapsed time for measurement 0.018466 (sec) 
 Sample-based diagonalization: Energy = -185.5191010908332
 Sample-based diagonalization: density = [1.99996676665536,1.99996939935017,1.999971118087249,1.985414272843586,1.983667866810896,1.979133527178089,1.977726977682535,1.975435569201164,1.973126509781449,1.973657942592323,1.97241249674234,1.886512871980101,0.1155332022014358,0.02457535561913997,0.02584781306205909,0.02381648755630025,0.02366367538422669,0.02256976468061933,0.02063862378503196,0.01789382961628004,0.01846592913287978
 Sample-based diagonalization: carryover bitstrings = [], size = 0
