 Elapsed time for helper construction 1.097291 (sec) 
 Elapsed time for init 0.017255 (sec) 
 Elapsed time for makeQChamDiagTerms 12.599686 (sec) 
 Davidson iteration 0.0 (tol=0.5624009507415929): -149.6028833397226
 Davidson iteration 0.1 (tol=0.1032351982953156): -149.746141614692 -147.5981166893705
 Davidson iteration 0.2 (tol=0.02288734546737603): -149.7506158870978 -147.8865940208274 -147.5454137010316
 Davidson iteration 0.3 (tol=0.005607943171603826): -149.7508467473978 -148.080397161275 -147.7504233051159 -147.5453960226637
 Davidson iteration 0.4 (tol=0.001462968832058613): -149.7508639809816 -148.5803693342047 -147.9016761590491 -147.5815870504802
 Davidson iteration 0.5 (tol=0.0003970871428337121): -149.750865143328 -148.8826603944176 -148.0960345206422 -147.7290827512577
 Davidson iteration 0.6 (tol=0.0001057085506719784): -149.750865216184 -148.9885892519805 -148.0966954753591 -148.0192318477988
 Davidson iteration 0.7 (tol=2.523566080262042e-05): -149.7508652209219 -149.0400383559712 -148.2453367542555 -148.0888414478078
 Davidson iteration 1.0 (tol=2.523566080280777e-05): -149.7508652209219
 Davidson iteration 1.1 (tol=7.487019397315865e-06): -149.7508652211789 -147.8465884419416
 Elapsed time for davidson 33.240697 (sec) 
 Elapsed time for diagonalization 33.240905 (sec) 
 Elapsed time for mult 0.7973969999999999 (sec) 
 Energy = -149.7508652211804
 Elapsed time for measurement 0.107663 (sec) 
 Sample-based diagonalization: Energy = -149.7508652211804
 Sample-based diagonalization: density = [1.999985789141609,1.992980631564713,1.992388959184214,1.991462445356918,1.98764648551606,1.992394934375333,1.988758178737932,1.98653335233128,1.989059368410182,1.985620354700284,1.993775514080093,1.972123900471455,1.987305265217272,1.998459497513853,0.001179725120284804,0.02951378134951938,0.009339014681902883,0.01696194584046635,0.009061555961536136,0.01409210813024587,0.0124059034396993,0.01732957705772798,0.008883898828326183,0.01084466318213176,0.01189314960427251
 Sample-based diagonalization: carryover bitstrings = [], size = 0
