 Elapsed time for helper construction 0.8430249999999999 (sec) 
 Elapsed time for init 0.009034 (sec) 
 Elapsed time for makeQChamDiagTerms 3.827315 (sec) 
 Davidson iteration 0.0 (tol=0.6559140845734097): -147.0604598322319
 Davidson iteration 0.1 (tol=0.2577800836319992): -147.2520721494395 -145.2157067704337
 Davidson iteration 0.2 (tol=0.09718892006922583): -147.2735305750608 -145.4422984745377 -144.5296580557141
 Davidson iteration 0.3 (tol=0.02843608392677344): -147.2765089119098 -145.5211809884556 -144.7741820501892 -144.4854506330422
 Davidson iteration 0.4 (tol=0.01039688710776181): -147.276825304715 -145.891817057849 -144.7997128995419 -144.7284013079509
 Davidson iteration 0.5 (tol=0.00391198371086158): -147.2768605670479 -146.2187546145094 -145.1417052006593 -144.7872886030133
 Davidson iteration 0.6 (tol=0.001282845373251938): -147.2768654113878 -146.3258718759137 -145.2179557324911 -145.0721124699752
 Davidson iteration 0.7 (tol=0.0004805910444712243): -147.2768659279741 -146.4152506285161 -145.3689259533973 -145.138237252799
 Davidson iteration 1.0 (tol=0.0004805910444726271): -147.2768659279657
 Davidson iteration 1.1 (tol=0.0002195946281739404): -147.2768659916304 -144.5383530740579
 Davidson iteration 1.2 (tol=9.223624276819081e-05): -147.2768660110592 -146.1174702662675 -142.5461146892355
 Davidson iteration 1.3 (tol=3.616149032629404e-05): -147.2768660138717 -146.4449482494264 -143.9819948621825 -142.1689694332915
 Davidson iteration 1.4 (tol=1.276774085964023e-05): -147.2768660142958 -146.6095064360857 -144.4761731472403 -143.8146151279762
 Davidson iteration 1.5 (tol=4.823126126490871e-06): -147.2768660143516 -146.6776257033808 -145.2518750401604 -144.0193212793703
 Elapsed time for davidson 36.757793 (sec) 
 Elapsed time for diagonalization 36.757964 (sec) 
 Elapsed time for mult 1.043046 (sec) 
 Energy = -147.2768660143514
 Elapsed time for measurement 0.046806 (sec) 
 Sample-based diagonalization: Energy = -147.2768660143514
 Sample-based diagonalization: density = [1.999978389143209,1.99332867189331,1.992668685980127,1.99369279311519,1.985759616284497,1.986623474703826,1.985605425721639,1.979559614168209,1.990450932353629,1.978484152317094,1.984268443035179,1.900701915281297,1.984461746208357,0.1083929040248133,0.02404130253442809,0.01976909437222772,0.02060614584956028,0.009874444112991074,0.009602148561671712,0.01449228330813899,0.01816719379243904,0.0194706230960584
 Sample-based diagonalization: carryover bitstrings = [], size = 0
