"PluginInterface" error: Failure to initialize device 0: Error in cuDevicePrimaryCtxRetain: out of memory
"PluginInterface" error: Failure to initialize device 0: Error in cuDevicePrimaryCtxRetain: out of memory
"PluginInterface" error: Failure to initialize device 1: Error in cuDevicePrimaryCtxRetain: out of memory
"PluginInterface" error: Failure to initialize device 1: Error in cuDevicePrimaryCtxRetain: out of memory
"PluginInterface" error: Failure to initialize device 2: Error in cuDevicePrimaryCtxRetain: out of memory
"PluginInterface" error: Failure to initialize device 2: Error in cuDevicePrimaryCtxRetain: out of memory
"PluginInterface" error: Failure to initialize device 3: Error in cuDevicePrimaryCtxRetain: out of memory
"PluginInterface" error: Failure to initialize device 3: Error in cuDevicePrimaryCtxRetain: out of memory
 Elapsed time for helper construction 0.194634 (sec) 
 Elapsed time for init 0.002258 (sec) 
 Elapsed time for makeQChamDiagTerms 0.04286 (sec) 
 Davidson iteration 0.0 (tol=0.6504083712651481): -102.2926177674789
 Davidson iteration 0.1 (tol=0.2739409165887718): -102.4805567420814 -100.5219290194754
 Davidson iteration 0.2 (tol=0.08208332444922382): -102.5064651684981 -100.7178612748319 -99.72382645912209
 Davidson iteration 0.3 (tol=0.02508884475562747): -102.5085536529126 -100.970952918471 -99.72516323541068 -99.54601319100175
 Davidson iteration 0.4 (tol=0.009582279712343749): -102.5087590091387 -101.2099540321395 -100.0845599861686 -99.72483934530896
 Davidson iteration 0.5 (tol=0.003455755187596544): -102.5087902799929 -101.4126192618468 -100.3980215139098 -99.72485946425526
 Davidson iteration 0.6 (tol=0.00120275545349616): -102.5087939072455 -101.5611612065872 -100.5528229355866 -99.8149455806212
 Davidson iteration 0.7 (tol=0.0003932660520935562): -102.5087943297982 -101.6591118201631 -100.6710765182253 -100.1197529412791
 Davidson iteration 0.8 (tol=0.0001247773959380912): -102.5087943747527 -101.6914145428868 -100.7727157019706 -100.2211404440347
 Davidson iteration 0.9 (tol=4.520132016124917e-05): -102.5087943794931 -101.7037451745193 -100.9815373924926 -100.4200155170083
 Davidson iteration 0.10 (tol=1.537846571174317e-05): -102.5087943801135 -101.7065412649297 -101.188802498025 -100.5566206739812
 Davidson iteration 0.11 (tol=5.094415716802184e-06): -102.5087943801895 -101.714523509917 -101.4082589572485 -100.6448368507437
 Davidson iteration 0.12 (tol=1.758090845892617e-06): -102.508794380197 -101.722561530347 -101.5413653171668 -100.7021640372457
 Davidson iteration 0.13 (tol=5.893263979340384e-07): -102.5087943801979 -101.7226590272477 -101.6017571195673 -100.7476355584464
 Davidson iteration 0.14 (tol=1.890566164710654e-07): -102.508794380198 -101.7303141228398 -101.68645156666 -100.8465857311099
 Davidson iteration 0.15 (tol=6.092151448111657e-08): -102.5087943801981 -101.7397390919468 -101.7055486678514 -100.933116212638
 Davidson iteration 0.16 (tol=1.990802648862485e-08): -102.508794380198 -101.7570023340121 -101.7116624346246 -101.0546529429887
 Davidson iteration 0.17 (tol=6.69816546513736e-09): -102.5087943801979 -101.7806755818333 -101.7132704961028 -101.175358996327
 Elapsed time for davidson 18.078977 (sec) 
 Elapsed time for diagonalization 18.079681 (sec) 
 Elapsed time for mult 0.6476729999999999 (sec) 
 Energy = -102.508794380198
 Elapsed time for measurement 0.036561 (sec) 
 Sample-based diagonalization: Energy = -102.508794380198
 Sample-based diagonalization: density = [1.999968743354099,1.988185167136451,1.987650288452992,1.982137534602035,1.980155868856932,1.978559025639039,1.976028335261491,1.976298392990164,1.975099077306358,1.892454144791401,0.1095388490089948,0.02241274179186517,0.02250034198498514,0.01907040116809347,0.02062061214787414,0.01955276767626589,0.0161673524109704,0.01629476838485069,0.01730558703439978
 Sample-based diagonalization: carryover bitstrings = [], size = 0
