 Elapsed time for helper construction 0.379102 (sec) 
 Elapsed time for init 0.008831 (sec) 
 Elapsed time for makeQChamDiagTerms 1.228542 (sec) 
 Davidson iteration 0.0 (tol=0.5599760045537306): -109.1677554881782
 Davidson iteration 0.1 (tol=0.2088987102228642): -109.2936976000352 -107.0217730318517
 Davidson iteration 0.2 (tol=0.08050439884301021): -109.3059542353015 -107.3956121229551 -106.2606975083923
 Davidson iteration 0.3 (tol=0.02496503493780357): -109.3077012611344 -107.5478068696492 -106.2657034753635 -106.0395194405895
 Davidson iteration 0.4 (tol=0.008551279485862151): -109.307870572102 -107.811620296017 -106.5959171407755 -106.1700251795178
 Davidson iteration 0.5 (tol=0.003096373049931609): -109.3078912533321 -108.1104586235928 -106.9796402650647 -106.3126244623409
 Davidson iteration 0.6 (tol=0.001142740695814228): -109.307893945617 -108.3175322267162 -107.153828611687 -106.5600279252174
 Davidson iteration 0.7 (tol=0.000431191175651228): -109.3078942838049 -108.4333301080039 -107.3392808634436 -106.764051802531
 Davidson iteration 1.0 (tol=0.0004311911756489702): -109.3078942838046
 Davidson iteration 1.1 (tol=0.000187552335293227): -109.3078943266266 -106.279690202778
 Davidson iteration 1.2 (tol=7.646293378764656e-05): -109.3078943380966 -107.9014840165267 -104.5757555081891
 Davidson iteration 1.3 (tol=3.107508923885863e-05): -109.3078943397086 -108.3854163044469 -106.224004745745 -103.4551350255845
 Davidson iteration 1.4 (tol=1.072170897374899e-05): -109.3078943399403 -108.5401211166894 -106.2726101167426 -105.5131153577252
 Davidson iteration 1.5 (tol=4.042899798078037e-06): -109.3078943399721 -108.6420300401438 -106.8415124471488 -106.254003121062
 Elapsed time for davidson 11.221874 (sec) 
 Elapsed time for diagonalization 11.222003 (sec) 
 Elapsed time for mult 0.5429379999999999 (sec) 
 Energy = -109.3078943399732
 Elapsed time for measurement 0.016258 (sec) 
 Sample-based diagonalization: Energy = -109.3078943399732
 Sample-based diagonalization: density = [1.999986246893033,1.991992240456649,1.988708555593063,1.984480148864155,1.979850320264035,1.979956145045981,1.976303737128028,1.991793025963452,1.959745558328363,0.06053859722874508,0.01929766662891651,0.01453586000983488,0.0114951082260318,0.0148122185584422,0.01305057052116959,0.0134540002179689
 Sample-based diagonalization: carryover bitstrings = [], size = 0
