 Elapsed time for helper construction 1.358732 (sec) 
 Elapsed time for init 0.021093 (sec) 
 Elapsed time for makeQChamDiagTerms 11.9522 (sec) 
 Davidson iteration 0.0 (tol=0.6617692780808542): -152.4038872640028
 Davidson iteration 0.1 (tol=0.241824710761672): -152.592089187502 -150.3381997765311
 Davidson iteration 0.2 (tol=0.09557185887462795): -152.6113519846764 -150.7703198705944 -149.7246456675574
 Davidson iteration 0.3 (tol=0.03050077462545545): -152.6144860372742 -151.0561261802661 -149.802541350724 -149.5652534084003
 Davidson iteration 0.4 (tol=0.01332126193484253): -152.6148254011659 -151.3784457405927 -150.1319172504434 -149.657742461724
 Davidson iteration 0.5 (tol=0.005432761444319379): -152.614893240407 -151.7062844407406 -150.4542653498588 -149.7392354707424
 Davidson iteration 0.6 (tol=0.002212704818414566): -152.614903959816 -151.8595184007526 -150.6912101529645 -149.7970245096221
 Davidson iteration 0.7 (tol=0.0009221111328666222): -152.6149057885412 -151.9406026426855 -151.0249206403143 -150.2052802327007
 Davidson iteration 1.0 (tol=0.0009221111328688265): -152.6149057885425
 Davidson iteration 1.1 (tol=0.0004478839093393078): -152.614906056795 -150.0720702548807
 Davidson iteration 1.2 (tol=0.0002331688805700511): -152.6149061526074 -151.6130586377398 -148.5720068082761
 Davidson iteration 1.3 (tol=0.0001000314202480179): -152.6149061736281 -152.0083552253287 -149.8185687768853 -147.8907611036164
 Davidson iteration 1.4 (tol=4.540040054953484e-05): -152.6149061774696 -152.1244785823006 -150.3091710481806 -149.6385038780309
 Davidson iteration 1.5 (tol=2.23939699771191e-05): -152.6149061784204 -152.2222138044783 -151.2518846071873 -149.6434231728489
 Davidson iteration 1.6 (tol=1.046193237988273e-05): -152.6149061786284 -152.2826393917707 -151.61696713403 -150.0767783222504
 Davidson iteration 1.7 (tol=4.632728015612751e-06): -152.6149061786765 -152.310113392702 -151.806809644682 -150.4092486556427
 Elapsed time for davidson 66.177218 (sec) 
 Elapsed time for diagonalization 66.177554 (sec) 
 Elapsed time for mult 1.792367 (sec) 
 Energy = -152.614906178672
 Elapsed time for measurement 0.145322 (sec) 
 Sample-based diagonalization: Energy = -152.614906178672
 Sample-based diagonalization: density = [1.999989637465489,1.991570854021719,1.990399788389376,1.990140150570715,1.98292907560667,1.98331724239691,1.982194033183721,1.977081994834752,1.983094654332963,1.977230143640863,1.971102188342154,1.98388259745918,1.958333169254319,0.09188544644234736,0.02018229486133163,0.0219518455752325,0.01327291316733259,0.02008540743956383,0.01879329016137381,0.0112971368779166,0.01709526644723296,0.01417086904874521
 Sample-based diagonalization: carryover bitstrings = [], size = 0
