"PluginInterface" error: Failure to initialize device 0: Error in cuDevicePrimaryCtxRetain: out of memory
"PluginInterface" error: Failure to initialize device 0: Error in cuDevicePrimaryCtxRetain: out of memory
"PluginInterface" error: Failure to initialize device 1: Error in cuDevicePrimaryCtxRetain: out of memory
"PluginInterface" error: Failure to initialize device 1: Error in cuDevicePrimaryCtxRetain: out of memory
"PluginInterface" error: Failure to initialize device 2: Error in cuDevicePrimaryCtxRetain: out of memory
"PluginInterface" error: Failure to initialize device 2: Error in cuDevicePrimaryCtxRetain: out of memory
"PluginInterface" error: Failure to initialize device 3: Error in cuDevicePrimaryCtxRetain: out of memory
"PluginInterface" error: Failure to initialize device 3: Error in cuDevicePrimaryCtxRetain: out of memory
 Elapsed time for helper construction 0.18815 (sec) 
 Elapsed time for init 0.001391 (sec) 
 Elapsed time for makeQChamDiagTerms 0.040559 (sec) 
 Davidson iteration 0.0 (tol=0.6513297613811168): -102.2344258669913
 Davidson iteration 0.1 (tol=0.2737658041262433): -102.4234711004217 -100.4580578429938
 Davidson iteration 0.2 (tol=0.08153278004086341): -102.4494660990159 -100.6633363874383 -99.6638107014291
 Davidson iteration 0.3 (tol=0.02477760450394023): -102.451548435708 -100.9199428468061 -99.66399757647338 -99.50738333484628
 Davidson iteration 0.4 (tol=0.009455287278396734): -102.4517498654013 -101.1569148191604 -100.0354568672008 -99.66399103843173
 Davidson iteration 0.5 (tol=0.003373745512524937): -102.451780336417 -101.3575668670197 -100.3519464715919 -99.66425045614932
 Davidson iteration 0.6 (tol=0.00117049686489744): -102.4517838202385 -101.5037124962492 -100.5053410427743 -99.76376601287373
 Davidson iteration 0.7 (tol=0.0003792410895111703): -102.451784226001 -101.6004280227905 -100.6260154160267 -100.0699749422319
 Davidson iteration 0.8 (tol=0.0001195382963659266): -102.4517842681432 -101.6325791064577 -100.7323025286467 -100.1779439531659
 Davidson iteration 0.9 (tol=4.308920836547466e-05): -102.4517842725211 -101.6446848925675 -100.9338660385733 -100.3758198169135
 Davidson iteration 0.10 (tol=1.471057998381625e-05): -102.4517842730843 -101.6476944766354 -101.128708252765 -100.511477964532
 Davidson iteration 0.11 (tol=4.869524093387129e-06): -102.4517842731545 -101.6572779617145 -101.3529440942305 -100.6052128024689
 Davidson iteration 0.12 (tol=1.685444791767158e-06): -102.4517842731615 -101.6664033764986 -101.4853799994043 -100.6631793466148
 Davidson iteration 0.13 (tol=5.680463719762999e-07): -102.4517842731622 -101.6668046613154 -101.5464216213612 -100.708151091374
 Davidson iteration 0.14 (tol=1.826505980069506e-07): -102.4517842731623 -101.6800931797563 -101.6292998853023 -100.8032085011388
 Davidson iteration 0.15 (tol=5.930114669604658e-08): -102.4517842731624 -101.6946594904179 -101.6459422282898 -100.8870546038252
 Davidson iteration 0.16 (tol=1.94430633596968e-08): -102.4517842731623 -101.7139484857071 -101.6512572910253 -101.0024474709366
 Davidson iteration 0.17 (tol=6.534580553661418e-09): -102.4517842731623 -101.7407109813005 -101.6529776670892 -101.1196169417734
 Elapsed time for davidson 17.577353 (sec) 
 Elapsed time for diagonalization 17.577401 (sec) 
 Elapsed time for mult 0.6204069999999999 (sec) 
 Energy = -102.4517842731618
 Elapsed time for measurement 0.049337 (sec) 
 Sample-based diagonalization: Energy = -102.4517842731618
 Sample-based diagonalization: density = [1.999968801900149,1.987969355318773,1.987664060768894,1.981906739334762,1.979924266030803,1.978011296361633,1.97541925198602,1.976071826793854,1.974804325229058,1.893528143365126,0.1085317398571374,0.02235988144639881,0.02309686518889578,0.01920374746887185,0.02109909336927965,0.02008512755262475,0.01661668916875501,0.01645092523744755,0.01728786360559696
 Sample-based diagonalization: carryover bitstrings = [], size = 0
