 Elapsed time for helper construction 0.642261 (sec) 
 Elapsed time for init 0.019923 (sec) 
 Elapsed time for makeQChamDiagTerms 2.870994 (sec) 
 Davidson iteration 0.0 (tol=0.5315956837041399): -89.32601166382885
 Davidson iteration 0.1 (tol=0.1814944750752951): -89.45379038779005 -87.21461191979098
 Davidson iteration 0.2 (tol=0.04369861055670237): -89.46460630232065 -87.64014299593723 -86.13809981254904
 Davidson iteration 0.3 (tol=0.01174512226515329): -89.46514048959928 -87.73491544400315 -86.58507302148681 -85.83170286232067
 Davidson iteration 0.4 (tol=0.003522251846986502): -89.46518087638063 -87.80994937390041 -86.96670844849959 -86.0656192321933
 Davidson iteration 0.5 (tol=0.001173514136530684): -89.46518453056231 -87.91336856110911 -87.34044003685601 -86.06883686191709
 Davidson iteration 0.6 (tol=0.0003315674121064788): -89.46518491736265 -88.01066995860428 -87.54679338120485 -86.5133800694116
 Davidson iteration 0.7 (tol=9.140812819283696e-05): -89.46518494915513 -88.06542364707546 -87.66437259787217 -86.8178677710961
 Davidson iteration 1.0 (tol=9.140812819392455e-05): -89.46518494915532
 Davidson iteration 1.1 (tol=3.243034549156742e-05): -89.46518495126054 -86.1121055260693
 Davidson iteration 1.2 (tol=1.134053991442925e-05): -89.46518495161406 -87.47230639205011 -85.08578293716947
 Davidson iteration 1.3 (tol=3.629408965702889e-06): -89.4651849516502 -87.91635254835555 -85.91625632928299 -84.57706354393333
 Elapsed time for davidson 20.933295 (sec) 
 Elapsed time for diagonalization 20.933534 (sec) 
 Elapsed time for mult 0.791505 (sec) 
 Energy = -89.46518495164979
 Elapsed time for measurement 0.041026 (sec) 
 Sample-based diagonalization: Energy = -89.46518495164979
 Sample-based diagonalization: density = [1.999965273155604,1.989584090290782,1.985461732444515,1.985906894023055,1.98093362734972,1.980015382368429,1.975604239115101,1.975617825177685,1.98004024171739,0.01011080371491616,0.02242678160223052,0.02179145836268213,0.02156833858996356,0.01905935157553715,0.01946834970172626,0.01414724566100842,0.01829836501700673
 Sample-based diagonalization: carryover bitstrings = [], size = 0
