 Elapsed time for helper construction 1.015071 (sec) 
 Elapsed time for init 0.015595 (sec) 
 Elapsed time for makeQChamDiagTerms 9.394955999999999 (sec) 
 Davidson iteration 0.0 (tol=0.5065254677248111): -159.4266327846999
 Davidson iteration 0.1 (tol=0.1041974332710498): -159.5434025001981 -157.4745305416186
 Davidson iteration 0.2 (tol=0.02635933100616544): -159.5487579824224 -158.1885772474039 -157.4556023165993
 Davidson iteration 0.3 (tol=0.006050902868946441): -159.5490783250093 -158.2481462230666 -157.7146571602465 -157.3798106072803
 Davidson iteration 0.4 (tol=0.002606071348657749): -159.5491032520127 -158.8258699686171 -157.8950569910799 -157.7136559834057
 Davidson iteration 0.5 (tol=0.0007234519343440242): -159.5491069913357 -158.9867696304217 -157.963600685199 -157.7353844245973
 Davidson iteration 0.6 (tol=0.0001956660585648184): -159.5491073059116 -159.1035014729933 -158.4188343019281 -157.7495786721828
 Davidson iteration 0.7 (tol=4.681260274715729e-05): -159.5491073238383 -159.1317671993915 -158.5889725194973 -157.8183907211691
 Davidson iteration 1.0 (tol=4.681260275018231e-05): -159.5491073238379
 Davidson iteration 1.1 (tol=1.251979808001561e-05): -159.549107324717 -157.6185308900195
 Davidson iteration 1.2 (tol=3.318000582971086e-06): -159.5491073248077 -158.4009815620396 -157.3223392525491
 Elapsed time for davidson 28.441239 (sec) 
 Elapsed time for diagonalization 28.441552 (sec) 
 Elapsed time for mult 0.51411 (sec) 
 Energy = -159.5491073248065
 Elapsed time for measurement 0.08182399999999999 (sec) 
 Sample-based diagonalization: Energy = -159.5491073248065
 Sample-based diagonalization: density = [1.999993317398296,1.995538808776454,1.992998043671535,1.992641145362841,1.987941518590352,1.991477871193005,1.990045667507196,1.983051016728602,1.990713104481244,1.991603847888416,1.988723903958745,1.989872680848397,1.981417471361278,0.04327461742242113,0.0105995707465182,0.009138459067586126,0.01290124030611793,0.01065169721488825,0.0114057579065832,0.004216840031247589,0.007292677725893586,0.007505148837855279,0.006995592787785415
 Sample-based diagonalization: carryover bitstrings = [], size = 0
