 Elapsed time for helper construction 1.512925 (sec) 
 Elapsed time for init 0.05568799999999999 (sec) 
 Elapsed time for makeQChamDiagTerms 18.363481 (sec) 
 Davidson iteration 0.0 (tol=0.6795857851447719): -153.4727483644987
 Davidson iteration 0.1 (tol=0.1763439219636088): -153.6915468545042 -151.7955425069173
 Davidson iteration 0.2 (tol=0.04476564156143634): -153.7042209110181 -151.8717969859846 -151.666482144634
 Davidson iteration 0.3 (tol=0.0114554765975882): -153.705050115355 -151.9741029636642 -151.6679502802896 -151.5678264358523
 Davidson iteration 0.4 (tol=0.003845535222818192): -153.7051178985726 -152.5523861436872 -151.7416125419045 -151.574976366513
 Davidson iteration 0.5 (tol=0.001282109940926298): -153.7051251414342 -152.8171419479876 -151.9767930533505 -151.7363340516081
 Davidson iteration 0.6 (tol=0.0004103124376769854): -153.7051259439187 -152.9737145076156 -152.109470375758 -151.916259889356
 Davidson iteration 0.7 (tol=0.0001471017661263453): -153.7051260352873 -153.1219314392271 -152.3682818593581 -152.109469029227
 Davidson iteration 1.0 (tol=0.0001471017661212574): -153.7051260352891
 Davidson iteration 1.1 (tol=5.217883122759675e-05): -153.7051260449064 -152.0126463512264
 Davidson iteration 1.2 (tol=2.323282767313315e-05): -153.7051260469924 -152.9942643008531 -151.5679024512226
 Davidson iteration 1.3 (tol=7.261662977926182e-06): -153.7051260472296 -153.1640144773593 -151.8218813313875 -151.2981307694417
 Elapsed time for davidson 64.430188 (sec) 
 Elapsed time for diagonalization 64.431952 (sec) 
 Elapsed time for mult 1.640179 (sec) 
 Energy = -153.7051260472293
 Elapsed time for measurement 0.170744 (sec) 
 Sample-based diagonalization: Energy = -153.7051260472293
 Sample-based diagonalization: density = [1.999975963878278,1.994657390726804,1.992297976058973,1.987433033772654,1.989559203592068,1.987606182305676,1.982870083108304,1.98718399488881,1.977391855778137,1.984230515897949,1.98297768526361,1.97404988722846,1.959334753869981,1.945863321191991,0.05349317327430696,0.04438722289972183,0.04433510944959901,0.0168625267659943,0.01456306908244833,0.01647667214402324,0.01229435126318571,0.01306337689471591,0.006465018200332738,0.0132549182411425,0.008372453953572858,0.01100025978473654
 Sample-based diagonalization: carryover bitstrings = [], size = 0
