 Elapsed time for helper construction 1.540354 (sec) 
 Elapsed time for init 0.022552 (sec) 
 Elapsed time for makeQChamDiagTerms 12.078335 (sec) 
 Davidson iteration 0.0 (tol=0.6727618490819472): -144.5280106530307
 Davidson iteration 0.1 (tol=0.2653148292583818): -144.7185932536394 -142.4242025496754
 Davidson iteration 0.2 (tol=0.1101024165399873): -144.7401815540346 -142.8643245762279 -141.6292675167333
 Davidson iteration 0.3 (tol=0.03464604855839897): -144.7440608044586 -143.1402054805559 -141.7556515048088 -141.4538918907572
 Davidson iteration 0.4 (tol=0.0147858272892858): -144.7444869617658 -143.4870887476816 -142.203751287635 -141.5823226365417
 Davidson iteration 0.5 (tol=0.005927980921316979): -144.7445642358775 -143.8176929097124 -142.5623359852761 -141.7365200176939
 Davidson iteration 0.6 (tol=0.002450768560959446): -144.7445762247538 -143.9656044274731 -142.7913762014532 -141.9245616960945
 Davidson iteration 0.7 (tol=0.0009764481181536775): -144.74457841352 -144.048644527841 -143.0595579862078 -142.2967809552692
 Davidson iteration 1.0 (tol=0.0009764481181551427): -144.7445784135192
 Davidson iteration 1.1 (tol=0.0004633688126935309): -144.7445787473644 -142.7739945623258
 Davidson iteration 1.2 (tol=0.0002553000784111956): -144.7445788533096 -143.7581153741938 -141.9690027934834
 Davidson iteration 1.3 (tol=0.0001061044356264666): -144.7445788754164 -144.0558256819208 -141.9804625143075 -141.3636823440512
 Davidson iteration 1.4 (tol=4.252967600836103e-05): -144.7445788792105 -144.1809590875896 -142.1684229171157 -141.9727029979136
 Davidson iteration 1.5 (tol=1.894008515794105e-05): -144.7445788799569 -144.2713813684337 -143.2366092796249 -141.9774011860992
 Davidson iteration 1.6 (tol=8.474023660021041e-06): -144.7445788800862 -144.3229138615404 -143.6352187632511 -142.0706883777671
 Elapsed time for davidson 67.44286099999999 (sec) 
 Elapsed time for diagonalization 67.44313 (sec) 
 Elapsed time for mult 1.949708 (sec) 
 Energy = -144.7445788800888
 Elapsed time for measurement 0.141553 (sec) 
 Sample-based diagonalization: Energy = -144.7445788800888
 Sample-based diagonalization: density = [1.999988563151714,1.990735724605442,1.989760941912396,1.988456754527212,1.983480241393272,1.980909776147273,1.979014113160091,1.979753182578473,1.975678455616259,1.96334172531365,1.986746482838846,1.944648076383387,0.09552369449860024,0.0224368424271106,0.01975703687412165,0.01805883267536659,0.01690366908834754,0.005037477223392335,0.01549972752410387,0.01052468592234839,0.01726440299369882,0.01647959266851376
 Sample-based diagonalization: carryover bitstrings = [], size = 0
