 Elapsed time for helper construction 0.391183 (sec) 
 Elapsed time for init 0.007054 (sec) 
 Elapsed time for makeQChamDiagTerms 1.290669 (sec) 
 Davidson iteration 0.0 (tol=0.5996450650073715): -111.1218828878995
 Davidson iteration 0.1 (tol=0.2553923233172744): -111.2726668508104 -109.0656646419672
 Davidson iteration 0.2 (tol=0.1123502816416424): -111.2919114410067 -109.5208473830872 -108.1768265551207
 Davidson iteration 0.3 (tol=0.03973005940944807): -111.295674546615 -109.7483027492697 -108.4172681914548 -107.8546953267608
 Davidson iteration 0.4 (tol=0.01669733922113476): -111.2961215942131 -109.9993131808036 -108.8106936601955 -108.029454855588
 Davidson iteration 0.5 (tol=0.007302107386437802): -111.296207962302 -110.3321090078265 -109.1617584339228 -108.2726937391448
 Davidson iteration 0.6 (tol=0.003418097052854921): -111.2962251259711 -110.5405947321214 -109.3940547082791 -108.3195603839401
 Davidson iteration 0.7 (tol=0.001456767484101512): -111.2962288342288 -110.6856270821595 -109.6925289105858 -108.7534963248288
 Davidson iteration 1.0 (tol=0.00145676748410029): -111.2962288342289
 Davidson iteration 1.1 (tol=0.0006353701521294784): -111.2962294067425 -108.6579559257744
 Davidson iteration 1.2 (tol=0.0003629928118521866): -111.2962295801544 -110.2709562948402 -108.0471132050645
 Davidson iteration 1.3 (tol=0.0001714264729227344): -111.2962296216511 -110.6648937665961 -108.1032399207173 -107.2824316396551
 Davidson iteration 1.4 (tol=7.28192564248676e-05): -111.2962296301659 -110.7865075605753 -108.3009718246937 -107.900280967911
 Davidson iteration 1.5 (tol=2.980801355515575e-05): -111.2962296318357 -110.8595762390189 -109.1682448810584 -108.2138786694132
 Davidson iteration 1.6 (tol=1.249597317119785e-05): -111.2962296320884 -110.8789921460784 -109.6188135808541 -108.4076774459238
 Davidson iteration 1.7 (tol=3.791454077997598e-06): -111.2962296321334 -110.8913922319341 -109.9595949568994 -108.4411580304496
 Elapsed time for davidson 16.103226 (sec) 
 Elapsed time for diagonalization 16.103331 (sec) 
 Elapsed time for mult 0.579537 (sec) 
 Energy = -111.2962296321333
 Elapsed time for measurement 0.029297 (sec) 
 Sample-based diagonalization: Energy = -111.2962296321333
 Sample-based diagonalization: density = [1.999988025195934,1.989369455695725,1.986665192843274,1.981950597753835,1.976995305012671,1.977192815985151,1.957375562472852,1.982174811465434,1.946371673603479,0.09338225516527232,0.02467296983083204,0.02368614418743967,0.02100195505675331,0.02174273821224932,0.01743049742948079
 Sample-based diagonalization: carryover bitstrings = [], size = 0
