 Elapsed time for helper construction 0.9846459999999999 (sec) 
 Elapsed time for init 0.018062 (sec) 
 Elapsed time for makeQChamDiagTerms 13.844626 (sec) 
 Davidson iteration 0.0 (tol=0.4228972942477622): -146.9332230591811
 Davidson iteration 0.1 (tol=0.07695019611772132): -147.0535674474727 -145.7975857048711
 Davidson iteration 0.2 (tol=0.0182228994654525): -147.0576148648973 -145.9675218066656 -145.7674494060035
 Davidson iteration 0.3 (tol=0.005065836243275373): -147.0578541972637 -146.2097665304689 -145.7791479819298 -145.6249951550055
 Davidson iteration 0.4 (tol=0.001392118336879494): -147.0578735098865 -146.4119769503978 -145.801282679604 -145.6740457379214
 Davidson iteration 0.5 (tol=0.0004212191987894958): -147.0578751088877 -146.5797010417704 -145.9413862923594 -145.8003634021505
 Davidson iteration 0.6 (tol=0.0001096650281928922): -147.0578752378575 -146.6345562837636 -146.150940799766 -145.8019936279205
 Davidson iteration 0.7 (tol=2.666379957232045e-05): -147.0578752462114 -146.6564409029557 -146.3560268159676 -145.8052984523434
 Davidson iteration 1.0 (tol=2.666379956693552e-05): -147.0578752462117
 Davidson iteration 1.1 (tol=7.69636198625756e-06): -147.0578752466593 -145.9612187899132
 Elapsed time for davidson 33.239854 (sec) 
 Elapsed time for diagonalization 33.24253 (sec) 
 Elapsed time for mult 0.5841489999999999 (sec) 
 Energy = -147.0578752466595
 Elapsed time for measurement 0.10843 (sec) 
 Sample-based diagonalization: Energy = -147.0578752466595
 Sample-based diagonalization: density = [1.999986868747598,1.997829623759892,1.995614445344027,1.995743440693614,1.997528703732583,1.997741460381405,1.996702875405363,1.997273684089217,1.990503481183365,1.994210134601704,1.970334144731463,1.972455557066986,1.938727936157512,1.948928963710622,0.04869141680238342,0.0574693542622314,0.04007590597910103,0.02615168116266504,0.002792201742190352,0.005592753654974067,0.003134209052161573,0.006160252969909854,0.005309790119326815,0.002538067344164953,0.002776108189149048,0.003298665014185159,0.002428274007977298
 Sample-based diagonalization: carryover bitstrings = [], size = 0
