 Elapsed time for helper construction 1.008213 (sec) 
 Elapsed time for init 0.013779 (sec) 
 Elapsed time for makeQChamDiagTerms 7.524458 (sec) 
 Davidson iteration 0.0 (tol=0.6624297352674656): -151.3346500064056
 Davidson iteration 0.1 (tol=0.2798484339213138): -151.5246432874717 -149.3375567749774
 Davidson iteration 0.2 (tol=0.1129641114393121): -151.550823481007 -149.8047062167205 -148.6833349180306
 Davidson iteration 0.3 (tol=0.04079239503036441): -151.5552339745495 -150.1096199632983 -148.8961737965311 -148.3217087689779
 Davidson iteration 0.4 (tol=0.01923898474501452): -151.5558704679877 -150.4709696405796 -149.2099810913711 -148.6922182412389
 Davidson iteration 0.5 (tol=0.008850942922427277): -151.5560293163849 -150.8429367990542 -149.5214230757654 -148.7348622041712
 Davidson iteration 0.6 (tol=0.004121763172870106): -151.5560563608956 -150.9570497642012 -149.7094319184724 -148.7762975865413
 Davidson iteration 0.7 (tol=0.001582692203092272): -151.5560622795234 -151.0012951574454 -149.9741255467467 -149.1602452054167
 Davidson iteration 1.0 (tol=0.001582692203100842): -151.5560622795245
 Davidson iteration 1.1 (tol=0.0007203049975336263): -151.5560630563494 -149.1429414885612
 Davidson iteration 1.2 (tol=0.0003752875547645212): -151.5560632845314 -150.2946600634884 -148.3441512266384
 Davidson iteration 1.3 (tol=0.0001697618172304907): -151.5560633399341 -150.7351484431904 -148.5330104772052 -148.3392936850582
 Davidson iteration 1.4 (tol=8.049783399401114e-05): -151.5560633505885 -150.939260915022 -149.116779238229 -148.4871513678302
 Davidson iteration 1.5 (tol=4.095135787440221e-05): -151.556063353439 -151.0747200815059 -150.0569828723171 -148.5024220387016
 Davidson iteration 1.6 (tol=1.893606964977369e-05): -151.5560633540871 -151.158731691233 -150.440478434934 -148.6605079583288
 Davidson iteration 1.7 (tol=8.316235588452046e-06): -151.5560633542286 -151.2023313375358 -150.6296902396147 -149.1677026815103
 Elapsed time for davidson 42.23479 (sec) 
 Elapsed time for diagonalization 42.235123 (sec) 
 Elapsed time for mult 0.9743889999999999 (sec) 
 Energy = -151.5560633542258
 Elapsed time for measurement 0.074489 (sec) 
 Sample-based diagonalization: Energy = -151.5560633542258
 Sample-based diagonalization: density = [1.999974493457888,1.994297439524394,1.994567999349351,1.989761557586273,1.983564973632277,1.981686950651508,1.97954977479561,1.987821557129923,1.980677693381673,1.964089287148869,1.978661463718147,1.987171875429981,1.920830855103151,0.09579306701025062,0.02349254085158754,0.01842230393234301,0.03254024589681112,0.02149745257539794,0.014569486884077,0.03002958422445855,0.0209993973653011
 Sample-based diagonalization: carryover bitstrings = [], size = 0
