 Elapsed time for helper construction 0.362589 (sec) 
 Elapsed time for init 0.010776 (sec) 
 Elapsed time for makeQChamDiagTerms 1.561764 (sec) 
 Davidson iteration 0.0 (tol=0.5285770038309774): -89.5297336943257
 Davidson iteration 0.1 (tol=0.1676334043215811): -89.65533470060961 -87.40569141020204
 Davidson iteration 0.2 (tol=0.03652055703307913): -89.66454406365597 -87.79394053036937 -86.39758690467281
 Davidson iteration 0.3 (tol=0.009116695276335221): -89.66492524625718 -87.88399354849513 -86.79901960080302 -86.14877875415532
 Davidson iteration 0.4 (tol=0.002525289289724693): -89.66495054711643 -87.96414186124709 -87.20822301641012 -86.35926333167032
 Davidson iteration 0.5 (tol=0.0007800275051793966): -89.66495244327808 -88.07238945476405 -87.54024524777563 -86.37372389315564
 Davidson iteration 0.6 (tol=0.0002032336920817978): -89.6649526147968 -88.16406406927149 -87.70811132806566 -86.72085162213334
 Davidson iteration 0.7 (tol=5.416924377966734e-05): -89.66495262689085 -88.2179384977364 -87.8213685482075 -87.02971320052109
 Davidson iteration 1.0 (tol=5.416924377798731e-05): -89.66495262689112
 Davidson iteration 1.1 (tol=1.840134042322723e-05): -89.6649526276522 -86.3365544984787
 Davidson iteration 1.2 (tol=5.840915425013762e-06): -89.66495262777102 -87.67870066963359 -85.44931380625651
 Elapsed time for davidson 11.141687 (sec) 
 Elapsed time for diagonalization 11.14178 (sec) 
 Elapsed time for mult 0.500378 (sec) 
 Energy = -89.66495262777075
 Elapsed time for measurement 0.022838 (sec) 
 Sample-based diagonalization: Energy = -89.66495262777075
 Sample-based diagonalization: density = [1.999966214573827,1.989813592726521,1.986860244681279,1.990356358073363,1.980465750353874,1.980154482857841,1.977812289113068,1.977821512045568,1.978066681191294,0.01546901086603635,0.02032701138494386,0.019790351751585,0.01897412167682707,0.01660843456681178,0.01867003242265115,0.01366161845878697,0.0151822931910723
 Sample-based diagonalization: carryover bitstrings = [], size = 0
