 Elapsed time for helper construction 0.174797 (sec) 
 Elapsed time for init 0.00378 (sec) 
 Elapsed time for makeQChamDiagTerms 0.637512 (sec) 
 Davidson iteration 0.0 (tol=0.5386902344284367): -150.1727570327618
 Davidson iteration 0.1 (tol=0.2350633783348579): -150.2937159372679 -148.1643684698043
 Davidson iteration 0.2 (tol=0.1038177949580778): -150.3097564622281 -148.6259559587359 -147.233239632725
 Davidson iteration 0.3 (tol=0.03886546243081522): -150.3129774944746 -148.8501772416452 -147.6090420637732 -146.8891277597465
 Davidson iteration 0.4 (tol=0.01493744395534784): -150.3133652947457 -149.017866139977 -147.9327075110332 -147.2671813854388
 Davidson iteration 0.5 (tol=0.00542327673881848): -150.3134359098015 -149.2821361602765 -148.1622516308251 -147.5862581228442
 Davidson iteration 0.6 (tol=0.002460968982003294): -150.3134436511885 -149.391751268875 -148.3015969875839 -147.5862581605502
 Davidson iteration 0.7 (tol=0.0009080251699389485): -150.3134452209489 -149.4827548679874 -148.5844544577832 -147.8031654588238
 Davidson iteration 1.0 (tol=0.0009080251699382006): -150.313445220948
 Davidson iteration 1.1 (tol=0.0004463831606114468): -150.3134454336036 -147.9949182565589
 Davidson iteration 1.2 (tol=0.00021967228516267): -150.3134455008828 -149.1168597783439 -146.0706179381644
 Davidson iteration 1.3 (tol=8.880842071659997e-05): -150.3134455159967 -149.5426848921754 -147.2891011226438 -145.4127186566176
 Davidson iteration 1.4 (tol=3.81232248177056e-05): -150.313445518052 -149.706370870267 -147.4371672685706 -147.0430747909618
 Davidson iteration 1.5 (tol=1.515493392657464e-05): -150.3134455184286 -149.7592053634555 -147.7781105519039 -147.2819982775604
 Davidson iteration 1.6 (tol=6.68402161250349e-06): -150.3134455184923 -149.8093592894422 -148.4748901356748 -147.5435348036443
 Elapsed time for davidson 5.989227 (sec) 
 Elapsed time for diagonalization 5.989298 (sec) 
 Elapsed time for mult 0.241816 (sec) 
 Energy = -150.3134455184933
 Elapsed time for measurement 0.008985 (sec) 
 Sample-based diagonalization: Energy = -150.3134455184933
 Sample-based diagonalization: density = [1.99999654123231,1.99828472683884,1.992528639988413,1.995310598185875,1.990021281684508,1.98499088407181,1.989104162208509,1.977913477300564,1.977071290744608,1.980853600890848,1.944390199020772,0.09344802668646408,0.01465289441669937,0.01954058764201166,0.02399010381307703,0.01790298523220217
 Sample-based diagonalization: carryover bitstrings = [], size = 0
