 Elapsed time for helper construction 1.405771 (sec) 
 Elapsed time for init 0.020804 (sec) 
 Elapsed time for makeQChamDiagTerms 13.996545 (sec) 
 Davidson iteration 0.0 (tol=0.617218624910585): -122.6194431835742
 Davidson iteration 0.1 (tol=0.1238311032786339): -122.797046437496 -120.5656434673722
 Davidson iteration 0.2 (tol=0.0213216027581319): -122.8026396635858 -120.8035317170197 -120.0958422532409
 Davidson iteration 0.3 (tol=0.005312349017635051): -122.8028108165993 -120.9411210525276 -120.4423528203619 -120.0243695777191
 Davidson iteration 0.4 (tol=0.001442744242535775): -122.8028220780486 -121.1724551220322 -120.6217523475787 -120.1468595355923
 Davidson iteration 0.5 (tol=0.0003455047964917379): -122.8028227960989 -121.3459195178713 -120.7257467907889 -120.1606257511063
 Davidson iteration 0.6 (tol=7.798308778068114e-05): -122.802822835756 -121.4139243078466 -120.8151791418591 -120.3702872067575
 Davidson iteration 0.7 (tol=1.863463775757724e-05): -122.8028228378495 -121.4338136745292 -120.8966588690408 -120.4749803457259
 Davidson iteration 1.0 (tol=1.863463775679987e-05): -122.8028228378512
 Davidson iteration 1.1 (tol=5.832763036526819e-06): -122.8028228379701 -120.2501817427615
 Elapsed time for davidson 45.738558 (sec) 
 Elapsed time for diagonalization 45.738833 (sec) 
 Elapsed time for mult 1.348739 (sec) 
 Energy = -122.8028228379681
 Elapsed time for measurement 0.128849 (sec) 
 Sample-based diagonalization: Energy = -122.8028228379681
 Sample-based diagonalization: density = [1.999971305016029,1.990404609547465,1.990146154395794,1.986954456681931,1.983243407771768,1.984040804798841,1.983342170847632,1.980819221847448,1.983661246089658,1.979343969139307,1.976772988598773,1.988050073745116,0.006559704043534445,0.01664863092752182,0.01491187691479148,0.01961168188575847,0.01062202009307098,0.01678555466694722,0.01430507348097522,0.0136099224626757,0.01373837614933579,0.01677653255711166,0.0139794362378033,0.01570078174213345
 Sample-based diagonalization: carryover bitstrings = [], size = 0
