 Elapsed time for helper construction 0.8150689999999999 (sec) 
 Elapsed time for init 0.022493 (sec) 
 Elapsed time for makeQChamDiagTerms 5.383506 (sec) 
 Davidson iteration 0.0 (tol=0.6048542460087947): -132.3983805865147
 Davidson iteration 0.1 (tol=0.1649460208887371): -132.5663936107405 -130.3431546837895
 Davidson iteration 0.2 (tol=0.04463454845567409): -132.575468151848 -130.6969681930095 -129.6781855119761
 Davidson iteration 0.3 (tol=0.0128855583985315): -132.5760728120481 -130.7585634064553 -129.7828622467446 -129.6387190664469
 Davidson iteration 0.4 (tol=0.004141765508120765): -132.5761281032329 -130.9317861735676 -130.2121697586207 -129.6543084928291
 Davidson iteration 0.5 (tol=0.001428443394130662): -132.5761341486594 -131.2881802853482 -130.5148444551935 -129.8170886083945
 Davidson iteration 0.6 (tol=0.0004872085498281727): -132.5761348286732 -131.4992874117054 -130.6361949452528 -129.8449757268134
 Davidson iteration 0.7 (tol=0.0001698114447361304): -132.5761349046607 -131.6215535455592 -130.7583477824975 -130.1197777528049
 Davidson iteration 1.0 (tol=0.0001698114447357979): -132.576134904661
 Davidson iteration 1.1 (tol=7.207792173413537e-05): -132.5761349131103 -129.8835873441448
 Davidson iteration 1.2 (tol=2.874850881196195e-05): -132.5761349152033 -131.3147831535144 -128.2011676646378
 Davidson iteration 1.3 (tol=1.026298851224587e-05): -132.5761349154838 -131.671842937568 -129.3485549973225 -127.9230733477674
 Davidson iteration 1.4 (tol=3.442756588296901e-06): -132.5761349155177 -131.8133009027222 -129.812739425989 -129.0904811931464
 Elapsed time for davidson 28.903631 (sec) 
 Elapsed time for diagonalization 28.905185 (sec) 
 Elapsed time for mult 1.071565 (sec) 
 Energy = -132.576134915517
 Elapsed time for measurement 0.055273 (sec) 
 Sample-based diagonalization: Energy = -132.576134915517
 Sample-based diagonalization: density = [1.999971422234538,1.993190177264659,1.989735196303954,1.986176723772195,1.981585339708891,1.981524444940547,1.978884403289018,1.980716922799051,1.978637358392908,1.982763821458077,1.979611974431198,1.989873887841815,0.02097719374425928,0.02259367353441914,0.02125806541288067,0.01975596189582665,0.02053150231815943,0.01656835517504411,0.01815828519880397,0.02004784632077946,0.01743744375004667
 Sample-based diagonalization: carryover bitstrings = [], size = 0
