 Elapsed time for helper construction 0.295683 (sec) 
 Elapsed time for init 0.008949 (sec) 
 Elapsed time for makeQChamDiagTerms 1.202724 (sec) 
 Davidson iteration 0.0 (tol=0.5515040641543228): -109.1677554881782
 Davidson iteration 0.1 (tol=0.1800340270383612): -109.292089289565 -107.0634185653804
 Davidson iteration 0.2 (tol=0.06497588874559494): -109.3019153075213 -107.3917307525166 -106.5334566088017
 Davidson iteration 0.3 (tol=0.01748020720627794): -109.3032013528311 -107.5467698417653 -106.5337641120389 -106.3789749244839
 Davidson iteration 0.4 (tol=0.005900386329961242): -109.3033042460532 -107.9076509389484 -106.7568371119208 -106.5025914115993
 Davidson iteration 0.5 (tol=0.002115506037914419): -109.3033170046471 -108.2592267890288 -107.1919933388779 -106.7228684612987
 Davidson iteration 0.6 (tol=0.000737743519846994): -109.3033184608347 -108.4184726064339 -107.1960334607644 -107.1558010766533
 Davidson iteration 0.7 (tol=0.000259036740503732): -109.3033186274459 -108.4857984675649 -107.4279120600577 -107.1839119097434
 Davidson iteration 1.0 (tol=0.0002590367405028453): -109.3033186274455
 Davidson iteration 1.1 (tol=0.0001061101769843616): -109.3033186461244 -106.7469191416141
 Davidson iteration 1.2 (tol=4.113229700072675e-05): -109.3033186503591 -107.9656285871025 -105.4610194645543
 Davidson iteration 1.3 (tol=1.480325637668189e-05): -109.3033186509002 -108.4080809887054 -106.5938985107813 -105.2920369318967
 Davidson iteration 1.4 (tol=4.874518363770677e-06): -109.3033186509666 -108.545689364592 -106.9196233959285 -106.2157702143544
 Elapsed time for davidson 9.112491 (sec) 
 Elapsed time for diagonalization 9.112587 (sec) 
 Elapsed time for mult 0.351036 (sec) 
 Energy = -109.3033186509668
 Elapsed time for measurement 0.016119 (sec) 
 Sample-based diagonalization: Energy = -109.3033186509668
 Sample-based diagonalization: density = [1.999986372412436,1.992430121644098,1.989421553221547,1.985810267600868,1.981021218518839,1.981460253201953,1.976830224082777,1.99230156225802,1.961236988670334,0.05880935904928701,0.01811268711946878,0.01329870653991938,0.01074968388921961,0.0139218637433951,0.01235321058477259,0.01225592738540364
 Sample-based diagonalization: carryover bitstrings = [], size = 0
