 Elapsed time for helper construction 3.590534 (sec) 
 Elapsed time for init 0.085094 (sec) 
 Elapsed time for makeQChamDiagTerms 23.304662 (sec) 
 Davidson iteration 0.0 (tol=0.6533509251604758): -123.3846306284371
 Davidson iteration 0.1 (tol=0.2665883302503875): -123.5684894703611 -121.3412466783183
 Davidson iteration 0.2 (tol=0.08256049306089555): -123.5914174195144 -121.6749897002957 -120.4771277221523
 Davidson iteration 0.3 (tol=0.02399160574053267): -123.5934033172603 -121.8963885842985 -120.5006787557458 -120.4166879158973
 Davidson iteration 0.4 (tol=0.008012757759208976): -123.5935725891778 -122.0340501080112 -121.0254813017091 -120.4231322864429
 Davidson iteration 0.5 (tol=0.00253974950565966): -123.5935921720072 -122.1756930020807 -121.4144421362429 -120.4452600254856
 Davidson iteration 0.6 (tol=0.0008711153205254548): -123.5935943016414 -122.3683471780885 -121.5960947439071 -121.0712853548928
 Davidson iteration 0.7 (tol=0.0002893140490589796): -123.5935945303225 -122.5035027265576 -121.7927354137823 -121.2983233256015
 Davidson iteration 1.0 (tol=0.0002893140490589733): -123.5935945303244
 Davidson iteration 1.1 (tol=0.0001087739028931656): -123.5935945510478 -120.1778838494981
 Davidson iteration 1.2 (tol=3.830030667644024e-05): -123.5935945549436 -121.7017866813344 -119.2370340012381
 Davidson iteration 1.3 (tol=1.371071978438581e-05): -123.5935945554197 -122.3617632528188 -120.3167599972057 -118.6281863729886
 Davidson iteration 1.4 (tol=4.601686996671059e-06): -123.5935945554743 -122.5535010234616 -120.4842656933627 -120.2585281662023
 Elapsed time for davidson 217.568243 (sec) 
 Elapsed time for diagonalization 217.568396 (sec) 
 Elapsed time for mult 11.495826 (sec) 
 Energy = -123.5935945554728
 Elapsed time for measurement 40.679778 (sec) 
 Sample-based diagonalization: Energy = -123.5935945554728
 Sample-based diagonalization: density = [1.999963190698589,1.988783758439624,1.987749174912903,1.985269148487583,1.980947416011432,1.985837045877668,1.982445274015402,1.979359290215153,1.97334242559957,1.976925623185231,1.977917437343286,1.953381780864992,0.04607660412920073,0.006866810569675865,0.02092619167864578,0.02203812494627102,0.02008496790512245,0.01925824056040479,0.01963991698251904,0.01650747800853393,0.01804619946005943,0.01312802252476349,0.01607416245107023,0.009431714991967946
 Sample-based diagonalization: carryover bitstrings = [], size = 0
 Elapse time for dumping one-particle rdm = 0.0009970000000000001
 Elapse time for dumping two-particle rdm = 0.290537
 Zero-Body energy = 0
 One-Body energy = -209.2484448565214
 Two-Body energy = 85.6548503018348
 One-Body + Two-Body energy = -123.5935945546866
 Zero-Body + One-Body + Two-Body energy = -123.5935945546866
