 Elapsed time for helper construction 1.037853 (sec) 
 Elapsed time for init 0.040325 (sec) 
 Elapsed time for makeQChamDiagTerms 15.996458 (sec) 
 Davidson iteration 0.0 (tol=0.5530399855845051): -180.662726341241
 Davidson iteration 0.1 (tol=0.08966892486298346): -180.8127093778134 -179.0203677081358
 Davidson iteration 0.2 (tol=0.01917880082029326): -180.816905346745 -179.3728929821666 -178.9939476092648
 Davidson iteration 0.3 (tol=0.003975415021306624): -180.8170941121772 -179.3829937888049 -179.1901624717546 -178.9914078768715
 Davidson iteration 0.4 (tol=0.0009304134146133662): -180.8171025259169 -179.6173171882366 -179.302451048429 -179.1029589836645
 Davidson iteration 0.5 (tol=0.0002164890593241202): -180.8171029805455 -179.8029252419907 -179.3672129047117 -179.1552294226524
 Davidson iteration 0.6 (tol=4.875492562602484e-05): -180.8171030044625 -179.9462014155955 -179.4007737787372 -179.2565293223709
 Davidson iteration 0.7 (tol=1.17071951121564e-05): -180.8171030055929 -180.029832058805 -179.4059681362394 -179.2819531919624
 Davidson iteration 1.0 (tol=1.170719511116855e-05): -180.8171030055908
 Davidson iteration 1.1 (tol=3.526140149651636e-06): -180.8171030056506 -179.1035434820182
 Elapsed time for davidson 43.92083 (sec) 
 Elapsed time for diagonalization 43.922797 (sec) 
 Elapsed time for mult 1.142385 (sec) 
 Energy = -180.8171030056546
 Elapsed time for measurement 0.121871 (sec) 
 Sample-based diagonalization: Energy = -180.8171030056546
 Sample-based diagonalization: density = [1.999978212543488,1.997479682264672,1.993756323869727,1.99401523809222,1.995659524693264,1.990874478510356,1.989412207419919,1.98682391831244,1.991289041076807,1.994715951839767,1.990407068665458,1.989403085063213,1.989078302633443,1.984125823052432,1.974859859252744,1.968400444440633,0.01749851540042917,0.0387838974161195,0.02684573555011386,0.01471106087090272,0.007600150042857312,0.01162487956418512,0.0108973804486062,0.008381402686159506,0.00821177818476935,0.007460352645892062,0.009497141999145184,0.008208543254891489
 Sample-based diagonalization: carryover bitstrings = [], size = 0
