 Elapsed time for helper construction 1.094729 (sec) 
 Elapsed time for init 0.019194 (sec) 
 Elapsed time for makeQChamDiagTerms 11.406661 (sec) 
 Davidson iteration 0.0 (tol=0.6061397964148276): -124.7598065779916
 Davidson iteration 0.1 (tol=0.1070200558459347): -124.9335983320478 -122.7336977010032
 Davidson iteration 0.2 (tol=0.01770442564569883): -124.9380774549975 -122.954649316801 -122.3901691030508
 Davidson iteration 0.3 (tol=0.004304574430887667): -124.9382086422536 -123.1329878845597 -122.7324023605319 -122.3314440633215
 Davidson iteration 0.4 (tol=0.001048025252457908): -124.9382165548576 -123.3663155810299 -122.810721636054 -122.5321512962648
 Davidson iteration 0.5 (tol=0.0002259190760629311): -124.9382169490727 -123.4943008239875 -122.8819271963666 -122.5386445879912
 Davidson iteration 0.6 (tol=4.76730312639634e-05): -124.938216966849 -123.5339210927735 -122.9667614974652 -122.6488723616395
 Davidson iteration 0.7 (tol=1.13799241399545e-05): -124.9382169676676 -123.5476007618744 -123.0580710614905 -122.7388794328411
 Davidson iteration 1.0 (tol=1.13799241398634e-05): -124.9382169676677
 Davidson iteration 1.1 (tol=3.609119617845294e-06): -124.9382169677138 -122.4155318524567
 Elapsed time for davidson 34.329165 (sec) 
 Elapsed time for diagonalization 34.329471 (sec) 
 Elapsed time for mult 0.900428 (sec) 
 Energy = -124.9382169677155
 Elapsed time for measurement 0.105056 (sec) 
 Sample-based diagonalization: Energy = -124.9382169677155
 Sample-based diagonalization: density = [1.999978488735082,1.990709858205052,1.989158956929817,1.988005013560371,1.988468699345695,1.9844024301043,1.98132292760263,1.982775010234476,1.987188463161629,1.981074151664764,1.979483554177807,1.978603483831725,0.006462537835739897,0.01935762213919727,0.01809909172020389,0.009309850311900424,0.01570852673130215,0.01639826758540229,0.01383046783935905,0.01623899553639046,0.01402456281715044,0.01226338503666671,0.01243939423259804,0.01469626041017768
 Sample-based diagonalization: carryover bitstrings = [], size = 0
