 Elapsed time for helper construction 0.452189 (sec) 
 Elapsed time for init 0.009915 (sec) 
 Elapsed time for makeQChamDiagTerms 0.806739 (sec) 
 Davidson iteration 0.0 (tol=0.6143579939866701): -92.11000368715126
 Davidson iteration 0.1 (tol=0.2696903333387389): -92.27940514185427 -90.25800962924104
 Davidson iteration 0.2 (tol=0.1226239658814916): -92.30186969236907 -90.60748801165353 -89.22403618820168
 Davidson iteration 0.3 (tol=0.04543726765399838): -92.30594900782904 -90.72432285020147 -89.49098103356529 -88.90343443884599
 Davidson iteration 0.4 (tol=0.01721158151569286): -92.30649548352618 -90.86883222408369 -89.71292875174346 -88.99707452797716
 Davidson iteration 0.5 (tol=0.006459039653570225): -92.30656617821408 -91.00207061119067 -89.97544437398642 -89.4458811068772
 Davidson iteration 0.6 (tol=0.002590227777408892): -92.30657725463027 -91.10102300687281 -90.20472389925128 -89.44780330110231
 Davidson iteration 0.7 (tol=0.0009678805383159492): -92.30657883398118 -91.17871871563464 -90.37566080390154 -89.50305353767251
 Davidson iteration 1.0 (tol=0.0009678805383154965): -92.30657883398032
 Davidson iteration 1.1 (tol=0.0004360148758358752): -92.30657905282253 -89.37959959890864
 Davidson iteration 1.2 (tol=0.000186605588847644): -92.30657911169946 -90.59405146953021 -87.81679626252162
 Davidson iteration 1.3 (tol=8.382192375682119e-05): -92.30657912205579 -91.11141283398851 -89.14616584962815 -87.1368279680328
 Davidson iteration 1.4 (tol=3.255486546250343e-05): -92.30657912379998 -91.35013804024896 -89.1714194051539 -88.38985370770634
 Davidson iteration 1.5 (tol=1.206345029131351e-05): -92.30657912409073 -91.46000800356413 -89.5082088919003 -89.13498056422819
 Davidson iteration 1.6 (tol=5.068104226972137e-06): -92.30657912413146 -91.49459782018145 -90.49032822600822 -89.45640491043595
 Elapsed time for davidson 16.297299 (sec) 
 Elapsed time for diagonalization 16.297505 (sec) 
 Elapsed time for mult 0.492077 (sec) 
 Energy = -92.30657912413109
 Elapsed time for measurement 0.020501 (sec) 
 Sample-based diagonalization: Energy = -92.30657912413109
 Sample-based diagonalization: density = [1.999966281241891,1.987466472833781,1.984802246126873,1.979315531700345,1.978904942753319,1.970654367323364,1.975679145929524,1.897953516698599,1.982394871921616,0.107740397748819,0.02480688705817165,0.02659928930435613,0.02338470771382269,0.02041259577798684,0.02048619086457126,0.01943255496121882
 Sample-based diagonalization: carryover bitstrings = [], size = 0
