 Elapsed time for helper construction 0.058244 (sec) 
 Elapsed time for init 0.000548 (sec) 
 Elapsed time for makeQChamDiagTerms 0.129941 (sec) 
 Davidson iteration 0.0 (tol=0.4686825352066744): -112.3255930185224
 Davidson iteration 0.1 (tol=0.1571303881501501): -112.4259847359607 -110.246941328853
 Davidson iteration 0.2 (tol=0.05672107871315842): -112.4335968495347 -110.6412963076527 -109.3586472282519
 Davidson iteration 0.3 (tol=0.02109834087040964): -112.4344323818723 -110.735055598693 -109.5211201755487 -108.9899585354252
 Davidson iteration 0.4 (tol=0.007283182073656276): -112.4345378270091 -110.8251662255664 -109.7977426486286 -109.0805807527964
 Davidson iteration 0.5 (tol=0.00276582574505811): -112.4345498528844 -110.9458753377422 -110.1075847546628 -109.249821241566
 Davidson iteration 0.6 (tol=0.001124811151101039): -112.4345515873434 -111.0921668552257 -110.3872303479391 -109.2946505683898
 Davidson iteration 0.7 (tol=0.0004215863605224713): -112.4345518533745 -111.2379922023317 -110.5584190804568 -109.4830395633096
 Davidson iteration 1.0 (tol=0.0004215863605222346): -112.4345518533749
 Davidson iteration 1.1 (tol=0.0001951192195226025): -112.4345518865356 -108.3914951193227
 Davidson iteration 1.2 (tol=7.438698507161006e-05): -112.4345518952802 -110.6298984703494 -104.9452248745785
 Davidson iteration 1.3 (tol=3.139135626930831e-05): -112.4345518966625 -111.2442161899247 -108.3034225750828 -103.6279121897588
 Davidson iteration 1.4 (tol=1.094550006840896e-05): -112.4345518968663 -111.489068463931 -108.5870054108204 -107.1518597479246
 Davidson iteration 1.5 (tol=3.768067696482928e-06): -112.4345518968932 -111.5824299627795 -108.95397651217 -108.5838803495106
 Elapsed time for davidson 1.600771 (sec) 
 Elapsed time for diagonalization 1.600839 (sec) 
 Elapsed time for mult 0.059433 (sec) 
 Energy = -112.4345518968926
 Elapsed time for measurement 0.002148 (sec) 
 Sample-based diagonalization: Energy = -112.4345518968926
 Sample-based diagonalization: density = [1.999996068403467,1.991668846498077,1.986608507852942,1.976345666361881,1.982590746413579,1.976696279725798,1.978834238331342,1.990376015147842,0.02479691018604499,0.02344114807887812,0.0238908717687463,0.02170834885176007,0.02304635237680131
 Sample-based diagonalization: carryover bitstrings = [], size = 0
