 Elapsed time for helper construction 0.34384 (sec) 
 Elapsed time for init 0.003476 (sec) 
 Elapsed time for makeQChamDiagTerms 1.588204 (sec) 
 Davidson iteration 0.0 (tol=0.5429100222073904): -150.6743083343813
 Davidson iteration 0.1 (tol=0.2316802351605098): -150.7968802495676 -148.6502542333442
 Davidson iteration 0.2 (tol=0.1010164919176539): -150.8128486576242 -149.114245979805 -147.7649312364343
 Davidson iteration 0.3 (tol=0.03730870384879407): -150.8159902550399 -149.3603673457148 -148.1394175421792 -147.4962941367042
 Davidson iteration 0.4 (tol=0.01486078887201915): -150.8163654547401 -149.5512519182725 -148.4296894879431 -147.749198330978
 Davidson iteration 0.5 (tol=0.005612977922973978): -150.816437036096 -149.8201169402196 -148.6870778667015 -148.014777581859
 Davidson iteration 0.6 (tol=0.002457053534941349): -150.8164458314873 -149.9474715777889 -148.8580545738789 -148.0235112599044
 Davidson iteration 0.7 (tol=0.0009565260429256243): -150.8164476058112 -150.0565974082048 -149.1898016786339 -148.3169275347874
 Davidson iteration 1.0 (tol=0.0009565260429230816): -150.8164476058124
 Davidson iteration 1.1 (tol=0.0004634773961581352): -150.8164478468695 -148.4885999947257
 Davidson iteration 1.2 (tol=0.0002257467225444916): -150.8164479258428 -149.6801434521407 -146.7466642957243
 Davidson iteration 1.3 (tol=9.235252645403107e-05): -150.8164479427102 -150.1032775938781 -147.8190894736782 -146.4134607939215
 Davidson iteration 1.4 (tol=3.795983420073097e-05): -150.8164479450467 -150.242763265408 -147.922175400414 -147.600906594736
 Davidson iteration 1.5 (tol=1.480896195919438e-05): -150.8164479454622 -150.2927029842104 -148.5509187369019 -147.7936775431147
 Davidson iteration 1.6 (tol=6.262961011609692e-06): -150.8164479455295 -150.3444241641992 -149.1382586840389 -148.2137913908064
 Elapsed time for davidson 13.087712 (sec) 
 Elapsed time for diagonalization 13.087878 (sec) 
 Elapsed time for mult 0.417523 (sec) 
 Energy = -150.8164479455287
 Elapsed time for measurement 0.027439 (sec) 
 Sample-based diagonalization: Energy = -150.8164479455287
 Sample-based diagonalization: density = [1.999996563850564,1.998016105835831,1.992754576126054,1.99078347502165,1.990384277734665,1.986994744564984,1.986583161138645,1.975463882824585,1.979148228123871,1.980303943721915,1.949595387666684,0.09127017178138214,0.02508259254006882,0.006461204431314836,0.007025291970074814,0.02323816855182508,0.01689822402058083
 Sample-based diagonalization: carryover bitstrings = [], size = 0
