 Elapsed time for helper construction 0.276221 (sec) 
 Elapsed time for init 0.007202 (sec) 
 Elapsed time for makeQChamDiagTerms 0.9924459999999999 (sec) 
 Davidson iteration 0.0 (tol=0.5102751496942626): -102.6021334774272
 Davidson iteration 0.1 (tol=0.1695184200917419): -102.7209380222579 -100.5144025473005
 Davidson iteration 0.2 (tol=0.0475387273085494): -102.7304971105269 -100.9272491899761 -99.65286205855192
 Davidson iteration 0.3 (tol=0.01578088008711401): -102.7311524517107 -101.0139699791632 -99.96183858332364 -99.6100600694466
 Davidson iteration 0.4 (tol=0.005175487098990718): -102.7312273457472 -101.1359640662699 -100.256393815316 -99.85956090295862
 Davidson iteration 0.5 (tol=0.001980391502849702): -102.731235843367 -101.3890410420705 -100.7319023917912 -99.88714846320738
 Davidson iteration 0.6 (tol=0.0007667516188003687): -102.7312371796211 -101.6884805017906 -100.9184613252938 -100.1002480921435
 Davidson iteration 0.7 (tol=0.0002916983202876559): -102.7312373729965 -101.8942550034975 -101.0119013426408 -100.1732334606244
 Davidson iteration 1.0 (tol=0.0002916983202884104): -102.7312373729966
 Davidson iteration 1.1 (tol=0.0001302233745159666): -102.7312373971875 -100.3133728768191
 Davidson iteration 1.2 (tol=5.79078846330927e-05): -102.7312374040445 -101.6398701076521 -98.43063498853228
 Davidson iteration 1.3 (tol=2.224101935724713e-05): -102.7312374051608 -101.9478106131006 -99.68392898856474 -97.95893552366174
 Davidson iteration 1.4 (tol=7.693593910696733e-06): -102.7312374053162 -102.095590589945 -99.76477679390905 -99.60653222346488
 Elapsed time for davidson 8.586437 (sec) 
 Elapsed time for diagonalization 8.586516 (sec) 
 Elapsed time for mult 0.373266 (sec) 
 Energy = -102.7312374053157
 Elapsed time for measurement 0.019609 (sec) 
 Sample-based diagonalization: Energy = -102.7312374053157
 Sample-based diagonalization: density = [1.999988808645027,1.987629271772774,1.986690943814508,1.989929854899788,1.977838229781872,1.981195287617431,1.976096527004358,1.976238155303112,1.987332373603651,0.02588126850601612,0.02299569668818247,0.02094999271381194,0.02122861631245727,0.01912576842893435,0.0199120786231444,0.006967126236389037
 Sample-based diagonalization: carryover bitstrings = [], size = 0
