 Elapsed time for helper construction 0.855868 (sec) 
 Elapsed time for init 0.030287 (sec) 
 Elapsed time for makeQChamDiagTerms 8.433600999999999 (sec) 
 Davidson iteration 0.0 (tol=0.6562789408622766): -156.5773995337224
 Davidson iteration 0.1 (tol=0.1693357537025831): -156.7540470075111 -154.5672969733155
 Davidson iteration 0.2 (tol=0.04509222111236288): -156.7647806948077 -154.8659846612557 -154.5496399500365
 Davidson iteration 0.3 (tol=0.01121984979207053): -156.7655319301543 -154.8794115718058 -154.7854630849714 -154.4346132252303
 Davidson iteration 0.4 (tol=0.003740165427358498): -156.7655876232697 -155.4368586909435 -154.8114887807342 -154.541770810453
 Davidson iteration 0.5 (tol=0.001046253993074691): -156.7655939798623 -155.7783370078162 -154.8659723028197 -154.6098524599141
 Davidson iteration 0.6 (tol=0.0002800244808141051): -156.7655944378861 -155.9456052024789 -154.9579999593428 -154.7707839003872
 Davidson iteration 0.7 (tol=8.280591583019348e-05): -156.7655944679178 -156.006057067012 -155.0587765957695 -154.8574067185636
 Davidson iteration 1.0 (tol=8.280591583064196e-05): -156.7655944679191
 Davidson iteration 1.1 (tol=3.257551105601902e-05): -156.7655944706612 -155.2596284622364
 Davidson iteration 1.2 (tol=1.065536532426139e-05): -156.765594471222 -155.7904510069501 -154.4685674350193
 Davidson iteration 1.3 (tol=3.073938862295944e-06): -156.7655944712683 -156.1089091979921 -154.4866756712773 -153.9902722766475
 Elapsed time for davidson 32.521848 (sec) 
 Elapsed time for diagonalization 32.542769 (sec) 
 Elapsed time for mult 0.6058589999999999 (sec) 
 Energy = -156.7655944712672
 Elapsed time for measurement 0.073073 (sec) 
 Sample-based diagonalization: Energy = -156.7655944712672
 Sample-based diagonalization: density = [1.999972115736181,1.99300299454668,1.993309358441082,1.991896487607516,1.987009433957963,1.985611339474861,1.985535076317827,1.984916459672634,1.984363707225262,1.983021109178523,1.991883496471075,1.989228192337422,1.952956091486127,0.06633997876652935,0.01420628435776755,0.0150562911231557,0.01457032868685144,0.01273292655678685,0.001960870621211793,0.01122423059401381,0.01585342778726436,0.01243641021974754,0.0129133885654404
 Sample-based diagonalization: carryover bitstrings = [], size = 0
