 Elapsed time for helper construction 0.624517 (sec) 
 Elapsed time for init 0.008789999999999999 (sec) 
 Elapsed time for makeQChamDiagTerms 3.879558 (sec) 
 Davidson iteration 0.0 (tol=0.5695550908889503): -153.1288345880077
 Davidson iteration 0.1 (tol=0.2454755277918826): -153.2646687798024 -151.2045905184796
 Davidson iteration 0.2 (tol=0.105942458692435): -153.2825959050864 -151.6065974233911 -150.4106305907112
 Davidson iteration 0.3 (tol=0.03700782825503675): -153.2860482348376 -151.7762215613268 -150.6592422952453 -150.2576814257978
 Davidson iteration 0.4 (tol=0.01555786811350393): -153.2864346335 -152.0166655830151 -150.9544733411851 -150.385774106832
 Davidson iteration 0.5 (tol=0.006058268412840132): -153.2865158886162 -152.3602709866212 -151.1843381366456 -150.6811285080063
 Davidson iteration 0.6 (tol=0.002568084732298624): -153.2865274627049 -152.4915232843948 -151.3298053979476 -150.7700949641269
 Davidson iteration 0.7 (tol=0.001041492567263483): -153.2865295114944 -152.5991931261017 -151.7319152808591 -150.953927454096
 Davidson iteration 1.0 (tol=0.001041492567264003): -153.2865295114941
 Davidson iteration 1.1 (tol=0.0004831168017491139): -153.2865298222255 -151.0517420609068
 Davidson iteration 1.2 (tol=0.0002647190626996205): -153.2865299191732 -152.3828756987139 -150.1231216442256
 Davidson iteration 1.3 (tol=0.0001217406583562875): -153.2865299418343 -152.7191773845601 -150.6243597869983 -149.0697170331901
 Davidson iteration 1.4 (tol=5.624080317217172e-05): -153.2865299463467 -152.8384635062542 -150.8200702155389 -150.5513317991299
 Davidson iteration 1.5 (tol=2.522951818204436e-05): -153.2865299474863 -152.9350208410756 -151.6777993516242 -150.6950243475477
 Davidson iteration 1.6 (tol=1.231892987159751e-05): -153.2865299477206 -152.9843262671698 -152.2464561221124 -151.0402654513206
 Davidson iteration 1.7 (tol=5.821978369248005e-06): -153.286529947776 -153.0176721961592 -152.5250517681396 -151.1212654881838
 Elapsed time for davidson 28.934992 (sec) 
 Elapsed time for diagonalization 28.93535 (sec) 
 Elapsed time for mult 0.7740049999999999 (sec) 
 Energy = -153.2865299477762
 Elapsed time for measurement 0.044699 (sec) 
 Sample-based diagonalization: Energy = -153.2865299477762
 Sample-based diagonalization: density = [1.999996907685301,1.996909609097717,1.992357761201035,1.99245633413942,1.989133860752341,1.987064571198276,1.990201882372823,1.975258066275322,1.974728397489599,1.983888038559819,1.92611827803273,0.1066367952484626,0.0120285840136486,0.007360406767858276,0.007553466565894409,0.0192951229556319,0.02080581010047242,0.01820610731972752
 Sample-based diagonalization: carryover bitstrings = [], size = 0
