 Elapsed time for helper construction 0.864733 (sec) 
 Elapsed time for init 0.031522 (sec) 
 Elapsed time for makeQChamDiagTerms 8.987330999999999 (sec) 
 Davidson iteration 0.0 (tol=0.5157084056085706): -160.692267547058
 Davidson iteration 0.1 (tol=0.1140929016605405): -160.8154400255471 -158.7393911334889
 Davidson iteration 0.2 (tol=0.03157991436592154): -160.8212246421533 -159.3035587766128 -158.6865465301107
 Davidson iteration 0.3 (tol=0.008069079575228046): -160.8216420772382 -159.3918325976016 -158.8356770413616 -158.6214285465826
 Davidson iteration 0.4 (tol=0.003169620247028261): -160.8216834710165 -159.961317843637 -159.1708589341799 -158.8023505405026
 Davidson iteration 0.5 (tol=0.0009298511100763657): -160.8216892603961 -160.2141719711533 -159.2133504346003 -158.9033171119483
 Davidson iteration 0.6 (tol=0.000266409735482198): -160.8216897592617 -160.3650129845226 -159.585509618153 -158.9728734694531
 Davidson iteration 0.7 (tol=6.832637484430339e-05): -160.8216897908399 -160.3917661043334 -159.7473664264737 -159.0610120790996
 Davidson iteration 1.0 (tol=6.832637484283938e-05): -160.8216897908384
 Davidson iteration 1.1 (tol=1.975375848307438e-05): -160.8216897926245 -158.8225800756697
 Davidson iteration 1.2 (tol=5.438659770380461e-06): -160.8216897928316 -159.6495774792582 -158.3792902842082
 Elapsed time for davidson 30.951196 (sec) 
 Elapsed time for diagonalization 30.951375 (sec) 
 Elapsed time for mult 0.9007799999999999 (sec) 
 Energy = -160.8216897928334
 Elapsed time for measurement 0.0766 (sec) 
 Sample-based diagonalization: Energy = -160.8216897928334
 Sample-based diagonalization: density = [1.999994725958916,1.996720952243186,1.991320881310633,1.994229653575645,1.995016787957288,1.987300604214229,1.994467055508909,1.987122066785598,1.982535877934422,1.984599597369681,1.984801505368935,1.990201760120528,1.979661218204972,0.03889695426855629,0.01407238487400989,0.01367112982493639,0.01266775381518412,0.01041316150160571,0.01440958247849209,0.008152234459780061,0.007128521981632962,0.008082328158578667,0.004533261870519457
 Sample-based diagonalization: carryover bitstrings = [], size = 0
