 Elapsed time for helper construction 2.114571 (sec) 
 Elapsed time for init 0.023883 (sec) 
 Elapsed time for makeQChamDiagTerms 12.580649 (sec) 
 Davidson iteration 0.0 (tol=0.6507400848628594): -123.4313337182209
 Davidson iteration 0.1 (tol=0.2486372704727932): -123.6156069641435 -121.2208319019488
 Davidson iteration 0.2 (tol=0.05891128507036795): -123.6355103472199 -121.7422628388907 -120.0643180212682
 Davidson iteration 0.3 (tol=0.01757280640482468): -123.6364816978362 -121.8442980933539 -120.59674601374 -119.9093242876216
 Davidson iteration 0.4 (tol=0.005525541129229269): -123.636576675933 -121.9591118806089 -121.1068612691109 -120.1670100472438
 Davidson iteration 0.5 (tol=0.001972795256006831): -123.636585844982 -122.0775604681562 -121.4479738715869 -120.1671350996636
 Davidson iteration 0.6 (tol=0.0006541162852386477): -123.6365870921575 -122.2022941172619 -121.7169672795044 -120.8685260497368
 Davidson iteration 0.7 (tol=0.0002044543304064684): -123.636587222266 -122.2657324418547 -121.861056301972 -121.1455612014189
 Davidson iteration 1.0 (tol=0.0002044543304055872): -123.6365872222657
 Davidson iteration 1.1 (tol=7.751718256311017e-05): -123.6365872326688 -120.1859236354634
 Davidson iteration 1.2 (tol=2.85290221211372e-05): -123.6365872345925 -121.5300094798952 -119.0657367608986
 Davidson iteration 1.3 (tol=1.042461371443023e-05): -123.6365872348389 -122.0390920123183 -120.1428295530007 -118.6029384680028
 Davidson iteration 1.4 (tol=3.416720207414262e-06): -123.6365872348689 -122.2561225565727 -120.5380746095442 -119.763360239353
 Elapsed time for davidson 110.399337 (sec) 
 Elapsed time for diagonalization 110.399525 (sec) 
 Elapsed time for mult 5.626984999999999 (sec) 
 Energy = -123.6365872348697
 Elapsed time for measurement 22.017006 (sec) 
 Sample-based diagonalization: Energy = -123.6365872348697
 Sample-based diagonalization: density = [1.999963856185858,1.988614265902783,1.987446472394458,1.985348480046314,1.98039753108179,1.984148308866713,1.97899003007014,1.977998194237469,1.983772730148315,1.9762883115884,1.97231907056125,1.974220114724234,0.01234552157565191,0.008696167009441265,0.02300174861196039,0.01768297546604081,0.01965992523454884,0.01629066450581674,0.01957155629015053,0.01901523992897333,0.01872134806383766,0.01796708017702269,0.01905256831476665,0.01848783898365718
 Sample-based diagonalization: carryover bitstrings = [], size = 0
 Elapse time for dumping one-particle rdm = 0.000811
 Elapse time for dumping two-particle rdm = 0.296531
 Zero-Body energy = 0
 One-Body energy = -210.1789576130227
 Two-Body energy = 86.54237037832669
 One-Body + Two-Body energy = -123.636587234696
 Zero-Body + One-Body + Two-Body energy = -123.636587234696
