 Elapsed time for helper construction 0.363172 (sec) 
 Elapsed time for init 0.009009999999999999 (sec) 
 Elapsed time for makeQChamDiagTerms 1.41855 (sec) 
 Davidson iteration 0.0 (tol=0.5563172401160241): -108.8626716049342
 Davidson iteration 0.1 (tol=0.2117367519031409): -108.9885457449365 -106.767875024787
 Davidson iteration 0.2 (tol=0.08281697640545611): -109.0013557966625 -107.1365967914914 -106.0422040661843
 Davidson iteration 0.3 (tol=0.02694679743566638): -109.0032184923456 -107.2964766605302 -106.0529678890567 -105.7585232459167
 Davidson iteration 0.4 (tol=0.009481622271755894): -109.0034152932757 -107.5688044316401 -106.3371780267136 -105.9264259402841
 Davidson iteration 0.5 (tol=0.003637208723191476): -109.0034415157412 -107.8987524595238 -106.7770263415195 -106.0730760841365
 Davidson iteration 0.6 (tol=0.00138561285251384): -109.0034453750165 -108.1197067478507 -106.9333628662654 -106.4209954663192
 Davidson iteration 0.7 (tol=0.0005454341897130855): -109.0034458972037 -108.254012457691 -107.147758821182 -106.5413274448803
 Davidson iteration 1.0 (tol=0.0005454341897141251): -109.003445897203
 Davidson iteration 1.1 (tol=0.0002409205952416696): -109.0034459679954 -106.3785288185491
 Davidson iteration 1.2 (tol=0.0001035941178004358): -109.0034459882803 -107.92022636451 -104.2812932742774
 Davidson iteration 1.3 (tol=4.22274828801111e-05): -109.0034459913169 -108.302960495059 -105.9624339593802 -103.5536103375321
 Davidson iteration 1.4 (tol=1.553479785580877e-05): -109.0034459917858 -108.4456109584754 -106.3761446494639 -105.3288287350911
 Davidson iteration 1.5 (tol=5.735199115602694e-06): -109.0034459918547 -108.5148553417401 -106.8034211454606 -106.070386847511
 Elapsed time for davidson 13.995451 (sec) 
 Elapsed time for diagonalization 13.995582 (sec) 
 Elapsed time for mult 0.5774589999999999 (sec) 
 Energy = -109.0034459918546
 Elapsed time for measurement 0.019144 (sec) 
 Sample-based diagonalization: Energy = -109.0034459918546
 Sample-based diagonalization: density = [1.999986369140831,1.991943791265182,1.988592784968519,1.983817839720362,1.979600308157183,1.98007882422585,1.976060270311195,1.99242761200722,1.95522613630074,0.06528858547137698,0.02040022521171325,0.01097178553013436,0.0131715587171193,0.01512400270457409,0.01456582876884289,0.01274407741868549
 Sample-based diagonalization: carryover bitstrings = [], size = 0
