 Elapsed time for helper construction 1.123354 (sec) 
 Elapsed time for init 0.029992 (sec) 
 Elapsed time for makeQChamDiagTerms 18.478232 (sec) 
 Davidson iteration 0.0 (tol=0.5856947054360034): -199.721764605372
 Davidson iteration 0.1 (tol=0.09182938524445598): -199.8838814484289 -197.8232346101747
 Davidson iteration 0.2 (tol=0.02235986476672811): -199.8880609350107 -198.3523373175263 -197.8022890974204
 Davidson iteration 0.3 (tol=0.005530248463189563): -199.8883118910471 -198.5696657944855 -198.0119940704139 -197.8012031092355
 Davidson iteration 0.4 (tol=0.001466217030159852): -199.8883303834566 -198.9909626062184 -198.0680885510542 -197.8321577621978
 Davidson iteration 0.5 (tol=0.0004384848288978826): -199.8883317027421 -199.2569268583059 -198.2658508353466 -197.9875996354687
 Davidson iteration 0.6 (tol=0.0001134737556670089): -199.8883318015022 -199.3039712186471 -198.4168115124683 -198.1450376611877
 Davidson iteration 0.7 (tol=3.718569500386154e-05): -199.8883318085279 -199.3501545506285 -198.7818005223116 -198.2171803079829
 Davidson iteration 1.0 (tol=3.718569499610946e-05): -199.8883318085263
 Davidson iteration 1.1 (tol=1.371533567349859e-05): -199.8883318092501 -198.4614647745536
 Davidson iteration 1.2 (tol=5.353162672820751e-06): -199.8883318094137 -199.315462605722 -197.6598251524149
 Elapsed time for davidson 46.229186 (sec) 
 Elapsed time for diagonalization 46.273698 (sec) 
 Elapsed time for mult 1.079627 (sec) 
 Energy = -199.88833180941
 Elapsed time for measurement 0.129748 (sec) 
 Sample-based diagonalization: Energy = -199.88833180941
 Sample-based diagonalization: density = [1.999983391982644,1.997104459613691,1.994853702645947,1.993969348821994,1.992746697498904,1.991608044018975,1.990272420527272,1.986463626720222,1.991923322494835,1.989489044725251,1.986122429032229,1.988822347486368,1.965153752534903,1.994202179935788,1.99275687481391,1.989645328384958,1.989386285606206,0.04040335557944992,0.01051530721788537,0.01930769397375215,0.01573511490585012,0.01018826965440485,0.01438293189390457,0.01037227772725485,0.008145955400684881,0.009315080822622057,0.006833853919763643,0.006487124420699042,0.005383046451131582,0.008426730938325602
 Sample-based diagonalization: carryover bitstrings = [], size = 0
