 Elapsed time for helper construction 1.28708 (sec) 
 Elapsed time for init 0.012752 (sec) 
 Elapsed time for makeQChamDiagTerms 8.528862999999999 (sec) 
 Davidson iteration 0.0 (tol=0.6234297230461763): -116.7720326971018
 Davidson iteration 0.1 (tol=0.1993962435391883): -116.9453204070942 -114.6304614548374
 Davidson iteration 0.2 (tol=0.04939827100807161): -116.9582450727238 -115.0371176656017 -113.7786152768876
 Davidson iteration 0.3 (tol=0.01487207528697662): -116.9589460146114 -115.1047503539568 -114.0869552781432 -113.7701010064241
 Davidson iteration 0.4 (tol=0.004843920272991683): -116.9590160035918 -115.2331382042427 -114.4337892551106 -114.0420457907495
 Davidson iteration 0.5 (tol=0.001748822628660324): -116.9590238069626 -115.495997653727 -114.8594272508794 -114.0472848417907
 Davidson iteration 0.6 (tol=0.0006215598713825127): -116.9590248317754 -115.7591827926298 -115.0184614764875 -114.2424554558726
 Davidson iteration 0.7 (tol=0.000216661003120526): -116.9590249608624 -115.9538661497116 -115.1232427316402 -114.3756931102647
 Davidson iteration 1.0 (tol=0.0002166610031196858): -116.9590249608629
 Davidson iteration 1.1 (tol=9.59160495050811e-05): -116.9590249757261 -114.6277878494847
 Davidson iteration 1.2 (tol=4.249703125647111e-05): -116.9590249797541 -115.8802316938516 -112.9508044376716
 Davidson iteration 1.3 (tol=1.519641496341866e-05): -116.9590249803437 -116.1559695555885 -113.7819611965805 -112.6163675523571
 Davidson iteration 1.4 (tol=4.991371073621677e-06): -116.9590249804155 -116.2706433275534 -114.0264830828402 -113.7125257086216
 Elapsed time for davidson 47.528044 (sec) 
 Elapsed time for diagonalization 47.528265 (sec) 
 Elapsed time for mult 1.566176 (sec) 
 Energy = -116.9590249804153
 Elapsed time for measurement 0.094569 (sec) 
 Sample-based diagonalization: Energy = -116.9590249804153
 Sample-based diagonalization: density = [1.9999684360109,1.989732999958858,1.988111396266749,1.983859364855989,1.980716351368504,1.978830105385658,1.978829612623935,1.978640731492438,1.975792834127811,1.975296260003613,1.984500437389636,0.02238518557204294,0.02349630378515716,0.02028159653591998,0.01888651013560649,0.01769907958212481,0.01829393609611109,0.01057519488594241,0.0170919409876722,0.01897688540850668,0.01803483721855449
 Sample-based diagonalization: carryover bitstrings = [], size = 0
