 Elapsed time for helper construction 1.429789 (sec) 
 Elapsed time for init 0.017249 (sec) 
 Elapsed time for makeQChamDiagTerms 16.148673 (sec) 
 Davidson iteration 0.0 (tol=0.666001963435067): -164.2679375676087
 Davidson iteration 0.1 (tol=0.199603286573624): -164.4587613623983 -162.2859229416129
 Davidson iteration 0.2 (tol=0.06231314253471471): -164.4732575291218 -162.5760074375313 -162.031277759809
 Davidson iteration 0.3 (tol=0.01588828138214696): -164.4747251874029 -162.7204377335365 -162.1867625211939 -162.0280681136434
 Davidson iteration 0.4 (tol=0.00550973277375605): -164.474827826214 -163.0574777123642 -162.191624494526 -162.1153700648221
 Davidson iteration 0.5 (tol=0.001894734458875939): -164.474841627273 -163.4409647285401 -162.37924613026 -162.1707486989839
 Davidson iteration 0.6 (tol=0.0005673438424771912): -164.4748431129851 -163.6005265944245 -162.4475535189962 -162.309073869031
 Davidson iteration 0.7 (tol=0.0002045136079043381): -164.4748432562281 -163.7321824544666 -163.0488065738527 -162.3453811167745
 Davidson iteration 1.0 (tol=0.0002045136079005571): -164.4748432562334
 Davidson iteration 1.1 (tol=7.975725391433829e-05): -164.4748432730747 -162.7023295084282
 Davidson iteration 1.2 (tol=3.664667767283359e-05): -164.4748432775266 -163.8055760102831 -162.1553139348333
 Davidson iteration 1.3 (tol=1.268870815992712e-05): -164.4748432780927 -163.9799184266085 -162.2589023202064 -162.0028166826587
 Davidson iteration 1.4 (tol=5.169495429526161e-06): -164.4748432781711 -164.0737243400295 -162.5847008169685 -162.2559808213054
 Elapsed time for davidson 56.227053 (sec) 
 Elapsed time for diagonalization 56.22725699999999 (sec) 
 Elapsed time for mult 1.200609 (sec) 
 Energy = -164.4748432781658
 Elapsed time for measurement 0.15132 (sec) 
 Sample-based diagonalization: Energy = -164.4748432781658
 Sample-based diagonalization: density = [1.999976390511963,1.994306683242081,1.993808966515356,1.990251404653227,1.987738486655926,1.986111372058433,1.988582589103456,1.984188934156469,1.979513913951208,1.983619326169288,1.974649621187037,1.995444826478743,1.984049700306535,1.95142761702705,0.07704229198730522,0.01613987083740911,0.01022849903280026,0.01503743949517465,0.01317647054113948,0.003634425084051521,0.01161013043188105,0.01633114480103797,0.01249096801841273,0.01556791829728649,0.01507100909480838
 Sample-based diagonalization: carryover bitstrings = [], size = 0
