 Elapsed time for helper construction 1.447522 (sec) 
 Elapsed time for init 0.020447 (sec) 
 Elapsed time for makeQChamDiagTerms 19.380384 (sec) 
 Davidson iteration 0.0 (tol=0.5470938591801038): -185.0780077049402
 Davidson iteration 0.1 (tol=0.08537740369966271): -185.2228963416797 -183.1935976444426
 Davidson iteration 0.2 (tol=0.01909331276196465): -185.2262527410721 -183.5558181866185 -183.087087420893
 Davidson iteration 0.3 (tol=0.004421630664626793): -185.2264297112484 -183.6755766241486 -183.3481797950913 -183.0641923906661
 Davidson iteration 0.4 (tol=0.001163134331599475): -185.2264411833864 -184.1971593524219 -183.4119372345582 -183.2475845893901
 Davidson iteration 0.5 (tol=0.000361276869311808): -185.2264419636466 -184.4012222899165 -183.699357765876 -183.368411708961
 Davidson iteration 0.6 (tol=0.0001568072010259762): -185.2264420558912 -184.6786353576176 -183.9566386188893 -183.580065325055
 Davidson iteration 0.7 (tol=5.81352478826059e-05): -185.226442071654 -184.8261717880978 -184.1089528996374 -183.5897498428065
 Davidson iteration 1.0 (tol=5.813524788236767e-05): -185.2264420716551
 Davidson iteration 1.1 (tol=1.93714340377255e-05): -185.2264420732749 -183.6585649191603
 Davidson iteration 1.2 (tol=7.456874631967181e-06): -185.2264420735395 -184.3514287155461 -183.2529856346429
 Elapsed time for davidson 46.132268 (sec) 
 Elapsed time for diagonalization 46.1325 (sec) 
 Elapsed time for mult 0.8040309999999999 (sec) 
 Energy = -185.2264420735359
 Elapsed time for measurement 0.147255 (sec) 
 Sample-based diagonalization: Energy = -185.2264420735359
 Sample-based diagonalization: density = [1.999988251466813,1.998120375499705,1.996303081636634,1.994006581068809,1.994520397752932,1.991894147667025,1.994579950794618,1.98972595462535,1.988587761902164,1.987177615596982,1.985847579382271,1.983741086254653,1.964542162669945,1.990949414796849,1.995869203191727,1.992204036565685,0.05027841576901021,0.002089633422776167,0.01273035148452627,0.01029572218553775,0.01360683432372892,0.009491343168909178,0.007396354706458394,0.006480676793902991,0.01136305084986387,0.007236380106330067,0.009422136646659579,0.003704083828021175,0.007847415663015347
 Sample-based diagonalization: carryover bitstrings = [], size = 0
