 Elapsed time for helper construction 0.9244519999999999 (sec) 
 Elapsed time for init 0.033448 (sec) 
 Elapsed time for makeQChamDiagTerms 9.396186 (sec) 
 Davidson iteration 0.0 (tol=0.601989094598025): -122.1571988821279
 Davidson iteration 0.1 (tol=0.1030373189773911): -122.3272223659052 -120.1137885812114
 Davidson iteration 0.2 (tol=0.01671665897987401): -122.3313401952265 -120.3343084703355 -119.7591473396714
 Davidson iteration 0.3 (tol=0.004111540597781325): -122.3314576363646 -120.5461641147879 -120.1049357188716 -119.6684669518474
 Davidson iteration 0.4 (tol=0.001017948811700863): -122.3314647871698 -120.7817704717344 -120.1958855494164 -119.8477105067445
 Davidson iteration 0.5 (tol=0.0002250784005198201): -122.3314651519178 -120.8947046339986 -120.2699675383402 -119.8596321569887
 Davidson iteration 0.6 (tol=4.802323132072897e-05): -122.3314651694537 -120.9330329971789 -120.3702242730578 -120.0083190470889
 Davidson iteration 0.7 (tol=1.172887867201027e-05): -122.3314651703161 -120.9446408015494 -120.498153631156 -120.1548010687875
 Davidson iteration 1.0 (tol=1.172887867123155e-05): -122.3314651703154
 Davidson iteration 1.1 (tol=3.639482393632878e-06): -122.3314651703646 -119.8276921020173
 Elapsed time for davidson 32.522581 (sec) 
 Elapsed time for diagonalization 32.5228 (sec) 
 Elapsed time for mult 1.180097 (sec) 
 Energy = -122.3314651703663
 Elapsed time for measurement 0.127382 (sec) 
 Sample-based diagonalization: Energy = -122.3314651703663
 Sample-based diagonalization: density = [1.999972966324001,1.990811382603499,1.990029543732988,1.988150102198557,1.984640225480787,1.989829552467931,1.984582274982055,1.984575170436428,1.984711546089246,1.981513546203828,1.977351912817914,1.980059304344469,0.00659389873772269,0.01666200775722974,0.01751091854633171,0.01384833861874426,0.01181103510530465,0.01685907826598518,0.0149176473191687,0.01295120603196969,0.01536092632648569,0.01306105092009183,0.009658173173698393,0.01453819124298017
 Sample-based diagonalization: carryover bitstrings = [], size = 0
