 Elapsed time for helper construction 0.956159 (sec) 
 Elapsed time for init 0.01414 (sec) 
 Elapsed time for makeQChamDiagTerms 9.141171999999999 (sec) 
 Davidson iteration 0.0 (tol=0.5862557506949339): -128.6128977081271
 Davidson iteration 0.1 (tol=0.114901300174677): -128.7699706492979 -126.5602831530342
 Davidson iteration 0.2 (tol=0.02780313310554356): -128.7754593731911 -127.1958789285206 -126.4694797308434
 Davidson iteration 0.3 (tol=0.006305437410764695): -128.7757816027663 -127.1980662664192 -126.7936586227234 -126.3962164454541
 Davidson iteration 0.4 (tol=0.00152363836633719): -128.7758008582207 -127.7309796346157 -126.7947738113676 -126.5618922782024
 Davidson iteration 0.5 (tol=0.0003249049579648293): -128.7758018148009 -127.8457290934838 -126.865163433302 -126.6928304051487
 Davidson iteration 0.6 (tol=7.01427280701012e-05): -128.7758018563231 -127.9408228637715 -126.8691915401823 -126.8305939077875
 Davidson iteration 0.7 (tol=1.598126041495123e-05): -128.7758018583056 -127.9951014329587 -127.0290542561449 -126.8644376660031
 Davidson iteration 1.0 (tol=1.59812604148845e-05): -128.7758018583058
 Davidson iteration 1.1 (tol=4.344338702006274e-06): -128.7758018584009 -126.6198879907759
 Elapsed time for davidson 28.307512 (sec) 
 Elapsed time for diagonalization 28.307695 (sec) 
 Elapsed time for mult 0.759282 (sec) 
 Energy = -128.7758018584021
 Elapsed time for measurement 0.083591 (sec) 
 Sample-based diagonalization: Energy = -128.7758018584021
 Sample-based diagonalization: density = [1.999972375286857,1.99435258094357,1.992429308159904,1.987390703463868,1.988487663830247,1.983858626200435,1.984947268894843,1.982342102915153,1.982564444469946,1.974360440828149,1.989588007780624,1.984092953168438,0.01204987714504809,0.02411213562563731,0.01653784503655507,0.01542517524143138,0.01313524918002364,0.01141944014118069,0.009385493718634765,0.01143138951262622,0.007250626147127376,0.0155032629241978,0.01034956705790866,0.009013462078864439
 Sample-based diagonalization: carryover bitstrings = [], size = 0
