 Elapsed time for helper construction 1.428087 (sec) 
 Elapsed time for init 0.050764 (sec) 
 Elapsed time for makeQChamDiagTerms 17.335168 (sec) 
 Davidson iteration 0.0 (tol=0.6710995271446324): -178.4839277905383
 Davidson iteration 0.1 (tol=0.212693754659965): -178.6765046076646 -176.549457333095
 Davidson iteration 0.2 (tol=0.06987701400121404): -178.6926595415542 -176.8066552292547 -176.3177242912392
 Davidson iteration 0.3 (tol=0.02002926550761976): -178.6944387384599 -176.9044937111134 -176.3578981209786 -176.2772569777239
 Davidson iteration 0.4 (tol=0.007202606912182255): -178.6946010948138 -177.2680964457527 -176.4369809296692 -176.3415447736028
 Davidson iteration 0.5 (tol=0.002446759737754671): -178.6946255887187 -177.7135369965982 -176.5119687648864 -176.4205296200678
 Davidson iteration 0.6 (tol=0.0007656972560588918): -178.6946280561968 -177.895500651177 -176.6264157456059 -176.5114824175977
 Davidson iteration 0.7 (tol=0.000250087107602095): -178.6946282685431 -177.9383050276832 -176.9103993206743 -176.5235043199613
 Davidson iteration 1.0 (tol=0.0002500871076021347): -178.6946282685447
 Davidson iteration 1.1 (tol=9.818353946715456e-05): -178.6946282905043 -176.685450710932
 Davidson iteration 1.2 (tol=3.389906541988932e-05): -178.6946282949148 -177.4845885717298 -175.6871669494095
 Davidson iteration 1.3 (tol=1.101567396575559e-05): -178.6946282953682 -177.8328163638626 -176.2084040184893 -175.4079265601915
 Davidson iteration 1.4 (tol=4.36529661038828e-06): -178.6946282954209 -178.0258029421775 -176.7142331677423 -176.1995248970901
 Elapsed time for davidson 62.436739 (sec) 
 Elapsed time for diagonalization 62.43870099999999 (sec) 
 Elapsed time for mult 1.564759 (sec) 
 Energy = -178.6946282954191
 Elapsed time for measurement 0.138361 (sec) 
 Sample-based diagonalization: Energy = -178.6946282954191
 Sample-based diagonalization: density = [1.999977822640125,1.994086725941527,1.994100862803287,1.991847163911177,1.988520611111486,1.992125430484554,1.989261802721053,1.986890373553737,1.985948224284409,1.9847125944895,1.983122134872051,1.973365119450014,1.993687754950405,1.98742037734886,1.940719401606407,0.08658342473558657,0.008796920906605984,0.01449771409117963,0.01542525755979963,0.01077956656265397,0.009198490766575782,0.01112062936104994,0.01380151362784944,0.01325279444864381,0.01542171515828191,0.01533557209020454
 Sample-based diagonalization: carryover bitstrings = [], size = 0
