 Elapsed time for helper construction 1.237722 (sec) 
 Elapsed time for init 0.017757 (sec) 
 Elapsed time for makeQChamDiagTerms 13.947003 (sec) 
 Davidson iteration 0.0 (tol=0.5523413551774073): -140.0386364374968
 Davidson iteration 0.1 (tol=0.1017709359906045): -140.1796179792146 -137.9985342753057
 Davidson iteration 0.2 (tol=0.03068221279989115): -140.1842915049082 -138.8001367059475 -137.938374221151
 Davidson iteration 0.3 (tol=0.007209643333154909): -140.1847081057973 -138.8566633346407 -138.1700620824386 -137.8766272888787
 Davidson iteration 0.4 (tol=0.002097707390971919): -140.1847408203662 -139.4756361883459 -138.2042299285661 -138.0230005927071
 Davidson iteration 0.5 (tol=0.0004890708556763166): -140.1847428747776 -139.585688676928 -138.2236388914834 -138.2016189203835
 Davidson iteration 0.6 (tol=0.0001091916779385162): -140.1847429790121 -139.6346489336682 -138.4131128101292 -138.2219709244723
 Davidson iteration 0.7 (tol=2.300194009031879e-05): -140.1847429838537 -139.6459497436579 -138.5643564420758 -138.2230127987045
 Davidson iteration 1.0 (tol=2.300194009012515e-05): -140.1847429838524
 Davidson iteration 1.1 (tol=5.937304003461279e-06): -140.184742984047 -137.9243840612489
 Elapsed time for davidson 38.795318 (sec) 
 Elapsed time for diagonalization 38.795579 (sec) 
 Elapsed time for mult 1.0411 (sec) 
 Energy = -140.1847429840473
 Elapsed time for measurement 0.125768 (sec) 
 Sample-based diagonalization: Energy = -140.1847429840473
 Sample-based diagonalization: density = [1.999977198973218,1.995327821824895,1.995138948793755,1.990310799502368,1.988894016079167,1.99129604971271,1.985582935898979,1.988041073743973,1.985403032224421,1.983009109721396,1.981730467848973,1.992627192392177,1.980335519639344,0.01681977906442458,0.01446179843844761,0.01654792749202691,0.01417724828187249,0.01069885222140196,0.009897980739678715,0.01131366688380923,0.009251760033341718,0.0101117117254523,0.01294741135969055,0.006287992766615869,0.009809704385949736
 Sample-based diagonalization: carryover bitstrings = [], size = 0
