 Elapsed time for helper construction 1.31303 (sec) 
 Elapsed time for init 0.013797 (sec) 
 Elapsed time for makeQChamDiagTerms 13.058895 (sec) 
 Davidson iteration 0.0 (tol=0.6650023415388335): -162.8525592974451
 Davidson iteration 0.1 (tol=0.2460695653378747): -163.0395688251973 -160.8466881975667
 Davidson iteration 0.2 (tol=0.09110285162092338): -163.0588993283028 -161.1577731374373 -160.2597367063177
 Davidson iteration 0.3 (tol=0.02859721593887982): -163.061697852517 -161.3552382971216 -160.4554435564266 -160.1972546313393
 Davidson iteration 0.4 (tol=0.01140251920579793): -163.0620078821804 -161.7193534216399 -160.610022210369 -160.3292228850332
 Davidson iteration 0.5 (tol=0.004472068271469864): -163.0620654620555 -162.1500144049488 -160.8584844220086 -160.451968974659
 Davidson iteration 0.6 (tol=0.001646093419604324): -163.0620730172098 -162.3074420941397 -161.0345542418293 -160.4529782694139
 Davidson iteration 0.7 (tol=0.0006447103372345101): -163.0620740130256 -162.3730423688941 -161.39154677984 -160.7032844820739
 Davidson iteration 1.0 (tol=0.0006447103372457723): -163.0620740130234
 Davidson iteration 1.1 (tol=0.0002934871557966036): -163.0620741499279 -160.7643066188419
 Davidson iteration 1.2 (tol=0.0001326379270985973): -163.0620741889688 -161.9601081464463 -159.3470149068779
 Davidson iteration 1.3 (tol=5.050342656621651e-05): -163.0620741952143 -162.2702100514724 -160.4469707595916 -158.6685477328993
 Davidson iteration 1.4 (tol=1.893859068613438e-05): -163.0620741961077 -162.3898962039897 -160.5100130293013 -160.4310185113627
 Davidson iteration 1.5 (tol=7.517093344542176e-06): -163.0620741962558 -162.4816586754337 -161.4527197676641 -160.4346159557604
 Elapsed time for davidson 54.203697 (sec) 
 Elapsed time for diagonalization 54.203993 (sec) 
 Elapsed time for mult 1.289006 (sec) 
 Energy = -163.0620741962579
 Elapsed time for measurement 0.104878 (sec) 
 Sample-based diagonalization: Energy = -163.0620741962579
 Sample-based diagonalization: density = [1.999975371775493,1.993800263634642,1.993923525096946,1.994317095623683,1.988708519667187,1.985028473787114,1.986565779347977,1.984380736704291,1.978734612617463,1.982513062174441,1.973662243771791,1.993602687845079,1.985318894091151,1.936369358098535,0.09305367334158812,0.01821968130456798,0.01843008329135443,0.01624334272910501,0.008515469745257458,0.01380850246437555,0.006802131567922349,0.01395455756921062,0.01630763168559706,0.01776430159782846
 Sample-based diagonalization: carryover bitstrings = [], size = 0
