 Elapsed time for helper construction 0.401181 (sec) 
 Elapsed time for init 0.01347 (sec) 
 Elapsed time for makeQChamDiagTerms 1.973555 (sec) 
 Davidson iteration 0.0 (tol=0.5264949576628097): -89.54559840396105
 Davidson iteration 0.1 (tol=0.1773311542391098): -89.6692347028176 -87.40425176878418
 Davidson iteration 0.2 (tol=0.04207876186833864): -89.67941679315504 -87.82414213990135 -86.32088543952869
 Davidson iteration 0.3 (tol=0.01096160983571495): -89.67990675820455 -87.91869636604976 -86.76653730860141 -86.0093093328213
 Davidson iteration 0.4 (tol=0.003138805635965083): -89.67994197750134 -87.99667651379364 -87.16837306564148 -86.27525294225677
 Davidson iteration 0.5 (tol=0.001015488489526442): -89.67994486117799 -88.09753145185323 -87.52997491790745 -86.34676490341225
 Davidson iteration 0.6 (tol=0.0002860259241701169): -89.6799451409865 -88.18568077665826 -87.72023019591542 -86.68935888697642
 Davidson iteration 0.7 (tol=7.787144865805702e-05): -89.67994516406145 -88.23618403903447 -87.8375221461869 -87.00795433513913
 Davidson iteration 1.0 (tol=7.78714486573635e-05): -89.6799451640608
 Davidson iteration 1.1 (tol=2.75921793267639e-05): -89.67994516554594 -86.19966121110947
 Davidson iteration 1.2 (tol=9.49418360672095e-06): -89.67994516579274 -87.63307465140932 -85.08058319481123
 Elapsed time for davidson 14.049314 (sec) 
 Elapsed time for diagonalization 14.049472 (sec) 
 Elapsed time for mult 0.761698 (sec) 
 Energy = -89.679945165793
 Elapsed time for measurement 0.026957 (sec) 
 Sample-based diagonalization: Energy = -89.679945165793
 Sample-based diagonalization: density = [1.999965600193268,1.989999132646929,1.986275830972327,1.98883970851664,1.981085912043165,1.979970080542438,1.977256971535508,1.977438607742962,1.979665555843728,0.01110431574058158,0.02016984091120558,0.02089439234610231,0.02016794329603749,0.01422819688603793,0.01912044069799689,0.01670696941551037,0.01711050058707471
 Sample-based diagonalization: carryover bitstrings = [], size = 0
