 Elapsed time for helper construction 0.890756 (sec) 
 Elapsed time for init 0.031425 (sec) 
 Elapsed time for makeQChamDiagTerms 7.410818 (sec) 
 Davidson iteration 0.0 (tol=0.5541473001957882): -134.4541454362064
 Davidson iteration 0.1 (tol=0.1132782404048755): -134.5953468334766 -132.4029168312225
 Davidson iteration 0.2 (tol=0.0275684356677645): -134.5999248031607 -132.6890006301104 -132.0481602170755
 Davidson iteration 0.3 (tol=0.007131316916956345): -134.6001853981184 -132.7485028125602 -132.0911064079008 -132.035984866062
 Davidson iteration 0.4 (tol=0.00212921972519853): -134.6002041163357 -132.9957788964686 -132.3880907055011 -132.0383064495822
 Davidson iteration 0.5 (tol=0.0006386270276624189): -134.600205864573 -133.4315255580005 -132.5380224313116 -132.2073839966882
 Davidson iteration 0.6 (tol=0.000182643594030402): -134.6002060105989 -133.630846579067 -132.6224180670611 -132.2147244517478
 Davidson iteration 0.7 (tol=5.94767374529561e-05): -134.6002060231816 -133.7548678547393 -132.8175166436876 -132.396969003886
 Davidson iteration 1.0 (tol=5.947673745204393e-05): -134.6002060231809
 Davidson iteration 1.1 (tol=2.413828280292176e-05): -134.6002060244595 -132.5731982554722
 Davidson iteration 1.2 (tol=9.334624955542627e-06): -134.6002060247575 -133.6841610128987 -131.1455376561013
 Elapsed time for davidson 30.270007 (sec) 
 Elapsed time for diagonalization 30.271252 (sec) 
 Elapsed time for mult 0.9507599999999999 (sec) 
 Energy = -134.6002060247559
 Elapsed time for measurement 0.07556399999999999 (sec) 
 Sample-based diagonalization: Energy = -134.6002060247559
 Sample-based diagonalization: density = [1.999973373129598,1.993603625880282,1.992308425009589,1.989652512176854,1.986142792316667,1.986231851550671,1.981776186991346,1.979906339179254,1.98153219879695,1.984459622481659,1.9930937658839,1.990491768361012,0.003986541903130506,0.0231854127678476,0.01759150143744863,0.01832328190381017,0.01902714866687677,0.01278202236267174,0.01833005848962379,0.01472512541955494,0.01287644500981985
 Sample-based diagonalization: carryover bitstrings = [], size = 0
