 Elapsed time for helper construction 0.3576 (sec) 
 Elapsed time for init 0.008938999999999999 (sec) 
 Elapsed time for makeQChamDiagTerms 0.798059 (sec) 
 Davidson iteration 0.0 (tol=0.6144675061955966): -92.10999528435322
 Davidson iteration 0.1 (tol=0.2734017901362407): -92.27941171911424 -90.25755868602705
 Davidson iteration 0.2 (tol=0.1249074371152041): -92.30225423210426 -90.60843121871338 -89.1835854914533
 Davidson iteration 0.3 (tol=0.04872312509191064): -92.30644240492335 -90.72648368412828 -89.47527216048249 -88.84798230867816
 Davidson iteration 0.4 (tol=0.01822300484141957): -92.30706226410783 -90.8718569031164 -89.71615177823557 -88.9192755228345
 Davidson iteration 0.5 (tol=0.006958264906970248): -92.30713898940844 -90.99143027099096 -89.94472255797204 -89.38529119658794
 Davidson iteration 0.6 (tol=0.002759313244636165): -92.30715157137982 -91.08308488331764 -90.1680256912874 -89.38537417885915
 Davidson iteration 0.7 (tol=0.001053703638525306): -92.30715331793633 -91.15983519096076 -90.34394819662559 -89.49177437033026
 Davidson iteration 1.0 (tol=0.001053703638525219): -92.30715331793493
 Davidson iteration 1.1 (tol=0.000479520889820807): -92.30715357168117 -89.33138763023649
 Davidson iteration 1.2 (tol=0.0002023104182055204): -92.30715364135824 -90.56368289971206 -87.72248669625964
 Davidson iteration 1.3 (tol=9.079515158678972e-05): -92.30715365308716 -91.06998532769475 -89.00166000189476 -87.09823759528594
 Davidson iteration 1.4 (tol=3.445750121738819e-05): -92.30715365509857 -91.32297959935298 -89.05664012216248 -88.2785237949531
 Davidson iteration 1.5 (tol=1.286961302577214e-05): -92.30715365541661 -91.43811179916437 -89.44683754951652 -88.93151674525929
 Davidson iteration 1.6 (tol=5.277058310185876e-06): -92.30715365546197 -91.46950164885956 -90.30081274320433 -89.42711889252362
 Elapsed time for davidson 18.455251 (sec) 
 Elapsed time for diagonalization 18.455395 (sec) 
 Elapsed time for mult 0.7098059999999999 (sec) 
 Energy = -92.30715365546115
 Elapsed time for measurement 0.109425 (sec) 
 Sample-based diagonalization: Energy = -92.30715365546115
 Sample-based diagonalization: density = [1.999966136314643,1.987441047850875,1.984652090593688,1.979133820173668,1.978692711900319,1.970166996893827,1.975379807243628,1.897381884364587,1.982342529628187,0.1083685931527418,0.02495876222730449,0.02686743388142368,0.02376521130984289,0.02065692334647122,0.02072547551813346,0.01950057556950147
 Sample-based diagonalization: carryover bitstrings = [], size = 0
