 Elapsed time for helper construction 1.226368 (sec) 
 Elapsed time for init 0.048392 (sec) 
 Elapsed time for makeQChamDiagTerms 21.317303 (sec) 
 Davidson iteration 0.0 (tol=0.5978760128140334): -187.6159984278729
 Davidson iteration 0.1 (tol=0.1248434015837529): -187.7766806441137 -185.6537790977927
 Davidson iteration 0.2 (tol=0.02777359030214928): -187.782819701752 -185.8594284448792 -185.580925529348
 Davidson iteration 0.3 (tol=0.00612884990873589): -187.7831451241105 -186.0105034993657 -185.8254292972388 -185.5743756541312
 Davidson iteration 0.4 (tol=0.001462599706678235): -187.7831658584617 -186.5894656189843 -185.9983499729846 -185.57661188917
 Davidson iteration 0.5 (tol=0.0003965115025208851): -187.7831669948978 -186.886047506054 -186.2431159162895 -185.7430731250052
 Davidson iteration 0.6 (tol=0.0001233950340086487): -187.7831670828636 -187.077039357046 -186.2433573033416 -186.2127349448258
 Davidson iteration 0.7 (tol=4.591892013140363e-05): -187.7831670929849 -187.309565860013 -186.5777903904047 -186.2429687565899
 Davidson iteration 1.0 (tol=4.591892013092282e-05): -187.783167092987
 Davidson iteration 1.1 (tol=1.74652488740892e-05): -187.783167094117 -186.5710897468053
 Davidson iteration 1.2 (tol=7.122536043470264e-06): -187.7831670943472 -187.2357389610308 -185.4858418422288
 Elapsed time for davidson 54.749762 (sec) 
 Elapsed time for diagonalization 54.74993 (sec) 
 Elapsed time for mult 1.102907 (sec) 
 Energy = -187.7831670943472
 Elapsed time for measurement 0.169465 (sec) 
 Sample-based diagonalization: Energy = -187.7831670943472
 Sample-based diagonalization: density = [1.999982514766727,1.99564614725875,1.994286349536269,1.994099630250853,1.993885113665252,1.991864654353475,1.991454157452733,1.988014296921937,1.989259189846801,1.988431522337876,1.988712146583935,1.985485490557029,1.994018239104566,1.956897547414553,1.990811383982824,1.995185712565879,0.04809988336134327,0.005786606854049355,0.01268571109164612,0.01222446963018615,0.009640081998378975,0.005968421004758076,0.007018012996261837,0.009826729968294232,0.009022666393407123,0.006577796825404292,0.01066521926265836,0.006192629030218669,0.005924555483480139,0.01233311925549845
 Sample-based diagonalization: carryover bitstrings = [], size = 0
