 Elapsed time for helper construction 0.386069 (sec) 
 Elapsed time for init 0.003421 (sec) 
 Elapsed time for makeQChamDiagTerms 1.692835 (sec) 
 Davidson iteration 0.0 (tol=0.5398635530362678): -147.886559672985
 Davidson iteration 0.1 (tol=0.2271229729667432): -148.0105164402729 -145.9317384079353
 Davidson iteration 0.2 (tol=0.09766067597368966): -148.0262755167247 -146.3747410315461 -145.0984656250919
 Davidson iteration 0.3 (tol=0.03582142189196971): -148.0292985346772 -146.5942974254058 -145.4300030941338 -144.8477409016995
 Davidson iteration 0.4 (tol=0.01412727374154997): -148.0296563167921 -146.787753849057 -145.7220797935888 -145.1133704090305
 Davidson iteration 0.5 (tol=0.005058271302923701): -148.0297234289684 -147.06695781633 -145.9544047588037 -145.3741432978973
 Davidson iteration 0.6 (tol=0.002232382051332473): -148.0297308472497 -147.1747029117535 -146.105779654946 -145.3747865398837
 Davidson iteration 0.7 (tol=0.0008742703266202101): -148.0297321857645 -147.2606676198466 -146.4214957445315 -145.6177506911339
 Davidson iteration 1.0 (tol=0.0008742703266131717): -148.0297321857648
 Davidson iteration 1.1 (tol=0.000434025852214014): -148.0297323745858 -145.4415348989314
 Davidson iteration 1.2 (tol=0.0001979070119892067): -148.0297324332425 -146.867544479818 -142.7600259703073
 Davidson iteration 1.3 (tol=7.899817143784609e-05): -148.0297324459297 -147.2927320307612 -144.954857738118 -141.922915684859
 Davidson iteration 1.4 (tol=3.422328243796891e-05): -148.0297324475856 -147.4340400257711 -144.9584324692463 -144.7117745181189
 Davidson iteration 1.5 (tol=1.342973779734898e-05): -148.0297324478962 -147.5039505559384 -145.7133097843775 -144.9419133020045
 Davidson iteration 1.6 (tol=5.781254586932622e-06): -148.029732447946 -147.5539964756525 -146.3066436213698 -145.2744841522898
 Elapsed time for davidson 13.019022 (sec) 
 Elapsed time for diagonalization 13.019083 (sec) 
 Elapsed time for mult 0.418801 (sec) 
 Energy = -148.0297324479438
 Elapsed time for measurement 0.020953 (sec) 
 Sample-based diagonalization: Energy = -148.0297324479438
 Sample-based diagonalization: density = [1.999996724108972,1.997376438600777,1.992839338681884,1.992051237956789,1.990771584935294,1.987129946720361,1.99708103219468,1.96457746551299,1.980199343633199,1.983019654091714,1.940251503338525,0.09739825189597942,0.01925504272347996,0.01561797380857068,0.002494078734811318,0.02179907751761895,0.01814130543535505
 Sample-based diagonalization: carryover bitstrings = [], size = 0
