 Elapsed time for helper construction 1.086711 (sec) 
 Elapsed time for init 0.009028 (sec) 
 Elapsed time for makeQChamDiagTerms 6.636997999999999 (sec) 
 Davidson iteration 0.0 (tol=0.6493127282292945): -143.9397929844456
 Davidson iteration 0.1 (tol=0.1968911364053162): -144.1258037208654 -141.9727694895448
 Davidson iteration 0.2 (tol=0.06553994932870288): -144.1393980852713 -142.2753192405193 -141.6090011972858
 Davidson iteration 0.3 (tol=0.01709211114382659): -144.1409269508972 -142.440238492696 -141.6090212089827 -141.514627055378
 Davidson iteration 0.4 (tol=0.00631965599410581): -144.1410390449537 -142.7373879960523 -141.7785607889971 -141.6042550240327
 Davidson iteration 0.5 (tol=0.002301250638443248): -144.1410555152056 -143.1187061733848 -141.9998074070968 -141.6478692885752
 Davidson iteration 0.6 (tol=0.0008395062339731382): -144.1410576516063 -143.323758247207 -142.2333101867768 -141.6647637533795
 Davidson iteration 0.7 (tol=0.000338296792082441): -144.1410579491598 -143.4608347302888 -142.6854899739559 -141.9104988370492
 Davidson iteration 1.0 (tol=0.0003382967920833014): -144.1410579491605
 Davidson iteration 1.1 (tol=0.0001381274019797623): -144.1410579896004 -142.0395407916291
 Davidson iteration 1.2 (tol=6.906834906163857e-05): -144.1410580014848 -143.3707622944878 -141.5505364612
 Davidson iteration 1.3 (tol=2.665750326425137e-05): -144.1410580035036 -143.6399035195662 -141.5506013290601 -141.3719361455163
 Davidson iteration 1.4 (tol=1.082868457686491e-05): -144.141058003799 -143.7230077814291 -142.0809696874852 -141.5301212058554
 Davidson iteration 1.5 (tol=4.073228611434684e-06): -144.1410580038502 -143.7678167237159 -142.7263673922256 -141.5523487741266
 Elapsed time for davidson 30.674173 (sec) 
 Elapsed time for diagonalization 30.674411 (sec) 
 Elapsed time for mult 0.758555 (sec) 
 Energy = -144.1410580038506
 Elapsed time for measurement 0.067618 (sec) 
 Sample-based diagonalization: Energy = -144.1410580038506
 Sample-based diagonalization: density = [1.99998896661853,1.991726511438874,1.991092457894232,1.989379044587534,1.984961984755615,1.98146918110301,1.98397626571046,1.982628561035856,1.980052344319577,1.963399127692005,1.984469039138858,1.959113565223996,0.07474450076476313,0.02194735593828892,0.02177436331422222,0.01907077581915627,0.0158793284235011,0.009449053857792166,0.01585284949434478,0.01665817720679306,0.01236654539097423
 Sample-based diagonalization: carryover bitstrings = [], size = 0
