 Elapsed time for helper construction 1.134724 (sec) 
 Elapsed time for init 0.016415 (sec) 
 Elapsed time for makeQChamDiagTerms 10.969297 (sec) 
 Davidson iteration 0.0 (tol=0.6494551903435728): -155.7710060502284
 Davidson iteration 0.1 (tol=0.1798451484931962): -155.9580365769916 -153.8322312281659
 Davidson iteration 0.2 (tol=0.05363070984396769): -155.9701947588864 -154.1214501080725 -153.6242829996153
 Davidson iteration 0.3 (tol=0.0125811344124342): -155.9712781622932 -154.2277069165028 -153.6487343369298 -153.5716165346003
 Davidson iteration 0.4 (tol=0.004063769436477593): -155.971345010575 -154.602014270588 -153.6851752938893 -153.6486758327371
 Davidson iteration 0.5 (tol=0.001402799228763698): -155.9713521611847 -154.9633297935175 -153.8309626859545 -153.6560784654976
 Davidson iteration 0.6 (tol=0.0004760461603116265): -155.9713530113253 -155.1550956471076 -154.1351267660956 -153.7434417106583
 Davidson iteration 0.7 (tol=0.0001775497556573277): -155.9713531150748 -155.3078182324537 -154.5337083524622 -153.7513476634298
 Davidson iteration 1.0 (tol=0.0001775497556561857): -155.9713531150763
 Davidson iteration 1.1 (tol=6.985982469114519e-05): -155.9713531275064 -154.182807764154
 Davidson iteration 1.2 (tol=3.124091414763752e-05): -155.9713531305707 -155.2878785048352 -153.0706788938905
 Davidson iteration 1.3 (tol=1.083327401365443e-05): -155.9713531309838 -155.5070551538057 -153.300729984097 -153.0408737525914
 Davidson iteration 1.4 (tol=3.918327634942301e-06): -155.9713531310368 -155.5746459331141 -154.0234107708408 -153.2327026263458
 Elapsed time for davidson 40.98184699999999 (sec) 
 Elapsed time for diagonalization 40.983645 (sec) 
 Elapsed time for mult 0.8910429999999999 (sec) 
 Energy = -155.9713531310359
 Elapsed time for measurement 0.132236 (sec) 
 Sample-based diagonalization: Energy = -155.9713531310359
 Sample-based diagonalization: density = [1.999990707979929,1.99197067608493,1.99152178815595,1.988681231824763,1.986240175299637,1.985164671773298,1.985156166221261,1.985721506831576,1.981923662310136,1.964828336591353,1.992595985740749,1.987490672011011,1.956344925762023,0.07573838141733268,0.01722617473284151,0.01309800056183481,0.01385521903977703,0.01617272017054951,0.01661608655603782,0.01238165748162739,0.0102221489582063,0.01429728223718366,0.01276182194547041
 Sample-based diagonalization: carryover bitstrings = [], size = 0
