 Elapsed time for helper construction 0.690021 (sec) 
 Elapsed time for init 0.02248 (sec) 
 Elapsed time for makeQChamDiagTerms 4.451569999999999 (sec) 
 Davidson iteration 0.0 (tol=0.5454969230838135): -150.6825320444374
 Davidson iteration 0.1 (tol=0.2168526117110317): -150.8050288423975 -148.6805644158496
 Davidson iteration 0.2 (tol=0.08519020111120537): -150.8192466965032 -149.0991379478048 -147.9466670189804
 Davidson iteration 0.3 (tol=0.02880248770384234): -150.8215013938186 -149.2900560484297 -148.1767884974146 -147.7785145850981
 Davidson iteration 0.4 (tol=0.01041332361236669): -150.8217514949112 -149.5055594512031 -148.4103685733448 -147.9755456589542
 Davidson iteration 0.5 (tol=0.003714623171034072): -150.821791463437 -149.8357838343685 -148.6619307233526 -148.1613097635683
 Davidson iteration 0.6 (tol=0.001524473106168595): -150.8217955514387 -149.9762671574144 -148.8031186824053 -148.1690689049977
 Davidson iteration 0.7 (tol=0.0005345943034954821): -150.821796260788 -150.0525163369948 -149.0751985980314 -148.4267465164884
 Davidson iteration 1.0 (tol=0.0005345943034943191): -150.8217962607885
 Davidson iteration 1.1 (tol=0.0002495310096186118): -150.8217963466922 -148.8546359787177
 Davidson iteration 1.2 (tol=0.0001153777710190774): -150.8217963708522 -149.7310204150869 -147.2475675363683
 Davidson iteration 1.3 (tol=4.196613226524313e-05): -150.8217963754077 -150.0947425200315 -147.8278799674516 -146.9926348685619
 Davidson iteration 1.4 (tol=1.67347673547997e-05): -150.8217963759685 -150.2667796623787 -148.3104529422881 -147.8249224562093
 Davidson iteration 1.5 (tol=6.759670421919062e-06): -150.8217963760702 -150.3313858391808 -149.0170173929592 -148.0442734420375
 Elapsed time for davidson 28.554634 (sec) 
 Elapsed time for diagonalization 28.554762 (sec) 
 Elapsed time for mult 0.858147 (sec) 
 Energy = -150.8217963760705
 Elapsed time for measurement 0.04759 (sec) 
 Sample-based diagonalization: Energy = -150.8217963760705
 Sample-based diagonalization: density = [1.999996731784923,1.997902975545791,1.9928547726588,1.992922949405207,1.991636317165271,1.987785187864836,1.976158647612634,1.984756486866969,1.986419851011784,1.985101762129569,1.944350118218037,0.08718951655320405,0.01821532060985077,0.005970812878144788,0.004235050809523673,0.008509062380221449,0.002842802184870826,0.01752339870610434,0.01562823539917094
 Sample-based diagonalization: carryover bitstrings = [], size = 0
