"PluginInterface" error: Failure to initialize device 0: Error in cuDevicePrimaryCtxRetain: out of memory
"PluginInterface" error: Failure to initialize device 0: Error in cuDevicePrimaryCtxRetain: out of memory
"PluginInterface" error: Failure to initialize device 1: Error in cuDevicePrimaryCtxRetain: out of memory
"PluginInterface" error: Failure to initialize device 1: Error in cuDevicePrimaryCtxRetain: out of memory
"PluginInterface" error: Failure to initialize device 2: Error in cuDevicePrimaryCtxRetain: out of memory
"PluginInterface" error: Failure to initialize device 2: Error in cuDevicePrimaryCtxRetain: out of memory
"PluginInterface" error: Failure to initialize device 3: Error in cuDevicePrimaryCtxRetain: out of memory
"PluginInterface" error: Failure to initialize device 3: Error in cuDevicePrimaryCtxRetain: out of memory
 Elapsed time for helper construction 0.17013 (sec) 
 Elapsed time for init 0.001466 (sec) 
 Elapsed time for makeQChamDiagTerms 0.042226 (sec) 
 Davidson iteration 0.0 (tol=0.6521130057065238): -102.0596146732167
 Davidson iteration 0.1 (tol=0.2756220177126788): -102.2497172002386 -100.2878645348298
 Davidson iteration 0.2 (tol=0.08263902403269513): -102.2761879119457 -100.4968796025699 -99.49460611148571
 Davidson iteration 0.3 (tol=0.02508462264630518): -102.2783315756258 -100.7517061679676 -99.49527292148451 -99.33532617891844
 Davidson iteration 0.4 (tol=0.009587788489608033): -102.2785385467855 -100.985680908958 -99.8711246475814 -99.49518344276817
 Davidson iteration 0.5 (tol=0.003439678587391046): -102.2785700276664 -101.1853904216086 -100.1867377114449 -99.49524981814989
 Davidson iteration 0.6 (tol=0.001200023828039652): -102.2785736801784 -101.3337620371473 -100.3423503807551 -99.59840436015052
 Davidson iteration 0.7 (tol=0.0003908342951623778): -102.2785741074334 -101.4309966317777 -100.4621557871324 -99.90183704143386
 Davidson iteration 0.8 (tol=0.0001233612543421615): -102.2785741521449 -101.4633464985932 -100.5658740046736 -100.010405821588
 Davidson iteration 0.9 (tol=4.454398787272053e-05): -102.2785741568338 -101.4755223013166 -100.7647967464704 -100.2140043530304
 Davidson iteration 0.10 (tol=1.532674664092823e-05): -102.2785741574385 -101.4784173531239 -100.9566248523337 -100.3493774104809
 Davidson iteration 0.11 (tol=5.085342616626999e-06): -102.2785741575148 -101.4879772797834 -101.1815172628752 -100.4428121424543
 Davidson iteration 0.12 (tol=1.750402455381688e-06): -102.2785741575224 -101.4965013426905 -101.3117861241477 -100.4986140192067
 Davidson iteration 0.13 (tol=5.960581810708429e-07): -102.2785741575234 -101.4968369786384 -101.3735731467812 -100.5423151918947
 Davidson iteration 0.14 (tol=1.933283906938261e-07): -102.2785741575234 -101.5088618441401 -101.4583767165933 -100.6375164053029
 Davidson iteration 0.15 (tol=6.281908101285389e-08): -102.2785741575234 -101.5216167909515 -101.476205300333 -100.7221729832617
 Davidson iteration 0.16 (tol=2.069049061611512e-08): -102.2785741575234 -101.5412233662482 -101.4821430897816 -100.8388426128819
 Davidson iteration 0.17 (tol=6.956006399969304e-09): -102.2785741575234 -101.5664760325582 -101.4840423351292 -100.9521290330453
 Elapsed time for davidson 18.074316 (sec) 
 Elapsed time for diagonalization 18.074346 (sec) 
 Elapsed time for mult 0.651728 (sec) 
 Energy = -102.2785741575231
 Elapsed time for measurement 0.029012 (sec) 
 Sample-based diagonalization: Energy = -102.2785741575231
 Sample-based diagonalization: density = [1.999968953817313,1.987796972367796,1.987492647401849,1.981660277898997,1.979637516551853,1.977762060086793,1.97512975340928,1.975666632679595,1.974524967338489,1.892543700822808,0.1094772404143827,0.0225579906845037,0.02346942224682091,0.0194395842683675,0.02136610334568778,0.02044513089719695,0.0169724232878288,0.01661049264515956,0.01747812983465599
 Sample-based diagonalization: carryover bitstrings = [], size = 0
