 Elapsed time for helper construction 1.053145 (sec) 
 Elapsed time for init 0.012018 (sec) 
 Elapsed time for makeQChamDiagTerms 7.160273999999999 (sec) 
 Davidson iteration 0.0 (tol=0.6697609310298003): -151.8100658825423
 Davidson iteration 0.1 (tol=0.3187495894477055): -151.9956210079944 -149.8122154300308
 Davidson iteration 0.2 (tol=0.1458917959515135): -152.0275983863239 -150.2968105791025 -149.0231421734413
 Davidson iteration 0.3 (tol=0.05744267398289978): -152.0343916026452 -150.6185591397544 -149.266186820995 -148.5149022005162
 Davidson iteration 0.4 (tol=0.02866288616058048): -152.0355319468412 -150.9823255911112 -149.6072232683209 -149.0563297864956
 Davidson iteration 0.5 (tol=0.01356379514154183): -152.0358614643455 -151.3712410276094 -149.9847393938603 -149.1094891144947
 Davidson iteration 0.6 (tol=0.006408188243449718): -152.0359290867424 -151.5066399106041 -150.2288346763536 -149.2360710850904
 Davidson iteration 0.7 (tol=0.002955627532992978): -152.0359412655593 -151.5571552477008 -150.470001355201 -149.6444314331095
 Davidson iteration 1.0 (tol=0.002955627532992282): -152.0359412655586
 Davidson iteration 1.1 (tol=0.001470700862487796): -152.0359435602296 -149.3588896657935
 Davidson iteration 1.2 (tol=0.0007639352837652512): -152.0359444653428 -150.8674691001806 -147.8582183797347
 Davidson iteration 1.3 (tol=0.0003904511811918305): -152.0359446940766 -151.3723496070231 -148.9272754930974 -147.828864955915
 Davidson iteration 1.4 (tol=0.0001922918493997592): -152.0359447444953 -151.5104183907615 -149.1743021239132 -148.9170414494847
 Davidson iteration 1.5 (tol=9.95489131641948e-05): -152.0359447592653 -151.6267265717378 -150.2749150663765 -148.9174489380079
 Davidson iteration 1.6 (tol=4.829096314760732e-05): -152.0359447624968 -151.6652929160302 -150.6807959323073 -149.0792884048058
 Davidson iteration 1.7 (tol=1.771906561374915e-05): -152.0359447632418 -151.6899514290531 -150.9482212447372 -149.2726625916518
 Davidson iteration 2.0 (tol=1.771906552530672e-05): -152.0359447632429
 Davidson iteration 2.1 (tol=8.822507714075637e-06): -152.0359447633319 -149.5362078791475
 Elapsed time for davidson 51.303678 (sec) 
 Elapsed time for diagonalization 51.303888 (sec) 
 Elapsed time for mult 1.434308 (sec) 
 Energy = -152.0359447633328
 Elapsed time for measurement 0.072834 (sec) 
 Sample-based diagonalization: Energy = -152.0359447633328
 Sample-based diagonalization: density = [1.999974194306273,1.994325946606955,1.992412242959056,1.993812223792907,1.985685478790412,1.982945195529136,1.983109043193432,1.985996985935969,1.977435575658287,1.963015904386692,1.976380394497059,1.986781259628086,1.893463857653796,0.133860389833312,0.02255769304209806,0.0148177547085792,0.01904547016334623,0.011713917892961,0.02394616473573857,0.03448478875996058,0.02423551762030591
 Sample-based diagonalization: carryover bitstrings = [], size = 0
