 Elapsed time for helper construction 0.246821 (sec) 
 Elapsed time for init 0.00269 (sec) 
 Elapsed time for makeQChamDiagTerms 0.678176 (sec) 
 Davidson iteration 0.0 (tol=0.5394721019414906): -150.0887760566461
 Davidson iteration 0.1 (tol=0.2298464942642542): -150.2103066972371 -148.0933324530056
 Davidson iteration 0.2 (tol=0.09871998309475394): -150.2260859843747 -148.5415192575356 -147.2322463689767
 Davidson iteration 0.3 (tol=0.03673248756594328): -150.2290749091091 -148.7640236781761 -147.5542015686914 -146.9655791244361
 Davidson iteration 0.4 (tol=0.01413334106945817): -150.229433439473 -148.9334095041797 -147.8044743226072 -147.2576653432476
 Davidson iteration 0.5 (tol=0.005455405285606107): -150.2294960296085 -149.1962197889037 -148.0381900899591 -147.4307982727231
 Davidson iteration 0.6 (tol=0.002334015490642401): -150.2295031360312 -149.3202672834444 -148.2007565598151 -147.4925895831924
 Davidson iteration 0.7 (tol=0.0008834264533673532): -150.2295045998413 -149.4174422873687 -148.4658774159852 -147.7343638119588
 Davidson iteration 1.0 (tol=0.0008834264533730301): -150.2295045998418
 Davidson iteration 1.1 (tol=0.0004434229822379869): -150.2295047936354 -147.8860552690314
 Davidson iteration 1.2 (tol=0.0002344766255103915): -150.2295048618318 -149.2245518008976 -145.7223697759847
 Davidson iteration 1.3 (tol=0.0001007222445976106): -150.229504877281 -149.6057199331154 -147.0567093275049 -144.3261279756297
 Davidson iteration 1.4 (tol=4.119157756928549e-05): -150.2295048801003 -149.7668994380622 -147.5051069440533 -147.0566191556037
 Davidson iteration 1.5 (tol=1.907948982899469e-05): -150.2295048807054 -149.8398686991644 -148.5108866504357 -147.3580995366308
 Davidson iteration 1.6 (tol=9.958610245043198e-06): -150.2295048808376 -149.908456900856 -149.0913193843328 -147.5639374559852
 Elapsed time for davidson 5.657833999999999 (sec) 
 Elapsed time for diagonalization 5.657932 (sec) 
 Elapsed time for mult 0.189411 (sec) 
 Energy = -150.2295048808364
 Elapsed time for measurement 0.008527999999999999 (sec) 
 Sample-based diagonalization: Energy = -150.2295048808364
 Sample-based diagonalization: density = [1.999996618939645,1.998107459825643,1.99259393458159,1.994875530487885,1.989994367452566,1.986531497880464,1.980913458696345,1.982284103162924,1.981821287119118,1.982450651649895,1.941586944499746,0.09524775492247772,0.01452839421245688,0.01732879910884867,0.0250579951368339,0.01668120227901491
 Sample-based diagonalization: carryover bitstrings = [], size = 0
