 Elapsed time for helper construction 1.490069 (sec) 
 Elapsed time for init 0.025657 (sec) 
 Elapsed time for makeQChamDiagTerms 14.661559 (sec) 
 Davidson iteration 0.0 (tol=0.6284956667538694): -124.0387613008348
 Davidson iteration 0.1 (tol=0.1424751977415496): -124.2182713054695 -121.9244393021185
 Davidson iteration 0.2 (tol=0.02469010763642815): -124.2252711567008 -122.1929504328968 -121.2888132881931
 Davidson iteration 0.3 (tol=0.006223206034716388): -124.2254790201544 -122.3071807140004 -121.6792008480398 -121.1909441596501
 Davidson iteration 0.4 (tol=0.001780095430501783): -124.2254930744079 -122.4829871361016 -121.9275955601551 -121.2849668815142
 Davidson iteration 0.5 (tol=0.0004719313214248316): -124.225494135074 -122.6858392865824 -122.0930997143911 -121.3430404841842
 Davidson iteration 0.6 (tol=0.0001103084617069897): -124.2254942056694 -122.7989814678098 -122.194949952728 -121.5288671777421
 Davidson iteration 0.7 (tol=2.570114284514763e-05): -124.225494209522 -122.8329286540994 -122.2617282475573 -121.6949237836559
 Davidson iteration 1.0 (tol=2.570114284602284e-05): -124.2254942095218
 Davidson iteration 1.1 (tol=8.20738490167635e-06): -124.2254942097262 -121.3757203172582
 Elapsed time for davidson 53.672898 (sec) 
 Elapsed time for diagonalization 53.673089 (sec) 
 Elapsed time for mult 2.022511 (sec) 
 Energy = -124.2254942097275
 Elapsed time for measurement 0.12803 (sec) 
 Sample-based diagonalization: Energy = -124.2254942097275
 Sample-based diagonalization: density = [1.999972400342843,1.990226904300332,1.989663105424265,1.987054382222285,1.985018439523319,1.986246616283234,1.983074070390462,1.982101999984474,1.984504962485349,1.980094076327191,1.979685713126268,1.977937603539037,0.01693593764342336,0.009946369917013441,0.01435008078609489,0.01614958731051529,0.01429671412736909,0.01380658516349513,0.01636387609356382,0.01441788685085516,0.01405410593599426,0.01461757581064484,0.01444602737174457,0.01503497866609244
 Sample-based diagonalization: carryover bitstrings = [], size = 0
