 Elapsed time for helper construction 0.938373 (sec) 
 Elapsed time for init 0.034602 (sec) 
 Elapsed time for makeQChamDiagTerms 10.058799 (sec) 
 Davidson iteration 0.0 (tol=0.384799977870001): -164.3226521432557
 Davidson iteration 0.1 (tol=0.1008399093547773): -164.4060783829006 -162.8239455120146
 Davidson iteration 0.2 (tol=0.02752869135545899): -164.4115523369605 -163.2813390688507 -162.6623067113277
 Davidson iteration 0.3 (tol=0.006737817979232926): -164.4119900626096 -163.4826136610825 -162.7980707711412 -162.4995677767487
 Davidson iteration 0.4 (tol=0.001624011514550983): -164.4120146807333 -163.6743977395685 -162.802488158783 -162.58732259012
 Davidson iteration 0.5 (tol=0.0005189096086625983): -164.4120160922711 -163.8137544187213 -162.9880058430512 -162.8016149510333
 Davidson iteration 0.6 (tol=0.0001528229915292003): -164.4120162223447 -163.8148986395176 -163.0937753866347 -162.9878905709544
 Davidson iteration 0.7 (tol=4.369039686782705e-05): -164.4120162341454 -163.8430425214277 -163.2813575490177 -163.090780409257
 Davidson iteration 1.0 (tol=4.369039686255735e-05): -164.4120162341455
 Davidson iteration 1.1 (tol=1.275900912655412e-05): -164.4120162349477 -162.5612614447973
 Davidson iteration 1.2 (tol=4.018433263143625e-06): -164.4120162350428 -163.1149650646436 -162.516400350089
 Elapsed time for davidson 33.302056 (sec) 
 Elapsed time for diagonalization 33.302269 (sec) 
 Elapsed time for mult 0.7865639999999999 (sec) 
 Energy = -164.412016235042
 Elapsed time for measurement 0.08307099999999999 (sec) 
 Sample-based diagonalization: Energy = -164.412016235042
 Sample-based diagonalization: density = [1.999999266922361,1.998776318379957,1.996275045310899,1.997400988425961,1.999516445823608,1.994341880509694,1.991625315555841,1.99968245588304,1.997319869314691,1.993743471732783,1.973060306674986,1.991835275265991,1.995736930824695,1.942053541464527,0.08928355749487166,0.007700631532179588,0.003661387837348877,0.001508405172685922,0.003138218901963641,0.005928119884724727,0.004553550114629127,0.003356159527478336,0.009502857274768284
 Sample-based diagonalization: carryover bitstrings = [], size = 0
