 Elapsed time for helper construction 0.222734 (sec) 
 Elapsed time for init 0.001855 (sec) 
 Elapsed time for makeQChamDiagTerms 0.730802 (sec) 
 Davidson iteration 0.0 (tol=0.4920384393636203): -126.5401293180421
 Davidson iteration 0.1 (tol=0.1667696323414992): -126.650831419685 -124.4538139767171
 Davidson iteration 0.2 (tol=0.06041084617878238): -126.6596995420649 -124.8646912863768 -123.5986373653737
 Davidson iteration 0.3 (tol=0.02068719527655443): -126.6606957210992 -124.9615764035724 -123.7250696848809 -123.3080791531673
 Davidson iteration 0.4 (tol=0.007290392159299324): -126.6608049852234 -125.0475143297333 -124.05234415295 -123.4132373824662
 Davidson iteration 0.5 (tol=0.002642024296114225): -126.6608191181483 -125.2027754055474 -124.4383004867399 -123.6251332336945
 Davidson iteration 0.6 (tol=0.001072925983012055): -126.6608209458016 -125.3948515441411 -124.6924565961617 -123.6544036507566
 Davidson iteration 0.7 (tol=0.0003859666895018049): -126.6608212269063 -125.5559440605372 -124.8313659430107 -123.8498792800858
 Davidson iteration 1.0 (tol=0.0003859666895019795): -126.6608212269053
 Davidson iteration 1.1 (tol=0.0001778237868176584): -126.6608212612267 -123.2851918715656
 Davidson iteration 1.2 (tol=7.190187310336078e-05): -126.6608212702812 -125.1734380621342 -120.3301668491787
 Davidson iteration 1.3 (tol=3.003600614180109e-05): -126.6608212717906 -125.6714482378952 -123.0158828840848 -119.2859933146409
 Davidson iteration 1.4 (tol=1.093924941323288e-05): -126.6608212720102 -125.8519515853267 -123.4080167255425 -122.0765282271291
 Davidson iteration 1.5 (tol=4.001656899483374e-06): -126.660821272041 -125.9217230797371 -123.9654432514004 -123.221331019567
 Elapsed time for davidson 5.792406 (sec) 
 Elapsed time for diagonalization 5.792491 (sec) 
 Elapsed time for mult 0.213652 (sec) 
 Energy = -126.6608212720422
 Elapsed time for measurement 0.010212 (sec) 
 Sample-based diagonalization: Energy = -126.6608212720422
 Sample-based diagonalization: density = [1.999996325360899,1.991907777305088,1.985964126415677,1.97969498487588,1.980851184808398,1.977733764219316,1.9887060721124,1.991629438881002,1.986318421854238,1.988044479790053,0.02633215992075645,0.02037748315797568,0.02021928365794028,0.02034472421079402,0.01723623171601885,0.02464354168039832
 Sample-based diagonalization: carryover bitstrings = [], size = 0
