 Elapsed time for helper construction 1.489825 (sec) 
 Elapsed time for init 0.050701 (sec) 
 Elapsed time for makeQChamDiagTerms 15.577376 (sec) 
 Davidson iteration 0.0 (tol=0.6433412854058658): -141.468241979777
 Davidson iteration 0.1 (tol=0.1854728024266459): -141.6479583495646 -139.4316839526336
 Davidson iteration 0.2 (tol=0.05475258790688898): -141.6602279870793 -139.7930012298618 -139.1443042162773
 Davidson iteration 0.3 (tol=0.01647656999351379): -141.6613360502066 -139.9826669322895 -139.3017958678951 -139.1439302932158
 Davidson iteration 0.4 (tol=0.006133794816194456): -141.6614675319005 -140.5352860506283 -139.4240166340969 -139.2987981259947
 Davidson iteration 0.5 (tol=0.002354085868296789): -141.6614846697134 -140.9139845419533 -139.5916009505035 -139.3431755012276
 Davidson iteration 0.6 (tol=0.0007700659178042711): -141.6614870194433 -141.0233472977092 -139.9191136922255 -139.4593848387179
 Davidson iteration 0.7 (tol=0.0002640917826076787): -141.6614872708264 -141.0898610332482 -140.2082906893686 -139.6109480356463
 Davidson iteration 1.0 (tol=0.0002640917826160538): -141.6614872708278
 Davidson iteration 1.1 (tol=0.0001054708657475881): -141.6614872975718 -139.9363546075835
 Davidson iteration 1.2 (tol=4.939498862721552e-05): -141.6614873044706 -140.8743206425359 -139.1348699885822
 Davidson iteration 1.3 (tol=2.147556439413141e-05): -141.6614873056497 -141.2047856097594 -139.2606623800208 -138.8778786904841
 Davidson iteration 1.4 (tol=8.953678561548302e-06): -141.6614873058845 -141.3119652661066 -139.7724469709846 -139.2366763843247
 Elapsed time for davidson 63.966784 (sec) 
 Elapsed time for diagonalization 63.966829 (sec) 
 Elapsed time for mult 1.928816 (sec) 
 Energy = -141.6614873058813
 Elapsed time for measurement 0.134647 (sec) 
 Sample-based diagonalization: Energy = -141.6614873058813
 Sample-based diagonalization: density = [1.999970801665915,1.994436910551698,1.991427441873252,1.988597007780068,1.986337612255891,1.983755627922096,1.985405632887427,1.983052481792947,1.981098775375489,1.986741830255687,1.953425989741087,1.987221199149172,1.985469902134064,0.05406605882831964,0.01155957238250124,0.02121272145653738,0.01990426165431441,0.01307394210770461,0.01424064635818392,0.01119554820479027,0.01091467464634818,0.01054060997388592,0.01185829253403196,0.01449245804060269
 Sample-based diagonalization: carryover bitstrings = [], size = 0
