 Elapsed time for helper construction 0.762508 (sec) 
 Elapsed time for init 0.028597 (sec) 
 Elapsed time for makeQChamDiagTerms 3.614865 (sec) 
 Davidson iteration 0.0 (tol=0.6215103874364195): -146.8073398689077
 Davidson iteration 0.1 (tol=0.2095464936164013): -146.9898722447456 -145.1054955076146
 Davidson iteration 0.2 (tol=0.06881387627096271): -147.006116171178 -145.2880651325542 -144.7563280217599
 Davidson iteration 0.3 (tol=0.01725986729859766): -147.0078580365106 -145.3211272428592 -144.9938996166737 -144.6999782247567
 Davidson iteration 0.4 (tol=0.005427530892830251): -147.0080107889538 -145.889537389346 -145.0899008188391 -144.700122126437
 Davidson iteration 0.5 (tol=0.001862040036294555): -147.008022431919 -146.0860914714721 -145.0978879719175 -144.8967454292817
 Davidson iteration 0.6 (tol=0.0006238960436008929): -147.0080235761787 -146.184206732801 -145.1330001339001 -145.0609156590123
 Davidson iteration 0.7 (tol=0.0002246128536274873): -147.0080237078054 -146.2860444177542 -145.4923171558447 -145.0639362788729
 Davidson iteration 1.0 (tol=0.0002246128536293399): -147.008023707803
 Davidson iteration 1.1 (tol=9.474031248940979e-05): -147.0080237233152 -144.2695702605909
 Davidson iteration 1.2 (tol=3.783155640324151e-05): -147.008023727191 -145.8489054778808 -143.0395981408685
 Davidson iteration 1.3 (tol=1.255459152091682e-05): -147.0080237277373 -146.2780818960399 -144.2314750571051 -142.2882166557841
 Davidson iteration 1.4 (tol=3.539454549684446e-06): -147.0080237277952 -146.3391097364877 -144.6031672162882 -144.2241008438128
 Elapsed time for davidson 35.76915 (sec) 
 Elapsed time for diagonalization 35.769408 (sec) 
 Elapsed time for mult 0.872263 (sec) 
 Energy = -147.0080237277952
 Elapsed time for measurement 0.04231 (sec) 
 Sample-based diagonalization: Energy = -147.0080237277952
 Sample-based diagonalization: density = [1.999981257039132,1.99337030391813,1.993769550872004,1.994626619928865,1.98733195423013,1.987548639209737,1.98642214496143,1.982771124763823,1.987611248791658,1.983538862961698,1.984612761297839,1.896164657286443,1.987969182252844,0.1119425019477118,0.0194058830334785,0.01947248728276696,0.01745751758762625,0.01287246964100134,0.008618097215536524,0.01207444825858378,0.01597429832255295,0.01646398912199603
 Sample-based diagonalization: carryover bitstrings = [], size = 0
