 Elapsed time for helper construction 1.873489 (sec) 
 Elapsed time for init 0.053777 (sec) 
 Elapsed time for makeQChamDiagTerms 21.608263 (sec) 
 Davidson iteration 0.0 (tol=0.6591218128866404): -186.7753146383765
 Davidson iteration 0.1 (tol=0.1216404871258318): -186.9728675379561 -184.7983611499812
 Davidson iteration 0.2 (tol=0.03064489288367944): -186.9792645845974 -185.241403719 -184.7605019298579
 Davidson iteration 0.3 (tol=0.008137941362778744): -186.9796712536622 -185.3963893850642 -184.9141289744379 -184.7598559578745
 Davidson iteration 0.4 (tol=0.002447760820557693): -186.9797048894699 -185.8433844989779 -184.9366083321886 -184.7806534642071
 Davidson iteration 0.5 (tol=0.0007981168630632675): -186.9797080049158 -186.2085733018887 -184.9680992708097 -184.8883279969523
 Davidson iteration 0.6 (tol=0.0002412745203180978): -186.9797082865433 -186.3011546722149 -185.2255514135266 -184.9052694514033
 Davidson iteration 0.7 (tol=7.229264066793716e-05): -186.9797083112281 -186.3398129381072 -185.3657812962459 -185.0454995077725
 Davidson iteration 1.0 (tol=7.229264066659672e-05): -186.9797083112305
 Davidson iteration 1.1 (tol=2.457087518393273e-05): -186.9797083132506 -184.9395709493164
 Davidson iteration 1.2 (tol=7.712323809658218e-06): -186.9797083135454 -185.6541015462295 -184.2796736494312
 Elapsed time for davidson 61.889201 (sec) 
 Elapsed time for diagonalization 61.89049199999999 (sec) 
 Elapsed time for mult 1.581253 (sec) 
 Energy = -186.9797083135425
 Elapsed time for measurement 0.177724 (sec) 
 Sample-based diagonalization: Energy = -186.9797083135425
 Sample-based diagonalization: density = [1.999975674885815,1.993436340804682,1.995013377675801,1.991567849995161,1.989654768184241,1.989102239200841,1.987029753150902,1.986155759353172,1.986695107369762,1.986514484657111,1.983961593085975,1.980559112827849,1.96375053811785,1.992462713451238,1.99061584630872,1.989985357573173,0.04156173200460068,0.009067510682175156,0.01895290804711099,0.0206279813997083,0.01721734891508727,0.01450960319440281,0.01387807707161542,0.01255893440411017,0.01210525962615477,0.007886994123312232,0.00552062515669976,0.008181896159251245,0.01145061220259299
 Sample-based diagonalization: carryover bitstrings = [], size = 0
