 Elapsed time for helper construction 1.531141 (sec) 
 Elapsed time for init 0.021411 (sec) 
 Elapsed time for makeQChamDiagTerms 13.497829 (sec) 
 Davidson iteration 0.0 (tol=0.6323562424944825): -139.7493757843869
 Davidson iteration 0.1 (tol=0.1661138255745147): -139.9267351684278 -137.6276921669768
 Davidson iteration 0.2 (tol=0.0521367989581836): -139.9363028936999 -138.1799584892812 -137.3841770735539
 Davidson iteration 0.3 (tol=0.01226720117746859): -139.9372545915525 -138.2140318632117 -137.6450167930481 -137.2531730201552
 Davidson iteration 0.4 (tol=0.003996938944531746): -139.9373248759047 -138.8805610464225 -137.831956043735 -137.4712840884089
 Davidson iteration 0.5 (tol=0.00120541947567428): -139.9373318265762 -139.1572726030855 -137.856456775098 -137.70056020871
 Davidson iteration 0.6 (tol=0.0003269474617392286): -139.937332400042 -139.2903169086012 -138.0053499093194 -137.711999175956
 Davidson iteration 0.7 (tol=9.080004009085659e-05): -139.9373324400698 -139.3413003366974 -138.1918118909074 -137.7276109948467
 Davidson iteration 1.0 (tol=9.080004009234741e-05): -139.9373324400693
 Davidson iteration 1.1 (tol=3.057219208480164e-05): -139.9373324428963 -137.5544530792797
 Davidson iteration 1.2 (tol=9.533803364386045e-06): -139.9373324433168 -138.6062195076124 -136.6486341457539
 Elapsed time for davidson 51.711317 (sec) 
 Elapsed time for diagonalization 51.71563099999999 (sec) 
 Elapsed time for mult 1.759881 (sec) 
 Energy = -139.9373324433194
 Elapsed time for measurement 0.125646 (sec) 
 Sample-based diagonalization: Energy = -139.9373324433194
 Sample-based diagonalization: density = [1.999972591643855,1.994222111607121,1.990366335420249,1.986968403020065,1.987163064582796,1.985735541901646,1.982772786744508,1.983131698411147,1.981523005964945,1.983183617914007,1.97912752067668,1.986361696732867,1.979371865748129,0.01888092270827339,0.01869357525470212,0.02212960792646157,0.01742447405129491,0.0121320171149178,0.01535478751676483,0.008503264838757171,0.01532900659373712,0.01511258117415915,0.0156664245206312,0.009561176202478785,0.01131192130219099
 Sample-based diagonalization: carryover bitstrings = [], size = 0
