 Elapsed time for helper construction 1.571655 (sec) 
 Elapsed time for init 0.017969 (sec) 
 Elapsed time for makeQChamDiagTerms 14.030768 (sec) 
 Davidson iteration 0.0 (tol=0.614024097061466): -128.6128977081271
 Davidson iteration 0.1 (tol=0.1699080704090774): -128.7789835599262 -126.4801888541028
 Davidson iteration 0.2 (tol=0.04942384604428012): -128.7889285948308 -127.0190496519512 -126.1684266982376
 Davidson iteration 0.3 (tol=0.01182624139616091): -128.7897610669437 -127.0492227065697 -126.4475602287781 -126.0350392861118
 Davidson iteration 0.4 (tol=0.003582064012108106): -128.7898216660898 -127.6507883500695 -126.6621709999352 -126.2572171066237
 Davidson iteration 0.5 (tol=0.001046698917910891): -128.789826833638 -127.9031604790136 -126.7174493854423 -126.4657861381939
 Davidson iteration 0.6 (tol=0.0002885431803843528): -128.7898272561104 -128.0665938263681 -126.8680272823148 -126.4678617422143
 Davidson iteration 0.7 (tol=7.866185496396556e-05): -128.7898272868359 -128.1354229129926 -127.0208081312911 -126.4827981021373
 Davidson iteration 1.0 (tol=7.866185496500547e-05): -128.789827286837
 Davidson iteration 1.1 (tol=2.556111764911498e-05): -128.7898272888965 -126.4350597182626
 Davidson iteration 1.2 (tol=8.104531594777884e-06): -128.7898272891856 -127.4227099014509 -125.6772666465605
 Elapsed time for davidson 54.315073 (sec) 
 Elapsed time for diagonalization 54.315386 (sec) 
 Elapsed time for mult 2.054047 (sec) 
 Energy = -128.7898272891842
 Elapsed time for measurement 0.127415 (sec) 
 Sample-based diagonalization: Energy = -128.7898272891842
 Sample-based diagonalization: density = [1.99997133295522,1.994075081059816,1.98958702914068,1.986498472973486,1.987900254468267,1.982976733419378,1.983815868186823,1.980744236616501,1.981364899107257,1.970615734034151,1.988629422601002,1.982219867999388,0.01370614600930493,0.02672871175900774,0.01801368062445351,0.01652093134142938,0.01381004465325867,0.01479492499369395,0.01111130907709675,0.01205894694220949,0.007835858131355898,0.01628594020335183,0.01114869942650933,0.00958587382257357
 Sample-based diagonalization: carryover bitstrings = [], size = 0
