          |                                    ___       ___
          |  _______________________________  /   \ . . /   \
          |                                   \___/     \___/
          |              VAYESTA                  .  V  .   .
          |     Quantum Embedding Package          .___.  A  .___
          |  _______________________________       /   \ . . /   \
          |                    version 1.0.1       \___/     \___/ 
          |
          |
          |  INITIALIZING EWF
          |  ================
          |      Initial E(mean-field)=   -7344.39601513 Ha
          |      Calculated E(HF)=        -7344.39601513 Ha
          |      Difference dE=              +0.00000000 Ha ( -0.0%)
          |      n(AO)=  919  n(MO)=  919  n(linear dep.)=    0
          |      Parameters of EWF:
          |      Options(store_eris=True, global_frag_chempot=None, dm_with_frozen=False, bath_options={'bathtype':
          |          'mp2', 'canonicalize': True, 'occupation_tolerance': 1e-06, 'dmet_threshold': 1e-08, 'rcut': None,
          |          'unit': 'Ang', 'local_aux_enable': False, 'local_aux_radius': 5.0, 'local_aux_unit': 'Ang',
          |          'local_aux_atom_weight_thresh': 0.0001, 'local_aux_print': False, 'order': None, 'max_order': 20,
          |          'threshold': 1e-05, 'truncation': 'occupation', 'project_dmet_order': 2, 'project_dmet_mode':
          |          'squared-entropy', 'addbuffer': False, 'bathtype_occ': None, 'bathtype_vir': None, 'rcut_occ': None,
          |          'rcut_vir': None, 'unit_occ': None, 'unit_vir': None, 'order_occ': None, 'order_vir': None,
          |          'max_order_occ': None, 'max_order_vir': None, 'threshold_occ': None, 'threshold_vir': None,
          |          'truncation_occ': None, 'truncation_vir': None, 'project_dmet_order_occ': None,
          |          'project_dmet_order_vir': None, 'project_dmet_mode_occ': None, 'project_dmet_mode_vir': None,
          |          'addbuffer_occ': None, 'addbuffer_dmet_vir': None, 'canonicalize_occ': None, 'canonicalize_vir':
          |          None}, bosonic_bath_options={'bathtype': None, 'target_orbitals': 'full', 'local_projection':
          |          'fragment', 'threshold': 1e-06, 'truncation': 'occupation'}, solver_options={'conv_tol': None,
          |          'n_moments': None, 'solve_lambda': True, 'conv_tol_normt': None, 'level_shift': None, 'diis_space':
          |          None, 'diis_start_cycle': None, 'iterative_damping': None, 'threads': 1, 'max_cycle': 300,
          |          'fix_spin': None, 'lindep': None, 'davidson_only': True, 'init_guess': 'default', 'max_boson_occ':
          |          2, 'ansatz': None, 'store_as_ccsd': None, 'dumpfile': 'jobs_EWF/cluster_084.h5', 'callback': None,
          |          'compress_cderi': False}, symmetry_tol=1e-06, symmetry_mf_tol=1e-05, screening=None,
          |          ext_rpa_correction=None, match_cluster_fock=False, iao_minao='auto', project_eris=False,
          |          project_init_guess=True, energy_functional='wf', calc_e_wf_corr=True, calc_e_dm_corr=False,
          |          calc_e_ccsd_t_corr=False, t_as_lambda=None, store_wf_type=None, bsse_correction=True, bsse_rmax=5.0,
          |          nelectron_target=None, sc_mode=0, coupled_iterations=False, _debug_wf=None)
          |      Time for EWF setup: 0.3 s
          |  IAO Fragmentation
          |  -----------------
          |  IAO:  computational basis= sto-3g  minimal reference basis= sto-3g (automatically chosen)
          |      IAO CACHE HIT: loaded C_iao from iao_cache.h5 (shape=(919, 919))
          |      Fragmentation: orthogonal= True, occupied-complete= True, virtual-complete= True
          |  Making DMET Bath
          |  ----------------
          |      DMET bath:  n(Bath)=    5  n(occ-Env)=  574  n(vir-Env)=  335
          |      Mean-field entangled orbitals:
          |            Bath  Occupation  Entanglement  Character
          |            ----  ----------  ------------  ------------------------------------------------------
          |         1   Yes       0.917         0.993  C 2pz (25%), C 2pz (23%), C 2s (18%), C 2px (16%)
          |         2   Yes       0.867         0.982  H 1s (75%), C 2pz (18%), C 2s (10%), C 2pz (7%)
          |         3   Yes       0.769         0.947  H 1s (38%), C 2pz (25%), C 2pz (21%), C 2s (12%)
          |         4   Yes       0.213         0.381  C 2py (46%), O 2py (27%), C 2py (8%), C 2px (6%)
          |         5   Yes    2.85e-05      5.71e-05  C 2s (18%), C 2pz (14%), C 2px (13%), O 2px (8%)
          |      Entanglement entropy: total= 8.258e-01  bath= 8.258e-01 (100.00 %)
          |      Cluster orbitals:  n(occ)=   5  n(vir)=   5
          |  Making Occupied BNOs
          |  --------------------
          |      ClusterRHF(norb_active=584, norb_frozen=335)  [occA=579 virA=5 occF=0 virF=335]
          |      Projecting DMET space for MP2 bath (mode= squared-entropy, order= 2).
          |      Occupied BNO histogram:
          |                                               ___
          |                                              |:::|
          |                                              |:::|
          |                                              |:::|
          |                                              |:::|
          |                                              |:::|
          |      +-------------------------------------------+
          |          E-3  E-4  E-5  E-6  E-7  E-8  E-9  E-10
          |  Making Virtual BNOs
          |  -------------------
          |      ClusterRHF(norb_active=345, norb_frozen=574)  [occA=5 virA=340 occF=574 virF=0]
          |      Projecting DMET space for MP2 bath (mode= squared-entropy, order= 2).
          |      Virtual BNO histogram:
          |                                               ___
          |                                              |:::|
          |                                              |:::|
          |                                              |:::|
          |                                              |:::|
          |                                              |:::|
          |      +-------------------------------------------+
          |          E-3  E-4  E-5  E-6  E-7  E-8  E-9  E-10
          |  Occupied bnos:
          |    Bath: N=    8  max=  0.000315  min=  2.51e-05  sum=    0.0011 (  98.223 %)
          |    Rest: N=  566  max=  5.32e-06  min= -2.45e-19  sum=  1.98e-05 (   1.777 %)
          |  Virtual bnos:
          |    Bath: N=    5  max=  0.000344  min=  1.55e-05  sum=  0.000818 (  98.462 %)
          |    Rest: N=  330  max=  5.25e-06  min=  -3.3e-19  sum=  1.28e-05 (   1.538 %)
          |  Orbitals for Fragment 84: N
          |  ---------------------------
          |               Active            Frozen            Total
          |               ---------------   ---------------   -----
          |    Occupied      13 (   2.2%)     566 (  97.8%)     579
          |    Virtual       10 (   2.9%)     330 (  97.1%)     340
          |    Total         23 (   2.5%)     896 (  97.5%)     919
          |  Parameters of RClusterHamiltonian:
          |  RClusterHamiltonian.Options(screening=None, cache_eris=True, match_fock=False)
          |  Parameters of DumpSolver:
          |  DumpSolver.Options(dumpfile='jobs_EWF/cluster_084.h5')
          |  Time for DUMP solver: 2 min 52 s
