 Elapsed time for helper construction 0.189577 (sec) 
 Elapsed time for init 0.001534 (sec) 
 Elapsed time for makeQChamDiagTerms 0.461355 (sec) 
 Davidson iteration 0.0 (tol=0.5728847874960492): -137.4595214905258
 Davidson iteration 0.1 (tol=0.2846612465836255): -137.5972417623182 -135.5315775749264
 Davidson iteration 0.2 (tol=0.1331473609420302): -137.6228796933355 -136.0499598377943 -134.6431389119602
 Davidson iteration 0.3 (tol=0.06056250768396295): -137.6280279937947 -136.3434248885048 -135.044661440244 -133.6363013491606
 Davidson iteration 0.4 (tol=0.02713891202725232): -137.6290092456507 -136.5595427046736 -135.2289905336968 -134.7887283435161
 Davidson iteration 0.5 (tol=0.01187475708784257): -137.629248204328 -136.834420351985 -135.5119710118188 -134.8137031646224
 Davidson iteration 0.6 (tol=0.006271307662862797): -137.6292830140382 -136.9541018293908 -135.7286387795223 -134.8272238577026
 Davidson iteration 0.7 (tol=0.00255982733794321): -137.629292991532 -137.024139606852 -135.9561106421998 -135.0054345432995
 Davidson iteration 1.0 (tol=0.002559827337944697): -137.6292929915313
 Davidson iteration 1.1 (tol=0.001192596410864653): -137.6292944553663 -134.4669095696695
 Davidson iteration 1.2 (tol=0.0006615237494526269): -137.6292949253402 -136.061977102287 -133.4036618152395
 Davidson iteration 1.3 (tol=0.0003076092155621359): -137.629295053263 -136.6684030617124 -133.6384596810809 -133.3651067677872
 Davidson iteration 1.4 (tol=0.0001355633043341364): -137.6292950786263 -136.9104095476256 -134.0749497614726 -133.5616394016277
 Davidson iteration 1.5 (tol=6.219601918050392e-05): -137.6292950833926 -137.0150053669899 -134.9246305312249 -133.7125265086769
 Davidson iteration 1.6 (tol=2.661060867751054e-05): -137.6292950844747 -137.0849364516113 -135.7528963750202 -133.7390592683667
 Davidson iteration 1.7 (tol=1.043468439273321e-05): -137.6292950846538 -137.1222830590571 -136.1957797216009 -134.3139211010651
 Davidson iteration 2.0 (tol=1.043468432969584e-05): -137.6292950846545
 Davidson iteration 2.1 (tol=5.262914296316398e-06): -137.629295084681 -135.2165135950503
 Elapsed time for davidson 5.154506 (sec) 
 Elapsed time for diagonalization 5.154515 (sec) 
 Elapsed time for mult 0.16221 (sec) 
 Energy = -137.6292950846825
 Elapsed time for measurement 0.00664 (sec) 
 Sample-based diagonalization: Energy = -137.6292950846825
 Sample-based diagonalization: density = [1.99999732142693,1.994088030017658,1.992958120919424,1.987293325318665,1.986668101857953,1.981286172211039,1.960832544879093,1.97903702494294,1.983946996907855,1.904052391019064,0.1346612885190138,0.007065883078174724,0.03034658475615512,0.03353103800210497,0.02423517611388911
 Sample-based diagonalization: carryover bitstrings = [], size = 0
