 Elapsed time for helper construction 0.630694 (sec) 
 Elapsed time for init 0.015956 (sec) 
 Elapsed time for makeQChamDiagTerms 3.490385 (sec) 
 Davidson iteration 0.0 (tol=0.5413107650499844): -148.1207238072936
 Davidson iteration 0.1 (tol=0.2349265213565345): -148.2475439137205 -146.2163622924577
 Davidson iteration 0.2 (tol=0.1040800129500149): -148.2647112320067 -146.6739973494743 -145.4296338489819
 Davidson iteration 0.3 (tol=0.03837415671278878): -148.2682384994843 -146.8696515480794 -145.6979105294119 -145.2569241987649
 Davidson iteration 0.4 (tol=0.01564705581901876): -148.2686537578662 -147.0546479577746 -146.0132110667533 -145.4435586496331
 Davidson iteration 0.5 (tol=0.005582837284431191): -148.2687384487225 -147.3396774536961 -146.2051912231717 -145.8013942737135
 Davidson iteration 0.6 (tol=0.002396715749945444): -148.2687481475329 -147.4561322882498 -146.3668523246102 -145.8058535955883
 Davidson iteration 0.7 (tol=0.0009549309768288577): -148.2687498067741 -147.5367187691974 -146.6502058138655 -145.9721278909711
 Davidson iteration 1.0 (tol=0.0009549309768278538): -148.2687498067736
 Davidson iteration 1.1 (tol=0.00046905111496716): -148.268750052568 -145.819573365858
 Davidson iteration 1.2 (tol=0.0002277637216270206): -148.2687501283661 -147.1800582804876 -143.873176175733
 Davidson iteration 1.3 (tol=9.501626207186432e-05): -148.2687501451513 -147.5728962492227 -145.4917508077523 -142.5309492448717
 Davidson iteration 1.4 (tol=4.243523397644112e-05): -148.268750147814 -147.7210765608685 -145.630244516959 -145.4203571099356
 Davidson iteration 1.5 (tol=1.901963241134865e-05): -148.2687501484194 -147.8383468224989 -146.556810310257 -145.5169631187971
 Davidson iteration 1.6 (tol=1.023850736240846e-05): -148.2687501485494 -147.9145904735734 -147.1654832088508 -145.9564045983668
 Davidson iteration 1.7 (tol=4.871869402641837e-06): -148.2687501485841 -147.9686472139545 -147.4553792845783 -145.9906449647255
 Elapsed time for davidson 29.747556 (sec) 
 Elapsed time for diagonalization 29.747701 (sec) 
 Elapsed time for mult 0.797751 (sec) 
 Energy = -148.2687501485846
 Elapsed time for measurement 0.04043799999999999 (sec) 
 Sample-based diagonalization: Energy = -148.2687501485846
 Sample-based diagonalization: density = [1.999997221662605,1.997632475852634,1.992424703164128,1.9928866586402,1.990509180023228,1.98548098121049,1.990676103761963,1.974420292807023,1.972100737493828,1.984212990955462,1.932064348663065,0.1090423540267031,0.014929330158131,0.01674946023541601,0.005447853767922985,0.002178748661439038,0.02046767351609189,0.01877888521252654
 Sample-based diagonalization: carryover bitstrings = [], size = 0
