 Elapsed time for helper construction 0.991243 (sec) 
 Elapsed time for init 0.014593 (sec) 
 Elapsed time for makeQChamDiagTerms 8.047806 (sec) 
 Davidson iteration 0.0 (tol=0.5973925860169313): -114.3157901705952
 Davidson iteration 0.1 (tol=0.1225472369145482): -114.4838150487206 -112.2688880837088
 Davidson iteration 0.2 (tol=0.02125590486794715): -114.4893175538028 -112.5264483848347 -111.7477013591324
 Davidson iteration 0.3 (tol=0.005437455221672299): -114.4894898859497 -112.6779556613361 -112.1776807770159 -111.6488752930813
 Davidson iteration 0.4 (tol=0.001475625618564861): -114.489501559686 -112.8848639782621 -112.3362947210063 -111.8624967375242
 Davidson iteration 0.5 (tol=0.0003695944369990677): -114.4895023196191 -113.046677455579 -112.4369087608731 -111.8629303884142
 Davidson iteration 0.6 (tol=8.673882518771102e-05): -114.4895023655205 -113.1253442136524 -112.5230885169569 -112.0076860789326
 Davidson iteration 0.7 (tol=2.250606498655112e-05): -114.4895023681527 -113.1530917743253 -112.6246468642486 -112.2212859480511
 Davidson iteration 1.0 (tol=2.250606498698179e-05): -114.4895023681535
 Davidson iteration 1.1 (tol=7.388339350551279e-06): -114.4895023683207 -111.86617308738
 Elapsed time for davidson 28.817336 (sec) 
 Elapsed time for diagonalization 28.817433 (sec) 
 Elapsed time for mult 0.890119 (sec) 
 Energy = -114.4895023683201
 Elapsed time for measurement 0.07893499999999999 (sec) 
 Sample-based diagonalization: Energy = -114.4895023683201
 Sample-based diagonalization: density = [1.999973882184199,1.99373699581966,1.989608521961554,1.986642703135811,1.986250912042365,1.982760948909483,1.980986355468192,1.979547242605046,1.977699953326787,1.978253384379115,1.97819449566949,0.0160019754904791,0.009012234493757699,0.006950606559554961,0.01676932717334653,0.01410029328197844,0.01443578893810621,0.01213358752397694,0.01732218320007683,0.01681485945464998,0.01284827717278846,0.01463931786381887,0.01531615309890243
 Sample-based diagonalization: carryover bitstrings = [], size = 0
