          |                                    ___       ___
          |  _______________________________  /   \ . . /   \
          |                                   \___/     \___/
          |              VAYESTA                  .  V  .   .
          |     Quantum Embedding Package          .___.  A  .___
          |  _______________________________       /   \ . . /   \
          |                    version 1.0.1       \___/     \___/ 
          |
          |
          |  INITIALIZING EWF
          |  ================
          |      Initial E(mean-field)=    -189.53199681 Ha
          |      Calculated E(HF)=         -189.53199681 Ha
          |      Difference dE=              +0.00000000 Ha ( -0.0%)
          |      n(AO)=   26  n(MO)=   26  n(linear dep.)=    0
          |      Parameters of EWF:
          |      Options(store_eris=True, global_frag_chempot=None, dm_with_frozen=False, bath_options={'bathtype':
          |          'mp2', 'canonicalize': True, 'occupation_tolerance': 1e-06, 'dmet_threshold': 1e-08, 'rcut': None,
          |          'unit': 'Ang', 'local_aux_enable': False, 'local_aux_radius': 5.0, 'local_aux_unit': 'Ang',
          |          'local_aux_atom_weight_thresh': 0.0001, 'local_aux_print': False, 'order': None, 'max_order': 20,
          |          'threshold': 1e-05, 'truncation': 'occupation', 'project_dmet_order': 2, 'project_dmet_mode':
          |          'squared-entropy', 'addbuffer': False, 'bathtype_occ': None, 'bathtype_vir': None, 'rcut_occ': None,
          |          'rcut_vir': None, 'unit_occ': None, 'unit_vir': None, 'order_occ': None, 'order_vir': None,
          |          'max_order_occ': None, 'max_order_vir': None, 'threshold_occ': None, 'threshold_vir': None,
          |          'truncation_occ': None, 'truncation_vir': None, 'project_dmet_order_occ': None,
          |          'project_dmet_order_vir': None, 'project_dmet_mode_occ': None, 'project_dmet_mode_vir': None,
          |          'addbuffer_occ': None, 'addbuffer_dmet_vir': None, 'canonicalize_occ': None, 'canonicalize_vir':
          |          None}, bosonic_bath_options={'bathtype': None, 'target_orbitals': 'full', 'local_projection':
          |          'fragment', 'threshold': 1e-06, 'truncation': 'occupation'}, solver_options={'conv_tol': None,
          |          'n_moments': None, 'solve_lambda': True, 'conv_tol_normt': None, 'level_shift': None, 'diis_space':
          |          None, 'diis_start_cycle': None, 'iterative_damping': None, 'threads': 1, 'max_cycle': 300,
          |          'fix_spin': None, 'lindep': None, 'davidson_only': True, 'init_guess': 'default', 'max_boson_occ':
          |          2, 'ansatz': None, 'store_as_ccsd': None, 'dumpfile':
          |          '/mnt/beegfs/merzk/kaliakd/EWF_Geom_Opt_Development/release_code_showcase_acetone/EWF-FCI_SQD/jobs_EWF/step_000/cluster_001.h5',
          |          'callback': None, 'compress_cderi': False}, symmetry_tol=1e-06, symmetry_mf_tol=1e-05,
          |          screening=None, ext_rpa_correction=None, match_cluster_fock=False, iao_minao='auto',
          |          project_eris=False, project_init_guess=True, energy_functional='wf', calc_e_wf_corr=True,
          |          calc_e_dm_corr=False, calc_e_ccsd_t_corr=False, t_as_lambda=None, store_wf_type=None,
          |          bsse_correction=True, bsse_rmax=5.0, nelectron_target=None, sc_mode=0, coupled_iterations=False,
          |          _debug_wf=None)
          |      Time for EWF setup: 0.3 s
          |  IAO Fragmentation
          |  -----------------
          |  IAO:  computational basis= sto-3g  minimal reference basis= sto-3g (automatically chosen)
          |      IAO CACHE HIT: loaded C_iao from iao_cache.h5 (shape=(26, 26))
          |      Fragmentation: orthogonal= True, occupied-complete= True, virtual-complete= True
          |  Making DMET Bath
          |  ----------------
          |      DMET bath:  n(Bath)=    5  n(occ-Env)=   11  n(vir-Env)=    5
          |      Mean-field entangled orbitals:
          |            Bath  Occupation  Entanglement  Character
          |            ----  ----------  ------------  ------------------------------------------------------
          |         1   Yes        1.12         0.986  O 2py (78%), O 2s (34%), C 2pz (2%), C 2pz (2%)
          |         2   Yes         1.1          0.99  O 2px (96%), C 2px (3%), C 2px (3%), H 1s (0%)
          |         3   Yes        1.02         0.999  C 2pz (24%), C 2pz (24%), C 2s (16%), C 2s (16%)
          |         4   Yes       0.912         0.992  C 2pz (34%), C 2pz (34%), C 2s (15%), C 2s (15%)
          |         5   Yes    1.78e-05      3.56e-05  C 2s (15%), C 2s (15%), H 1s (13%), H 1s (13%)
          |      Entanglement entropy: total= 9.918e-01  bath= 9.918e-01 (100.00 %)
          |      Cluster orbitals:  n(occ)=   5  n(vir)=   5
          |  Making Occupied BNOs
          |  --------------------
          |      ClusterRHF(norb_active=21, norb_frozen=5)  [occA=16 virA=5 occF=0 virF=5]
          |      Projecting DMET space for MP2 bath (mode= squared-entropy, order= 2).
          |      Occupied BNO histogram:
          |            ___
          |           |:::|
          |       ___ |:::|      ___
          |      |:::||:::|     |:::|
          |      |:::||:::|     |:::|
          |      |:::||:::|     |:::|
          |      +-------------------------------------------+
          |          E-3  E-4  E-5  E-6  E-7  E-8  E-9  E-10
          |  Making Virtual BNOs
          |  -------------------
          |      ClusterRHF(norb_active=15, norb_frozen=11)  [occA=5 virA=10 occF=11 virF=0]
          |      Projecting DMET space for MP2 bath (mode= squared-entropy, order= 2).
          |      Virtual BNO histogram:
          |            ___
          |           |:::|
          |           |:::|
          |           |:::|
          |           |:::| ___
          |           |:::||:::|
          |      +-------------------------------------------+
          |          E-3  E-4  E-5  E-6  E-7  E-8  E-9  E-10
          |  Occupied bnos:
          |    Bath: N=    8  max=   0.00331  min=  0.000117  sum=   0.00874 (  99.942 %)
          |    Rest: N=    3  max=  2.21e-06  min=  1.33e-06  sum=  5.07e-06 (   0.058 %)
          |  Virtual bnos:
          |    Bath: N=    5  max=  0.000665  min=  1.07e-05  sum=   0.00121 ( 100.000 %)
          |    Rest: N=    0
          |  Orbitals for Fragment 1: C
          |  --------------------------
          |               Active            Frozen            Total
          |               ---------------   ---------------   -----
          |    Occupied      13 (  81.2%)       3 (  18.8%)      16
          |    Virtual       10 ( 100.0%)       0 (   0.0%)      10
          |    Total         23 (  88.5%)       3 (  11.5%)      26
          |  Parameters of RClusterHamiltonian:
          |  RClusterHamiltonian.Options(screening=None, cache_eris=True, match_fock=False)
          |  Parameters of DumpSolver:
          |  DumpSolver.Options(dumpfile='/mnt/beegfs/merzk/kaliakd/EWF_Geom_Opt_Development/release_code_showcase_acetone/EWF-FCI_SQD/jobs_EWF/step_000/cluster_001.h5')
          |  Time for DUMP solver: 0.1 s
