 Elapsed time for helper construction 1.996459 (sec) 
 Elapsed time for init 0.05409 (sec) 
 Elapsed time for makeQChamDiagTerms 15.49233 (sec) 
 Davidson iteration 0.0 (tol=0.6656210724015438): -153.7157401595319
 Davidson iteration 0.1 (tol=0.2507039787110746): -153.9021954687866 -151.6312122368749
 Davidson iteration 0.2 (tol=0.09686442487186067): -153.9215934578336 -152.0213351646377 -150.893701641297
 Davidson iteration 0.3 (tol=0.02954648465977982): -153.924580263079 -152.273045900379 -150.9929099056411 -150.7014429214503
 Davidson iteration 0.4 (tol=0.01187450503409051): -153.924879436135 -152.6007444453455 -151.3425547130533 -150.8671277775775
 Davidson iteration 0.5 (tol=0.004661709094391426): -153.9249298183713 -152.9486921003632 -151.6916392581595 -150.9777483190087
 Davidson iteration 0.6 (tol=0.001869690254461229): -153.9249372228942 -153.1100821153475 -151.9056638828332 -151.0472812029937
 Davidson iteration 0.7 (tol=0.0007236869968283616): -153.9249385139624 -153.2018786833404 -152.203670244652 -151.4537694769357
 Davidson iteration 1.0 (tol=0.0007236869968518361): -153.9249385139596
 Davidson iteration 1.1 (tol=0.0003341473313184358): -153.9249386856455 -151.5792946757567
 Davidson iteration 1.2 (tol=0.0001702726629196077): -153.9249387340352 -152.7832438425202 -150.3302475140479
 Davidson iteration 1.3 (tol=6.579539493087707e-05): -153.924938743462 -153.1240350697475 -150.9155745388642 -149.4868213964059
 Davidson iteration 1.4 (tol=2.42867349627472e-05): -153.92493874484 -153.2424517272685 -151.1603390291791 -150.8427560850934
 Davidson iteration 1.5 (tol=9.826813544993988e-06): -153.9249387450666 -153.3279030399146 -152.1879856592968 -150.8577588012304
 Elapsed time for davidson 80.22948599999999 (sec) 
 Elapsed time for diagonalization 80.229742 (sec) 
 Elapsed time for mult 2.530526 (sec) 
 Energy = -153.9249387450707
 Elapsed time for measurement 0.146468 (sec) 
 Sample-based diagonalization: Energy = -153.9249387450707
 Sample-based diagonalization: density = [1.999988884839581,1.991375326471304,1.990572590838561,1.989948691617513,1.985281609034757,1.981773290956008,1.983427017659106,1.980668305800882,1.982059610168445,1.971969887218592,1.987654890801972,1.986946914319649,1.944934360812089,0.08912364438136064,0.021285497158325,0.01823418666289823,0.01888956820559586,0.01509114961260706,0.004476946015790441,0.01599513198001729,0.008088248312263947,0.01726097498301847,0.01495327159379345
 Sample-based diagonalization: carryover bitstrings = [], size = 0
