 Elapsed time for helper construction 1.472167 (sec) 
 Elapsed time for init 0.045073 (sec) 
 Elapsed time for makeQChamDiagTerms 12.576163 (sec) 
 Davidson iteration 0.0 (tol=0.6755161993909858): -165.604334349374
 Davidson iteration 0.1 (tol=0.2632925134685307): -165.7943433730269 -163.5338835736233
 Davidson iteration 0.2 (tol=0.1101064227337154): -165.8154592505846 -163.9129502303927 -162.8206130102888
 Davidson iteration 0.3 (tol=0.03440654413909467): -165.8193077290581 -164.1417137161366 -162.9672623808484 -162.6801624127078
 Davidson iteration 0.4 (tol=0.01489924837175446): -165.8197095571646 -164.4683823113922 -163.2421766230245 -162.7956629505423
 Davidson iteration 0.5 (tol=0.006192125129593817): -165.8197896280527 -164.8467358042409 -163.5790848037196 -162.9367737589251
 Davidson iteration 0.6 (tol=0.002611122019785859): -165.8198034871754 -165.031351964179 -163.8237107932392 -162.939637331867
 Davidson iteration 0.7 (tol=0.001087872301164964): -165.8198059831876 -165.1390601434922 -164.2416624462344 -163.3861019564475
 Davidson iteration 1.0 (tol=0.001087872301162577): -165.8198059831867
 Davidson iteration 1.1 (tol=0.000497121405744243): -165.8198063564279 -163.5059611865192
 Davidson iteration 1.2 (tol=0.0002629203765873902): -165.8198064756571 -164.8165519376887 -162.5719872840598
 Davidson iteration 1.3 (tol=0.0001223551673261766): -165.8198065018348 -165.2165080306778 -163.0976771599219 -162.1127263657576
 Davidson iteration 1.4 (tol=5.138133573800246e-05): -165.8198065069645 -165.3228373921493 -163.1791988293151 -163.0441119667638
 Davidson iteration 1.5 (tol=2.204749008215747e-05): -165.8198065080105 -165.3954402534389 -164.1968988200997 -163.0701997104187
 Davidson iteration 1.6 (tol=9.527203367557639e-06): -165.8198065081774 -165.4349813874703 -164.6117196844355 -163.4159054077344
 Elapsed time for davidson 72.301107 (sec) 
 Elapsed time for diagonalization 72.301467 (sec) 
 Elapsed time for mult 2.247098 (sec) 
 Energy = -165.8198065081758
 Elapsed time for measurement 0.375675 (sec) 
 Sample-based diagonalization: Energy = -165.8198065081758
 Sample-based diagonalization: density = [1.999974064912211,1.99420669173972,1.992874269141236,1.992812753740234,1.987125022220079,1.985174311614202,1.989260347576977,1.982718314721843,1.984562871263836,1.981253094870869,1.976626919036824,1.975778867178085,1.981648734242832,1.943633953899933,0.09315717613466226,0.02149724609848896,0.02248518005116345,0.01772869135370167,0.01117037500578438,0.0148788404000644,0.01597037973674519,0.01916893499495787,0.01629295955601906
 Sample-based diagonalization: carryover bitstrings = [], size = 0
