 Elapsed time for helper construction 1.396407 (sec) 
 Elapsed time for init 0.015648 (sec) 
 Elapsed time for makeQChamDiagTerms 10.81774 (sec) 
 Davidson iteration 0.0 (tol=0.6172715339762098): -114.3157901705952
 Davidson iteration 0.1 (tol=0.1734216125318266): -114.4895701782003 -112.2069286434989
 Davidson iteration 0.2 (tol=0.03419690308502068): -114.4998559946234 -112.5613250102708 -111.4299332393254
 Davidson iteration 0.3 (tol=0.008965581385853382): -114.5002375134312 -112.670994061519 -111.862639420786 -111.3295108084328
 Davidson iteration 0.4 (tol=0.002594491719988547): -114.5002654044388 -112.8149703696408 -112.1602974616384 -111.5548395796911
 Davidson iteration 0.5 (tol=0.0007677688306473095): -114.5002676289645 -112.9791854889096 -112.387350408127 -111.5642406849734
 Davidson iteration 0.6 (tol=0.0002050188559270071): -114.5002678198376 -113.0990228749232 -112.5413965802027 -111.8174178838762
 Davidson iteration 0.7 (tol=5.688580468319128e-05): -114.5002678335943 -113.1538967385703 -112.6540577457695 -112.0262752655314
 Davidson iteration 1.0 (tol=5.688580468277656e-05): -114.5002678335953
 Davidson iteration 1.1 (tol=2.008581680076647e-05): -114.5002678345649 -111.6794917876477
 Davidson iteration 1.2 (tol=6.456281878451771e-06): -114.5002678347186 -112.724831339528 -110.7737920178671
 Elapsed time for davidson 46.989329 (sec) 
 Elapsed time for diagonalization 46.989542 (sec) 
 Elapsed time for mult 1.818273 (sec) 
 Energy = -114.5002678347167
 Elapsed time for measurement 0.108162 (sec) 
 Sample-based diagonalization: Energy = -114.5002678347167
 Sample-based diagonalization: density = [1.999971729645374,1.991223329035886,1.989076179334225,1.985758936040554,1.985295937437295,1.981403055380473,1.979582359180766,1.977945950120122,1.975903665787821,1.976700603163538,1.976691426031638,0.01702674514036183,0.009713936299302789,0.007614077912982273,0.01820689131977653,0.01600264679193644,0.01547417220977386,0.01353306322954041,0.01851214704377837,0.01797045837988248,0.01447642684598776,0.01568923317756341,0.01622703017294839
 Sample-based diagonalization: carryover bitstrings = [], size = 0
