 Elapsed time for helper construction 1.292448 (sec) 
 Elapsed time for init 0.043564 (sec) 
 Elapsed time for makeQChamDiagTerms 9.340557 (sec) 
 Davidson iteration 0.0 (tol=0.6214206738633353): -117.1897686696337
 Davidson iteration 0.1 (tol=0.190831032057113): -117.3621118473775 -115.0442083001399
 Davidson iteration 0.2 (tol=0.04704431159483304): -117.3737995471315 -115.4321995999247 -114.2191753664831
 Davidson iteration 0.3 (tol=0.01429328683885928): -117.3744494176101 -115.4975994539603 -114.6037450071122 -114.2166154461888
 Davidson iteration 0.4 (tol=0.004792252677029753): -117.3745184925122 -115.6809509134847 -114.9818482261338 -114.5848183106443
 Davidson iteration 0.5 (tol=0.001864027940121765): -117.3745267260032 -116.0860685680465 -115.3240704227523 -114.5848322622528
 Davidson iteration 0.6 (tol=0.0007117395209159179): -117.3745279580748 -116.3981827483834 -115.4501034179849 -114.7451172873519
 Davidson iteration 0.7 (tol=0.0002765661984619846): -117.3745281381189 -116.58889307041 -115.5673734079333 -114.9398693262075
 Davidson iteration 1.0 (tol=0.0002765661984599442): -117.3745281381181
 Davidson iteration 1.1 (tol=0.0001237363668952519): -117.3745281609009 -114.8213148032336
 Davidson iteration 1.2 (tol=5.523408405384548e-05): -117.374528167373 -116.2161379468776 -113.1657091865153
 Davidson iteration 1.3 (tol=2.146319481968314e-05): -117.374528168391 -116.5426800935478 -114.1643405295809 -112.8838276473913
 Davidson iteration 1.4 (tol=7.860261291466309e-06): -117.3745281685415 -116.6825399958866 -114.520883284275 -114.0085557131345
 Elapsed time for davidson 60.99214199999999 (sec) 
 Elapsed time for diagonalization 60.998086 (sec) 
 Elapsed time for mult 1.751781 (sec) 
 Energy = -117.374528168543
 Elapsed time for measurement 0.343653 (sec) 
 Sample-based diagonalization: Energy = -117.374528168543
 Sample-based diagonalization: density = [1.999968171138862,1.989163598308295,1.988844748491319,1.984892481373248,1.981094340051042,1.979175494929203,1.97901217566575,1.977933874620089,1.976908746803747,1.975210637367828,1.986644818896977,0.02183904549915376,0.01722971207897968,0.02084697803073376,0.01556855656074938,0.01776975171163502,0.01890943312526681,0.01871032431214448,0.01648378706562627,0.01608598374754558,0.01770733985963507
 Sample-based diagonalization: carryover bitstrings = [], size = 0
