 Elapsed time for helper construction 1.265982 (sec) 
 Elapsed time for init 0.013131 (sec) 
 Elapsed time for makeQChamDiagTerms 10.502978 (sec) 
 Davidson iteration 0.0 (tol=0.6259866733527127): -124.9085223895786
 Davidson iteration 0.1 (tol=0.1251719985445892): -125.0891315963047 -122.8184988062607
 Davidson iteration 0.2 (tol=0.02232665795538025): -125.0947681123766 -123.0741484907281 -122.3245833696266
 Davidson iteration 0.3 (tol=0.005952251439089086): -125.0949501628961 -123.1976298801787 -122.6673987858564 -122.2535432071294
 Davidson iteration 0.4 (tol=0.001716742723326342): -125.0949642412275 -123.4535374145618 -122.8728279980949 -122.4370562691184
 Davidson iteration 0.5 (tol=0.0004607630698314688): -125.094965295149 -123.683496780775 -123.0004581782401 -122.4946765760212
 Davidson iteration 0.6 (tol=0.0001282451818297283): -125.0949653714766 -123.8109019348775 -123.1037121188046 -122.6165476037568
 Davidson iteration 0.7 (tol=4.029112281577116e-05): -125.0949653781787 -123.9923178075746 -123.3302806785906 -122.8670994414276
 Davidson iteration 1.0 (tol=4.029112281498135e-05): -125.0949653781792
 Davidson iteration 1.1 (tol=1.522308890049333e-05): -125.0949653788071 -123.0891713784528
 Davidson iteration 1.2 (tol=5.462758011111799e-06): -125.0949653789253 -124.0713750506759 -121.8711872183214
 Elapsed time for davidson 35.816533 (sec) 
 Elapsed time for diagonalization 35.816788 (sec) 
 Elapsed time for mult 0.9848039999999999 (sec) 
 Energy = -125.094965378926
 Elapsed time for measurement 0.101083 (sec) 
 Sample-based diagonalization: Energy = -125.094965378926
 Sample-based diagonalization: density = [1.999975361755026,1.990381806882945,1.989510212509332,1.987221609776671,1.983881765460848,1.981883463899523,1.982233822280678,1.980265077708606,1.981092157693188,1.980402955380162,1.978116287843577,1.991578291008961,0.01687042466701116,0.01326824150895074,0.01665309401918288,0.0180125465190699,0.01546061411276952,0.01618439246134254,0.01583470217223832,0.01595016523372191,0.01407920895381537,0.01587074536951844,0.01527305253372058
 Sample-based diagonalization: carryover bitstrings = [], size = 0
