 Elapsed time for helper construction 1.689485 (sec) 
 Elapsed time for init 0.014127 (sec) 
 Elapsed time for makeQChamDiagTerms 18.882901 (sec) 
 Davidson iteration 0.0 (tol=0.5232482555209557): -186.9199454320073
 Davidson iteration 0.1 (tol=0.07319192169587706): -187.0486875535666 -185.0065698639711
 Davidson iteration 0.2 (tol=0.01801858819599894): -187.051569991841 -185.7636981427235 -184.9593970612969
 Davidson iteration 0.3 (tol=0.004426604026676152): -187.0517477314254 -185.9338504234366 -185.2781824607964 -184.9396152776929
 Davidson iteration 0.4 (tol=0.001012645259754014): -187.0517591370964 -186.279197773818 -185.3162507273348 -184.9970983757757
 Davidson iteration 0.5 (tol=0.0002536085328714697): -187.0517596853232 -186.4233663661284 -185.4229763237163 -185.2631737288196
 Davidson iteration 0.6 (tol=5.135028859947173e-05): -187.0517597159841 -186.4355740895382 -185.5287856284106 -185.3373438880239
 Davidson iteration 0.7 (tol=1.072574592859662e-05): -187.0517597173646 -186.4807439899121 -185.7813240493113 -185.3718313494359
 Davidson iteration 1.0 (tol=1.072574593268417e-05): -187.0517597173645
 Davidson iteration 1.1 (tol=2.580195659386979e-06): -187.0517597174178 -185.3852257098748
 Elapsed time for davidson 41.74869899999999 (sec) 
 Elapsed time for diagonalization 41.75097299999999 (sec) 
 Elapsed time for mult 0.916288 (sec) 
 Energy = -187.0517597174199
 Elapsed time for measurement 0.145082 (sec) 
 Sample-based diagonalization: Energy = -187.0517597174199
 Sample-based diagonalization: density = [1.999981296009126,1.996417264947812,1.994498513765046,1.995329590713897,1.995705025460304,1.993268008368851,1.988553351654686,1.991655548450509,1.989199536464681,1.992209528605396,1.992072010420296,1.992057137804397,1.984423542280235,1.972504791540804,1.993547318280819,1.993427315767924,0.04596931939480844,0.009437946452204929,0.01372880272663696,0.008302004329978189,0.007995524254146347,0.006880717640715238,0.004040622864273499,0.008859214421097168,0.005019849735295531,0.002797143606715865,0.007319089654179415,0.004918451375652295,0.009881532866042654
 Sample-based diagonalization: carryover bitstrings = [], size = 0
