 Elapsed time for helper construction 0.40297 (sec) 
 Elapsed time for init 0.006268999999999999 (sec) 
 Elapsed time for makeQChamDiagTerms 0.934816 (sec) 
 Davidson iteration 0.0 (tol=0.6143889907421711): -92.01056969230171
 Davidson iteration 0.1 (tol=0.2678772645176888): -92.18123673601396 -90.18760205036288
 Davidson iteration 0.2 (tol=0.118218063765028): -92.20382251115102 -90.52040399848939 -89.19988490404184
 Davidson iteration 0.3 (tol=0.04396456386284596): -92.20772869742781 -90.63029835990811 -89.44742563026159 -88.96945698018216
 Davidson iteration 0.4 (tol=0.0157888403810997): -92.20827004966195 -90.79643195337785 -89.64179929477024 -88.98991213474183
 Davidson iteration 0.5 (tol=0.006073417456425474): -92.2083320416823 -90.94429678113548 -89.92194847603523 -89.45001369995744
 Davidson iteration 0.6 (tol=0.002275290319848574): -92.20834235844499 -91.05251545146605 -90.1193806058541 -89.48619495518911
 Davidson iteration 0.7 (tol=0.0008779706200286753): -92.2083436463946 -91.14211734376698 -90.27940987533408 -89.51549037714145
 Davidson iteration 1.0 (tol=0.0008779706200284169): -92.20834364639479
 Davidson iteration 1.1 (tol=0.0003864009727611219): -92.20834382532006 -89.31676878505262
 Davidson iteration 1.2 (tol=0.0001557638996439711): -92.20834387382507 -90.60366505161726 -87.68656536306462
 Davidson iteration 1.3 (tol=6.871028672315046e-05): -92.20834388106931 -91.04236591377872 -88.808050411971 -87.41211297841461
 Davidson iteration 1.4 (tol=2.494643919022553e-05): -92.20834388229126 -91.30781627892053 -88.88803623177574 -88.38299693902036
 Davidson iteration 1.5 (tol=9.031210763894259e-06): -92.20834388246521 -91.4207743736814 -89.48794595560905 -88.69573063906326
 Elapsed time for davidson 17.498175 (sec) 
 Elapsed time for diagonalization 17.498244 (sec) 
 Elapsed time for mult 0.608225 (sec) 
 Energy = -92.20834388246553
 Elapsed time for measurement 0.026214 (sec) 
 Sample-based diagonalization: Energy = -92.20834388246553
 Sample-based diagonalization: density = [1.999968080536404,1.987424110763946,1.985068642629984,1.979025893645755,1.979338128828573,1.970939309142076,1.97567745384561,1.892644778150991,1.983522126812216,0.1127627023370678,0.02442846817623007,0.02628955573614744,0.02319509265756637,0.01974474448741211,0.02006938151687942,0.01990153069411745
 Sample-based diagonalization: carryover bitstrings = [], size = 0
