 Elapsed time for helper construction 1.168738 (sec) 
 Elapsed time for init 0.042689 (sec) 
 Elapsed time for makeQChamDiagTerms 10.588472 (sec) 
 Davidson iteration 0.0 (tol=0.6928646527442417): -155.913276343428
 Davidson iteration 0.1 (tol=0.2423010634668647): -156.1047266540685 -153.8426577363408
 Davidson iteration 0.2 (tol=0.0839278119014607): -156.1234642386528 -154.1152675998702 -153.5553999959583
 Davidson iteration 0.3 (tol=0.02422526517815925): -156.1257167397342 -154.2441672048685 -153.6989520586847 -153.3820218653691
 Davidson iteration 0.4 (tol=0.01003930504756482): -156.1259530886733 -154.8394803598398 -153.8742254935992 -153.4767024970842
 Davidson iteration 0.5 (tol=0.003919907619635359): -156.1259949858723 -155.2637017622181 -153.8967872608321 -153.5883441589187
 Davidson iteration 0.6 (tol=0.00135589424578712): -156.1260010458663 -155.4366247850258 -154.1415568467654 -153.6467443563792
 Davidson iteration 0.7 (tol=0.000507019019480409): -156.1260017147234 -155.5103571710347 -154.4089538984625 -153.7965121427181
 Davidson iteration 1.0 (tol=0.0005070190194822903): -156.1260017147243
 Davidson iteration 1.1 (tol=0.0002210798932152302): -156.1260018014239 -154.3585424481284
 Davidson iteration 1.2 (tol=9.968987950853253e-05): -156.1260018267148 -155.2480282446998 -153.3784546329198
 Davidson iteration 1.3 (tol=3.86145797178249e-05): -156.1260018304663 -155.5490290424381 -153.3923101728728 -153.0927037403307
 Davidson iteration 1.4 (tol=1.598531308639945e-05): -156.1260018310583 -155.6503023829264 -153.9885593336398 -153.3921896172508
 Davidson iteration 1.5 (tol=6.28895469272496e-06): -156.126001831161 -155.7123957756063 -154.7080950201397 -153.4080019733151
 Elapsed time for davidson 54.249196 (sec) 
 Elapsed time for diagonalization 54.250865 (sec) 
 Elapsed time for mult 1.741243 (sec) 
 Energy = -156.1260018311597
 Elapsed time for measurement 0.115375 (sec) 
 Sample-based diagonalization: Energy = -156.1260018311597
 Sample-based diagonalization: density = [1.999970957797923,1.992808366540193,1.992641994212724,1.990890733789918,1.98593375631377,1.983784312230967,1.983065347734014,1.98211077447173,1.979435901504736,1.980479387741728,1.99013087252331,1.985743696449431,1.941450087922873,0.08071076846448152,0.01786048472655153,0.01594695584914495,0.01125401534926265,0.010330860841468,0.01424233594958591,0.01509025259758734,0.01717337609728882,0.01475513176573735,0.0141896287216979
 Sample-based diagonalization: carryover bitstrings = [], size = 0
