 Elapsed time for helper construction 1.061127 (sec) 
 Elapsed time for init 0.030965 (sec) 
 Elapsed time for makeQChamDiagTerms 8.137376 (sec) 
 Davidson iteration 0.0 (tol=0.6349520469466843): -156.0512719878138
 Davidson iteration 0.1 (tol=0.2190358533097864): -156.2258977035493 -154.0160958779375
 Davidson iteration 0.2 (tol=0.07876846153326729): -156.2416715326737 -154.3721415288979 -153.4493875569278
 Davidson iteration 0.3 (tol=0.02424518065864885): -156.2438417620979 -154.6619428208271 -153.5666407576933 -153.230475613403
 Davidson iteration 0.4 (tol=0.009662698778832792): -156.2440671053774 -155.0231075605965 -153.831855525627 -153.4736210881165
 Davidson iteration 0.5 (tol=0.003559291981122962): -156.244105004783 -155.3795905750378 -154.1069193748377 -153.5816444366652
 Davidson iteration 0.6 (tol=0.001382299051029271): -156.2441098400047 -155.5074203811219 -154.323338466293 -153.7405360743399
 Davidson iteration 0.7 (tol=0.00053740662773454): -156.2441106664355 -155.5820795325473 -154.7306439713192 -154.081751332729
 Davidson iteration 1.0 (tol=0.0005374066277361125): -156.2441106664357
 Davidson iteration 1.1 (tol=0.0002246847669118314): -156.2441107713987 -154.1307432175556
 Davidson iteration 1.2 (tol=0.0001113393680995934): -156.2441107983045 -155.2755601229 -153.6101230729997
 Davidson iteration 1.3 (tol=4.133273712095544e-05): -156.244110802899 -155.5126748543985 -153.6277319497611 -153.3119985064263
 Davidson iteration 1.4 (tol=1.632472971524332e-05): -156.2441108035264 -155.6345831487749 -154.0153193631843 -153.523899894373
 Davidson iteration 1.5 (tol=6.344996582624212e-06): -156.2441108036351 -155.7120594424569 -154.7556534579203 -153.6032086979015
 Elapsed time for davidson 41.795266 (sec) 
 Elapsed time for diagonalization 41.796429 (sec) 
 Elapsed time for mult 0.987614 (sec) 
 Energy = -156.2441108036333
 Elapsed time for measurement 0.086628 (sec) 
 Sample-based diagonalization: Energy = -156.2441108036333
 Sample-based diagonalization: density = [1.999989772518859,1.991735417879127,1.991767584631641,1.991984756996714,1.984759993442323,1.983943852753278,1.984992293062536,1.988510794221039,1.985724595625495,1.982076989838295,1.969141096695494,1.987467455138225,1.953075637461728,0.08408811558737768,0.01735232995183181,0.01651256661212003,0.01444920162840422,0.01526076604046268,0.01674624722687379,0.008366590733765212,0.01731945425492808,0.01473448737107526
 Sample-based diagonalization: carryover bitstrings = [], size = 0
