 Elapsed time for helper construction 1.097835 (sec) 
 Elapsed time for init 0.033935 (sec) 
 Elapsed time for makeQChamDiagTerms 7.734274 (sec) 
 Davidson iteration 0.0 (tol=0.5929560364714317): -129.7995430175619
 Davidson iteration 0.1 (tol=0.1672289340673712): -129.9624739622897 -127.7566112704002
 Davidson iteration 0.2 (tol=0.04490722177836392): -129.9719593945285 -128.0932068819857 -127.0966973403326
 Davidson iteration 0.3 (tol=0.01322840218054464): -129.9725789687479 -128.164659145054 -127.236913309609 -127.016815676667
 Davidson iteration 0.4 (tol=0.00434782525897792): -129.97263597636 -128.3128585005787 -127.5979236608911 -127.0175304110268
 Davidson iteration 0.5 (tol=0.001484399731504397): -129.9726425211038 -128.6386029866711 -127.913373492879 -127.2277270030924
 Davidson iteration 0.6 (tol=0.0004822158443508552): -129.9726432799942 -128.8771072992282 -128.0447256061689 -127.2621861217524
 Davidson iteration 0.7 (tol=0.0001662251580438812): -129.9726433540398 -129.0017712960348 -128.1588818761223 -127.5157787385332
 Davidson iteration 1.0 (tol=0.0001662251580439253): -129.9726433540399
 Davidson iteration 1.1 (tol=6.914335509621274e-05): -129.9726433619468 -127.2012392819445
 Davidson iteration 1.2 (tol=2.60065053371021e-05): -129.9726433638411 -128.6542288344241 -125.6274030127762
 Davidson iteration 1.3 (tol=9.586250550022731e-06): -129.9726433640693 -128.9914888216828 -126.8506086981141 -125.4052972746274
 Elapsed time for davidson 38.489199 (sec) 
 Elapsed time for diagonalization 38.489461 (sec) 
 Elapsed time for mult 1.259076 (sec) 
 Energy = -129.9726433640695
 Elapsed time for measurement 0.07975399999999999 (sec) 
 Sample-based diagonalization: Energy = -129.9726433640695
 Sample-based diagonalization: density = [1.999970743542354,1.993267296703302,1.989205762618941,1.985500937812543,1.981744444889488,1.981462950087422,1.97525906980026,1.980321645713485,1.984785145548449,1.98726758798676,1.989177548727689,1.977651099959623,0.01541499362720756,0.02427104066677819,0.02197119991754071,0.02065616070728402,0.02168529742019704,0.01976000679753903,0.01853410313376758,0.01733506741376231,0.01475789657854717
 Sample-based diagonalization: carryover bitstrings = [], size = 0
