 Elapsed time for helper construction 1.052571 (sec) 
 Elapsed time for init 0.03119 (sec) 
 Elapsed time for makeQChamDiagTerms 9.708465 (sec) 
 Davidson iteration 0.0 (tol=0.3384486961036558): -154.3179435650511
 Davidson iteration 0.1 (tol=0.07064258243597822): -154.3891854700891 -152.9944367262172
 Davidson iteration 0.2 (tol=0.01973607324889498): -154.3922238421422 -153.4586330510972 -152.7980349785489
 Davidson iteration 0.3 (tol=0.00531595771796945): -154.3924630126447 -153.6414680513251 -152.9562090051112 -152.6830295589025
 Davidson iteration 0.4 (tol=0.001606879635532914): -154.3924790722421 -153.646945395823 -153.3521507737547 -152.9510174413389
 Davidson iteration 0.5 (tol=0.0002966474505945073): -154.3924803960736 -153.7476043953918 -153.358510892256 -152.9913395323312
 Davidson iteration 0.6 (tol=6.189106759579319e-05): -154.3924804424497 -153.748192455525 -153.5783729486864 -153.0413366678126
 Davidson iteration 0.7 (tol=1.307920478431167e-05): -154.3924804445309 -153.7915608045759 -153.7275444460321 -153.1463466297477
 Davidson iteration 1.0 (tol=1.307920478273877e-05): -154.3924804445311
 Davidson iteration 1.1 (tol=3.044617126124198e-06): -154.3924804446143 -153.0523022515785
 Elapsed time for davidson 29.772254 (sec) 
 Elapsed time for diagonalization 29.774346 (sec) 
 Elapsed time for mult 0.857591 (sec) 
 Energy = -154.3924804446142
 Elapsed time for measurement 0.083037 (sec) 
 Sample-based diagonalization: Energy = -154.3924804446142
 Sample-based diagonalization: density = [1.999998696867765,1.997099972899756,1.999029564702301,1.998188410532796,1.993656401173159,1.997328141239544,1.998918550300138,1.998425030973242,1.996232169012118,1.996997538407917,1.965433052865072,1.998804895218972,1.938273207768194,0.09369820444697938,0.004667975432007148,0.001712879836064971,0.002259135887007187,0.002575345444149245,0.002391829429789356,0.001448602074878307,0.002504150898180876,0.006655030766830087,0.003701213733732003
 Sample-based diagonalization: carryover bitstrings = [], size = 0
