 Elapsed time for helper construction 1.382443 (sec) 
 Elapsed time for init 0.016629 (sec) 
 Elapsed time for makeQChamDiagTerms 15.723925 (sec) 
 Davidson iteration 0.0 (tol=0.6945904650142393): -136.9859515043031
 Davidson iteration 0.1 (tol=0.2313012744419933): -137.2209775417621 -135.4296422111357
 Davidson iteration 0.2 (tol=0.07481858931615286): -137.2440649940094 -135.5706648367883 -135.2306733105663
 Davidson iteration 0.3 (tol=0.02444309085725633): -137.2466393595893 -135.9330456594542 -135.235307032851 -134.8774050235498
 Davidson iteration 0.4 (tol=0.009366900784564503): -137.2469690101042 -136.3549164756941 -135.2359301307522 -135.036486545058
 Davidson iteration 0.5 (tol=0.002730204143664013): -137.2470137100416 -136.5980020269164 -135.3568981535956 -135.1539064112094
 Davidson iteration 0.6 (tol=0.0008736793170920679): -137.2470170225854 -136.6410652262182 -135.5671913323211 -135.3389315930006
 Davidson iteration 0.7 (tol=0.0003426661746316291): -137.2470174024519 -136.658232161627 -136.0214106992714 -135.3506091694225
 Davidson iteration 1.0 (tol=0.0003426661746294266): -137.2470174024521
 Davidson iteration 1.1 (tol=0.0001500590349314412): -137.2470174576657 -135.7171544514304
 Davidson iteration 1.2 (tol=7.397561798447522e-05): -137.2470174749302 -136.4784777802388 -135.1431709072875
 Davidson iteration 1.3 (tol=2.189974059401285e-05): -137.2470174774772 -136.7058446712996 -135.1736323610606 -134.7236973519014
 Davidson iteration 1.4 (tol=8.084565092471608e-06): -137.24701747772 -136.7480425622536 -135.6252202661475 -135.1702954192044
 Elapsed time for davidson 57.15084 (sec) 
 Elapsed time for diagonalization 57.151039 (sec) 
 Elapsed time for mult 1.398236 (sec) 
 Energy = -137.2470174777193
 Elapsed time for measurement 0.141259 (sec) 
 Sample-based diagonalization: Energy = -137.2470174777193
 Sample-based diagonalization: density = [1.999977133213326,1.990845134897848,1.990105079615882,1.986384317617923,1.992299863593513,1.987584984546689,1.985102405989036,1.986807374289334,1.981514729946588,1.984715640732598,1.958801722184833,1.911240048837673,1.90899036347369,0.09628872944505673,0.08522136189870595,0.0412742888517528,0.01457567299996957,0.010006773274207,0.01662426128722054,0.01336071739240029,0.01393921830846197,0.01151801031225799,0.01097810570885894,0.01105156447708502,0.01079249673853971
 Sample-based diagonalization: carryover bitstrings = [], size = 0
