 Elapsed time for helper construction 0.658604 (sec) 
 Elapsed time for init 0.023675 (sec) 
 Elapsed time for makeQChamDiagTerms 4.43923 (sec) 
 Davidson iteration 0.0 (tol=0.5415011122957801): -148.1212551558538
 Davidson iteration 0.1 (tol=0.2367347992407153): -148.2449504953136 -146.1785025903571
 Davidson iteration 0.2 (tol=0.1023025740712111): -148.2621130831672 -146.6443881820382 -145.4526179792467
 Davidson iteration 0.3 (tol=0.0375667266734293): -148.2654435577415 -146.8185517108749 -145.7085592617212 -145.2485301832972
 Davidson iteration 0.4 (tol=0.01491486793157699): -148.2658401874989 -146.9918736593561 -146.007647054608 -145.4785868131987
 Davidson iteration 0.5 (tol=0.005368075939399692): -148.2659206029323 -147.330606948685 -146.1974924134032 -145.8256688020215
 Davidson iteration 0.6 (tol=0.002324628441225854): -148.2659299622862 -147.4496761270972 -146.3299590181601 -145.8760302064227
 Davidson iteration 0.7 (tol=0.0009300713644918906): -148.2659315116325 -147.5330993167495 -146.606464309982 -145.9551678119724
 Davidson iteration 1.0 (tol=0.00093007136449402): -148.2659315116324
 Davidson iteration 1.1 (tol=0.0004477951800865687): -148.2659317419756 -145.8347414800693
 Davidson iteration 1.2 (tol=0.0002045652332425178): -148.2659318099081 -147.0535760131262 -143.9750604478793
 Davidson iteration 1.3 (tol=8.256305731354779e-05): -148.2659318243443 -147.4590979113523 -145.5378661808988 -143.2795600608083
 Davidson iteration 1.4 (tol=3.49927242093079e-05): -148.2659318263775 -147.6133944295459 -145.7222611119131 -145.1730658976346
 Davidson iteration 1.5 (tol=1.366178258724464e-05): -148.2659318267797 -147.7470709173821 -146.2642110696991 -145.5242010155214
 Davidson iteration 1.6 (tol=6.068731999270777e-06): -148.2659318268451 -147.8065789515554 -146.8886909101158 -146.0177553076787
 Elapsed time for davidson 34.254284 (sec) 
 Elapsed time for diagonalization 34.266313 (sec) 
 Elapsed time for mult 0.886996 (sec) 
 Energy = -148.2659318268441
 Elapsed time for measurement 0.065806 (sec) 
 Sample-based diagonalization: Energy = -148.2659318268441
 Sample-based diagonalization: density = [1.99999690965879,1.997664311060524,1.992483847614699,1.993963497394833,1.99019390243059,1.986555761407211,1.998335705843373,1.972962620668969,1.967037010266531,1.984743423758211,1.938456897457991,0.1009877956629037,0.01253912827432969,0.008650196553440181,0.005643401756630705,0.001514801031523311,0.007127302951933716,0.02397977134476191,0.01716371465250058
 Sample-based diagonalization: carryover bitstrings = [], size = 0
