 Elapsed time for helper construction 1.147789 (sec) 
 Elapsed time for init 0.01665 (sec) 
 Elapsed time for makeQChamDiagTerms 8.113735 (sec) 
 Davidson iteration 0.0 (tol=0.667975984601563): -143.9397929844456
 Davidson iteration 0.1 (tol=0.2417621085023262): -144.1293273588809 -141.889468842977
 Davidson iteration 0.2 (tol=0.09321849241005073): -144.1479374617826 -142.2471155931213 -141.2746632033012
 Davidson iteration 0.3 (tol=0.02633864381197147): -144.1506970702828 -142.4523009352616 -141.3361667630495 -141.0397674219808
 Davidson iteration 0.4 (tol=0.009983245490917387): -144.1509260340587 -142.7097117694094 -141.5357359185724 -141.2457350703335
 Davidson iteration 0.5 (tol=0.003831631554018391): -144.1509612676205 -143.0631840438905 -141.9176782058754 -141.2924561379435
 Davidson iteration 0.6 (tol=0.001527380458221465): -144.1509664366676 -143.2608611659097 -142.1440305881458 -141.2926823121974
 Davidson iteration 0.7 (tol=0.0006153222760844718): -144.1509673597523 -143.4083155823662 -142.536149766821 -141.7934244262229
 Davidson iteration 1.0 (tol=0.0006153222760841601): -144.1509673597506
 Davidson iteration 1.1 (tol=0.0002661334806142277): -144.1509674915724 -141.995877927827
 Davidson iteration 1.2 (tol=0.0001513078574220117): -144.1509675320137 -143.3343125268768 -141.3958419922057
 Davidson iteration 1.3 (tol=6.488813564658314e-05): -144.1509675405731 -143.6029592157897 -141.4176705825114 -141.0339190059464
 Davidson iteration 1.4 (tol=2.672619363036983e-05): -144.1509675421008 -143.6957187456087 -141.7563945764996 -141.3938944968738
 Davidson iteration 1.5 (tol=1.165836061547789e-05): -144.1509675424024 -143.7634171769628 -142.6957481558025 -141.3957196085386
 Davidson iteration 1.6 (tol=5.285152983565622e-06): -144.150967542455 -143.7962204510152 -143.142424415196 -141.5548668885917
 Elapsed time for davidson 44.245861 (sec) 
 Elapsed time for diagonalization 44.246084 (sec) 
 Elapsed time for mult 1.138093 (sec) 
 Energy = -144.1509675424589
 Elapsed time for measurement 0.083465 (sec) 
 Sample-based diagonalization: Energy = -144.1509675424589
 Sample-based diagonalization: density = [1.999988469886847,1.991385150083182,1.990804906094655,1.988892854996354,1.983576683137099,1.980892561546672,1.98281401734381,1.981275797192823,1.978915366767185,1.960942104494278,1.982222775619123,1.956520488815514,0.07931319414266606,0.02307184578216592,0.02324522401999295,0.02003249688838058,0.01703146111941846,0.01064961100270141,0.01656541714736353,0.01891256351163283,0.01294701005027381
 Sample-based diagonalization: carryover bitstrings = [], size = 0
