 Elapsed time for helper construction 0.355264 (sec) 
 Elapsed time for init 0.004677 (sec) 
 Elapsed time for makeQChamDiagTerms 1.326859 (sec) 
 Davidson iteration 0.0 (tol=0.4768070422474227): -120.0402524772214
 Davidson iteration 0.1 (tol=0.1599388144290061): -120.1426621599314 -117.9181092169362
 Davidson iteration 0.2 (tol=0.05894558637207171): -120.1507705109625 -118.3453621031435 -117.1241708441867
 Davidson iteration 0.3 (tol=0.02024547221996443): -120.1517281460308 -118.4383241558461 -117.2290724888894 -116.9311046576121
 Davidson iteration 0.4 (tol=0.006991107662202176): -120.1518319968889 -118.5242011548268 -117.5276704078073 -116.9772624787052
 Davidson iteration 0.5 (tol=0.002476965120829318): -120.1518445323111 -118.6490926852923 -117.8466217440816 -117.1838019994576
 Davidson iteration 0.6 (tol=0.000947104439584374): -120.1518461095925 -118.7904938776886 -118.1224637987389 -117.1854649357585
 Davidson iteration 0.7 (tol=0.0003367280775538193): -120.1518463274837 -118.9241401906652 -118.2927321317561 -117.3680790657043
 Davidson iteration 1.0 (tol=0.0003367280775537133): -120.151846327483
 Davidson iteration 1.1 (tol=0.0001502302333989728): -120.1518463524915 -116.6066351292977
 Davidson iteration 1.2 (tol=5.837206787494842e-05): -120.1518463588459 -118.5804289648389 -113.7926371237233
 Davidson iteration 1.3 (tol=2.295960518263512e-05): -120.1518463598081 -119.0925473768375 -116.4105796450608 -112.8408015914942
 Davidson iteration 1.4 (tol=7.828359039093107e-06): -120.1518463599338 -119.2690222726817 -116.6739597700704 -115.6989823290449
 Elapsed time for davidson 10.053134 (sec) 
 Elapsed time for diagonalization 10.053233 (sec) 
 Elapsed time for mult 0.38322 (sec) 
 Energy = -120.1518463599351
 Elapsed time for measurement 0.018427 (sec) 
 Sample-based diagonalization: Energy = -120.1518463599351
 Sample-based diagonalization: density = [1.999996287659096,1.992044402858378,1.986726207680646,1.987249451049328,1.982426208724311,1.987819488809767,1.974099569874166,1.979763805010277,1.992270884627176,0.006745569262128387,0.02204659698008295,0.01884370365142864,0.009363542810536245,0.02053023330994631,0.01611939509498444,0.02395465251334906
 Sample-based diagonalization: carryover bitstrings = [], size = 0
