 Elapsed time for helper construction 0.162655 (sec) 
 Elapsed time for init 0.001513 (sec) 
 Elapsed time for makeQChamDiagTerms 0.227508 (sec) 
 Davidson iteration 0.0 (tol=0.4694718061529517): -112.4856065809963
 Davidson iteration 0.1 (tol=0.1556111102700193): -112.5855109001711 -110.3824893120283
 Davidson iteration 0.2 (tol=0.0557865691529127): -112.5930971998781 -110.797962917293 -109.56192466854
 Davidson iteration 0.3 (tol=0.02052873225229699): -112.5939389748518 -110.8931992040184 -109.7019595013172 -109.3476015385343
 Davidson iteration 0.4 (tol=0.007109465703712782): -112.5940437412551 -110.9982052439059 -110.0019356874354 -109.3619478306456
 Davidson iteration 0.5 (tol=0.00265713547014188): -112.5940562955881 -111.1472808527406 -110.3256133176143 -109.5892510522127
 Davidson iteration 0.6 (tol=0.001088491231018303): -112.5940580838221 -111.3211343017264 -110.5919411271436 -109.590461663054
 Davidson iteration 0.7 (tol=0.0004090093023805612): -112.5940583474906 -111.4758520553064 -110.7452904323819 -109.7695562308411
 Davidson iteration 1.0 (tol=0.0004090093023807117): -112.5940583474912
 Davidson iteration 1.1 (tol=0.0001869225478610332): -112.5940583808462 -108.7802120059041
 Davidson iteration 1.2 (tol=7.083270055385373e-05): -112.5940583894783 -110.873292415813 -105.6928453384311
 Davidson iteration 1.3 (tol=2.898277484166845e-05): -112.5940583908392 -111.4599173707955 -108.8414202048752 -104.3378864906209
 Davidson iteration 1.4 (tol=1.019278333055543e-05): -112.5940583910301 -111.6862005909658 -108.982162544754 -108.0471831951689
 Davidson iteration 1.5 (tol=3.559258910760113e-06): -112.594058391055 -111.7730693562838 -109.4888740880261 -108.9768696006628
 Elapsed time for davidson 2.807984 (sec) 
 Elapsed time for diagonalization 2.808064 (sec) 
 Elapsed time for mult 0.112039 (sec) 
 Energy = -112.5940583910545
 Elapsed time for measurement 0.329083 (sec) 
 Sample-based diagonalization: Energy = -112.5940583910545
 Sample-based diagonalization: density = [1.999996091007959,1.991853270094656,1.986667816834312,1.977433396355433,1.984808432982184,1.973473102529075,1.978156797805258,1.992422095575974,0.01876925675586748,0.01462721752134634,0.01748757371388631,0.02037120834114955,0.02017560669106275,0.02375813379055569
 Sample-based diagonalization: carryover bitstrings = [], size = 0
 Elapse time for dumping one-particle rdm = 0.000431
 Elapse time for dumping two-particle rdm = 0.035008
 Zero-Body energy = 0
 One-Body energy = -175.0217868944842
 Two-Body energy = 62.42772850343736
 One-Body + Two-Body energy = -112.5940583910468
 Zero-Body + One-Body + Two-Body energy = -112.5940583910468
