 Elapsed time for helper construction 0.892581 (sec) 
 Elapsed time for init 0.033253 (sec) 
 Elapsed time for makeQChamDiagTerms 9.18934 (sec) 
 Davidson iteration 0.0 (tol=0.4907773956180966): -152.6673032093157
 Davidson iteration 0.1 (tol=0.1327925473405462): -152.7837658783771 -150.9433378501233
 Davidson iteration 0.2 (tol=0.04149497539530412): -152.7909821924672 -151.2913484403076 -150.6342875225116
 Davidson iteration 0.3 (tol=0.01285632906727289): -152.7917484850706 -151.6194023726409 -150.6705688956454 -150.350761850672
 Davidson iteration 0.4 (tol=0.004475648070511826): -152.7918180695866 -151.8651791588551 -150.7458965390892 -150.6527483093377
 Davidson iteration 0.5 (tol=0.001189517463845247): -152.7918267740956 -152.074008042545 -150.8120202370268 -150.735663128173
 Davidson iteration 0.6 (tol=0.0004291929487032229): -152.7918274518735 -152.1885528414475 -151.3445053988045 -150.7635619121886
 Davidson iteration 0.7 (tol=0.0001440768049314191): -152.7918275410878 -152.1953000653582 -151.4669001911572 -151.2504615583854
 Davidson iteration 1.0 (tol=0.0001440768049351837): -152.7918275410902
 Davidson iteration 1.1 (tol=5.567719926079625e-05): -152.7918275499775 -151.348259158844
 Davidson iteration 1.2 (tol=2.092984205513535e-05): -152.7918275517068 -151.844575708419 -150.8469118339049
 Davidson iteration 1.3 (tol=7.541040196726335e-06): -152.7918275519292 -152.1847396207575 -151.1409835849709 -150.2165735217991
 Elapsed time for davidson 33.000079 (sec) 
 Elapsed time for diagonalization 33.003672 (sec) 
 Elapsed time for mult 0.758589 (sec) 
 Energy = -152.791827551926
 Elapsed time for measurement 0.08717999999999999 (sec) 
 Sample-based diagonalization: Energy = -152.791827551926
 Sample-based diagonalization: density = [1.999993156682838,1.993732481870218,1.996295693668781,1.993823372514459,1.993815044046108,1.990159107648332,1.993344346539005,1.987145591166213,1.99278784617031,1.967378405276031,1.996601381803266,1.994590009253397,1.946938812481562,0.09444935434981676,0.008760654000488748,0.004920862675647841,0.003215677897495725,0.00409338431620979,0.0009657695845790901,0.008401399568311665,0.004512099897575252,0.01184797650179766,0.01222757187545121
 Sample-based diagonalization: carryover bitstrings = [], size = 0
