"PluginInterface" error: Failure to initialize device 0: Error in cuDevicePrimaryCtxRetain: out of memory
"PluginInterface" error: Failure to initialize device 0: Error in cuDevicePrimaryCtxRetain: out of memory
"PluginInterface" error: Failure to initialize device 1: Error in cuDevicePrimaryCtxRetain: out of memory
"PluginInterface" error: Failure to initialize device 1: Error in cuDevicePrimaryCtxRetain: out of memory
"PluginInterface" error: Failure to initialize device 2: Error in cuDevicePrimaryCtxRetain: out of memory
"PluginInterface" error: Failure to initialize device 2: Error in cuDevicePrimaryCtxRetain: out of memory
"PluginInterface" error: Failure to initialize device 3: Error in cuDevicePrimaryCtxRetain: out of memory
"PluginInterface" error: Failure to initialize device 3: Error in cuDevicePrimaryCtxRetain: out of memory
 Elapsed time for helper construction 0.067353 (sec) 
 Elapsed time for init 0.000878 (sec) 
 Elapsed time for makeQChamDiagTerms 0.012373 (sec) 
 Davidson iteration 0.0 (tol=0.6489154456739847): -102.3257601995849
 Davidson iteration 0.1 (tol=0.2423304610098767): -102.5140113152978 -100.5500219491569
 Davidson iteration 0.2 (tol=0.06005441648621104): -102.5359088556688 -100.7089654676071 -100.0187867406777
 Davidson iteration 0.3 (tol=0.01671201583359392): -102.537189880334 -101.0048385726348 -100.127186692831 -99.78979055765409
 Davidson iteration 0.4 (tol=0.005835506233398913): -102.5372992481191 -101.2957931863709 -100.3658836077513 -100.0795989800246
 Davidson iteration 0.5 (tol=0.001758725550407799): -102.5373116870375 -101.4319681469154 -100.4692441752416 -100.2104680654048
 Davidson iteration 0.6 (tol=0.0005311516309965522): -102.5373127557843 -101.5468180537991 -100.6224157701897 -100.2828405441613
 Davidson iteration 0.7 (tol=0.0001509853832628344): -102.5373128536785 -101.628434653168 -100.7018580105861 -100.3174266936419
 Davidson iteration 0.8 (tol=4.411399700814397e-05): -102.5373128614768 -101.6811146109459 -100.8597216450294 -100.4129438007372
 Davidson iteration 0.9 (tol=1.39391554921676e-05): -102.537312862095 -101.7032909604136 -101.0496439915757 -100.5052078956565
 Davidson iteration 0.10 (tol=4.084943096545692e-06): -102.5373128621573 -101.7128554719677 -101.23310869741 -100.5843415341091
 Davidson iteration 0.11 (tol=1.204418247054458e-06): -102.5373128621633 -101.7420511698176 -101.4721614388512 -100.6767959392237
 Davidson iteration 0.12 (tol=3.361233259643895e-07): -102.5373128621638 -101.7568130890958 -101.5412808238303 -100.7254811079606
 Davidson iteration 0.13 (tol=1.078458488983389e-07): -102.5373128621639 -101.7935699136232 -101.6219492845945 -100.8301224616566
 Davidson iteration 0.14 (tol=3.140414716999768e-08): -102.5373128621639 -101.8102388179485 -101.6526614779062 -100.9026845179058
 Davidson iteration 0.15 (tol=9.691231220020562e-09): -102.5373128621638 -101.8592428067612 -101.6681888704424 -101.0351721731343
 Elapsed time for davidson 9.696624999999999 (sec) 
 Elapsed time for diagonalization 9.696650999999999 (sec) 
 Elapsed time for mult 0.472192 (sec) 
 Energy = -102.5373128621635
 Elapsed time for measurement 0.016841 (sec) 
 Sample-based diagonalization: Energy = -102.5373128621635
 Sample-based diagonalization: density = [1.999974068931296,1.988561431146311,1.988346519559741,1.982758637424983,1.981016388415186,1.979139061877973,1.977427084872326,1.977542955309212,1.976408180834029,1.902862781425722,0.09886974472744689,0.02122267410173097,0.02155118819884678,0.01798148967499992,0.01967005395304186,0.01942743685996678,0.01534280361603381,0.01555204715188329,0.0163454519175451
 Sample-based diagonalization: carryover bitstrings = [], size = 0
