 Elapsed time for helper construction 0.43593 (sec) 
 Elapsed time for init 0.01086 (sec) 
 Elapsed time for makeQChamDiagTerms 1.735879 (sec) 
 Davidson iteration 0.0 (tol=0.5693957496832752): -148.0468708181751
 Davidson iteration 0.1 (tol=0.2600795482154773): -148.1843169971576 -146.1280163052107
 Davidson iteration 0.2 (tol=0.1207593696230799): -148.2044982816411 -146.5763324232559 -145.2821357791145
 Davidson iteration 0.3 (tol=0.04803715901683668): -148.2089177569543 -146.7726794408495 -145.5859894288145 -144.954632307161
 Davidson iteration 0.4 (tol=0.02109967031234623): -148.2095283095934 -146.9707232431363 -145.9185360580296 -145.2598514209647
 Davidson iteration 0.5 (tol=0.008462119262912604): -148.2096683289481 -147.2634367240307 -146.1054342444724 -145.5014944449823
 Davidson iteration 0.6 (tol=0.004328942679675814): -148.2096878029989 -147.3901614493426 -146.2712593803462 -145.5051869244534
 Davidson iteration 0.7 (tol=0.001725120397696259): -148.209692253211 -147.476450809461 -146.5386705154489 -145.7124199075563
 Davidson iteration 1.0 (tol=0.001725120397692556): -148.2096922532125
 Davidson iteration 1.1 (tol=0.0009403619431364578): -148.2096930055967 -145.8909697218527
 Davidson iteration 1.2 (tol=0.0005083262520780493): -148.2096932798974 -147.068363697228 -143.3050952006884
 Davidson iteration 1.3 (tol=0.0002386037790220671): -148.2096933626187 -147.5029833331775 -145.246523342622 -141.9960123302265
 Davidson iteration 1.4 (tol=0.0001164952714905352): -148.2096933770996 -147.66276641185 -145.3682236736064 -144.9196995617472
 Davidson iteration 1.5 (tol=4.96756348181001e-05): -148.2096933807835 -147.7313726013379 -145.9018432361213 -145.1874030065863
 Davidson iteration 1.6 (tol=2.299056360294149e-05): -148.2096933814616 -147.7665034156206 -146.4440339030075 -145.6217707602923
 Davidson iteration 1.7 (tol=8.231150848066483e-06): -148.2096933815982 -147.7852175811844 -146.8513538355218 -145.6225820778619
 Elapsed time for davidson 16.807457 (sec) 
 Elapsed time for diagonalization 16.807577 (sec) 
 Elapsed time for mult 0.7029719999999999 (sec) 
 Energy = -148.2096933815953
 Elapsed time for measurement 0.021482 (sec) 
 Sample-based diagonalization: Energy = -148.2096933815953
 Sample-based diagonalization: density = [1.999996965143785,1.996403892944266,1.992055322575617,1.994477871326502,1.985733316897632,1.981878295166534,1.998288848242045,1.966827084349129,1.967546853262973,1.981057306461505,1.929486361169988,0.1129602277477613,0.007735359644071784,0.02350953903645118,0.02038415438724375,0.02012367839982213,0.02153492315753482
 Sample-based diagonalization: carryover bitstrings = [], size = 0
