 Elapsed time for helper construction 1.479703 (sec) 
 Elapsed time for init 0.055656 (sec) 
 Elapsed time for makeQChamDiagTerms 17.796301 (sec) 
 Davidson iteration 0.0 (tol=0.6785205604211069): -153.4727483644987
 Davidson iteration 0.1 (tol=0.1789153428307635): -153.6912212631553 -151.8002509345311
 Davidson iteration 0.2 (tol=0.04616611893180046): -153.7041887513935 -151.8785175933086 -151.6498712129986
 Davidson iteration 0.3 (tol=0.01203276476605569): -153.7050600136408 -151.9962330480691 -151.6514361522787 -151.5332217636644
 Davidson iteration 0.4 (tol=0.00414510061536072): -153.7051350551131 -152.5633710279374 -151.7387853077483 -151.5488522048303
 Davidson iteration 0.5 (tol=0.001420303129811345): -153.705143586496 -152.831335686255 -151.9867178765172 -151.7352667468105
 Davidson iteration 0.6 (tol=0.0004493667936652936): -153.7051445754509 -152.9902921002549 -152.1009426125219 -151.9391803673441
 Davidson iteration 0.7 (tol=0.0001657882670361148): -153.705144688025 -153.1426184222192 -152.4074647919605 -152.096953433459
 Davidson iteration 1.0 (tol=0.0001657882670315982): -153.7051446880264
 Davidson iteration 1.1 (tol=5.838856294395868e-05): -153.7051447002858 -151.9975233547797
 Davidson iteration 1.2 (tol=2.724805951519838e-05): -153.705144703061 -153.0191594646827 -151.6020793336369
 Davidson iteration 1.3 (tol=8.807748477254444e-06): -153.7051447033903 -153.1828456757168 -151.8526073114492 -151.3436586583055
 Elapsed time for davidson 63.249349 (sec) 
 Elapsed time for diagonalization 63.249612 (sec) 
 Elapsed time for mult 2.112506 (sec) 
 Energy = -153.7051447033881
 Elapsed time for measurement 0.180143 (sec) 
 Sample-based diagonalization: Energy = -153.7051447033881
 Sample-based diagonalization: density = [1.999975562107284,1.994599949911769,1.99224764039102,1.9873085331684,1.989502875350356,1.987585861387195,1.982857051735784,1.98716718777377,1.97731798826067,1.984387843938618,1.982985873875279,1.974392101629473,1.958308226603107,1.944770782154866,0.05411775966782133,0.04503071077921368,0.04487174744464628,0.01697710776968192,0.01455928075459329,0.01651663585168902,0.01234185848202824,0.01292675546495355,0.006635524337141659,0.01312256592401444,0.008420653068828833,0.01107192168479502
 Sample-based diagonalization: carryover bitstrings = [], size = 0
