 Elapsed time for helper construction 1.173251 (sec) 
 Elapsed time for init 0.018606 (sec) 
 Elapsed time for makeQChamDiagTerms 12.425813 (sec) 
 Davidson iteration 0.0 (tol=0.6026367672385713): -165.9109107630273
 Davidson iteration 0.1 (tol=0.16292968934621): -166.0736833707985 -164.0402696801876
 Davidson iteration 0.2 (tol=0.04723086629552476): -166.0841112124385 -164.3411090336468 -163.8780069997604
 Davidson iteration 0.3 (tol=0.0125060731816178): -166.0850268254781 -164.445017981471 -164.0475548650035 -163.8506093341249
 Davidson iteration 0.4 (tol=0.004171088974669826): -166.0850955096559 -164.756591353605 -164.0479180312379 -163.9023944296493
 Davidson iteration 0.5 (tol=0.001210298246296374): -166.0851039397306 -165.1009358958561 -164.0631364542888 -164.0453041182939
 Davidson iteration 0.6 (tol=0.0003396272309601827): -166.085104562823 -165.2246802008625 -164.1585410977091 -164.0615710951493
 Davidson iteration 0.7 (tol=0.0001142474826046325): -166.0851046138712 -165.2875680593768 -164.6985651348183 -164.1527884858491
 Davidson iteration 1.0 (tol=0.000114247482604445): -166.0851046138714
 Davidson iteration 1.1 (tol=3.968033897708989e-05): -166.08510461913 -164.2109795029263
 Davidson iteration 1.2 (tol=1.674705720192837e-05): -166.0851046202325 -165.2358128157588 -164.0401741669277
 Davidson iteration 1.3 (tol=5.080099001951809e-06): -166.0851046203537 -165.4481888752281 -164.1123494053485 -163.6681003420227
 Elapsed time for davidson 40.460408 (sec) 
 Elapsed time for diagonalization 40.464304 (sec) 
 Elapsed time for mult 0.8026139999999999 (sec) 
 Energy = -166.0851046203564
 Elapsed time for measurement 0.098646 (sec) 
 Sample-based diagonalization: Energy = -166.0851046203564
 Sample-based diagonalization: density = [1.999976205112491,1.994317391129168,1.994037165485525,1.992826752336263,1.991215667317406,1.989958182388292,1.989491959004747,1.989706946704554,1.981813468146584,1.984176395603711,1.976397838089865,1.995899837145975,1.988488515402091,1.948396416318091,0.07836578422887708,0.01405526136859348,0.002184085694823307,0.01244321023532549,0.01576913377316271,0.01066989117178465,0.01383687882749324,0.009273756958002161,0.01311706386585824,0.01358219341421637
 Sample-based diagonalization: carryover bitstrings = [], size = 0
