 Elapsed time for helper construction 0.386765 (sec) 
 Elapsed time for init 0.007875999999999999 (sec) 
 Elapsed time for makeQChamDiagTerms 0.9311389999999999 (sec) 
 Davidson iteration 0.0 (tol=0.5444409830679253): -137.2132205418034
 Davidson iteration 0.1 (tol=0.2351550955084502): -137.3492467861846 -135.4595699832136
 Davidson iteration 0.2 (tol=0.1087181573118952): -137.3661930530087 -135.8057611256363 -134.4834829617087
 Davidson iteration 0.3 (tol=0.04057350911258207): -137.3697637550318 -135.9166017887878 -134.858442922638 -134.2488494342025
 Davidson iteration 0.4 (tol=0.01637046918322518): -137.3702086852528 -136.0578406556 -135.1224391475955 -134.3531140224097
 Davidson iteration 0.5 (tol=0.005620274054158146): -137.3702765264666 -136.2138656374678 -135.2459066929869 -134.8978987976685
 Davidson iteration 0.6 (tol=0.002196369995916301): -137.370285321881 -136.2844008062801 -135.4267110185118 -135.0028115883875
 Davidson iteration 0.7 (tol=0.0008975502197166801): -137.3702864232994 -136.3283631164543 -135.5554380585585 -135.0030836866277
 Davidson iteration 1.0 (tol=0.0008975502197166184): -137.3702864232968
 Davidson iteration 1.1 (tol=0.0004285237523920339): -137.3702865981607 -133.9630030584605
 Davidson iteration 1.2 (tol=0.0001783249296702485): -137.3702866557875 -135.6719323365726 -132.4062561209453
 Davidson iteration 1.3 (tol=7.733717975244406e-05): -137.3702866656982 -136.2239290944557 -134.4792017884459 -131.503310716421
 Davidson iteration 1.4 (tol=3.143326932222072e-05): -137.3702866672053 -136.4035555266598 -134.5910105612016 -134.0483195909061
 Davidson iteration 1.5 (tol=1.174797297898204e-05): -137.3702866674653 -136.4982851356238 -134.7814661674471 -134.4372598850089
 Davidson iteration 1.6 (tol=4.900816427341196e-06): -137.3702866675015 -136.5479235308861 -135.577985400258 -134.7778626901354
 Elapsed time for davidson 16.585726 (sec) 
 Elapsed time for diagonalization 16.585896 (sec) 
 Elapsed time for mult 0.528096 (sec) 
 Energy = -137.3702866675009
 Elapsed time for measurement 0.01793 (sec) 
 Sample-based diagonalization: Energy = -137.3702866675009
 Sample-based diagonalization: density = [1.999996877683497,1.999586336771385,1.991863429569001,1.982714300251916,1.982173614608414,1.986701721035713,1.996437258521165,1.976844262472645,1.893549334799216,1.983714172544527,0.1177164119481238,0.02500392818989271,0.008449874079171886,0.008600871858483881,0.02669717960760704,0.01995042602039175
 Sample-based diagonalization: carryover bitstrings = [], size = 0
