 Elapsed time for helper construction 0.19407 (sec) 
 Elapsed time for init 0.003119 (sec) 
 Elapsed time for makeQChamDiagTerms 0.62456 (sec) 
 Davidson iteration 0.0 (tol=0.6006376371312326): -109.6469247361792
 Davidson iteration 0.1 (tol=0.2621854030885293): -109.7966416423544 -107.5718407829475
 Davidson iteration 0.2 (tol=0.1195244794103801): -109.8161448952734 -108.0276155949399 -106.5631848325114
 Davidson iteration 0.3 (tol=0.04368096787537659): -109.820175991848 -108.2600185064772 -106.8415468976814 -106.1424383284236
 Davidson iteration 0.4 (tol=0.01840326950667083): -109.8206677171932 -108.4738652873668 -107.2277808596425 -106.4377473607736
 Davidson iteration 0.5 (tol=0.007336912559371773): -109.8207630300219 -108.7682140489206 -107.5909728053963 -106.6555171078727
 Davidson iteration 0.6 (tol=0.003408157496833713): -109.8207794070569 -108.9755993913787 -107.8479606960622 -106.730117026117
 Davidson iteration 0.7 (tol=0.001476141924844441): -109.8207829579067 -109.1340663735821 -108.1559357418875 -107.1622035574948
 Davidson iteration 1.0 (tol=0.001476141924854629): -109.8207829579069
 Davidson iteration 1.1 (tol=0.0006461203170289794): -109.8207835324826 -107.1149171797269
 Davidson iteration 1.2 (tol=0.0003695705819524093): -109.8207837110673 -108.7988925929327 -106.5252697007152
 Davidson iteration 1.3 (tol=0.0001766058216615189): -109.8207837534686 -109.1731132991183 -106.5298022562321 -105.8364546785658
 Davidson iteration 1.4 (tol=7.641870121929973e-05): -109.8207837616565 -109.2917507409943 -106.5529625028389 -106.2582752101493
 Davidson iteration 1.5 (tol=3.001045046604614e-05): -109.820783763299 -109.3581450282473 -107.4617298626519 -106.5512245377764
 Davidson iteration 1.6 (tol=1.253785357735997e-05): -109.8207837635445 -109.3805126769927 -108.0189372177117 -106.7350189053472
 Davidson iteration 1.7 (tol=3.986517161713201e-06): -109.8207837635895 -109.3933480725475 -108.4051629557953 -106.7865012678646
 Elapsed time for davidson 7.035443 (sec) 
 Elapsed time for diagonalization 7.035528999999999 (sec) 
 Elapsed time for mult 0.253157 (sec) 
 Energy = -109.8207837635893
 Elapsed time for measurement 0.009386 (sec) 
 Sample-based diagonalization: Energy = -109.8207837635893
 Sample-based diagonalization: density = [1.999987413179048,1.989449092815469,1.986545247812912,1.981197309033736,1.978554554578341,1.977379576126614,1.959578056282194,1.981699171071296,1.943482678684576,0.09441515681807022,0.02462168813796957,0.02338936764152627,0.01966047569749457,0.02241163648446918,0.01762857561465583
 Sample-based diagonalization: carryover bitstrings = [], size = 0
