 Elapsed time for helper construction 0.297381 (sec) 
 Elapsed time for init 0.008211999999999999 (sec) 
 Elapsed time for makeQChamDiagTerms 0.624539 (sec) 
 Davidson iteration 0.0 (tol=0.5442959049283139): -137.6252214360407
 Davidson iteration 0.1 (tol=0.2349780983058937): -137.7607856731861 -135.8616458120147
 Davidson iteration 0.2 (tol=0.1084047535958608): -137.777626135682 -136.2105890388589 -134.8781912519368
 Davidson iteration 0.3 (tol=0.04059576797849581): -137.7811639531201 -136.3230623104779 -135.2595259894527 -134.639328023761
 Davidson iteration 0.4 (tol=0.01615700671115233): -137.7816065236155 -136.4633296744091 -135.5244865744619 -134.7427023230271
 Davidson iteration 0.5 (tol=0.005595769901675933): -137.7816723392494 -136.6153449245095 -135.644471591531 -135.2899261479942
 Davidson iteration 0.6 (tol=0.002209459811173356): -137.7816809160697 -136.6867215600984 -135.8234718247306 -135.3828285115654
 Davidson iteration 0.7 (tol=0.0008921453556332767): -137.7816819998613 -136.7308576020471 -135.9555851916777 -135.3847691039237
 Davidson iteration 1.0 (tol=0.0008921453556332284): -137.7816819998596
 Davidson iteration 1.1 (tol=0.0004246424000398821): -137.7816821712661 -134.375136018013
 Davidson iteration 1.2 (tol=0.0001762307208119241): -137.7816822261312 -136.032097148714 -132.8393689672711
 Davidson iteration 1.3 (tol=7.571016745262863e-05): -137.7816822356452 -136.6138732964182 -134.8543921545249 -131.8261126325204
 Davidson iteration 1.4 (tol=3.065494560219162e-05): -137.7816822370978 -136.8003452082831 -135.0465641707245 -134.3904106129173
 Davidson iteration 1.5 (tol=1.161852393055471e-05): -137.7816822373423 -136.8980940516704 -135.2366411505572 -134.7507087115716
 Davidson iteration 1.6 (tol=4.960691721679716e-06): -137.7816822373767 -136.9496237393176 -135.9447951280124 -135.21002977304
 Elapsed time for davidson 12.929516 (sec) 
 Elapsed time for diagonalization 12.929629 (sec) 
 Elapsed time for mult 0.433429 (sec) 
 Energy = -137.7816822373755
 Elapsed time for measurement 0.015488 (sec) 
 Sample-based diagonalization: Energy = -137.7816822373755
 Sample-based diagonalization: density = [1.999996865488878,1.999618603949192,1.991866051146195,1.98269153991214,1.982234042346668,1.986681474515546,1.996403342574793,1.977133919533626,1.895307036507839,1.983441715705406,0.1160017996133251,0.02513365916476773,0.008158817394597499,0.008611309514918876,0.02689693046484844,0.01982289212892942
 Sample-based diagonalization: carryover bitstrings = [], size = 0
