 Elapsed time for helper construction 1.159507 (sec) 
 Elapsed time for init 0.01776 (sec) 
 Elapsed time for makeQChamDiagTerms 11.222891 (sec) 
 Davidson iteration 0.0 (tol=0.578929896969638): -123.8659757654799
 Davidson iteration 0.1 (tol=0.09810424588044431): -124.0257330885421 -121.8530523555369
 Davidson iteration 0.2 (tol=0.01614085954919298): -124.0294561351001 -122.0811325819402 -121.4897238541568
 Davidson iteration 0.3 (tol=0.00389448942625543): -124.0295643461776 -122.2184605717365 -121.8382466894149 -121.4521460175509
 Davidson iteration 0.4 (tol=0.0009735208667323538): -124.0295707879845 -122.4682565720315 -121.9318428391519 -121.6409589088727
 Davidson iteration 0.5 (tol=0.0002197576624810728): -124.029571124601 -122.6170321651731 -121.9891692180817 -121.6696030303312
 Davidson iteration 0.6 (tol=4.748809288092862e-05): -124.029571141557 -122.6696104281645 -122.064667673029 -121.7978978434729
 Davidson iteration 0.7 (tol=1.112232573523684e-05): -124.0295711424102 -122.7071805962113 -122.1842979485607 -121.8635529852663
 Davidson iteration 1.0 (tol=1.112232573162648e-05): -124.0295711424111
 Davidson iteration 1.1 (tol=3.41385254562869e-06): -124.0295711424569 -121.6776702984176
 Elapsed time for davidson 33.808576 (sec) 
 Elapsed time for diagonalization 33.812979 (sec) 
 Elapsed time for mult 0.865559 (sec) 
 Energy = -124.0295711424561
 Elapsed time for measurement 0.09933099999999999 (sec) 
 Sample-based diagonalization: Energy = -124.0295711424561
 Sample-based diagonalization: density = [1.999974080859831,1.992004456324614,1.991898235421949,1.990372484328855,1.983668984240058,1.984768886113849,1.983087253660493,1.982220951747024,1.983613191663671,1.979783247151873,1.980331052502641,1.991560559324713,0.004107708926605331,0.005793460477182473,0.01542046792934878,0.01591500598201995,0.01713131013095694,0.01481650329955788,0.01521390200406506,0.01491966830564748,0.01301501058451484,0.01312017664662737,0.01179391921030239,0.01546948290239768
 Sample-based diagonalization: carryover bitstrings = [], size = 0
