 Elapsed time for helper construction 0.238095 (sec) 
 Elapsed time for init 0.002334 (sec) 
 Elapsed time for makeQChamDiagTerms 0.608834 (sec) 
 Davidson iteration 0.0 (tol=0.6006534891891891): -109.6469247361792
 Davidson iteration 0.1 (tol=0.2612681418685939): -109.7966434732147 -107.5717745687921
 Davidson iteration 0.2 (tol=0.1184238013504573): -109.816120813063 -108.0301988220854 -106.578868588048
 Davidson iteration 0.3 (tol=0.04293349955073097): -109.8201180784914 -108.2609736011923 -106.8457750171457 -106.1964440853753
 Davidson iteration 0.4 (tol=0.01800371310690492): -109.8206026500044 -108.4792214924278 -107.2362912054123 -106.4454556321402
 Davidson iteration 0.5 (tol=0.007315074475127172): -109.8206946037522 -108.769351966813 -107.5919156321719 -106.665853508224
 Davidson iteration 0.6 (tol=0.003379119887765908): -109.8207108751001 -108.9767151602217 -107.8484360107196 -106.7352468834344
 Davidson iteration 0.7 (tol=0.001459600840754929): -109.8207143567228 -109.1325501253702 -108.1544916974901 -107.1695371664264
 Davidson iteration 1.0 (tol=0.001459600840753709): -109.8207143567234
 Davidson iteration 1.1 (tol=0.0006485418114630528): -109.8207149157674 -107.0893565186738
 Davidson iteration 1.2 (tol=0.0003707089430614029): -109.8207150906838 -108.776610610407 -106.4023874971014
 Davidson iteration 1.3 (tol=0.0001769261081294107): -109.8207151323885 -109.1711837797859 -106.484823321219 -105.5231259846589
 Davidson iteration 1.4 (tol=7.465889344746995e-05): -109.8207151406113 -109.2880005857262 -106.5749144773562 -106.2623768156904
 Davidson iteration 1.5 (tol=2.944694443993879e-05): -109.820715142227 -109.3577458908264 -107.4808829291465 -106.5531382097159
 Davidson iteration 1.6 (tol=1.228633004941136e-05): -109.8207151424651 -109.379590489942 -108.0341355586576 -106.7772796477502
 Davidson iteration 1.7 (tol=3.89841354518833e-06): -109.8207151425088 -109.3930690676546 -108.416806080756 -106.836585601506
 Elapsed time for davidson 7.10509 (sec) 
 Elapsed time for diagonalization 7.105163 (sec) 
 Elapsed time for mult 0.216451 (sec) 
 Energy = -109.8207151425084
 Elapsed time for measurement 0.013876 (sec) 
 Sample-based diagonalization: Energy = -109.8207151425084
 Sample-based diagonalization: density = [1.999987319751268,1.989444332457164,1.986545996534791,1.981218811485312,1.978575729049136,1.977388496482439,1.959580072799407,1.981798013601103,1.943528169323131,0.09436094975246948,0.02461812585557405,0.02336605897521594,0.01967327452844862,0.02232115679377986,0.01759349258870582
 Sample-based diagonalization: carryover bitstrings = [], size = 0
