 Elapsed time for helper construction 0.138716 (sec) 
 Elapsed time for init 0.002356 (sec) 
 Elapsed time for makeQChamDiagTerms 0.265793 (sec) 
 Davidson iteration 0.0 (tol=0.5063848963109751): -94.65932773525607
 Davidson iteration 0.1 (tol=0.168089437017136): -94.77529812440206 -92.54802504986918
 Davidson iteration 0.2 (tol=0.04994187466676925): -94.7844942764207 -92.96726281653383 -91.65708854522954
 Davidson iteration 0.3 (tol=0.01682634888574894): -94.78516577539273 -93.03790409034393 -91.84667236791898 -91.58221222976456
 Davidson iteration 0.4 (tol=0.005257266649111185): -94.78524298999066 -93.12482955859157 -92.13409343711758 -91.63701337959277
 Davidson iteration 0.5 (tol=0.001774764628913307): -94.78525103301725 -93.29041688073069 -92.64894687684934 -91.82240129892034
 Davidson iteration 0.6 (tol=0.0006115935091322614): -94.78525204835731 -93.53384246014284 -92.89869480448115 -92.03103650393284
 Davidson iteration 0.7 (tol=0.0002110489251892478): -94.78525216223053 -93.73779862071646 -93.00267041111061 -92.07463316615234
 Davidson iteration 1.0 (tol=0.0002110489251889723): -94.78525216223001
 Davidson iteration 1.1 (tol=9.004317589093747e-05): -94.78525217420589 -92.11134717437572
 Davidson iteration 1.2 (tol=3.636275669518134e-05): -94.7852521772555 -93.57018474412246 -90.32218204820181
 Davidson iteration 1.3 (tol=1.3209947183952e-05): -94.78525217767491 -93.92036782955117 -91.64535037316594 -89.7900988997954
 Davidson iteration 1.4 (tol=4.404904984552965e-06): -94.78525217772264 -94.05487771416418 -91.67127042439874 -91.39015289305311
 Elapsed time for davidson 2.863142 (sec) 
 Elapsed time for diagonalization 2.863189 (sec) 
 Elapsed time for mult 0.113884 (sec) 
 Energy = -94.78525217772331
 Elapsed time for measurement 0.004427 (sec) 
 Sample-based diagonalization: Energy = -94.78525217772331
 Sample-based diagonalization: density = [1.999988279642535,1.988622496309007,1.985302719746631,1.978551647628275,1.976921223642837,1.978648544266019,1.973444580323305,1.986188925901008,0.02463825885133874,0.02484082907898136,0.02298603330431019,0.01826082900472269,0.02180281968361236,0.019802812606876
 Sample-based diagonalization: carryover bitstrings = [], size = 0
