 Elapsed time for helper construction 0.749076 (sec) 
 Elapsed time for init 0.020002 (sec) 
 Elapsed time for makeQChamDiagTerms 3.621316 (sec) 
 Davidson iteration 0.0 (tol=0.569378468776245): -147.3246718166435
 Davidson iteration 0.1 (tol=0.2509469163680153): -147.4604166454554 -145.3959045478156
 Davidson iteration 0.2 (tol=0.1122255793911446): -147.4793361556743 -145.8382724012628 -144.674188028253
 Davidson iteration 0.3 (tol=0.04276456852244117): -147.4831408051673 -146.025813167245 -144.8132750178206 -144.3940211701622
 Davidson iteration 0.4 (tol=0.01773007749094286): -147.4836418577159 -146.2350493203997 -145.0681576788863 -144.6648563992933
 Davidson iteration 0.5 (tol=0.006825567572320669): -147.4837478691518 -146.5559965388567 -145.3048257198937 -144.8610368319328
 Davidson iteration 0.6 (tol=0.003096995281225111): -147.4837614101952 -146.6922050350413 -145.4818086570941 -144.8738251653837
 Davidson iteration 0.7 (tol=0.001211499092971839): -147.4837638797041 -146.7607558396505 -145.7196725238746 -145.0855984730282
 Davidson iteration 1.0 (tol=0.001211499092973775): -147.4837638797028
 Davidson iteration 1.1 (tol=0.0005915152509077464): -147.4837642553891 -144.9904182431904
 Davidson iteration 1.2 (tol=0.0002896451481126025): -147.4837643763883 -146.1921720381866 -143.2176724186803
 Davidson iteration 1.3 (tol=0.0001230285280657245): -147.4837644041536 -146.6726211882648 -144.3895121686491 -142.8204134141637
 Davidson iteration 1.4 (tol=5.6528789801419e-05): -147.4837644085748 -146.8615905648918 -144.6086397057635 -144.3710592517175
 Davidson iteration 1.5 (tol=2.549924575051208e-05): -147.4837644095642 -146.9738837997298 -145.5816248374185 -144.4092918144834
 Davidson iteration 1.6 (tol=1.285501959148373e-05): -147.4837644097957 -147.0703262225585 -146.2998205794445 -144.8009638943499
 Davidson iteration 1.7 (tol=6.457858536090246e-06): -147.4837644098576 -147.1427215302541 -146.5937850582133 -144.8985731718527
 Elapsed time for davidson 30.184786 (sec) 
 Elapsed time for diagonalization 30.186156 (sec) 
 Elapsed time for mult 0.896833 (sec) 
 Energy = -147.483764409859
 Elapsed time for measurement 0.041764 (sec) 
 Sample-based diagonalization: Energy = -147.483764409859
 Sample-based diagonalization: density = [1.999997096919637,1.995786273041275,1.992321972425643,1.993922606964887,1.987326525939078,1.98615782642042,1.990922205763824,1.973189112475245,1.97270838268993,1.985369535833859,1.925134043840932,0.1086336953647717,0.005810591766637679,0.01636812777831133,0.01164955967759522,0.01606222735757281,0.01820210848695104,0.02043810706284512
 Sample-based diagonalization: carryover bitstrings = [], size = 0
