 Elapsed time for helper construction 1.468857 (sec) 
 Elapsed time for init 0.050773 (sec) 
 Elapsed time for makeQChamDiagTerms 16.787015 (sec) 
 Davidson iteration 0.0 (tol=0.6236388199194985): -179.5522606911816
 Davidson iteration 0.1 (tol=0.1711549607779557): -179.7188019271648 -177.5704920778448
 Davidson iteration 0.2 (tol=0.04935995205991947): -179.7296737433802 -177.8728793698243 -177.3707160836995
 Davidson iteration 0.3 (tol=0.01233327082410033): -179.7305913206873 -178.0077259260564 -177.4832523467399 -177.3562016023722
 Davidson iteration 0.4 (tol=0.003876990164056993): -179.7306529351694 -178.2927940178201 -177.5345760712869 -177.4529575448788
 Davidson iteration 0.5 (tol=0.001196854917119315): -179.7306601339066 -178.6898099057585 -177.8118959967764 -177.4542165659827
 Davidson iteration 0.6 (tol=0.0003475793823948155): -179.7306607462014 -178.8507592403522 -177.9170427243987 -177.6866373960623
 Davidson iteration 0.7 (tol=0.0001112579469763354): -179.7306607992079 -178.9588354163098 -178.2744862238141 -177.8867807305589
 Davidson iteration 1.0 (tol=0.0001112579469802335): -179.7306607992082
 Davidson iteration 1.1 (tol=3.843906810486942e-05): -179.7306608039992 -177.8271794077254
 Davidson iteration 1.2 (tol=1.501163387746332e-05): -179.7306608049189 -178.8580502919204 -177.4982019815967
 Davidson iteration 1.3 (tol=4.279670797958141e-06): -179.7306608050093 -179.0505468224562 -177.5492527597411 -177.2282255754244
 Elapsed time for davidson 54.947989 (sec) 
 Elapsed time for diagonalization 54.949622 (sec) 
 Elapsed time for mult 1.385511 (sec) 
 Energy = -179.7306608050085
 Elapsed time for measurement 0.1494 (sec) 
 Sample-based diagonalization: Energy = -179.7306608050085
 Sample-based diagonalization: density = [1.999976997799157,1.994657511673498,1.994152841080911,1.995244465799891,1.989992371140127,1.991058456180464,1.989450299876493,1.992833775860156,1.986050487230456,1.986689894344515,1.986940164575502,1.979076788826192,1.993483517950362,1.989497673274178,1.953652889897951,0.07024478373339602,0.01747556366138865,0.009875804542319497,0.01223970857328519,0.005035349173904034,0.009376884403660695,0.01144865794577257,0.01231892369987109,0.01526483794257693,0.01396135047606639
 Sample-based diagonalization: carryover bitstrings = [], size = 0
