 Elapsed time for helper construction 1.008343 (sec) 
 Elapsed time for init 0.032975 (sec) 
 Elapsed time for makeQChamDiagTerms 9.140637 (sec) 
 Davidson iteration 0.0 (tol=0.6237695703380439): -125.8771085720256
 Davidson iteration 0.1 (tol=0.1147256366554296): -126.0570444347825 -123.8086821571238
 Davidson iteration 0.2 (tol=0.01855371071410991): -126.0618581295837 -124.0171144336531 -123.371297661639
 Davidson iteration 0.3 (tol=0.004523751145216847): -126.0619904646843 -124.1592910172087 -123.74677601436 -123.2898728310324
 Davidson iteration 0.4 (tol=0.001182906275192111): -126.0619985747375 -124.3799136164858 -123.8716661422382 -123.4232971719423
 Davidson iteration 0.5 (tol=0.0002706161968188994): -126.061999053514 -124.5420443461384 -123.9450394518892 -123.456114946267
 Davidson iteration 0.6 (tol=5.778987310235793e-05): -126.0619990775284 -124.6055358429502 -124.0115046887304 -123.6052099940726
 Davidson iteration 0.7 (tol=1.280220409260564e-05): -126.0619990786556 -124.6227206556819 -124.0789012759461 -123.7432526950766
 Davidson iteration 1.0 (tol=1.280220409168856e-05): -126.0619990786568
 Davidson iteration 1.1 (tol=3.853686923367789e-06): -126.0619990787126 -123.4665193031147
 Elapsed time for davidson 33.20272 (sec) 
 Elapsed time for diagonalization 33.204002 (sec) 
 Elapsed time for mult 0.993729 (sec) 
 Energy = -126.0619990787107
 Elapsed time for measurement 0.081734 (sec) 
 Sample-based diagonalization: Energy = -126.0619990787107
 Sample-based diagonalization: density = [1.99997654989374,1.991739972543018,1.989690488269738,1.987028371128691,1.987717958321213,1.983578265499913,1.983358658375973,1.98330559999786,1.983263553453498,1.981521827485756,1.976357785824771,1.980846044233481,0.007603019090959129,0.02050369128074713,0.01795285298357203,0.00952082134451487,0.01616989949303687,0.01560195134848292,0.01439777203925739,0.01542808500035427,0.01211674940624685,0.01315677939208229,0.01417557347141451,0.01498772984618285
 Sample-based diagonalization: carryover bitstrings = [], size = 0
