 Elapsed time for helper construction 0.423406 (sec) 
 Elapsed time for init 0.00435 (sec) 
 Elapsed time for makeQChamDiagTerms 0.902427 (sec) 
 Davidson iteration 0.0 (tol=0.6125047297665586): -92.60463830034494
 Davidson iteration 0.1 (tol=0.2653363693033212): -92.77196120419937 -90.72395437840724
 Davidson iteration 0.2 (tol=0.1181207980419222): -92.79329346353741 -91.07370255597289 -89.61182100920405
 Davidson iteration 0.3 (tol=0.04471858193903456): -92.79694164228894 -91.19609956941491 -89.92152187963785 -89.22878179874556
 Davidson iteration 0.4 (tol=0.01661734958830776): -92.79745632919982 -91.34175142803932 -90.16009944334336 -89.32267720927783
 Davidson iteration 0.5 (tol=0.006358832413693751): -92.79751889453162 -91.46125438246438 -90.41371756709225 -89.77298326451442
 Davidson iteration 0.6 (tol=0.002472256604010619): -92.79752932864153 -91.55767825681154 -90.66658360097894 -89.78265129568742
 Davidson iteration 0.7 (tol=0.0009154779971488695): -92.79753072824681 -91.63679838729863 -90.84984020765157 -89.94413802186371
 Davidson iteration 1.0 (tol=0.0009154779971494464): -92.79753072824695
 Davidson iteration 1.1 (tol=0.0004067110909951032): -92.79753091709181 -89.71971665153781
 Davidson iteration 1.2 (tol=0.0001693595508576341): -92.79753096703827 -91.02963683253306 -88.13713416138864
 Davidson iteration 1.3 (tol=7.638776519366295e-05): -92.79753097508929 -91.54704369020961 -89.44889882435704 -87.47064959144078
 Davidson iteration 1.4 (tol=2.887625613306759e-05): -92.7975309764867 -91.78827017433579 -89.46217396458336 -88.77792022928335
 Davidson iteration 1.5 (tol=1.076704523536491e-05): -92.79753097670383 -91.89901367795034 -89.93771615370709 -89.42717733474051
 Davidson iteration 1.6 (tol=4.362804192558877e-06): -92.79753097673513 -91.93752050169149 -90.83981234614278 -89.86132637129387
 Elapsed time for davidson 18.078576 (sec) 
 Elapsed time for diagonalization 18.078946 (sec) 
 Elapsed time for mult 0.509663 (sec) 
 Energy = -92.79753097673489
 Elapsed time for measurement 0.020709 (sec) 
 Sample-based diagonalization: Energy = -92.79753097673489
 Sample-based diagonalization: density = [1.999966077647558,1.988454438235904,1.984970186218029,1.980745584582419,1.979099452380542,1.969275867221859,1.974697359343447,1.904212265615191,1.98380213636831,0.1021817290109444,0.02365720994399577,0.02633079050924193,0.02387052005237754,0.0206688744249526,0.01951177306538004,0.01855573534241032
 Sample-based diagonalization: carryover bitstrings = [], size = 0
