"PluginInterface" error: Failure to initialize device 0: Error in cuDevicePrimaryCtxRetain: out of memory
"PluginInterface" error: Failure to initialize device 0: Error in cuDevicePrimaryCtxRetain: out of memory
"PluginInterface" error: Failure to initialize device 0: Error in cuDevicePrimaryCtxRetain: out of memory
"PluginInterface" error: Failure to initialize device 0: Error in cuDevicePrimaryCtxRetain: out of memory
"PluginInterface" error: Failure to initialize device 1: Error in cuDevicePrimaryCtxRetain: out of memory
"PluginInterface" error: Failure to initialize device 1: Error in cuDevicePrimaryCtxRetain: out of memory
"PluginInterface" error: Failure to initialize device 1: Error in cuDevicePrimaryCtxRetain: out of memory
"PluginInterface" error: Failure to initialize device 1: Error in cuDevicePrimaryCtxRetain: out of memory
"PluginInterface" error: Failure to initialize device 2: Error in cuDevicePrimaryCtxRetain: out of memory
"PluginInterface" error: Failure to initialize device 2: Error in cuDevicePrimaryCtxRetain: out of memory
"PluginInterface" error: Failure to initialize device 2: Error in cuDevicePrimaryCtxRetain: out of memory
"PluginInterface" error: Failure to initialize device 2: Error in cuDevicePrimaryCtxRetain: out of memory
"PluginInterface" error: Failure to initialize device 2: Error in cuDevicePrimaryCtxRetain: out of memory
"PluginInterface" error: Failure to initialize device 2: Error in cuDevicePrimaryCtxRetain: out of memory
"PluginInterface" error: Failure to initialize device 3: Error in cuDevicePrimaryCtxRetain: out of memory
"PluginInterface" error: Failure to initialize device 3: Error in cuDevicePrimaryCtxRetain: out of memory
"PluginInterface" error: Failure to initialize device 3: Error in cuDevicePrimaryCtxRetain: out of memory
"PluginInterface" error: Failure to initialize device 3: Error in cuDevicePrimaryCtxRetain: out of memory
"PluginInterface" error: Failure to initialize device 3: Error in cuDevicePrimaryCtxRetain: out of memory
"PluginInterface" error: Failure to initialize device 3: Error in cuDevicePrimaryCtxRetain: out of memory
 Elapsed time for helper construction 0.179193 (sec) 
 Elapsed time for init 0.001169 (sec) 
 Elapsed time for makeQChamDiagTerms 0.03969 (sec) 
 Davidson iteration 0.0 (tol=0.651197497811018): -102.3257601995849
 Davidson iteration 0.1 (tol=0.2730279618088201): -102.5144466299241 -100.542764627442
 Davidson iteration 0.2 (tol=0.08099029831607522): -102.5402735582371 -100.7504174189191 -99.74999883638772
 Davidson iteration 0.3 (tol=0.0244447779585388): -102.5423250180283 -101.006091373775 -99.74999916583535 -99.5963009651615
 Davidson iteration 0.4 (tol=0.009235664860420529): -102.5425212172332 -101.2433357135804 -100.1303208208617 -99.74978679871549
 Davidson iteration 0.5 (tol=0.003265598722707041): -102.5425501074311 -101.4396693264659 -100.4370941104643 -99.75038852552089
 Davidson iteration 0.6 (tol=0.001128341242152456): -102.5425533725077 -101.5869514090416 -100.5905303152846 -99.85016122843682
 Davidson iteration 0.7 (tol=0.0003642701581938682): -102.5425537496284 -101.6867539932183 -100.7098941389871 -100.157846275088
 Davidson iteration 0.8 (tol=0.0001139004653386902): -102.5425537882456 -101.720826783011 -100.8123143889281 -100.2679994009448
 Davidson iteration 0.9 (tol=4.062127656096278e-05): -102.5425537921719 -101.7341717386323 -101.005762167197 -100.4642486745481
 Davidson iteration 0.10 (tol=1.372537556618303e-05): -102.5425537926698 -101.7379198326528 -101.1942860612158 -100.5991413073413
 Davidson iteration 0.11 (tol=4.554092741768739e-06): -102.5425537927314 -101.7511463270959 -101.433853831108 -100.6954885508275
 Davidson iteration 0.12 (tol=1.584322142037513e-06): -102.5425537927375 -101.7653154810294 -101.5740077161852 -100.751305586664
 Davidson iteration 0.13 (tol=5.348819603079252e-07): -102.5425537927382 -101.7677788571865 -101.6386811375614 -100.7931692803661
 Davidson iteration 0.14 (tol=1.738927506771997e-07): -102.5425537927383 -101.7972300874608 -101.7163305549009 -100.886975542935
 Davidson iteration 0.15 (tol=5.7183247339669e-08): -102.5425537927383 -101.8171581878079 -101.7300416748628 -100.9735279409774
 Davidson iteration 0.16 (tol=1.899771402478582e-08): -102.5425537927383 -101.8398053103435 -101.7350273358784 -101.0931970916148
 Davidson iteration 0.17 (tol=6.389302403751908e-09): -102.5425537927383 -101.8657203313744 -101.7370619161031 -101.2071474078619
 Elapsed time for davidson 20.723131 (sec) 
 Elapsed time for diagonalization 20.723545 (sec) 
 Elapsed time for mult 0.559344 (sec) 
 Energy = -102.5425537927365
 Elapsed time for measurement 0.05144899999999999 (sec) 
 Sample-based diagonalization: Energy = -102.5425537927365
 Sample-based diagonalization: density = [1.999968680668887,1.988021771723451,1.987746736618529,1.981879415009512,1.979940464502381,1.977982159000281,1.975521607393341,1.976117796631289,1.974908961590147,1.894839111343353,0.1072425917403109,0.02216996037720669,0.02301539572113669,0.01915998534037561,0.02097262698048608,0.02026903518523845,0.0166268744116596,0.01635341003488364,0.01726341571206589
 Sample-based diagonalization: carryover bitstrings = [], size = 0
