 Elapsed time for helper construction 0.8783059999999999 (sec) 
 Elapsed time for init 0.031472 (sec) 
 Elapsed time for makeQChamDiagTerms 9.862273999999999 (sec) 
 Davidson iteration 0.0 (tol=0.3939693975394838): -154.4430533345525
 Davidson iteration 0.1 (tol=0.1062693807255181): -154.5289305557593 -152.9143206528892
 Davidson iteration 0.2 (tol=0.03015136767288368): -154.5350735196098 -153.4049729316802 -152.7322139280841
 Davidson iteration 0.3 (tol=0.007287356447905617): -154.5356002851688 -153.5853716496285 -152.929296101004 -152.5445816253981
 Davidson iteration 0.4 (tol=0.002424545949855266): -154.5356311054126 -153.8730418096659 -153.0479654580453 -152.7752494680528
 Davidson iteration 0.5 (tol=0.000714386920682872): -154.5356339356253 -153.9018473404464 -153.1089481377983 -152.8468318305789
 Davidson iteration 0.6 (tol=0.0002139321691923881): -154.5356342436407 -154.0057983842713 -153.4266803881324 -153.0060793866776
 Davidson iteration 0.7 (tol=5.86081924373131e-05): -154.535634266906 -154.0374806530218 -153.6088106026742 -153.0878757733722
 Davidson iteration 1.0 (tol=5.860819243585035e-05): -154.5356342669064
 Davidson iteration 1.1 (tol=1.83184921263503e-05): -154.5356342684213 -152.9879840473156
 Davidson iteration 1.2 (tol=6.41898241849044e-06): -154.5356342686599 -153.8326492543343 -152.8860768824601
 Elapsed time for davidson 32.593572 (sec) 
 Elapsed time for diagonalization 32.597334 (sec) 
 Elapsed time for mult 0.74437 (sec) 
 Energy = -154.535634268659
 Elapsed time for measurement 0.082872 (sec) 
 Sample-based diagonalization: Energy = -154.535634268659
 Sample-based diagonalization: density = [1.999997788171592,1.997477603813468,1.996541373359421,1.997045318740009,1.999121278782542,1.994077624322958,1.997429458768968,1.991059219269787,1.992026805198404,1.984506464679804,1.978717360502033,1.995164265608162,1.943653618452965,0.09327020360953711,0.006974720894177965,0.002066193219798086,0.001347334567413417,0.004658813635235789,0.002728957816752521,0.007207451581095413,0.001676112057386103,0.003871566258523464,0.009380466522914493
 Sample-based diagonalization: carryover bitstrings = [], size = 0
