 Elapsed time for helper construction 0.409007 (sec) 
 Elapsed time for init 0.011816 (sec) 
 Elapsed time for makeQChamDiagTerms 1.944679 (sec) 
 Davidson iteration 0.0 (tol=0.5412805603888257): -150.0291088598675
 Davidson iteration 0.1 (tol=0.2359639055964761): -150.1526005520598 -148.0665103971427
 Davidson iteration 0.2 (tol=0.1059923313809398): -150.1689091131858 -148.5017919334862 -147.1518873106668
 Davidson iteration 0.3 (tol=0.04099177973325856): -150.1722179715638 -148.7062334262017 -147.480780745567 -146.7872105764939
 Davidson iteration 0.4 (tol=0.01629842065276486): -150.1726417576535 -148.8737838234428 -147.7803519290806 -147.1773511761878
 Davidson iteration 0.5 (tol=0.005810901209504192): -150.1727211989024 -149.1218892369211 -147.9848881135732 -147.3964888414532
 Davidson iteration 0.6 (tol=0.002693181684100685): -150.1727295244567 -149.2294542686608 -148.1356651724986 -147.4066844459746
 Davidson iteration 0.7 (tol=0.0009831075736234478): -150.1727312374975 -149.3084823249541 -148.3659041847347 -147.6072514391129
 Davidson iteration 1.0 (tol=0.0009831075736175981): -150.172731237499
 Davidson iteration 1.1 (tol=0.0004767150372576177): -150.1727314786937 -147.6366406541451
 Davidson iteration 1.2 (tol=0.0002360637219751617): -150.1727315511638 -148.8216988517385 -145.7778531963767
 Davidson iteration 1.3 (tol=9.584416098662408e-05): -150.1727315680071 -149.2992810232825 -146.7065762489496 -145.3432002560305
 Davidson iteration 1.4 (tol=3.88108565280997e-05): -150.1727315703391 -149.483264491324 -146.9091576805107 -146.7065329734591
 Davidson iteration 1.5 (tol=1.49826719763246e-05): -150.172731570761 -149.5572150174637 -147.5957246775847 -146.7070171174255
 Davidson iteration 1.6 (tol=6.778055319079982e-06): -150.1727315708289 -149.623282946402 -148.4030055267372 -146.8762664080686
 Elapsed time for davidson 17.475261 (sec) 
 Elapsed time for diagonalization 17.475382 (sec) 
 Elapsed time for mult 0.756956 (sec) 
 Energy = -150.1727315708276
 Elapsed time for measurement 0.024119 (sec) 
 Sample-based diagonalization: Energy = -150.1727315708276
 Sample-based diagonalization: density = [1.999996737525146,1.997816749705804,1.992553290091373,1.992470139502375,1.99128115518023,1.986430185833624,1.991227676025274,1.974854252081583,1.978457950034235,1.983533253846645,1.935490491653891,0.09872801388894409,0.01396592672292646,0.00971975773323127,0.01195873299688053,0.02365527408244388,0.01786041297583525
 Sample-based diagonalization: carryover bitstrings = [], size = 0
