 Elapsed time for helper construction 0.855621 (sec) 
 Elapsed time for init 0.012209 (sec) 
 Elapsed time for makeQChamDiagTerms 8.254792999999999 (sec) 
 Davidson iteration 0.0 (tol=0.587727191728182): -130.3220872513783
 Davidson iteration 0.1 (tol=0.1246605880370006): -130.4774040857442 -128.2226171701755
 Davidson iteration 0.2 (tol=0.04090382396454964): -130.4834411726378 -128.9327137591636 -128.1187917398861
 Davidson iteration 0.3 (tol=0.01044511544637883): -130.4841180824061 -129.012257365926 -128.2865999461012 -128.0320800011968
 Davidson iteration 0.4 (tol=0.00389469460351577): -130.4841894704847 -129.8071372097596 -128.4146283086593 -128.1692776133262
 Davidson iteration 0.5 (tol=0.001069851924161146): -130.4841961711629 -129.9351208078907 -128.4474687771261 -128.2899927922761
 Davidson iteration 0.6 (tol=0.0002866904717402578): -130.4841966468731 -129.9895648546261 -128.6711620089247 -128.2923634295603
 Davidson iteration 0.7 (tol=7.152467933991564e-05): -130.48419667779 -130.0026717307743 -128.8520819505393 -128.3059877766463
 Davidson iteration 1.0 (tol=7.152467934025116e-05): -130.4841966777895
 Davidson iteration 1.1 (tol=2.197939246001976e-05): -130.4841966795935 -128.2820035030827
 Davidson iteration 1.2 (tol=5.983740691585232e-06): -130.4841966798043 -128.8535998428432 -127.7637930508589
 Elapsed time for davidson 28.931742 (sec) 
 Elapsed time for diagonalization 28.931776 (sec) 
 Elapsed time for mult 0.9477549999999999 (sec) 
 Energy = -130.4841966798057
 Elapsed time for measurement 0.073007 (sec) 
 Sample-based diagonalization: Energy = -130.4841966798057
 Sample-based diagonalization: density = [1.999971924522229,1.994402975185432,1.993769855029726,1.987441283352936,1.988919356035763,1.98318037802961,1.982203057324276,1.984646859513577,1.981946872075545,1.978546646463986,1.989879859713942,1.979725149082626,0.01531135940918276,0.01773172699439014,0.01353360035275883,0.01729702217933904,0.004219970978673724,0.01298824219624558,0.01187254864598673,0.01349589901656207,0.01112349985361074,0.01297282661427227,0.01426881535946172,0.0105502717972167
 Sample-based diagonalization: carryover bitstrings = [], size = 0
