 Elapsed time for helper construction 0.869424 (sec) 
 Elapsed time for init 0.012321 (sec) 
 Elapsed time for makeQChamDiagTerms 6.248775999999999 (sec) 
 Davidson iteration 0.0 (tol=0.5994124906129896): -131.8750543871157
 Davidson iteration 0.1 (tol=0.1467358040111754): -132.0424978785983 -129.8524166723655
 Davidson iteration 0.2 (tol=0.03598630729414747): -132.0499218428565 -130.163128380634 -129.3057161914595
 Davidson iteration 0.3 (tol=0.009791174529368746): -132.0503471494349 -130.2183383291352 -129.4797997829317 -129.2758743427421
 Davidson iteration 0.4 (tol=0.003059958720165119): -132.0503829842833 -130.4525732583337 -129.8667344968452 -129.3496600497513
 Davidson iteration 0.5 (tol=0.0009964272811775492): -132.0503864683272 -130.8344719971253 -130.0476993471787 -129.426811356248
 Davidson iteration 0.6 (tol=0.0003136006475550618): -132.0503868136242 -131.0123452695756 -130.1329520109372 -129.5309158476906
 Davidson iteration 0.7 (tol=0.000102243926474122): -132.0503868470809 -131.1245831310249 -130.2444732561026 -129.7855567579207
 Davidson iteration 1.0 (tol=0.0001022439264755955): -132.0503868470809
 Davidson iteration 1.1 (tol=3.918377385495744e-05): -132.0503868503735 -129.5449034420294
 Davidson iteration 1.2 (tol=1.391641082051322e-05): -132.0503868510323 -130.7234004238743 -128.445132736389
 Davidson iteration 1.3 (tol=4.340634235021672e-06): -132.0503868510999 -131.0501452422723 -128.9993063747004 -128.3464564007682
 Elapsed time for davidson 27.290896 (sec) 
 Elapsed time for diagonalization 27.290996 (sec) 
 Elapsed time for mult 0.75913 (sec) 
 Energy = -132.0503868510992
 Elapsed time for measurement 0.065178 (sec) 
 Sample-based diagonalization: Energy = -132.0503868510992
 Sample-based diagonalization: density = [1.999972654512202,1.993238235927915,1.989599537054441,1.986145942751348,1.980940835665497,1.983737704255172,1.978692571245104,1.981162384700541,1.980086821363809,1.98122121103851,1.980738911094843,1.991168402552761,0.01755843957341781,0.02205063072774092,0.02268694898477917,0.02082805288560332,0.01707267489600815,0.01686386722859758,0.01746326746937693,0.01859640094449207,0.02017450487253012
 Sample-based diagonalization: carryover bitstrings = [], size = 0
