 Elapsed time for helper construction 13.038444 (sec) 
 Elapsed time for init 0.347287 (sec) 
 Elapsed time for makeQChamDiagTerms 147.032948 (sec) 
 Davidson iteration 0.0 (tol=0.8191542326628669): -191.6892948561034
 Davidson iteration 0.1 (tol=0.3877012439000176): -191.9713130146023 -189.8588659084153
 Davidson iteration 0.2 (tol=0.1669307127021401): -192.0204667162437 -190.1872599352324 -189.1691456529493
 Davidson iteration 0.3 (tol=0.06384703600464024): -192.029218840897 -190.4967804079343 -189.1779424286871 -188.8246184418484
 Davidson iteration 0.4 (tol=0.03373443695475802): -192.0307447924147 -190.8997478642715 -189.461646021404 -189.1655703491276
 Davidson iteration 0.5 (tol=0.01670750941378255): -192.0311448680798 -191.2064987575876 -189.8500050944116 -189.1789325560713
 Davidson iteration 0.6 (tol=0.007753150918150076): -192.0312349238439 -191.3531836675157 -190.0231434778316 -189.2491300660751
 Davidson iteration 0.7 (tol=0.003659040807079019): -192.0312555326073 -191.426273188017 -190.2550831517643 -189.7637828031
 Davidson iteration 1.0 (tol=0.003659040807079549): -192.0312555326059
 Davidson iteration 1.1 (tol=0.00187846628100795): -192.0312588560658 -188.8440227225641
 Davidson iteration 1.2 (tol=0.00106299688215992): -192.0312602051069 -190.7311816891001 -186.9227095978206
 Davidson iteration 1.3 (tol=0.0005908228149159626): -192.0312605871864 -191.2297298366692 -188.6245019984993 -186.1206214506363
 Davidson iteration 1.4 (tol=0.0002904212194996184): -192.0312606898467 -191.4154542216735 -189.0940563942429 -188.1840469920588
 Davidson iteration 1.5 (tol=0.0001511412522534055): -192.0312607179819 -191.5078515586107 -189.9171561069614 -188.7191691798027
 Davidson iteration 1.6 (tol=7.223655156802005e-05): -192.031260724291 -191.5520369750672 -190.4520139951779 -188.7231446411981
 Davidson iteration 1.7 (tol=3.132677510991298e-05): -192.0312607257407 -191.5742324976395 -190.7566298909424 -188.8774795460492
 Davidson iteration 2.0 (tol=3.132677518202658e-05): -192.0312607257395
 Davidson iteration 2.1 (tol=1.625364491318035e-05): -192.0312607259896 -188.9275325427546
 Davidson iteration 2.2 (tol=1.093117931018695e-05): -192.0312607260983 -190.8773026958766 -186.9244694056755
 Davidson iteration 2.3 (tol=6.113500857160847e-06): -192.0312607261433 -191.3785904364758 -188.833723788393 -185.7547604744531
 Elapsed time for davidson 2566.9224 (sec) 
 Elapsed time for diagonalization 2566.922565 (sec) 
 Elapsed time for mult 78.80890599999999 (sec) 
 Energy = -192.0312607261472
 Elapsed time for measurement 247.597144 (sec) 
 Sample-based diagonalization: Energy = -192.0312607261472
 Sample-based diagonalization: density = [1.999968031965947,1.992810489692345,1.988653930909604,1.988664270258369,1.984208401282574,1.987118504012491,1.980583277664298,1.978951991501064,1.982209069994864,1.980660290165418,1.972799336165635,1.98407949640581,1.968416315121059,1.969309646338774,1.896013056123577,1.904810513698453,0.1096867119967,0.1053272953445324,0.05274658120458858,0.02477159002031022,0.01970161937931343,0.01528813741141558,0.02005018051816397,0.02009005956079661,0.01797058056240242,0.01592248894675352,0.01338414208587994,0.01306523993309711,0.0127387505674735
 Sample-based diagonalization: carryover bitstrings = [], size = 0
 Elapse time for dumping one-particle rdm = 0.001017
 Elapse time for dumping two-particle rdm = 0.633759
 Zero-Body energy = 0
 One-Body energy = -340.0275019840414
 Two-Body energy = 147.9962412655828
 One-Body + Two-Body energy = -192.0312607184586
 Zero-Body + One-Body + Two-Body energy = -192.0312607184586
