 Elapsed time for helper construction 0.502447 (sec) 
 Elapsed time for init 0.012465 (sec) 
 Elapsed time for makeQChamDiagTerms 2.15131 (sec) 
 Davidson iteration 0.0 (tol=0.5429355014806343): -147.625096185376
 Davidson iteration 0.1 (tol=0.24718360509215): -147.7530109834694 -145.7319523919543
 Davidson iteration 0.2 (tol=0.1137636658399512): -147.7718873701635 -146.1954314099927 -144.9441775636422
 Davidson iteration 0.3 (tol=0.04629837154249762): -147.7759112898954 -146.401091923261 -145.2215127291376 -144.565748995775
 Davidson iteration 0.4 (tol=0.01829109061734309): -147.7765007763921 -146.5610656600618 -145.4685292617775 -145.0082857831313
 Davidson iteration 0.5 (tol=0.006287667826072751): -147.776616207014 -146.831187572212 -145.656252383591 -145.2371803693668
 Davidson iteration 0.6 (tol=0.002721289039510457): -147.7766282343835 -146.9468578432983 -145.8408042487569 -145.2376892853788
 Davidson iteration 0.7 (tol=0.001128975166129622): -147.7766299577347 -147.0057200016364 -146.033887780623 -145.3563843517163
 Davidson iteration 1.0 (tol=0.001128975166130146): -147.7766299577344
 Davidson iteration 1.1 (tol=0.0005597617101868689): -147.77663024036 -144.4527060868048
 Davidson iteration 1.2 (tol=0.0002306641187550374): -147.7766303361012 -146.2859777838936 -142.2176932756763
 Davidson iteration 1.3 (tol=9.535424499016689e-05): -147.7766303541649 -146.791093285293 -144.7177571945483 -141.7650079609273
 Davidson iteration 1.4 (tol=4.298993315242534e-05): -147.7766303565373 -146.9772686401079 -144.733671330108 -144.4039282770576
 Davidson iteration 1.5 (tol=1.775009574058224e-05): -147.7766303570838 -147.1210864361981 -145.6317555743188 -144.7292488213591
 Davidson iteration 1.6 (tol=8.943986089996489e-06): -147.7766303571877 -147.2213072720747 -146.3118161339435 -144.9139481582573
 Elapsed time for davidson 19.267002 (sec) 
 Elapsed time for diagonalization 19.267119 (sec) 
 Elapsed time for mult 0.718912 (sec) 
 Energy = -147.7766303571896
 Elapsed time for measurement 0.026841 (sec) 
 Sample-based diagonalization: Energy = -147.7766303571896
 Sample-based diagonalization: density = [1.999997115940733,1.99688563135731,1.992301711250021,1.993753675906441,1.990750788918847,1.983149747562192,1.997435406190758,1.968608622471308,1.974430376609516,1.983041680151486,1.924145216594709,0.1104436594430409,0.02069186908933923,0.0183267398538623,0.001179378792599913,0.02701588644370293,0.01784249328298168
 Sample-based diagonalization: carryover bitstrings = [], size = 0
