 Elapsed time for helper construction 0.210403 (sec) 
 Elapsed time for init 0.002114 (sec) 
 Elapsed time for makeQChamDiagTerms 0.760583 (sec) 
 Davidson iteration 0.0 (tol=0.5318852950263682): -81.14343670408648
 Davidson iteration 0.1 (tol=0.1759607340841333): -81.27063796099608 -79.01662403238279
 Davidson iteration 0.2 (tol=0.04105366383128085): -81.28087998258488 -79.43913146933173 -77.97675273083762
 Davidson iteration 0.3 (tol=0.0101648319811748): -81.28134851339161 -79.53222902665176 -78.34996424444897 -77.65060070519395
 Davidson iteration 0.4 (tol=0.00301109737174667): -81.28137793316341 -79.59172484638769 -78.69287091635164 -77.81079442811796
 Davidson iteration 0.5 (tol=0.0009868388081744413): -81.28138057084256 -79.6763447949868 -79.08712858654891 -77.87186142154471
 Davidson iteration 0.6 (tol=0.0002689157464617132): -81.28138085143937 -79.77567547800842 -79.33760794008205 -78.26097363283228
 Davidson iteration 0.7 (tol=7.177848380862724e-05): -81.28138087295815 -79.84262848301979 -79.47249944073717 -78.61358412082235
 Davidson iteration 1.0 (tol=7.177848380876948e-05): -81.28138087295841
 Davidson iteration 1.1 (tol=2.524672655689922e-05): -81.28138087425761 -77.87831806288413
 Davidson iteration 1.2 (tol=8.518482866476167e-06): -81.28138087446978 -79.26064922824241 -76.84129139333851
 Elapsed time for davidson 5.412199999999999 (sec) 
 Elapsed time for diagonalization 5.412265 (sec) 
 Elapsed time for mult 0.254141 (sec) 
 Energy = -81.28138087446906
 Elapsed time for measurement 0.018577 (sec) 
 Sample-based diagonalization: Energy = -81.28138087446906
 Sample-based diagonalization: density = [1.999965839682147,1.98897654216234,1.984723908701285,1.978639337711701,1.978468892683776,1.976362893362475,1.97474288775737,1.974643803165308,0.01146387460158422,0.0233867153280871,0.01801222910057907,0.01501897440642704,0.01897693901969368,0.0192026171325187,0.01921490579695357,0.01819963936698949
 Sample-based diagonalization: carryover bitstrings = [], size = 0
