 Elapsed time for helper construction 0.442697 (sec) 
 Elapsed time for init 0.013728 (sec) 
 Elapsed time for makeQChamDiagTerms 2.161972 (sec) 
 Davidson iteration 0.0 (tol=0.5374062891487522): -150.0291088598675
 Davidson iteration 0.1 (tol=0.2251942851711782): -150.1517286195568 -148.079746946752
 Davidson iteration 0.2 (tol=0.09684875700559696): -150.1670396296746 -148.502326248603 -147.2474007771247
 Davidson iteration 0.3 (tol=0.03528404868789249): -150.1699726309612 -148.7055138259531 -147.5721995924596 -146.9748068664658
 Davidson iteration 0.4 (tol=0.01325592793822229): -150.1703125626071 -148.8840667783795 -147.8387315459985 -147.3031064189668
 Davidson iteration 0.5 (tol=0.004628392691205944): -150.1703728854199 -149.1685720189841 -148.0262367548119 -147.6041297176247
 Davidson iteration 0.6 (tol=0.002041816957480448): -150.170378819892 -149.2736933329566 -148.1719346316858 -147.6053137639394
 Davidson iteration 0.7 (tol=0.00073199778896272): -150.1703799150044 -149.342495483792 -148.4214566941944 -147.7806905926445
 Davidson iteration 1.0 (tol=0.0007319977889763248): -150.1703799150039
 Davidson iteration 1.1 (tol=0.0003465226348999324): -150.1703800624849 -147.817440082073
 Davidson iteration 1.2 (tol=0.0001632758027769259): -150.170380104644 -148.8904959632243 -146.1876562313834
 Davidson iteration 1.3 (tol=6.136191558160594e-05): -150.1703801133897 -149.3155153793933 -147.0210911350581 -145.8299297781274
 Davidson iteration 1.4 (tol=2.417099636140305e-05): -150.1703801144494 -149.4828076837202 -147.2391274139981 -146.9866786417707
 Davidson iteration 1.5 (tol=8.971494510301344e-06): -150.1703801146293 -149.5526987495379 -147.8595714535605 -147.0239707830615
 Elapsed time for davidson 18.747714 (sec) 
 Elapsed time for diagonalization 18.747833 (sec) 
 Elapsed time for mult 0.622726 (sec) 
 Energy = -150.1703801146292
 Elapsed time for measurement 0.02801 (sec) 
 Sample-based diagonalization: Energy = -150.1703801146292
 Sample-based diagonalization: density = [1.999996767721186,1.99793857505824,1.992744595910791,1.993106644073828,1.991658474659094,1.98703993384617,1.991435477903056,1.975321407304775,1.978942282873678,1.984211524418346,1.936532828957775,0.09707550092874906,0.01308674917127775,0.009214343091774626,0.01129563414481182,0.02288290069882042,0.01751635909295402
 Sample-based diagonalization: carryover bitstrings = [], size = 0
