 Elapsed time for helper construction 1.54503 (sec) 
 Elapsed time for init 0.049723 (sec) 
 Elapsed time for makeQChamDiagTerms 13.468883 (sec) 
 Davidson iteration 0.0 (tol=0.6579168308397766): -154.8715526848742
 Davidson iteration 0.1 (tol=0.2426909543073257): -155.0561045051871 -152.8215389645754
 Davidson iteration 0.2 (tol=0.09491560814267583): -155.0746202621687 -153.1948529030694 -152.1272975775879
 Davidson iteration 0.3 (tol=0.0291737760839546): -155.0775227350617 -153.4424897607588 -152.2511654512591 -151.8731383519828
 Davidson iteration 0.4 (tol=0.01205343677601318): -155.077811348958 -153.739764597856 -152.533390042747 -152.1424777099948
 Davidson iteration 0.5 (tol=0.004700079848302076): -155.0778650512337 -154.1083894102272 -152.8670336373833 -152.2069643080922
 Davidson iteration 0.6 (tol=0.001852093252068285): -155.0778727783727 -154.2775016802673 -153.0714553158511 -152.2746348474395
 Davidson iteration 0.7 (tol=0.0007150659979005288): -155.077874070453 -154.3680611343696 -153.3705011324737 -152.643886094889
 Davidson iteration 1.0 (tol=0.0007150659979029059): -155.0778740704509
 Davidson iteration 1.1 (tol=0.0003270344434375554): -155.0778742423723 -152.8435117240585
 Davidson iteration 1.2 (tol=0.0001651854241201614): -155.0778742940815 -154.0118030722435 -151.7522691425402
 Davidson iteration 1.3 (tol=6.74894580376043e-05): -155.0778743042999 -154.3707881944006 -152.1295480900407 -151.7046451405313
 Davidson iteration 1.4 (tol=2.618619497233837e-05): -155.0778743058223 -154.4699224747756 -152.4365507366759 -151.9501735759697
 Davidson iteration 1.5 (tol=1.072526689577103e-05): -155.0778743060868 -154.5444274018609 -153.3732599330149 -152.027791238309
 Davidson iteration 1.6 (tol=4.382312063823379e-06): -155.0778743061258 -154.5901410882693 -153.8068945167565 -152.333330123885
 Elapsed time for davidson 72.091815 (sec) 
 Elapsed time for diagonalization 72.093671 (sec) 
 Elapsed time for mult 2.085215 (sec) 
 Energy = -155.0778743061288
 Elapsed time for measurement 0.128112 (sec) 
 Sample-based diagonalization: Energy = -155.0778743061288
 Sample-based diagonalization: density = [1.999989545104257,1.991424985244569,1.990915702606113,1.990929163196424,1.983856049570845,1.984338339291443,1.98585575903103,1.990899558882617,1.982583696878462,1.98102822418712,1.965489148546242,1.986973322798808,1.944205657699186,0.0892808602426248,0.02269756700186992,0.01753947719412539,0.00994125115283576,0.01118935680542958,0.01150068623012,0.0166495779688383,0.009632529917423339,0.01816368330895829,0.01491585668473628
 Sample-based diagonalization: carryover bitstrings = [], size = 0
