 Elapsed time for helper construction 0.273699 (sec) 
 Elapsed time for init 0.001953 (sec) 
 Elapsed time for makeQChamDiagTerms 0.649644 (sec) 
 Davidson iteration 0.0 (tol=0.5312914516459527): -134.7135122293268
 Davidson iteration 0.1 (tol=0.2302330051273505): -134.8314865318534 -132.7141306121624
 Davidson iteration 0.2 (tol=0.1025264873579685): -134.8469247945658 -133.1654638773631 -131.7866438085122
 Davidson iteration 0.3 (tol=0.039713531598776): -134.8500122692729 -133.3859463319125 -132.1652241443455 -131.4004250669607
 Davidson iteration 0.4 (tol=0.01559586836902626): -134.8504037537145 -133.5531736692499 -132.4767566845838 -131.8119539779773
 Davidson iteration 0.5 (tol=0.005348320990844909): -134.8504741702942 -133.7828688909252 -132.6735246767419 -132.0384234083588
 Davidson iteration 0.6 (tol=0.002440541568357532): -134.8504816085193 -133.8880716836318 -132.844800382724 -132.0389683819847
 Davidson iteration 0.7 (tol=0.0009538995504210793): -134.8504829706864 -133.9718742772321 -133.1306733274088 -132.2485317722643
 Davidson iteration 1.0 (tol=0.0009538995504199575): -134.8504829706853
 Davidson iteration 1.1 (tol=0.00048761840052681): -134.8504831822632 -132.0815887316768
 Davidson iteration 1.2 (tol=0.0002318563834545493): -134.8504832525313 -133.6067415110549 -129.3987695023806
 Davidson iteration 1.3 (tol=9.828982903407397e-05): -134.8504832688126 -134.1021839203066 -131.6927950910275 -128.4469267198755
 Davidson iteration 1.4 (tol=4.396988903622837e-05): -134.8504832710498 -134.2420810537364 -131.7195309121782 -131.1383632767807
 Davidson iteration 1.5 (tol=1.827615945470363e-05): -134.8504832715015 -134.3135984346265 -132.348130094407 -131.6825085130637
 Davidson iteration 1.6 (tol=8.341827058118145e-06): -134.8504832715903 -134.3817241795308 -133.2614716937426 -131.8322034600961
 Elapsed time for davidson 6.353388 (sec) 
 Elapsed time for diagonalization 6.353446 (sec) 
 Elapsed time for mult 0.211502 (sec) 
 Energy = -134.8504832715911
 Elapsed time for measurement 0.009443999999999999 (sec) 
 Sample-based diagonalization: Energy = -134.8504832715911
 Sample-based diagonalization: density = [1.99999658304087,1.996203781707507,1.992872106677528,1.990955556393945,1.984334448228735,1.99271514620314,1.969300875219496,1.980289223348052,1.980209254242764,1.947720100501069,0.09060167802233968,0.02064204624678356,0.01422972564388851,0.02230815151614446,0.01762132296744167
 Sample-based diagonalization: carryover bitstrings = [], size = 0
