 Elapsed time for helper construction 10.673443 (sec) 
 Elapsed time for init 0.259203 (sec) 
 Elapsed time for makeQChamDiagTerms 119.949121 (sec) 
 Davidson iteration 0.0 (tol=0.748765287178242): -199.8579449508094
 Davidson iteration 0.1 (tol=0.3186968984090629): -200.0873650812362 -197.6171160056735
 Davidson iteration 0.2 (tol=0.1296731889636139): -200.1173147723587 -198.1898663272475 -196.6917969160392
 Davidson iteration 0.3 (tol=0.04342929656670511): -200.1218704677099 -198.367788635469 -196.8287339680048 -196.568989401475
 Davidson iteration 0.4 (tol=0.01820623483195934): -200.12247320712 -198.6828874936043 -197.5039327288854 -196.584430091714
 Davidson iteration 0.5 (tol=0.00858456053914269): -200.1225858387237 -199.1190353133093 -197.9776471481605 -196.7954914634814
 Davidson iteration 0.6 (tol=0.004011678071553106): -200.1226134284025 -199.3769863153154 -198.2250481904283 -197.1299688769139
 Davidson iteration 0.7 (tol=0.001825316102748272): -200.1226193338087 -199.5327874676476 -198.4719123814989 -197.594154592206
 Davidson iteration 1.0 (tol=0.001825316102765735): -200.1226193338073
 Davidson iteration 1.1 (tol=0.00086865325503968): -200.1226202302132 -197.4548840839354
 Davidson iteration 1.2 (tol=0.000480233545616206): -200.1226205543924 -198.9980864320147 -195.7626992340881
 Davidson iteration 1.3 (tol=0.0002542490847687463): -200.1226206379043 -199.4446576311659 -196.7153384066825 -195.4741084082863
 Davidson iteration 1.4 (tol=0.0001323784807379112): -200.1226206627614 -199.6613533099424 -197.615420792459 -196.487251122227
 Davidson iteration 1.5 (tol=7.452120114454637e-05): -200.1226206704132 -199.7595230109011 -198.6195747726089 -196.6332004547112
 Davidson iteration 1.6 (tol=3.78285779451167e-05): -200.1226206725021 -199.8104801580064 -199.0848416667594 -196.9576534443123
 Davidson iteration 1.7 (tol=1.992959996789481e-05): -200.1226206731009 -199.8437027031988 -199.347432855134 -197.7479853769565
 Davidson iteration 2.0 (tol=1.992959991641257e-05): -200.1226206731035
 Davidson iteration 2.1 (tol=1.05433383901157e-05): -200.1226206732261 -197.8023565175775
 Davidson iteration 2.2 (tol=6.535609477457145e-06): -200.1226206732926 -199.3884744705077 -196.3079838542254
 Elapsed time for davidson 1733.615005 (sec) 
 Elapsed time for diagonalization 1733.61523 (sec) 
 Elapsed time for mult 61.80988 (sec) 
 Energy = -200.1226206732908
 Elapsed time for measurement 216.356662 (sec) 
 Sample-based diagonalization: Energy = -200.1226206732908
 Sample-based diagonalization: density = [1.999966575971998,1.993667338611352,1.991216796722942,1.989470568398824,1.985554707722025,1.985614670847341,1.985630653050826,1.979898342609961,1.978914772993216,1.979605183743181,1.98070939194661,1.974725832296447,1.95811197159298,1.991923661132646,1.984128850053525,1.984991395849147,1.979768664780309,0.04881484014366716,0.01827611955228746,0.02500477141692375,0.0269633435885251,0.0288877862680378,0.02100435493351104,0.01751651690074216,0.01649360877971213,0.0173394202036676,0.01487417703475275,0.01429446186067824,0.01317253232025284,0.01345868819203509
 Sample-based diagonalization: carryover bitstrings = [], size = 0
 Elapse time for dumping one-particle rdm = 0.00111
 Elapse time for dumping two-particle rdm = 0.708649
 Zero-Body energy = 0
 One-Body energy = -356.0261851996279
 Two-Body energy = 155.9035645293832
 One-Body + Two-Body energy = -200.1226206702447
 Zero-Body + One-Body + Two-Body energy = -200.1226206702447
