 Elapsed time for helper construction 1.482996 (sec) 
 Elapsed time for init 0.023041 (sec) 
 Elapsed time for makeQChamDiagTerms 16.281594 (sec) 
 Davidson iteration 0.0 (tol=0.6644487217767231): -165.1149563547114
 Davidson iteration 0.1 (tol=0.2133797063492865): -165.3079185393473 -163.2174914535317
 Davidson iteration 0.2 (tol=0.0703215551423438): -165.3242372161818 -163.4701480943849 -162.9673096339896
 Davidson iteration 0.3 (tol=0.02020153713407322): -165.3260091992893 -163.5815624152903 -163.0632233029578 -162.8742867799275
 Davidson iteration 0.4 (tol=0.007002612698024574): -165.3261666001478 -163.9002581793392 -163.0654141533151 -162.9713550304733
 Davidson iteration 0.5 (tol=0.002338771581060346): -165.326189884681 -164.3626011964417 -163.178397824775 -163.0460401138266
 Davidson iteration 0.6 (tol=0.0007889114080407927): -165.3261920628877 -164.5193863853354 -163.261439418414 -163.1278565643596
 Davidson iteration 0.7 (tol=0.0002768053102889372): -165.3261922826247 -164.5782049537256 -163.5772415820613 -163.1739775431245
 Davidson iteration 1.0 (tol=0.0002768053102835661): -165.3261922826274
 Davidson iteration 1.1 (tol=0.0001202405837554305): -165.3261923102357 -163.3593634161514
 Davidson iteration 1.2 (tol=5.042106533586165e-05): -165.3261923174791 -164.3888837663098 -162.1771650362134
 Davidson iteration 1.3 (tol=1.859942182187534e-05): -165.3261923186041 -164.7183334764354 -162.9586823580917 -162.0546283842626
 Davidson iteration 1.4 (tol=8.859833213127377e-06): -165.3261923187767 -164.8923269238106 -163.4766911596043 -162.8796502341748
 Elapsed time for davidson 55.344043 (sec) 
 Elapsed time for diagonalization 55.344277 (sec) 
 Elapsed time for mult 1.280235 (sec) 
 Energy = -165.3261923187754
 Elapsed time for measurement 0.140663 (sec) 
 Sample-based diagonalization: Energy = -165.3261923187754
 Sample-based diagonalization: density = [1.999975944394844,1.993828439242025,1.995012818653664,1.990922822611992,1.987030949969584,1.98800664833433,1.984756155526603,1.983605408814178,1.982655386753062,1.982510300508355,1.974912696121164,1.99407619300576,1.987691548839372,1.936672861847552,0.0876405565703372,0.01490401770112514,0.007339334387041187,0.01689979216332772,0.006382679897115166,0.009282281275461012,0.01258760780120607,0.01509645336027708,0.01497004296939528,0.01634943744644469,0.0168896214465851
 Sample-based diagonalization: carryover bitstrings = [], size = 0
