 Elapsed time for helper construction 0.885053 (sec) 
 Elapsed time for init 0.024942 (sec) 
 Elapsed time for makeQChamDiagTerms 4.165596 (sec) 
 Davidson iteration 0.0 (tol=0.5523661955991779): -149.3253664822689
 Davidson iteration 0.1 (tol=0.2430616782663943): -149.4546128883445 -147.3659094636771
 Davidson iteration 0.2 (tol=0.1100036596033114): -149.4718154594797 -147.8133487959306 -146.450686591054
 Davidson iteration 0.3 (tol=0.04325341495409149): -149.4753728257965 -148.0237589845322 -146.7676413458032 -146.1201898271883
 Davidson iteration 0.4 (tol=0.01834687692428931): -149.4758540533235 -148.2272904832367 -147.1405831095329 -146.4299011497227
 Davidson iteration 0.5 (tol=0.007161754721127831): -149.475956580328 -148.5186491668289 -147.370880954209 -146.6697903746703
 Davidson iteration 0.6 (tol=0.003498985180149597): -149.4759704960679 -148.6596313692055 -147.5633427821601 -146.67017939653
 Davidson iteration 0.7 (tol=0.001434860795163518): -149.4759735145246 -148.7652325165111 -147.8466339819306 -146.9264288263343
 Davidson iteration 1.0 (tol=0.001434860795164618): -149.4759735145257
 Davidson iteration 1.1 (tol=0.0007443430613642519): -149.4759740278414 -147.1497922864543
 Davidson iteration 1.2 (tol=0.0003954678688823086): -149.4759742114081 -148.4173444845134 -144.5857716746416
 Davidson iteration 1.3 (tol=0.0001760430375309954): -149.4759742608834 -148.8342573967042 -146.223231646757 -143.8301301441259
 Davidson iteration 1.4 (tol=7.987762041101406e-05): -149.4759742688038 -148.9732529408509 -146.3105482822209 -146.071798720027
 Davidson iteration 1.5 (tol=3.356780015605075e-05): -149.4759742704974 -149.0299419197771 -147.137982493008 -146.2173858989453
 Davidson iteration 1.6 (tol=1.541052549094e-05): -149.4759742708086 -149.0668652180937 -147.8090138453483 -146.5957366749819
 Davidson iteration 1.7 (tol=5.861363915881781e-06): -149.4759742708713 -149.0836179100847 -148.2705372189616 -146.5987145879954
 Elapsed time for davidson 46.368324 (sec) 
 Elapsed time for diagonalization 46.380219 (sec) 
 Elapsed time for mult 1.551812 (sec) 
 Energy = -149.4759742708693
 Elapsed time for measurement 5.634195999999999 (sec) 
 Sample-based diagonalization: Energy = -149.4759742708693
 Sample-based diagonalization: density = [1.999996739254209,1.997859797757978,1.992383242166578,1.99309491135564,1.987699689650877,1.986805039823752,1.991083821581787,1.975841436171148,1.965245629030207,1.983103018429747,1.940440403858415,0.101336457474333,0.01498859304866248,0.0103636754028992,0.01896132808091557,0.001249403816938716,0.01982807393052617,0.01971873910666332
 Sample-based diagonalization: carryover bitstrings = [], size = 0
 Elapse time for dumping one-particle rdm = 0.001023
 Elapse time for dumping two-particle rdm = 0.096953
 Zero-Body energy = 0
 One-Body energy = -242.251199730978
 Two-Body energy = 92.77522546053682
 One-Body + Two-Body energy = -149.4759742704412
 Zero-Body + One-Body + Two-Body energy = -149.4759742704412
