 Elapsed time for helper construction 0.308963 (sec) 
 Elapsed time for init 0.001897 (sec) 
 Elapsed time for makeQChamDiagTerms 0.778177 (sec) 
 Davidson iteration 0.0 (tol=0.5377512789430778): -150.1727570327618
 Davidson iteration 0.1 (tol=0.2318255741438257): -150.2935552491863 -148.1681035852017
 Davidson iteration 0.2 (tol=0.1008975148637122): -150.3093095660264 -148.6260069402606 -147.2616779861437
 Davidson iteration 0.3 (tol=0.03715142563654004): -150.3124159138139 -148.8517683659599 -147.6373698765985 -146.9471385101836
 Davidson iteration 0.4 (tol=0.01415880182544652): -150.3127793371402 -149.0260368918487 -147.9509606006038 -147.3020023186322
 Davidson iteration 0.5 (tol=0.005190010221338797): -150.312844983759 -149.3036210870925 -148.1769231403428 -147.6389817465562
 Davidson iteration 0.6 (tol=0.002322821793507199): -150.3128521957449 -149.4127072687608 -148.3122587971675 -147.6393827974106
 Davidson iteration 0.7 (tol=0.0008641910655791972): -150.3128536274814 -149.5012221520769 -148.608434188533 -147.8603555473599
 Davidson iteration 1.0 (tol=0.0008641910655810784): -150.3128536274826
 Davidson iteration 1.1 (tol=0.0004304370508549537): -150.3128538196406 -147.9778873898597
 Davidson iteration 1.2 (tol=0.0002092324423349404): -150.3128538812659 -149.1626801912471 -145.7807118556937
 Davidson iteration 1.3 (tol=8.433463716437151e-05): -150.312853894812 -149.5620117345002 -147.318209735069 -144.951194141662
 Davidson iteration 1.4 (tol=3.628678948983449e-05): -150.3128538966375 -149.7146788990582 -147.4257041351015 -147.0786409140978
 Davidson iteration 1.5 (tol=1.402603955340172e-05): -150.3128538969814 -149.7672713206723 -147.8660374849891 -147.2810804290595
 Davidson iteration 1.6 (tol=6.028434597201081e-06): -150.3128538970373 -149.814412956649 -148.5136162261644 -147.586885619517
 Elapsed time for davidson 6.389156 (sec) 
 Elapsed time for diagonalization 6.389240999999999 (sec) 
 Elapsed time for mult 0.213443 (sec) 
 Energy = -150.3128538970373
 Elapsed time for measurement 0.010533 (sec) 
 Sample-based diagonalization: Energy = -150.3128538970373
 Sample-based diagonalization: density = [1.999996544102308,1.998319612177298,1.992590160861845,1.995400031978512,1.990177664574304,1.985204138216408,1.989152273050076,1.9781280211657,1.977160829869533,1.981041604111064,1.944501015342505,0.09320571162092758,0.01428219733211756,0.01926587052536525,0.02383794765382643,0.01773637735946852
 Sample-based diagonalization: carryover bitstrings = [], size = 0
