 Elapsed time for helper construction 1.028931 (sec) 
 Elapsed time for init 0.034148 (sec) 
 Elapsed time for makeQChamDiagTerms 11.109347 (sec) 
 Davidson iteration 0.0 (tol=0.5564256135970399): -153.3498816799205
 Davidson iteration 0.1 (tol=0.107930424149226): -153.4915456115451 -151.4091468372026
 Davidson iteration 0.2 (tol=0.02793129112961075): -153.496659753746 -151.9481418024984 -151.313603047199
 Davidson iteration 0.3 (tol=0.007315033235143261): -153.4970114181841 -152.1370811234131 -151.4631954772539 -151.2991606099407
 Davidson iteration 0.4 (tol=0.002127857336697899): -153.4970387074707 -152.5304057007862 -151.5197677685694 -151.3387877061822
 Davidson iteration 0.5 (tol=0.0006761536013679592): -153.4970409120922 -152.7580864861669 -151.6087798524851 -151.5037374146611
 Davidson iteration 0.6 (tol=0.0002124526316908555): -153.4970411190168 -152.8500315817879 -151.792000271285 -151.535637366106
 Davidson iteration 0.7 (tol=7.065104593259098e-05): -153.4970411399378 -152.8830352737425 -152.1175334671519 -151.6280991801139
 Davidson iteration 1.0 (tol=7.065104593652925e-05): -153.4970411399359
 Davidson iteration 1.1 (tol=2.939726981572282e-05): -153.4970411422909 -152.075421977062
 Davidson iteration 1.2 (tol=1.551301552719385e-05): -153.4970411429626 -152.9005305197466 -151.2310294546195
 Davidson iteration 1.3 (tol=5.988724619996283e-06): -153.4970411430942 -153.1204864042911 -151.3880428990917 -151.134452009551
 Elapsed time for davidson 37.655764 (sec) 
 Elapsed time for diagonalization 37.655993 (sec) 
 Elapsed time for mult 1.18709 (sec) 
 Energy = -153.4970411430963
 Elapsed time for measurement 0.093747 (sec) 
 Sample-based diagonalization: Energy = -153.4970411430963
 Sample-based diagonalization: density = [1.999973707315528,1.995847057705858,1.994907845733888,1.990475635731082,1.992455238134313,1.990739436548011,1.987394869092791,1.985037353743913,1.994181000212447,1.991199262086506,1.965224638956359,1.984547833208614,1.988925483209425,1.988927365239912,0.04701160326110214,0.01243605650750596,0.01516275720251917,0.01620011275099361,0.008965188287214574,0.00567750975971519,0.01127929517952856,0.007816358099344185,0.008141444044739588,0.006806594317059147,0.01066635336698847
 Sample-based diagonalization: carryover bitstrings = [], size = 0
