 Elapsed time for helper construction 1.074899 (sec) 
 Elapsed time for init 0.016571 (sec) 
 Elapsed time for makeQChamDiagTerms 8.201129 (sec) 
 Davidson iteration 0.0 (tol=0.6637416043940328): -143.9397929844456
 Davidson iteration 0.1 (tol=0.2292808200813298): -144.1287073084557 -141.9093556821057
 Davidson iteration 0.2 (tol=0.08381103694910917): -144.1459675998047 -142.2701335222281 -141.3833375167628
 Davidson iteration 0.3 (tol=0.02308945196485549): -144.148252764296 -142.4401850543723 -141.3843756615246 -141.2604325529085
 Davidson iteration 0.4 (tol=0.00862813121859818): -144.1484295672357 -142.6753042773068 -141.5589141952904 -141.3449511138181
 Davidson iteration 0.5 (tol=0.003171932493589104): -144.1484564092016 -143.007919385579 -141.9146211333196 -141.3795941985344
 Davidson iteration 0.6 (tol=0.001199446492986185): -144.148460023851 -143.2169467008116 -142.1291743481353 -141.3948333792465
 Davidson iteration 0.7 (tol=0.0004955532925381703): -144.1484605592765 -143.3548380183873 -142.4610260160077 -141.7713457062136
 Davidson iteration 1.0 (tol=0.0004955532925311177): -144.1484605592773
 Davidson iteration 1.1 (tol=0.0002212185792709628): -144.1484606371589 -141.6628367320436
 Davidson iteration 1.2 (tol=0.0001121106721792909): -144.1484606626795 -143.2246055985005 -140.7000469676004
 Davidson iteration 1.3 (tol=4.568395672038702e-05): -144.1484606673719 -143.5588235374153 -141.3221848728634 -140.1582264819369
 Davidson iteration 1.4 (tol=1.795569041422945e-05): -144.1484606680879 -143.6384618232804 -141.6564827549618 -141.2493786318631
 Davidson iteration 1.5 (tol=7.393686815723259e-06): -144.1484606682237 -143.7039054617544 -142.5774959156967 -141.2499737701696
 Elapsed time for davidson 40.801534 (sec) 
 Elapsed time for diagonalization 40.802988 (sec) 
 Elapsed time for mult 1.066905 (sec) 
 Energy = -144.1484606682239
 Elapsed time for measurement 0.084604 (sec) 
 Sample-based diagonalization: Energy = -144.1484606682239
 Sample-based diagonalization: density = [1.999988383236084,1.991451737943119,1.990868281352499,1.988866987817148,1.983648346871495,1.980708494835478,1.983072219656228,1.981460072451358,1.978869630622066,1.961868620997558,1.983081340938047,1.958288613347635,0.07664908059385592,0.02289825676697114,0.0230821133238299,0.02012246726340158,0.01704005853088609,0.01063463218397893,0.01680260983638357,0.01772329282344151,0.01287475824293632
 Sample-based diagonalization: carryover bitstrings = [], size = 0
