 Elapsed time for helper construction 0.99659 (sec) 
 Elapsed time for init 0.03645 (sec) 
 Elapsed time for makeQChamDiagTerms 13.758699 (sec) 
 Davidson iteration 0.0 (tol=0.3953092406331759): -171.9222014472311
 Davidson iteration 0.1 (tol=0.05895098329148687): -172.0035435669379 -170.2817465170885
 Davidson iteration 0.2 (tol=0.01065578556164463): -172.005199621401 -170.4217101803638 -170.279540706684
 Davidson iteration 0.3 (tol=0.001950854821756328): -172.0052577550356 -170.6911816840564 -170.3048166768098 -170.243673841686
 Davidson iteration 0.4 (tol=0.0004827826185840261): -172.0052599425186 -170.9854445547345 -170.5998420569443 -170.2648404760622
 Davidson iteration 0.5 (tol=0.0002223759209244948): -172.0052601121394 -171.3627392432441 -170.8071351643092 -170.3023113683366
 Davidson iteration 0.6 (tol=9.177153864851872e-05): -172.0052601524139 -171.6343600872434 -170.9090689572272 -170.3551900527941
 Davidson iteration 0.7 (tol=2.3321992742841e-05): -172.0052601575329 -171.7088486612155 -170.9093555630374 -170.6088227217839
 Davidson iteration 1.0 (tol=2.332199274241443e-05): -172.0052601575341
 Davidson iteration 1.1 (tol=6.109655259897958e-06): -172.005260157806 -170.555031475721
 Elapsed time for davidson 36.293495 (sec) 
 Elapsed time for diagonalization 36.294923 (sec) 
 Elapsed time for mult 0.827944 (sec) 
 Energy = -172.0052601578048
 Elapsed time for measurement 0.09902999999999999 (sec) 
 Sample-based diagonalization: Energy = -172.0052601578048
 Sample-based diagonalization: density = [1.999992221864109,1.998149972016634,1.997773575312826,1.998042014434883,1.99438027155779,1.996308815806639,1.996570546748907,1.992382314561859,1.991435209068939,1.994645059430583,1.995424821887328,1.997134240978945,1.961135710386476,1.9945042909884,1.99538995348499,0.04318840338301547,0.004542637387270792,0.003445052126269632,0.004075146726594122,0.004026276745209766,0.005729202442715209,0.00376191127298126,0.004639202584963684,0.006848384558058238,0.004130530458960955,0.00314664825268667,0.004416000754205729,0.004781584620414536
 Sample-based diagonalization: carryover bitstrings = [], size = 0
