 Elapsed time for helper construction 0.224682 (sec) 
 Elapsed time for init 0.004869 (sec) 
 Elapsed time for makeQChamDiagTerms 0.488505 (sec) 
 Davidson iteration 0.0 (tol=0.5401342664083476): -137.3954240915525
 Davidson iteration 0.1 (tol=0.2253576167063617): -137.526963919092 -135.6034033409952
 Davidson iteration 0.2 (tol=0.1010517215098648): -137.5423782559359 -135.9424457443195 -134.6174137079336
 Davidson iteration 0.3 (tol=0.03646026944415146): -137.5454234850055 -136.0550434473558 -135.0108373587054 -134.3892693623154
 Davidson iteration 0.4 (tol=0.01406863834828559): -137.5457839875752 -136.2063557104264 -135.2679621788284 -134.4710144314257
 Davidson iteration 0.5 (tol=0.004690335209412703): -137.54583388139 -136.3612822190093 -135.3919568352276 -135.0305000179785
 Davidson iteration 0.6 (tol=0.001824478338637662): -137.5458398659711 -136.432914350402 -135.5784701295118 -135.1429734051378
 Davidson iteration 0.7 (tol=0.0006989262851730771): -137.5458406090276 -136.4768671525767 -135.7167082692075 -135.1514782734689
 Davidson iteration 1.0 (tol=0.0006989262851742573): -137.5458406090276
 Davidson iteration 1.1 (tol=0.0003261075994509457): -137.5458407182823 -134.2926798839295
 Davidson iteration 1.2 (tol=0.0001325913171161883): -137.5458407506258 -135.8418025190328 -132.7746840522066
 Davidson iteration 1.3 (tol=5.623367605100747e-05): -137.5458407560788 -136.4172230210275 -134.7337302846268 -131.6132462713043
 Davidson iteration 1.4 (tol=2.216566326071745e-05): -137.545840756883 -136.5962070816717 -134.8473252780774 -134.1946893616238
 Davidson iteration 1.5 (tol=8.381706978365275e-06): -137.5458407570101 -136.6843642521455 -135.010616260103 -134.6395583789148
 Elapsed time for davidson 9.3965 (sec) 
 Elapsed time for diagonalization 9.396523 (sec) 
 Elapsed time for mult 0.389894 (sec) 
 Energy = -137.5458407570106
 Elapsed time for measurement 0.017388 (sec) 
 Sample-based diagonalization: Energy = -137.5458407570106
 Sample-based diagonalization: density = [1.999996739250132,1.999529309008983,1.992079095869385,1.984085790251315,1.983770975047522,1.985184719132625,1.996490261610543,1.9787755010694,1.903039580056572,1.985153886371993,0.1096215171130386,0.01596096785804596,0.01433355960340475,0.008747669874035094,0.0240574019600839,0.01917302591030601
 Sample-based diagonalization: carryover bitstrings = [], size = 0
