 Elapsed time for helper construction 0.232935 (sec) 
 Elapsed time for init 0.002982 (sec) 
 Elapsed time for makeQChamDiagTerms 0.7986909999999999 (sec) 
 Davidson iteration 0.0 (tol=0.6048916823900753): -111.7055416290647
 Davidson iteration 0.1 (tol=0.2724978732584621): -111.8583465145514 -109.7035212299189
 Davidson iteration 0.2 (tol=0.1250391109018435): -111.8794458227092 -110.1277342223318 -108.682658326127
 Davidson iteration 0.3 (tol=0.04801264744136465): -111.8837755963774 -110.3460639245307 -108.9277725810432 -108.1918866188862
 Davidson iteration 0.4 (tol=0.02100884325993017): -111.8843354807843 -110.5572203267574 -109.2713853644802 -108.5619703012288
 Davidson iteration 0.5 (tol=0.008574193513104088): -111.884451056125 -110.8297324387756 -109.6228329728704 -108.6315711206614
 Davidson iteration 0.6 (tol=0.004125973920578434): -111.8844716825701 -111.0352892788206 -109.8856720200191 -108.7515212809656
 Davidson iteration 0.7 (tol=0.001796290852114828): -111.8844763061014 -111.1834654059858 -110.1589655029534 -109.1360206503059
 Davidson iteration 1.0 (tol=0.001796290852117988): -111.8844763061014
 Davidson iteration 1.1 (tol=0.000867974272592341): -111.8844770541026 -108.8395319395928
 Davidson iteration 1.2 (tol=0.0004754254038401606): -111.8844773085251 -110.6523989188986 -107.2461534221313
 Davidson iteration 1.3 (tol=0.0002318637331801007): -111.8844773746836 -111.190870309409 -108.1053774376687 -106.3560220641219
 Davidson iteration 1.4 (tol=9.932769877738412e-05): -111.8844773877336 -111.3232601183479 -108.1072841828507 -107.9242356811351
 Davidson iteration 1.5 (tol=3.950372634933105e-05): -111.8844773903547 -111.4010956472681 -109.2738072305065 -108.1058933543233
 Davidson iteration 1.6 (tol=1.702249984957971e-05): -111.8844773907775 -111.4348299305793 -110.0310449057165 -108.5499695217261
 Davidson iteration 1.7 (tol=6.013711090160183e-06): -111.8844773908581 -111.4476134304944 -110.476031400917 -108.6964262107135
 Elapsed time for davidson 8.681317999999999 (sec) 
 Elapsed time for diagonalization 8.68141 (sec) 
 Elapsed time for mult 0.287891 (sec) 
 Energy = -111.8844773908576
 Elapsed time for measurement 0.011737 (sec) 
 Sample-based diagonalization: Energy = -111.8844773908576
 Sample-based diagonalization: density = [1.999987040923114,1.990088166226271,1.987104064547305,1.980221452289226,1.977691021996959,1.976756483728708,1.962476902273329,1.98393586720524,1.926143627091995,0.1086863762247323,0.02045618211080226,0.02482948928508193,0.02107282634429072,0.0223763799462888,0.01817411977766451
 Sample-based diagonalization: carryover bitstrings = [], size = 0
