 Elapsed time for helper construction 1.021682 (sec) 
 Elapsed time for init 0.03307 (sec) 
 Elapsed time for makeQChamDiagTerms 9.469612 (sec) 
 Davidson iteration 0.0 (tol=0.6011230553580172): -139.7493757843869
 Davidson iteration 0.1 (tol=0.1207565963628586): -139.913901458582 -137.6872359350749
 Davidson iteration 0.2 (tol=0.03392608491002459): -139.9197690960521 -138.3410489464728 -137.5917575410022
 Davidson iteration 0.3 (tol=0.007689416737141828): -139.9202400682558 -138.3577839658272 -137.9136347475043 -137.5211343042949
 Davidson iteration 0.4 (tol=0.002051088314386666): -139.9202697038894 -138.9341496650603 -137.9273652955678 -137.7092379273047
 Davidson iteration 0.5 (tol=0.0004797230122996139): -139.9202715169322 -139.0964638931893 -138.0042783110842 -137.8272890509907
 Davidson iteration 0.6 (tol=0.0001133865263084222): -139.9202716114059 -139.1930084224258 -138.0461210317847 -137.9420503388747
 Davidson iteration 0.7 (tol=2.833600575666526e-05): -139.9202716166523 -139.2498624647819 -138.2138371424343 -137.9785367564096
 Davidson iteration 1.0 (tol=2.833600575782071e-05): -139.9202716166526
 Davidson iteration 1.1 (tol=8.676260414516819e-06): -139.920271616958 -137.8344513514718
 Elapsed time for davidson 32.124979 (sec) 
 Elapsed time for diagonalization 32.125149 (sec) 
 Elapsed time for mult 1.108317 (sec) 
 Energy = -139.9202716169596
 Elapsed time for measurement 0.086974 (sec) 
 Sample-based diagonalization: Energy = -139.9202716169596
 Sample-based diagonalization: density = [1.999973500843328,1.994671445234233,1.990946041086091,1.987723232054025,1.987640654502756,1.98644117539903,1.989233183546934,1.984102401235569,1.983616952569323,1.984015644849496,1.980231121448629,1.987311911235482,1.981342506114542,0.01702673280067083,0.01793266540026735,0.021179085504019,0.01342090345434622,0.0113395703919747,0.01435961241266927,0.007906888096155824,0.0144433119983028,0.01408363809178404,0.01166680066867847,0.008845008561756733,0.01054601220814599
 Sample-based diagonalization: carryover bitstrings = [], size = 0
