 Elapsed time for helper construction 0.263585 (sec) 
 Elapsed time for init 0.00364 (sec) 
 Elapsed time for makeQChamDiagTerms 0.573349 (sec) 
 Davidson iteration 0.0 (tol=0.5448987087368296): -136.5905920378413
 Davidson iteration 0.1 (tol=0.2350088556043145): -136.727644740017 -134.8557591271262
 Davidson iteration 0.2 (tol=0.1080898463854292): -136.7447654789819 -135.1968810003749 -133.902079707127
 Davidson iteration 0.3 (tol=0.03989939084941211): -136.7483613911879 -135.3036237715962 -134.2684853581813 -133.7021734070928
 Davidson iteration 0.4 (tol=0.01570107718030152): -136.7488076804912 -135.4514551077195 -134.5187003658685 -133.7690647464521
 Davidson iteration 0.5 (tol=0.005370589981421465): -136.7488724481493 -135.610231317208 -134.6443233267707 -134.3298259592396
 Davidson iteration 0.6 (tol=0.002029243277018164): -136.7488809624594 -135.6839448510735 -134.8432794211029 -134.4781103483089
 Davidson iteration 0.7 (tol=0.0008322835846452408): -136.7488819655276 -135.7334846569346 -134.9507392483423 -134.4882465767018
 Davidson iteration 1.0 (tol=0.0008322835846452887): -136.7488819655271
 Davidson iteration 1.1 (tol=0.0003867893657699545): -136.7488821163846 -133.2969849035612
 Davidson iteration 1.2 (tol=0.0001537490060877936): -136.7488821651538 -135.0862621799431 -131.7244210436093
 Davidson iteration 1.3 (tol=6.652492974602185e-05): -136.7488821727718 -135.5984130126295 -133.8967059233778 -131.0248155997933
 Davidson iteration 1.4 (tol=2.655162421525983e-05): -136.7488821739081 -135.7863686301078 -133.9426562872638 -133.4741524163109
 Davidson iteration 1.5 (tol=1.005640799949518e-05): -136.7488821740977 -135.8780403430405 -134.1530917825188 -133.8678044363819
 Davidson iteration 1.6 (tol=4.174854786021977e-06): -136.7488821741243 -135.9202162893873 -134.9066738984503 -134.1503606593161
 Elapsed time for davidson 10.793383 (sec) 
 Elapsed time for diagonalization 10.793432 (sec) 
 Elapsed time for mult 0.293737 (sec) 
 Energy = -136.7488821741236
 Elapsed time for measurement 0.01243 (sec) 
 Sample-based diagonalization: Energy = -136.7488821741236
 Sample-based diagonalization: density = [1.999996939830428,1.99954003163304,1.991843556323088,1.982719405292566,1.982127227684544,1.987000292008766,1.996475304478524,1.97630428125081,1.890001751183842,1.984253285401807,0.1209823341723305,0.02502300330116604,0.008858509470380894,0.008520123905273919,0.02631681718456377,0.02003713686099764
 Sample-based diagonalization: carryover bitstrings = [], size = 0
