 Elapsed time for helper construction 0.306935 (sec) 
 Elapsed time for init 0.0025 (sec) 
 Elapsed time for makeQChamDiagTerms 0.5732429999999999 (sec) 
 Davidson iteration 0.0 (tol=0.5448992807452425): -136.5905920378413
 Davidson iteration 0.1 (tol=0.2357958313591764): -136.7276447425435 -134.8557588557794
 Davidson iteration 0.2 (tol=0.1087852799097546): -136.7448200747266 -135.1966137541725 -133.89328282134
 Davidson iteration 0.3 (tol=0.04073250390117224): -136.7484363672082 -135.3031431023327 -134.2626953554386 -133.6805737618728
 Davidson iteration 0.4 (tol=0.01615732947714245): -136.7488942622921 -135.4488075961229 -134.5190958331787 -133.757952365602
 Davidson iteration 0.5 (tol=0.005577139814231493): -136.7489615501455 -135.6055741151876 -134.638163695355 -134.3196092264907
 Davidson iteration 0.6 (tol=0.002149092118204428): -136.748970497622 -135.6797101218669 -134.8256483371883 -134.4404349698738
 Davidson iteration 0.7 (tol=0.0008886689778077512): -136.7489715792027 -135.7276373681748 -134.9427952388835 -134.44271535842
 Davidson iteration 1.0 (tol=0.0008886689778081035): -136.7489715792017
 Davidson iteration 1.1 (tol=0.0004186310419331554): -136.7489717488717 -133.2865646343803
 Davidson iteration 1.2 (tol=0.0001687910171218709): -136.748971804394 -135.0529283633975 -131.6746005302742
 Davidson iteration 1.3 (tol=7.32494501839239e-05): -136.7489718134404 -135.5816996412833 -133.9014727654377 -130.874625965312
 Davidson iteration 1.4 (tol=2.941475482173322e-05): -136.7489718148165 -135.772785220128 -133.9780594905379 -133.4633900289566
 Davidson iteration 1.5 (tol=1.111526533868049e-05): -136.7489718150483 -135.8666947336806 -134.1671216642978 -133.8505623900044
 Davidson iteration 1.6 (tol=4.726348630079741e-06): -136.7489718150806 -135.9105751463704 -134.9268714263951 -134.1652180201627
 Elapsed time for davidson 10.781758 (sec) 
 Elapsed time for diagonalization 10.781881 (sec) 
 Elapsed time for mult 0.33627 (sec) 
 Energy = -136.7489718150811
 Elapsed time for measurement 0.01234 (sec) 
 Sample-based diagonalization: Energy = -136.7489718150811
 Sample-based diagonalization: density = [1.999996943474665,1.999540674315188,1.991818543600672,1.982678958900835,1.98210583578393,1.986968869930545,1.996472936032903,1.976247510396154,1.889963414045797,1.984207086456401,0.1210366692963142,0.02509783142807734,0.008872589357331699,0.008540012642624651,0.02635013008551038,0.02010199423507235
 Sample-based diagonalization: carryover bitstrings = [], size = 0
