 Elapsed time for helper construction 1.398358 (sec) 
 Elapsed time for init 0.04592599999999999 (sec) 
 Elapsed time for makeQChamDiagTerms 11.514632 (sec) 
 Davidson iteration 0.0 (tol=0.6536638855793705): -156.0512719878138
 Davidson iteration 0.1 (tol=0.2549310648922337): -156.230537496399 -153.9451549865749
 Davidson iteration 0.2 (tol=0.1042727901225368): -156.2504402003085 -154.3672126955877 -153.19469882241
 Davidson iteration 0.3 (tol=0.03405247255621877): -156.2538817772821 -154.6539315657104 -153.3257903601709 -152.9204159827231
 Davidson iteration 0.4 (tol=0.01448520964700122): -156.2542650955667 -154.9620219094464 -153.6751263934697 -153.1691973299589
 Davidson iteration 0.5 (tol=0.005850804058247732): -156.254343351877 -155.3453345025479 -154.0695953798648 -153.2795343942747
 Davidson iteration 0.6 (tol=0.002437149551280803): -156.2543551327702 -155.5028348374697 -154.2696765601957 -153.4192823201451
 Davidson iteration 0.7 (tol=0.0009805923182733564): -156.2543573881377 -155.5954061219165 -154.5932703711106 -153.8697235037716
 Davidson iteration 1.0 (tol=0.0009805923182752193): -156.2543573881383
 Davidson iteration 1.1 (tol=0.0004600220474099112): -156.2543577111483 -153.9643913692414
 Davidson iteration 1.2 (tol=0.0002526154361822181): -156.2543578103971 -155.238591920892 -152.9765609655061
 Davidson iteration 1.3 (tol=0.0001027753672592476): -156.2543578313243 -155.5369640582543 -153.2386952579061 -152.3037129719516
 Davidson iteration 1.4 (tol=4.158803187810979e-05): -156.254357834699 -155.6465098394412 -153.6008952900492 -153.0956282313624
 Davidson iteration 1.5 (tol=1.754218250178945e-05): -156.2543578353639 -155.7282860628022 -154.6441808803778 -153.1315191831333
 Davidson iteration 1.6 (tol=7.05072806034726e-06): -156.2543578354673 -155.7676849375017 -155.0247035865661 -153.3890076666035
 Elapsed time for davidson 66.871932 (sec) 
 Elapsed time for diagonalization 66.87211499999999 (sec) 
 Elapsed time for mult 1.912363 (sec) 
 Energy = -156.2543578354663
 Elapsed time for measurement 0.115399 (sec) 
 Sample-based diagonalization: Energy = -156.2543578354663
 Sample-based diagonalization: density = [1.999989353588266,1.991392993521921,1.990666718700959,1.991339163194868,1.983486501904961,1.982432393468679,1.983949512343157,1.987751214809534,1.984565841360566,1.980707674521501,1.967378128579414,1.98631972934293,1.949390213417872,0.08995225094100955,0.01906142417249729,0.01772858991526925,0.01556567671335463,0.01629444461432651,0.01811203533154926,0.009598303223987172,0.01864436129365706,0.01567347458360899
 Sample-based diagonalization: carryover bitstrings = [], size = 0
