 Elapsed time for helper construction 0.373247 (sec) 
 Elapsed time for init 0.007441 (sec) 
 Elapsed time for makeQChamDiagTerms 0.8153119999999999 (sec) 
 Davidson iteration 0.0 (tol=0.6130722191033602): -92.60463830034172
 Davidson iteration 0.1 (tol=0.2655465443159916): -92.77205415917255 -90.72126014246068
 Davidson iteration 0.2 (tol=0.1177372415355904): -92.79361371338601 -91.07920915256153 -89.62931930903017
 Davidson iteration 0.3 (tol=0.04446241030303608): -92.7972811400746 -91.20099012528193 -89.92812531103814 -89.28656082641331
 Davidson iteration 0.4 (tol=0.01637735446054553): -92.7978001557383 -91.34842870410195 -90.17343750595622 -89.34853244847534
 Davidson iteration 0.5 (tol=0.00618111362373931): -92.79786152568049 -91.46366383838159 -90.42186682794069 -89.79352725657522
 Davidson iteration 0.6 (tol=0.002373735916007991): -92.79787135531193 -91.55123609478341 -90.66173091728636 -89.79400275154052
 Davidson iteration 0.7 (tol=0.0008829797105966011): -92.79787267428711 -91.62386735961093 -90.8549496417006 -89.93274412004121
 Davidson iteration 1.0 (tol=0.0008829797105966674): -92.79787267428723
 Davidson iteration 1.1 (tol=0.0003918375435199003): -92.79787285292562 -89.74449910433506
 Davidson iteration 1.2 (tol=0.000163541622858237): -92.79787290018074 -91.04107828463206 -88.22658039590127
 Davidson iteration 1.3 (tol=7.327243800724233e-05): -92.79787290776757 -91.56192406761585 -89.42758623289123 -87.5941065912014
 Davidson iteration 1.4 (tol=2.744807647463184e-05): -92.79787290907281 -91.80030842042623 -89.43811386022053 -88.80741734243523
 Davidson iteration 1.5 (tol=1.040435201416185e-05): -92.79787290927723 -91.91346499278431 -89.96119186532368 -89.42899696381119
 Davidson iteration 1.6 (tol=4.231194261704764e-06): -92.79787290930705 -91.95663497104272 -90.89418347634192 -89.81716559044133
 Elapsed time for davidson 16.883673 (sec) 
 Elapsed time for diagonalization 16.883873 (sec) 
 Elapsed time for mult 0.5027239999999999 (sec) 
 Energy = -92.79787290930692
 Elapsed time for measurement 0.017416 (sec) 
 Sample-based diagonalization: Energy = -92.79787290930692
 Sample-based diagonalization: density = [1.999965862555727,1.988440612004457,1.984794779041082,1.980793120112262,1.978836868042822,1.969018541048918,1.974406455794826,1.904482550524588,1.983838069793134,0.1019108458439563,0.02376355226134697,0.02652045609790606,0.0242473412918838,0.0208938312232075,0.01960095085024335,0.01848616348365159
 Sample-based diagonalization: carryover bitstrings = [], size = 0
