 Elapsed time for helper construction 4.122091 (sec) 
 Elapsed time for init 0.047111 (sec) 
 Elapsed time for makeQChamDiagTerms 33.667427 (sec) 
 Davidson iteration 0.0 (tol=0.6897074808481213): -179.5522606911816
 Davidson iteration 0.1 (tol=0.308518111415459): -179.7392231796651 -177.3636628031386
 Davidson iteration 0.2 (tol=0.1417576648514517): -179.7651948385454 -177.8143475184435 -176.3790935177427
 Davidson iteration 0.3 (tol=0.05136688928058224): -179.7705010988636 -178.0551367616742 -176.5868078313631 -175.9878169212791
 Davidson iteration 0.4 (tol=0.02101346788724089): -179.7711771654307 -178.2691170041116 -176.9048895971266 -176.3092657494832
 Davidson iteration 0.5 (tol=0.008736749387381424): -179.771314046227 -178.6197085015637 -177.4283450682986 -176.4066075202662
 Davidson iteration 0.6 (tol=0.004042366269744441): -179.7713363797951 -178.8235560591799 -177.6516253117845 -176.4428958416829
 Davidson iteration 0.7 (tol=0.001840285273186247): -179.7713411700079 -178.9685800727457 -177.9357767816385 -177.0300413932196
 Davidson iteration 1.0 (tol=0.001840285273190713): -179.7713411700077
 Davidson iteration 1.1 (tol=0.0009478842165764535): -179.7713420350652 -177.1173229114032
 Davidson iteration 1.2 (tol=0.0005261895366858065): -179.7713423842743 -178.6275901292383 -175.2915708436286
 Davidson iteration 1.3 (tol=0.0002508518896788937): -179.7713424774594 -179.0853692630876 -176.5226114252988 -174.9415883852548
 Davidson iteration 1.4 (tol=0.0001170216319706491): -179.7713424950888 -179.2334977046742 -176.7494588709173 -176.2560514383006
 Davidson iteration 1.5 (tol=5.134009282483248e-05): -179.7713424988853 -179.2845743847109 -177.554112981785 -176.4937075601721
 Davidson iteration 1.6 (tol=2.367949889737751e-05): -179.7713424996176 -179.3253097141605 -178.2157879637572 -176.6453572003076
 Davidson iteration 1.7 (tol=1.022714457034822e-05): -179.7713424997951 -179.3526379333924 -178.6763596137782 -176.6479682795772
 Davidson iteration 2.0 (tol=1.022714468235805e-05): -179.7713424997934
 Davidson iteration 2.1 (tol=6.020313046833353e-06): -179.7713424998246 -177.6983030757219
 Elapsed time for davidson 355.562284 (sec) 
 Elapsed time for diagonalization 355.564657 (sec) 
 Elapsed time for mult 13.591434 (sec) 
 Energy = -179.7713424998253
 Elapsed time for measurement 52.743613 (sec) 
 Sample-based diagonalization: Energy = -179.7713424998253
 Sample-based diagonalization: density = [1.999967601373871,1.993346671084538,1.992549818989345,1.993918263005832,1.986511825642544,1.986917004834815,1.986401405976841,1.991120022280163,1.981162321938616,1.983695934366274,1.980839734068821,1.974491624170019,1.991007339458816,1.979871302679082,1.941191045234342,0.08689073779319753,0.025135946218401,0.01489053264341345,0.01761920607706824,0.00684630384603606,0.01296603432367697,0.01502308816855997,0.02031645385031259,0.01988605459143892,0.01743372721662153
 Sample-based diagonalization: carryover bitstrings = [], size = 0
 Elapse time for dumping one-particle rdm = 0.0007769999999999999
 Elapse time for dumping two-particle rdm = 0.343286
 Zero-Body energy = 0
 One-Body energy = -317.475796038794
 Two-Body energy = 137.7044535400514
 One-Body + Two-Body energy = -179.7713424987426
 Zero-Body + One-Body + Two-Body energy = -179.7713424987426
