 Elapsed time for helper construction 0.475894 (sec) 
 Elapsed time for init 0.011542 (sec) 
 Elapsed time for makeQChamDiagTerms 2.060726 (sec) 
 Davidson iteration 0.0 (tol=0.5265709694812238): -89.54559840396105
 Davidson iteration 0.1 (tol=0.1781948136610517): -89.66924253809454 -87.40406140552611
 Davidson iteration 0.2 (tol=0.04286571214984185): -89.67949693807859 -87.82453549757099 -86.31113397432628
 Davidson iteration 0.3 (tol=0.01123069990401426): -89.68000180743327 -87.91995047348284 -86.75477879397232 -85.97839807630021
 Davidson iteration 0.4 (tol=0.003220470475656712): -89.68003826097042 -87.99618411288468 -87.15416495780417 -86.22912773776986
 Davidson iteration 0.5 (tol=0.001044315095800283): -89.68004127562182 -88.095248208947 -87.52156679402454 -86.29707983009857
 Davidson iteration 0.6 (tol=0.0002964011118979444): -89.6800415687575 -88.18288380598042 -87.71458207888021 -86.65745747552441
 Davidson iteration 0.7 (tol=8.082071408439573e-05): -89.68004159329962 -88.23417564849362 -87.83381527627327 -86.98739027591986
 Davidson iteration 1.0 (tol=8.082071408441683e-05): -89.68004159329942
 Davidson iteration 1.1 (tol=2.879541368317097e-05): -89.6800415948848 -86.17154300203927
 Davidson iteration 1.2 (tol=1.00192806597962e-05): -89.68004159514875 -87.61313989559369 -85.0072587730921
 Davidson iteration 1.3 (tol=3.232986134894148e-06): -89.68004159517562 -88.07429438664116 -85.9981248647838 -84.34689106506264
 Elapsed time for davidson 15.995699 (sec) 
 Elapsed time for diagonalization 15.995795 (sec) 
 Elapsed time for mult 0.805697 (sec) 
 Energy = -89.68004159517641
 Elapsed time for measurement 0.028397 (sec) 
 Sample-based diagonalization: Energy = -89.68004159517641
 Sample-based diagonalization: density = [1.999965232416647,1.989985979929092,1.986231264880732,1.988815553801778,1.981032357447875,1.97995056817386,1.977180770371113,1.977412403828282,1.97965341932687,0.01110616886819735,0.02021896814175281,0.02094985693199749,0.02020035891816839,0.01425235182733826,0.01919056918442275,0.01672375760981646,0.01713041825731353
 Sample-based diagonalization: carryover bitstrings = [], size = 0
