 Elapsed time for helper construction 0.820776 (sec) 
 Elapsed time for init 0.011068 (sec) 
 Elapsed time for makeQChamDiagTerms 5.459514 (sec) 
 Davidson iteration 0.0 (tol=0.5561821279661787): -146.4595126114473
 Davidson iteration 0.1 (tol=0.2360150711530621): -146.5884138472135 -144.4862732628459
 Davidson iteration 0.2 (tol=0.09903729957198222): -146.6055962413511 -144.954293779618 -143.8337923574761
 Davidson iteration 0.3 (tol=0.03663791144097445): -146.6086772762719 -145.1569971264068 -143.9898237268177 -143.6576111034373
 Davidson iteration 0.4 (tol=0.01485509883758248): -146.6090790595515 -145.3794316755558 -144.2684517192048 -143.8544090853022
 Davidson iteration 0.5 (tol=0.005845949125341064): -146.6091648842216 -145.7615092444636 -144.5085980320017 -144.0509991826524
 Davidson iteration 0.6 (tol=0.002670741320911781): -146.6091756065038 -145.9046923354639 -144.7005460534927 -144.0513723412429
 Davidson iteration 0.7 (tol=0.001038625555133664): -146.6091776928085 -145.9808909743159 -145.0328055614803 -144.2905243723902
 Davidson iteration 1.0 (tol=0.001038625555124794): -146.6091776928074
 Davidson iteration 1.1 (tol=0.0005135076854219011): -146.6091780035036 -144.5522117952816
 Davidson iteration 1.2 (tol=0.000266767719094214): -146.6091781062637 -145.7031973479372 -142.4288827884618
 Davidson iteration 1.3 (tol=0.0001187891945139589): -146.6091781333137 -146.1096551237849 -143.632582178519 -142.0145267362844
 Davidson iteration 1.4 (tol=6.009507773277581e-05): -146.6091781382172 -146.2443588543757 -144.178154640757 -143.5036373482244
 Davidson iteration 1.5 (tol=2.703533902805154e-05): -146.6091781394356 -146.3078039862282 -145.0600291517224 -143.5339127251848
 Davidson iteration 1.6 (tol=1.227667942876684e-05): -146.6091781396889 -146.3469397394236 -145.4988506171833 -143.8976142386908
 Davidson iteration 1.7 (tol=5.328977024445548e-06): -146.6091781397413 -146.3616689005728 -145.7925518342978 -144.0993507407731
 Elapsed time for davidson 37.688637 (sec) 
 Elapsed time for diagonalization 37.68887 (sec) 
 Elapsed time for mult 0.9685349999999999 (sec) 
 Energy = -146.6091781397405
 Elapsed time for measurement 0.060661 (sec) 
 Sample-based diagonalization: Energy = -146.6091781397405
 Sample-based diagonalization: density = [1.99999670375461,1.997445185765506,1.992414149951703,1.990663882235109,1.988916672185766,1.987980061535949,1.992630543486865,1.977868391077243,1.966358893402649,1.985158949462682,1.940351129314736,0.09907409158427317,0.009489099014832407,0.01094648388546847,0.01578589452768248,0.005477763277552576,0.003591749554266456,0.01802933262883885,0.01782102308996898
 Sample-based diagonalization: carryover bitstrings = [], size = 0
