 Elapsed time for helper construction 1.45249 (sec) 
 Elapsed time for init 0.049878 (sec) 
 Elapsed time for makeQChamDiagTerms 14.567419 (sec) 
 Davidson iteration 0.0 (tol=0.6612787487861069): -166.5710416648335
 Davidson iteration 0.1 (tol=0.2027003937371383): -166.7589601715628 -164.6009811018891
 Davidson iteration 0.2 (tol=0.0679658281146566): -166.7735469720529 -164.9170199181607 -164.3333317101504
 Davidson iteration 0.3 (tol=0.0183176769415794): -166.7751980596444 -165.0329188456425 -164.3800442566268 -164.2952574056025
 Davidson iteration 0.4 (tol=0.006647414437757667): -166.7753261968815 -165.3567920657924 -164.437309335589 -164.3393490623505
 Davidson iteration 0.5 (tol=0.002266576683798479): -166.775344213859 -165.7368788312073 -164.5503017717697 -164.4329976499394
 Davidson iteration 0.6 (tol=0.0007179302348843449): -166.7753462032623 -165.9038611993394 -164.7152310445404 -164.4862771766274
 Davidson iteration 0.7 (tol=0.0002518212483986225): -166.7753463960957 -165.9767179806921 -165.075614945463 -164.5051441193162
 Davidson iteration 1.0 (tol=0.0002518212484056663): -166.7753463960944
 Davidson iteration 1.1 (tol=0.0001000260089573735): -166.775346417208 -164.5414379277721
 Davidson iteration 1.2 (tol=4.136909795592192e-05): -166.7753464224016 -165.7248938163656 -163.9886942117813
 Davidson iteration 1.3 (tol=1.531950137015886e-05): -166.7753464230696 -166.0529703005537 -164.2152592470111 -163.7483592595114
 Davidson iteration 1.4 (tol=5.645327411480519e-06): -166.7753464231589 -166.1673797439525 -164.3544980118111 -164.2145849097769
 Elapsed time for davidson 62.85858 (sec) 
 Elapsed time for diagonalization 62.858779 (sec) 
 Elapsed time for mult 1.720352 (sec) 
 Energy = -166.7753464231608
 Elapsed time for measurement 0.16076 (sec) 
 Sample-based diagonalization: Energy = -166.7753464231608
 Sample-based diagonalization: density = [1.999975660855005,1.993942015692324,1.993440786589302,1.992467292252419,1.987845929478724,1.987969872680594,1.985553111947172,1.984411789149346,1.983117046524368,1.983157091758148,1.974616595545291,1.993582769769873,1.986827776083128,1.944731758896694,0.08156547855072363,0.01729161267391793,0.005392781217528086,0.01468155397176542,0.01762345462848423,0.009184427028299131,0.01504681682402149,0.0171083491838066,0.01516204156919098,0.01530398660039866
 Sample-based diagonalization: carryover bitstrings = [], size = 0
