 Elapsed time for helper construction 1.446278 (sec) 
 Elapsed time for init 0.053199 (sec) 
 Elapsed time for makeQChamDiagTerms 16.192805 (sec) 
 Davidson iteration 0.0 (tol=0.6853714532424866): -162.8876088283959
 Davidson iteration 0.1 (tol=0.258432778059): -163.0877945897484 -160.9138967213979
 Davidson iteration 0.2 (tol=0.09850975790850511): -163.109102544368 -161.2032643736259 -160.3157167562015
 Davidson iteration 0.3 (tol=0.03260731762168545): -163.1124002262205 -161.3973212139321 -160.5513365462123 -160.1806229218041
 Davidson iteration 0.4 (tol=0.01466072085907119): -163.1128026784986 -161.8089801777374 -160.7553796608729 -160.3605674131947
 Davidson iteration 0.5 (tol=0.006235940726057238): -163.1128945599029 -162.2671260258147 -160.9180703854288 -160.6036387519642
 Davidson iteration 0.6 (tol=0.002530947747585444): -163.1129094724451 -162.4263531264505 -161.0917102985074 -160.6045430136923
 Davidson iteration 0.7 (tol=0.001073019385047216): -163.1129118186301 -162.4993313716801 -161.5513770502679 -160.8066774462478
 Davidson iteration 1.0 (tol=0.001073019385036802): -163.112911818627
 Davidson iteration 1.1 (tol=0.0005235537175801091): -163.1129121975364 -160.9038336879541
 Davidson iteration 1.2 (tol=0.0002562894962871195): -163.1129123239937 -162.1867113803647 -159.1660937680672
 Davidson iteration 1.3 (tol=0.0001104673131433055): -163.1129123498145 -162.5286243875117 -160.5995525972943 -158.4758614862173
 Davidson iteration 1.4 (tol=4.862015587918717e-05): -163.1129123544021 -162.6271391053161 -160.8021549526358 -160.5473175534659
 Davidson iteration 1.5 (tol=2.038404970071015e-05): -163.1129123553552 -162.6925173284123 -161.63003660685 -160.5578701468986
 Davidson iteration 1.6 (tol=8.232870859156665e-06): -163.1129123555052 -162.7271858814159 -161.9567204287468 -160.9913190304576
 Elapsed time for davidson 79.062478 (sec) 
 Elapsed time for diagonalization 79.063788 (sec) 
 Elapsed time for mult 2.170876 (sec) 
 Energy = -163.1129123555095
 Elapsed time for measurement 0.14011 (sec) 
 Sample-based diagonalization: Energy = -163.1129123555095
 Sample-based diagonalization: density = [1.999977094313559,1.994074830230276,1.993583695954289,1.991001332446378,1.987083955685768,1.985714237893646,1.985468018826665,1.983148802845011,1.983561723441165,1.982507968609116,1.959950020362157,1.99194717606273,1.984453129341542,1.935400323947843,0.1016342139682869,0.01156111878530769,0.01447092807162567,0.01642560214240908,0.01321154328453492,0.01839018180376622,0.005619327075534518,0.01221511081842913,0.0153652316090018,0.01444098435500228,0.01879344761446671
 Sample-based diagonalization: carryover bitstrings = [], size = 0
