 Elapsed time for helper construction 1.535639 (sec) 
 Elapsed time for init 0.048678 (sec) 
 Elapsed time for makeQChamDiagTerms 13.345274 (sec) 
 Davidson iteration 0.0 (tol=0.6661567524220119): -155.441541206004
 Davidson iteration 0.1 (tol=0.2196151029576797): -155.6346471494416 -153.5219513566255
 Davidson iteration 0.2 (tol=0.0756586153793021): -155.6512796715874 -153.7914850980504 -153.1538666739308
 Davidson iteration 0.3 (tol=0.02236629411979443): -155.6532237716538 -153.9426790686867 -153.153888555178 -152.913704254468
 Davidson iteration 0.4 (tol=0.008794763734176718): -155.6534062582603 -154.278252016046 -153.181947652103 -153.1454644371518
 Davidson iteration 0.5 (tol=0.003130091752452426): -155.6534380542578 -154.7093326336113 -153.4397544206618 -153.1804598361149
 Davidson iteration 0.6 (tol=0.001134772819539416): -155.653441797875 -154.9075672212242 -153.6852840569519 -153.2221352256006
 Davidson iteration 0.7 (tol=0.000387241111129438): -155.6534422584157 -154.9581172712528 -153.8761243635898 -153.4020125096027
 Davidson iteration 1.0 (tol=0.0003872411111321406): -155.6534422584153
 Davidson iteration 1.1 (tol=0.0001678035418327887): -155.6534423117579 -153.7910038194925
 Davidson iteration 1.2 (tol=6.908705443380449e-05): -155.653442324623 -154.5467323406621 -152.5547040797816
 Davidson iteration 1.3 (tol=2.404511639517643e-05): -155.6534423264221 -154.8904393761904 -152.9022806404552 -152.3468879049808
 Davidson iteration 1.4 (tol=9.788197707865209e-06): -155.6534423266473 -155.0280216618829 -153.4573210792978 -152.9014418987639
 Elapsed time for davidson 67.245447 (sec) 
 Elapsed time for diagonalization 67.254324 (sec) 
 Elapsed time for mult 1.802541 (sec) 
 Energy = -155.6534423266505
 Elapsed time for measurement 0.118279 (sec) 
 Sample-based diagonalization: Energy = -155.6534423266505
 Sample-based diagonalization: density = [1.999988225674888,1.992231912657018,1.990552368186033,1.987979676675145,1.98596629755371,1.980585715237273,1.985313358648687,1.98682552841739,1.983699953818379,1.971957027994258,1.984137012035994,1.99189542184374,1.93332167272816,0.09233205214727644,0.008818936517933642,0.01652039816880408,0.01870548248955785,0.01411329580580781,0.01723168869164086,0.0140703959526717,0.01459121797056532,0.01568057749287309,0.01348178286128709
 Sample-based diagonalization: carryover bitstrings = [], size = 0
