 Elapsed time for helper construction 0.205932 (sec) 
 Elapsed time for init 0.00438 (sec) 
 Elapsed time for makeQChamDiagTerms 0.548148 (sec) 
 Davidson iteration 0.0 (tol=0.5062769134631796): -121.3770033044164
 Davidson iteration 0.1 (tol=0.1888022122570839): -121.4904763455636 -119.4321195129694
 Davidson iteration 0.2 (tol=0.08108175969303563): -121.5013375499275 -119.7698103083339 -118.7935613029615
 Davidson iteration 0.3 (tol=0.03012691663116047): -121.5031873950469 -119.9026477503383 -118.8559522861037 -118.347476394442
 Davidson iteration 0.4 (tol=0.01142169518446343): -121.5034616663729 -120.175138775821 -119.1037554573577 -118.497916775766
 Davidson iteration 0.5 (tol=0.004783051683550046): -121.5034987046317 -120.4496695923573 -119.3246125696323 -118.5181525689856
 Davidson iteration 0.6 (tol=0.002098336006829446): -121.5035046207333 -120.6322742953533 -119.5040863351447 -118.5331146987727
 Davidson iteration 0.7 (tol=0.0008446532869275678): -121.5035058247467 -120.781261854733 -119.7403667711242 -118.8984591684535
 Davidson iteration 1.0 (tol=0.0008446532869275325): -121.503505824747
 Davidson iteration 1.1 (tol=0.0004378253344897936): -121.5035059965005 -118.6466054943355
 Davidson iteration 1.2 (tol=0.0002242180298001674): -121.5035060578622 -120.4014954441627 -116.0599921398695
 Davidson iteration 1.3 (tol=0.0001054870155099747): -121.5035060732282 -120.8745153111881 -118.2347137982863 -114.4658638906886
 Davidson iteration 1.4 (tol=3.992159463286632e-05): -121.5035060759382 -121.0045885272753 -118.3153539300203 -117.3722252957357
 Davidson iteration 1.5 (tol=1.579723490388699e-05): -121.5035060763497 -121.049711698406 -118.7915962022897 -118.3071961908721
 Davidson iteration 1.6 (tol=6.001801881481333e-06): -121.5035060764098 -121.0621855446634 -119.4016378955981 -118.40751736211
 Elapsed time for davidson 6.316011 (sec) 
 Elapsed time for diagonalization 6.31609 (sec) 
 Elapsed time for mult 0.201559 (sec) 
 Energy = -121.5035060764091
 Elapsed time for measurement 0.008165 (sec) 
 Sample-based diagonalization: Energy = -121.5035060764091
 Sample-based diagonalization: density = [1.999996030058501,1.991269244633797,1.987898912674123,1.978899758101814,1.98585345935744,1.985886479874256,1.979386941826613,1.981657378937653,1.962307656247357,0.05525892831660946,0.02711875923461502,0.017203304974278,0.01970800473330002,0.0170975541636116,0.01045758684254171
 Sample-based diagonalization: carryover bitstrings = [], size = 0
