 Elapsed time for helper construction 1.009988 (sec) 
 Elapsed time for init 0.036106 (sec) 
 Elapsed time for makeQChamDiagTerms 9.64752 (sec) 
 Davidson iteration 0.0 (tol=0.6239350216953531): -124.3786598633601
 Davidson iteration 0.1 (tol=0.1143493317213804): -124.5599420939369 -122.3211605039802
 Davidson iteration 0.2 (tol=0.01896757363607408): -124.564810846377 -122.5346924994789 -121.9180313952584
 Davidson iteration 0.3 (tol=0.004754727028630411): -124.5649522259993 -122.6927587391419 -122.2750017856547 -121.8362836279313
 Davidson iteration 0.4 (tol=0.001237103891714941): -124.5649614117405 -122.9400714213272 -122.3908400558943 -121.9636286228856
 Davidson iteration 0.5 (tol=0.0002771769315384154): -124.5649619429549 -123.0984045600519 -122.4613568644666 -121.9797393300094
 Davidson iteration 0.6 (tol=5.979824911666679e-05): -124.5649619685037 -123.1556602439611 -122.53728232349 -122.1501006017419
 Davidson iteration 0.7 (tol=1.37973630782133e-05): -124.5649619697499 -123.1726988045694 -122.6214281899566 -122.2843044829869
 Davidson iteration 1.0 (tol=1.379736307805254e-05): -124.5649619697486
 Davidson iteration 1.1 (tol=4.301948776236646e-06): -124.5649619698155 -122.0544092515623
 Elapsed time for davidson 34.087011 (sec) 
 Elapsed time for diagonalization 34.091844 (sec) 
 Elapsed time for mult 1.075555 (sec) 
 Energy = -124.5649619698167
 Elapsed time for measurement 0.09174499999999999 (sec) 
 Sample-based diagonalization: Energy = -124.5649619698167
 Sample-based diagonalization: density = [1.999974228988367,1.990719000470899,1.989279397056968,1.988054781651766,1.986475574836673,1.983229476823896,1.982331517803598,1.983085111418554,1.985863333050535,1.978593806257472,1.979611860755177,1.979170447885513,0.007897991507570926,0.01386107138633387,0.01726079696146969,0.01870620953640045,0.01629050204772544,0.01459060096099598,0.01504718254572771,0.01555824619467801,0.01309281420710511,0.01208213124462734,0.01424405244093643,0.01497986371569728
 Sample-based diagonalization: carryover bitstrings = [], size = 0
