 Elapsed time for helper construction 4.148477 (sec) 
 Elapsed time for init 0.101245 (sec) 
 Elapsed time for makeQChamDiagTerms 31.544299 (sec) 
 Davidson iteration 0.0 (tol=0.7003760844755557): -166.5710416648335
 Davidson iteration 0.1 (tol=0.3221584626854476): -166.766696913085 -164.426511156481
 Davidson iteration 0.2 (tol=0.1514850931682955): -166.7952403689485 -164.8672124815934 -163.418507332596
 Davidson iteration 0.3 (tol=0.05574677214150708): -166.8013183453326 -165.094704679052 -163.6336614714356 -163.0629129629402
 Davidson iteration 0.4 (tol=0.02364561492957752): -166.8021193957629 -165.3241271659905 -163.9615647990821 -163.300188688645
 Davidson iteration 0.5 (tol=0.0098158110014148): -166.8022823390503 -165.6508410317558 -164.4540346384969 -163.4134077773777
 Davidson iteration 0.6 (tol=0.004490852839627708): -166.8023116225064 -165.8647759926073 -164.7013137269771 -163.5923819187987
 Davidson iteration 0.7 (tol=0.002066597835929608): -166.8023174745265 -166.0152506662659 -164.9631008545313 -164.0470951939699
 Davidson iteration 1.0 (tol=0.002066597835903315): -166.8023174745308
 Davidson iteration 1.1 (tol=0.001059526457493675): -166.8023185296783 -163.8927237922832
 Davidson iteration 1.2 (tol=0.000595932873624264): -166.802318960408 -165.6362570597337 -162.1313636705058
 Davidson iteration 1.3 (tol=0.0003041772374953481): -166.8023190752111 -166.1108092937504 -163.6005481769776 -161.4570595719276
 Davidson iteration 1.4 (tol=0.0001355260937118134): -166.8023191005132 -166.2463425662148 -163.6895080997099 -163.1394449278874
 Davidson iteration 1.5 (tol=6.040631808779974e-05): -166.8023191059469 -166.3166744377804 -164.6109556336045 -163.5458662010066
 Davidson iteration 1.6 (tol=2.894878849740106e-05): -166.8023191069221 -166.3492017692159 -165.2539504714637 -163.830103012056
 Davidson iteration 1.7 (tol=1.179909018689568e-05): -166.802319107162 -166.3651262866253 -165.6219075782556 -163.8342419622956
 Davidson iteration 2.0 (tol=1.179909066397497e-05): -166.8023191071539
 Davidson iteration 2.1 (tol=6.694830905444927e-06): -166.8023191071919 -164.3725387030166
 Elapsed time for davidson 368.811635 (sec) 
 Elapsed time for diagonalization 368.811891 (sec) 
 Elapsed time for mult 14.853533 (sec) 
 Energy = -166.8023191071948
 Elapsed time for measurement 49.77546299999999 (sec) 
 Sample-based diagonalization: Energy = -166.8023191071948
 Sample-based diagonalization: density = [1.9999682631204,1.99312666227834,1.992151108556339,1.991063917962252,1.985330972759917,1.985251384713363,1.982899427780069,1.98102704165368,1.97928336186313,1.978091337617785,1.969477665721443,1.992077042642793,1.981087508921856,1.932626714765002,0.09829160944443209,0.02152223790085596,0.006837910387164206,0.01706761796790792,0.02210500186241877,0.01137204085385718,0.01864106226825721,0.02057623133651961,0.02091419008666896,0.01920968733227996
 Sample-based diagonalization: carryover bitstrings = [], size = 0
 Elapse time for dumping one-particle rdm = 0.001355
 Elapse time for dumping two-particle rdm = 0.291675
 Zero-Body energy = 0
 One-Body energy = -292.6964543988789
 Two-Body energy = 125.8941352930133
 One-Body + Two-Body energy = -166.8023191058656
 Zero-Body + One-Body + Two-Body energy = -166.8023191058656
