 Elapsed time for helper construction 1.22692 (sec) 
 Elapsed time for init 0.014068 (sec) 
 Elapsed time for makeQChamDiagTerms 11.848493 (sec) 
 Davidson iteration 0.0 (tol=0.5723433006085075): -139.6647912936118
 Davidson iteration 0.1 (tol=0.1104569817999418): -139.8142810133649 -137.5968703345771
 Davidson iteration 0.2 (tol=0.03319067465598625): -139.8191010207971 -138.1380326906625 -137.4772406992327
 Davidson iteration 0.3 (tol=0.007705613822096757): -139.8195497096656 -138.2346041800517 -137.5742887294408 -137.4616206871884
 Davidson iteration 0.4 (tol=0.002105454434445362): -139.8195809737745 -138.8173236406858 -137.7417366115475 -137.5358215232371
 Davidson iteration 0.5 (tol=0.0005222951111213508): -139.8195829823933 -139.0097230967687 -137.7991324204484 -137.579481952672
 Davidson iteration 0.6 (tol=0.000135284112461705): -139.8195831040029 -139.1089107486284 -138.0385298909972 -137.6436944229534
 Davidson iteration 0.7 (tol=3.502709939549328e-05): -139.8195831122337 -139.1796430301287 -138.3190320204214 -137.6958449152137
 Davidson iteration 1.0 (tol=3.502709939498575e-05): -139.8195831122328
 Davidson iteration 1.1 (tol=1.017206054106704e-05): -139.8195831127189 -137.7920688286433
 Davidson iteration 1.2 (tol=3.124671516663821e-06): -139.8195831127773 -138.6794320127458 -137.4979130417694
 Elapsed time for davidson 37.602733 (sec) 
 Elapsed time for diagonalization 37.602762 (sec) 
 Elapsed time for mult 1.056361 (sec) 
 Energy = -139.8195831127784
 Elapsed time for measurement 0.101961 (sec) 
 Sample-based diagonalization: Energy = -139.8195831127784
 Sample-based diagonalization: density = [1.999972302854197,1.994785584615032,1.992535013870231,1.989133546492845,1.989006955970266,1.986692336150807,1.991223474329601,1.988359911364464,1.984440442213806,1.984631095394874,1.979841793906426,1.987238110602922,1.984655134867672,0.0125672709864832,0.02106288737371129,0.01927818699330189,0.01675454907890224,0.01333272093179315,0.009019213395296028,0.009043271755531705,0.01326629355123069,0.01431616678872531,0.00986936133164917,0.0089743748643034
 Sample-based diagonalization: carryover bitstrings = [], size = 0
