 Elapsed time for helper construction 1.502011 (sec) 
 Elapsed time for init 0.055958 (sec) 
 Elapsed time for makeQChamDiagTerms 19.448132 (sec) 
 Davidson iteration 0.0 (tol=0.7036295581929465): -148.6972838461306
 Davidson iteration 0.1 (tol=0.211723581713514): -148.9459740686367 -147.186238449613
 Davidson iteration 0.2 (tol=0.06003966234601778): -148.966259555322 -147.3129521560305 -147.0196352499734
 Davidson iteration 0.3 (tol=0.01914763564093385): -148.9680783207468 -147.6752064180442 -147.027084937072 -146.7838679435154
 Davidson iteration 0.4 (tol=0.006990070091110199): -148.9682907624114 -148.0949773290986 -147.0343521114429 -146.8571052895734
 Davidson iteration 0.5 (tol=0.002153300252779835): -148.9683155174 -148.2945031624927 -147.1257159119966 -146.9544151009858
 Davidson iteration 0.6 (tol=0.0007203893538376269): -148.9683176527639 -148.3411671804862 -147.3195844092648 -147.0744689426308
 Davidson iteration 0.7 (tol=0.0002429294867842802): -148.968317920556 -148.3669061289912 -147.7579574962423 -147.0947122367602
 Davidson iteration 1.0 (tol=0.0002429294867882512): -148.9683179205578
 Davidson iteration 1.1 (tol=9.379818457996539e-05): -148.9683179483881 -147.3504745199434
 Davidson iteration 1.2 (tol=4.318210869093995e-05): -148.9683179547782 -148.1456153440073 -146.8252395221879
 Davidson iteration 1.3 (tol=1.392433529509282e-05): -148.9683179556708 -148.3526993018338 -146.8286291940567 -146.665777183692
 Davidson iteration 1.4 (tol=4.336110841336245e-06): -148.9683179557631 -148.4235998118403 -147.0454529490739 -146.8271945843104
 Elapsed time for davidson 75.406358 (sec) 
 Elapsed time for diagonalization 75.40769999999999 (sec) 
 Elapsed time for mult 1.883624 (sec) 
 Energy = -148.9683179557622
 Elapsed time for measurement 0.173626 (sec) 
 Sample-based diagonalization: Energy = -148.9683179557622
 Sample-based diagonalization: density = [1.99997676710139,1.994218707841593,1.991458544381437,1.989553759695693,1.992344019084909,1.989300441239878,1.987314820873227,1.986882981885226,1.982723387406231,1.984133566984161,1.963905543588371,1.949333619731964,1.924353521022333,1.921146806371056,0.08527276523554025,0.07164877813421565,0.05062570024525623,0.03482583369861022,0.01495762715020987,0.008495528183777707,0.01469062247435814,0.01234189906547379,0.01413610686668954,0.009220278524956162,0.009675737775929037,0.008815353226239624,0.008647281770727565
 Sample-based diagonalization: carryover bitstrings = [], size = 0
