 Elapsed time for helper construction 0.442693 (sec) 
 Elapsed time for init 0.011505 (sec) 
 Elapsed time for makeQChamDiagTerms 1.746646 (sec) 
 Davidson iteration 0.0 (tol=0.5499232125841882): -150.1607128187267
 Davidson iteration 0.1 (tol=0.2374522075729902): -150.2823286054394 -148.1024397904004
 Davidson iteration 0.2 (tol=0.103402376074167): -150.2981620265544 -148.5413253855467 -147.1683707863326
 Davidson iteration 0.3 (tol=0.04005671085905841): -150.3010882225465 -148.7597500123986 -147.5062093449654 -146.7786260359428
 Davidson iteration 0.4 (tol=0.01565661288815198): -150.3014883807973 -148.9436686068671 -147.7544889349694 -147.1591278210585
 Davidson iteration 0.5 (tol=0.006045656333022568): -150.3015558853002 -149.1776633118504 -147.9922600332147 -147.1815028486722
 Davidson iteration 0.6 (tol=0.002637286430324722): -150.3015638080438 -149.3073381461267 -148.1865898978911 -147.2322871617385
 Davidson iteration 0.7 (tol=0.0009448085730111958): -150.3015656271286 -149.4115798864624 -148.4513857693145 -147.5474835091792
 Davidson iteration 1.0 (tol=0.0009448085730120968): -150.3015656271288
 Davidson iteration 1.1 (tol=0.0004458699914087148): -150.3015658397573 -147.7627462551042
 Davidson iteration 1.2 (tol=0.0002299026395952743): -150.3015659011182 -148.9701126455943 -145.7278321205203
 Davidson iteration 1.3 (tol=0.0001005953043190504): -150.301565914718 -149.4447270852878 -146.2981892893381 -145.2250226416947
 Davidson iteration 1.4 (tol=3.837100739880354e-05): -150.3015659169583 -149.6318747772777 -146.9067100592769 -146.2275774141349
 Davidson iteration 1.5 (tol=1.56993268404e-05): -150.3015659173456 -149.7008879272132 -147.6928696637503 -146.5402394951063
 Davidson iteration 1.6 (tol=7.181352003017308e-06): -150.3015659174078 -149.7601796447823 -148.4862308001406 -146.6008895532043
 Elapsed time for davidson 18.041821 (sec) 
 Elapsed time for diagonalization 18.041968 (sec) 
 Elapsed time for mult 0.72478 (sec) 
 Energy = -150.301565917407
 Elapsed time for measurement 2.296215 (sec) 
 Sample-based diagonalization: Energy = -150.301565917407
 Sample-based diagonalization: density = [1.999996453541876,1.997047244163364,1.992808645255142,1.992257859415446,1.990281851519752,1.986551531965554,1.977003542754313,1.992633939491025,1.982162496733713,1.982184247125267,1.943524454182726,0.08681455555194456,0.0227638034483502,0.003866249986360527,0.01415154829974006,0.01939406765635517,0.01655750888409128
 Sample-based diagonalization: carryover bitstrings = [], size = 0
 Elapse time for dumping one-particle rdm = 0.000718
 Elapse time for dumping two-particle rdm = 0.079154
 Zero-Body energy = 0
 One-Body energy = -244.6513006678047
 Two-Body energy = 94.34973475058317
 One-Body + Two-Body energy = -150.3015659172216
 Zero-Body + One-Body + Two-Body energy = -150.3015659172216
