 Elapsed time for helper construction 1.006708 (sec) 
 Elapsed time for init 0.016948 (sec) 
 Elapsed time for makeQChamDiagTerms 13.826479 (sec) 
 Davidson iteration 0.0 (tol=0.4183973789258748): -178.2054938199408
 Davidson iteration 0.1 (tol=0.08883094690817847): -178.2990939399484 -176.7278970001542
 Davidson iteration 0.2 (tol=0.02230873955266165): -178.3036363868175 -177.1780965652097 -176.67134932294
 Davidson iteration 0.3 (tol=0.004721772593170141): -178.3039147145512 -177.2205781564961 -176.8756226966536 -176.5999730864789
 Davidson iteration 0.4 (tol=0.001552278106376823): -178.3039276605888 -177.5159345733999 -176.8763554281989 -176.600549491817
 Davidson iteration 0.5 (tol=0.000401665165359656): -178.303929149104 -177.6150188696509 -177.08561410281 -176.7808413216815
 Davidson iteration 0.6 (tol=7.833758823127358e-05): -178.3039292311654 -177.6807202838538 -177.0995236528229 -176.8662780448144
 Davidson iteration 0.7 (tol=1.886326446843012e-05): -178.3039292342981 -177.6979817058494 -177.1946609146555 -176.9973677707125
 Davidson iteration 1.0 (tol=1.886326446779539e-05): -178.3039292342989
 Davidson iteration 1.1 (tol=5.640762097556477e-06): -178.3039292344881 -176.9524900253643
 Elapsed time for davidson 32.705319 (sec) 
 Elapsed time for diagonalization 32.705589 (sec) 
 Elapsed time for mult 0.466301 (sec) 
 Energy = -178.3039292344863
 Elapsed time for measurement 0.107623 (sec) 
 Sample-based diagonalization: Energy = -178.3039292344863
 Sample-based diagonalization: density = [1.999985915406745,1.997941917178727,1.999209626917667,1.99788313695769,1.995023285462654,1.996383411247185,1.995671514528037,1.997906059477739,1.994330006226781,1.996804162109207,1.986250914600581,1.981715290797624,1.996974283245133,1.994002562180162,1.936886478665865,0.08523668162292558,0.002523004170110352,0.004913530749449766,0.004260455888005945,0.005356159483373808,0.002167318503083105,0.00489977133806409,0.004247512325197532,0.003962899851468152,0.008759695163352673,0.006704405777151234
 Sample-based diagonalization: carryover bitstrings = [], size = 0
