 Elapsed time for helper construction 0.650446 (sec) 
 Elapsed time for init 0.009134 (sec) 
 Elapsed time for makeQChamDiagTerms 2.942221 (sec) 
 Davidson iteration 0.0 (tol=0.5492299512666071): -147.2036345452956
 Davidson iteration 0.1 (tol=0.2445062468013563): -147.3363533354848 -145.3209260661758
 Davidson iteration 0.2 (tol=0.1127256245073539): -147.3545544836294 -145.7617668397659 -144.3974514519204
 Davidson iteration 0.3 (tol=0.04391506761863412): -147.3585329648863 -145.9793671038745 -144.7629109981254 -144.1008642950258
 Davidson iteration 0.4 (tol=0.01852460063792075): -147.3590789813773 -146.1931245367939 -145.0997806315964 -144.3526286890242
 Davidson iteration 0.5 (tol=0.007065777559039144): -147.3591935034061 -146.4687159267668 -145.3409590076853 -144.6457235983309
 Davidson iteration 0.6 (tol=0.003282957142245846): -147.3592093241749 -146.5981023713352 -145.5230322879191 -144.6646024873682
 Davidson iteration 0.7 (tol=0.001427069671806118): -147.3592121999023 -146.6875043060266 -145.7836159348177 -144.9127290007706
 Davidson iteration 1.0 (tol=0.001427069671808812): -147.3592121999029
 Davidson iteration 1.1 (tol=0.0007282565732626248): -147.3592127306845 -144.9235435861222
 Davidson iteration 1.2 (tol=0.0003720493506436812): -147.3592129279326 -146.3315817203344 -142.6523396844187
 Davidson iteration 1.3 (tol=0.0001638279892053253): -147.3592129767774 -146.7240062293057 -144.4284262017218 -142.0427655586699
 Davidson iteration 1.4 (tol=7.277870813205515e-05): -147.3592129844571 -146.8491149705618 -144.5539676255362 -144.127113186776
 Davidson iteration 1.5 (tol=3.034355338982698e-05): -147.3592129860022 -146.9147843497022 -145.1988597536363 -144.4233358595093
 Davidson iteration 1.6 (tol=1.36322670789883e-05): -147.3592129862863 -146.9510465140555 -145.7978739750652 -144.9016139283281
 Davidson iteration 1.7 (tol=4.822188505302074e-06): -147.3592129863431 -146.9638428396236 -146.132324467995 -144.9383757504336
 Elapsed time for davidson 24.972204 (sec) 
 Elapsed time for diagonalization 24.972399 (sec) 
 Elapsed time for mult 0.721214 (sec) 
 Energy = -147.3592129863426
 Elapsed time for measurement 0.037312 (sec) 
 Sample-based diagonalization: Energy = -147.3592129863426
 Sample-based diagonalization: density = [1.999996974576527,1.997316325260711,1.992229022664342,1.994283738708397,1.989024481642801,1.985045714391083,1.996167467184463,1.977199485137269,1.951822796890396,1.98318265965196,1.931280704051562,0.1134834812094454,0.0147152988360655,0.01104359648832554,0.01785354284966555,0.02338077110244818,0.02197393914190902
 Sample-based diagonalization: carryover bitstrings = [], size = 0
