 Elapsed time for helper construction 1.458078 (sec) 
 Elapsed time for init 0.048539 (sec) 
 Elapsed time for makeQChamDiagTerms 17.273977 (sec) 
 Davidson iteration 0.0 (tol=0.6403723992184721): -151.5967512526693
 Davidson iteration 0.1 (tol=0.1590833313318171): -151.779845655371 -149.6325193206047
 Davidson iteration 0.2 (tol=0.04239279238412744): -151.7895851163819 -149.9646328663354 -149.5008864444073
 Davidson iteration 0.3 (tol=0.01153647928682894): -151.7902885828422 -150.0734359010658 -149.708388074637 -149.5002610030278
 Davidson iteration 0.4 (tol=0.003632575359431319): -151.7903550418567 -150.6311668432069 -149.7754280628174 -149.5773545660998
 Davidson iteration 0.5 (tol=0.001280152178595003): -151.7903615829398 -151.016798772376 -149.8918667200319 -149.6995569929322
 Davidson iteration 0.6 (tol=0.0004110943877011894): -151.7903623231277 -151.1291789032179 -150.1791487949906 -149.7363040178133
 Davidson iteration 0.7 (tol=0.0001457554322918824): -151.7903624039967 -151.2236243137026 -150.4644803310593 -149.9757151243672
 Davidson iteration 1.0 (tol=0.000145755432291317): -151.7903624039994
 Davidson iteration 1.1 (tol=6.530256683734658e-05): -151.7903624140649 -150.457873314833
 Davidson iteration 1.2 (tol=3.523447347519017e-05): -151.7903624175072 -151.2990789555119 -149.4133478724016
 Davidson iteration 1.3 (tol=1.150350108409238e-05): -151.7903624180378 -151.4448495211389 -149.4662135134457 -149.012949136141
 Davidson iteration 1.4 (tol=3.522866383003159e-06): -151.7903624180957 -151.4730150045491 -149.9357365735164 -149.4327964508113
 Elapsed time for davidson 65.139048 (sec) 
 Elapsed time for diagonalization 65.14576099999999 (sec) 
 Elapsed time for mult 1.76348 (sec) 
 Energy = -151.7903624180946
 Elapsed time for measurement 0.157213 (sec) 
 Sample-based diagonalization: Energy = -151.7903624180946
 Sample-based diagonalization: density = [1.999973197871254,1.994314481809086,1.991873508884812,1.98827934657419,1.986877994720418,1.986570244364761,1.985862477970068,1.982402919043305,1.991687054781055,1.980435446770245,1.954964090709979,1.99187476497394,1.988521950272939,1.985564292386941,0.05147695609506314,0.01137815700530444,0.02067015469860835,0.02046226156650465,0.01091476806242902,0.01720622561874749,0.01004711791414608,0.009512654175599905,0.01376695782450112,0.01113656906191778,0.01422640640757306
 Sample-based diagonalization: carryover bitstrings = [], size = 0
