 Elapsed time for helper construction 0.61818 (sec) 
 Elapsed time for init 0.006242999999999999 (sec) 
 Elapsed time for makeQChamDiagTerms 2.586296 (sec) 
 Davidson iteration 0.0 (tol=0.5602925936708049): -147.5339106723027
 Davidson iteration 0.1 (tol=0.2489876125434868): -147.6685615574153 -145.6266976772699
 Davidson iteration 0.2 (tol=0.1125104140583447): -147.6875653954487 -146.0750318551316 -144.8326341571669
 Davidson iteration 0.3 (tol=0.04303182409068895): -147.6915922769752 -146.2734165793583 -145.1360489031559 -144.561222187506
 Davidson iteration 0.4 (tol=0.01806063026402241): -147.6921074737132 -146.4705779488587 -145.4448843643466 -144.8276935607728
 Davidson iteration 0.5 (tol=0.006794988956561222): -147.6922176935554 -146.7581970197425 -145.6094538905908 -145.144771044466
 Davidson iteration 0.6 (tol=0.003178501125996233): -147.69223162629 -146.8698852004787 -145.7748988293792 -145.1505970886403
 Davidson iteration 0.7 (tol=0.001275347199272209): -147.692234230724 -146.9407850377939 -146.0493540207623 -145.3051903832709
 Davidson iteration 1.0 (tol=0.001275347199269526): -147.6922342307229
 Davidson iteration 1.1 (tol=0.0006596736285131068): -147.6922346661479 -145.3809137299681
 Davidson iteration 1.2 (tol=0.0003376797095344416): -147.6922348172373 -146.5719192716321 -143.195964621466
 Davidson iteration 1.3 (tol=0.000147311560687063): -147.6922348569738 -146.9853863216252 -144.9294958846585 -142.3377238347535
 Davidson iteration 1.4 (tol=7.005774456107894e-05): -147.6922348632314 -147.1293222022378 -145.0773463031978 -144.5697913678669
 Davidson iteration 1.5 (tol=2.922904679175054e-05): -147.6922348645926 -147.1963191916796 -145.5658958977139 -144.9133107246557
 Davidson iteration 1.6 (tol=1.308727667936134e-05): -147.6922348648484 -147.2409129856081 -146.1284592163711 -145.3414193091586
 Davidson iteration 1.7 (tol=4.734186630707167e-06): -147.6922348648961 -147.2558486751591 -146.4418072032989 -145.3673036835729
 Elapsed time for davidson 21.855184 (sec) 
 Elapsed time for diagonalization 21.855385 (sec) 
 Elapsed time for mult 0.5926509999999999 (sec) 
 Energy = -147.6922348648968
 Elapsed time for measurement 0.032782 (sec) 
 Sample-based diagonalization: Energy = -147.6922348648968
 Sample-based diagonalization: density = [1.999997011495322,1.997102858456391,1.992188671978887,1.994629415685373,1.987135235260133,1.984066888972307,1.996781735133906,1.966536592342607,1.969356321204224,1.981459779001771,1.931070279790371,0.1096387330427742,0.008576177867355751,0.01943602369128533,0.02062306237884211,0.02001464765274796,0.02138656587480709
 Sample-based diagonalization: carryover bitstrings = [], size = 0
