 Elapsed time for helper construction 1.304252 (sec) 
 Elapsed time for init 0.045456 (sec) 
 Elapsed time for makeQChamDiagTerms 14.844758 (sec) 
 Davidson iteration 0.0 (tol=0.5988562612432953): -163.5420872089279
 Davidson iteration 0.1 (tol=0.1567919842674551): -163.7062692426965 -161.6905927456177
 Davidson iteration 0.2 (tol=0.04180015567655638): -163.7164964035568 -162.0363365496389 -161.5418456325733
 Davidson iteration 0.3 (tol=0.009359069529188359): -163.7172608753295 -162.1120305078787 -161.8069561817742 -161.493797308959
 Davidson iteration 0.4 (tol=0.002945011452631616): -163.7173018666471 -162.5137648500227 -161.824604421259 -161.5601606832437
 Davidson iteration 0.5 (tol=0.0009663111820121566): -163.7173060939128 -162.7588746147898 -162.0237180661135 -161.7341273821571
 Davidson iteration 0.6 (tol=0.0002603214902273559): -163.7173065179655 -162.882499941415 -162.0851638814331 -161.8445284525042
 Davidson iteration 0.7 (tol=7.716955540824783e-05): -163.7173065490958 -162.9642327501564 -162.2885282215143 -161.9555216677115
 Davidson iteration 1.0 (tol=7.716955540799273e-05): -163.717306549096
 Davidson iteration 1.1 (tol=2.597023104716602e-05): -163.717306551688 -161.9936973842377
 Davidson iteration 1.2 (tol=9.064602721589186e-06): -163.7173065521266 -162.7441990455752 -161.7132562846527
 Elapsed time for davidson 48.547476 (sec) 
 Elapsed time for diagonalization 48.548992 (sec) 
 Elapsed time for mult 1.287947 (sec) 
 Energy = -163.7173065521256
 Elapsed time for measurement 0.126557 (sec) 
 Sample-based diagonalization: Energy = -163.7173065521256
 Sample-based diagonalization: density = [1.999976993506302,1.995025300728142,1.994762789636757,1.992539007870854,1.989043579249783,1.991978643414169,1.990028917255403,1.982073955020224,1.986040138484048,1.986338172516227,1.971068503195028,1.992457507809396,1.990114157568322,1.952825552959133,0.08111541565462502,0.01187885737485665,0.00642957143003755,0.01388935678523798,0.01044622941505577,0.01030561987258919,0.003197637197012735,0.01183422849844603,0.01255702254320763,0.01034171943093264,0.01373112233409261
 Sample-based diagonalization: carryover bitstrings = [], size = 0
