 Elapsed time for helper construction 1.110988 (sec) 
 Elapsed time for init 0.018424 (sec) 
 Elapsed time for makeQChamDiagTerms 14.144316 (sec) 
 Davidson iteration 0.0 (tol=0.475053978513232): -160.5137239834046
 Davidson iteration 0.1 (tol=0.08543357304053145): -160.6416282377535 -159.1217746832208
 Davidson iteration 0.2 (tol=0.0186732598639662): -160.6455184784987 -159.239767097522 -159.0661392810436
 Davidson iteration 0.3 (tol=0.004500181205740691): -160.6457109214798 -159.3837435933249 -159.0674952190078 -159.0079722633281
 Davidson iteration 0.4 (tol=0.001219946873605174): -160.6457242819439 -159.7626658158878 -159.0795369230972 -159.0663606994647
 Davidson iteration 0.5 (tol=0.0003346988508602469): -160.6457252671576 -159.9525160859103 -159.3667447315095 -159.066369001598
 Davidson iteration 0.6 (tol=9.350228814550537e-05): -160.6457253439966 -160.0649699447271 -159.502095961453 -159.3382484989204
 Davidson iteration 0.7 (tol=2.779265774457527e-05): -160.6457253501665 -160.1426600908209 -159.7249047684188 -159.463128189677
 Davidson iteration 1.0 (tol=2.779265774357963e-05): -160.645725350167
 Davidson iteration 1.1 (tol=8.768606799618363e-06): -160.6457253506104 -159.3946082209838
 Elapsed time for davidson 34.930715 (sec) 
 Elapsed time for diagonalization 34.930975 (sec) 
 Elapsed time for mult 0.6455299999999999 (sec) 
 Energy = -160.6457253506101
 Elapsed time for measurement 0.116919 (sec) 
 Sample-based diagonalization: Energy = -160.6457253506101
 Sample-based diagonalization: density = [1.999991729223486,1.999631795627682,1.995679062984613,1.996019647059422,1.989589177566944,1.992648573183547,1.990260724542253,1.997438652627291,1.989161889429029,1.990098336945223,1.989685434426358,1.981070837766598,1.961949537689349,1.948024569751115,0.04142215558677559,0.04493812009832778,0.03658077285213002,0.01039912716719032,0.01053017164589264,0.007025952411360089,0.004741425167790126,0.003290618264593543,0.005203274187148546,0.007768641205600006,0.003219447987669505,0.003630324486326057
 Sample-based diagonalization: carryover bitstrings = [], size = 0
