 Elapsed time for helper construction 0.981371 (sec) 
 Elapsed time for init 0.032616 (sec) 
 Elapsed time for makeQChamDiagTerms 8.857389 (sec) 
 Davidson iteration 0.0 (tol=0.6450633591897602): -126.877017273905
 Davidson iteration 0.1 (tol=0.1181978841150222): -127.0684362849756 -124.7879319338608
 Davidson iteration 0.2 (tol=0.01998951294498764): -127.0734824219229 -124.9972639735127 -124.342026465475
 Davidson iteration 0.3 (tol=0.005079363322644181): -127.0736369555474 -125.1786989269965 -124.7092148074004 -124.2330153475769
 Davidson iteration 0.4 (tol=0.001319659328958363): -127.0736470504644 -125.418970279961 -124.8414949883449 -124.3380178901082
 Davidson iteration 0.5 (tol=0.0002990556484758332): -127.0736476458449 -125.5685470156559 -124.9254760678631 -124.3702449185144
 Davidson iteration 0.6 (tol=6.901521661877297e-05): -127.0736476751526 -125.6278020914422 -125.0138435354581 -124.5466307421474
 Davidson iteration 0.7 (tol=1.655296104941253e-05): -127.0736476767529 -125.6471191727027 -125.1174842708866 -124.7128629085428
 Davidson iteration 1.0 (tol=1.655296104942611e-05): -127.0736476767537
 Davidson iteration 1.1 (tol=5.297030524749238e-06): -127.0736476768446 -124.3802430183174
 Elapsed time for davidson 32.759247 (sec) 
 Elapsed time for diagonalization 32.767906 (sec) 
 Elapsed time for mult 0.838156 (sec) 
 Energy = -127.0736476768446
 Elapsed time for measurement 0.077596 (sec) 
 Sample-based diagonalization: Energy = -127.0736476768446
 Sample-based diagonalization: density = [1.999977139737747,1.991093824393281,1.989412772772415,1.986687031752477,1.987551027720472,1.983505794549716,1.981612568175571,1.982188268074963,1.983462445898471,1.977874173116075,1.977958339378586,1.978640419794826,0.01780007324786245,0.01732875734708634,0.01218131375553168,0.01633635329616896,0.01495891982990238,0.01600502254841243,0.01618042324053508,0.01335759416262289,0.01366202894614644,0.01382330343552597,0.01426453045086905,0.01413787411274449
 Sample-based diagonalization: carryover bitstrings = [], size = 0
