 Elapsed time for helper construction 0.33633 (sec) 
 Elapsed time for init 0.00314 (sec) 
 Elapsed time for makeQChamDiagTerms 1.385478 (sec) 
 Davidson iteration 0.0 (tol=0.5328268890986262): -89.40442180652467
 Davidson iteration 0.1 (tol=0.1808914319593783): -89.53049627355132 -87.25718083366057
 Davidson iteration 0.2 (tol=0.04269802678731544): -89.54113095309005 -87.68353404540294 -86.17835330189089
 Davidson iteration 0.3 (tol=0.01115904545720947): -89.54163548064194 -87.77643101519085 -86.60033842538208 -85.8908246895205
 Davidson iteration 0.4 (tol=0.003190435859222294): -89.54167209031142 -87.85126362224611 -87.01349701054117 -86.12920291670773
 Davidson iteration 0.5 (tol=0.001035154749479676): -89.5416751115709 -87.94945395115847 -87.39076162701254 -86.17970934181254
 Davidson iteration 0.6 (tol=0.0002899269051642147): -89.54167541370755 -88.04054527529034 -87.60066911496527 -86.59127739273895
 Davidson iteration 0.7 (tol=7.881926946489014e-05): -89.54167543802822 -88.09324725971565 -87.7245575238428 -86.9120308320021
 Davidson iteration 1.0 (tol=7.881926946488733e-05): -89.54167543802777
 Davidson iteration 1.1 (tol=2.783445618176115e-05): -89.54167543957462 -86.08425355319027
 Davidson iteration 1.2 (tol=9.51216818706277e-06): -89.54167543983266 -87.51748205316672 -85.01250645999046
 Elapsed time for davidson 9.080482999999999 (sec) 
 Elapsed time for diagonalization 9.080549 (sec) 
 Elapsed time for mult 0.408112 (sec) 
 Energy = -89.54167543983223
 Elapsed time for measurement 0.019011 (sec) 
 Sample-based diagonalization: Energy = -89.54167543983223
 Sample-based diagonalization: density = [1.999966046272888,1.989596711317985,1.986610534299013,1.989505758691192,1.980413312645515,1.978925609596744,1.978168637280586,1.976743837495006,1.977698134102507,0.02056355094215064,0.01584389075183081,0.02063348859649667,0.01959389766729696,0.0178700697720875,0.01835546825882706,0.01688495248450667,0.01262609978312035
 Sample-based diagonalization: carryover bitstrings = [], size = 0
