 Elapsed time for helper construction 1.312836 (sec) 
 Elapsed time for init 0.045028 (sec) 
 Elapsed time for makeQChamDiagTerms 13.663825 (sec) 
 Davidson iteration 0.0 (tol=0.639501460222479): -138.9675539746238
 Davidson iteration 0.1 (tol=0.1562665069143543): -139.1502423990986 -136.9617572582338
 Davidson iteration 0.2 (tol=0.04454049798486839): -139.1595458788175 -137.3372156669246 -136.7823526769416
 Davidson iteration 0.3 (tol=0.01210061808676173): -139.1603013100932 -137.4838740463961 -136.8947600179621 -136.7768322510313
 Davidson iteration 0.4 (tol=0.003778618977693069): -139.1603666019966 -137.8859232358494 -136.9298093068354 -136.8912793744206
 Davidson iteration 0.5 (tol=0.001309320180079893): -139.1603733147847 -138.2908670595531 -137.0737073974537 -136.9170183655015
 Davidson iteration 0.6 (tol=0.0004105887902310541): -139.1603740165411 -138.4198353286888 -137.325595944315 -136.9618757871032
 Davidson iteration 0.7 (tol=0.0001322449833533648): -139.1603740815298 -138.4677979395723 -137.5055408413912 -137.0028825499739
 Davidson iteration 1.0 (tol=0.0001322449833532098): -139.1603740815293
 Davidson iteration 1.1 (tol=5.222477073212717e-05): -139.1603740881366 -137.2199525270503
 Davidson iteration 1.2 (tol=2.032713500431482e-05): -139.1603740895445 -138.1378940158235 -136.1408833600516
 Davidson iteration 1.3 (tol=7.243355245325743e-06): -139.1603740897292 -138.4786878050595 -136.8617490510241 -135.8291970307234
 Elapsed time for davidson 49.657497 (sec) 
 Elapsed time for diagonalization 49.67308999999999 (sec) 
 Elapsed time for mult 1.618055 (sec) 
 Energy = -139.1603740897307
 Elapsed time for measurement 0.112684 (sec) 
 Sample-based diagonalization: Energy = -139.1603740897307
 Sample-based diagonalization: density = [1.999975509709306,1.993630764313005,1.991390066288797,1.988070981423118,1.985605111110534,1.986033601523908,1.981718209203865,1.981132168954013,1.977743801645969,1.959328776093874,1.991599183988016,1.989932584550269,1.985452574435077,0.04644194018065499,0.01060474179334042,0.01785211362675691,0.02062029298477924,0.01812749545453236,0.01474216839602711,0.01312237810512946,0.01260177946320887,0.01212261276694519,0.01044131766627256,0.01170982597984619
 Sample-based diagonalization: carryover bitstrings = [], size = 0
