 Elapsed time for helper construction 1.159693 (sec) 
 Elapsed time for init 0.038774 (sec) 
 Elapsed time for makeQChamDiagTerms 11.298984 (sec) 
 Davidson iteration 0.0 (tol=0.6702789029977964): -157.6242247312259
 Davidson iteration 0.1 (tol=0.2075626326853843): -157.8207083324184 -155.7150145983294
 Davidson iteration 0.2 (tol=0.06686760117569228): -157.8358926992261 -155.9335910100153 -155.4254430207542
 Davidson iteration 0.3 (tol=0.01718444400945495): -157.8375316451504 -156.0479542341064 -155.4854606121183 -155.360742889945
 Davidson iteration 0.4 (tol=0.006267805902094995): -157.8376498443263 -156.4642471123258 -155.551063164604 -155.4085688309972
 Davidson iteration 0.5 (tol=0.002205266250293362): -157.8376658864059 -156.8572017838596 -155.6729675318487 -155.5112569673243
 Davidson iteration 0.6 (tol=0.0007526411088344473): -157.837667903922 -157.0217426560946 -155.8259363974066 -155.6278673403577
 Davidson iteration 0.7 (tol=0.0002605096516263257): -157.8376681392413 -157.1095362331725 -156.2724292810592 -155.7199154269193
 Davidson iteration 1.0 (tol=0.0002605096516241557): -157.8376681392435
 Davidson iteration 1.1 (tol=9.87384283169753e-05): -157.8376681644532 -155.9829855242525
 Davidson iteration 1.2 (tol=4.317262170170782e-05): -157.8376681700621 -156.900358587662 -155.7351495663195
 Davidson iteration 1.3 (tol=1.572019216487337e-05): -157.8376681708407 -157.1532922297159 -155.8042883944036 -155.2907156999285
 Davidson iteration 1.4 (tol=6.673351808291111e-06): -157.8376681709566 -157.3335822941987 -155.9104090171182 -155.6966781767601
 Elapsed time for davidson 46.693602 (sec) 
 Elapsed time for diagonalization 46.694933 (sec) 
 Elapsed time for mult 1.124643 (sec) 
 Energy = -157.8376681709566
 Elapsed time for measurement 0.09784899999999999 (sec) 
 Sample-based diagonalization: Energy = -157.8376681709566
 Sample-based diagonalization: density = [1.99997364830129,1.993567893232818,1.993306182115083,1.990724419656069,1.986567643754451,1.984895368675528,1.984410426541088,1.980685614215331,1.983962278769913,1.982956228622701,1.972695005598431,1.987449068012791,1.94008893150515,0.08694589086716253,0.0109573163552336,0.0117996902951649,0.01396721525467504,0.01582304421943711,0.01646277794612225,0.01242281472987235,0.0182612222585525,0.01626413121703148,0.01581318756530294
 Sample-based diagonalization: carryover bitstrings = [], size = 0
