 Elapsed time for helper construction 1.50236 (sec) 
 Elapsed time for init 0.055623 (sec) 
 Elapsed time for makeQChamDiagTerms 17.337945 (sec) 
 Davidson iteration 0.0 (tol=0.6972098329563082): -164.4361881936618
 Davidson iteration 0.1 (tol=0.2529240524727275): -164.6423904119702 -162.4599281653848
 Davidson iteration 0.2 (tol=0.08832074818173613): -164.6639123781054 -162.7595007076428 -162.0750462970541
 Davidson iteration 0.3 (tol=0.02587542740145371): -164.6667114623431 -162.9127750841646 -162.2251501979255 -162.0393671970366
 Davidson iteration 0.4 (tol=0.01086908522449326): -164.666988638755 -163.3805856953127 -162.2757148333468 -162.1015344299628
 Davidson iteration 0.5 (tol=0.004164964954431204): -164.6670385343507 -163.7935265315528 -162.457416714374 -162.2526934960503
 Davidson iteration 0.6 (tol=0.001458556825275028): -164.6670455062317 -163.9368344567771 -162.6218466901434 -162.339253663344
 Davidson iteration 0.7 (tol=0.0005159720510993435): -164.6670462962203 -163.9809687816056 -162.8924567150561 -162.3935867413171
 Davidson iteration 1.0 (tol=0.0005159720511224722): -164.6670462962198
 Davidson iteration 1.1 (tol=0.0002228725907129872): -164.6670463915018 -162.8794852905795
 Davidson iteration 1.2 (tol=8.786868031781651e-05): -164.667046415155 -163.4757801178995 -162.1117158376703
 Davidson iteration 1.3 (tol=3.388724027780966e-05): -164.6670464182636 -163.8348423217915 -162.1518835684699 -161.9667572482541
 Davidson iteration 1.4 (tol=1.426958555966816e-05): -164.6670464187364 -163.9888668062893 -162.4593055712334 -162.1197895210911
 Davidson iteration 1.5 (tol=5.827578795300763e-06): -164.6670464188292 -164.1234244729002 -163.1885682257435 -162.1897504020852
 Elapsed time for davidson 78.937364 (sec) 
 Elapsed time for diagonalization 78.939717 (sec) 
 Elapsed time for mult 2.119244 (sec) 
 Energy = -164.6670464188291
 Elapsed time for measurement 0.177181 (sec) 
 Sample-based diagonalization: Energy = -164.6670464188291
 Sample-based diagonalization: density = [1.99997684975403,1.992969505956441,1.994120234361481,1.990251497782248,1.985837529778366,1.985825746219866,1.984319814637936,1.982127867758934,1.982686856534005,1.976850083672444,1.974142706355561,1.991575210344341,1.985583897276178,1.934570939972091,0.09193862079964871,0.006739762652910907,0.02189388974050489,0.01872444266840314,0.008143940816334405,0.01135595200293234,0.01876536161674907,0.01261452787062396,0.01523095564577898,0.01748610380798123,0.01626770149394884
 Sample-based diagonalization: carryover bitstrings = [], size = 0
