 Elapsed time for helper construction 1.392719 (sec) 
 Elapsed time for init 0.021697 (sec) 
 Elapsed time for makeQChamDiagTerms 13.265793 (sec) 
 Davidson iteration 0.0 (tol=0.6481858853157003): -153.854228694086
 Davidson iteration 0.1 (tol=0.2056302490486558): -154.0409312765532 -151.9300097773649
 Davidson iteration 0.2 (tol=0.06889397339486268): -154.0556253680487 -152.2110257903699 -151.5033578912344
 Davidson iteration 0.3 (tol=0.01797332936121355): -154.057318042683 -152.3810921747859 -151.532720194495 -151.402994724144
 Davidson iteration 0.4 (tol=0.006525823232567187): -154.0574473009746 -152.7324746701578 -151.6819629111302 -151.4797544461299
 Davidson iteration 0.5 (tol=0.002318750927080704): -154.0574643090675 -153.0840115189387 -151.9065714358798 -151.5220862876745
 Davidson iteration 0.6 (tol=0.0008030052163980353): -154.0574664560481 -153.2368514911073 -152.0732444231902 -151.6004237598634
 Davidson iteration 0.7 (tol=0.0003089524820059947): -154.05746674764 -153.3408285155088 -152.5632271284934 -151.9145721981717
 Davidson iteration 1.0 (tol=0.0003089524820149517): -154.0574667476379
 Davidson iteration 1.1 (tol=0.0001225332593607081): -154.0574667833773 -152.0747628931653
 Davidson iteration 1.2 (tol=6.004267372856712e-05): -154.0574667928538 -153.2373395924518 -151.685640078569
 Davidson iteration 1.3 (tol=2.146429185276962e-05): -154.0574667942913 -153.4498583369622 -151.7455493161478 -151.2825299360776
 Davidson iteration 1.4 (tol=8.130118921382746e-06): -154.0574667944772 -153.5574447704083 -151.8921815521166 -151.6729618945479
 Elapsed time for davidson 49.988502 (sec) 
 Elapsed time for diagonalization 49.993323 (sec) 
 Elapsed time for mult 1.143991 (sec) 
 Energy = -154.0574667944825
 Elapsed time for measurement 0.118671 (sec) 
 Sample-based diagonalization: Energy = -154.0574667944825
 Sample-based diagonalization: density = [1.999989257819239,1.991284473336973,1.990718431798025,1.991216542661976,1.985029046779883,1.982818685205136,1.984730092214436,1.985705618097031,1.984824923259643,1.990930927676428,1.964826234427459,1.987738299562124,1.945199367787918,0.08978372606005487,0.01020085338458805,0.01503480608003904,0.01663014454526605,0.01477896860085374,0.0138494154121462,0.01048795681317591,0.01307587209704273,0.01645596424560632,0.01469039177747699
 Sample-based diagonalization: carryover bitstrings = [], size = 0
