 Elapsed time for helper construction 0.267375 (sec) 
 Elapsed time for init 0.003341 (sec) 
 Elapsed time for makeQChamDiagTerms 0.8580179999999999 (sec) 
 Davidson iteration 0.0 (tol=0.6032729074585714): -111.1218828878995
 Davidson iteration 0.1 (tol=0.2657964419228735): -111.2732709284867 -109.0489091424606
 Davidson iteration 0.2 (tol=0.1211330212993336): -111.293625766747 -109.5190619994068 -108.0797272359809
 Davidson iteration 0.3 (tol=0.04547045670863735): -111.297871485206 -109.7602732635562 -108.3643944125729 -107.6818257530027
 Davidson iteration 0.4 (tol=0.01966288113765748): -111.2984229645627 -109.9921001984914 -108.7732306164717 -107.9253404531243
 Davidson iteration 0.5 (tol=0.008558307830663281): -111.2985374076952 -110.3076601647533 -109.1348868139419 -108.1404791050214
 Davidson iteration 0.6 (tol=0.004137237260197704): -111.298560382355 -110.5244336855962 -109.3891443513023 -108.2591918232648
 Davidson iteration 0.7 (tol=0.001822922397478211): -111.2985656831829 -110.6824187401967 -109.6847630451201 -108.6767119293562
 Davidson iteration 1.0 (tol=0.001822922397473089): -111.2985656831831
 Davidson iteration 1.1 (tol=0.0008175969765899734): -111.2985665305375 -108.4691216630611
 Davidson iteration 1.2 (tol=0.0004699542800017563): -111.2985667969207 -110.2169660109736 -107.7145440195387
 Davidson iteration 1.3 (tol=0.0002316267069436465): -111.2985668647741 -110.6650398315954 -107.8812658285365 -106.711047682131
 Davidson iteration 1.4 (tol=0.0001011869940986565): -111.2985668795029 -110.7929406360162 -108.0611176927632 -107.7047569981623
 Davidson iteration 1.5 (tol=4.103536452596224e-05): -111.2985668825489 -110.867055664576 -109.0100902467348 -107.9832699899446
 Davidson iteration 1.6 (tol=1.719565705682413e-05): -111.2985668830214 -110.8883266840594 -109.5366293355668 -108.2346292060708
 Davidson iteration 1.7 (tol=5.544630761678314e-06): -111.2985668831071 -110.900429765601 -109.915700509183 -108.3195769690224
 Elapsed time for davidson 9.026062999999999 (sec) 
 Elapsed time for diagonalization 9.026111999999999 (sec) 
 Elapsed time for mult 0.280001 (sec) 
 Energy = -111.2985668831068
 Elapsed time for measurement 0.013127 (sec) 
 Sample-based diagonalization: Energy = -111.2985668831068
 Sample-based diagonalization: density = [1.999987381586545,1.98915427835315,1.986347776274023,1.98111761263598,1.976320063937997,1.976520125895097,1.957229537566638,1.981362561850903,1.944781515221922,0.09491358192639357,0.02538613137084386,0.02516241876404719,0.02153880235479183,0.02237316459137091,0.01780504762987955
 Sample-based diagonalization: carryover bitstrings = [], size = 0
