 Elapsed time for helper construction 0.5341129999999999 (sec) 
 Elapsed time for init 0.017508 (sec) 
 Elapsed time for makeQChamDiagTerms 2.775935 (sec) 
 Davidson iteration 0.0 (tol=0.53980357653446): -89.4802781197087
 Davidson iteration 0.1 (tol=0.1586380643855017): -89.61594497639454 -87.42871564636553
 Davidson iteration 0.2 (tol=0.03221637088319824): -89.62466577040222 -87.77576888922431 -86.60005828154929
 Davidson iteration 0.3 (tol=0.007925727598571361): -89.62499139985759 -87.87574117636879 -86.97221190765424 -86.42359386177129
 Davidson iteration 0.4 (tol=0.002214142095246412): -89.62501243199891 -87.98008736156385 -87.33233730189639 -86.58903856409987
 Davidson iteration 0.5 (tol=0.000653447772684115): -89.62501402939959 -88.12772745212781 -87.60389844621668 -86.59524541496671
 Davidson iteration 0.6 (tol=0.0001650706597170859): -89.62501415791161 -88.23188754451594 -87.72471757943482 -86.8584036407828
 Davidson iteration 0.7 (tol=4.176437300867943e-05): -89.62501416635557 -88.28006788030333 -87.81615994713634 -87.16147740283112
 Davidson iteration 1.0 (tol=4.176437300922593e-05): -89.62501416635523
 Davidson iteration 1.1 (tol=1.404962690603109e-05): -89.62501416686408 -86.76136577919178
 Davidson iteration 1.2 (tol=4.39583844329032e-06): -89.62501416693623 -87.79659469620661 -85.82509948368028
 Elapsed time for davidson 18.991552 (sec) 
 Elapsed time for diagonalization 18.992407 (sec) 
 Elapsed time for mult 0.6366609999999999 (sec) 
 Energy = -89.62501416693685
 Elapsed time for measurement 0.036187 (sec) 
 Sample-based diagonalization: Energy = -89.62501416693685
 Sample-based diagonalization: density = [1.999967695277171,1.987710711002506,1.985837837288305,1.98593712715369,1.981054419100095,1.981013298080868,1.977082578764535,1.97591782210168,1.976219423842458,0.02036860640673999,0.02070692201756713,0.01967171045879169,0.0144892154503003,0.01240940714624329,0.01783897772091512,0.01357030766595346,0.01554469521412898,0.01465924517978015
 Sample-based diagonalization: carryover bitstrings = [], size = 0
