 Elapsed time for helper construction 0.484164 (sec) 
 Elapsed time for init 0.003648 (sec) 
 Elapsed time for makeQChamDiagTerms 2.172047 (sec) 
 Davidson iteration 0.0 (tol=0.537320877649117): -148.3060843403417
 Davidson iteration 0.1 (tol=0.2290283966968491): -148.429523101221 -146.3535618285658
 Davidson iteration 0.2 (tol=0.1000180243037526): -148.4455212258768 -146.7995373690244 -145.4969493600535
 Davidson iteration 0.3 (tol=0.03679175712964199): -148.448711166336 -147.0362071716465 -145.8645402805942 -145.2489187071476
 Davidson iteration 0.4 (tol=0.01476733767081369): -148.4490976085078 -147.2400863583947 -146.1687363661339 -145.505230954364
 Davidson iteration 0.5 (tol=0.005699175175439749): -148.4491784736101 -147.57243526994 -146.4646249965368 -145.796963200297
 Davidson iteration 0.6 (tol=0.00257888108332945): -148.4491890826095 -147.704912707631 -146.6243053065564 -145.8054229453937
 Davidson iteration 0.7 (tol=0.001115389071519987): -148.4491912655477 -147.8232371613169 -146.9726671235872 -146.1024455235949
 Davidson iteration 1.0 (tol=0.00111538907152103): -148.4491912655468
 Davidson iteration 1.1 (tol=0.0005514479634971827): -148.4491916062271 -146.0357119055335
 Davidson iteration 1.2 (tol=0.0002781004350217046): -148.4491917200891 -147.4455946519022 -144.1283685890314
 Davidson iteration 1.3 (tol=0.0001213077304973097): -148.4491917476378 -147.856049794116 -145.4871020444553 -143.5725491080002
 Davidson iteration 1.4 (tol=5.207756877688176e-05): -148.449191751963 -147.9593010026311 -145.5011216358013 -145.4002199302128
 Davidson iteration 1.5 (tol=2.133534288902265e-05): -148.4491917528359 -148.0381292305443 -146.5202845153715 -145.4780697342217
 Davidson iteration 1.6 (tol=9.529319133913053e-06): -148.4491917529831 -148.079497387129 -147.1013911012521 -145.8140662620722
 Elapsed time for davidson 14.618305 (sec) 
 Elapsed time for diagonalization 14.618398 (sec) 
 Elapsed time for mult 0.472653 (sec) 
 Energy = -148.4491917529835
 Elapsed time for measurement 0.023342 (sec) 
 Sample-based diagonalization: Energy = -148.4491917529835
 Sample-based diagonalization: density = [1.99999679012478,1.998037197636843,1.992587303510948,1.990581298230595,1.991180093606585,1.989885574349145,1.991938662898446,1.980665328073955,1.962010059961426,1.98237336169964,1.94383560045151,0.1012283648907915,0.01360394463207107,0.01529238635319805,0.004041985104611439,0.02497559360635482,0.01776645475054811
 Sample-based diagonalization: carryover bitstrings = [], size = 0
