 Elapsed time for helper construction 1.687751 (sec) 
 Elapsed time for init 0.023936 (sec) 
 Elapsed time for makeQChamDiagTerms 17.815588 (sec) 
 Davidson iteration 0.0 (tol=0.6991253419122808): -164.5482946668577
 Davidson iteration 0.1 (tol=0.2685264601179781): -164.7491951769049 -162.4880691775793
 Davidson iteration 0.2 (tol=0.1009085269471671): -164.7711697416813 -162.7920537912546 -161.8471516554348
 Davidson iteration 0.3 (tol=0.03099427938941048): -164.7744601410403 -162.996249529793 -162.0742531759602 -161.7198050534013
 Davidson iteration 0.4 (tol=0.01352465549074033): -164.7748224078051 -163.4481954506722 -162.293771286135 -161.864527343395
 Davidson iteration 0.5 (tol=0.005857144961937476): -164.7748979089658 -163.9209034216657 -162.5655099442828 -162.0532646158403
 Davidson iteration 0.6 (tol=0.002325199945561188): -164.7749109126921 -164.067892098014 -162.7139723632493 -162.1602745476718
 Davidson iteration 0.7 (tol=0.0009818076870213555): -164.7749131049455 -164.1688371502352 -163.2934821745658 -162.4456666261331
 Davidson iteration 1.0 (tol=0.0009818076870481793): -164.7749131049446
 Davidson iteration 1.1 (tol=0.0004062892573313343): -164.7749134350481 -162.6397057162127
 Davidson iteration 1.2 (tol=0.0002204450073513415): -164.774913532013 -163.930909583674 -162.2937132586495
 Davidson iteration 1.3 (tol=9.116410434658817e-05): -164.7749135498305 -164.1517482744997 -162.2954643276763 -161.8298452829215
 Davidson iteration 1.4 (tol=4.148703191660422e-05): -164.7749135531328 -164.2828798302114 -162.5268408061088 -162.204165155203
 Davidson iteration 1.5 (tol=1.690065620690682e-05): -164.7749135538086 -164.3379091463597 -163.2625037985852 -162.2745912248691
 Davidson iteration 1.6 (tol=6.30886707160084e-06): -164.774913553902 -164.363980198293 -163.5310297916362 -162.5663480413013
 Elapsed time for davidson 80.018061 (sec) 
 Elapsed time for diagonalization 80.01822299999999 (sec) 
 Elapsed time for mult 2.095815 (sec) 
 Energy = -164.7749135539031
 Elapsed time for measurement 0.155582 (sec) 
 Sample-based diagonalization: Energy = -164.7749135539031
 Sample-based diagonalization: density = [1.999974656129202,1.993880675208223,1.99273396304413,1.991483314756089,1.986754168960239,1.985907619857598,1.984180759093831,1.982599765492207,1.982681256339504,1.981755057338499,1.966019302294605,1.994380089536358,1.983812777895243,1.939184118164521,0.09391327323320475,0.007580804038999609,0.01623458392046422,0.01772412728051945,0.0170936804466255,0.01626600569404588,0.01366546864440049,0.002867527388765615,0.01393326202894105,0.01843901710186173,0.01693472552811669
 Sample-based diagonalization: carryover bitstrings = [], size = 0
