 Elapsed time for helper construction 0.382585 (sec) 
 Elapsed time for init 0.008544 (sec) 
 Elapsed time for makeQChamDiagTerms 1.300474 (sec) 
 Davidson iteration 0.0 (tol=0.5710651603412776): -155.4095454115447
 Davidson iteration 0.1 (tol=0.2510399052691847): -155.543796036039 -153.4772980589595
 Davidson iteration 0.2 (tol=0.1094655299068298): -155.5620551394797 -153.8616827967664 -152.5424887906977
 Davidson iteration 0.3 (tol=0.04153433092678511): -155.5655529283375 -154.0568667205649 -152.9562855166689 -152.1954150342393
 Davidson iteration 0.4 (tol=0.01736084587551841): -155.5659925426057 -154.2643374574749 -153.2186847125183 -152.5291769265867
 Davidson iteration 0.5 (tol=0.006841253242812107): -155.5660826540534 -154.5444365989777 -153.4323865599705 -152.5425676417982
 Davidson iteration 0.6 (tol=0.003197685139684409): -155.5660952471554 -154.7078192615927 -153.6462241844478 -152.6973130583512
 Davidson iteration 0.7 (tol=0.001390281730834468): -155.5660982618836 -154.8721101963988 -154.0806509790533 -153.0563856915639
 Davidson iteration 1.0 (tol=0.001390281730830886): -155.5660982618843
 Davidson iteration 1.1 (tol=0.000707776910573513): -155.5660987512555 -152.9902987939453
 Davidson iteration 1.2 (tol=0.0004091767134171499): -155.5660989329917 -154.6809835151512 -151.031250357347
 Davidson iteration 1.3 (tol=0.0001921450986343121): -155.5660989860794 -155.0887685738051 -152.170500137705 -149.9208603464125
 Davidson iteration 1.4 (tol=8.412628052079538e-05): -155.5660989958892 -155.1798190920954 -152.5835107892612 -152.0042124480059
 Davidson iteration 1.5 (tol=3.909463498457209e-05): -155.5660989980507 -155.2370859623985 -153.8416211420821 -152.1186117128524
 Davidson iteration 1.6 (tol=1.976590302584459e-05): -155.5660989985146 -155.2765432649306 -154.4115707485333 -152.3807119663814
 Davidson iteration 1.7 (tol=8.950809611718999e-06): -155.5660989986335 -155.2989859524583 -154.7649853069183 -152.4530155013251
 Elapsed time for davidson 13.405402 (sec) 
 Elapsed time for diagonalization 13.405499 (sec) 
 Elapsed time for mult 0.613092 (sec) 
 Energy = -155.5660989986337
 Elapsed time for measurement 0.01598 (sec) 
 Sample-based diagonalization: Energy = -155.5660989986337
 Sample-based diagonalization: density = [1.999996744588855,1.997899399074822,1.992253394742902,1.986461891991902,1.988086455404452,1.978064807518065,1.987395886247364,1.996144777343109,1.983338492873473,1.921887020944104,1.978368565620361,0.1071953367900573,0.0161919689205876,0.02312128680540521,0.02165900614539519,0.02193496489937609
 Sample-based diagonalization: carryover bitstrings = [], size = 0
