 Elapsed time for helper construction 0.891841 (sec) 
 Elapsed time for init 0.01543 (sec) 
 Elapsed time for makeQChamDiagTerms 9.613256 (sec) 
 Davidson iteration 0.0 (tol=0.4915045867491676): -154.4583809702734
 Davidson iteration 0.1 (tol=0.1044798749863064): -154.574830665881 -152.7046771510669
 Davidson iteration 0.2 (tol=0.02699505149047973): -154.5798499054057 -153.1484371653045 -152.5926969540424
 Davidson iteration 0.3 (tol=0.005774924664205298): -154.58019180253 -153.2491966588279 -152.8051931253251 -152.4286723179756
 Davidson iteration 0.4 (tol=0.001613559653668375): -154.5802089785261 -153.6210598557321 -152.8067202377199 -152.4911832662202
 Davidson iteration 0.5 (tol=0.000464523770239638): -154.580210141956 -153.7782185416784 -152.8082621684929 -152.609172352823
 Davidson iteration 0.6 (tol=0.0001159998157319027): -154.5802102400655 -153.8345016904284 -153.0154765388152 -152.7276269664629
 Davidson iteration 0.7 (tol=3.177062259600112e-05): -154.5802102467127 -153.8732328593564 -153.3791907103386 -152.8719847491698
 Davidson iteration 1.0 (tol=3.177062259340738e-05): -154.5802102467123
 Davidson iteration 1.1 (tol=9.268178351829894e-06): -154.5802102471301 -152.7180422310642
 Elapsed time for davidson 27.17938 (sec) 
 Elapsed time for diagonalization 27.179497 (sec) 
 Elapsed time for mult 0.505902 (sec) 
 Energy = -154.5802102471303
 Elapsed time for measurement 0.08304299999999999 (sec) 
 Sample-based diagonalization: Energy = -154.5802102471303
 Sample-based diagonalization: density = [1.999995127396379,1.996312632679092,1.994552336994747,1.994862331396813,1.992221119413098,1.991912121495582,1.990311584818487,1.99470000528295,1.990696695569771,1.965758737788455,1.998320561282162,1.993391252102132,1.957065223903326,0.07675453993406955,0.009819556080515678,0.004792679978597487,0.003408539061111516,0.003628862550106798,0.005987078476742515,0.006942024342068325,0.008031189080178835,0.01095515662850189,0.009580643564642832
 Sample-based diagonalization: carryover bitstrings = [], size = 0
