 Elapsed time for helper construction 0.290184 (sec) 
 Elapsed time for init 0.002705 (sec) 
 Elapsed time for makeQChamDiagTerms 1.207977 (sec) 
 Davidson iteration 0.0 (tol=0.5500761149858001): -147.8874930842894
 Davidson iteration 0.1 (tol=0.2402509382109626): -148.0164280584412 -145.9413560317326
 Davidson iteration 0.2 (tol=0.1065749429550838): -148.033411082305 -146.360069691469 -144.9867728107913
 Davidson iteration 0.3 (tol=0.04065693013758445): -148.0367996221561 -146.5875244847686 -145.3697203118164 -144.6244783895104
 Davidson iteration 0.4 (tol=0.01604836000945012): -148.0372588349546 -146.7988858129449 -145.6639871981188 -145.0174003686247
 Davidson iteration 0.5 (tol=0.006015117650912751): -148.0373489718851 -147.1248647556779 -145.9763805580519 -145.1633035008751
 Davidson iteration 0.6 (tol=0.002848565051570552): -148.0373597627009 -147.2678527383402 -146.1456195273416 -145.1993780271037
 Davidson iteration 0.7 (tol=0.001181182133491859): -148.0373618876562 -147.3679991912059 -146.4246414147973 -145.5393116850344
 Davidson iteration 1.0 (tol=0.00118118213349387): -148.0373618876569
 Davidson iteration 1.1 (tol=0.0006185896022843431): -148.0373622427362 -145.5147767884469
 Davidson iteration 1.2 (tol=0.0003015707551140224): -148.0373623682278 -146.9799076804041 -142.5765932222588
 Davidson iteration 1.3 (tol=0.0001234380854990327): -148.0373623981598 -147.3743201117699 -144.7834599046413 -141.9420435532359
 Davidson iteration 1.4 (tol=5.453181350131181e-05): -148.0373624021719 -147.5013838054943 -144.9444163690687 -144.5387132930127
 Davidson iteration 1.5 (tol=2.296562764324046e-05): -148.0373624029458 -147.5590433070908 -145.8557239527074 -144.8071212111686
 Davidson iteration 1.6 (tol=9.87872497374294e-06): -148.0373624030867 -147.598735290224 -146.4775726906927 -144.9068460425214
 Elapsed time for davidson 9.476141999999999 (sec) 
 Elapsed time for diagonalization 9.476279999999999 (sec) 
 Elapsed time for mult 0.300303 (sec) 
 Energy = -148.0373624030857
 Elapsed time for measurement 0.020082 (sec) 
 Sample-based diagonalization: Energy = -148.0373624030857
 Sample-based diagonalization: density = [1.99999680402681,1.997530774732073,1.992454012196117,1.992398994817154,1.990348422247237,1.987980699152741,1.965689304475868,1.980487954263906,1.98917546564306,1.982875738959264,1.935729129064677,0.1016484434202882,0.01274968726476561,0.008342133256654539,0.01909216194103315,0.02552725756144282,0.01797301690933009
 Sample-based diagonalization: carryover bitstrings = [], size = 0
