 Elapsed time for helper construction 1.34878 (sec) 
 Elapsed time for init 0.049167 (sec) 
 Elapsed time for makeQChamDiagTerms 16.695167 (sec) 
 Davidson iteration 0.0 (tol=0.6791194717697395): -178.0282564472012
 Davidson iteration 0.1 (tol=0.2046393183063795): -178.2301153173671 -176.0969087976083
 Davidson iteration 0.2 (tol=0.06744557582422059): -178.2457959864577 -176.3999982200699 -175.8876619996715
 Davidson iteration 0.3 (tol=0.01941765621776602): -178.2475350743601 -176.5357091171035 -175.8975857082503 -175.8843745427252
 Davidson iteration 0.4 (tol=0.007357073384928783): -178.247691836323 -176.9034717980244 -175.989916822908 -175.8847659258221
 Davidson iteration 0.5 (tol=0.002508685063475553): -178.247717046838 -177.3442205792055 -176.111328482713 -175.9729366251865
 Davidson iteration 0.6 (tol=0.000765576212017201): -178.247719674655 -177.4874193579874 -176.2212707696436 -176.0935381521447
 Davidson iteration 0.7 (tol=0.0002584357037171684): -178.2477199175502 -177.5335982623959 -176.5844095419894 -176.1058530615811
 Davidson iteration 1.0 (tol=0.0002584357037075086): -178.2477199175497
 Davidson iteration 1.1 (tol=0.0001030039363972687): -178.2477199434543 -176.5585460206202
 Davidson iteration 1.2 (tol=3.925577058008906e-05): -178.247719949405 -177.0641253454007 -176.3471422275241
 Davidson iteration 1.3 (tol=1.205171712654922e-05): -178.2477199500425 -177.3402156361424 -176.3635582890153 -175.6425016089024
 Davidson iteration 1.4 (tol=4.517131291789937e-06): -178.2477199501075 -177.5084622292889 -176.3767290851867 -176.1697261168877
 Elapsed time for davidson 62.701749 (sec) 
 Elapsed time for diagonalization 62.70193099999999 (sec) 
 Elapsed time for mult 1.450748 (sec) 
 Energy = -178.2477199501114
 Elapsed time for measurement 0.132535 (sec) 
 Sample-based diagonalization: Energy = -178.2477199501114
 Sample-based diagonalization: density = [1.999977316695556,1.995073108326624,1.993794668638708,1.990460672993518,1.992290262261712,1.989476037572106,1.987147680886216,1.985604752437574,1.98284995314114,1.980720878390764,1.982843894506952,1.969346389500447,1.994379696143815,1.988046171712804,1.943330559890787,0.08669416415105599,0.007317629340477897,0.01499625050774493,0.01775946491597262,0.007855669330457697,0.01187997914934976,0.0164043110759352,0.01661225029696456,0.01379299363907207,0.01487833062412626,0.01646691341562155
 Sample-based diagonalization: carryover bitstrings = [], size = 0
