 Elapsed time for helper construction 0.921856 (sec) 
 Elapsed time for init 0.023867 (sec) 
 Elapsed time for makeQChamDiagTerms 12.952448 (sec) 
 Davidson iteration 0.0 (tol=0.5728158497898811): -171.4625069998321
 Davidson iteration 0.1 (tol=0.1293097239999036): -171.6423773782581 -170.1166117577664
 Davidson iteration 0.2 (tol=0.03511330279332927): -171.6517361500542 -170.2489431874934 -170.0494278705325
 Davidson iteration 0.3 (tol=0.01194145563442032): -171.6524481109391 -170.5845336243474 -170.0533473446861 -169.7108457257745
 Davidson iteration 0.4 (tol=0.004396030377066214): -171.6525303259165 -170.8305615291846 -170.0912078279565 -169.7120089044212
 Davidson iteration 0.5 (tol=0.001338950097931589): -171.652540118479 -170.9634850606168 -170.1130535083628 -169.7995670960008
 Davidson iteration 0.6 (tol=0.0003708307954404981): -171.652541133194 -171.0520191150273 -170.2676229969771 -170.096942401598
 Davidson iteration 0.7 (tol=0.0001270135557371425): -171.6525412166933 -171.0844481469687 -170.6509275304421 -170.09833538451
 Davidson iteration 1.0 (tol=0.0001270135557423846): -171.6525412166943
 Davidson iteration 1.1 (tol=5.524563620427804e-05): -171.652541226444 -170.4749958457486
 Davidson iteration 1.2 (tol=2.993215898314571e-05): -171.6525412296106 -171.1663765132841 -169.8272983602149
 Davidson iteration 1.3 (tol=1.16186873134482e-05): -171.6525412301253 -171.2980514837072 -169.9053744873173 -169.6380229062744
 Davidson iteration 1.4 (tol=3.968617480243884e-06): -171.652541230205 -171.3478628763589 -170.1880750212559 -169.8930750076551
 Elapsed time for davidson 40.62184999999999 (sec) 
 Elapsed time for diagonalization 40.625798 (sec) 
 Elapsed time for mult 0.741545 (sec) 
 Energy = -171.6525412302063
 Elapsed time for measurement 0.09636199999999999 (sec) 
 Sample-based diagonalization: Energy = -171.6525412302063
 Sample-based diagonalization: density = [1.999987292542385,1.997046228021957,1.993564027298506,1.993903791692226,1.995005692305967,1.990585199114975,1.993412852611234,1.992451262046072,1.991164361465604,1.983167961726492,1.989753170557512,1.982007610989009,1.979983556781316,1.919524606942395,1.930850344955912,0.08560207494069808,0.07551111006691755,0.03961273626450908,0.00749635644248159,0.007745640826087431,0.01056141401904646,0.01025120798935517,0.005243935393403789,0.007086911887069181,0.006802501437607678,0.005550852423985054,0.006127299028712089
 Sample-based diagonalization: carryover bitstrings = [], size = 0
