 Elapsed time for helper construction 1.205489 (sec) 
 Elapsed time for init 0.04427499999999999 (sec) 
 Elapsed time for makeQChamDiagTerms 18.682798 (sec) 
 Davidson iteration 0.0 (tol=0.4409399397561644): -188.4152466201201
 Davidson iteration 0.1 (tol=0.0666259545059408): -188.5121219328303 -186.6701522662386
 Davidson iteration 0.2 (tol=0.01386547573166049): -188.5141993282498 -186.9595817079891 -186.6396931596314
 Davidson iteration 0.3 (tol=0.002950364208546162): -188.5142968848567 -187.0380648909 -186.9519229873995 -186.5977283469715
 Davidson iteration 0.4 (tol=0.0008141993167277351): -188.5143027540014 -187.7142489270626 -187.0019818378948 -186.630061913001
 Davidson iteration 0.5 (tol=0.0002813875699931074): -188.5143032427243 -188.03332045897 -187.130359687523 -186.8515148857045
 Davidson iteration 0.6 (tol=8.498474824669285e-05): -188.5143032925063 -188.1547738134461 -187.323262987258 -186.9373041143334
 Davidson iteration 0.7 (tol=2.192374418826829e-05): -188.5143032961959 -188.1809851352707 -187.3852575475433 -187.0787061473921
 Davidson iteration 1.0 (tol=2.19237441848707e-05): -188.5143032961946
 Davidson iteration 1.1 (tol=6.455253407402944e-06): -188.5143032964155 -186.7988704602591
 Elapsed time for davidson 45.046134 (sec) 
 Elapsed time for diagonalization 45.049 (sec) 
 Elapsed time for mult 0.9971859999999999 (sec) 
 Energy = -188.5143032964181
 Elapsed time for measurement 0.136486 (sec) 
 Sample-based diagonalization: Energy = -188.5143032964181
 Sample-based diagonalization: density = [1.999991243148343,1.99867649758563,1.996629345537369,1.995975013465886,1.99492593930861,1.995570911417821,1.996203204676183,1.99435762187179,1.997860540165759,1.991432106662088,1.994744594349231,1.989507607295567,1.99467049158999,1.9589186420152,1.997926706635474,1.992640702376667,0.04678176273569735,0.001509457024920352,0.004790183772665038,0.009991330302483266,0.007380239249901669,0.005183705743009082,0.005060722823530917,0.003533614871412989,0.002260821965119256,0.008646307173990127,0.003910710863542664,0.002923248230601153,0.002830696573507361,0.005166030432425585
 Sample-based diagonalization: carryover bitstrings = [], size = 0
