 Elapsed time for helper construction 1.049923 (sec) 
 Elapsed time for init 0.028859 (sec) 
 Elapsed time for makeQChamDiagTerms 7.822763999999999 (sec) 
 Davidson iteration 0.0 (tol=0.5765584546945499): -129.1869306207373
 Davidson iteration 0.1 (tol=0.1330744991671163): -129.3344073290384 -127.0584690613536
 Davidson iteration 0.2 (tol=0.0399408381883062): -129.3409561809485 -127.7027000409747 -126.9027919315364
 Davidson iteration 0.3 (tol=0.009866094421491176): -129.3415611568268 -127.7507185048605 -127.0902644192221 -126.799697597542
 Davidson iteration 0.4 (tol=0.003176093570262654): -129.3416136332185 -128.5030484815027 -127.2319885505805 -126.9652934897241
 Davidson iteration 0.5 (tol=0.0008789870262527114): -129.3416180094991 -128.6845798927533 -127.2766257237652 -127.1338654308728
 Davidson iteration 0.6 (tol=0.0002418738005290158): -129.3416183257457 -128.7794271292316 -127.470925070061 -127.1401122027232
 Davidson iteration 0.7 (tol=6.166266972421968e-05): -129.3416183472233 -128.802521678053 -127.6413681395551 -127.1416940229427
 Davidson iteration 1.0 (tol=6.16626697236219e-05): -129.3416183472226
 Davidson iteration 1.1 (tol=1.87587697268179e-05): -129.3416183484903 -126.9464658925203
 Davidson iteration 1.2 (tol=5.125947502732763e-06): -129.3416183486373 -127.6741274608567 -126.3313955985792
 Elapsed time for davidson 32.141608 (sec) 
 Elapsed time for diagonalization 32.141761 (sec) 
 Elapsed time for mult 0.7659239999999999 (sec) 
 Energy = -129.3416183486383
 Elapsed time for measurement 0.072618 (sec) 
 Sample-based diagonalization: Energy = -129.3416183486383
 Sample-based diagonalization: density = [1.999972663362095,1.993345018803961,1.991975630710636,1.990355737397317,1.98923539985731,1.983745558659321,1.983517665757557,1.982929672257864,1.983098326397201,1.979164094981434,1.992356337821388,1.982474911307869,0.01336250470004838,0.01549516357671614,0.01898567707926208,0.01666743337968606,0.01220490209339452,0.01135506245512103,0.008094648598010951,0.01292809219578296,0.01499738019975792,0.01322912137938982,0.01050899675102059
 Sample-based diagonalization: carryover bitstrings = [], size = 0
