 Elapsed time for helper construction 1.33472 (sec) 
 Elapsed time for init 0.018891 (sec) 
 Elapsed time for makeQChamDiagTerms 11.867361 (sec) 
 Davidson iteration 0.0 (tol=0.6508324198883589): -154.6710511212501
 Davidson iteration 0.1 (tol=0.2479893237066967): -154.8543380475388 -152.7242224144218
 Davidson iteration 0.2 (tol=0.09231981929397071): -154.8745339406243 -153.0592837725443 -152.1675706780598
 Davidson iteration 0.3 (tol=0.02775962747228721): -154.8774201454932 -153.2594709518007 -152.1793946936639 -152.0788372054118
 Davidson iteration 0.4 (tol=0.01164326600797354): -154.8777162352234 -153.6452284841313 -152.4294110162203 -152.1615068827078
 Davidson iteration 0.5 (tol=0.004650666067008215): -154.8777709896287 -154.0108392264174 -152.7374820563177 -152.2387981255491
 Davidson iteration 0.6 (tol=0.00188658263835761): -154.8777796126896 -154.1840102131459 -153.0266111968503 -152.4182882589879
 Davidson iteration 0.7 (tol=0.0007131064379885968): -154.8777809827367 -154.2377581130624 -153.2350732714795 -152.7065604570126
 Davidson iteration 1.0 (tol=0.0007131064379853106): -154.8777809827376
 Davidson iteration 1.1 (tol=0.0003182513907674053): -154.8777811627678 -153.0042041985834
 Davidson iteration 1.2 (tol=0.000154199920815012): -154.8777812124054 -153.8598400629928 -152.153522187975
 Davidson iteration 1.3 (tol=6.542360846230452e-05): -154.877781221719 -154.1959553052777 -152.181393670889 -151.98451415347
 Davidson iteration 1.4 (tol=2.802671874998648e-05): -154.8777812234382 -154.3641284734038 -152.6249401909792 -152.1811947426223
 Davidson iteration 1.5 (tol=1.23724298526302e-05): -154.8777812238025 -154.4676774528118 -153.4392294290351 -152.1975246614211
 Davidson iteration 1.6 (tol=4.894672579588508e-06): -154.8777812238619 -154.5190363724241 -153.7655299241941 -152.5177115514859
 Elapsed time for davidson 58.89661 (sec) 
 Elapsed time for diagonalization 58.896838 (sec) 
 Elapsed time for mult 1.421748 (sec) 
 Energy = -154.87778122386
 Elapsed time for measurement 0.111423 (sec) 
 Sample-based diagonalization: Energy = -154.87778122386
 Sample-based diagonalization: density = [1.999988889775345,1.991311089153962,1.990637350616593,1.99215896120539,1.98398932720091,1.981543169189968,1.985076663957799,1.990367599844004,1.989151045449782,1.98044829825986,1.967358532882693,1.988485017660214,1.928242360106398,0.101865872767108,0.02349791467941424,0.01647706212025682,0.01238454327522842,0.01297964848668872,0.01921570688580856,0.0106488313078497,0.01782481012708299,0.01634730460243185
 Sample-based diagonalization: carryover bitstrings = [], size = 0
