 Elapsed time for helper construction 0.873089 (sec) 
 Elapsed time for init 0.015313 (sec) 
 Elapsed time for makeQChamDiagTerms 9.730053 (sec) 
 Davidson iteration 0.0 (tol=0.5038756104413283): -155.9400123049446
 Davidson iteration 0.1 (tol=0.1173029613821711): -156.0629593335988 -154.2211599805154
 Davidson iteration 0.2 (tol=0.03202005471539476): -156.0697362253696 -154.7521759723924 -154.1682084437478
 Davidson iteration 0.3 (tol=0.007941496337735445): -156.0702288947667 -154.8206664987932 -154.3853623143222 -154.0511230836252
 Davidson iteration 0.4 (tol=0.00283905419901412): -156.0702643491428 -155.1906109794228 -154.389432414937 -154.2698239482804
 Davidson iteration 0.5 (tol=0.0007160058950260419): -156.0702687448335 -155.3687810943141 -154.5252139743307 -154.3235544639867
 Davidson iteration 0.6 (tol=0.0001974298484037376): -156.07026899726 -155.4721197292265 -154.6742274005969 -154.3628207374888
 Davidson iteration 0.7 (tol=5.646508345272647e-05): -156.0702690161667 -155.4932204289823 -154.8373734879576 -154.6246696673805
 Davidson iteration 1.0 (tol=5.646508345337526e-05): -156.0702690161648
 Davidson iteration 1.1 (tol=2.03999611031255e-05): -156.0702690178312 -154.8020365380885
 Davidson iteration 1.2 (tol=9.430293488751491e-06): -156.0702690181908 -155.5708455803493 -154.3574920770554
 Elapsed time for davidson 28.877692 (sec) 
 Elapsed time for diagonalization 28.87787 (sec) 
 Elapsed time for mult 0.5485439999999999 (sec) 
 Energy = -156.070269018192
 Elapsed time for measurement 0.084149 (sec) 
 Sample-based diagonalization: Energy = -156.070269018192
 Sample-based diagonalization: density = [1.999985656719117,1.996709533734784,1.99707992074567,1.996230372703445,1.989111805563766,1.993319093504921,1.99196319456104,1.983523317848571,1.987247156843495,1.987536622696976,1.984253356415886,1.994754402445233,1.947011266144441,0.079050312721826,0.008225086147457613,0.01269416961023421,0.007259648222985824,0.006480660434663963,0.0103257173742276,0.001209820348569637,0.005237137201832829,0.009557779583190706,0.01123396825244814
 Sample-based diagonalization: carryover bitstrings = [], size = 0
