 Elapsed time for helper construction 0.34159 (sec) 
 Elapsed time for init 0.003981 (sec) 
 Elapsed time for makeQChamDiagTerms 1.322088 (sec) 
 Davidson iteration 0.0 (tol=0.534231674251991): -88.89680217934043
 Davidson iteration 0.1 (tol=0.149081525512947): -89.03042868992553 -86.85784633960077
 Davidson iteration 0.2 (tol=0.0302979007426787): -89.03813100432865 -87.18358178333997 -86.04945604249305
 Davidson iteration 0.3 (tol=0.007858965295878619): -89.0384264302962 -87.28530700711043 -86.46451347694557 -85.89384481923584
 Davidson iteration 0.4 (tol=0.002294300051756192): -89.03844763919834 -87.39733864617206 -86.79112038942955 -86.08008932801296
 Davidson iteration 0.5 (tol=0.000672267098000075): -89.03844934134671 -87.55266472014594 -87.03420256967406 -86.082644538604
 Davidson iteration 0.6 (tol=0.0001664451644288393): -89.03844947797127 -87.66142353204606 -87.14329582623301 -86.31270195295578
 Davidson iteration 0.7 (tol=4.231534663447287e-05): -89.03844948663398 -87.71065134467112 -87.21979942180626 -86.57468210387403
 Davidson iteration 1.0 (tol=4.231534663452603e-05): -89.03844948663416
 Davidson iteration 1.1 (tol=1.415244285420524e-05): -89.03844948717047 -86.27097897505595
 Davidson iteration 1.2 (tol=4.469075632931038e-06): -89.03844948724623 -87.27748807785977 -85.37197905193923
 Elapsed time for davidson 7.355988 (sec) 
 Elapsed time for diagonalization 7.356091999999999 (sec) 
 Elapsed time for mult 0.284523 (sec) 
 Energy = -89.03844948724644
 Elapsed time for measurement 0.018261 (sec) 
 Sample-based diagonalization: Energy = -89.03844948724644
 Sample-based diagonalization: density = [1.999967715516474,1.989987014344271,1.986197049768911,1.987557155847267,1.980915724953915,1.979038229662446,1.979287356701372,1.977128169904512,1.974398803916275,0.01843903079978413,0.01578544954043636,0.02198426211439135,0.0202349178336524,0.01603901029075334,0.01717459911178126,0.01805767205647642,0.01780783757562954
 Sample-based diagonalization: carryover bitstrings = [], size = 0
