 Elapsed time for helper construction 1.249485 (sec) 
 Elapsed time for init 0.018105 (sec) 
 Elapsed time for makeQChamDiagTerms 11.03719 (sec) 
 Davidson iteration 0.0 (tol=0.6001342589315414): -112.0743965975766
 Davidson iteration 0.1 (tol=0.1114552193124143): -112.2419054207844 -110.0127568395054
 Davidson iteration 0.2 (tol=0.01813890580999832): -112.2464967707784 -110.247448554045 -109.5652613011729
 Davidson iteration 0.3 (tol=0.004531721962008238): -112.2466203781249 -110.3714958597193 -109.8950061074307 -109.4711626580279
 Davidson iteration 0.4 (tol=0.001212826878258275): -112.2466283320317 -110.5708393614448 -110.0751492641136 -109.5230292408196
 Davidson iteration 0.5 (tol=0.0002695180853974248): -112.2466288342868 -110.7412108237216 -110.1673836756679 -109.584738218739
 Davidson iteration 0.6 (tol=5.483686722590748e-05): -112.2466288584966 -110.8008362148406 -110.2409958319368 -109.8084649899782
 Davidson iteration 0.7 (tol=1.293467364014312e-05): -112.2466288595399 -110.8167504633561 -110.3129649373386 -109.9411670077966
 Davidson iteration 1.0 (tol=1.293467363914252e-05): -112.2466288595399
 Davidson iteration 1.1 (tol=4.012011549861482e-06): -112.2466288595965 -109.650738934043
 Elapsed time for davidson 36.75934 (sec) 
 Elapsed time for diagonalization 36.759593 (sec) 
 Elapsed time for mult 1.162732 (sec) 
 Energy = -112.2466288595956
 Elapsed time for measurement 0.144871 (sec) 
 Sample-based diagonalization: Energy = -112.2466288595956
 Sample-based diagonalization: density = [1.999972243710941,1.990562424191351,1.99032427604146,1.986829876733842,1.982897893505648,1.984713259945583,1.983148230241992,1.981734736041328,1.980006942368573,1.978522708314337,1.979337714965594,0.002776545222163823,0.01760057843186683,0.01555326869662285,0.009760700986015013,0.01501255054976083,0.01636201659332821,0.01507653729478614,0.01280274678962486,0.01458121415202022,0.0121231243886238,0.01472236808712227,0.0155780424753597
 Sample-based diagonalization: carryover bitstrings = [], size = 0
