 Elapsed time for helper construction 1.661718 (sec) 
 Elapsed time for init 0.0574 (sec) 
 Elapsed time for makeQChamDiagTerms 16.021889 (sec) 
 Davidson iteration 0.0 (tol=0.6660987128508441): -142.7903464253609
 Davidson iteration 0.1 (tol=0.216057126779905): -142.9767336983087 -140.6795324976397
 Davidson iteration 0.2 (tol=0.07175482657223693): -142.9918944216486 -141.0828898093244 -140.2254558950536
 Davidson iteration 0.3 (tol=0.02302188596476853): -142.9936002990353 -141.307741432662 -140.3341696210594 -140.1097115127032
 Davidson iteration 0.4 (tol=0.009750646303330484): -142.9938326319889 -141.8618079147288 -140.6065877628834 -140.1189259637728
 Davidson iteration 0.5 (tol=0.004205304231373302): -142.9938723432299 -142.2726906578361 -140.8839754361048 -140.2461267224568
 Davidson iteration 0.6 (tol=0.001579791659992444): -142.9938792391834 -142.3930360553369 -141.1919847019452 -140.4072159223664
 Davidson iteration 0.7 (tol=0.0005964818188508524): -142.9938801391051 -142.4454712634009 -141.4775791878416 -140.5539370464444
 Davidson iteration 1.0 (tol=0.0005964818188494267): -142.993880139104
 Davidson iteration 1.1 (tol=0.0002489949409843914): -142.9938802525342 -140.8570408357712
 Davidson iteration 1.2 (tol=0.0001135531612359857): -142.9938802826616 -141.9480522632487 -139.8339494821293
 Davidson iteration 1.3 (tol=5.424335398608916e-05): -142.9938802881819 -142.380669594786 -140.2636320675596 -139.5068838692952
 Davidson iteration 1.4 (tol=2.587079798138689e-05): -142.9938802895672 -142.5799467768425 -140.8144716073704 -140.2397884802517
 Davidson iteration 1.5 (tol=1.165928541821437e-05): -142.9938802898866 -142.6553845953033 -141.6865602565823 -140.3329162967148
 Davidson iteration 1.6 (tol=4.196030239886612e-06): -142.9938802899337 -142.6782174575841 -141.9165162248376 -140.6029812595466
 Elapsed time for davidson 82.219995 (sec) 
 Elapsed time for diagonalization 82.232055 (sec) 
 Elapsed time for mult 2.260315 (sec) 
 Energy = -142.9938802899345
 Elapsed time for measurement 0.198783 (sec) 
 Sample-based diagonalization: Energy = -142.9938802899345
 Sample-based diagonalization: density = [1.999972425129037,1.993218494019818,1.99218406107208,1.988020586329101,1.98641664228005,1.985153630290632,1.982859532894693,1.982532797897245,1.978595133066434,1.988852652692354,1.951569336823382,1.982969722954974,1.983226844178827,0.05359803447194243,0.01782996591597471,0.02156683326368844,0.01528404370521794,0.01913587920204424,0.01731682710585316,0.01412624880026453,0.01152183617848806,0.01066644094111283,0.01029765593782418,0.0130843743383066
 Sample-based diagonalization: carryover bitstrings = [], size = 0
