 Elapsed time for helper construction 6.856487 (sec) 
 Elapsed time for init 0.079303 (sec) 
 Elapsed time for makeQChamDiagTerms 68.89291 (sec) 
 Davidson iteration 0.0 (tol=0.758663267831475): -198.4259461465527
 Davidson iteration 0.1 (tol=0.3465008062150922): -198.6636579648043 -196.3019671038197
 Davidson iteration 0.2 (tol=0.1624366827621761): -198.6985619143748 -196.7814102649493 -195.3641204476548
 Davidson iteration 0.3 (tol=0.05372587639190927): -198.7060605235278 -197.0163948666996 -195.4513233678738 -195.1575062070953
 Davidson iteration 0.4 (tol=0.02350599777299017): -198.7069344538635 -197.2611620336249 -195.9202535867641 -195.3128414805454
 Davidson iteration 0.5 (tol=0.009805515349733217): -198.7071217586316 -197.6353913217792 -196.4730512879808 -195.4784828578783
 Davidson iteration 0.6 (tol=0.004519434341110199): -198.7071542787629 -197.8257793415455 -196.6799885762198 -195.6099209965556
 Davidson iteration 0.7 (tol=0.002111783375224881): -198.7071617130478 -197.9592682435685 -196.9479224933928 -196.1828001806291
 Davidson iteration 1.0 (tol=0.002111783375273242): -198.707161713044
 Davidson iteration 1.1 (tol=0.00106347400777505): -198.7071630101524 -196.1025682389769
 Davidson iteration 1.2 (tol=0.0006133370458349295): -198.7071634915386 -197.5690974549687 -194.3824439764729
 Davidson iteration 1.3 (tol=0.0002992452209440094): -198.7071636289394 -198.0009004949636 -195.5261379146953 -194.0162602609499
 Davidson iteration 1.4 (tol=0.0001347298592428528): -198.7071636579857 -198.1429738118921 -195.9150993262756 -195.1936647300003
 Davidson iteration 1.5 (tol=5.910616194957499e-05): -198.7071636643733 -198.2172715022668 -196.7621684076377 -195.4707022589951
 Davidson iteration 1.6 (tol=2.801366703749554e-05): -198.7071636654906 -198.2520897517475 -197.3330210747133 -195.8348075919122
 Davidson iteration 1.7 (tol=1.234903144554599e-05): -198.7071636657819 -198.2713723368278 -197.6329441182227 -195.9037548955698
 Davidson iteration 2.0 (tol=1.234903136274635e-05): -198.7071636657835
 Davidson iteration 2.1 (tol=6.855054447033871e-06): -198.7071636658362 -196.780851426518
 Elapsed time for davidson 782.341506 (sec) 
 Elapsed time for diagonalization 782.341686 (sec) 
 Elapsed time for mult 32.176415 (sec) 
 Energy = -198.7071636658383
 Elapsed time for measurement 121.542207 (sec) 
 Sample-based diagonalization: Energy = -198.7071636658383
 Sample-based diagonalization: density = [1.999986848634571,1.990063292779781,1.98952273678164,1.991556312958209,1.987949926769549,1.983813666653699,1.983754393380864,1.980918643593854,1.980375179406713,1.982832103331091,1.979241890713367,1.978769255546395,1.984650060920672,1.952515623282663,1.983434571625279,1.937482304223233,0.1025876908181662,0.02123339640266717,0.0219947462129216,0.02191180863173981,0.01985048270919693,0.01919480915460128,0.02030407456472585,0.01697673682023004,0.01649011146170242,0.01326098643727408,0.02097305016679988,0.01835529571037529
 Sample-based diagonalization: carryover bitstrings = [], size = 0
 Elapse time for dumping one-particle rdm = 0.000856
 Elapse time for dumping two-particle rdm = 0.5383359999999999
 Zero-Body energy = 0
 One-Body energy = -347.3824228817572
 Two-Body energy = 148.675259217933
 One-Body + Two-Body energy = -198.7071636638242
 Zero-Body + One-Body + Two-Body energy = -198.7071636638242
