 Elapsed time for helper construction 0.5359459999999999 (sec) 
 Elapsed time for init 0.003674 (sec) 
 Elapsed time for makeQChamDiagTerms 1.961497 (sec) 
 Davidson iteration 0.0 (tol=0.5459791637358002): -147.2828926804042
 Davidson iteration 0.1 (tol=0.248158511868681): -147.4123116992333 -145.4094486153448
 Davidson iteration 0.2 (tol=0.1140559222404663): -147.4308099878947 -145.8482148376083 -144.5650707718601
 Davidson iteration 0.3 (tol=0.04531520103353655): -147.4347334081814 -146.026967016129 -144.8176082861353 -144.236303358293
 Davidson iteration 0.4 (tol=0.01882883277370544): -147.4352588882445 -146.1898481739984 -145.1264595982304 -144.6015909087957
 Davidson iteration 0.5 (tol=0.00676162182383911): -147.4353698387777 -146.462361295088 -145.3263793548933 -144.8505773479952
 Davidson iteration 0.6 (tol=0.003161436233245114): -147.4353825855321 -146.5796706276486 -145.4731753425469 -144.8552556865596
 Davidson iteration 0.7 (tol=0.001281526189808697): -147.4353848842011 -146.6587656004234 -145.7048716035061 -145.002324647791
 Davidson iteration 1.0 (tol=0.001281526189805876): -147.4353848842009
 Davidson iteration 1.1 (tol=0.000660902988382364): -147.435385258755 -144.6594154531502
 Davidson iteration 1.2 (tol=0.0003211939988611872): -147.4353853889125 -146.2608394821737 -142.0864217858729
 Davidson iteration 1.3 (tol=0.000150423305587841): -147.4353854223799 -146.7415912555124 -144.3656619024209 -141.0186601837426
 Davidson iteration 1.4 (tol=7.936606560418429e-05): -147.4353854281375 -146.9266666415647 -144.4253590482779 -144.003752359832
 Davidson iteration 1.5 (tol=3.861434618359352e-05): -147.4353854297675 -147.0498755872835 -145.4250227717633 -144.3558961546458
 Davidson iteration 1.6 (tol=2.101453193056816e-05): -147.4353854302295 -147.1300728714824 -146.165778115869 -144.6183616766757
 Davidson iteration 1.7 (tol=1.001565014559002e-05): -147.435385430363 -147.1793331466599 -146.5323891430388 -144.6220133301939
 Davidson iteration 2.0 (tol=1.001565012448391e-05): -147.4353854303635
 Davidson iteration 2.1 (tol=5.682611158781241e-06): -147.4353854303889 -145.0724054345639
 Elapsed time for davidson 22.005023 (sec) 
 Elapsed time for diagonalization 22.00525 (sec) 
 Elapsed time for mult 0.696568 (sec) 
 Energy = -147.4353854303899
 Elapsed time for measurement 2.641255 (sec) 
 Sample-based diagonalization: Energy = -147.4353854303899
 Sample-based diagonalization: density = [1.999996929873071,1.996912166551101,1.992144761966617,1.993902154782425,1.990341156297375,1.984949838925413,1.990141423394493,1.973478033125101,1.974201025262055,1.983819338145095,1.923017516893565,0.1146781297754535,0.01435449009503574,0.02070188715037962,0.005961771799338244,0.02208696849402732,0.01931240744522012
 Sample-based diagonalization: carryover bitstrings = [], size = 0
 Elapse time for dumping one-particle rdm = 0.0005329999999999999
 Elapse time for dumping two-particle rdm = 0.074852
 Zero-Body energy = 0
 One-Body energy = -239.6894276298898
 Two-Body energy = 92.25404219968216
 One-Body + Two-Body energy = -147.4353854302077
 Zero-Body + One-Body + Two-Body energy = -147.4353854302077
