 Elapsed time for helper construction 1.092541 (sec) 
 Elapsed time for init 0.013386 (sec) 
 Elapsed time for makeQChamDiagTerms 11.31003 (sec) 
 Davidson iteration 0.0 (tol=0.6588574053507836): -157.6242247312259
 Davidson iteration 0.1 (tol=0.2240037212234132): -157.8127299068767 -155.6965740493437
 Davidson iteration 0.2 (tol=0.07348152464071785): -157.8299588850768 -155.9496676516234 -155.3010618602634
 Davidson iteration 0.3 (tol=0.01906804754947679): -157.8319531923224 -156.0954727321531 -155.4765345738278 -155.2822429243665
 Davidson iteration 0.4 (tol=0.007538351894668441): -157.8321155243079 -156.6194340499128 -155.529893774627 -155.3732225860089
 Davidson iteration 0.5 (tol=0.003004302752684703): -157.8321391998327 -156.9708057933692 -155.7004996164187 -155.4594446438479
 Davidson iteration 0.6 (tol=0.00107492372378159): -157.8321428892199 -157.1013053875284 -155.8502745239109 -155.5341220074961
 Davidson iteration 0.7 (tol=0.000392258975261338): -157.8321433705619 -157.1787916810062 -156.3478981930605 -155.6490286942974
 Davidson iteration 1.0 (tol=0.0003922589752549013): -157.8321433705631
 Davidson iteration 1.1 (tol=0.0001518677551023805): -157.8321434277125 -155.9519669260092
 Davidson iteration 1.2 (tol=6.920096766203419e-05): -157.8321434411324 -156.9077003031577 -155.6637510327712
 Davidson iteration 1.3 (tol=2.641427561731858e-05): -157.8321434430224 -157.1349544095641 -155.6982091681537 -155.2140811830251
 Davidson iteration 1.4 (tol=1.045919775893756e-05): -157.8321434433245 -157.2952214889491 -155.8007624260943 -155.5454827127374
 Davidson iteration 1.5 (tol=4.064572901313371e-06): -157.8321434433757 -157.3833565320263 -156.4691530911348 -155.7682558549932
 Elapsed time for davidson 43.427443 (sec) 
 Elapsed time for diagonalization 43.42769699999999 (sec) 
 Elapsed time for mult 0.845194 (sec) 
 Energy = -157.8321434433742
 Elapsed time for measurement 0.09870899999999999 (sec) 
 Sample-based diagonalization: Energy = -157.8321434433742
 Sample-based diagonalization: density = [1.999975543810005,1.993717447998752,1.993390618960375,1.992531996428357,1.986661227961692,1.987039698723398,1.984840049642339,1.984151278690792,1.982452565432571,1.98146469555775,1.971839362481889,1.987078219450886,1.936660067486297,0.09091300958173686,0.009671082088446302,0.01221868534971659,0.01593619773019304,0.01491484553841447,0.01297168583628107,0.01301998722967478,0.01791254147882942,0.01436152326718189,0.01627766896867962
 Sample-based diagonalization: carryover bitstrings = [], size = 0
