 Elapsed time for helper construction 5.903276 (sec) 
 Elapsed time for init 0.060764 (sec) 
 Elapsed time for makeQChamDiagTerms 47.518683 (sec) 
 Davidson iteration 0.0 (tol=0.7285460286026753): -140.2338482388201
 Davidson iteration 0.1 (tol=0.3474552918750849): -140.4708619559083 -138.5447614355008
 Davidson iteration 0.2 (tol=0.1517014514981444): -140.5119231846936 -138.8438033392258 -137.7248019771515
 Davidson iteration 0.3 (tol=0.06044246532969734): -140.5195008812371 -139.1637318537441 -137.7279128151786 -137.4235643823126
 Davidson iteration 0.4 (tol=0.02834462322880937): -140.5209002383904 -139.4982497963794 -138.0893223461388 -137.6378155933006
 Davidson iteration 0.5 (tol=0.01186610750823974): -140.5212195966648 -139.7918903720794 -138.5289711869077 -137.6449240821126
 Davidson iteration 0.6 (tol=0.004695351342115482): -140.5212688855455 -139.9005920155386 -138.6702499771285 -138.0157576261732
 Davidson iteration 0.7 (tol=0.001879459699025066): -140.5212760013691 -139.9504253388938 -138.8491262668062 -138.3170406251769
 Davidson iteration 1.0 (tol=0.001879459699004454): -140.5212760013696
 Davidson iteration 1.1 (tol=0.0008348430879110846): -140.5212769711626 -137.8479007921344
 Davidson iteration 1.2 (tol=0.0003783894321399966): -140.5212772549127 -139.1251293627476 -136.8569386094417
 Davidson iteration 1.3 (tol=0.0001644350351975452): -140.5212773102933 -139.6960269118311 -137.4451901129186 -136.7931697763049
 Davidson iteration 1.4 (tol=7.834565386321212e-05): -140.5212773203228 -139.8888054123103 -137.9275161459571 -137.3517133218253
 Davidson iteration 1.5 (tol=4.048489052489833e-05): -140.5212773227491 -140.0085322123546 -138.8480150481786 -137.353420471236
 Davidson iteration 1.6 (tol=1.937250485344985e-05): -140.5212773233485 -140.079135079185 -139.3370989678461 -137.6711786500271
 Davidson iteration 1.7 (tol=1.006233204169911e-05): -140.5212773235089 -140.1271177435093 -139.6597511168913 -138.1639458664019
 Davidson iteration 2.0 (tol=1.006233211551846e-05): -140.5212773235071
 Davidson iteration 2.1 (tol=6.183425705012522e-06): -140.5212773235434 -138.5970882571869
 Elapsed time for davidson 569.0672969999999 (sec) 
 Elapsed time for diagonalization 569.067605 (sec) 
 Elapsed time for mult 22.625414 (sec) 
 Energy = -140.5212773235426
 Elapsed time for measurement 83.16633999999999 (sec) 
 Sample-based diagonalization: Energy = -140.5212773235426
 Sample-based diagonalization: density = [1.999966991530344,1.994739567464696,1.988683341006739,1.987066954093797,1.986679472437733,1.984081851993252,1.97971287837052,1.981079517173246,1.981825473579604,1.975809181940418,1.948326990613444,1.88767752592358,1.88886857531849,0.1156071789472862,0.1094803003692819,0.05158389442121569,0.0177149296779081,0.01258696846331006,0.01773906200892125,0.01582592648632077,0.01985647080831445,0.01269575103142041,0.01518676397972952,0.01377407442969833,0.01343035755732262
 Sample-based diagonalization: carryover bitstrings = [], size = 0
 Elapse time for dumping one-particle rdm = 0.00081
 Elapse time for dumping two-particle rdm = 0.344792
 Zero-Body energy = 0
 One-Body energy = -241.212492530454
 Two-Body energy = 100.6912152091565
 One-Body + Two-Body energy = -140.5212773212975
 Zero-Body + One-Body + Two-Body energy = -140.5212773212975
