 Elapsed time for helper construction 1.63786 (sec) 
 Elapsed time for init 0.04793099999999999 (sec) 
 Elapsed time for makeQChamDiagTerms 14.560638 (sec) 
 Davidson iteration 0.0 (tol=0.6718440405271131): -153.490766334161
 Davidson iteration 0.1 (tol=0.2727120048202592): -153.679950815399 -151.4445991403303
 Davidson iteration 0.2 (tol=0.1136942644332705): -153.7023883477803 -151.8201696306363 -150.6647282085855
 Davidson iteration 0.3 (tol=0.03616032280991081): -153.7063634647584 -152.0456293355232 -150.7910993944401 -150.4353303667511
 Davidson iteration 0.4 (tol=0.01591298922734479): -153.7067992669926 -152.3809929496285 -151.0980253024182 -150.6562762910667
 Davidson iteration 0.5 (tol=0.006687750079021087): -153.7068884764317 -152.7786926098685 -151.4841895861456 -150.7583009822312
 Davidson iteration 0.6 (tol=0.002870776663436936): -153.7069037826336 -152.9490180480635 -151.6995810637559 -150.7830624940951
 Davidson iteration 0.7 (tol=0.001183091815311817): -153.7069067438264 -153.0376345032122 -152.0040760840478 -151.2749323496042
 Davidson iteration 1.0 (tol=0.001183091815308641): -153.7069067438281
 Davidson iteration 1.1 (tol=0.0005609057800369808): -153.7069071816915 -151.3488652715075
 Davidson iteration 1.2 (tol=0.0002937110028343645): -153.7069073190865 -152.6289794827653 -150.1382951703081
 Davidson iteration 1.3 (tol=0.0001294767007422416): -153.7069073480604 -152.9842494902769 -150.6777564248662 -149.4950625930038
 Davidson iteration 1.4 (tol=5.314918319845288e-05): -153.7069073533479 -153.1075311254643 -150.9107381459164 -150.6166398883272
 Davidson iteration 1.5 (tol=2.257527089298229e-05): -153.7069073544336 -153.1940154557694 -152.0213918925888 -150.6502819331183
 Davidson iteration 1.6 (tol=9.47094837498242e-06): -153.7069073546054 -153.2340850242531 -152.4364914754512 -151.0872412313216
 Elapsed time for davidson 82.540897 (sec) 
 Elapsed time for diagonalization 82.541057 (sec) 
 Elapsed time for mult 2.545169 (sec) 
 Energy = -153.7069073545995
 Elapsed time for measurement 0.142063 (sec) 
 Sample-based diagonalization: Energy = -153.7069073545995
 Sample-based diagonalization: density = [1.999988956579741,1.990751733583837,1.990403454174909,1.989373494892872,1.98497938905239,1.97866718455372,1.985350203193854,1.984951397658777,1.986588218554936,1.988285645844675,1.960243906836358,1.98658266821082,1.934939574533174,0.1013084937123945,0.02013389701256504,0.009790655942295733,0.01648976623028734,0.0155566113552521,0.01334177543979621,0.0198576019765809,0.008283516022176019,0.0178547252334685,0.01627712888592401
 Sample-based diagonalization: carryover bitstrings = [], size = 0
