 Elapsed time for helper construction 1.130702 (sec) 
 Elapsed time for init 0.043018 (sec) 
 Elapsed time for makeQChamDiagTerms 12.695369 (sec) 
 Davidson iteration 0.0 (tol=0.6028581012940059): -140.1197566850724
 Davidson iteration 0.1 (tol=0.1204212861141583): -140.2835711536866 -138.0151668524999
 Davidson iteration 0.2 (tol=0.03049839217597042): -140.2892395717682 -138.6380800079433 -137.9043890051381
 Davidson iteration 0.3 (tol=0.006780879681161033): -140.2896089542966 -138.6380985203133 -138.2449124576055 -137.7844391133066
 Davidson iteration 0.4 (tol=0.001752888892923884): -140.2896314236004 -139.2673580494793 -138.2511147124216 -138.0099144475033
 Davidson iteration 0.5 (tol=0.0003926832082314858): -140.2896326920547 -139.4188102162049 -138.3017839609171 -138.1736855511225
 Davidson iteration 0.6 (tol=8.83212784152156e-05): -140.2896327542034 -139.5304334923219 -138.3612710958305 -138.282051544731
 Davidson iteration 0.7 (tol=2.125698270340713e-05): -140.2896327573505 -139.5919795260558 -138.5193392723142 -138.2895559001115
 Davidson iteration 1.0 (tol=2.125698270808731e-05): -140.2896327573503
 Davidson iteration 1.1 (tol=6.306778675846698e-06): -140.289632757522 -138.2610577197168
 Elapsed time for davidson 43.232436 (sec) 
 Elapsed time for diagonalization 43.234731 (sec) 
 Elapsed time for mult 1.309552 (sec) 
 Energy = -140.2896327575252
 Elapsed time for measurement 0.115165 (sec) 
 Sample-based diagonalization: Energy = -140.2896327575252
 Sample-based diagonalization: density = [1.999976126072188,1.995537849698673,1.991093800785871,1.988097263084881,1.988683711873646,1.98808103632477,1.98500967043523,1.986178230921391,1.983784139175013,1.981585542218744,1.977718416047366,1.990891459696526,1.984745747921463,0.01209223265954774,0.01690326567507489,0.01848290240299074,0.01715090794246657,0.01456245271872436,0.01182021675230246,0.008759817043594863,0.01257569242359415,0.01454926332544403,0.01346603539277851,0.008891159580774244,0.009363059450830047
 Sample-based diagonalization: carryover bitstrings = [], size = 0
