 Elapsed time for helper construction 0.315705 (sec) 
 Elapsed time for init 0.006617 (sec) 
 Elapsed time for makeQChamDiagTerms 0.9332309999999999 (sec) 
 Davidson iteration 0.0 (tol=0.538068549985441): -150.3656959924208
 Davidson iteration 0.1 (tol=0.2359141591527935): -150.4866511545513 -148.3615564467715
 Davidson iteration 0.2 (tol=0.1054246668306552): -150.5026939107672 -148.8162876368584 -147.4005902051158
 Davidson iteration 0.3 (tol=0.04096858121898689): -150.5059243369626 -149.0435920967608 -147.7743752161476 -146.9965304403232
 Davidson iteration 0.4 (tol=0.01611576328797466): -150.5063397525471 -149.2079056917525 -148.0965748249048 -147.4388575296402
 Davidson iteration 0.5 (tol=0.00606607785506411): -150.5064169862018 -149.4617633735322 -148.3362198290894 -147.6436188734482
 Davidson iteration 0.6 (tol=0.002814218501890637): -150.5064257590993 -149.5804361950009 -148.4916594416602 -147.6721586844907
 Davidson iteration 0.7 (tol=0.001060131635796609): -150.5064277202032 -149.6828328421026 -148.7669583392793 -147.9080943255715
 Davidson iteration 1.0 (tol=0.001060131635797031): -150.5064277202027
 Davidson iteration 1.1 (tol=0.0005410329379386007): -150.5064279879581 -148.022519606806
 Davidson iteration 1.2 (tol=0.0002778699762085566): -150.506428077237 -149.3036338484543 -145.625808438796
 Davidson iteration 1.3 (tol=0.0001211388971417225): -150.5064280983389 -149.7424098724313 -147.1611769487437 -144.3850049539189
 Davidson iteration 1.4 (tol=5.100391216384342e-05): -150.5064281017408 -149.9173665687991 -147.2396137955191 -147.1535286658233
 Davidson iteration 1.5 (tol=2.098243784142348e-05): -150.5064281023985 -149.978739536257 -147.8010556486322 -147.1662642282333
 Davidson iteration 1.6 (tol=9.405144150969401e-06): -150.5064281025114 -150.0268140403283 -148.6193711661759 -147.251126509488
 Elapsed time for davidson 8.866996 (sec) 
 Elapsed time for diagonalization 8.867065999999999 (sec) 
 Elapsed time for mult 0.344753 (sec) 
 Energy = -150.5064281025122
 Elapsed time for measurement 0.011774 (sec) 
 Sample-based diagonalization: Energy = -150.5064281025122
 Sample-based diagonalization: density = [1.999996587412306,1.998102729422217,1.992583258367722,1.994588044441483,1.990317162916316,1.985541843915678,1.983875422291817,1.979962257129304,1.979328243014414,1.980954501899854,1.944349874808649,0.09445448279879981,0.01585871658425248,0.01897240557279284,0.0235500664108346,0.01756440295645045
 Sample-based diagonalization: carryover bitstrings = [], size = 0
