 Elapsed time for helper construction 1.091961 (sec) 
 Elapsed time for init 0.016683 (sec) 
 Elapsed time for makeQChamDiagTerms 10.437422 (sec) 
 Davidson iteration 0.0 (tol=0.6110621946306556): -124.9085223895786
 Davidson iteration 0.1 (tol=0.1214804870818275): -125.0817997461218 -122.8373103008077
 Davidson iteration 0.2 (tol=0.02230275835226146): -125.0871810837223 -123.091096633144 -122.3557650595135
 Davidson iteration 0.3 (tol=0.005924665934908007): -125.0873628446835 -123.2109673735167 -122.674301434524 -122.2821567296406
 Davidson iteration 0.4 (tol=0.001642644449598662): -125.0873766903387 -123.4458125211594 -122.8649916656096 -122.449716334235
 Davidson iteration 0.5 (tol=0.0004494050913494446): -125.0873776677195 -123.6698892058803 -123.0083559684559 -122.5250271182238
 Davidson iteration 0.6 (tol=0.0001257372488055857): -125.0873777416505 -123.8132436026962 -123.1249244483638 -122.6014686006558
 Davidson iteration 0.7 (tol=3.990460317672962e-05): -125.0873777481188 -124.0024222393367 -123.3422394047393 -122.8674996099442
 Davidson iteration 1.0 (tol=3.990460317545251e-05): -125.0873777481195
 Davidson iteration 1.1 (tol=1.487889750038935e-05): -125.0873777487215 -123.0056116787631
 Davidson iteration 1.2 (tol=5.306778911858944e-06): -125.0873777488362 -124.0555964546751 -121.8542654665239
 Elapsed time for davidson 35.588119 (sec) 
 Elapsed time for diagonalization 35.588254 (sec) 
 Elapsed time for mult 0.973706 (sec) 
 Energy = -125.0873777488357
 Elapsed time for measurement 0.096898 (sec) 
 Sample-based diagonalization: Energy = -125.0873777488357
 Sample-based diagonalization: density = [1.999973108199914,1.990997793794869,1.989544770395795,1.990206001531544,1.984385393473446,1.981896840499705,1.982255411131987,1.980364068296769,1.981130633174061,1.981058848905833,1.978201909244876,1.991660815011476,0.01697173124362681,0.01336823120752167,0.01655756135949486,0.01716917496730578,0.01542739284198193,0.01605148916117519,0.01553215096151074,0.01555191884019104,0.01407000088100808,0.01297729291211712,0.01464746171049194
 Sample-based diagonalization: carryover bitstrings = [], size = 0
