 Elapsed time for helper construction 1.220047 (sec) 
 Elapsed time for init 0.043675 (sec) 
 Elapsed time for makeQChamDiagTerms 11.332324 (sec) 
 Davidson iteration 0.0 (tol=0.6326654026496488): -123.7198909770749
 Davidson iteration 0.1 (tol=0.1408835995782728): -123.9053948073419 -121.6498526142926
 Davidson iteration 0.2 (tol=0.0259135311425322): -123.9124629654568 -121.907170603185 -121.1001890885083
 Davidson iteration 0.3 (tol=0.006562546884028776): -123.9127057049764 -122.039397440304 -121.4708544124932 -121.0280587350005
 Davidson iteration 0.4 (tol=0.001817951887502474): -123.9127223783667 -122.2492476175954 -121.6695818744212 -121.2180645204853
 Davidson iteration 0.5 (tol=0.0004696863510219748): -123.9127235527914 -122.4384513132581 -121.8152927786424 -121.218143136119
 Davidson iteration 0.6 (tol=0.0001167089347018715): -123.9127236261338 -122.5298262920127 -121.9291895705092 -121.3956485727982
 Davidson iteration 0.7 (tol=2.972339574234073e-05): -123.9127236306257 -122.5646197801841 -122.0166670261464 -121.4983718156657
 Davidson iteration 1.0 (tol=2.972339574429792e-05): -123.912723630627
 Davidson iteration 1.1 (tol=9.966542926601954e-06): -123.9127236309123 -121.2091833437493
 Elapsed time for davidson 42.459785 (sec) 
 Elapsed time for diagonalization 42.46221 (sec) 
 Elapsed time for mult 1.762489 (sec) 
 Energy = -123.9127236309122
 Elapsed time for measurement 0.121988 (sec) 
 Sample-based diagonalization: Energy = -123.9127236309122
 Sample-based diagonalization: density = [1.999971898934943,1.990469791709247,1.989089788820572,1.986043140562096,1.98783515862011,1.98350850221277,1.981499571050115,1.98118398801411,1.98339175624859,1.979672045311272,1.978788632956768,1.976061541039078,0.009791700800517663,0.01906964650648335,0.01191823268393431,0.01598204375520448,0.01627022450681755,0.01660197741996886,0.01607719046063287,0.0158933809259875,0.01199116608171095,0.01614613539489746,0.01680220493494983,0.01594028075493587
 Sample-based diagonalization: carryover bitstrings = [], size = 0
