 Elapsed time for helper construction 1.091924 (sec) 
 Elapsed time for init 0.01843 (sec) 
 Elapsed time for makeQChamDiagTerms 11.170905 (sec) 
 Davidson iteration 0.0 (tol=0.6681528274247944): -155.5370281631937
 Davidson iteration 0.1 (tol=0.187752010502602): -155.7306198563444 -153.5728291087363
 Davidson iteration 0.2 (tol=0.05796107697189654): -155.7435357379476 -153.8617184734416 -153.3784967712903
 Davidson iteration 0.3 (tol=0.01440581947847434): -155.7447800233254 -153.9608834956673 -153.4012200918513 -153.3368056983516
 Davidson iteration 0.4 (tol=0.005132174625011252): -155.7448640375817 -154.3326160267095 -153.4261064905871 -153.4002604806236
 Davidson iteration 0.5 (tol=0.00166843333970669): -155.7448749519109 -154.6794689962493 -153.5144254104525 -153.40928769089
 Davidson iteration 0.6 (tol=0.0005130047961284475): -155.7448760649206 -154.8457975853537 -153.670273377529 -153.4370018331839
 Davidson iteration 0.7 (tol=0.0001791423176582965): -155.7448761716046 -154.9209973271475 -154.1508817514583 -153.553673147732
 Davidson iteration 1.0 (tol=0.0001791423176586703): -155.7448761716029
 Davidson iteration 1.1 (tol=6.364220083654908e-05): -155.7448761833343 -153.6835220537048
 Davidson iteration 1.2 (tol=2.772994857335483e-05): -155.7448761859525 -154.7585275967162 -153.6071948147083
 Davidson iteration 1.3 (tol=9.222803739054577e-06): -155.744876186262 -154.9852210243038 -153.6936523361604 -153.0685645690321
 Elapsed time for davidson 37.877083 (sec) 
 Elapsed time for diagonalization 37.877313 (sec) 
 Elapsed time for mult 0.918801 (sec) 
 Energy = -155.7448761862618
 Elapsed time for measurement 0.097825 (sec) 
 Sample-based diagonalization: Energy = -155.7448761862618
 Sample-based diagonalization: density = [1.999974731928219,1.994090714402209,1.993210896262324,1.989977826233599,1.986557065700359,1.986748704630112,1.984479174066383,1.980711292210926,1.981707943026951,1.984401352099499,1.974871280997569,1.987437111930878,1.949496764091497,0.07695769245366672,0.01281833980959141,0.0160734534999481,0.01574436559227497,0.008128068615050464,0.01485831408772811,0.01607816487435235,0.01579092471140916,0.01511133216702865,0.01477448631019468
 Sample-based diagonalization: carryover bitstrings = [], size = 0
