 Elapsed time for helper construction 0.632115 (sec) 
 Elapsed time for init 0.012949 (sec) 
 Elapsed time for makeQChamDiagTerms 3.743136 (sec) 
 Davidson iteration 0.0 (tol=0.5456103847824343): -149.390870062887
 Davidson iteration 0.1 (tol=0.2402884248862502): -149.5193261425632 -147.4797469570192
 Davidson iteration 0.2 (tol=0.1086671786896375): -149.5368139529955 -147.927999454592 -146.6280774730203
 Davidson iteration 0.3 (tol=0.04155738132773754): -149.5404713117475 -148.1254364865033 -146.9154731059888 -146.3331679647968
 Davidson iteration 0.4 (tol=0.01683450183181093): -149.5409286290966 -148.298610677051 -147.2229805062461 -146.6430276512217
 Davidson iteration 0.5 (tol=0.005826211443751924): -149.541020536978 -148.5653660288585 -147.4302255037148 -146.9685796792545
 Davidson iteration 0.6 (tol=0.00244089219481674): -149.5410310595986 -148.6764175669453 -147.5847998388132 -147.0111265314665
 Davidson iteration 0.7 (tol=0.001009178601641861): -149.5410326688832 -148.7511116136558 -147.832375307326 -147.1168499706297
 Davidson iteration 1.0 (tol=0.001009178601646887): -149.541032668883
 Davidson iteration 1.1 (tol=0.0004958509227425946): -149.5410329238677 -146.8136398995549
 Davidson iteration 1.2 (tol=0.0002291789313632306): -149.5410330053589 -148.3003098892017 -144.9365724096038
 Davidson iteration 1.3 (tol=9.691065477439286e-05): -149.5410330223829 -148.7186674634026 -146.683532271292 -143.845304177144
 Davidson iteration 1.4 (tol=4.115460824197901e-05): -149.5410330249081 -148.8704863482188 -146.7591372098281 -146.3554988942853
 Davidson iteration 1.5 (tol=1.69522510006507e-05): -149.5410330254219 -148.9995312963472 -147.4545757355818 -146.6947835630607
 Davidson iteration 1.6 (tol=8.602220081092785e-06): -149.5410330255165 -149.0745778609295 -148.1780954665293 -147.0615063868152
 Elapsed time for davidson 29.04278 (sec) 
 Elapsed time for diagonalization 29.042917 (sec) 
 Elapsed time for mult 0.825264 (sec) 
 Energy = -149.5410330255182
 Elapsed time for measurement 0.042461 (sec) 
 Sample-based diagonalization: Energy = -149.5410330255182
 Sample-based diagonalization: density = [1.999996942409944,1.997976818497995,1.992352320953522,1.994399046826719,1.988395026027483,1.985165002033523,1.991940189493786,1.968690991195189,1.976759883725775,1.983586271128462,1.930852821285537,0.1083585327310937,0.0207425123060712,0.01193333178803433,0.002390306644449562,0.00529615228647426,0.02243264790120007,0.01873120256981181
 Sample-based diagonalization: carryover bitstrings = [], size = 0
