 Elapsed time for helper construction 1.426373 (sec) 
 Elapsed time for init 0.022651 (sec) 
 Elapsed time for makeQChamDiagTerms 13.298574 (sec) 
 Davidson iteration 0.0 (tol=0.6356170479590156): -125.8722078123364
 Davidson iteration 0.1 (tol=0.1529770088997171): -126.0556346882375 -123.7601987165741
 Davidson iteration 0.2 (tol=0.0273078231752553): -126.0635474942157 -124.0435810300688 -123.0827821290934
 Davidson iteration 0.3 (tol=0.006676547199501764): -126.0637969049169 -124.1375807619551 -123.4904868745152 -123.0164819734336
 Davidson iteration 0.4 (tol=0.001849457677925935): -126.0638131664376 -124.3101120962421 -123.7704450318354 -123.2307787640208
 Davidson iteration 0.5 (tol=0.0004887851226532838): -126.0638143259734 -124.5191121119236 -123.9450228813953 -123.2321468190465
 Davidson iteration 0.6 (tol=0.0001155273549733201): -126.0638144024262 -124.6275377420833 -124.0490990430127 -123.4542520150552
 Davidson iteration 0.7 (tol=2.758588110425787e-05): -126.0638144066726 -124.6648711797599 -124.1204450238075 -123.5716672214334
 Davidson iteration 1.0 (tol=2.758588110415545e-05): -126.0638144066727
 Davidson iteration 1.1 (tol=8.739185760872361e-06): -126.0638144069049 -123.1971170914425
 Elapsed time for davidson 48.350016 (sec) 
 Elapsed time for diagonalization 48.350141 (sec) 
 Elapsed time for mult 1.806152 (sec) 
 Energy = -126.0638144069061
 Elapsed time for measurement 0.122294 (sec) 
 Sample-based diagonalization: Energy = -126.0638144069061
 Sample-based diagonalization: density = [1.999973353513234,1.990545315870714,1.989346616492094,1.986417193710447,1.98681130404872,1.982314025384729,1.983276030178258,1.981705946261796,1.982101564461848,1.979264167653137,1.978045627525002,1.980023259760809,0.009248522879606728,0.01727466800909397,0.01865547462523175,0.01414221408796671,0.01590254362768413,0.01508056832646572,0.01465352298584266,0.01254875664044714,0.01546073332048876,0.01532849318434224,0.01611011671839938,0.01576998037296311
 Sample-based diagonalization: carryover bitstrings = [], size = 0
