 Elapsed time for helper construction 1.989982 (sec) 
 Elapsed time for init 0.01516 (sec) 
 Elapsed time for makeQChamDiagTerms 12.965011 (sec) 
 Davidson iteration 0.0 (tol=0.6176910915866649): -129.8896991759795
 Davidson iteration 0.1 (tol=0.1639477962716214): -130.0592792738043 -127.766235391506
 Davidson iteration 0.2 (tol=0.05523572753788459): -130.0689081262272 -128.4395407998773 -127.5641638030483
 Davidson iteration 0.3 (tol=0.01505772298767259): -130.0700647016636 -128.5280291166476 -127.7833525933003 -127.4699955272422
 Davidson iteration 0.4 (tol=0.006323770959200778): -130.0702005781152 -129.3375313561287 -128.0034878338797 -127.6669332851785
 Davidson iteration 0.5 (tol=0.002037667477806688): -130.0702182187522 -129.5168059612025 -128.0513800746792 -127.8228093580075
 Davidson iteration 0.6 (tol=0.0005755838966575395): -130.0702198757596 -129.5817424499772 -128.233885357099 -127.8395437341965
 Davidson iteration 0.7 (tol=0.0001537264208791998): -130.0702199972982 -129.6031422292558 -128.424487081408 -127.8615113021052
 Davidson iteration 1.0 (tol=0.0001537264208805241): -130.0702199972983
 Davidson iteration 1.1 (tol=4.878673921588921e-05): -130.0702200050507 -127.527196565773
 Davidson iteration 1.2 (tol=1.45012342877443e-05): -130.0702200060405 -128.4426672288165 -126.8153566024215
 Davidson iteration 1.3 (tol=3.801197481125468e-06): -130.0702200061117 -128.8269143838699 -127.1393806529824 -126.6662037944022
 Elapsed time for davidson 53.866912 (sec) 
 Elapsed time for diagonalization 53.867293 (sec) 
 Elapsed time for mult 1.607245 (sec) 
 Energy = -130.070220006111
 Elapsed time for measurement 0.119641 (sec) 
 Sample-based diagonalization: Energy = -130.070220006111
 Sample-based diagonalization: density = [1.999971666129951,1.993570285426776,1.990197185446652,1.987531171987695,1.984652050077115,1.981161405738444,1.980339765589343,1.985073267107639,1.980886637683027,1.981013116242593,1.984856270854852,1.973650723147316,0.02254110820733684,0.01929127603555803,0.0117759377492485,0.01169467954233783,0.01198534619520295,0.01497569452336435,0.01452415948840634,0.01431502630768587,0.01498872907833109,0.01629494128210633,0.01424198262467521,0.01046757314805367
 Sample-based diagonalization: carryover bitstrings = [], size = 0
