 Elapsed time for helper construction 0.51063 (sec) 
 Elapsed time for init 0.016592 (sec) 
 Elapsed time for makeQChamDiagTerms 2.642647 (sec) 
 Davidson iteration 0.0 (tol=0.5277683626313687): -89.79614888066969
 Davidson iteration 0.1 (tol=0.1431222892284016): -89.92480811669435 -87.72685692952395
 Davidson iteration 0.2 (tol=0.02916763643477538): -89.93172892913978 -88.04707124449783 -86.87359472431852
 Davidson iteration 0.3 (tol=0.007186748484773686): -89.93198615172052 -88.13738858716476 -87.25023333884992 -86.62033838529923
 Davidson iteration 0.4 (tol=0.002029818322733876): -89.9320024726691 -88.22182362142077 -87.58474529249796 -86.72201851944007
 Davidson iteration 0.5 (tol=0.0005930873802296584): -89.93200372371496 -88.35640016665393 -87.86360629204859 -86.81022029636495
 Davidson iteration 0.6 (tol=0.0001434057942337719): -89.93200382703908 -88.47181124194968 -87.98893349174799 -87.05728523492569
 Davidson iteration 0.7 (tol=3.846475213460974e-05): -89.93200383306365 -88.52602954546147 -88.0642080612924 -87.30514653302139
 Davidson iteration 1.0 (tol=3.846475213279034e-05): -89.93200383306458
 Davidson iteration 1.1 (tol=1.275460620803955e-05): -89.93200383346765 -86.76234513797745
 Davidson iteration 1.2 (tol=3.722223648368896e-06): -89.93200383352735 -88.02973226386891 -85.9064505783539
 Elapsed time for davidson 17.038324 (sec) 
 Elapsed time for diagonalization 17.039632 (sec) 
 Elapsed time for mult 0.8343429999999999 (sec) 
 Energy = -89.93200383352632
 Elapsed time for measurement 0.035855 (sec) 
 Sample-based diagonalization: Energy = -89.93200383352632
 Sample-based diagonalization: density = [1.999969009904746,1.989884554590022,1.986835056415664,1.989786277170029,1.980815719904326,1.979999824308489,1.978388030934501,1.977071439629464,1.980030555371215,0.01465399292008962,0.01991443919839769,0.02003029834635862,0.0183016016531355,0.01881143491042865,0.0173771040554599,0.01232042987886247,0.01581023066618229
 Sample-based diagonalization: carryover bitstrings = [], size = 0
