 Elapsed time for helper construction 0.855792 (sec) 
 Elapsed time for init 0.01494 (sec) 
 Elapsed time for makeQChamDiagTerms 8.652687 (sec) 
 Davidson iteration 0.0 (tol=0.4848736631305728): -130.3220872513783
 Davidson iteration 0.1 (tol=0.074977495858685): -130.4328209737195 -128.3097195961966
 Davidson iteration 0.2 (tol=0.02260554785455558): -130.4356340615401 -129.2503903536633 -128.2785343444313
 Davidson iteration 0.3 (tol=0.005399150884725748): -130.4358793468793 -129.3245645612753 -128.5530791771337 -128.2198851256348
 Davidson iteration 0.4 (tol=0.001562659053856849): -130.4358995203924 -129.861387471977 -128.5667103002378 -128.3620753932697
 Davidson iteration 0.5 (tol=0.000329492355111511): -130.4359006447681 -129.9252496087331 -128.6143468975191 -128.4757989575697
 Davidson iteration 0.6 (tol=6.6968612571965e-05): -130.4359006923422 -129.954407251728 -128.7295382148524 -128.6056127414203
 Davidson iteration 0.7 (tol=1.3355526544933e-05): -130.4359006941437 -129.9571552354982 -128.8737652099873 -128.6097394586197
 Davidson iteration 1.0 (tol=1.33555265446573e-05): -130.4359006941439
 Davidson iteration 1.1 (tol=3.646738392401076e-06): -130.435900694217 -128.5887765423769
 Elapsed time for davidson 25.554697 (sec) 
 Elapsed time for diagonalization 25.554966 (sec) 
 Elapsed time for mult 0.596927 (sec) 
 Energy = -130.4359006942166
 Elapsed time for measurement 0.07499399999999999 (sec) 
 Sample-based diagonalization: Energy = -130.4359006942166
 Sample-based diagonalization: density = [1.999982972668877,1.996890741683991,1.995199642690644,1.994172544708186,1.99222741865977,1.986422639384603,1.986278599806373,1.987831071110531,1.983539807506222,1.990056388110481,1.991312318619112,1.983231648730065,0.01239516903406796,0.01115886789877447,0.009408077643020846,0.01283722293043795,0.002521585201183133,0.008702422253965145,0.01011820994527216,0.01055865093661826,0.008001252327545987,0.009139268254671051,0.01289365931481341,0.005119820394909365
 Sample-based diagonalization: carryover bitstrings = [], size = 0
