 Elapsed time for helper construction 1.573958 (sec) 
 Elapsed time for init 0.047134 (sec) 
 Elapsed time for makeQChamDiagTerms 11.855708 (sec) 
 Davidson iteration 0.0 (tol=0.6301932672900228): -113.5135237223054
 Davidson iteration 0.1 (tol=0.1856218762398388): -113.6900076496896 -111.3523286850313
 Davidson iteration 0.2 (tol=0.03638813890028564): -113.7012611529576 -111.718654238974 -110.4656328823506
 Davidson iteration 0.3 (tol=0.009461737662310697): -113.7016642428162 -111.8164004238274 -110.8772288881462 -110.3760502234144
 Davidson iteration 0.4 (tol=0.002763105840662537): -113.701693228673 -111.9386939023403 -111.2352804345081 -110.5280138630781
 Davidson iteration 0.5 (tol=0.0008184962487659014): -113.7016955943724 -112.0909124826475 -111.5074309681009 -110.5313831213711
 Davidson iteration 0.6 (tol=0.0002197250655026386): -113.7016957998923 -112.2140620838023 -111.6720268695855 -110.8385145670506
 Davidson iteration 0.7 (tol=6.050745156566372e-05): -113.7016958147756 -112.2720200933568 -111.7784864782802 -111.0818945676224
 Davidson iteration 1.0 (tol=6.05074515672395e-05): -113.7016958147773
 Davidson iteration 1.1 (tol=2.080559430695517e-05): -113.7016958157954 -110.6105061517231
 Davidson iteration 1.2 (tol=6.524709276915638e-06): -113.7016958159465 -111.7372910684195 -109.6573311951056
 Elapsed time for davidson 62.026827 (sec) 
 Elapsed time for diagonalization 62.02704199999999 (sec) 
 Elapsed time for mult 2.72794 (sec) 
 Energy = -113.701695815944
 Elapsed time for measurement 0.119107 (sec) 
 Sample-based diagonalization: Energy = -113.701695815944
 Sample-based diagonalization: density = [1.999969704497487,1.989888960590632,1.988988860402533,1.985938592379795,1.982712040345955,1.981589755340585,1.979290607042934,1.981105574359862,1.976231048566281,1.977591796786522,1.975305637084169,0.006439829401749699,0.0165215222392594,0.01756935462752855,0.01696387513263405,0.01547652679815085,0.01555248273267686,0.01415407002271614,0.01444095720712137,0.01583128437307811,0.01651183599931856,0.01591124525602124,0.01601443843935472
 Sample-based diagonalization: carryover bitstrings = [], size = 0
