 Elapsed time for helper construction 1.259265 (sec) 
 Elapsed time for init 0.043571 (sec) 
 Elapsed time for makeQChamDiagTerms 10.450402 (sec) 
 Davidson iteration 0.0 (tol=0.6653029604478047): -144.5112501762399
 Davidson iteration 0.1 (tol=0.2298820175455744): -144.7018437722129 -142.4548487322717
 Davidson iteration 0.2 (tol=0.08489270476769308): -144.7189952813122 -142.8128293219235 -141.8436909298923
 Davidson iteration 0.3 (tol=0.02448774513820617): -144.7214776148384 -143.0775378476392 -141.9700614751523 -141.6634007163565
 Davidson iteration 0.4 (tol=0.009621445957123631): -144.7217188948514 -143.489752297699 -142.2856414095444 -141.8451135968898
 Davidson iteration 0.5 (tol=0.003561015938416826): -144.7217552178706 -143.8525417423283 -142.5711090685548 -141.9664153496958
 Davidson iteration 0.6 (tol=0.001383425982548245): -144.7217599346646 -143.9763580244756 -142.8056151186543 -142.0461339077824
 Davidson iteration 0.7 (tol=0.0006107775742893739): -144.7217607534374 -144.0683557000639 -143.2572065546908 -142.4419723958131
 Davidson iteration 1.0 (tol=0.000610777574286547): -144.721760753436
 Davidson iteration 1.1 (tol=0.0002514769013776875): -144.7217608842624 -142.5290344823128
 Davidson iteration 1.2 (tol=0.0001398979439864481): -144.7217609237804 -143.7886062029409 -142.3351165045175
 Davidson iteration 1.3 (tol=5.377298675244897e-05): -144.721760931187 -144.0429290140123 -142.3567725599598 -141.643750331798
 Davidson iteration 1.4 (tol=2.05689830552236e-05): -144.7217609322913 -144.1652017056378 -142.4905741298654 -142.2308316542356
 Davidson iteration 1.5 (tol=8.044727434793398e-06): -144.7217609324746 -144.2416637565996 -143.2825839702005 -142.2896042787922
 Elapsed time for davidson 54.632754 (sec) 
 Elapsed time for diagonalization 54.63409 (sec) 
 Elapsed time for mult 1.45116 (sec) 
 Energy = -144.7217609324763
 Elapsed time for measurement 0.116299 (sec) 
 Sample-based diagonalization: Energy = -144.7217609324763
 Sample-based diagonalization: density = [1.999989759485664,1.991455361213012,1.990876375102308,1.988568883482395,1.983942088362018,1.982287665327771,1.984340276998443,1.980995930799994,1.974582891197219,1.963526677617812,1.987241935660627,1.951732649987499,0.08624216534030041,0.01872519408187873,0.01505276567642091,0.009686891119812299,0.01657912168697868,0.01584381949485505,0.01576568635440739,0.0113759824670233,0.01708102738027977,0.01410685081857354
 Sample-based diagonalization: carryover bitstrings = [], size = 0
