 Elapsed time for helper construction 0.792443 (sec) 
 Elapsed time for init 0.010743 (sec) 
 Elapsed time for makeQChamDiagTerms 4.344641 (sec) 
 Davidson iteration 0.0 (tol=0.5522833615658642): -148.907466120757
 Davidson iteration 0.1 (tol=0.2437165560482213): -149.0387894283522 -146.9999452830775
 Davidson iteration 0.2 (tol=0.1110836646116424): -149.056669258551 -147.4291320310804 -146.0832056236481
 Davidson iteration 0.3 (tol=0.0424473099167955): -149.0604567922816 -147.638022266756 -146.4567852371468 -145.7982084864349
 Davidson iteration 0.4 (tol=0.0172414564353314): -149.0609433499214 -147.8309048320127 -146.7478122676306 -146.0495290496615
 Davidson iteration 0.5 (tol=0.006074164998041178): -149.0610385311336 -148.0805743835762 -146.9551724237344 -146.3496277004454
 Davidson iteration 0.6 (tol=0.002611866043271541): -149.061049687639 -148.2002368262964 -147.1169252690707 -146.3660086893807
 Davidson iteration 0.7 (tol=0.001098960198835071): -149.061051460292 -148.2799884464883 -147.3706933048848 -146.593466949857
 Davidson iteration 1.0 (tol=0.001098960198829966): -149.0610514602915
 Davidson iteration 1.1 (tol=0.0005513198914388917): -149.0610517667217 -146.3607236134864
 Davidson iteration 1.2 (tol=0.0002656415564491659): -149.061051875167 -147.8890570800039 -144.3758120473142
 Davidson iteration 1.3 (tol=0.000113224623139076): -149.0610518995358 -148.3290793126027 -146.1383074810247 -143.7936255880188
 Davidson iteration 1.4 (tol=4.847581731954635e-05): -149.0610519030311 -148.4505018827864 -146.1771566234794 -145.7376555929038
 Davidson iteration 1.5 (tol=1.955594192988968e-05): -149.0610519037026 -148.5323442537092 -146.8004377475897 -146.1535547540024
 Davidson iteration 1.6 (tol=8.918501842182476e-06): -149.0610519038219 -148.5842588937043 -147.5311769092899 -146.4825360226466
 Elapsed time for davidson 32.367922 (sec) 
 Elapsed time for diagonalization 32.368097 (sec) 
 Elapsed time for mult 0.99622 (sec) 
 Energy = -149.0610519038206
 Elapsed time for measurement 0.050834 (sec) 
 Sample-based diagonalization: Energy = -149.0610519038206
 Sample-based diagonalization: density = [1.99999688003005,1.997926548052198,1.992198799806111,1.993890140580528,1.987927506661978,1.985278533620344,1.995242962536062,1.964904899249197,1.977302746987862,1.982724178612379,1.928158734104078,0.1113509256281796,0.02035606931584462,0.01186512636595291,0.003219826279890515,0.007962038417169422,0.01984294134634151,0.01985114216435936
 Sample-based diagonalization: carryover bitstrings = [], size = 0
