 Elapsed time for helper construction 0.9855149999999999 (sec) 
 Elapsed time for init 0.013926 (sec) 
 Elapsed time for makeQChamDiagTerms 9.534853999999999 (sec) 
 Davidson iteration 0.0 (tol=0.6167400140794378): -125.8722078123364
 Davidson iteration 0.1 (tol=0.1062669043116739): -126.0482893924843 -123.8025645541907
 Davidson iteration 0.2 (tol=0.01709308146774683): -126.0525168900132 -124.0125914057707 -123.4219950748609
 Davidson iteration 0.3 (tol=0.004157598094823882): -126.0526343133161 -124.1939575163642 -123.7705273540582 -123.3362584713388
 Davidson iteration 0.4 (tol=0.00103644310841769): -126.0526413081372 -124.4215497451058 -123.8717763857738 -123.4646831760193
 Davidson iteration 0.5 (tol=0.0002221349640273658): -126.0526416817344 -124.5574529629349 -123.9460148766533 -123.4851961931609
 Davidson iteration 0.6 (tol=4.623536709976464e-05): -126.0526416983004 -124.6026604187232 -124.0309397478595 -123.6289826458366
 Davidson iteration 0.7 (tol=1.058222587661066e-05): -126.0526416990531 -124.6137108569453 -124.1317602141355 -123.7849444473709
 Davidson iteration 1.0 (tol=1.058222587707408e-05): -126.0526416990529
 Davidson iteration 1.1 (tol=3.270684226278666e-06): -126.0526416990917 -123.4676264851593
 Elapsed time for davidson 29.761825 (sec) 
 Elapsed time for diagonalization 29.762088 (sec) 
 Elapsed time for mult 0.8510529999999999 (sec) 
 Energy = -126.0526416990929
 Elapsed time for measurement 0.086671 (sec) 
 Sample-based diagonalization: Energy = -126.0526416990929
 Sample-based diagonalization: density = [1.999974545748785,1.990899149276512,1.989776427904683,1.987718710649744,1.988038284373461,1.983081578956636,1.984352172392285,1.984133548434571,1.983816394182768,1.980640434721667,1.979343829401341,1.981226362963651,0.008434681362793468,0.01531027161959821,0.01756189972302419,0.01202639241898758,0.01410407722141729,0.01422644519197826,0.01394206588257623,0.0117802781650521,0.01473805630778426,0.01468990502785516,0.01516722583498375,0.01501726198095835
 Sample-based diagonalization: carryover bitstrings = [], size = 0
