 Elapsed time for helper construction 0.939916 (sec) 
 Elapsed time for init 0.016006 (sec) 
 Elapsed time for makeQChamDiagTerms 7.186226 (sec) 
 Davidson iteration 0.0 (tol=0.5473731014627307): -147.3823444890306
 Davidson iteration 0.1 (tol=0.2316000921827854): -147.5091305808125 -145.453864881831
 Davidson iteration 0.2 (tol=0.09673486666110137): -147.5258614978489 -145.8919015462669 -144.7694754271451
 Davidson iteration 0.3 (tol=0.03448007951815523): -147.5289343936688 -146.0721428019494 -145.0201825863282 -144.6604995354068
 Davidson iteration 0.4 (tol=0.01359788971617769): -147.529291232589 -146.2813382030821 -145.2730213241491 -144.7784519884767
 Davidson iteration 0.5 (tol=0.00495497209629884): -147.5293624298014 -146.6236437111453 -145.4668643360708 -145.0858988602778
 Davidson iteration 0.6 (tol=0.002042308648221515): -147.5293708185106 -146.7514581288311 -145.6253821010764 -145.1297973260972
 Davidson iteration 0.7 (tol=0.0008281278576588132): -147.5293721861952 -146.8414533174371 -146.0181661860359 -145.2911596087997
 Davidson iteration 1.0 (tol=0.0008281278576636405): -147.5293721861966
 Davidson iteration 1.1 (tol=0.0003902357238795456): -147.5293723922724 -145.3610549295016
 Davidson iteration 1.2 (tol=0.0002013188030397774): -147.5293724561093 -146.6656331724273 -144.090829407863
 Davidson iteration 1.3 (tol=8.788900444163254e-05): -147.5293724706918 -146.9943262825885 -144.8982398881498 -143.2437792265385
 Davidson iteration 1.4 (tol=4.184127868260272e-05): -147.529372473316 -147.1194928196408 -145.2117113753736 -144.8970961922912
 Davidson iteration 1.5 (tol=1.810054528672746e-05): -147.5293724739601 -147.2078604694752 -145.9629972693357 -144.908423538424
 Davidson iteration 1.6 (tol=8.391614568942614e-06): -147.5293724740898 -147.2487629034065 -146.501728271004 -145.2620573674888
 Elapsed time for davidson 45.217394 (sec) 
 Elapsed time for diagonalization 45.217629 (sec) 
 Elapsed time for mult 1.313292 (sec) 
 Energy = -147.5293724740893
 Elapsed time for measurement 0.080618 (sec) 
 Sample-based diagonalization: Energy = -147.5293724740893
 Sample-based diagonalization: density = [1.999997001463999,1.997787105114472,1.992473914093036,1.993886069263418,1.990217101032078,1.987112077232515,1.995306306833372,1.966101704225566,1.977664258329178,1.984530637663102,1.93597367458669,0.0997312795699079,0.008889153346056413,0.007883847224210394,0.009779932583856978,0.009352064459501267,0.003027751929239246,0.01028070738415621,0.01304349795938128,0.01696191541540648
 Sample-based diagonalization: carryover bitstrings = [], size = 0
