 Elapsed time for helper construction 0.364955 (sec) 
 Elapsed time for init 0.009668 (sec) 
 Elapsed time for makeQChamDiagTerms 1.385339 (sec) 
 Davidson iteration 0.0 (tol=0.5412782584907615): -88.89680217934043
 Davidson iteration 0.1 (tol=0.186425428811158): -89.03104694189179 -86.81319815452051
 Davidson iteration 0.2 (tol=0.04410609050568464): -89.04282425557672 -87.2446512106394 -85.79291027538321
 Davidson iteration 0.3 (tol=0.01229301218543859): -89.0433901019579 -87.3384135381463 -86.23039298265171 -85.57798556408754
 Davidson iteration 0.4 (tol=0.003751814268933412): -89.04343686376795 -87.41979207773768 -86.61743229502191 -85.79128986254241
 Davidson iteration 0.5 (tol=0.00127072334902017): -89.04344126430776 -87.53692692271936 -86.98125447299029 -85.81313702214439
 Davidson iteration 0.6 (tol=0.0003627617475500145): -89.04344174641525 -87.64981157264901 -87.17742909667643 -86.19872159141941
 Davidson iteration 0.7 (tol=9.786617779314277e-05): -89.04344178694936 -87.70670231347225 -87.29118709200148 -86.53822159171192
 Davidson iteration 1.0 (tol=9.786617779211498e-05): -89.04344178694947
 Davidson iteration 1.1 (tol=3.473841459345439e-05): -89.04344178959525 -86.00794201564247
 Davidson iteration 1.2 (tol=1.272196552113638e-05): -89.04344179002091 -87.1770811450143 -84.99673544025885
 Davidson iteration 1.3 (tol=4.055182286885471e-06): -89.04344179006615 -87.57077811791231 -85.66276312079552 -84.26036656831502
 Elapsed time for davidson 10.314527 (sec) 
 Elapsed time for diagonalization 10.314636 (sec) 
 Elapsed time for mult 0.480056 (sec) 
 Energy = -89.04344179006628
 Elapsed time for measurement 0.13493 (sec) 
 Sample-based diagonalization: Energy = -89.04344179006628
 Sample-based diagonalization: density = [1.999966124798264,1.989131817453862,1.985131013183518,1.986686854417084,1.979152168446457,1.977596633294867,1.977679652483169,1.975275532158703,1.972609199446014,0.01952915640860582,0.01685014032249971,0.02388136262727301,0.021689500178364,0.01756253540766006,0.01839906708946884,0.01966137082150222,0.01919787141576958
 Sample-based diagonalization: carryover bitstrings = [], size = 0
