 Elapsed time for helper construction 1.424504 (sec) 
 Elapsed time for init 0.050129 (sec) 
 Elapsed time for makeQChamDiagTerms 15.951897 (sec) 
 Davidson iteration 0.0 (tol=0.682091242034718): -164.3780882268973
 Davidson iteration 0.1 (tol=0.2389881090920537): -164.5777699516667 -162.4282036439566
 Davidson iteration 0.2 (tol=0.08296461787583936): -164.5968467381655 -162.6965658471495 -162.014959252887
 Davidson iteration 0.3 (tol=0.02474408442363174): -164.599243365469 -162.837864633519 -162.1464166101453 -161.9677069801324
 Davidson iteration 0.4 (tol=0.009705026361236546): -164.5994730393475 -163.2002742495325 -162.2236364197089 -162.0233235795033
 Davidson iteration 0.5 (tol=0.00342428260162108): -164.5995128039397 -163.627028115714 -162.360441299318 -162.1801877161561
 Davidson iteration 0.6 (tol=0.001168913089382961): -164.5995173310989 -163.7903389515118 -162.5091063832662 -162.1871368920958
 Davidson iteration 0.7 (tol=0.0004144935141596602): -164.5995178259266 -163.8548943377918 -162.8041387954841 -162.3243113070241
 Davidson iteration 1.0 (tol=0.0004144935141609735): -164.5995178259276
 Davidson iteration 1.1 (tol=0.0001769365517881311): -164.5995178854009 -162.544388432262
 Davidson iteration 1.2 (tol=7.208816133767744e-05): -164.5995179001945 -163.4515846429169 -161.5503751661428
 Davidson iteration 1.3 (tol=2.601007262689119e-05): -164.5995179021301 -163.7557410934582 -161.9721280763987 -161.3491635006601
 Davidson iteration 1.4 (tol=9.709771853763863e-06): -164.5995179023787 -163.8911473094541 -162.2615177808529 -161.9502385226277
 Elapsed time for davidson 62.622266 (sec) 
 Elapsed time for diagonalization 62.640358 (sec) 
 Elapsed time for mult 1.358798 (sec) 
 Energy = -164.5995179023775
 Elapsed time for measurement 0.141042 (sec) 
 Sample-based diagonalization: Energy = -164.5995179023775
 Sample-based diagonalization: density = [1.999976115749751,1.993188591114797,1.993840376888399,1.990746755014577,1.986400257717954,1.98720564386555,1.986249667507055,1.983900687649589,1.979592759662359,1.980811854006372,1.973373180390325,1.99368393179134,1.98682203649341,1.933632690690141,0.09380602250060037,0.01712766801321279,0.006682546849490194,0.01560485835737825,0.00908960980569503,0.009540621729957243,0.01159374125145071,0.01822027068317442,0.01495061255910394,0.01637333004875943,0.01758616918292046
 Sample-based diagonalization: carryover bitstrings = [], size = 0
