 Elapsed time for helper construction 0.278178 (sec) 
 Elapsed time for init 0.003491 (sec) 
 Elapsed time for makeQChamDiagTerms 1.028153 (sec) 
 Davidson iteration 0.0 (tol=0.5750602416320778): -155.4095454115447
 Davidson iteration 0.1 (tol=0.2579561957472492): -155.5446429547625 -153.4656115354047
 Davidson iteration 0.2 (tol=0.1157532782065099): -155.5634995918736 -153.8584357567933 -152.4826559527171
 Davidson iteration 0.3 (tol=0.04580254827132752): -155.5672552470949 -154.0539207999295 -152.8969086037787 -152.065299076789
 Davidson iteration 0.4 (tol=0.01967415207518157): -155.5677637242082 -154.2508186973573 -153.1894747018657 -152.450309903216
 Davidson iteration 0.5 (tol=0.007932914867495687): -155.5678716387267 -154.5156549328068 -153.4167639779814 -152.4581599933069
 Davidson iteration 0.6 (tol=0.003835250142039322): -155.5678876114396 -154.6826403570561 -153.641291389737 -152.5754707617122
 Davidson iteration 0.7 (tol=0.00170848317679739): -155.5678915894768 -154.8429169304931 -154.0272883056348 -152.9702789061265
 Davidson iteration 1.0 (tol=0.001708483176793106): -155.5678915894771
 Davidson iteration 1.1 (tol=0.0008999900162680879): -155.5678922594494 -152.6648194772089
 Davidson iteration 1.2 (tol=0.0005136926003466121): -155.5678925211032 -154.5399583963536 -150.0104676605482
 Davidson iteration 1.3 (tol=0.0002521908757392674): -155.56789259958 -155.0180418454619 -151.9051661012497 -148.7524849833503
 Davidson iteration 1.4 (tol=0.0001114106560087421): -155.5678926143074 -155.1197415258455 -152.178687797045 -151.4946209484691
 Davidson iteration 1.5 (tol=5.249029145354052e-05): -155.567892617563 -155.1778010656011 -153.3828770507429 -151.8739768370767
 Davidson iteration 1.6 (tol=2.635467219067798e-05): -155.5678926182812 -155.2210251394941 -154.1611672470564 -151.9220392361743
 Davidson iteration 1.7 (tol=1.172299050162881e-05): -155.5678926184841 -155.2556116281695 -154.6478443671757 -152.1137535996351
 Davidson iteration 2.0 (tol=1.172299044853156e-05): -155.5678926184848
 Davidson iteration 2.1 (tol=6.922313293691968e-06): -155.5678926185247 -153.7848075084264
 Elapsed time for davidson 10.802649 (sec) 
 Elapsed time for diagonalization 10.802731 (sec) 
 Elapsed time for mult 0.343437 (sec) 
 Energy = -155.5678926185226
 Elapsed time for measurement 0.01441 (sec) 
 Sample-based diagonalization: Energy = -155.5678926185226
 Sample-based diagonalization: density = [1.999996754581087,1.997763961275038,1.992143094369313,1.986100927830576,1.987668601269667,1.977932613967794,1.987072908647501,1.996067897005342,1.982760530334501,1.92180140466246,1.977781852493379,0.1075789958377574,0.0169677166604414,0.02387810836777244,0.02215209707073551,0.02233253556973177
 Sample-based diagonalization: carryover bitstrings = [], size = 0
