"PluginInterface" error: Failure to initialize device 0: Error in cuDevicePrimaryCtxRetain: out of memory
"PluginInterface" error: Failure to initialize device 0: Error in cuDevicePrimaryCtxRetain: out of memory
"PluginInterface" error: Failure to initialize device 0: Error in cuDevicePrimaryCtxRetain: out of memory
"PluginInterface" error: Failure to initialize device 0: Error in cuDevicePrimaryCtxRetain: out of memory
"PluginInterface" error: Failure to initialize device 0: Error in cuDevicePrimaryCtxRetain: out of memory
"PluginInterface" error: Failure to initialize device 0: Error in cuDevicePrimaryCtxRetain: out of memory
"PluginInterface" error: Failure to initialize device 1: Error in cuDevicePrimaryCtxRetain: out of memory
"PluginInterface" error: Failure to initialize device 1: Error in cuDevicePrimaryCtxRetain: out of memory
"PluginInterface" error: Failure to initialize device 1: Error in cuDevicePrimaryCtxRetain: out of memory
"PluginInterface" error: Failure to initialize device 1: Error in cuDevicePrimaryCtxRetain: out of memory
"PluginInterface" error: Failure to initialize device 2: Error in cuDevicePrimaryCtxRetain: out of memory
"PluginInterface" error: Failure to initialize device 2: Error in cuDevicePrimaryCtxRetain: out of memory
"PluginInterface" error: Failure to initialize device 2: Error in cuDevicePrimaryCtxRetain: out of memory
"PluginInterface" error: Failure to initialize device 2: Error in cuDevicePrimaryCtxRetain: out of memory
"PluginInterface" error: Failure to initialize device 2: Error in cuDevicePrimaryCtxRetain: out of memory
"PluginInterface" error: Failure to initialize device 2: Error in cuDevicePrimaryCtxRetain: out of memory
"PluginInterface" error: Failure to initialize device 3: Error in cuDevicePrimaryCtxRetain: out of memory
"PluginInterface" error: Failure to initialize device 3: Error in cuDevicePrimaryCtxRetain: out of memory
"PluginInterface" error: Failure to initialize device 3: Error in cuDevicePrimaryCtxRetain: out of memory
"PluginInterface" error: Failure to initialize device 3: Error in cuDevicePrimaryCtxRetain: out of memory
"PluginInterface" error: Failure to initialize device 3: Error in cuDevicePrimaryCtxRetain: out of memory
"PluginInterface" error: Failure to initialize device 3: Error in cuDevicePrimaryCtxRetain: out of memory
 Elapsed time for helper construction 0.162502 (sec) 
 Elapsed time for init 0.002521 (sec) 
 Elapsed time for makeQChamDiagTerms 0.041976 (sec) 
 Davidson iteration 0.0 (tol=0.6511859910737432): -102.2246849487083
 Davidson iteration 0.1 (tol=0.273582355861812): -102.4137153025376 -100.4495519187041
 Davidson iteration 0.2 (tol=0.08148527601724898): -102.4396698378655 -100.6534281283941 -99.65515279500138
 Davidson iteration 0.3 (tol=0.02465621204566387): -102.4417471480487 -100.9100733340798 -99.65539963808752 -99.49909740479161
 Davidson iteration 0.4 (tol=0.009341178996374114): -102.4419471621488 -101.1478518098347 -100.0271764533061 -99.65539349268036
 Davidson iteration 0.5 (tol=0.003322378991486234): -102.4419770726972 -101.3480304222828 -100.337617639808 -99.65553555219516
 Davidson iteration 0.6 (tol=0.001152108998737478): -102.4419804834189 -101.4984001016098 -100.493256125481 -99.76018787484062
 Davidson iteration 0.7 (tol=0.0003723876955833299): -102.4419808777052 -101.5959800629112 -100.6114009131552 -100.0589864814617
 Davidson iteration 0.8 (tol=0.0001177591220290165): -102.4419809180486 -101.6284324107239 -100.7150572020702 -100.165301424344
 Davidson iteration 0.9 (tol=4.22379089500881e-05): -102.4419809222641 -101.6405548432594 -100.9153395952562 -100.3675308609534
 Davidson iteration 0.10 (tol=1.456807510850395e-05): -102.4419809228139 -101.6438343800945 -101.1205903522425 -100.5102775371154
 Davidson iteration 0.11 (tol=5.237670777435228e-06): -102.4419809228872 -101.6582851990815 -101.3950385315458 -100.6224758433057
 Davidson iteration 0.12 (tol=2.417802436121779e-06): -102.4419809228973 -101.7099296416621 -101.5930644520287 -100.7777967032345
 Davidson iteration 0.13 (tol=1.528881390989431e-06): -102.4419809229001 -101.9397264128898 -101.6524378563921 -101.1740777789157
 Davidson iteration 0.14 (tol=8.824807076653299e-07): -102.4419809229012 -102.1505609651087 -101.6571705164003 -101.3588587931049
 Davidson iteration 0.15 (tol=3.896054267457871e-07): -102.4419809229015 -102.2119179739027 -101.6625383337776 -101.5286369267489
 Davidson iteration 0.16 (tol=1.407653060370824e-07): -102.4419809229015 -102.2256213163867 -101.6675222348462 -101.5975644329832
 Davidson iteration 0.17 (tol=4.594047764141033e-08): -102.4419809229015 -102.2285514533785 -101.6804469354546 -101.6317046501207
 Davidson iteration 0.18 (tol=1.53385264018881e-08): -102.4419809229015 -102.2291451025066 -101.706614215656 -101.6442828253699
 Davidson iteration 0.19 (tol=4.966316345258594e-09): -102.4419809229016 -102.2292707585119 -101.7206774400567 -101.6478753054604
 Elapsed time for davidson 21.767599 (sec) 
 Elapsed time for diagonalization 21.767623 (sec) 
 Elapsed time for mult 0.9166909999999999 (sec) 
 Energy = -102.4419809229006
 Elapsed time for measurement 0.05036 (sec) 
 Sample-based diagonalization: Energy = -102.4419809229006
 Sample-based diagonalization: density = [1.999968862371675,1.987977002473843,1.987663759344763,1.981907847309715,1.979946561287631,1.978035178176765,1.975453771428676,1.976099438396779,1.974928181193075,1.893344567055095,0.1086794780926962,0.02220903211535451,0.02310575870158754,0.01922389339634634,0.02110307527643387,0.02010420072590161,0.01661281426017069,0.01644604898392722,0.01719052939337496
 Sample-based diagonalization: carryover bitstrings = [], size = 0
