 Elapsed time for helper construction 1.225096 (sec) 
 Elapsed time for init 0.035615 (sec) 
 Elapsed time for makeQChamDiagTerms 8.296735 (sec) 
 Davidson iteration 0.0 (tol=0.5884880532917376): -132.6573833805769
 Davidson iteration 0.1 (tol=0.1505166639663398): -132.8162131246477 -130.5908436686269
 Davidson iteration 0.2 (tol=0.03948015860856618): -132.8239607672695 -130.9249187747411 -130.0544350646571
 Davidson iteration 0.3 (tol=0.01131301198654511): -132.8244530444379 -130.9831467541925 -130.1603456303083 -130.0297442787427
 Davidson iteration 0.4 (tol=0.003472959124010088): -132.8244969759992 -131.1608657516007 -130.4980823125449 -130.0470456983369
 Davidson iteration 0.5 (tol=0.001134328429543046): -132.8245014894794 -131.5436303969199 -130.7518208544876 -130.2074833666698
 Davidson iteration 0.6 (tol=0.000348969164453928): -132.824501934586 -131.75771678785 -130.8583367685657 -130.259243815485
 Davidson iteration 0.7 (tol=0.0001098948969971434): -132.8245019746352 -131.8689297115678 -130.9638892363541 -130.4026347776877
 Davidson iteration 1.0 (tol=0.0001098948969985229): -132.8245019746353
 Davidson iteration 1.1 (tol=4.362927043523949e-05): -132.8245019784329 -130.342517907969
 Davidson iteration 1.2 (tol=1.638898440871832e-05): -132.8245019792427 -131.5643760145387 -129.0048900271553
 Davidson iteration 1.3 (tol=5.714911328041666e-06): -132.8245019793343 -131.8944497830017 -129.6884525084861 -128.830724079489
 Elapsed time for davidson 39.564681 (sec) 
 Elapsed time for diagonalization 39.564889 (sec) 
 Elapsed time for mult 1.263349 (sec) 
 Energy = -132.8245019793334
 Elapsed time for measurement 0.08952599999999999 (sec) 
 Sample-based diagonalization: Energy = -132.8245019793334
 Sample-based diagonalization: density = [1.999970416041746,1.99313580444788,1.989552233919333,1.986162130412648,1.981540426424988,1.985494493803413,1.979519677548801,1.981473801530001,1.983371163056387,1.986450026896788,1.981508095324461,1.98794968941867,0.009984898132165458,0.02035491585335205,0.02091453810923136,0.02281879218761344,0.01911718080644061,0.01691052609161882,0.01801274126242492,0.01523110760943251,0.02052734079257252
 Sample-based diagonalization: carryover bitstrings = [], size = 0
