 Elapsed time for helper construction 1.040825 (sec) 
 Elapsed time for init 0.013389 (sec) 
 Elapsed time for makeQChamDiagTerms 12.81735 (sec) 
 Davidson iteration 0.0 (tol=0.5929171674432119): -163.4460033351284
 Davidson iteration 0.1 (tol=0.1502453696797593): -163.6064848489209 -161.5936994142865
 Davidson iteration 0.2 (tol=0.0418671036060901): -163.6159591512417 -161.9133764495027 -161.4657309488363
 Davidson iteration 0.3 (tol=0.00936000851587215): -163.6167196992131 -162.0484356242888 -161.5118196601434 -161.4635711707886
 Davidson iteration 0.4 (tol=0.002960773965839541): -163.6167643672565 -162.5184685724829 -161.5604810787271 -161.466787639537
 Davidson iteration 0.5 (tol=0.0009302014550775261): -163.6167685440082 -162.8376522455262 -161.5980844492094 -161.5316668169326
 Davidson iteration 0.6 (tol=0.0002656667414764327): -163.6167689558218 -162.9430089908195 -161.9932951408022 -161.5530077931938
 Davidson iteration 0.7 (tol=8.460459017918786e-05): -163.6167689895354 -163.0163798516768 -162.3494033012946 -161.6715979240712
 Davidson iteration 1.0 (tol=8.460459018731526e-05): -163.6167689895317
 Davidson iteration 1.1 (tol=2.75785631529415e-05): -163.6167689924786 -161.7105887422177
 Davidson iteration 1.2 (tol=1.243215053799685e-05): -163.6167689930744 -162.84623736758 -161.632975722019
 Davidson iteration 1.3 (tol=4.032391462042808e-06): -163.6167689931422 -162.9942152573894 -161.7234959793973 -161.2841925331922
 Elapsed time for davidson 38.068183 (sec) 
 Elapsed time for diagonalization 38.068502 (sec) 
 Elapsed time for mult 0.756261 (sec) 
 Energy = -163.6167689931463
 Elapsed time for measurement 0.108901 (sec) 
 Sample-based diagonalization: Energy = -163.6167689931463
 Sample-based diagonalization: density = [1.999983374007547,1.995011811030784,1.995111947488101,1.993411018061024,1.991099332203339,1.99019565222796,1.988184623784628,1.986015202759171,1.984029984280071,1.988739150594408,1.9688306829631,1.994563914081337,1.988030644925983,1.956984650826514,0.07954643688909724,0.005979432683574535,0.009943324641421166,0.01017779695491671,0.01086969997002036,0.0125860191335831,0.01125121467667915,0.002716383673145585,0.01237293824139013,0.01076239083973472,0.01360237283492403
 Sample-based diagonalization: carryover bitstrings = [], size = 0
