 Elapsed time for helper construction 1.095954 (sec) 
 Elapsed time for init 0.013872 (sec) 
 Elapsed time for makeQChamDiagTerms 7.085140999999999 (sec) 
 Davidson iteration 0.0 (tol=0.5962321358663929): -128.7944583563335
 Davidson iteration 0.1 (tol=0.2025521423989241): -128.952254872554 -126.6609308153444
 Davidson iteration 0.2 (tol=0.06520664956971484): -128.9653968013151 -127.1063139116676 -125.8152769793707
 Davidson iteration 0.3 (tol=0.02102832685465648): -128.9665825918008 -127.1883507159018 -125.9358990247534 -125.75752173123
 Davidson iteration 0.4 (tol=0.00743068743437336): -128.9667100423599 -127.3079498796371 -126.3774727712214 -125.757737476363
 Davidson iteration 0.5 (tol=0.002632622670716084): -128.9667272071305 -127.5576588677146 -126.8125423765405 -126.023099645598
 Davidson iteration 0.6 (tol=0.0009850227028130151): -128.96672945454 -127.8022201848883 -127.0253018875813 -126.0551727717869
 Davidson iteration 0.7 (tol=0.0003725230654998943): -128.9667297459587 -127.9551137300458 -127.1655296566026 -126.3645018703596
 Davidson iteration 1.0 (tol=0.0003725230654995371): -128.9667297459582
 Davidson iteration 1.1 (tol=0.0001649784632958236): -128.9667297815818 -125.853006679955
 Davidson iteration 1.2 (tol=6.794065094702786e-05): -128.9667297912442 -127.5793716748176 -123.7922575448646
 Davidson iteration 1.3 (tol=2.84520499996519e-05): -128.9667297927576 -128.0065581131329 -125.708709292437 -123.2534448986939
 Davidson iteration 1.4 (tol=1.043384895496126e-05): -128.9667297929763 -128.167191966746 -126.063712035886 -124.9116537500581
 Davidson iteration 1.5 (tol=4.061545156201687e-06): -128.9667297930063 -128.2332766572401 -126.5698155801678 -125.8440085426674
 Elapsed time for davidson 42.804164 (sec) 
 Elapsed time for diagonalization 42.805673 (sec) 
 Elapsed time for mult 1.449115 (sec) 
 Energy = -128.9667297930067
 Elapsed time for measurement 0.074984 (sec) 
 Sample-based diagonalization: Energy = -128.9667297930067
 Sample-based diagonalization: density = [1.99996930908312,1.992735018647814,1.98944000042249,1.984626137862896,1.98184790162691,1.978578686531639,1.977420401262911,1.977745718883568,1.98441815034733,1.981016136086928,1.990773031523163,1.984457754777894,0.008576359820526383,0.02845145538095497,0.0213813452848048,0.0231172009475013,0.02203939642265543,0.02133349775350168,0.01683425883124403,0.02043251029518336,0.01480572794164483
 Sample-based diagonalization: carryover bitstrings = [], size = 0
