 Elapsed time for helper construction 0.8043089999999999 (sec) 
 Elapsed time for init 0.011082 (sec) 
 Elapsed time for makeQChamDiagTerms 4.637597 (sec) 
 Davidson iteration 0.0 (tol=0.5480369523385901): -147.8673542766646
 Davidson iteration 0.1 (tol=0.2421101981836642): -147.9949543287263 -145.9091677592839
 Davidson iteration 0.2 (tol=0.1083604021979964): -148.0124136389623 -146.366555817812 -145.0662879697937
 Davidson iteration 0.3 (tol=0.04118188701049474): -148.0159759186775 -146.5723770407838 -145.3821381778487 -144.7533634282477
 Davidson iteration 0.4 (tol=0.01655884789898233): -148.0164423884176 -146.7617576738677 -145.7138497741439 -145.0967826547886
 Davidson iteration 0.5 (tol=0.006394128511543487): -148.0165378957921 -147.0969224762767 -145.9670682094843 -145.3805376108342
 Davidson iteration 0.6 (tol=0.003102825285518763): -148.0165502938718 -147.2344236385516 -146.1319137997181 -145.3847519972379
 Davidson iteration 0.7 (tol=0.001267612894591122): -148.0165528350495 -147.3311554189916 -146.4074993680767 -145.5938972712728
 Davidson iteration 1.0 (tol=0.00126761289458928): -148.0165528350486
 Davidson iteration 1.1 (tol=0.0006569379296978501): -148.0165532745251 -145.8949496005236
 Davidson iteration 1.2 (tol=0.000336319001971175): -148.0165534262355 -147.0192093198077 -143.4545073947403
 Davidson iteration 1.3 (tol=0.0001446336314319933): -148.0165534662116 -147.3983538074073 -145.1300881115855 -142.7950620272763
 Davidson iteration 1.4 (tol=6.705080555669361e-05): -148.0165534725335 -147.5449165638329 -145.2133015888038 -145.0424511865079
 Davidson iteration 1.5 (tol=2.914829541939984e-05): -148.0165534739153 -147.6105848410971 -146.0371773472349 -145.1533923402268
 Davidson iteration 1.6 (tol=1.360094057762436e-05): -148.0165534741943 -147.65366394395 -146.6772107419249 -145.3923587822946
 Davidson iteration 1.7 (tol=5.674053344919105e-06): -148.0165534742566 -147.6798643232309 -147.0889955318721 -145.3944539351109
 Elapsed time for davidson 37.032345 (sec) 
 Elapsed time for diagonalization 37.03252 (sec) 
 Elapsed time for mult 0.976835 (sec) 
 Energy = -148.016553474258
 Elapsed time for measurement 0.054289 (sec) 
 Sample-based diagonalization: Energy = -148.016553474258
 Sample-based diagonalization: density = [1.999996755160944,1.997845742552429,1.99237979809972,1.990773953086492,1.990936058200396,1.987660001317286,1.993639484174793,1.979767756971692,1.956867100309015,1.982935355818012,1.943176753603307,0.09958580656307403,0.01333384797667915,0.01623218729405029,0.004578650354431418,0.006728260300176425,0.02419698700931872,0.0193655009405747
 Sample-based diagonalization: carryover bitstrings = [], size = 0
