 Elapsed time for helper construction 0.289404 (sec) 
 Elapsed time for init 0.007711999999999999 (sec) 
 Elapsed time for makeQChamDiagTerms 1.21558 (sec) 
 Davidson iteration 0.0 (tol=0.5598517126298164): -109.1677554881782
 Davidson iteration 0.1 (tol=0.2072173026208964): -109.2936811927451 -107.0222416565175
 Davidson iteration 0.2 (tol=0.07956263474605292): -109.3058189545439 -107.3958512090858 -106.2783656884087
 Davidson iteration 0.3 (tol=0.02440453693705163): -109.3075440331742 -107.5494444631994 -106.2807877346616 -106.0738431522543
 Davidson iteration 0.4 (tol=0.008304294564918257): -109.3077085602508 -107.8193342925523 -106.6047187844802 -106.1972801806666
 Davidson iteration 0.5 (tol=0.003028232135157161): -109.3077287258605 -108.1252553920166 -107.0029360839117 -106.3492027487421
 Davidson iteration 0.6 (tol=0.001126457849441038): -109.3077313572007 -108.3274444497542 -107.1590357368159 -106.664301347165
 Davidson iteration 0.7 (tol=0.0004260788051417599): -109.3077316903575 -108.437729729755 -107.3429238825595 -106.8099738877167
 Davidson iteration 1.0 (tol=0.0004260788051404685): -109.3077316903579
 Davidson iteration 1.1 (tol=0.0001851909090441483): -109.3077317326099 -106.2853309099109
 Davidson iteration 1.2 (tol=7.494206578952629e-05): -109.3077317437528 -107.8882642633354 -104.4397860919322
 Davidson iteration 1.3 (tol=3.019889334297087e-05): -109.3077317453305 -108.3799443862685 -106.2755995779707 -103.6056121003833
 Davidson iteration 1.4 (tol=1.031410733424752e-05): -109.3077317455574 -108.5374154307925 -106.3434430263091 -105.6077137810637
 Davidson iteration 1.5 (tol=3.856383455358762e-06): -109.3077317455878 -108.641197361454 -106.8902831271964 -106.3248878004368
 Elapsed time for davidson 11.332287 (sec) 
 Elapsed time for diagonalization 11.332401 (sec) 
 Elapsed time for mult 0.479118 (sec) 
 Energy = -109.3077317455875
 Elapsed time for measurement 0.076211 (sec) 
 Sample-based diagonalization: Energy = -109.3077317455875
 Sample-based diagonalization: density = [1.999986371703372,1.992031510053773,1.988759090566409,1.984523997887393,1.979912647617983,1.979997995767812,1.976346777401782,1.991836754632562,1.959764249788276,0.06048861306650145,0.0192600350687353,0.01447204210593177,0.01144684730180529,0.01476654957511481,0.0129836328237139,0.01342288456643197
 Sample-based diagonalization: carryover bitstrings = [], size = 0
