 Elapsed time for helper construction 0.325559 (sec) 
 Elapsed time for init 0.003407 (sec) 
 Elapsed time for makeQChamDiagTerms 0.457637 (sec) 
 Davidson iteration 0.0 (tol=0.5399680218278973): -137.3954240915525
 Davidson iteration 0.1 (tol=0.2194562909403031): -137.5269318855203 -135.6038194788965
 Davidson iteration 0.2 (tol=0.09707073620618537): -137.5419780418922 -135.9469449488934 -134.6961303683946
 Davidson iteration 0.3 (tol=0.03273591544314887): -137.5449287675177 -136.0609294065041 -135.0643590851201 -134.5450910288871
 Davidson iteration 0.4 (tol=0.012177246479474): -137.5452436932795 -136.2232250243167 -135.2832757595974 -134.5828075634165
 Davidson iteration 0.5 (tol=0.004017826520209879): -137.5452846122499 -136.3932430471647 -135.443117225267 -135.1608831573029
 Davidson iteration 0.6 (tol=0.0014811722738576): -137.5452892744363 -136.4612529063431 -135.6164415157867 -135.3250767145792
 Davidson iteration 0.7 (tol=0.0005648164494495475): -137.5452898220769 -136.5029182132221 -135.7476587860633 -135.325363912537
 Davidson iteration 1.0 (tol=0.0005648164494497989): -137.5452898220773
 Davidson iteration 1.1 (tol=0.000257041085491123): -137.5452898980413 -134.41612646611
 Davidson iteration 1.2 (tol=0.0001057686363868608): -137.5452899207918 -136.0140013449777 -132.9953303815669
 Davidson iteration 1.3 (tol=4.279539610312603e-05): -137.5452899243995 -136.5143665641294 -134.7137290080234 -132.1194517312408
 Davidson iteration 1.4 (tol=1.594174348375526e-05): -137.5452899249006 -136.6597815673022 -134.8884249597734 -134.3598549620378
 Davidson iteration 1.5 (tol=5.621666585005194e-06): -137.5452899249745 -136.7317971394772 -135.1183446685967 -134.7565260722361
 Elapsed time for davidson 7.855613999999999 (sec) 
 Elapsed time for diagonalization 7.855917 (sec) 
 Elapsed time for mult 0.22913 (sec) 
 Energy = -137.5452899249743
 Elapsed time for measurement 0.010816 (sec) 
 Sample-based diagonalization: Energy = -137.5452899249743
 Sample-based diagonalization: density = [1.999996745862627,1.999534366001776,1.992100700820773,1.984258285889009,1.984016950584447,1.985340346129439,1.996545688823769,1.979056752165248,1.903445870183547,1.98530856124296,0.1091003927346319,0.01573903386198006,0.01421126243837131,0.008631103810486238,0.02374569593608743,0.01896824350200331
 Sample-based diagonalization: carryover bitstrings = [], size = 0
