 Elapsed time for helper construction 0.499286 (sec) 
 Elapsed time for init 0.01377 (sec) 
 Elapsed time for makeQChamDiagTerms 2.25478 (sec) 
 Davidson iteration 0.0 (tol=0.582764885318663): -154.0557553516662
 Davidson iteration 0.1 (tol=0.2577917807326054): -154.2000382130051 -152.1966482851555
 Davidson iteration 0.2 (tol=0.1119283805717197): -154.2206155705849 -152.5979226776118 -151.4251356827197
 Davidson iteration 0.3 (tol=0.04206836909530953): -154.2246438626906 -152.7846365842669 -151.730828878902 -151.2705034691818
 Davidson iteration 0.4 (tol=0.01768036050304092): -154.2251690175928 -153.0191701254933 -151.9103668040454 -151.3575069460538
 Davidson iteration 0.5 (tol=0.006767991825494172): -154.2252747723185 -153.289936057399 -152.0724021956521 -151.4798859612615
 Davidson iteration 0.6 (tol=0.002963045925592403): -154.2252882556102 -153.4168643296687 -152.2724890659968 -151.6066398373107
 Davidson iteration 0.7 (tol=0.001186797451910464): -154.2252908295675 -153.4875940624469 -152.6231626513327 -151.8275147495861
 Davidson iteration 1.0 (tol=0.001186797451912909): -154.2252908295656
 Davidson iteration 1.1 (tol=0.000593428864374393): -154.2252912318179 -151.7890272859993
 Davidson iteration 1.2 (tol=0.0003296849470434596): -154.2252913730687 -153.2046332743132 -150.0066299644323
 Davidson iteration 1.3 (tol=0.0001539915894899694): -154.2252914107717 -153.6184385833969 -151.1519156896054 -149.2867576679153
 Davidson iteration 1.4 (tol=6.769040044417364e-05): -154.2252914175527 -153.7214400793342 -151.3930124646971 -150.9636217669507
 Davidson iteration 1.5 (tol=2.896092210624257e-05): -154.2252914190594 -153.7931664389478 -152.4525942069003 -151.1063248452172
 Davidson iteration 1.6 (tol=1.358826058838628e-05): -154.2252914193487 -153.8470516558912 -153.0714684862411 -151.3911689909662
 Davidson iteration 1.7 (tol=6.355359765606721e-06): -154.2252914194148 -153.8879234674801 -153.4015827212471 -151.4717915757822
 Elapsed time for davidson 19.029246 (sec) 
 Elapsed time for diagonalization 19.029352 (sec) 
 Elapsed time for mult 0.599159 (sec) 
 Energy = -154.2252914194184
 Elapsed time for measurement 0.037713 (sec) 
 Sample-based diagonalization: Energy = -154.2252914194184
 Sample-based diagonalization: density = [1.999997191150073,1.997332594458712,1.992045241602373,1.984678954763283,1.986586629262999,1.985988166604614,1.985918342588938,1.990510141853253,1.978177108092001,1.982119659699535,1.901946471959169,0.1217403722889904,0.02414046289921372,0.02117792860712719,0.003525463784748537,0.01969564290211802,0.02441962734503129
 Sample-based diagonalization: carryover bitstrings = [], size = 0
