 Elapsed time for helper construction 0.8517 (sec) 
 Elapsed time for init 0.032875 (sec) 
 Elapsed time for makeQChamDiagTerms 8.638116 (sec) 
 Davidson iteration 0.0 (tol=0.4991921731902204): -154.2173402337764
 Davidson iteration 0.1 (tol=0.1374268444442974): -154.3368793648258 -152.4475281142551
 Davidson iteration 0.2 (tol=0.03819833547519307): -154.3454425700291 -152.8749728368056 -152.2489254418583
 Davidson iteration 0.3 (tol=0.00946992341214848): -154.346100943559 -153.1034054712769 -152.2608586976457 -152.0913530289292
 Davidson iteration 0.4 (tol=0.002907215182494412): -154.3461413481441 -153.3607405750742 -152.3514512264447 -152.1877900952578
 Davidson iteration 0.5 (tol=0.0008014264729918893): -154.3461451812293 -153.5340037643291 -152.4471599606002 -152.3127303649567
 Davidson iteration 0.6 (tol=0.0002738279783363645): -154.3461455065251 -153.6526005740864 -152.9506789724999 -152.4427471882392
 Davidson iteration 0.7 (tol=8.257572186885205e-05): -154.3461455420288 -153.6737916306568 -152.99393016381 -152.8793271133598
 Davidson iteration 1.0 (tol=8.257572186839362e-05): -154.3461455420294
 Davidson iteration 1.1 (tol=2.864458630559094e-05): -154.346145544878 -152.6943197146097
 Davidson iteration 1.2 (tol=9.786946200807771e-06): -154.3461455453526 -153.1548230251883 -152.4361379050547
 Elapsed time for davidson 31.056412 (sec) 
 Elapsed time for diagonalization 31.05743 (sec) 
 Elapsed time for mult 0.893057 (sec) 
 Energy = -154.3461455453525
 Elapsed time for measurement 0.093638 (sec) 
 Sample-based diagonalization: Energy = -154.3461455453525
 Sample-based diagonalization: density = [1.999995588035143,1.995221758324355,1.9967955172863,1.993712816071114,1.989516719417912,1.99296295555996,1.995276179498451,1.989938724725296,1.990065040009763,1.991958454287481,1.966224293793419,1.991918179355995,1.953941699466106,0.08266788424946836,0.01031183985744286,0.005053463324868827,0.01118763731487195,0.005687089985058559,0.0100892313340498,0.0061142082344462,0.01304520230883536,0.008315517330814527
 Sample-based diagonalization: carryover bitstrings = [], size = 0
