 Elapsed time for helper construction 1.456471 (sec) 
 Elapsed time for init 0.048734 (sec) 
 Elapsed time for makeQChamDiagTerms 13.601054 (sec) 
 Davidson iteration 0.0 (tol=0.6576441759421823): -153.1609533182206
 Davidson iteration 0.1 (tol=0.2258382501709255): -153.3506753282935 -151.2284058795411
 Davidson iteration 0.2 (tol=0.07775507322981529): -153.3682552240384 -151.5274276267788 -150.8178818418738
 Davidson iteration 0.3 (tol=0.0229456653035007): -153.370336795484 -151.7012435851837 -150.8605383209451 -150.576463061038
 Davidson iteration 0.4 (tol=0.008749925699562825): -153.3705268586824 -152.0093905191655 -150.9772200406271 -150.8476276645751
 Davidson iteration 0.5 (tol=0.003174208951828024): -153.3705586488756 -152.4208917743954 -151.1779924628153 -150.8978693149163
 Davidson iteration 0.6 (tol=0.001196523530276032): -153.3705626242807 -152.618808364822 -151.4162803109222 -150.9048418383028
 Davidson iteration 0.7 (tol=0.000398033470906327): -153.3705631656161 -152.6670260152822 -151.6274355638772 -151.1890572623066
 Davidson iteration 1.0 (tol=0.0003980334709070526): -153.3705631656141
 Davidson iteration 1.1 (tol=0.0001689461572326605): -153.3705632244499 -151.5285267339893
 Davidson iteration 1.2 (tol=7.577500617183764e-05): -153.3705632383278 -152.3493083419742 -150.6232179425485
 Davidson iteration 1.3 (tol=3.090849709282172e-05): -153.3705632406354 -152.6963969211838 -150.6329412962209 -150.5257920763279
 Davidson iteration 1.4 (tol=1.357033839113505e-05): -153.3705632410175 -152.8477044294779 -151.2200519875168 -150.6317273640981
 Davidson iteration 1.5 (tol=5.37543364075696e-06): -153.3705632410943 -152.938243043192 -151.921773214284 -150.6453238034005
 Elapsed time for davidson 62.456954 (sec) 
 Elapsed time for diagonalization 62.457156 (sec) 
 Elapsed time for mult 1.559144 (sec) 
 Energy = -153.370563241096
 Elapsed time for measurement 0.125752 (sec) 
 Sample-based diagonalization: Energy = -153.370563241096
 Sample-based diagonalization: density = [1.999989350394465,1.991458301585163,1.990367805256629,1.988530254265807,1.984949813064447,1.983457144430291,1.984369974121523,1.982769063903713,1.981587945560648,1.966198293445343,1.996255578277011,1.988136282173253,1.938773477318044,0.08497236549172246,0.01077571504978738,0.01877059018245677,0.01671966280447004,0.01697164360956755,0.01628524478041711,0.01715802828964732,0.01348308319816639,0.01682001005185164,0.01120037232837097
 Sample-based diagonalization: carryover bitstrings = [], size = 0
