 Elapsed time for helper construction 1.997485 (sec) 
 Elapsed time for init 0.022969 (sec) 
 Elapsed time for makeQChamDiagTerms 11.873934 (sec) 
 Davidson iteration 0.0 (tol=0.6553702719994251): -125.1440357744038
 Davidson iteration 0.1 (tol=0.2556834023937273): -125.3344088326978 -122.9838859870134
 Davidson iteration 0.2 (tol=0.06343563922241617): -125.3555950610757 -123.4902972783492 -121.8252887310694
 Davidson iteration 0.3 (tol=0.01941290440655842): -125.3567264543484 -123.5902100713442 -122.322604486638 -121.6885900905591
 Davidson iteration 0.4 (tol=0.006191015904089085): -125.3568440501963 -123.7086164847096 -122.871846663458 -121.9247928475972
 Davidson iteration 0.5 (tol=0.002140692945916849): -125.3568558147463 -123.8431197391309 -123.2291110694113 -121.9277464088767
 Davidson iteration 0.6 (tol=0.0007274232789361006): -125.3568572984226 -123.96923228282 -123.4624990516726 -122.6161961179945
 Davidson iteration 0.7 (tol=0.0002292157506142785): -125.3568574630562 -124.0391088858689 -123.6061937605674 -122.9347147394546
 Davidson iteration 1.0 (tol=0.0002292157506158139): -125.3568574630567
 Davidson iteration 1.1 (tol=8.714242412815107e-05): -125.3568574765723 -122.0696738311555
 Davidson iteration 1.2 (tol=3.239311711473093e-05): -125.3568574790774 -123.3606459759208 -120.9331180025707
 Davidson iteration 1.3 (tol=1.158130819433225e-05): -125.3568574793975 -123.8539349892801 -121.9307811201425 -120.4304857892316
 Davidson iteration 1.4 (tol=3.732909509283132e-06): -125.3568574794361 -124.066041397465 -122.3043636501968 -121.7286694966527
 Elapsed time for davidson 100.349306 (sec) 
 Elapsed time for diagonalization 100.34952 (sec) 
 Elapsed time for mult 5.050463 (sec) 
 Energy = -125.3568574794353
 Elapsed time for measurement 19.676819 (sec) 
 Sample-based diagonalization: Energy = -125.3568574794353
 Sample-based diagonalization: density = [1.999964163638361,1.988763874404857,1.987428853430681,1.983292973420515,1.984585376189967,1.97919150240392,1.977795093606478,1.97709219405602,1.979344040859779,1.975573774176158,1.973555802825222,1.970322869437918,0.02271915347889903,0.02240123478656701,0.02204888876973612,0.01860946357234435,0.02303281236727765,0.01992605733430572,0.01840386287826238,0.01823237859826423,0.01867071124903229,0.0197221808481762,0.01932273762641563
 Sample-based diagonalization: carryover bitstrings = [], size = 0
 Elapse time for dumping one-particle rdm = 0.000656
 Elapse time for dumping two-particle rdm = 0.245652
 Zero-Body energy = 0
 One-Body energy = -214.8656518661636
 Two-Body energy = 89.50879438697255
 One-Body + Two-Body energy = -125.356857479191
 Zero-Body + One-Body + Two-Body energy = -125.356857479191
