 Elapsed time for helper construction 0.595212 (sec) 
 Elapsed time for init 0.018021 (sec) 
 Elapsed time for makeQChamDiagTerms 3.616137 (sec) 
 Davidson iteration 0.0 (tol=0.5626663285773355): -149.8414245126518
 Davidson iteration 0.1 (tol=0.2491725285441568): -149.9783047105163 -147.9424792970139
 Davidson iteration 0.2 (tol=0.1121451342778978): -149.9972077755321 -148.3655642668078 -147.0963006655882
 Davidson iteration 0.3 (tol=0.04113178609212861): -150.00115910809 -148.5617481106537 -147.4081272871631 -146.8715059795164
 Davidson iteration 0.4 (tol=0.01740072661410426): -150.0016555897656 -148.790324660649 -147.7357641621039 -147.0941566354063
 Davidson iteration 0.5 (tol=0.006984291988012013): -150.0017658429919 -149.1411892058321 -148.0082905298956 -147.4134163339488
 Davidson iteration 0.6 (tol=0.003026792218924609): -150.0017823247938 -149.2683227213096 -148.1490712524461 -147.5618951889596
 Davidson iteration 0.7 (tol=0.001268425758414442): -150.0017852442698 -149.3747917848209 -148.4903458912262 -147.6683510238408
 Davidson iteration 1.0 (tol=0.00126842575841337): -150.0017852442706
 Davidson iteration 1.1 (tol=0.0005881138060925875): -150.0017857043209 -147.7290149105763
 Davidson iteration 1.2 (tol=0.0003086647741061413): -150.0017858480099 -149.023825353863 -146.8309107774303
 Davidson iteration 1.3 (tol=0.000139625028974306): -150.0017858791117 -149.3469817477981 -147.3393214115506 -145.8967445168788
 Davidson iteration 1.4 (tol=5.928981743613345e-05): -150.0017858847413 -149.4562716821039 -147.4959066906012 -146.8508630782092
 Davidson iteration 1.5 (tol=2.423440961087567e-05): -150.0017858859416 -149.5573951809714 -148.082161543839 -147.3727048354604
 Davidson iteration 1.6 (tol=1.044016479805476e-05): -150.0017858861278 -149.5852411094926 -148.4692922607513 -147.8261196964586
 Davidson iteration 1.7 (tol=3.581303008731888e-06): -150.0017858861604 -149.6007153278076 -148.7656946089554 -147.8479909671861
 Elapsed time for davidson 30.919523 (sec) 
 Elapsed time for diagonalization 30.9204 (sec) 
 Elapsed time for mult 0.8733519999999999 (sec) 
 Energy = -150.0017858861592
 Elapsed time for measurement 0.041342 (sec) 
 Sample-based diagonalization: Energy = -150.0017858861592
 Sample-based diagonalization: density = [1.999996939620799,1.995672816299434,1.992406450078934,1.991107414160932,1.990344112943587,1.987267295268906,1.989315790112457,1.97226230086568,1.968853397061025,1.982762615282574,1.927343817298137,0.1102318889891668,0.01780349465721578,0.008471582636107661,0.006008795562630863,0.01627684567537112,0.02454053639367425,0.01933390687804798
 Sample-based diagonalization: carryover bitstrings = [], size = 0
