 Elapsed time for helper construction 0.912894 (sec) 
 Elapsed time for init 0.012061 (sec) 
 Elapsed time for makeQChamDiagTerms 9.354251999999999 (sec) 
 Davidson iteration 0.0 (tol=0.5687661189899176): -155.5370281631937
 Davidson iteration 0.1 (tol=0.1333717560712531): -155.6855600973167 -153.7191836470066
 Davidson iteration 0.2 (tol=0.03568713249324715): -155.6931145917556 -154.0737974700267 -153.6476805119548
 Davidson iteration 0.3 (tol=0.007736497474219582): -155.6936665683218 -154.1201250419266 -153.8191768772867 -153.5289585026443
 Davidson iteration 0.4 (tol=0.002287438410850253): -155.6936958878657 -154.5942692894978 -153.8238947018803 -153.5492493096215
 Davidson iteration 0.5 (tol=0.0006808261458464719): -155.6936981621524 -154.8049537471031 -153.8252032202913 -153.608724719961
 Davidson iteration 0.6 (tol=0.0001932162125367452): -155.6936983592158 -154.9047881857289 -153.8772451921609 -153.7432023187687
 Davidson iteration 0.7 (tol=5.58117065742002e-05): -155.6936983740301 -154.9245603392773 -154.1866346929204 -153.789681398278
 Davidson iteration 1.0 (tol=5.581170657520246e-05): -155.6936983740309
 Davidson iteration 1.1 (tol=1.849793847806863e-05): -155.6936983752747 -154.0210148229907
 Davidson iteration 1.2 (tol=6.080253224219154e-06): -155.6936983754634 -154.4689114721995 -153.9741291526052
 Elapsed time for davidson 28.687201 (sec) 
 Elapsed time for diagonalization 28.68744 (sec) 
 Elapsed time for mult 0.566103 (sec) 
 Energy = -155.693698375464
 Elapsed time for measurement 0.08209799999999999 (sec) 
 Sample-based diagonalization: Energy = -155.693698375464
 Sample-based diagonalization: density = [1.999976833118086,1.99533261745871,1.996411789279964,1.993085961174239,1.987778375870276,1.98866670072105,1.989742358656475,1.989901565586601,1.98301769529654,1.984954942370302,1.978809620500671,1.994838747303714,1.949874644883995,0.07815005935643655,0.008925359359307609,0.01292618595984214,0.01296196812420959,0.005583915223097655,0.008705370492927834,0.00562373941084488,0.01170443526053121,0.009379593252075238,0.01364752112462931
 Sample-based diagonalization: carryover bitstrings = [], size = 0
