 Elapsed time for helper construction 1.65364 (sec) 
 Elapsed time for init 0.049609 (sec) 
 Elapsed time for makeQChamDiagTerms 15.701184 (sec) 
 Davidson iteration 0.0 (tol=0.6874449075839071): -164.5961528318689
 Davidson iteration 0.1 (tol=0.242769948318395): -164.7939889128944 -162.5496996289951
 Davidson iteration 0.2 (tol=0.08902250968454262): -164.8125887206454 -162.844291197487 -162.0161007416525
 Davidson iteration 0.3 (tol=0.02656356117620063): -164.8151809583554 -163.0218090549291 -162.207191307485 -161.8913900808996
 Davidson iteration 0.4 (tol=0.01061666984360913): -164.8154313863591 -163.3597156632941 -162.3492867157068 -162.0158896875222
 Davidson iteration 0.5 (tol=0.004128754858587151): -164.8154783975192 -163.8486449091317 -162.5640592604117 -162.2072374677034
 Davidson iteration 0.6 (tol=0.001569920211123407): -164.815484735977 -164.0337537761754 -162.7221476592008 -162.2079874512115
 Davidson iteration 0.7 (tol=0.0006220108301058426): -164.8154856494683 -164.1288080856643 -163.1478583459655 -162.4578443606279
 Davidson iteration 1.0 (tol=0.0006220108300965881): -164.8154856494698
 Davidson iteration 1.1 (tol=0.0002958467587677941): -164.8154857842391 -162.7909942100187
 Davidson iteration 1.2 (tol=0.0001400407584423159): -164.8154858264624 -163.900571251728 -161.2466447985601
 Davidson iteration 1.3 (tol=5.477041880708271e-05): -164.8154858338623 -164.2083028789732 -162.1922350800329 -160.9005292694017
 Davidson iteration 1.4 (tol=2.160415892851323e-05): -164.8154858349379 -164.2943422144839 -162.3579938792226 -162.1711142156515
 Davidson iteration 1.5 (tol=8.143044167582181e-06): -164.8154858351168 -164.3447830606711 -163.207142054463 -162.1714732739022
 Elapsed time for davidson 68.730503 (sec) 
 Elapsed time for diagonalization 68.730729 (sec) 
 Elapsed time for mult 1.65609 (sec) 
 Energy = -164.8154858351159
 Elapsed time for measurement 0.137138 (sec) 
 Sample-based diagonalization: Energy = -164.8154858351159
 Sample-based diagonalization: density = [1.999974496422512,1.993943194301943,1.993475910229107,1.991073359506291,1.987429857744868,1.985729400270061,1.985702990213334,1.984842970733157,1.978756295727798,1.982802192887891,1.966088187774323,1.9937862149595,1.985263254005616,1.949172441425533,0.08606365022787643,0.006927008573027206,0.01631798358632324,0.01660074033539164,0.01770305375466514,0.005805979927438825,0.0113522962139338,0.01172067569325148,0.01617913693982369,0.0156235184612475,0.01766518958589819
 Sample-based diagonalization: carryover bitstrings = [], size = 0
