 Elapsed time for helper construction 1.528536 (sec) 
 Elapsed time for init 0.027721 (sec) 
 Elapsed time for makeQChamDiagTerms 13.542218 (sec) 
 Davidson iteration 0.0 (tol=0.681206380012971): -165.604334349374
 Davidson iteration 0.1 (tol=0.2747706920487272): -165.7957718439003 -163.5107281451098
 Davidson iteration 0.2 (tol=0.1171652217375829): -165.818297619508 -163.9089939795142 -162.7394485944809
 Davidson iteration 0.3 (tol=0.03739811198180347): -165.8225295962195 -164.1379332443458 -162.9024630081712 -162.5973424038377
 Davidson iteration 0.4 (tol=0.01635646565844507): -165.8229868889597 -164.4468696433531 -163.2132192623989 -162.6972043441758
 Davidson iteration 0.5 (tol=0.006922666934212642): -165.8230805494181 -164.8259663751619 -163.5740074874487 -162.8469060418296
 Davidson iteration 0.6 (tol=0.002944901166494954): -165.8230973870292 -165.0205142798763 -163.8073525303382 -162.8518601954544
 Davidson iteration 0.7 (tol=0.001267793721828686): -165.8231005009249 -165.1397497733104 -164.2031692208848 -163.3565164453005
 Davidson iteration 1.0 (tol=0.001267793721832238): -165.8231005009254
 Davidson iteration 1.1 (tol=0.0005937237425343191): -165.8231009881747 -163.3820553955796
 Davidson iteration 1.2 (tol=0.0003188761225869504): -165.8231011542329 -164.8040917962469 -162.2887906794059
 Davidson iteration 1.3 (tol=0.0001504831382304878): -165.8231011918852 -165.2187603988393 -162.9918858235936 -161.8361671499601
 Davidson iteration 1.4 (tol=6.326414828110029e-05): -165.8231011993263 -165.3211162733568 -163.0826390311581 -162.8790387317261
 Davidson iteration 1.5 (tol=2.713330890071477e-05): -165.8231012008388 -165.3860276486535 -164.1147215627577 -162.9501998386304
 Davidson iteration 1.6 (tol=1.17387581819018e-05): -165.823101201079 -165.4233377726333 -164.5464106965132 -163.3178328906796
 Davidson iteration 1.7 (tol=4.739158568865005e-06): -165.8231012011301 -165.4384246587605 -164.8383249288918 -163.3911645924142
 Elapsed time for davidson 81.169783 (sec) 
 Elapsed time for diagonalization 81.17242899999999 (sec) 
 Elapsed time for mult 2.214965 (sec) 
 Energy = -165.8231012011308
 Elapsed time for measurement 0.125713 (sec) 
 Sample-based diagonalization: Energy = -165.8231012011308
 Sample-based diagonalization: density = [1.99997448976687,1.994133774042407,1.992808958381967,1.992689746146602,1.986878989345358,1.984752298374004,1.988855289708522,1.982467860540768,1.984145038848477,1.980877951724567,1.975829724751394,1.975570136961403,1.981049234441935,1.943374268544622,0.09382178609074217,0.02187185744977876,0.02306399017230009,0.01815470727302528,0.01126210490424238,0.01506167656758991,0.01658946791349643,0.01966557164143459,0.01710107588441793
 Sample-based diagonalization: carryover bitstrings = [], size = 0
