 Elapsed time for helper construction 1.056535 (sec) 
 Elapsed time for init 0.018658 (sec) 
 Elapsed time for makeQChamDiagTerms 17.271803 (sec) 
 Davidson iteration 0.0 (tol=0.5724430383175227): -189.1536405331235
 Davidson iteration 0.1 (tol=0.1233934838611692): -189.3402592835898 -187.8136115876428
 Davidson iteration 0.2 (tol=0.03423949007971364): -189.3495588076992 -188.0745999967219 -187.7643413579122
 Davidson iteration 0.3 (tol=0.01201170661580636): -189.3502428629704 -188.3504805843803 -187.7911305777357 -187.4922072774974
 Davidson iteration 0.4 (tol=0.004411717593754706): -189.3503292349638 -188.555554471781 -187.8939887426548 -187.4930840278883
 Davidson iteration 0.5 (tol=0.00134636772495194): -189.3503395391373 -188.66651888874 -187.959227530149 -187.5470589499722
 Davidson iteration 0.6 (tol=0.0003906154509615706): -189.3503405232454 -188.7222381644202 -188.0384691867895 -187.8250322778966
 Davidson iteration 0.7 (tol=0.0001130683537211134): -189.3503406010159 -188.7384620417144 -188.2101024927125 -187.8492188486331
 Davidson iteration 1.0 (tol=0.0001130683537099969): -189.3503406010146
 Davidson iteration 1.1 (tol=3.915502655079124e-05): -189.3503406075858 -187.8832575446211
 Davidson iteration 1.2 (tol=1.276951263581792e-05): -189.3503406085421 -188.2858392272097 -187.4002429103386
 Davidson iteration 1.3 (tol=4.162510972997446e-06): -189.3503406086299 -188.5348124256286 -187.5251321339612 -187.2703568914108
 Elapsed time for davidson 44.049252 (sec) 
 Elapsed time for diagonalization 44.049601 (sec) 
 Elapsed time for mult 0.767964 (sec) 
 Energy = -189.3503406086316
 Elapsed time for measurement 0.119893 (sec) 
 Sample-based diagonalization: Energy = -189.3503406086316
 Sample-based diagonalization: density = [1.999994156000168,1.996218910522932,1.995622658097923,1.994735871160921,1.99507417601451,1.993849252777843,1.9945061161673,1.988729678059967,1.992807566678397,1.990125207796356,1.978641623344545,1.993299598486793,1.982268368826967,1.978182278654163,1.919739101542076,1.928672864657189,0.08799250317618844,0.07458690000472218,0.03991440317880943,0.0139665593678729,0.008897347553391201,0.009334126405997636,0.01008413195494903,0.009318044135681183,0.004171098021552903,0.006322994511302565,0.00613543873112104,0.006809023994674141
 Sample-based diagonalization: carryover bitstrings = [], size = 0
