 Elapsed time for helper construction 0.398613 (sec) 
 Elapsed time for init 0.003686 (sec) 
 Elapsed time for makeQChamDiagTerms 1.284317 (sec) 
 Davidson iteration 0.0 (tol=0.5770862082079584): -139.0576982090236
 Davidson iteration 0.1 (tol=0.2814411372767419): -139.1941687855345 -137.0759193740474
 Davidson iteration 0.2 (tol=0.1305753140439578): -139.2185719705297 -137.6100332551893 -136.1604750204466
 Davidson iteration 0.3 (tol=0.05945819847061855): -139.2235144339775 -137.9359998174102 -136.5434934640178 -135.2348821091409
 Davidson iteration 0.4 (tol=0.0271618663248285): -139.2244778333319 -138.1787446124224 -136.7629108603019 -136.2530216605398
 Davidson iteration 0.5 (tol=0.01268954918109897): -139.2247085579093 -138.438597989662 -137.068453824483 -136.2848209041005
 Davidson iteration 0.6 (tol=0.006417297098053422): -139.2247482904329 -138.5622373271534 -137.3096656655063 -136.3176469548551
 Davidson iteration 0.7 (tol=0.002612868919879141): -139.2247594781842 -138.6307850860284 -137.566037002209 -136.5507787227483
 Davidson iteration 1.0 (tol=0.002612868919876033): -139.2247594781831
 Davidson iteration 1.1 (tol=0.001221221888536895): -139.2247609987274 -136.1837236015199
 Davidson iteration 1.2 (tol=0.0006661192300291717): -139.2247614898857 -137.6416978051801 -135.1562293012605
 Davidson iteration 1.3 (tol=0.0003216874382888765): -139.2247616160242 -138.2354609914314 -135.3892193199462 -134.8260828924318
 Davidson iteration 1.4 (tol=0.0001425147877180796): -139.2247616426658 -138.4723253633605 -135.5529444270346 -135.388826569811
 Davidson iteration 1.5 (tol=6.466526811315896e-05): -139.224761648086 -138.5865029129142 -136.5819285027605 -135.4013523638177
 Davidson iteration 1.6 (tol=2.77358599401202e-05): -139.2247616492679 -138.6552453651441 -137.4293607292917 -135.4036049596428
 Davidson iteration 1.7 (tol=1.054476510886806e-05): -139.2247616494773 -138.6962442511751 -137.8572659196113 -135.7920595106725
 Davidson iteration 2.0 (tol=1.054476497938285e-05): -139.2247616494786
 Davidson iteration 2.1 (tol=5.306601144566214e-06): -139.2247616495066 -136.8496391971431
 Elapsed time for davidson 13.933703 (sec) 
 Elapsed time for diagonalization 13.933793 (sec) 
 Elapsed time for mult 0.383721 (sec) 
 Energy = -139.2247616495065
 Elapsed time for measurement 0.024773 (sec) 
 Sample-based diagonalization: Energy = -139.2247616495065
 Sample-based diagonalization: density = [1.999997222114547,1.994486487174536,1.992956099664355,1.988020135806309,1.988380605841672,1.983127805265749,1.964514446470046,1.978686020601297,1.984280136242075,1.903244882229869,0.1206017743558848,0.0162762239661642,0.0135719339723817,0.01923035433719981,0.0321980666416874,0.02042780523992845
 Sample-based diagonalization: carryover bitstrings = [], size = 0
