 Elapsed time for helper construction 0.628204 (sec) 
 Elapsed time for init 0.00984 (sec) 
 Elapsed time for makeQChamDiagTerms 3.872801 (sec) 
 Davidson iteration 0.0 (tol=0.5547846761465808): -146.3148001651494
 Davidson iteration 0.1 (tol=0.2426293030867723): -146.4430582253568 -144.3864400534451
 Davidson iteration 0.2 (tol=0.1023547735589992): -146.461259209483 -144.8366790455137 -143.7573518870419
 Davidson iteration 0.3 (tol=0.03874721545584636): -146.4644976452687 -145.0211728924269 -143.880245832648 -143.5813368939264
 Davidson iteration 0.4 (tol=0.01546555562741864): -146.4649503058461 -145.2539694291655 -144.0684400780105 -143.7842071773028
 Davidson iteration 0.5 (tol=0.005916329418569249): -146.4650418831384 -145.6320933804553 -144.3316208932169 -143.9167066886819
 Davidson iteration 0.6 (tol=0.002550397935873742): -146.465052649557 -145.766521405306 -144.5029654971766 -143.923161789421
 Davidson iteration 0.7 (tol=0.001013641200911177): -146.4650544559272 -145.8296855373871 -144.7530371106349 -144.1730049727353
 Davidson iteration 1.0 (tol=0.001013641200910837): -146.4650544559279
 Davidson iteration 1.1 (tol=0.0004886779306002285): -146.4650547091209 -143.6153463171253
 Davidson iteration 1.2 (tol=0.0002176705292241961): -146.4650547881473 -145.1670414028409 -141.6971145295257
 Davidson iteration 1.3 (tol=8.799241326497635e-05): -146.4650548040339 -145.6338814125197 -143.3622709883631 -141.1265390571157
 Davidson iteration 1.4 (tol=3.912484863220193e-05): -146.4650548063111 -145.8193138441347 -143.5483745860987 -143.3379220541669
 Davidson iteration 1.5 (tol=1.753958692722655e-05): -146.4650548068234 -145.9762281674446 -144.7472832997366 -143.3598550808163
 Davidson iteration 1.6 (tol=8.506933201345388e-06): -146.4650548069285 -146.057006999276 -145.2326651383224 -143.7584540851946
 Elapsed time for davidson 28.090551 (sec) 
 Elapsed time for diagonalization 28.0907 (sec) 
 Elapsed time for mult 0.827039 (sec) 
 Energy = -146.4650548069262
 Elapsed time for measurement 0.044803 (sec) 
 Sample-based diagonalization: Energy = -146.4650548069262
 Sample-based diagonalization: density = [1.999996994283862,1.99522837890439,1.99252135617817,1.992900873642487,1.989961179740916,1.989223073769099,1.991274358288339,1.97312043633128,1.97681405279672,1.986662490028835,1.926731129740175,0.1062047459266596,0.008743985610622104,0.01365498971466461,0.01409755348870557,0.005440589745117868,0.02086680831954827,0.01655700326698922
 Sample-based diagonalization: carryover bitstrings = [], size = 0
