 Elapsed time for helper construction 1.465829 (sec) 
 Elapsed time for init 0.018587 (sec) 
 Elapsed time for makeQChamDiagTerms 14.115345 (sec) 
 Davidson iteration 0.0 (tol=0.6321164320379457): -125.6754076888551
 Davidson iteration 0.1 (tol=0.1286016125900794): -125.8599006059439 -123.5989739472387
 Davidson iteration 0.2 (tol=0.02191228627111638): -125.8658475305973 -123.8403647663239 -123.1032990515844
 Davidson iteration 0.3 (tol=0.005493571255280822): -125.8660252487363 -123.9739476947874 -123.4884320102556 -123.0368206837469
 Davidson iteration 0.4 (tol=0.001492118361442811): -125.8660371430104 -124.1978993052056 -123.6492943414356 -123.2380510320777
 Davidson iteration 0.5 (tol=0.0003550254405564598): -125.8660379292978 -124.3810792599634 -123.7587382314386 -123.23811578866
 Davidson iteration 0.6 (tol=8.012237486925963e-05): -125.8660379708081 -124.46198039623 -123.8535106529983 -123.3759724653333
 Davidson iteration 0.7 (tol=1.966039736095745e-05): -125.8660379729342 -124.485671563771 -123.9326665729403 -123.4863006976241
 Davidson iteration 1.0 (tol=1.966039735994443e-05): -125.8660379729351
 Davidson iteration 1.1 (tol=6.442866943174933e-06): -125.8660379730618 -123.1871183728565
 Elapsed time for davidson 46.524453 (sec) 
 Elapsed time for diagonalization 46.524825 (sec) 
 Elapsed time for mult 1.387416 (sec) 
 Energy = -125.866037973062
 Elapsed time for measurement 0.126594 (sec) 
 Sample-based diagonalization: Energy = -125.866037973062
 Sample-based diagonalization: density = [1.999972370676007,1.99068519299349,1.989164033872375,1.986499232655237,1.989019835205651,1.983320373979357,1.982287070005387,1.984799879644463,1.980218739483684,1.979462066276336,1.977796171920713,1.978764528332256,0.01071816404391348,0.01893448728144347,0.0145571639322583,0.01518419277621138,0.01614410880343818,0.01576235336091642,0.01262132701820326,0.01512354536126414,0.01475432497388608,0.01348948520734513,0.01520451444462481,0.01551683741366568
 Sample-based diagonalization: carryover bitstrings = [], size = 0
