 Elapsed time for helper construction 1.161285 (sec) 
 Elapsed time for init 0.038588 (sec) 
 Elapsed time for makeQChamDiagTerms 8.349950999999999 (sec) 
 Davidson iteration 0.0 (tol=0.6205685265911082): -116.7720326971018
 Davidson iteration 0.1 (tol=0.18513900004646): -116.9448313715605 -114.6435528335352
 Davidson iteration 0.2 (tol=0.04410392258757162): -116.9560445224408 -115.0161816542441 -113.8627524600888
 Davidson iteration 0.3 (tol=0.0129470929437035): -116.9566182253176 -115.0787466110646 -114.1701588867043 -113.8583677810517
 Davidson iteration 0.4 (tol=0.004084033171517902): -116.9566730563368 -115.217335652098 -114.4872755692617 -114.1342925196547
 Davidson iteration 0.5 (tol=0.001432070455853212): -116.9566787173291 -115.5046125491798 -114.8611592464383 -114.1387729148226
 Davidson iteration 0.6 (tol=0.0004823929580207943): -116.9566793983638 -115.754032072733 -114.9914907480084 -114.29078987589
 Davidson iteration 0.7 (tol=0.0001617759120106491): -116.9566794764444 -115.9395186251288 -115.0903931690112 -114.3964338438332
 Davidson iteration 1.0 (tol=0.000161775912012471): -116.9566794764426
 Davidson iteration 1.1 (tol=6.926314344536483e-05): -116.9566794849231 -114.6623255381577
 Davidson iteration 1.2 (tol=2.89927330692514e-05): -116.9566794870467 -115.8639002718835 -113.0850895821123
 Davidson iteration 1.3 (tol=9.765931780343942e-06): -116.9566794873203 -116.128106470611 -113.7855626542606 -112.8219156675089
 Elapsed time for davidson 43.995371 (sec) 
 Elapsed time for diagonalization 43.997318 (sec) 
 Elapsed time for mult 1.349484 (sec) 
 Energy = -116.9566794873208
 Elapsed time for measurement 0.118561 (sec) 
 Sample-based diagonalization: Energy = -116.9566794873208
 Sample-based diagonalization: density = [1.999969561062288,1.989989358482758,1.988351702822809,1.984374626103607,1.98112804303885,1.979318260148944,1.979335242067786,1.979158774182223,1.976431972003929,1.976080665064175,1.984985442617427,0.02186641404257138,0.0228673848945607,0.01966737695943379,0.01840001921002144,0.01721686943705252,0.01782936709720517,0.01032274115433786,0.01678504528440948,0.01836834841259188,0.01755278557397237
 Sample-based diagonalization: carryover bitstrings = [], size = 0
