 Elapsed time for helper construction 0.84295 (sec) 
 Elapsed time for init 0.026122 (sec) 
 Elapsed time for makeQChamDiagTerms 6.055622 (sec) 
 Davidson iteration 0.0 (tol=0.6021745349527811): -143.4564787228286
 Davidson iteration 0.1 (tol=0.1674812511391304): -143.6117473491859 -141.3767188251939
 Davidson iteration 0.2 (tol=0.05266910336326303): -143.6210349762522 -141.6731796550197 -140.9751741423402
 Davidson iteration 0.3 (tol=0.01355620340062863): -143.6219737899851 -141.8168298167858 -141.0027336714335 -140.8789143865988
 Davidson iteration 0.4 (tol=0.004699081873780539): -143.6220507349014 -142.335128369895 -141.2924180489154 -140.9802462727579
 Davidson iteration 0.5 (tol=0.001533974142869093): -143.6220596465597 -142.6456867487602 -141.4762424345292 -141.141325754721
 Davidson iteration 0.6 (tol=0.000514023592920435): -143.6220606123674 -142.8116592880176 -141.8531461532517 -141.467507625616
 Davidson iteration 0.7 (tol=0.0001876562676090171): -143.6220607166179 -142.8903894725526 -142.0475377536539 -141.5530039037093
 Davidson iteration 1.0 (tol=0.0001876562676069877): -143.6220607166187
 Davidson iteration 1.1 (tol=7.824659693100374e-05): -143.6220607286815 -141.7325817850216
 Davidson iteration 1.2 (tol=3.034850229707848e-05): -143.6220607317373 -142.5655367110095 -140.7154439100502
 Davidson iteration 1.3 (tol=1.069571984254132e-05): -143.6220607321201 -143.0106683976215 -140.9097565627448 -140.5918983422282
 Davidson iteration 1.4 (tol=3.324968713126884e-06): -143.6220607321626 -143.0615945320183 -141.2767407674405 -140.8926514540346
 Elapsed time for davidson 29.118275 (sec) 
 Elapsed time for diagonalization 29.119311 (sec) 
 Elapsed time for mult 0.749819 (sec) 
 Energy = -143.6220607321596
 Elapsed time for measurement 0.06203599999999999 (sec) 
 Sample-based diagonalization: Energy = -143.6220607321596
 Sample-based diagonalization: density = [1.999988888831256,1.994522474449873,1.991469267827969,1.991288489791932,1.986360469431475,1.986230152171398,1.985738227745687,1.981644134628991,1.984379284156606,1.974423646952917,1.991256000021762,1.969077390633156,0.05133214082870968,0.01976143976299839,0.01749052655420923,0.01552121205585513,0.009385605513619642,0.01552340768103658,0.01480542523038721,0.01132782269727001,0.008473992783473255
 Sample-based diagonalization: carryover bitstrings = [], size = 0
