 Elapsed time for helper construction 0.362733 (sec) 
 Elapsed time for init 0.005802 (sec) 
 Elapsed time for makeQChamDiagTerms 1.054158 (sec) 
 Davidson iteration 0.0 (tol=0.5738609626513277): -155.4095454115447
 Davidson iteration 0.1 (tol=0.2560198244743729): -155.5444067681151 -153.4683439547166
 Davidson iteration 0.2 (tol=0.11411803303925): -155.5631036832009 -153.8595260659525 -152.4975673918564
 Davidson iteration 0.3 (tol=0.04465708852532473): -155.5668041523288 -154.0561252805488 -152.9141281801041 -152.0984461573753
 Davidson iteration 0.4 (tol=0.0191127993013584): -155.5672968571455 -154.2558306021789 -153.1984082966633 -152.4707178746087
 Davidson iteration 0.5 (tol=0.007619309113340685): -155.5674016983996 -154.5259981668509 -153.4240189277019 -152.4805280135399
 Davidson iteration 0.6 (tol=0.003657660362878453): -155.5674168834737 -154.6900013721459 -153.6464647999823 -152.6099227241368
 Davidson iteration 0.7 (tol=0.001621854213459401): -155.5674206486688 -154.8508179267961 -154.052446922769 -153.0056172914338
 Davidson iteration 1.0 (tol=0.001621854213464204): -155.5674206486679
 Davidson iteration 1.1 (tol=0.0008393172670725883): -155.5674212798926 -152.7833546005631
 Davidson iteration 1.2 (tol=0.0004835109808508913): -155.5674215185967 -154.5743914904062 -150.5448568993084
 Davidson iteration 1.3 (tol=0.0002331907184109279): -155.5674215893997 -155.0298115079145 -152.0091840181248 -149.2945168710417
 Davidson iteration 1.4 (tol=0.0001011564830958313): -155.5674216025358 -155.1276440420619 -152.2820584279535 -151.7275618843126
 Davidson iteration 1.5 (tol=4.653018718721553e-05): -155.567421605372 -155.1867634930946 -153.5354084825054 -151.9684321634923
 Davidson iteration 1.6 (tol=2.396758465802245e-05): -155.5674216059674 -155.2289388362554 -154.2528216322512 -152.071593893553
 Davidson iteration 1.7 (tol=1.08764179964602e-05): -155.5674216061333 -155.2611197221232 -154.6860784240875 -152.2024971702969
 Davidson iteration 2.0 (tol=1.087641801106473e-05): -155.5674216061339
 Davidson iteration 2.1 (tol=6.47606878288336e-06): -155.5674216061683 -153.7473932717119
 Elapsed time for davidson 11.43397 (sec) 
 Elapsed time for diagonalization 11.434057 (sec) 
 Elapsed time for mult 0.331799 (sec) 
 Energy = -155.5674216061691
 Elapsed time for measurement 0.022295 (sec) 
 Sample-based diagonalization: Energy = -155.5674216061691
 Sample-based diagonalization: density = [1.999996723034215,1.997830228957009,1.992160132767787,1.986199359785879,1.987809910985434,1.97798757231722,1.987130654556427,1.996093296933409,1.982869698977368,1.921862084676487,1.977828027353517,0.1074580391215348,0.01674379126729767,0.02372864916072633,0.02202168068968521,0.02228014935626754
 Sample-based diagonalization: carryover bitstrings = [], size = 0
