 Elapsed time for helper construction 0.658573 (sec) 
 Elapsed time for init 0.009571 (sec) 
 Elapsed time for makeQChamDiagTerms 1.747208 (sec) 
 Davidson iteration 0.0 (tol=0.5273693372520394): -88.79853064874638
 Davidson iteration 0.1 (tol=0.14599109576747): -88.92489349047942 -86.69565939283522
 Davidson iteration 0.2 (tol=0.02937828023165911): -88.93202714288083 -87.02426354301858 -85.83892864312777
 Davidson iteration 0.3 (tol=0.006832956227289703): -88.93228635223751 -87.11264583389058 -86.2139925393698 -85.63930432204062
 Davidson iteration 0.4 (tol=0.001780126365476209): -88.93230115834972 -87.19373675474777 -86.50987497908369 -85.88157882152316
 Davidson iteration 0.5 (tol=0.000516633477656917): -88.9323021462623 -87.31560828302317 -86.81256557091676 -85.88435135764438
 Davidson iteration 0.6 (tol=0.0001301827865069022): -88.93230222450093 -87.43167242766309 -86.9692078515686 -86.12012547036265
 Davidson iteration 0.7 (tol=3.364328935874171e-05): -88.93230222935389 -87.49314825467565 -87.04569431205643 -86.26566830393458
 Davidson iteration 1.0 (tol=3.364328935846791e-05): -88.93230222935357
 Davidson iteration 1.1 (tol=1.105589110220662e-05): -88.93230222965126 -85.65326168066112
 Davidson iteration 1.2 (tol=3.272596547592043e-06): -88.93230222969247 -86.90738447283367 -84.66242886052403
 Elapsed time for davidson 11.556459 (sec) 
 Elapsed time for diagonalization 11.556634 (sec) 
 Elapsed time for mult 0.599225 (sec) 
 Energy = -88.93230222969237
 Elapsed time for measurement 0.032954 (sec) 
 Sample-based diagonalization: Energy = -88.93230222969237
 Sample-based diagonalization: density = [1.999969025119949,1.98986036384491,1.987264035136857,1.988642311018773,1.982597678933459,1.980213825933146,1.979708748728525,1.977761988571294,1.980324326422292,0.01402644559820967,0.02026873179394112,0.01846495810621814,0.01662622175740461,0.0171504359394524,0.01642811023246152,0.01529737719100394,0.01539541557951553
 Sample-based diagonalization: carryover bitstrings = [], size = 0
