 Elapsed time for helper construction 0.5588409999999999 (sec) 
 Elapsed time for init 0.007744999999999999 (sec) 
 Elapsed time for makeQChamDiagTerms 2.575747 (sec) 
 Davidson iteration 0.0 (tol=0.5302456416561493): -148.3060843403417
 Davidson iteration 0.1 (tol=0.2134203536196064): -148.4281230011708 -146.3862880588659
 Davidson iteration 0.2 (tol=0.08820319290447648): -148.4428102846348 -146.8151124197699 -145.6605043860123
 Davidson iteration 0.3 (tol=0.03090652335332446): -148.4454851905109 -147.0503910810327 -145.9881854979476 -145.492199815657
 Davidson iteration 0.4 (tol=0.01242995171278724): -148.4457830464748 -147.2720329165459 -146.2451134830003 -145.6875257638338
 Davidson iteration 0.5 (tol=0.004947962520299672): -148.4458448681722 -147.6150744331946 -146.4918897590598 -145.9613446061739
 Davidson iteration 0.6 (tol=0.002154122600503975): -148.4458532699444 -147.739983838265 -146.65383033001 -145.98059881439
 Davidson iteration 0.7 (tol=0.0008618482621290223): -148.4458549350092 -147.8395253729493 -147.0316833317415 -146.2258512181913
 Davidson iteration 1.0 (tol=0.0008618482621267766): -148.4458549350101
 Davidson iteration 1.1 (tol=0.0004003980669859749): -148.4458551597721 -146.3262287522057
 Davidson iteration 1.2 (tol=0.0001951077621269068): -148.4458552251675 -147.4574631776821 -144.7831266546987
 Davidson iteration 1.3 (tol=7.916809162631866e-05): -148.4458552395683 -147.8404799377617 -145.5904675217494 -144.4850834456511
 Davidson iteration 1.4 (tol=3.297714692873148e-05): -148.4458552416063 -147.9447319215538 -145.7505262714858 -145.5816050909145
 Davidson iteration 1.5 (tol=1.261788034405236e-05): -148.4458552419767 -148.0176074531107 -146.655433516147 -145.6003819878756
 Davidson iteration 1.6 (tol=5.047407012459892e-06): -148.4458552420294 -148.0610464051321 -147.0784339268076 -146.0262594067102
 Elapsed time for davidson 19.619864 (sec) 
 Elapsed time for diagonalization 19.620609 (sec) 
 Elapsed time for mult 0.5594819999999999 (sec) 
 Energy = -148.4458552420272
 Elapsed time for measurement 0.032101 (sec) 
 Sample-based diagonalization: Energy = -148.4458552420272
 Sample-based diagonalization: density = [1.99999681216768,1.998108334303833,1.992831935016005,1.991032407911889,1.991591070580176,1.990332816876094,1.992397881142566,1.981460807950203,1.962470967871834,1.9834832375591,1.944736033593958,0.0994364811902391,0.01299438909667727,0.01438348313405968,0.003812459549602291,0.02398640727269127,0.01694447460390335
 Sample-based diagonalization: carryover bitstrings = [], size = 0
