 Elapsed time for helper construction 1.392084 (sec) 
 Elapsed time for init 0.016937 (sec) 
 Elapsed time for makeQChamDiagTerms 8.527025 (sec) 
 Davidson iteration 0.0 (tol=0.6086616118915416): -131.9413490602467
 Davidson iteration 0.1 (tol=0.2142711410544046): -132.1105661364695 -129.8762808707076
 Davidson iteration 0.2 (tol=0.06623832045683282): -132.1256884929872 -130.3231983021387 -129.0051023485373
 Davidson iteration 0.3 (tol=0.02107172088291806): -132.1269459395356 -130.4006239617892 -129.1420292587979 -128.9912533225779
 Davidson iteration 0.4 (tol=0.007370378846065454): -132.127081214018 -130.5326410806686 -129.5840046962679 -129.0521977530189
 Davidson iteration 0.5 (tol=0.002806976753361364): -132.127098940804 -130.8010148540804 -130.0744134728203 -129.2103109401712
 Davidson iteration 0.6 (tol=0.001101385454096686): -132.1271015677006 -131.0349414208785 -130.2556911566754 -129.2666877815274
 Davidson iteration 0.7 (tol=0.0004234194099267189): -132.1271019458765 -131.1922945101502 -130.3842485925388 -129.5564844638832
 Davidson iteration 1.0 (tol=0.0004234194099263542): -132.1271019458766
 Davidson iteration 1.1 (tol=0.0001876910854286007): -132.1271019942151 -129.2308207922715
 Davidson iteration 1.2 (tol=8.014169351813375e-05): -132.1271020073077 -130.7965338840886 -127.339331280866
 Davidson iteration 1.3 (tol=3.300710671732717e-05): -132.1271020094334 -131.1925946411047 -128.906170958753 -126.8503928150882
 Davidson iteration 1.4 (tol=1.208755312243015e-05): -132.1271020097501 -131.3514087651623 -129.1886510502929 -128.4606634607838
 Davidson iteration 1.5 (tol=4.623366840591079e-06): -132.1271020097951 -131.427344039519 -129.9288177813098 -128.9933766294812
 Elapsed time for davidson 51.303419 (sec) 
 Elapsed time for diagonalization 51.303655 (sec) 
 Elapsed time for mult 1.757527 (sec) 
 Energy = -132.1271020097952
 Elapsed time for measurement 0.090504 (sec) 
 Sample-based diagonalization: Energy = -132.1271020097952
 Sample-based diagonalization: density = [1.9999687704097,1.992347419601339,1.988916385019142,1.984583218030123,1.98045659134128,1.977066528035669,1.976588462403559,1.979168897348627,1.977966831307667,1.981403850386268,1.975391135136938,1.988372586075916,0.02162724733989976,0.03084091502187854,0.0204076075136041,0.02006957948270277,0.02451903746677975,0.02338498842242052,0.01968898195385313,0.01814956013839353,0.01908140720633034
 Sample-based diagonalization: carryover bitstrings = [], size = 0
