 Elapsed time for helper construction 0.5540929999999999 (sec) 
 Elapsed time for init 0.008121 (sec) 
 Elapsed time for makeQChamDiagTerms 2.928828 (sec) 
 Davidson iteration 0.0 (tol=0.5500999596903661): -149.0811651070676
 Davidson iteration 0.1 (tol=0.2289694294651506): -149.2099746774695 -147.2196121116991
 Davidson iteration 0.2 (tol=0.09443385788897327): -149.2264681296725 -147.6131493261318 -146.5881842090983
 Davidson iteration 0.3 (tol=0.03268895369210344): -149.2294090366398 -147.758162453572 -146.7331918832423 -146.553456260646
 Davidson iteration 0.4 (tol=0.01270411074375317): -149.2297458271363 -148.0060738705797 -146.9088690594949 -146.5727173882728
 Davidson iteration 0.5 (tol=0.004321994958894439): -149.229807934204 -148.3487683183108 -147.0890296800237 -146.8144073293813
 Davidson iteration 0.6 (tol=0.001745656881993487): -149.2298140377975 -148.473672019899 -147.2730785641776 -146.8179759231404
 Davidson iteration 0.7 (tol=0.0006700313967036718): -149.2298149243545 -148.5321902585778 -147.4923859048537 -146.9525007983304
 Davidson iteration 1.0 (tol=0.0006700313967170598): -149.2298149243545
 Davidson iteration 1.1 (tol=0.0003194435293189885): -149.2298150586737 -147.1069744388643
 Davidson iteration 1.2 (tol=0.0001558282464103974): -149.2298151019501 -148.2223531896356 -145.6055939575846
 Davidson iteration 1.3 (tol=6.187675012936131e-05): -149.2298151113425 -148.628119086692 -146.5036596793798 -145.4333230769114
 Davidson iteration 1.4 (tol=2.958129275218782e-05): -149.2298151127984 -148.7988653993652 -147.0014654023533 -146.4832869143472
 Davidson iteration 1.5 (tol=1.414690800781204e-05): -149.2298151131376 -148.8963583719611 -147.8289602184562 -146.5068212393447
 Davidson iteration 1.6 (tol=6.700551546824576e-06): -149.2298151132179 -148.9571565658616 -148.3421173366 -146.9437633646563
 Elapsed time for davidson 20.002386 (sec) 
 Elapsed time for diagonalization 20.002592 (sec) 
 Elapsed time for mult 0.554661 (sec) 
 Energy = -149.2298151132179
 Elapsed time for measurement 0.033803 (sec) 
 Sample-based diagonalization: Energy = -149.2298151132179
 Sample-based diagonalization: density = [1.999997005820857,1.996423715624497,1.992554354566664,1.994888822021277,1.991102193060999,1.986981726824723,1.989460469575594,1.980169660678231,1.977875700033155,1.988083949649662,1.917912496112875,0.1107492519111856,0.009110674826599718,0.004188221818254255,0.00939975358606138,0.01698570444350317,0.01848791545819094,0.01562838380715873
 Sample-based diagonalization: carryover bitstrings = [], size = 0
