 Elapsed time for helper construction 0.214959 (sec) 
 Elapsed time for init 0.001427 (sec) 
 Elapsed time for makeQChamDiagTerms 0.53948 (sec) 
 Davidson iteration 0.0 (tol=0.5632971836685668): -138.6574690767646
 Davidson iteration 0.1 (tol=0.2681740983179148): -138.7877446969333 -136.6861974105551
 Davidson iteration 0.2 (tol=0.1204767761386985): -138.8100203247985 -137.1919833328287 -135.8229413214835
 Davidson iteration 0.3 (tol=0.05195016447472972): -138.8141289471839 -137.4846322718897 -136.190968901612 -134.8419156303797
 Davidson iteration 0.4 (tol=0.02236893285283778): -138.8148312822506 -137.7058469656811 -136.3480129972036 -135.9765835106118
 Davidson iteration 0.5 (tol=0.009235979122519318): -138.8149867956357 -137.9825367318763 -136.6400629510628 -135.9818388745543
 Davidson iteration 0.6 (tol=0.004712348297851114): -138.8150083707598 -138.0996302533058 -136.8629675113733 -135.985870225185
 Davidson iteration 0.7 (tol=0.001882479151702894): -138.815014310717 -138.1777231772414 -137.1280091612393 -136.1782184682587
 Davidson iteration 1.0 (tol=0.00188247915171917): -138.8150143107162
 Davidson iteration 1.1 (tol=0.0008638403539515607): -138.8150150851023 -135.5124841482479
 Davidson iteration 1.2 (tol=0.0004562870926675335): -138.8150153216574 -137.4160103617066 -134.285810792378
 Davidson iteration 1.3 (tol=0.0002134766725043524): -138.8150153808847 -137.9137530680835 -134.8512488422401 -134.2190309066646
 Davidson iteration 1.4 (tol=9.052390274287141e-05): -138.8150153930542 -138.1648287299478 -135.2466731315837 -134.850907234833
 Davidson iteration 1.5 (tol=4.216648217968305e-05): -138.8150153952712 -138.270709152662 -136.2890117949927 -134.9880762889202
 Davidson iteration 1.6 (tol=1.806543963654966e-05): -138.8150153957789 -138.3498417190822 -137.1315696893657 -135.1952909694076
 Davidson iteration 1.7 (tol=7.686430847665507e-06): -138.815015395874 -138.3931215079378 -137.5866059238827 -135.4181044547935
 Elapsed time for davidson 5.528885 (sec) 
 Elapsed time for diagonalization 5.528898 (sec) 
 Elapsed time for mult 0.173303 (sec) 
 Energy = -138.8150153958756
 Elapsed time for measurement 0.008289999999999999 (sec) 
 Sample-based diagonalization: Energy = -138.8150153958756
 Sample-based diagonalization: density = [1.999997150284017,1.994587003164724,1.993130502657303,1.988021842075835,1.989073756405915,1.983250922290752,1.965061529798111,1.981968819867883,1.986480091142828,1.914787507451988,0.1198513928538944,0.01031031896988723,0.02342138186058123,0.0236591724380286,0.02639860870542386
 Sample-based diagonalization: carryover bitstrings = [], size = 0
