 Elapsed time for helper construction 0.937256 (sec) 
 Elapsed time for init 0.011958 (sec) 
 Elapsed time for makeQChamDiagTerms 9.381632999999999 (sec) 
 Davidson iteration 0.0 (tol=0.6002108988781695): -123.5553301936174
 Davidson iteration 0.1 (tol=0.1026791278022852): -123.7254799434152 -121.525311115258
 Davidson iteration 0.2 (tol=0.01638523661191522): -123.7294739668781 -121.7199289906698 -121.1406331824652
 Davidson iteration 0.3 (tol=0.003977390320952263): -123.729582517805 -121.8818466306443 -121.4897067636357 -121.0409803687645
 Davidson iteration 0.4 (tol=0.001004291453072323): -123.7295890406755 -122.1218995147366 -121.5903001274196 -121.1394182585527
 Davidson iteration 0.5 (tol=0.0002194914596655764): -123.7295893967178 -122.2688716554869 -121.6499591866602 -121.1883772167996
 Davidson iteration 0.6 (tol=4.602657001102999e-05): -123.7295894131561 -122.3213839532886 -121.7151262616615 -121.3204158196078
 Davidson iteration 0.7 (tol=1.063317624340943e-05): -123.7295894139219 -122.3357952741663 -121.8109449129973 -121.5172333161645
 Davidson iteration 1.0 (tol=1.063317624192997e-05): -123.7295894139228
 Davidson iteration 1.1 (tol=3.252046176134684e-06): -123.7295894139627 -121.2058145364149
 Elapsed time for davidson 34.602195 (sec) 
 Elapsed time for diagonalization 34.602404 (sec) 
 Elapsed time for mult 1.138464 (sec) 
 Energy = -123.7295894139629
 Elapsed time for measurement 0.08308699999999999 (sec) 
 Sample-based diagonalization: Energy = -123.7295894139629
 Sample-based diagonalization: density = [1.999975075147307,1.992620609465886,1.991044383702345,1.987405570934891,1.985588912611256,1.985301742061523,1.986283256408603,1.983869233135504,1.982754464844131,1.980938437303389,1.978678314422804,1.981157149632708,0.009197325819919749,0.008943253199201712,0.01449054154852681,0.01737713671038499,0.01588257576925564,0.01406870101773454,0.01510921121616233,0.01310073896468138,0.01345546788363012,0.01379727069372245,0.01384981278051598,0.0151108144368871
 Sample-based diagonalization: carryover bitstrings = [], size = 0
