 Elapsed time for helper construction 1.059673 (sec) 
 Elapsed time for init 0.0155 (sec) 
 Elapsed time for makeQChamDiagTerms 9.329098 (sec) 
 Davidson iteration 0.0 (tol=0.5666970089294903): -155.3981858681328
 Davidson iteration 0.1 (tol=0.1281545713066052): -155.5476236692848 -153.5897297553846
 Davidson iteration 0.2 (tol=0.03475952205683553): -155.5549339364918 -153.9657910962367 -153.5238050748773
 Davidson iteration 0.3 (tol=0.007262377272439733): -155.5554670951261 -153.9983774361257 -153.6982295020042 -153.4507250493442
 Davidson iteration 0.4 (tol=0.002170752370475711): -155.5554921909007 -154.440605175717 -153.7076805405445 -153.4892563799849
 Davidson iteration 0.5 (tol=0.0006459584601700799): -155.5554944052198 -154.5469611749472 -153.9972637484496 -153.595946906606
 Davidson iteration 0.6 (tol=0.0001600225356905492): -155.555494595993 -154.6933857258596 -154.0387160122179 -153.7812413222099
 Davidson iteration 0.7 (tol=4.454456408012343e-05): -155.5554946075602 -154.8051525827081 -154.0753910353411 -154.0116527555098
 Davidson iteration 1.0 (tol=4.454456408254197e-05): -155.5554946075623
 Davidson iteration 1.1 (tol=1.573527892087753e-05): -155.5554946084267 -154.0398792948846
 Davidson iteration 1.2 (tol=5.667497389735208e-06): -155.5554946085886 -154.9375460220671 -153.1315275058708
 Elapsed time for davidson 29.525394 (sec) 
 Elapsed time for diagonalization 29.525608 (sec) 
 Elapsed time for mult 0.634069 (sec) 
 Energy = -155.5554946085866
 Elapsed time for measurement 0.08096099999999999 (sec) 
 Sample-based diagonalization: Energy = -155.5554946085866
 Sample-based diagonalization: density = [1.999984727548892,1.996266938164478,1.99455112907307,1.996800326071551,1.989646314698914,1.991459510392215,1.989064590792775,1.98298852918645,1.988862741474509,1.985880017323842,1.97622664960843,1.992130324234584,1.947969103088319,0.07823127236862151,0.01223745929070524,0.01027825016708063,0.008794179492676685,0.0038527870297213,0.004995101966132667,0.01269989882144929,0.01138016074306997,0.0138048828255434,0.01189510542145027
 Sample-based diagonalization: carryover bitstrings = [], size = 0
