 Elapsed time for helper construction 1.316626 (sec) 
 Elapsed time for init 0.047753 (sec) 
 Elapsed time for makeQChamDiagTerms 12.921374 (sec) 
 Davidson iteration 0.0 (tol=0.6329272870888909): -125.4391091642896
 Davidson iteration 0.1 (tol=0.1247634359424271): -125.6242308518383 -123.3695269233774
 Davidson iteration 0.2 (tol=0.02087555587403084): -125.62991795431 -123.5981069363655 -122.9188433897566
 Davidson iteration 0.3 (tol=0.005135189033701549): -125.6300840566293 -123.7374826754125 -123.3103250780151 -122.8587866959086
 Davidson iteration 0.4 (tol=0.001365088830681622): -125.6300948088058 -123.9741984507262 -123.4378303168791 -123.1136395369253
 Davidson iteration 0.5 (tol=0.0003217098286437957): -125.6300954589014 -124.1398651403878 -123.5226832112478 -123.1142697999886
 Davidson iteration 0.6 (tol=6.984574445373377e-05): -125.6300954928105 -124.2024821518088 -123.5979620708683 -123.2384449185655
 Davidson iteration 0.7 (tol=1.625951698734404e-05): -125.6300954944567 -124.2210893267002 -123.6578824549666 -123.3192722171095
 Davidson iteration 1.0 (tol=1.62595169865487e-05): -125.6300954944567
 Davidson iteration 1.1 (tol=5.175177228394214e-06): -125.6300954945465 -123.0307401347274
 Elapsed time for davidson 44.533306 (sec) 
 Elapsed time for diagonalization 44.53354 (sec) 
 Elapsed time for mult 1.27503 (sec) 
 Energy = -125.6300954945463
 Elapsed time for measurement 0.120881 (sec) 
 Sample-based diagonalization: Energy = -125.6300954945463
 Sample-based diagonalization: density = [1.999972230154735,1.990336612460877,1.989073404142346,1.986687889541386,1.987154589940404,1.983194681128176,1.981162203752384,1.981390176807824,1.98568919788487,1.978535349820925,1.979780013279217,1.979130776005388,0.008079167341725516,0.01805063810655963,0.01880648678580059,0.01014680645811895,0.0175226931891399,0.01688494939234155,0.01389135318473823,0.01545628672444525,0.01319937423448623,0.01636435902515929,0.01428813580941433,0.01520262453331929
 Sample-based diagonalization: carryover bitstrings = [], size = 0
