 Elapsed time for helper construction 1.242856 (sec) 
 Elapsed time for init 0.047905 (sec) 
 Elapsed time for makeQChamDiagTerms 12.531542 (sec) 
 Davidson iteration 0.0 (tol=0.6925830514447054): -155.3981858681328
 Davidson iteration 0.1 (tol=0.2286294956079463): -155.5971077039046 -153.3356873308612
 Davidson iteration 0.2 (tol=0.07928235694291356): -155.6138507152863 -153.6019195151794 -152.8793127511678
 Davidson iteration 0.3 (tol=0.02143683726011991): -155.615868505452 -153.735704656334 -153.0616873942999 -152.7345057950537
 Davidson iteration 0.4 (tol=0.007268882150643891): -155.6160237394516 -153.9872183975937 -153.1576697501719 -152.879641949939
 Davidson iteration 0.5 (tol=0.002560755199646501): -155.6160460620166 -154.447549771737 -153.3992775589709 -153.0202550759196
 Davidson iteration 0.6 (tol=0.0008514274018295459): -155.6160485278483 -154.6474565956859 -153.4866171902998 -153.2654922313646
 Davidson iteration 0.7 (tol=0.0003183464939914836): -155.6160488097817 -154.8063686520943 -153.9878065407836 -153.3416745976661
 Davidson iteration 1.0 (tol=0.0003183464939918347): -155.6160488097804
 Davidson iteration 1.1 (tol=0.0001240808800134851): -155.6160488449011 -153.4199297510533
 Davidson iteration 1.2 (tol=5.704447366153028e-05): -155.6160488538052 -154.7226736411494 -152.973021699434
 Davidson iteration 1.3 (tol=1.970303011150945e-05): -155.6160488549637 -154.9751563261027 -152.9863483453121 -152.5643840968531
 Davidson iteration 1.4 (tol=7.487386765870817e-06): -155.6160488551101 -155.049990993543 -153.3704817944015 -152.9770015574518
 Elapsed time for davidson 53.368044 (sec) 
 Elapsed time for diagonalization 53.377449 (sec) 
 Elapsed time for mult 1.575699 (sec) 
 Energy = -155.6160488551096
 Elapsed time for measurement 0.112819 (sec) 
 Sample-based diagonalization: Energy = -155.6160488551096
 Sample-based diagonalization: density = [1.999974278046461,1.993887762920129,1.993568170643524,1.989739685402306,1.986385635935403,1.985336760726078,1.98398575752392,1.981096472190989,1.980776842039576,1.983332727341077,1.974691542069495,1.985628529150676,1.950119703876503,0.07685904591834922,0.01573869818602744,0.01814553232775943,0.01497794643536686,0.007753192229188905,0.0146798588561927,0.01559216500965541,0.01566330883011152,0.01605230256575995,0.01601408142532707
 Sample-based diagonalization: carryover bitstrings = [], size = 0
