 Elapsed time for helper construction 0.375282 (sec) 
 Elapsed time for init 0.003102 (sec) 
 Elapsed time for makeQChamDiagTerms 1.365418 (sec) 
 Davidson iteration 0.0 (tol=0.5508903511673688): -147.8874930842894
 Davidson iteration 0.1 (tol=0.2421486540981365): -148.0166275774077 -145.938779901708
 Davidson iteration 0.2 (tol=0.108471794229494): -148.0337853081675 -146.3603304014034 -144.9718880435996
 Davidson iteration 0.3 (tol=0.04171473436696875): -148.0372540523431 -146.5860952096219 -145.3512498155731 -144.5975914688598
 Davidson iteration 0.4 (tol=0.01655739442390695): -148.037727544564 -146.7892071042587 -145.6484366407394 -144.9938704842085
 Davidson iteration 0.5 (tol=0.006257314659834504): -148.0378206357924 -147.1040345916258 -145.96441534859 -145.1191366516325
 Davidson iteration 0.6 (tol=0.003018487803502745): -148.0378319167545 -147.250477387755 -146.1344862283467 -145.1587339606356
 Davidson iteration 0.7 (tol=0.001231849570074038): -148.0378342727148 -147.3555464336593 -146.3983202143179 -145.5078437695236
 Davidson iteration 1.0 (tol=0.001231849570075065): -148.0378342727151
 Davidson iteration 1.1 (tol=0.0006376902732427533): -148.0378346630932 -145.5964203510343
 Davidson iteration 1.2 (tol=0.0003190412875208839): -148.0378347993919 -146.9542447769141 -143.0758545607336
 Davidson iteration 1.3 (tol=0.0001316627971188036): -148.037834832945 -147.358172277332 -144.7184451230955 -142.6006776896045
 Davidson iteration 1.4 (tol=5.746986361497406e-05): -148.0378348375179 -147.4988652122988 -144.8808524725242 -144.5777938407057
 Davidson iteration 1.5 (tol=2.420119907880591e-05): -148.0378348383928 -147.552442204839 -145.752227420796 -144.7421154570312
 Davidson iteration 1.6 (tol=1.057379640356276e-05): -148.0378348385492 -147.5926617364217 -146.4035560935804 -144.837941119906
 Davidson iteration 1.7 (tol=3.718855641804458e-06): -148.0378348385798 -147.6152625893816 -146.8564869802214 -144.9260463121223
 Elapsed time for davidson 11.408274 (sec) 
 Elapsed time for diagonalization 11.408343 (sec) 
 Elapsed time for mult 0.378747 (sec) 
 Energy = -148.0378348385783
 Elapsed time for measurement 0.021194 (sec) 
 Sample-based diagonalization: Energy = -148.0378348385783
 Sample-based diagonalization: density = [1.999996753513821,1.997498800528925,1.99239784009189,1.992275200129393,1.99028544856519,1.987854237315655,1.965597649009142,1.980408136024779,1.989032755921891,1.982827053989116,1.935658238514364,0.1018053792828644,0.01288218759993314,0.008517426458373265,0.01933357736230206,0.02560165240375089,0.01802766320744061
 Sample-based diagonalization: carryover bitstrings = [], size = 0
