 Elapsed time for helper construction 1.44174 (sec) 
 Elapsed time for init 0.052735 (sec) 
 Elapsed time for makeQChamDiagTerms 13.996227 (sec) 
 Davidson iteration 0.0 (tol=0.6212041426261622): -124.0409188785765
 Davidson iteration 0.1 (tol=0.1374460767532047): -124.2178840525863 -121.9517220630878
 Davidson iteration 0.2 (tol=0.02427320420884197): -124.2245336330135 -122.2153123010922 -121.3940785156909
 Davidson iteration 0.3 (tol=0.005952739284762381): -124.2247418142699 -122.3236013571332 -121.789139254275 -121.3342089362031
 Davidson iteration 0.4 (tol=0.001615804098211768): -124.2247556087053 -122.5373527681561 -122.0020919692747 -121.5735165909361
 Davidson iteration 0.5 (tol=0.0004120673810306751): -124.2247565067016 -122.737797057858 -122.1292729685753 -121.5762889970884
 Davidson iteration 0.6 (tol=9.809986143293312e-05): -124.2247565611897 -122.8303019629554 -122.2155989139119 -121.7462167291257
 Davidson iteration 0.7 (tol=2.429649121642352e-05): -124.2247565643445 -122.863727851066 -122.2821549571405 -121.8152538329355
 Davidson iteration 1.0 (tol=2.429649121666718e-05): -124.2247565643447
 Davidson iteration 1.1 (tol=7.760475833249369e-06): -124.2247565645336 -121.5049301242055
 Elapsed time for davidson 50.326134 (sec) 
 Elapsed time for diagonalization 50.333469 (sec) 
 Elapsed time for mult 1.630495 (sec) 
 Energy = -124.2247565645331
 Elapsed time for measurement 0.182602 (sec) 
 Sample-based diagonalization: Energy = -124.2247565645331
 Sample-based diagonalization: density = [1.999972107546422,1.990360943355896,1.989748288030758,1.987002002545227,1.984257648007388,1.982891702631758,1.983202837281334,1.980887782580433,1.98236930063142,1.980374883492855,1.976964908072781,1.98899020447803,0.005561047187759478,0.01449251946489112,0.0149042301629724,0.01212748641187503,0.01916200889137718,0.01543961026865482,0.0170227936552874,0.01286509415448945,0.01603778677636218,0.01581067725174562,0.01410298785826332,0.01545114891806159
 Sample-based diagonalization: carryover bitstrings = [], size = 0
