 Elapsed time for helper construction 1.282628 (sec) 
 Elapsed time for init 0.046934 (sec) 
 Elapsed time for makeQChamDiagTerms 14.383909 (sec) 
 Davidson iteration 0.0 (tol=0.6741742121295894): -140.4295630112957
 Davidson iteration 0.1 (tol=0.1787665847368728): -140.6504422792308 -138.8984033402891
 Davidson iteration 0.2 (tol=0.04483972863656494): -140.6640225358318 -138.9274235280023 -138.7546322780675
 Davidson iteration 0.3 (tol=0.01254696894631685): -140.6648954202379 -139.1385331403006 -138.7602539912449 -138.4520235752028
 Davidson iteration 0.4 (tol=0.003805340092462425): -140.6649742158765 -139.5082624418557 -138.7702922453674 -138.5018452848986
 Davidson iteration 0.5 (tol=0.001043623175448358): -140.664981481054 -139.8413745838618 -138.7979519103977 -138.5768928146192
 Davidson iteration 0.6 (tol=0.0003138683189262036): -140.6649819621754 -139.9270201716972 -138.8736887891812 -138.7971287592469
 Davidson iteration 0.7 (tol=0.0001091951240500098): -140.6649820153155 -139.9992212011388 -139.3949104332768 -138.7982627732326
 Davidson iteration 1.0 (tol=0.000109195124049225): -140.6649820153152
 Davidson iteration 1.1 (tol=4.787500375713717e-05): -140.6649820220226 -139.5057389644222
 Davidson iteration 1.2 (tol=2.639421517487438e-05): -140.6649820241807 -140.2052406224348 -138.7630245857452
 Davidson iteration 1.3 (tol=7.499844178732782e-06): -140.664982024495 -140.3092509794776 -138.9306933318558 -138.1584959624009
 Elapsed time for davidson 54.849869 (sec) 
 Elapsed time for diagonalization 54.85004 (sec) 
 Elapsed time for mult 1.604036 (sec) 
 Energy = -140.6649820244913
 Elapsed time for measurement 0.138709 (sec) 
 Sample-based diagonalization: Energy = -140.6649820244913
 Sample-based diagonalization: density = [1.999978783806025,1.99527957494721,1.991115734093844,1.990172893596612,1.99127524957027,1.988810467561392,1.985198148977745,1.98701778213747,1.986127650544996,1.979902081072376,1.965222539221081,1.927672566257275,1.931848680897477,0.07628641859444746,0.06557511204689911,0.03651160331701782,0.01206669309450965,0.00913385592552853,0.01200575936956046,0.01457941456815088,0.01250533326144664,0.009955740781039179,0.01098701769484898,0.01050658257140081,0.0102643157368687
 Sample-based diagonalization: carryover bitstrings = [], size = 0
