 Elapsed time for helper construction 1.70105 (sec) 
 Elapsed time for init 0.047172 (sec) 
 Elapsed time for makeQChamDiagTerms 13.664226 (sec) 
 Davidson iteration 0.0 (tol=0.7061653018400919): -168.749457348503
 Davidson iteration 0.1 (tol=0.3137472362636975): -168.9568183670747 -166.7914801691694
 Davidson iteration 0.2 (tol=0.1383995188373837): -168.9870804187167 -167.1251820614954 -166.0880584650896
 Davidson iteration 0.3 (tol=0.04598145029193507): -168.9930214454713 -167.3037757051062 -166.2633566767089 -165.9408231969615
 Davidson iteration 0.4 (tol=0.01964722112262216): -168.9937044460299 -167.6005867353995 -166.3757980812881 -166.0671728116373
 Davidson iteration 0.5 (tol=0.008280178506602785): -168.9938414453348 -167.9681401806792 -166.7214934306985 -166.2062359602164
 Davidson iteration 0.6 (tol=0.003620668404021816): -168.9938643032108 -168.1556937503778 -166.9485487982659 -166.2064185736192
 Davidson iteration 0.7 (tol=0.001489430070705265): -168.9938684499173 -168.246538217693 -167.1616323270177 -166.5515605668366
 Davidson iteration 1.0 (tol=0.001489430070711942): -168.9938684499166
 Davidson iteration 1.1 (tol=0.0007231831218787139): -168.9938691142098 -166.6614993889103
 Davidson iteration 1.2 (tol=0.0003759510322734553): -168.993869333492 -167.7912688618997 -165.5098915179212
 Davidson iteration 1.3 (tol=0.0001729121463602021): -168.9938693829362 -168.2069786166929 -166.1597911176042 -164.7260603629806
 Davidson iteration 1.4 (tol=8.000771461748943e-05): -168.9938693928171 -168.3720032688072 -166.2394770687299 -166.0944499295792
 Davidson iteration 1.5 (tol=3.700255077931785e-05): -168.9938693952423 -168.4832117859429 -167.2404853240602 -166.1375393466973
 Davidson iteration 1.6 (tol=1.977293007943818e-05): -168.99386939579 -168.5603642252926 -167.9182881591965 -166.5247993525454
 Davidson iteration 1.7 (tol=1.105595487446208e-05): -168.9938693959593 -168.6408099628707 -168.189460100173 -166.5346586403534
 Davidson iteration 2.0 (tol=1.105595481821528e-05): -168.9938693959622
 Davidson iteration 2.1 (tol=6.208232417690166e-06): -168.9938693960052 -167.1837777516127
 Elapsed time for davidson 90.603847 (sec) 
 Elapsed time for diagonalization 90.604017 (sec) 
 Elapsed time for mult 2.339998 (sec) 
 Energy = -168.9938693960028
 Elapsed time for measurement 0.145896 (sec) 
 Sample-based diagonalization: Energy = -168.9938693960028
 Sample-based diagonalization: density = [1.99997528042239,1.994099480033165,1.993081513291548,1.987763966970515,1.986798835373126,1.987758199076598,1.985135032917116,1.980516989347103,1.983109321756421,1.979802792342205,1.977301631802565,1.97932168495559,1.981302624530763,1.906339624557568,0.1165972419669727,0.02111496467386913,0.02416640169010319,0.02562537014459849,0.01260596967668749,0.01688727936821358,0.01796253799614171,0.0210122857012821,0.02172097084232535
 Sample-based diagonalization: carryover bitstrings = [], size = 0
