 Elapsed time for helper construction 1.388168 (sec) 
 Elapsed time for init 0.04584 (sec) 
 Elapsed time for makeQChamDiagTerms 12.23354 (sec) 
 Davidson iteration 0.0 (tol=0.6986470814295179): -155.913276343428
 Davidson iteration 0.1 (tol=0.258246017977368): -156.1063223640987 -153.8210589041154
 Davidson iteration 0.2 (tol=0.09327927005883857): -156.1269238005899 -154.1175322792598 -153.444600713074
 Davidson iteration 0.3 (tol=0.02749785953860648): -156.1296252405075 -154.2776975262526 -153.5868781287474 -153.25300911831
 Davidson iteration 0.4 (tol=0.01189081511913913): -156.1299191992443 -154.858092546231 -153.8213244936419 -153.4077847147463
 Davidson iteration 0.5 (tol=0.004894045859816566): -156.1299745552747 -155.2665995103405 -153.8752976509797 -153.5069451255991
 Davidson iteration 0.6 (tol=0.001810082025264798): -156.1299837364812 -155.4522025910052 -154.1371127194597 -153.5564536134845
 Davidson iteration 0.7 (tol=0.0007071703924398694): -156.1299848909881 -155.5290470978423 -154.3927178330925 -153.7401058346554
 Davidson iteration 1.0 (tol=0.000707170392439772): -156.1299848909861
 Davidson iteration 1.1 (tol=0.0003259764366676241): -156.1299850582704 -154.4500981110413
 Davidson iteration 1.2 (tol=0.0001557220010423712): -156.1299851128992 -155.2702313972289 -153.3706102320383
 Davidson iteration 1.3 (tol=6.365969298117885e-05): -156.1299851221198 -155.5866546766877 -153.4272439239132 -153.0273465588081
 Davidson iteration 1.4 (tol=2.681332318966909e-05): -156.1299851236854 -155.6703842458024 -153.9281259005479 -153.4258889228042
 Davidson iteration 1.5 (tol=1.079392183160431e-05): -156.1299851239688 -155.7342876352157 -154.6616214488006 -153.5224754341166
 Davidson iteration 1.6 (tol=3.809200055635482e-06): -156.1299851240061 -155.7425706520439 -154.9671988206203 -153.7760489587393
 Elapsed time for davidson 68.025739 (sec) 
 Elapsed time for diagonalization 68.027382 (sec) 
 Elapsed time for mult 2.115416 (sec) 
 Energy = -156.1299851240082
 Elapsed time for measurement 0.148936 (sec) 
 Sample-based diagonalization: Energy = -156.1299851240082
 Sample-based diagonalization: density = [1.999970701076062,1.992648718938107,1.992448957577776,1.990591925539588,1.985447285909717,1.983331240202006,1.982504794014348,1.981648935760185,1.979051839574822,1.979876827343705,1.989366686295651,1.985377290124067,1.938701097748151,0.08443411859412928,0.01829350047012104,0.01640219796397294,0.01152247100370007,0.01058201670792296,0.01462393332135844,0.01545854046055594,0.01802059735366688,0.01508572918064664,0.01461059437312943
 Sample-based diagonalization: carryover bitstrings = [], size = 0
