 Elapsed time for helper construction 0.25605 (sec) 
 Elapsed time for init 0.002154 (sec) 
 Elapsed time for makeQChamDiagTerms 0.836861 (sec) 
 Davidson iteration 0.0 (tol=0.5316485854798542): -81.14343670408648
 Davidson iteration 0.1 (tol=0.1749152244328523): -81.27064572846162 -79.01958115389536
 Davidson iteration 0.2 (tol=0.04059669897882157): -81.28076285903563 -79.43811042876602 -77.98476142953365
 Davidson iteration 0.3 (tol=0.01010576724089966): -81.2812218258826 -79.5312292710728 -78.35472433784754 -77.66104810036404
 Davidson iteration 0.4 (tol=0.00303059728205595): -81.28125104792367 -79.59141797206043 -78.70468170794487 -77.81938093305891
 Davidson iteration 0.5 (tol=0.0009938911375369204): -81.28125371875075 -79.68028960705699 -79.10248348447658 -77.89091456751939
 Davidson iteration 0.6 (tol=0.0002677919426174393): -81.28125400388701 -79.78340291673865 -79.34216577941801 -78.26658576230932
 Davidson iteration 0.7 (tol=7.058532167027364e-05): -81.28125402509747 -79.85022867393414 -79.47267876537445 -78.61013904833747
 Davidson iteration 1.0 (tol=7.058532167069987e-05): -81.28125402509724
 Davidson iteration 1.1 (tol=2.47626191931747e-05): -81.28125402637355 -77.96545294679062
 Davidson iteration 1.2 (tol=8.352279040134139e-06): -81.28125402658181 -79.28035371414261 -77.00902399134598
 Elapsed time for davidson 5.652750999999999 (sec) 
 Elapsed time for diagonalization 5.652817 (sec) 
 Elapsed time for mult 0.243964 (sec) 
 Energy = -81.28125402658212
 Elapsed time for measurement 0.011655 (sec) 
 Sample-based diagonalization: Energy = -81.28125402658212
 Sample-based diagonalization: density = [1.999964880385058,1.988976891815416,1.984689692969475,1.978738660675659,1.978592663249411,1.976383755631748,1.974753310108526,1.974632788621717,0.01149243810114606,0.02339447100133037,0.01800934291429707,0.01497797344231335,0.01896635944178676,0.01920608110079391,0.01911652192253251,0.01810416859326477
 Sample-based diagonalization: carryover bitstrings = [], size = 0
