 Elapsed time for helper construction 0.8957889999999999 (sec) 
 Elapsed time for init 0.015182 (sec) 
 Elapsed time for makeQChamDiagTerms 9.174040999999999 (sec) 
 Davidson iteration 0.0 (tol=0.5639126752651344): -154.3172871743946
 Davidson iteration 0.1 (tol=0.1448241234208185): -154.468089143332 -152.5608399514517
 Davidson iteration 0.2 (tol=0.04103335912114964): -154.4770588224043 -152.8825786164199 -152.4491091461894
 Davidson iteration 0.3 (tol=0.01036954517405571): -154.4777608534919 -152.9930235377883 -152.4846991329608 -152.2718449980993
 Davidson iteration 0.4 (tol=0.003555513206453687): -154.4778078117847 -153.2748518488312 -152.5301201719137 -152.3433771777889
 Davidson iteration 0.5 (tol=0.001041965501953701): -154.4778139782476 -153.6173254307933 -152.5451267545064 -152.4464915896148
 Davidson iteration 0.6 (tol=0.0003482536244280542): -154.477814536944 -153.8357942675274 -152.9076546974364 -152.5409325436825
 Davidson iteration 0.7 (tol=0.0001356188490904918): -154.4778146027237 -153.9276624455728 -153.4184497124466 -152.5840221053646
 Davidson iteration 1.0 (tol=0.0001356188490892058): -154.4778146027234
 Davidson iteration 1.1 (tol=5.438614403081067e-05): -154.4778146119241 -153.2702825564182
 Davidson iteration 1.2 (tol=2.667712576262547e-05): -154.4778146145541 -153.9827870088259 -152.8327510821544
 Davidson iteration 1.3 (tol=8.486359162770728e-06): -154.4778146148971 -154.1208385638663 -152.9729539312735 -152.1225973741881
 Elapsed time for davidson 30.916802 (sec) 
 Elapsed time for diagonalization 30.917009 (sec) 
 Elapsed time for mult 0.612256 (sec) 
 Energy = -154.4778146148973
 Elapsed time for measurement 0.112118 (sec) 
 Sample-based diagonalization: Energy = -154.4778146148973
 Sample-based diagonalization: density = [1.999991855528502,1.994713693988282,1.993792768575024,1.991667578791573,1.989536561619963,1.989611293271779,1.984172989719454,1.988497898427213,1.987464689209109,1.977232474539662,1.988858280840942,1.992172825184666,1.942779062384981,0.08472456631875003,0.01702984686504595,0.01415729772025229,0.008533048616700269,0.006841924571328837,0.01001544829893232,0.006796190244904764,0.008228574616359483,0.01348411666882426,0.009697013769763984
 Sample-based diagonalization: carryover bitstrings = [], size = 0
