 Elapsed time for helper construction 1.333962 (sec) 
 Elapsed time for init 0.048194 (sec) 
 Elapsed time for makeQChamDiagTerms 14.129398 (sec) 
 Davidson iteration 0.0 (tol=0.6704321412891761): -163.3776751082331
 Davidson iteration 0.1 (tol=0.1996744256793497): -163.5753508095122 -161.4054290666242
 Davidson iteration 0.2 (tol=0.06346648404870837): -163.5899795605692 -161.7591633886471 -161.139177028303
 Davidson iteration 0.3 (tol=0.01553806394313526): -163.5914689900256 -161.9105729953052 -161.1907417623239 -161.0125262813855
 Davidson iteration 0.4 (tol=0.005328273937987339): -163.5915731929821 -162.3316001107376 -161.2266270043956 -161.1719199089278
 Davidson iteration 0.5 (tol=0.001821475315366146): -163.5915848702905 -162.6557026974876 -161.4627505814792 -161.1721146007372
 Davidson iteration 0.6 (tol=0.0005906637192630676): -163.591586113592 -162.7758059568414 -161.6110397074836 -161.2621181604781
 Davidson iteration 0.7 (tol=0.0002006275805585318): -163.5915862505143 -162.8386167854021 -161.8767739105626 -161.3548973773816
 Davidson iteration 1.0 (tol=0.0002006275805647782): -163.5915862505143
 Davidson iteration 1.1 (tol=8.317309547157936e-05): -163.5915862661288 -161.8061514097755
 Davidson iteration 1.2 (tol=3.595043943145131e-05): -163.5915862699716 -162.5833007110091 -161.1826391199344
 Davidson iteration 1.3 (tol=1.24214235800923e-05): -163.5915862704865 -162.8668495506979 -161.2337727425902 -160.8557407266462
 Davidson iteration 1.4 (tol=4.674455190939942e-06): -163.5915862705537 -163.0168900943834 -161.4813364826405 -161.2279920771273
 Elapsed time for davidson 54.827649 (sec) 
 Elapsed time for diagonalization 54.827922 (sec) 
 Elapsed time for mult 1.568186 (sec) 
 Energy = -163.5915862705556
 Elapsed time for measurement 0.114591 (sec) 
 Sample-based diagonalization: Energy = -163.5915862705556
 Sample-based diagonalization: density = [1.999989636022588,1.991363741523965,1.990006521565115,1.988298418931419,1.988236788806192,1.983196429143855,1.985542524646842,1.995121785670899,1.983365846915917,1.98635239367283,1.971575311922805,1.979932274804515,1.988887125940579,1.949755028171777,0.08115054019637,0.02150023921717667,0.0163919998733396,0.01613471560699294,0.01419351832885572,0.01183094000919236,0.01607745318683538,0.009888679385307601,0.01658513510061612,0.01462295093711927
 Sample-based diagonalization: carryover bitstrings = [], size = 0
