 Elapsed time for helper construction 0.757894 (sec) 
 Elapsed time for init 0.012648 (sec) 
 Elapsed time for makeQChamDiagTerms 5.453211 (sec) 
 Davidson iteration 0.0 (tol=0.5410221900307375): -150.0034009543735
 Davidson iteration 0.1 (tol=0.2078850494074347): -150.1283825743362 -148.0633480892236
 Davidson iteration 0.2 (tol=0.07911905429096133): -150.1423099373832 -148.4901736641287 -147.4612509167424
 Davidson iteration 0.3 (tol=0.02588044772753053): -150.1444670714759 -148.6873639051412 -147.6897103886051 -147.3946659992953
 Davidson iteration 0.4 (tol=0.009755996714225543): -150.1446881618309 -148.9082476328155 -147.9529649719881 -147.4940089863871
 Davidson iteration 0.5 (tol=0.003611895111502484): -150.1447285142971 -149.2728247993171 -148.1811624282853 -147.7456002917227
 Davidson iteration 0.6 (tol=0.001417941108170111): -150.1447330943394 -149.4027539586415 -148.2927763392256 -147.7858092961533
 Davidson iteration 0.7 (tol=0.0005001323700614602): -150.1447338717899 -149.5113637332529 -148.7843850761599 -148.0499742558284
 Davidson iteration 1.0 (tol=0.0005001323700558558): -150.1447338717909
 Davidson iteration 1.1 (tol=0.0001819507663393768): -150.1447339545774 -148.0557709543232
 Davidson iteration 1.2 (tol=9.29714917645719e-05): -150.1447339716972 -149.3546581671084 -147.472727598714
 Davidson iteration 1.3 (tol=3.36829813586215e-05): -150.1447339747496 -149.5659595624516 -147.5912229823311 -147.0784816063326
 Davidson iteration 1.4 (tol=1.380744048924895e-05): -150.144733975157 -149.6781764050139 -147.7771816835885 -147.5662768073001
 Davidson iteration 1.5 (tol=5.192959974828006e-06): -150.1447339752229 -149.7240623279367 -148.3779384391908 -147.6400409965899
 Elapsed time for davidson 29.80514 (sec) 
 Elapsed time for diagonalization 29.805395 (sec) 
 Elapsed time for mult 0.727468 (sec) 
 Energy = -150.1447339752211
 Elapsed time for measurement 0.06074 (sec) 
 Sample-based diagonalization: Energy = -150.1447339752211
 Sample-based diagonalization: density = [1.999997165835063,1.998389829485975,1.99301656672939,1.989017953242196,1.99260977953231,1.987994440825396,1.990211652756071,1.972624977939219,1.980053453415615,1.983689622259717,1.946710744038653,0.09011706282141467,0.006666341335287647,0.0203633985043085,0.008619738614835145,0.00392631741076638,0.001063310365297626,0.01813116777418537,0.01679647688807974
 Sample-based diagonalization: carryover bitstrings = [], size = 0
