 Elapsed time for helper construction 1.061546 (sec) 
 Elapsed time for init 0.041928 (sec) 
 Elapsed time for makeQChamDiagTerms 14.74539 (sec) 
 Davidson iteration 0.0 (tol=0.5617882300973267): -178.2103315047004
 Davidson iteration 0.1 (tol=0.1321481393032717): -178.359228401466 -176.4984051448573
 Davidson iteration 0.2 (tol=0.03214133576042564): -178.3676154424828 -176.8666076621336 -176.4731494329554
 Davidson iteration 0.3 (tol=0.006775405366198818): -178.3681126008232 -176.8816452909026 -176.7097312528962 -176.4567570179481
 Davidson iteration 0.4 (tol=0.002112021650347497): -178.368137418654 -177.3042917021103 -176.7452204859703 -176.4731171007038
 Davidson iteration 0.5 (tol=0.0008621881666674288): -178.3681402243645 -177.6598069104552 -176.9583328155147 -176.6195138131644
 Davidson iteration 0.6 (tol=0.0003856452765652876): -178.3681407575938 -177.9096593461749 -177.049084346144 -176.878159706596
 Davidson iteration 0.7 (tol=0.0001366824367524455): -178.3681408532773 -178.023659485364 -177.3512793813516 -176.9123580108373
 Davidson iteration 1.0 (tol=0.0001366824367573225): -178.3681408532776
 Davidson iteration 1.1 (tol=4.689866000379566e-05): -178.3681408624753 -177.0367401252106
 Davidson iteration 1.2 (tol=1.874135427219246e-05): -178.3681408640675 -177.6397792137121 -176.6178194049997
 Davidson iteration 1.3 (tol=7.337674634332286e-06): -178.3681408642784 -177.9068271662037 -176.7558266298308 -176.2923906555752
 Elapsed time for davidson 43.961667 (sec) 
 Elapsed time for diagonalization 44.007126 (sec) 
 Elapsed time for mult 1.202272 (sec) 
 Energy = -178.3681408642771
 Elapsed time for measurement 0.11271 (sec) 
 Sample-based diagonalization: Energy = -178.3681408642771
 Sample-based diagonalization: density = [1.999986707580656,1.995343556128659,1.995317365804007,1.99335717532714,1.99277265760871,1.990169363064435,1.990199722303874,1.992160087934165,1.988908436197888,1.990110862689227,1.991637819009306,1.972291723202486,1.993864544885776,1.98783607538679,1.951524329502175,0.0842925183249997,0.003548082983823286,0.01065989123657781,0.01342779884853089,0.002723327307743435,0.01047451690141508,0.01245296715747838,0.008594160607277803,0.008750934818275446,0.01245183601336998,0.00714353892030338
 Sample-based diagonalization: carryover bitstrings = [], size = 0
