 Elapsed time for helper construction 1.484743 (sec) 
 Elapsed time for init 0.054179 (sec) 
 Elapsed time for makeQChamDiagTerms 18.838568 (sec) 
 Davidson iteration 0.0 (tol=0.6678002804349009): -176.2145476348778
 Davidson iteration 0.1 (tol=0.2053520512103979): -176.407792322805 -174.268699206036
 Davidson iteration 0.2 (tol=0.06183062854814041): -176.423403664675 -174.5770243398091 -174.0739071521656
 Davidson iteration 0.3 (tol=0.01584651689994166): -176.4249166846706 -174.6709361198958 -174.3333525720686 -174.0578190377458
 Davidson iteration 0.4 (tol=0.005935510086570968): -176.4250338077324 -175.1691105029965 -174.390027049167 -174.1229819645538
 Davidson iteration 0.5 (tol=0.002114166102938598): -176.4250505071119 -175.4880276469895 -174.5162633743569 -174.2877896743517
 Davidson iteration 0.6 (tol=0.0006239965206526859): -176.4250524191755 -175.6178326869231 -174.5194789267311 -174.4392989609964
 Davidson iteration 0.7 (tol=0.0002183427653257599): -176.425052588689 -175.7067723836795 -174.9389596082033 -174.4851722429002
 Davidson iteration 1.0 (tol=0.0002183427653263928): -176.4250525886869
 Davidson iteration 1.1 (tol=8.412789255532472e-05): -176.4250526071241 -174.5332605920434
 Davidson iteration 1.2 (tol=3.651353032987039e-05): -176.4250526117805 -175.6597393312636 -173.9895143395243
 Davidson iteration 1.3 (tol=1.273724835643933e-05): -176.4250526123757 -175.8825004068444 -174.1082063203995 -173.9456965931071
 Davidson iteration 1.4 (tol=5.581456670774816e-06): -176.425052612462 -176.0215907216378 -174.624957981441 -174.1062855020126
 Elapsed time for davidson 66.60216299999999 (sec) 
 Elapsed time for diagonalization 66.620385 (sec) 
 Elapsed time for mult 1.689177 (sec) 
 Energy = -176.4250526124679
 Elapsed time for measurement 0.167773 (sec) 
 Sample-based diagonalization: Energy = -176.4250526124679
 Sample-based diagonalization: density = [1.999976378344336,1.994038224139423,1.993601260648012,1.991783658474626,1.987489507938994,1.989938996217828,1.988829809499571,1.989119401941394,1.982458524124585,1.986955674979052,1.981562342625697,1.97310505108795,1.994011087180646,1.986957912882987,1.94707446248181,0.08219588230375255,0.01867569183248782,0.009233592831022826,0.01461175390125936,0.01365407679049762,0.01139552713775684,0.0038354130945933,0.01472857042612912,0.01272572886318682,0.01536014932207705,0.01668132047196485
 Sample-based diagonalization: carryover bitstrings = [], size = 0
