 Elapsed time for helper construction 0.387025 (sec) 
 Elapsed time for init 0.003106 (sec) 
 Elapsed time for makeQChamDiagTerms 1.53468 (sec) 
 Davidson iteration 0.0 (tol=0.5377861630600279): -147.886559672985
 Davidson iteration 0.1 (tol=0.2211132026460308): -148.0105218407879 -145.9482369105467
 Davidson iteration 0.2 (tol=0.09362341342238757): -148.0257014323928 -146.3839840082742 -145.1579875847298
 Davidson iteration 0.3 (tol=0.03374576298867971): -148.0284432009464 -146.5849471382068 -145.4568808791483 -144.8573545684316
 Davidson iteration 0.4 (tol=0.01309837843561919): -148.0287573891079 -146.7616523319576 -145.7361213517292 -145.1475309874876
 Davidson iteration 0.5 (tol=0.004403168280234737): -148.0288133288197 -147.0217248276325 -145.9628463864826 -145.3655748151996
 Davidson iteration 0.6 (tol=0.001712958606362628): -148.0288193831954 -147.1331043435595 -146.104529179635 -145.392354679038
 Davidson iteration 0.7 (tol=0.0006623662524363296): -148.0288202785982 -147.2283483844921 -146.4616623824221 -145.6518662710919
 Davidson iteration 1.0 (tol=0.0006623662524335481): -148.0288202785982
 Davidson iteration 1.1 (tol=0.0002898837637481545): -148.0288204024878 -145.629516703595
 Davidson iteration 1.2 (tol=0.0001429865345203931): -148.0288204362791 -146.9613596543127 -144.6761386319665
 Davidson iteration 1.3 (tol=6.247530834964051e-05): -148.0288204426891 -147.301738911607 -145.1762124196583 -143.9328935153891
 Davidson iteration 1.4 (tol=2.435979977481821e-05): -148.0288204437133 -147.4075123462057 -145.2050461662615 -144.7214726049331
 Davidson iteration 1.5 (tol=8.768195163898239e-06): -148.0288204439038 -147.5007864216674 -145.8350447391227 -145.1705927553931
 Elapsed time for davidson 10.774492 (sec) 
 Elapsed time for diagonalization 10.774585 (sec) 
 Elapsed time for mult 0.4175 (sec) 
 Energy = -148.028820443904
 Elapsed time for measurement 0.019013 (sec) 
 Sample-based diagonalization: Energy = -148.028820443904
 Sample-based diagonalization: density = [1.999996735147042,1.997369043804812,1.993104366890742,1.992072780571877,1.990831231896486,1.987312770975648,1.997009222026395,1.964801060256753,1.980066437446338,1.983411018752184,1.941894871204897,0.09559166236908742,0.01914307250145002,0.01511655141810038,0.002460465503994632,0.02171131301252727,0.01810739612414504
 Sample-based diagonalization: carryover bitstrings = [], size = 0
