 Elapsed time for helper construction 0.438124 (sec) 
 Elapsed time for init 0.013204 (sec) 
 Elapsed time for makeQChamDiagTerms 2.017732 (sec) 
 Davidson iteration 0.0 (tol=0.5281871912866154): -88.96739544263006
 Davidson iteration 0.1 (tol=0.1666074308670539): -89.09454108959504 -86.87689323815044
 Davidson iteration 0.2 (tol=0.03657080862805669): -89.10383121900168 -87.25720467426038 -85.91980664212069
 Davidson iteration 0.3 (tol=0.008961937471437238): -89.10422368021732 -87.35037942719242 -86.29971515896597 -85.68803641961421
 Davidson iteration 0.4 (tol=0.002492817469723832): -89.10424855888633 -87.43211185446732 -86.70017812586109 -85.89405835289131
 Davidson iteration 0.5 (tol=0.0007636594836624494): -89.1042504487815 -87.54165369547444 -87.01221179165691 -85.92040679213757
 Davidson iteration 0.6 (tol=0.0002011060873288953): -89.10425061422531 -87.6363630279215 -87.17492476143558 -86.21737163760707
 Davidson iteration 0.7 (tol=5.078569451414718e-05): -89.1042506261205 -87.69287440974109 -87.28290445857978 -86.52153603241226
 Davidson iteration 1.0 (tol=5.078569451434804e-05): -89.10425062612092
 Davidson iteration 1.1 (tol=1.707375475330048e-05): -89.10425062681014 -85.96519703075961
 Davidson iteration 1.2 (tol=5.54317167069991e-06): -89.10425062691046 -87.10941595347566 -85.09151119750251
 Elapsed time for davidson 13.978993 (sec) 
 Elapsed time for diagonalization 13.979085 (sec) 
 Elapsed time for mult 0.664011 (sec) 
 Energy = -89.10425062690976
 Elapsed time for measurement 0.031722 (sec) 
 Sample-based diagonalization: Energy = -89.10425062690976
 Sample-based diagonalization: density = [1.999965550900876,1.989044815269095,1.986600630690628,1.989193240317515,1.980375531545235,1.980726007088558,1.978496051349508,1.97629296994313,1.977235285791152,0.02079147953342696,0.0212906928106844,0.01657907705665958,0.01852190048501909,0.01654176041772007,0.01833304034212608,0.01651344283940812,0.01349852353020618
 Sample-based diagonalization: carryover bitstrings = [], size = 0
