 Elapsed time for helper construction 0.527573 (sec) 
 Elapsed time for init 0.005759999999999999 (sec) 
 Elapsed time for makeQChamDiagTerms 2.101582 (sec) 
 Davidson iteration 0.0 (tol=0.5400552180353048): -149.4411887753984
 Davidson iteration 0.1 (tol=0.2339762263477867): -149.5644792920991 -147.4800050338386
 Davidson iteration 0.2 (tol=0.1042517170953058): -149.5805640718859 -147.9138887191815 -146.5717318989869
 Davidson iteration 0.3 (tol=0.03988887720254645): -149.5837753639341 -148.1243760040631 -146.8912483545578 -146.2100703436132
 Davidson iteration 0.4 (tol=0.01551295812826625): -149.5841836359675 -148.2956855529968 -147.1744032935238 -146.6118818850986
 Davidson iteration 0.5 (tol=0.005578333052377262): -149.5842587087184 -148.5612531737287 -147.4067086578102 -146.8211890002017
 Davidson iteration 0.6 (tol=0.002582886207220544): -149.5842665731874 -148.6735695819112 -147.5660380540006 -146.825285987089
 Davidson iteration 0.7 (tol=0.0009567684333506555): -149.5842681775381 -148.754345401393 -147.8011852464517 -147.0388419996358
 Davidson iteration 1.0 (tol=0.0009567684333505416): -149.5842681775387
 Davidson iteration 1.1 (tol=0.0004707309245745962): -149.5842684087702 -147.0698003707025
 Davidson iteration 1.2 (tol=0.0002349776684477497): -149.5842684815566 -148.3103306491329 -145.0887167752334
 Davidson iteration 1.3 (tol=9.532980743081899e-05): -149.584268498501 -148.7637365312548 -146.1610087390219 -144.6237983682452
 Davidson iteration 1.4 (tol=3.814059255905412e-05): -149.5842685008841 -148.9358367915807 -146.4254405485418 -146.1563932159535
 Davidson iteration 1.5 (tol=1.486788490266634e-05): -149.5842685012973 -148.9992244456073 -147.0495276199868 -146.1624915165775
 Davidson iteration 1.6 (tol=6.598051814704117e-06): -149.5842685013634 -149.0543390937688 -147.806538904616 -146.3142699270815
 Elapsed time for davidson 16.985855 (sec) 
 Elapsed time for diagonalization 16.985987 (sec) 
 Elapsed time for mult 0.5545369999999999 (sec) 
 Energy = -149.5842685013621
 Elapsed time for measurement 0.029406 (sec) 
 Sample-based diagonalization: Energy = -149.5842685013621
 Sample-based diagonalization: density = [1.999996777780389,1.997595224867555,1.992652865759613,1.992706520768875,1.99124858562202,1.986686863550952,1.985495325456423,1.979695302375112,1.978868697474282,1.983580420789397,1.93619278582823,0.09804889842488018,0.01509827677328002,0.003781238481377588,0.01669675833363444,0.02393834022817223,0.01771711735824252
 Sample-based diagonalization: carryover bitstrings = [], size = 0
