 Elapsed time for helper construction 0.070142 (sec) 
 Elapsed time for init 0.000695 (sec) 
 Elapsed time for makeQChamDiagTerms 0.152497 (sec) 
 Davidson iteration 0.0 (tol=0.4686590687756234): -112.3255930185224
 Davidson iteration 0.1 (tol=0.1559400995584145): -112.4259834086693 -110.2469580053609
 Davidson iteration 0.2 (tol=0.05564849443594183): -112.4335606704858 -110.6464199503379 -109.3852651458976
 Davidson iteration 0.3 (tol=0.0200290853744035): -112.4343789688575 -110.7373968623136 -109.5323199467516 -109.0720390051464
 Davidson iteration 0.4 (tol=0.006698140030221926): -112.4344773742492 -110.8287824231282 -109.8107607569081 -109.1390995190753
 Davidson iteration 0.5 (tol=0.002518306763499988): -112.4344882030738 -110.9602810893938 -110.1467510719002 -109.3123500763245
 Davidson iteration 0.6 (tol=0.001005951786049894): -112.4344897261668 -111.1169627716239 -110.4177164629388 -109.3316777430934
 Davidson iteration 0.7 (tol=0.0003687921261465281): -112.4344899473328 -111.2644544333696 -110.5745124534998 -109.5190309846424
 Davidson iteration 1.0 (tol=0.0003687921261462418): -112.4344899473332
 Davidson iteration 1.1 (tol=0.0001712762813244389): -112.4344899740983 -108.6577940467041
 Davidson iteration 1.2 (tol=6.53776252857982e-05): -112.4344899808831 -110.6388560981898 -105.4531881428838
 Davidson iteration 1.3 (tol=2.784255858951329e-05): -112.4344899819708 -111.2336276846716 -108.5407829111284 -104.0519432552185
 Davidson iteration 1.4 (tol=1.049130214277327e-05): -112.4344899821278 -111.4795320415897 -108.7487781938632 -107.2169812153501
 Davidson iteration 1.5 (tol=3.847985364637479e-06): -112.4344899821501 -111.5804946479599 -108.9781473375629 -108.7130803619731
 Elapsed time for davidson 1.846765 (sec) 
 Elapsed time for diagonalization 1.846814 (sec) 
 Elapsed time for mult 0.071811 (sec) 
 Energy = -112.4344899821496
 Elapsed time for measurement 0.0027 (sec) 
 Sample-based diagonalization: Energy = -112.4344899821496
 Sample-based diagonalization: density = [1.999996109208795,1.991673776797399,1.986629483834598,1.976393797622499,1.982611717229269,1.976710166519362,1.978872330561939,1.99040066183454,0.02476899473167478,0.02340996305174863,0.02385039269029713,0.02167314063318882,0.02300946528007263
 Sample-based diagonalization: carryover bitstrings = [], size = 0
