"PluginInterface" error: Failure to initialize device 0: Error in cuDevicePrimaryCtxRetain: out of memory
"PluginInterface" error: Failure to initialize device 0: Error in cuDevicePrimaryCtxRetain: out of memory
"PluginInterface" error: Failure to initialize device 0: Error in cuDevicePrimaryCtxRetain: out of memory
"PluginInterface" error: Failure to initialize device 0: Error in cuDevicePrimaryCtxRetain: out of memory
"PluginInterface" error: Failure to initialize device 0: Error in cuDevicePrimaryCtxRetain: out of memory
"PluginInterface" error: Failure to initialize device 1: Error in cuDevicePrimaryCtxRetain: out of memory
"PluginInterface" error: Failure to initialize device 1: Error in cuDevicePrimaryCtxRetain: out of memory
"PluginInterface" error: Failure to initialize device 1: Error in cuDevicePrimaryCtxRetain: out of memory
"PluginInterface" error: Failure to initialize device 1: Error in cuDevicePrimaryCtxRetain: out of memory
"PluginInterface" error: Failure to initialize device 1: Error in cuDevicePrimaryCtxRetain: out of memory
"PluginInterface" error: Failure to initialize device 2: Error in cuDevicePrimaryCtxRetain: out of memory
"PluginInterface" error: Failure to initialize device 2: Error in cuDevicePrimaryCtxRetain: out of memory
"PluginInterface" error: Failure to initialize device 2: Error in cuDevicePrimaryCtxRetain: out of memory
"PluginInterface" error: Failure to initialize device 2: Error in cuDevicePrimaryCtxRetain: out of memory
"PluginInterface" error: Failure to initialize device 2: Error in cuDevicePrimaryCtxRetain: out of memory
"PluginInterface" error: Failure to initialize device 2: Error in cuDevicePrimaryCtxRetain: out of memory
"PluginInterface" error: Failure to initialize device 3: Error in cuDevicePrimaryCtxRetain: out of memory
"PluginInterface" error: Failure to initialize device 3: Error in cuDevicePrimaryCtxRetain: out of memory
"PluginInterface" error: Failure to initialize device 3: Error in cuDevicePrimaryCtxRetain: out of memory
"PluginInterface" error: Failure to initialize device 3: Error in cuDevicePrimaryCtxRetain: out of memory
"PluginInterface" error: Failure to initialize device 3: Error in cuDevicePrimaryCtxRetain: out of memory
"PluginInterface" error: Failure to initialize device 3: Error in cuDevicePrimaryCtxRetain: out of memory
 Elapsed time for helper construction 0.039151 (sec) 
 Elapsed time for init 0.000376 (sec) 
 Elapsed time for makeQChamDiagTerms 0.00453 (sec) 
 Davidson iteration 0.0 (tol=0.5951166477171767): -89.48622654533288
 Davidson iteration 0.1 (tol=0.2133725135494759): -89.65232633771691 -87.80807864291155
 Davidson iteration 0.2 (tol=0.04983372105530579): -89.66981860432058 -87.96641973021219 -87.19428333983804
 Davidson iteration 0.3 (tol=0.01455224730903646): -89.67075880253829 -88.25080523044964 -87.3270733578411 -87.0306874485307
 Davidson iteration 0.4 (tol=0.004885261585889932): -89.67084701624721 -88.54231632064077 -87.60956225266777 -87.2948232956952
 Davidson iteration 0.5 (tol=0.001402816479829726): -89.67085562258762 -88.6342966802406 -87.67647847684468 -87.43433441719921
 Davidson iteration 0.6 (tol=0.0004126040809495073): -89.67085629456898 -88.7117357248397 -87.82311966663023 -87.45040528132911
 Davidson iteration 0.7 (tol=0.0001189122827227792): -89.67085635271587 -88.78241405837618 -87.94319656815438 -87.53692777073488
 Davidson iteration 0.8 (tol=3.549009875044044e-05): -89.67085635770195 -88.82428239130954 -88.08018888562746 -87.60246761793167
 Davidson iteration 0.9 (tol=1.127060071111479e-05): -89.67085635813461 -88.85705750160434 -88.32192620013062 -87.69015166485865
 Davidson iteration 0.10 (tol=3.451150835149915e-06): -89.67085635818108 -88.86241651778479 -88.47885507708263 -87.82127547069604
 Davidson iteration 0.11 (tol=1.366239104419851e-06): -89.6708563581866 -88.93743987381865 -88.76717710103678 -88.03907811527029
 Davidson iteration 0.12 (tol=8.27083060195503e-07): -89.67085635818782 -89.22813756926978 -88.85793796392477 -88.41849862231605
 Davidson iteration 0.13 (tol=4.011693349294927e-07): -89.67085635818815 -89.39642776771883 -88.87122815254405 -88.55711398964014
 Davidson iteration 0.14 (tol=1.218386015680485e-07): -89.67085635818813 -89.43427946237679 -88.87953145705508 -88.63253461427635
 Davidson iteration 0.15 (tol=3.58238729894358e-08): -89.67085635818819 -89.44048359385978 -88.88365349161502 -88.70568603009185
 Davidson iteration 0.16 (tol=1.020286393144854e-08): -89.67085635818822 -89.44159236649763 -88.8840700309307 -88.75040343942243
 Davidson iteration 0.17 (tol=3.178870680716134e-09): -89.67085635818819 -89.44183481580204 -88.89830503256402 -88.794726648786
 Elapsed time for davidson 6.590027999999999 (sec) 
 Elapsed time for diagonalization 6.590044 (sec) 
 Elapsed time for mult 0.314148 (sec) 
 Energy = -89.67085635818772
 Elapsed time for measurement 0.010688 (sec) 
 Sample-based diagonalization: Energy = -89.67085635818772
 Sample-based diagonalization: density = [1.999971049050056,1.988115801481712,1.986162062785399,1.984481061263232,1.980148351523599,1.975759578953837,1.977029835096109,1.979113496441879,1.899895466740912,0.1016391108324464,0.01796311150808025,0.02240354837370473,0.02142740823357898,0.01943983628031588,0.01851711231899939,0.0122746458044029,0.01565852331103998
 Sample-based diagonalization: carryover bitstrings = [], size = 0
