 Elapsed time for helper construction 0.236732 (sec) 
 Elapsed time for init 0.004012 (sec) 
 Elapsed time for makeQChamDiagTerms 0.526241 (sec) 
 Davidson iteration 0.0 (tol=0.5087888659300898): -122.5427661516685
 Davidson iteration 0.1 (tol=0.1897173784799429): -122.6537057475936 -120.5654038271263
 Davidson iteration 0.2 (tol=0.0798509375937666): -122.6643526323406 -120.8807537008205 -119.9337202739624
 Davidson iteration 0.3 (tol=0.02889350930427918): -122.6660954496645 -121.0120929212402 -120.0051578124598 -119.4372900277845
 Davidson iteration 0.4 (tol=0.01111852947819414): -122.6663360305021 -121.2999892104695 -120.2172743426141 -119.6118079604709
 Davidson iteration 0.5 (tol=0.004506916730002153): -122.6663685094731 -121.5610525765916 -120.4155414546092 -119.6124703291978
 Davidson iteration 0.6 (tol=0.001846635136360327): -122.6663734864358 -121.7373667766364 -120.588952149829 -119.6394130879166
 Davidson iteration 0.7 (tol=0.0007056280169552844): -122.6663743766881 -121.8968185479004 -120.8397227344312 -120.104522161917
 Davidson iteration 1.0 (tol=0.0007056280169544886): -122.6663743766885
 Davidson iteration 1.1 (tol=0.0003497334986712363): -122.6663744921417 -119.6114483992276
 Davidson iteration 1.2 (tol=0.0001685636750639206): -122.6663745291096 -121.4658520660552 -117.341106856282
 Davidson iteration 1.3 (tol=7.461325312232429e-05): -122.666374537474 -121.9929463698157 -119.3854750690843 -115.416327907667
 Davidson iteration 1.4 (tol=2.812054342786788e-05): -122.6663745388171 -122.1218436107196 -119.3913587414662 -118.6814441351611
 Davidson iteration 1.5 (tol=1.052868809891399e-05): -122.6663745390181 -122.1742761504441 -119.9134852644002 -119.391303624403
 Davidson iteration 1.6 (tol=3.971706785244493e-06): -122.6663745390455 -122.1919972458174 -120.5524972503334 -119.5878661229211
 Elapsed time for davidson 5.353575 (sec) 
 Elapsed time for diagonalization 5.353637 (sec) 
 Elapsed time for mult 0.191564 (sec) 
 Energy = -122.6663745390445
 Elapsed time for measurement 0.011354 (sec) 
 Sample-based diagonalization: Energy = -122.6663745390445
 Sample-based diagonalization: density = [1.999995565118765,1.991490857371891,1.989101970626889,1.980479185811039,1.986702007164574,1.98691858475099,1.980723319195188,1.982997012531268,1.961760837668184,0.05577572226089824,0.02459501954893337,0.01426614324063553,0.01753394916105385,0.01656279530344364,0.01109703021675158
 Sample-based diagonalization: carryover bitstrings = [], size = 0
