 Elapsed time for helper construction 0.461525 (sec) 
 Elapsed time for init 0.011593 (sec) 
 Elapsed time for makeQChamDiagTerms 1.938916 (sec) 
 Davidson iteration 0.0 (tol=0.5706107376194752): -152.0792678953117
 Davidson iteration 0.1 (tol=0.2347948092511964): -152.2112079579709 -150.060388754324
 Davidson iteration 0.2 (tol=0.09588904381549417): -152.2273253812899 -150.4674338557296 -149.269373881694
 Davidson iteration 0.3 (tol=0.03296714750138305): -152.230129675779 -150.6663373408282 -149.5374787567387 -149.1252652961438
 Davidson iteration 0.4 (tol=0.01315126153056869): -152.2304342865152 -150.9166986753661 -149.7984036067744 -149.2504114798143
 Davidson iteration 0.5 (tol=0.004876601369731122): -152.2304930341 -151.2574298125538 -150.0153098989803 -149.5431315866809
 Davidson iteration 0.6 (tol=0.002028584462094876): -152.2305000184645 -151.3862169191663 -150.1884558483032 -149.5567659985226
 Davidson iteration 0.7 (tol=0.0007830379148025673): -152.2305011989483 -151.4767888273348 -150.5824959870111 -149.7922974715537
 Davidson iteration 1.0 (tol=0.0007830379148026349): -152.2305011989475
 Davidson iteration 1.1 (tol=0.0003756823182368749): -152.2305013542708 -149.5767240587699
 Davidson iteration 1.2 (tol=0.0001775669386045947): -152.2305014020479 -151.045584313211 -147.5659336715514
 Davidson iteration 1.3 (tol=7.249022219617298e-05): -152.2305014119839 -151.5084703662867 -149.3291308241365 -146.5405608751589
 Davidson iteration 1.4 (tol=2.945506232440401e-05): -152.2305014133705 -151.6237717666915 -149.3904437973198 -148.8904981854238
 Davidson iteration 1.5 (tol=1.1827796164222e-05): -152.2305014136089 -151.6854520477376 -150.0431957039561 -149.3384846303594
 Davidson iteration 1.6 (tol=4.918992456879603e-06): -152.2305014136476 -151.7361806969224 -150.6396452436256 -149.772480235635
 Elapsed time for davidson 16.649347 (sec) 
 Elapsed time for diagonalization 16.649439 (sec) 
 Elapsed time for mult 0.546845 (sec) 
 Energy = -152.2305014136479
 Elapsed time for measurement 0.024222 (sec) 
 Sample-based diagonalization: Energy = -152.2305014136479
 Sample-based diagonalization: density = [1.999996703454519,1.99711615538347,1.992705319591012,1.992555124696442,1.987806289258872,1.985564966354103,1.990555340820315,1.980492881374551,1.978009155823465,1.984505649431076,1.936864476738703,0.09512684729348295,0.01202674593521076,0.01753532144276626,0.01536418962238538,0.0167075485919266,0.01706728405627106
 Sample-based diagonalization: carryover bitstrings = [], size = 0
