"PluginInterface" error: Failure to initialize device 0: Error in cuDevicePrimaryCtxRetain: out of memory
"PluginInterface" error: Failure to initialize device 0: Error in cuDevicePrimaryCtxRetain: out of memory
"PluginInterface" error: Failure to initialize device 1: Error in cuDevicePrimaryCtxRetain: out of memory
"PluginInterface" error: Failure to initialize device 1: Error in cuDevicePrimaryCtxRetain: out of memory
"PluginInterface" error: Failure to initialize device 2: Error in cuDevicePrimaryCtxRetain: out of memory
"PluginInterface" error: Failure to initialize device 2: Error in cuDevicePrimaryCtxRetain: out of memory
"PluginInterface" error: Failure to initialize device 3: Error in cuDevicePrimaryCtxRetain: out of memory
"PluginInterface" error: Failure to initialize device 3: Error in cuDevicePrimaryCtxRetain: out of memory
 Elapsed time for helper construction 0.160564 (sec) 
 Elapsed time for init 0.001177 (sec) 
 Elapsed time for makeQChamDiagTerms 0.040338 (sec) 
 Davidson iteration 0.0 (tol=0.6513308908717098): -102.2351849484814
 Davidson iteration 0.1 (tol=0.2740698294299581): -102.4242299131882 -100.4586972052584
 Davidson iteration 0.2 (tol=0.08180654879372837): -102.4502560440912 -100.6643431623245 -99.6612306274711
 Davidson iteration 0.3 (tol=0.02489338394309164): -102.4523474397678 -100.9198137528399 -99.66170716006988 -99.50233573862538
 Davidson iteration 0.4 (tol=0.009494094707380408): -102.4525500826709 -101.1547929808983 -100.0313205610047 -99.66165970422561
 Davidson iteration 0.5 (tol=0.003393408812073398): -102.45258076877 -101.3553347599387 -100.3503425417387 -99.66177639829201
 Davidson iteration 0.6 (tol=0.001180845088339114): -102.4525842934637 -101.503229823605 -100.5053241773671 -99.76469636376423
 Davidson iteration 0.7 (tol=0.0003828553082006291): -102.4525847057841 -101.6011068431404 -100.6263718568732 -100.0684074594741
 Davidson iteration 0.8 (tol=0.0001207035308587381): -102.4525847486886 -101.6333609112735 -100.7325133995446 -100.1754924752874
 Davidson iteration 0.9 (tol=4.351276224926088e-05): -102.4525847531429 -101.6451794042697 -100.9323425390555 -100.3743158607762
 Davidson iteration 0.10 (tol=1.48750649188614e-05): -102.4525847537165 -101.6480282316059 -101.1267868552074 -100.5116271852267
 Davidson iteration 0.11 (tol=4.941782872766803e-06): -102.4525847537883 -101.6572809153604 -101.3512939006888 -100.6061877028489
 Davidson iteration 0.12 (tol=1.712453485831495e-06): -102.4525847537954 -101.6660607478754 -101.4844310245287 -100.6644339957624
 Davidson iteration 0.13 (tol=5.782201739291048e-07): -102.4525847537963 -101.6663803404961 -101.5458219818424 -100.7093192724059
 Davidson iteration 0.14 (tol=1.860602400219557e-07): -102.4525847537964 -101.6780926148134 -101.6294121873745 -100.8019965226803
 Davidson iteration 0.15 (tol=6.054908938011903e-08): -102.4525847537964 -101.69190565707 -101.6466724034579 -100.8848359125995
 Davidson iteration 0.16 (tol=1.987619665943849e-08): -102.4525847537964 -101.7099976224471 -101.6520329584965 -100.9991796855912
 Davidson iteration 0.17 (tol=6.679699090928653e-09): -102.4525847537964 -101.737059963118 -101.6537127163447 -101.1187195089146
 Elapsed time for davidson 18.269002 (sec) 
 Elapsed time for diagonalization 18.26937 (sec) 
 Elapsed time for mult 0.677574 (sec) 
 Energy = -102.4525847537951
 Elapsed time for measurement 0.026562 (sec) 
 Sample-based diagonalization: Energy = -102.4525847537951
 Sample-based diagonalization: density = [1.999968791151742,1.987966963126582,1.987653474493307,1.981894757297665,1.979914666345436,1.977990806961874,1.975409812174164,1.976060193883058,1.97476971408817,1.893527354595331,0.1085370268684197,0.02237000283628076,0.02310681751448047,0.01922789445158124,0.02110179362877698,0.02010526555605706,0.01663214127333613,0.01645987795026481,0.01730264578660078
 Sample-based diagonalization: carryover bitstrings = [], size = 0
