 Elapsed time for helper construction 1.270042 (sec) 
 Elapsed time for init 0.019105 (sec) 
 Elapsed time for makeQChamDiagTerms 11.039904 (sec) 
 Davidson iteration 0.0 (tol=0.6716833738420246): -156.0726873076421
 Davidson iteration 0.1 (tol=0.2590436439996532): -156.2607314286968 -153.9918348809821
 Davidson iteration 0.2 (tol=0.1016924527342446): -156.2812163377689 -154.3638435809058 -153.3112081309139
 Davidson iteration 0.3 (tol=0.03202275363205894): -156.2845144499448 -154.5802984028359 -153.5436034057144 -153.1856348806961
 Davidson iteration 0.4 (tol=0.01339786489021293): -156.2848659765109 -154.9094570441573 -153.8125030632787 -153.261338436267
 Davidson iteration 0.5 (tol=0.005781317390536245): -156.2849392448116 -155.3809514987558 -154.1363519156805 -153.503833664617
 Davidson iteration 0.6 (tol=0.002421232351511631): -156.2849518066492 -155.563152535465 -154.3154179881159 -153.5338416392043
 Davidson iteration 0.7 (tol=0.001031985723929963): -156.2849540370572 -155.6845195876405 -154.7673100930511 -153.9299629059318
 Davidson iteration 1.0 (tol=0.001031985723921648): -156.2849540370568
 Davidson iteration 1.1 (tol=0.0004661839367031381): -156.2849543771362 -153.9967022306521
 Davidson iteration 1.2 (tol=0.0002483261906799575): -156.2849544862763 -155.3535969509866 -153.0465185576197
 Davidson iteration 1.3 (tol=0.0001116127553275521): -156.2849545099156 -155.7269230938458 -153.5395656084016 -152.6184563527461
 Davidson iteration 1.4 (tol=4.523416377637384e-05): -156.2849545142954 -155.8125987508426 -153.7130909006217 -153.539399917904
 Davidson iteration 1.5 (tol=1.773888297505185e-05): -156.2849545150915 -155.8629087275648 -154.6718711271207 -153.5586983953476
 Davidson iteration 1.6 (tol=6.632456347378889e-06): -156.2849545151902 -155.8840065749437 -154.9811664636012 -153.897245928363
 Elapsed time for davidson 55.322754 (sec) 
 Elapsed time for diagonalization 55.326539 (sec) 
 Elapsed time for mult 1.50197 (sec) 
 Energy = -156.2849545151904
 Elapsed time for measurement 0.103551 (sec) 
 Sample-based diagonalization: Energy = -156.2849545151904
 Sample-based diagonalization: density = [1.999973104300311,1.994004266931456,1.992027072580248,1.992743469813836,1.985295631057709,1.984817051633266,1.985166006164652,1.981786785702651,1.983200911869589,1.981523838805241,1.964692388902969,1.981792449490056,1.94981263084428,0.08756636714217667,0.01508845304108491,0.02281721680478887,0.01724667736570351,0.01132389705030166,0.01505781567299383,0.01745028662898945,0.01912721539432616,0.01748646234252633
 Sample-based diagonalization: carryover bitstrings = [], size = 0
