 Elapsed time for helper construction 0.444019 (sec) 
 Elapsed time for init 0.006331 (sec) 
 Elapsed time for makeQChamDiagTerms 2.030656 (sec) 
 Davidson iteration 0.0 (tol=0.5568498562802758): -149.0632659724621
 Davidson iteration 0.1 (tol=0.2492298541733383): -149.1949490256999 -147.1168145527155
 Davidson iteration 0.2 (tol=0.1136494468122802): -149.2132808659584 -147.5710087371374 -146.2193397012019
 Davidson iteration 0.3 (tol=0.04440621046040202): -149.2171605222731 -147.7812260407262 -146.5368386912941 -145.8914532459309
 Davidson iteration 0.4 (tol=0.01848655806113377): -149.2176730293089 -147.9677569733952 -146.8669588682877 -146.2080757038424
 Davidson iteration 0.5 (tol=0.006999757274828357): -149.217779714639 -148.2375599491051 -147.0875641690222 -146.4637715781051
 Davidson iteration 0.6 (tol=0.003314309137051277): -149.217792904496 -148.3604055368042 -147.2509706070293 -146.4649697541809
 Davidson iteration 0.7 (tol=0.001294580557796382): -149.2177955894454 -148.447548560762 -147.5079767167381 -146.6924824152415
 Davidson iteration 1.0 (tol=0.00129458055780127): -149.217795589445
 Davidson iteration 1.1 (tol=0.0006786071578257728): -149.2177960041855 -146.7284450219693
 Davidson iteration 1.2 (tol=0.000347689842118975): -149.217796149136 -148.0765866975905 -144.0909145988186
 Davidson iteration 1.3 (tol=0.0001551001745387886): -149.2177961871683 -148.5309555354652 -146.0964199815517 -143.0623382506749
 Davidson iteration 1.4 (tol=7.35719271421044e-05): -149.2177961933182 -148.6893863370987 -146.096508638128 -146.0001639057872
 Davidson iteration 1.5 (tol=3.237525599892979e-05): -149.2177961947714 -148.7678909570251 -147.0633858411989 -146.0964416018989
 Davidson iteration 1.6 (tol=1.608450034819223e-05): -149.2177961950918 -148.8339456556408 -147.8303182236926 -146.4062787863716
 Davidson iteration 1.7 (tol=7.1554795888883e-06): -149.2177961951714 -148.8803748357276 -148.2633171386311 -146.4080570818067
 Elapsed time for davidson 17.583547 (sec) 
 Elapsed time for diagonalization 17.583641 (sec) 
 Elapsed time for mult 0.538117 (sec) 
 Energy = -149.2177961951727
 Elapsed time for measurement 0.025554 (sec) 
 Sample-based diagonalization: Energy = -149.2177961951727
 Sample-based diagonalization: density = [1.99999687852886,1.9978366955349,1.992230670931561,1.995076469409688,1.987949342794048,1.983652531214805,1.987958433494697,1.976974436655007,1.970938085452117,1.981707766613837,1.932611161814928,0.105012575292342,0.02202050063984742,0.009428185934636502,0.01625596280821327,0.02159001608217097,0.01876028666906526
 Sample-based diagonalization: carryover bitstrings = [], size = 0
