 Elapsed time for helper construction 1.10355 (sec) 
 Elapsed time for init 0.017124 (sec) 
 Elapsed time for makeQChamDiagTerms 13.00813 (sec) 
 Davidson iteration 0.0 (tol=0.5966283725080429): -165.1149563547114
 Davidson iteration 0.1 (tol=0.1562975210507606): -165.2810272678924 -163.3626430856874
 Davidson iteration 0.2 (tol=0.04581186205929169): -165.2917925340826 -163.7226186624711 -163.3047716317615
 Davidson iteration 0.3 (tol=0.01118251110926509): -165.2927098462113 -163.758076606907 -163.3833090594062 -163.2935390176571
 Davidson iteration 0.4 (tol=0.003901356531706862): -165.2927708744047 -164.1600018563597 -163.3836651902122 -163.3251553429776
 Davidson iteration 0.5 (tol=0.001141057844388738): -165.2927790646139 -164.3799558371088 -163.6245790451371 -163.352653768847
 Davidson iteration 0.6 (tol=0.000334229259495228): -165.2927797125071 -164.5497565443075 -163.7679001138627 -163.4391450185516
 Davidson iteration 0.7 (tol=0.0001082028905860744): -165.2927797648231 -164.60235087738 -163.9730653892008 -163.7568097528786
 Davidson iteration 1.0 (tol=0.0001082028905881458): -165.2927797648238
 Davidson iteration 1.1 (tol=4.46105041930728e-05): -165.2927797707386 -164.0709572140737
 Davidson iteration 1.2 (tol=1.991152637292378e-05): -165.2927797722748 -164.7850435950764 -163.1990557863856
 Davidson iteration 1.3 (tol=6.66965285996319e-06): -165.2927797724733 -164.9383901174448 -163.202062400031 -163.0753866447671
 Elapsed time for davidson 38.464162 (sec) 
 Elapsed time for diagonalization 38.46449399999999 (sec) 
 Elapsed time for mult 0.759616 (sec) 
 Energy = -165.2927797724709
 Elapsed time for measurement 0.112227 (sec) 
 Sample-based diagonalization: Energy = -165.2927797724709
 Sample-based diagonalization: density = [1.999982665718759,1.994609562040693,1.995782769689871,1.991795340145442,1.990821256028304,1.990286729662397,1.989970491290665,1.986269316484902,1.985383516189828,1.984694015521767,1.975765853511222,1.994510852107073,1.989906441731278,1.936271859750707,0.08765521204620899,0.01039671464578714,0.006518985386032048,0.01616654343321137,0.005193016641256451,0.008624748538361926,0.0104909171554344,0.01231488408360858,0.01040999229245276,0.01314533993214323,0.01303297573881241
 Sample-based diagonalization: carryover bitstrings = [], size = 0
