 Elapsed time for helper construction 0.189025 (sec) 
 Elapsed time for init 0.001832 (sec) 
 Elapsed time for makeQChamDiagTerms 0.66455 (sec) 
 Davidson iteration 0.0 (tol=0.5382337496146499): -150.5644405594906
 Davidson iteration 0.1 (tol=0.2392838641060657): -150.6850650486773 -148.5606193176053
 Davidson iteration 0.2 (tol=0.1072321818180014): -150.701644272442 -149.0113793865351 -147.6104977802216
 Davidson iteration 0.3 (tol=0.04256226324731457): -150.7049385164792 -149.2460593216871 -147.9974385773114 -147.1676327802186
 Davidson iteration 0.4 (tol=0.01654938918822179): -150.7053963346258 -149.4157744932319 -148.2568016782644 -147.6596105499573
 Davidson iteration 0.5 (tol=0.006199630524023235): -150.7054765391795 -149.6579176822077 -148.5063445250436 -147.7529642697712
 Davidson iteration 0.6 (tol=0.002907614823728741): -150.7054849921793 -149.7729166247385 -148.6620609679924 -147.7960325913855
 Davidson iteration 0.7 (tol=0.001072117347512808): -150.7054869901627 -149.8746006448537 -148.915517244495 -148.0670531896048
 Davidson iteration 1.0 (tol=0.00107211734751125): -150.7054869901631
 Davidson iteration 1.1 (tol=0.0005456073979438954): -150.7054872582815 -148.108830621783
 Davidson iteration 1.2 (tol=0.0002901791833041192): -150.7054873475691 -149.5050802607515 -145.564789413799
 Davidson iteration 1.3 (tol=0.0001270037849969373): -150.705487369459 -149.9591326056398 -146.9936809709402 -144.3401232925995
 Davidson iteration 1.4 (tol=5.146291143847709e-05): -150.7054873731667 -150.1350450863652 -147.4111600184721 -146.9584111244984
 Davidson iteration 1.5 (tol=2.291958507221306e-05): -150.7054873738439 -150.1987525251006 -148.1208192593546 -147.0888066394221
 Davidson iteration 1.6 (tol=1.107173419015005e-05): -150.7054873739728 -150.2567582127219 -149.0255303569315 -147.0966799900853
 Davidson iteration 1.7 (tol=4.563155472126981e-06): -150.7054873740048 -150.3136157109403 -149.6090694335598 -147.4765719007513
 Elapsed time for davidson 6.838146 (sec) 
 Elapsed time for diagonalization 6.838305 (sec) 
 Elapsed time for mult 0.225645 (sec) 
 Energy = -150.705487374003
 Elapsed time for measurement 0.840008 (sec) 
 Sample-based diagonalization: Energy = -150.705487374003
 Sample-based diagonalization: density = [1.999996590487433,1.997752542082022,1.992489463852658,1.994856032561318,1.990250311703555,1.986590148119759,1.984362713838925,1.980343926130635,1.978532297693866,1.98134047614969,1.942287780100368,0.09597245416879749,0.01235047311356184,0.01949537704181832,0.02589698774657802,0.01748242520194227
 Sample-based diagonalization: carryover bitstrings = [], size = 0
 Elapse time for dumping one-particle rdm = 0.001008
 Elapse time for dumping two-particle rdm = 0.059378
 Zero-Body energy = 0
 One-Body energy = -244.1427452877107
 Two-Body energy = 93.43725791375951
 One-Body + Two-Body energy = -150.7054873739512
 Zero-Body + One-Body + Two-Body energy = -150.7054873739512
