"PluginInterface" error: Failure to initialize device 0: Error in cuDevicePrimaryCtxRetain: out of memory
"PluginInterface" error: Failure to initialize device 0: Error in cuDevicePrimaryCtxRetain: out of memory
"PluginInterface" error: Failure to initialize device 1: Error in cuDevicePrimaryCtxRetain: out of memory
"PluginInterface" error: Failure to initialize device 1: Error in cuDevicePrimaryCtxRetain: out of memory
"PluginInterface" error: Failure to initialize device 2: Error in cuDevicePrimaryCtxRetain: out of memory
"PluginInterface" error: Failure to initialize device 2: Error in cuDevicePrimaryCtxRetain: out of memory
"PluginInterface" error: Failure to initialize device 3: Error in cuDevicePrimaryCtxRetain: out of memory
"PluginInterface" error: Failure to initialize device 3: Error in cuDevicePrimaryCtxRetain: out of memory
 Elapsed time for helper construction 0.082342 (sec) 
 Elapsed time for init 0.00083 (sec) 
 Elapsed time for makeQChamDiagTerms 0.01672 (sec) 
 Davidson iteration 0.0 (tol=0.5833351993518957): -98.25776150794704
 Davidson iteration 0.1 (tol=0.238540922272463): -98.41188096306577 -96.57403348406011
 Davidson iteration 0.2 (tol=0.07249471535689768): -98.43222966210858 -96.792837460057 -95.70975897433519
 Davidson iteration 0.3 (tol=0.02337000585765318): -98.43386820644945 -97.01371970875321 -95.86698810350958 -95.38267379394289
 Davidson iteration 0.4 (tol=0.008376297581334034): -98.43403393647868 -97.19281734480501 -96.01000590464797 -95.68849035202815
 Davidson iteration 0.5 (tol=0.003085422487564757): -98.43405666764802 -97.3559042557556 -96.32218155871396 -95.77586606182605
 Davidson iteration 0.6 (tol=0.001072013023604699): -98.43405953587752 -97.48095753627486 -96.55554681605663 -95.87462366341794
 Davidson iteration 0.7 (tol=0.0003390348838567808): -98.43405986075688 -97.55918001130442 -96.72066289240364 -96.07849540588127
 Davidson iteration 0.8 (tol=0.0001043756500859308): -98.43405989515614 -97.58612923062269 -96.83953107217418 -96.15731573642618
 Davidson iteration 0.9 (tol=3.637182869935772e-05): -98.43405989849393 -97.59365403657405 -97.00294423967316 -96.34072430657422
 Davidson iteration 0.10 (tol=1.280827712197563e-05): -98.43405989893144 -97.59385605018187 -97.2137536156807 -96.56321854680891
 Davidson iteration 0.11 (tol=4.389299047904832e-06): -98.4340598989841 -97.59572671673172 -97.40413841336061 -96.67927146330385
 Davidson iteration 0.12 (tol=1.430437326993298e-06): -98.43405989898926 -97.59737424417619 -97.47698127554801 -96.72899514075186
 Davidson iteration 0.13 (tol=4.262324121772912e-07): -98.43405989898979 -97.60237337630336 -97.49571145071968 -96.76920661501335
 Davidson iteration 0.14 (tol=1.274997633963946e-07): -98.43405989898984 -97.6093458136928 -97.51088250268783 -96.81416697206369
 Davidson iteration 0.15 (tol=4.049040604597196e-08): -98.43405989898974 -97.61352325064429 -97.51345910951362 -96.87459388393737
 Davidson iteration 0.16 (tol=1.281929740295409e-08): -98.4340598989898 -97.61513688391827 -97.51349074012066 -97.03464294917758
 Davidson iteration 0.17 (tol=4.307970552722821e-09): -98.43405989898974 -97.6151495680118 -97.51351855626082 -97.15936754823841
 Elapsed time for davidson 9.505618999999999 (sec) 
 Elapsed time for diagonalization 9.505977999999999 (sec) 
 Elapsed time for mult 0.40771 (sec) 
 Energy = -98.4340598989901
 Elapsed time for measurement 0.019619 (sec) 
 Sample-based diagonalization: Energy = -98.4340598989901
 Sample-based diagonalization: density = [1.999970040551346,1.999401776640009,1.984849511919089,1.979963880921925,1.978664207757561,1.983462539586177,1.975752980197922,1.974948541543524,1.892308065010493,0.1102580880199056,0.01929986335198709,0.01873012174873877,0.02291269619295196,0.01363259727093746,0.01201162485300247,0.01705569421850863,0.01677777021544212
 Sample-based diagonalization: carryover bitstrings = [], size = 0
