 Elapsed time for helper construction 0.430266 (sec) 
 Elapsed time for init 0.004438999999999999 (sec) 
 Elapsed time for makeQChamDiagTerms 2.225051 (sec) 
 Davidson iteration 0.0 (tol=0.542754319231796): -147.3166419898918
 Davidson iteration 0.1 (tol=0.2460045329335577): -147.4440018088952 -145.4135296531457
 Davidson iteration 0.2 (tol=0.112278382710161): -147.4626919150427 -145.8789682220266 -144.6396569799266
 Davidson iteration 0.3 (tol=0.04616249080080313): -147.4665783909158 -146.0889671767154 -144.9065190930296 -144.2481383526916
 Davidson iteration 0.4 (tol=0.01841024072231607): -147.4671546716788 -146.2486626806137 -145.1281756109749 -144.7012253157002
 Davidson iteration 0.5 (tol=0.0070434252965639): -147.4672638698911 -146.5070805268375 -145.3081871700642 -144.8399402641435
 Davidson iteration 0.6 (tol=0.003361246032534878): -147.4672754326785 -146.6157066815749 -145.468814033251 -144.8954367448345
 Davidson iteration 0.7 (tol=0.001255713970158468): -147.4672780681534 -146.6975585246619 -145.6960882579152 -144.9809376345386
 Davidson iteration 1.0 (tol=0.001255713970167666): -147.467278068154
 Davidson iteration 1.1 (tol=0.0006597489683888841): -147.4672784401345 -144.6117712242065
 Davidson iteration 1.2 (tol=0.0003514792645745895): -147.4672785696256 -146.39022410721 -141.3658940121517
 Davidson iteration 1.3 (tol=0.0001696781090054659): -147.4672786066467 -146.8721023282329 -143.8296268558199 -140.0695633868953
 Davidson iteration 1.4 (tol=8.444649687108197e-05): -147.4672786153624 -147.0649729364938 -144.7684062116241 -143.1829014389639
 Davidson iteration 1.5 (tol=4.57832380470878e-05): -147.4672786177996 -147.1683389132441 -145.7460408238216 -143.8743926078756
 Davidson iteration 1.6 (tol=2.387398791985073e-05): -147.4672786184456 -147.2174947239182 -146.2781427619592 -143.9489267547782
 Davidson iteration 1.7 (tol=1.02462418857789e-05): -147.4672786186079 -147.2410616158472 -146.5297267228619 -144.3285983673359
 Davidson iteration 2.0 (tol=1.024624187626456e-05): -147.4672786186086
 Davidson iteration 2.1 (tol=5.194884910230886e-06): -147.4672786186359 -145.0977906900895
 Elapsed time for davidson 20.199112 (sec) 
 Elapsed time for diagonalization 20.199264 (sec) 
 Elapsed time for mult 0.674854 (sec) 
 Energy = -147.4672786186329
 Elapsed time for measurement 0.02761 (sec) 
 Sample-based diagonalization: Energy = -147.4672786186329
 Sample-based diagonalization: density = [1.999997040588306,1.997041863064351,1.992378560512384,1.993940023728006,1.99056378020619,1.985091907110237,1.992176584775811,1.971653872597503,1.976125976919503,1.983005215933438,1.925090496519666,0.1085269257799771,0.01946584277019821,0.004501746899669643,0.01559368201202726,0.0267171775993991,0.01812930283687943
 Sample-based diagonalization: carryover bitstrings = [], size = 0
