 Elapsed time for helper construction 1.118474 (sec) 
 Elapsed time for init 0.040535 (sec) 
 Elapsed time for makeQChamDiagTerms 10.642408 (sec) 
 Davidson iteration 0.0 (tol=0.5967354457976786): -121.866704028162
 Davidson iteration 0.1 (tol=0.1382981227985511): -122.0354872958911 -120.0268237141082
 Davidson iteration 0.2 (tol=0.0268225939723388): -122.0430682873713 -120.102951990066 -119.8167441645313
 Davidson iteration 0.3 (tol=0.006660761707709344): -122.0433558852832 -120.2964953385804 -119.8211662706022 -119.7439712896076
 Davidson iteration 0.4 (tol=0.001847112424743105): -122.0433752248124 -120.620783632684 -120.0241703239451 -119.7628112629205
 Davidson iteration 0.5 (tol=0.0004199256706278165): -122.0433765627309 -120.7290200839215 -120.028451805452 -119.9980553210811
 Davidson iteration 0.6 (tol=0.0001049825942433528): -122.0433766308025 -120.8717744465987 -120.2589288525932 -120.0029609331564
 Davidson iteration 0.7 (tol=2.585465782527094e-05): -122.0433766349047 -120.9007111152073 -120.310874549304 -120.0831070099259
 Davidson iteration 1.0 (tol=2.5854657827965e-05): -122.0433766349043
 Davidson iteration 1.1 (tol=8.557374680656616e-06): -122.0433766351626 -120.2186752082492
 Elapsed time for davidson 40.47969 (sec) 
 Elapsed time for diagonalization 40.479937 (sec) 
 Elapsed time for mult 1.289377 (sec) 
 Energy = -122.0433766351641
 Elapsed time for measurement 0.107167 (sec) 
 Sample-based diagonalization: Energy = -122.0433766351641
 Sample-based diagonalization: density = [1.999971244774795,1.992179590633118,1.992089899053806,1.988728193167794,1.984422944993724,1.984935816794896,1.989067584518983,1.983721529609697,1.978576615196632,1.983100061886207,1.986036348368655,1.954590703588889,0.04396120663113659,0.008231746221802703,0.01510430982087087,0.01676266397248016,0.01621630437050759,0.01806125672543841,0.01545724357767714,0.01619407884056524,0.01216644426378248,0.01306717117662378,0.00735704147719355
 Sample-based diagonalization: carryover bitstrings = [], size = 0
