 Elapsed time for helper construction 1.3456 (sec) 
 Elapsed time for init 0.047283 (sec) 
 Elapsed time for makeQChamDiagTerms 13.003723 (sec) 
 Davidson iteration 0.0 (tol=0.6474610462990054): -127.707503463124
 Davidson iteration 0.1 (tol=0.1245190884719848): -127.8965955363738 -125.584103991301
 Davidson iteration 0.2 (tol=0.02067330605109678): -127.9019728709977 -125.8014325726082 -125.0740473072328
 Davidson iteration 0.3 (tol=0.005214658039179892): -127.9021283075954 -125.9411922411267 -125.4738686385739 -124.9749716930259
 Davidson iteration 0.4 (tol=0.001386923903031142): -127.9021386247585 -126.1842074159197 -125.6384995746742 -125.0966939702636
 Davidson iteration 0.5 (tol=0.0003190079405252832): -127.9021392601366 -126.3597636394157 -125.7236939063631 -125.1089696789071
 Davidson iteration 0.6 (tol=7.032121767717513e-05): -127.9021392922254 -126.4328994831541 -125.8044811667086 -125.3333071414228
 Davidson iteration 0.7 (tol=1.610593516291511e-05): -127.9021392938339 -126.4540609510767 -125.8790730900133 -125.4712659989883
 Davidson iteration 1.0 (tol=1.610593516247909e-05): -127.9021392938334
 Davidson iteration 1.1 (tol=5.039918479612227e-06): -127.9021392939176 -125.1705304494771
 Elapsed time for davidson 49.608349 (sec) 
 Elapsed time for diagonalization 49.613378 (sec) 
 Elapsed time for mult 1.583493 (sec) 
 Energy = -127.9021392939177
 Elapsed time for measurement 0.146039 (sec) 
 Sample-based diagonalization: Energy = -127.9021392939177
 Sample-based diagonalization: density = [1.999970700533768,1.991085690279782,1.989673662625413,1.986951309468314,1.98734272414401,1.983838145973265,1.982389110602526,1.982216659009016,1.983927807164113,1.978452140030293,1.978621305780458,1.979101906545996,0.01646010485537856,0.01776090443064622,0.01255298833155469,0.01607572132527865,0.01461095165081351,0.01452049316348592,0.01555267750801342,0.01307045562338739,0.01395629701027852,0.01371005791542723,0.01369032912009979,0.01446785659745735
 Sample-based diagonalization: carryover bitstrings = [], size = 0
