 Elapsed time for helper construction 0.378127 (sec) 
 Elapsed time for init 0.005337 (sec) 
 Elapsed time for makeQChamDiagTerms 0.581364 (sec) 
 Davidson iteration 0.0 (tol=0.5443057466542941): -137.6252214360407
 Davidson iteration 0.1 (tol=0.2348789371316108): -137.7607859265544 -135.8616400575864
 Davidson iteration 0.2 (tol=0.1083211498473972): -137.7776163256672 -136.2105648710063 -134.8793891763982
 Davidson iteration 0.3 (tol=0.04046457726336766): -137.7811524726289 -136.3231695864121 -135.260507984463 -134.6417554368829
 Davidson iteration 0.4 (tol=0.01605550806266877): -137.7815932802121 -136.4636886574465 -135.5246666071524 -134.7443834125973
 Davidson iteration 0.5 (tol=0.005534661894342523): -137.7816586543672 -136.6165119782415 -135.6464313564193 -135.2937024796871
 Davidson iteration 0.6 (tol=0.002174014458919148): -137.7816671304533 -136.6886056063599 -135.8291711814448 -135.3933946519187
 Davidson iteration 0.7 (tol=0.0008810966323671266): -137.781668191549 -136.7336699732486 -135.9593801759948 -135.3942193058957
 Davidson iteration 1.0 (tol=0.0008810966323671811): -137.7816681915467
 Davidson iteration 1.1 (tol=0.0004184287207065487): -137.7816683591917 -134.3694196186063
 Davidson iteration 1.2 (tol=0.0001727234998002566): -137.7816684130322 -136.0433641509954 -132.827777376467
 Davidson iteration 1.3 (tol=7.405734150590987e-05): -137.7816684222462 -136.6152647876868 -134.8642876699373 -131.8642173840387
 Davidson iteration 1.4 (tol=2.985757593046543e-05): -137.7816684236409 -136.8006798043745 -135.0389871478866 -134.4149100300522
 Davidson iteration 1.5 (tol=1.128566287312262e-05): -137.7816684238744 -136.8973290380905 -135.2273053450733 -134.7765979424972
 Davidson iteration 1.6 (tol=4.793743978563419e-06): -137.781668423907 -136.9476305026301 -135.9483874250468 -135.2090354796952
 Elapsed time for davidson 10.90013 (sec) 
 Elapsed time for diagonalization 10.900506 (sec) 
 Elapsed time for mult 0.365818 (sec) 
 Energy = -137.7816684239071
 Elapsed time for measurement 0.053193 (sec) 
 Sample-based diagonalization: Energy = -137.7816684239071
 Sample-based diagonalization: density = [1.999996832870954,1.999618548485945,1.991869364110396,1.982697374891275,1.982236542180555,1.986685022560458,1.996408505412383,1.977144894814751,1.895310879636754,1.983450580592457,0.115993232687605,0.02511953654570411,0.008156712285750828,0.008604479490576326,0.02689075924963576,0.01981673415027053
 Sample-based diagonalization: carryover bitstrings = [], size = 0
