 Elapsed time for helper construction 1.375408 (sec) 
 Elapsed time for init 0.040287 (sec) 
 Elapsed time for makeQChamDiagTerms 13.951357 (sec) 
 Davidson iteration 0.0 (tol=0.6649501232225408): -164.3724180259057
 Davidson iteration 0.1 (tol=0.1987322594641128): -164.5655383875991 -162.4497901841059
 Davidson iteration 0.2 (tol=0.06008111811387192): -164.5800981537596 -162.727334556807 -162.2478723300097
 Davidson iteration 0.3 (tol=0.01560714671291362): -164.5814999893518 -162.8164276943998 -162.4186227039643 -162.2362720254151
 Davidson iteration 0.4 (tol=0.005784956766912881): -164.5816065036976 -163.2691413107472 -162.4359421040583 -162.2842696530764
 Davidson iteration 0.5 (tol=0.001978644478962002): -164.581622086863 -163.6407576729667 -162.4372531032329 -162.4036946476552
 Davidson iteration 0.6 (tol=0.0005812031318220985): -164.5816237403749 -163.7843837709425 -162.5872302716931 -162.4341195386011
 Davidson iteration 0.7 (tol=0.0001950199639401466): -164.5816238814297 -163.853703498637 -162.9604089489652 -162.5218778397182
 Davidson iteration 1.0 (tol=0.0001950199639408406): -164.5816238814273
 Davidson iteration 1.1 (tol=7.486135734144608e-05): -164.5816238959864 -162.7529533056443
 Davidson iteration 1.2 (tol=3.140793317376261e-05): -164.5816238995126 -163.6716054113406 -162.4747144156927
 Davidson iteration 1.3 (tol=1.038565645395459e-05): -164.5816238999222 -163.9093254696998 -162.5291429714593 -161.9679288148855
 Davidson iteration 1.4 (tol=4.203750643859714e-06): -164.5816238999753 -164.085088937419 -162.7690770374704 -162.4265220219519
 Elapsed time for davidson 53.207231 (sec) 
 Elapsed time for diagonalization 53.210071 (sec) 
 Elapsed time for mult 1.434152 (sec) 
 Energy = -164.5816238999805
 Elapsed time for measurement 0.12008 (sec) 
 Sample-based diagonalization: Energy = -164.5816238999805
 Sample-based diagonalization: density = [1.999977023509735,1.993688682651199,1.993859930550747,1.991751038416271,1.990097327484189,1.986704423404592,1.987577900117377,1.98496733329473,1.98170232896179,1.987344068608473,1.983175593468936,1.974197260477242,1.989777060705244,1.942210989604206,0.08612871611083717,0.01543783930291941,0.01073415272784536,0.0119688211353807,0.005716490123489383,0.01315588665462119,0.01032010158011741,0.01789971238915039,0.01115764492624678,0.01365498372733616,0.01679468971451252
 Sample-based diagonalization: carryover bitstrings = [], size = 0
