 Elapsed time for helper construction 1.519269 (sec) 
 Elapsed time for init 0.05445299999999999 (sec) 
 Elapsed time for makeQChamDiagTerms 14.503011 (sec) 
 Davidson iteration 0.0 (tol=0.6280596295903592): -124.0387613008348
 Davidson iteration 0.1 (tol=0.1421193471501266): -124.218253564665 -121.9274286144551
 Davidson iteration 0.2 (tol=0.02475170998044446): -124.2252169161262 -122.1932853023354 -121.2928011730251
 Davidson iteration 0.3 (tol=0.006257879922753479): -124.2254256119623 -122.3066566213952 -121.6762159230208 -121.2019356548457
 Davidson iteration 0.4 (tol=0.001799567872465731): -124.2254398068453 -122.4774866387888 -121.921741064436 -121.3029041317686
 Davidson iteration 0.5 (tol=0.0004774530370878291): -124.2254409003932 -122.683236711452 -122.094243289303 -121.3550562692365
 Davidson iteration 0.6 (tol=0.0001119680470164566): -124.2254409726306 -122.7978742301925 -122.1956492291925 -121.5315441935018
 Davidson iteration 0.7 (tol=2.586794572985809e-05): -124.2254409765664 -122.831936375933 -122.2589294027209 -121.6758180570175
 Davidson iteration 1.0 (tol=2.586794572881505e-05): -124.2254409765664
 Davidson iteration 1.1 (tol=8.250496179060453e-06): -124.2254409767723 -121.3533023164091
 Elapsed time for davidson 57.548665 (sec) 
 Elapsed time for diagonalization 57.55076099999999 (sec) 
 Elapsed time for mult 2.218307 (sec) 
 Energy = -124.2254409767724
 Elapsed time for measurement 0.151249 (sec) 
 Sample-based diagonalization: Energy = -124.2254409767724
 Sample-based diagonalization: density = [1.999972288081163,1.990223799075809,1.989657684512668,1.987051160376421,1.9850788952576,1.986265267091201,1.983005879021379,1.982061720194127,1.984470295881816,1.980073869527383,1.979622810989471,1.977977928338616,0.01702385808972564,0.009891402435906284,0.0143723311981947,0.01613684062066115,0.01437054984370079,0.01382290702283282,0.01639527103487899,0.01442673694210518,0.01407160364854577,0.01462519839612829,0.01441780862954193,0.01498389341874373
 Sample-based diagonalization: carryover bitstrings = [], size = 0
