 Elapsed time for helper construction 0.968549 (sec) 
 Elapsed time for init 0.01588 (sec) 
 Elapsed time for makeQChamDiagTerms 10.591194 (sec) 
 Davidson iteration 0.0 (tol=0.6257054670304422): -162.8525592974451
 Davidson iteration 0.1 (tol=0.2019869344049794): -163.0246495152924 -160.932727453961
 Davidson iteration 0.2 (tol=0.06814303194060142): -163.0386637440286 -161.1965614116533 -160.556881178935
 Davidson iteration 0.3 (tol=0.02102608233307262): -163.0403175127107 -161.3443693218997 -160.6035581672156 -160.5197534350162
 Davidson iteration 0.4 (tol=0.007598955410662966): -163.0404883594997 -161.6731906918431 -160.7175215730092 -160.5519805807212
 Davidson iteration 0.5 (tol=0.002615766392046678): -163.0405152688954 -162.121235791634 -160.8937711575985 -160.6910017440224
 Davidson iteration 0.6 (tol=0.0009033263979090682): -163.0405178050115 -162.2595967671019 -161.0036491951054 -160.7082722630052
 Davidson iteration 0.7 (tol=0.0003282966983501036): -163.0405180909775 -162.3117683186919 -161.2789250327506 -160.859593433191
 Davidson iteration 1.0 (tol=0.0003282966983444906): -163.040518090976
 Davidson iteration 1.1 (tol=0.000150341529967449): -163.0405181279946 -160.8523089163324
 Davidson iteration 1.2 (tol=6.201251248514471e-05): -163.0405181384644 -161.9858745716124 -159.3579383610462
 Davidson iteration 1.3 (tol=2.060833433267943e-05): -163.0405181400388 -162.3098837389412 -160.4851335326146 -159.1799866407508
 Davidson iteration 1.4 (tol=7.922316009031786e-06): -163.0405181402082 -162.4154403878595 -160.7759747420253 -160.4850975620967
 Elapsed time for davidson 37.184798 (sec) 
 Elapsed time for diagonalization 37.18503 (sec) 
 Elapsed time for mult 0.9212659999999999 (sec) 
 Energy = -163.0405181402101
 Elapsed time for measurement 0.08486399999999999 (sec) 
 Sample-based diagonalization: Energy = -163.0405181402101
 Sample-based diagonalization: density = [1.999979718074644,1.994992051095733,1.994165548059712,1.99521964000226,1.989174767944628,1.986789762283047,1.98752939566809,1.98553069546984,1.979547040337418,1.984729862556288,1.975604679456084,1.994985195950521,1.990529026891828,1.941470729938249,0.08725103971493861,0.014047936094604,0.01564228685664475,0.01491326329953357,0.007441481308409862,0.01383032742024856,0.006186698352004874,0.01218701411038933,0.01195482654147647,0.01629701220427096
 Sample-based diagonalization: carryover bitstrings = [], size = 0
