 Elapsed time for helper construction 0.857437 (sec) 
 Elapsed time for init 0.013808 (sec) 
 Elapsed time for makeQChamDiagTerms 8.511618 (sec) 
 Davidson iteration 0.0 (tol=0.631600510262098): -156.5773995337224
 Davidson iteration 0.1 (tol=0.1715961533231222): -156.7424195902445 -154.5966432423786
 Davidson iteration 0.2 (tol=0.0439906420335011): -156.7534522418371 -154.8750486480007 -154.5528482162736
 Davidson iteration 0.3 (tol=0.010557533125799): -156.7542047010828 -154.9286428853081 -154.8749727602355 -154.3506170933869
 Davidson iteration 0.4 (tol=0.004384761327210419): -156.7542655630785 -155.7558246976047 -154.9282501307647 -154.5575033758673
 Davidson iteration 0.5 (tol=0.001364999583568388): -156.7542744725404 -155.9835713748321 -154.985712404543 -154.6078644751474
 Davidson iteration 0.6 (tol=0.0004034975907313889): -156.7542753722014 -156.1454927391848 -155.1542596812829 -154.8664383516553
 Davidson iteration 0.7 (tol=0.0001210604293569576): -156.754275443051 -156.2202497729936 -155.4150325346625 -154.8716683119451
 Davidson iteration 1.0 (tol=0.0001210604293514763): -156.7542754430509
 Davidson iteration 1.1 (tol=4.486808227818931e-05): -156.7542754489219 -155.0927501058675
 Davidson iteration 1.2 (tol=1.575580240017644e-05): -156.7542754500546 -155.8512160149639 -154.2587820527446
 Davidson iteration 1.3 (tol=4.813380764909992e-06): -156.7542754501567 -156.1274961851518 -154.4553603958191 -153.9430094155534
 Elapsed time for davidson 29.181903 (sec) 
 Elapsed time for diagonalization 29.181933 (sec) 
 Elapsed time for mult 0.69806 (sec) 
 Energy = -156.7542754501596
 Elapsed time for measurement 0.07359299999999999 (sec) 
 Sample-based diagonalization: Energy = -156.7542754501596
 Sample-based diagonalization: density = [1.999972461109856,1.993342470990779,1.993538072401341,1.992152434269942,1.987180520287652,1.986792887022689,1.985827624816948,1.988166884898785,1.983844609904367,1.983485184170419,1.992191562829078,1.990796402052323,1.949420180610067,0.06964780465700267,0.01364397175048976,0.01457014120952444,0.01474887565871652,0.01240243078020196,0.00196137153451173,0.01170568278702485,0.01498748455437787,0.008181544570185646,0.01143939687676001
 Sample-based diagonalization: carryover bitstrings = [], size = 0
