 Elapsed time for helper construction 1.262107 (sec) 
 Elapsed time for init 0.028682 (sec) 
 Elapsed time for makeQChamDiagTerms 9.63109 (sec) 
 Davidson iteration 0.0 (tol=0.5928011045689016): -134.4541454362064
 Davidson iteration 0.1 (tol=0.1692135477637648): -134.6106562035916 -132.3324410340407
 Davidson iteration 0.2 (tol=0.04799206309072748): -134.6199723540542 -132.6995991658495 -131.6835090706948
 Davidson iteration 0.3 (tol=0.01356168260246423): -134.6206646788479 -132.7751653837155 -131.7501407192502 -131.668937535092
 Davidson iteration 0.4 (tol=0.004522776104320147): -134.6207248349504 -132.9773774152932 -132.1943741701526 -131.6830854502223
 Davidson iteration 0.5 (tol=0.00162966164043246): -134.6207320694123 -133.4015359029611 -132.5357800648746 -131.8498006353334
 Davidson iteration 0.6 (tol=0.000567371393705525): -134.6207329825825 -133.6631395898052 -132.6646809826696 -131.8702031648378
 Davidson iteration 0.7 (tol=0.0002010243746071817): -134.6207330863482 -133.7957461735041 -132.78479269656 -132.1344490725856
 Davidson iteration 1.0 (tol=0.0002010243746084445): -134.6207330863479
 Davidson iteration 1.1 (tol=8.631295341802351e-05): -134.6207330981196 -132.1064857319924
 Davidson iteration 1.2 (tol=3.509004525939952e-05): -134.6207331011643 -133.500592436131 -130.2303358055536
 Davidson iteration 1.3 (tol=1.342597971659515e-05): -134.620733101592 -133.8474907350964 -131.4818807674612 -129.9182096917804
 Davidson iteration 1.4 (tol=4.938472300663712e-06): -134.6207331016516 -133.9905856486743 -131.8758406262038 -131.2355056273601
 Elapsed time for davidson 51.372628 (sec) 
 Elapsed time for diagonalization 51.372844 (sec) 
 Elapsed time for mult 1.659376 (sec) 
 Energy = -134.6207331016519
 Elapsed time for measurement 0.098602 (sec) 
 Sample-based diagonalization: Energy = -134.6207331016519
 Sample-based diagonalization: density = [1.99997081399781,1.992792814258101,1.990781904198283,1.986213054179405,1.983720603447571,1.981775449220608,1.98016597386458,1.978040901957506,1.979309994880499,1.982217928552206,1.991801020505214,1.989699351575397,0.004534060600063564,0.02672083101104808,0.0210177586361287,0.02001941111536036,0.02125513540872868,0.01477531891311454,0.02151289404281852,0.01641439410963817,0.01726038516178733
 Sample-based diagonalization: carryover bitstrings = [], size = 0
