"PluginInterface" error: Failure to initialize device 0: Error in cuDevicePrimaryCtxRetain: out of memory
"PluginInterface" error: Failure to initialize device 0: Error in cuDevicePrimaryCtxRetain: out of memory
"PluginInterface" error: Failure to initialize device 1: Error in cuDevicePrimaryCtxRetain: out of memory
"PluginInterface" error: Failure to initialize device 1: Error in cuDevicePrimaryCtxRetain: out of memory
"PluginInterface" error: Failure to initialize device 2: Error in cuDevicePrimaryCtxRetain: out of memory
"PluginInterface" error: Failure to initialize device 3: Error in cuDevicePrimaryCtxRetain: out of memory
"PluginInterface" error: Failure to initialize device 3: Error in cuDevicePrimaryCtxRetain: out of memory
 Elapsed time for helper construction 0.104762 (sec) 
 Elapsed time for init 0.00098 (sec) 
 Elapsed time for makeQChamDiagTerms 0.01326 (sec) 
 Davidson iteration 0.0 (tol=0.6140249579611555): -92.12385697771703
 Davidson iteration 0.1 (tol=0.2623209009570269): -92.29307324275227 -90.27179933605723
 Davidson iteration 0.2 (tol=0.1157227227177922): -92.31458207934138 -90.61250470050092 -89.2909745252218
 Davidson iteration 0.3 (tol=0.04039387767734259): -92.31834512926612 -90.72825692950111 -89.54158924970297 -89.04944765411217
 Davidson iteration 0.4 (tol=0.01469613752065641): -92.31881261513006 -90.89331496865019 -89.75651312383364 -89.11327008555644
 Davidson iteration 0.5 (tol=0.00554852875426036): -92.31886782296942 -91.04339366799861 -90.05182947091302 -89.54924024909268
 Davidson iteration 0.6 (tol=0.002143180508826452): -92.31887669861281 -91.15224872472457 -90.26122219816554 -89.55386771434935
 Davidson iteration 0.7 (tol=0.0007403115900752005): -92.31887785071312 -91.23312657429328 -90.4139485839235 -89.61357820453016
 Davidson iteration 0.8 (tol=0.000241337326234658): -92.31887801569533 -91.35779171040319 -90.64486894928912 -90.09323538814202
 Davidson iteration 0.9 (tol=8.921359162956544e-05): -92.31887803378631 -91.39668010847603 -90.7601954837307 -90.11107083422922
 Davidson iteration 0.10 (tol=3.597438107310062e-05): -92.31887803620074 -91.44263944011155 -90.9428143613771 -90.26612081869446
 Davidson iteration 0.11 (tol=1.318718732776701e-05): -92.31887803657551 -91.49778505162197 -91.08772727593694 -90.41865153172868
 Davidson iteration 0.12 (tol=4.76850827954367e-06): -92.31887803662528 -91.52091771797318 -91.15897728906344 -90.52519741510849
 Davidson iteration 0.13 (tol=1.722683043616301e-06): -92.3188780366319 -91.55332385522715 -91.22133540278629 -90.63015647991043
 Davidson iteration 0.14 (tol=6.687307529172238e-07): -92.31887803663271 -91.58399952563568 -91.27233139540972 -90.75081687034616
 Davidson iteration 0.15 (tol=2.616855364340299e-07): -92.31887803663292 -91.59360335732495 -91.33498649615451 -90.94148543561431
 Davidson iteration 0.16 (tol=9.709853232713201e-08): -92.31887803663287 -91.61449495341881 -91.39937121513415 -91.0577475743181
 Davidson iteration 0.17 (tol=3.584806838147911e-08): -92.31887803663285 -91.62712723947152 -91.42910196565171 -91.11243191507589
 Davidson iteration 0.18 (tol=1.347797237638547e-08): -92.3188780366329 -91.63555112739951 -91.46723222927412 -91.17068896211408
 Davidson iteration 0.19 (tol=4.904744530781044e-09): -92.31887803663294 -91.64101664955331 -91.4850677040267 -91.2039800771871
 Elapsed time for davidson 12.147789 (sec) 
 Elapsed time for diagonalization 12.14783 (sec) 
 Elapsed time for mult 0.502679 (sec) 
 Energy = -92.31887803663163
 Elapsed time for measurement 0.020786 (sec) 
 Sample-based diagonalization: Energy = -92.31887803663163
 Sample-based diagonalization: density = [1.99996603749911,1.987914115766854,1.985087356080411,1.979849533435716,1.979628048426429,1.971097106033435,1.976222529332296,1.898460181014845,1.983279524975558,0.1069150100559597,0.02402133144710743,0.0259561835513869,0.02297581279437085,0.01985540718581121,0.0199117225141356,0.01886009988050067
 Sample-based diagonalization: carryover bitstrings = [], size = 0
