No module named 'dyson'
Dyson required for self-energy calculations
[driver] Restart mode: ON -- reusing existing artefacts in 'jobs_EWF' where possible (step_<NNN>/result.json, step_<NNN>/hf.chk, cluster_<i>.h5, rdm_<i>.h5, iter_*/sbd_job.status, count_dict.txt).
[solve frag=91] Loaded Cluster(fragment_91, name=O, norb=18, nocc=11)
[solve frag=91] Multi-solver: cluster norb=18 >= norb_threshold=13 -> SQD
[solve frag=91] Solving cluster (norb=18) with SQD (quantum sampling + SBD configuration recovery + ext-SQD; iterations=5, n_batches=4; submits one Slurm job per SBD batch and a final ext-SQD job)
Parsing /mnt/beegfs/merzk/kaliakd/EWF_Geom_Opt_Development/Trp-cage_Zwitterionic_JCTC_Structure/Folded_Conformer/jobs_EWF/sqd_scratch_091/fci_dump.txt
converged SCF energy = -148.907466120758
E(CCSD) = -149.0558999326894  E_corr = -0.1484338119314131
  >> removing node: 114 | Readout err: 0.1709
  >> removing node: 115 | Readout err: 0.1655
  >> removing node: 134 | Readout err: 0.1204
num edges after node removal: 171
num edges before: 171
num edges after: 169
The best layout has a total error of: 0.25590496812189545
  SQD: submitted IBM Runtime job d9l155rhdfks73ckb7tg on ibm_cleveland
[solve frag=91] E_cluster (SQD) = -149.0615401796 Ha
[solve frag=91] Assembly route 'cluster_energy' uses the cluster RDMs directly -- skipping the CISD extraction.
[solve frag=91] Wrote RDM file jobs_EWF/rdm_091.h5
