 Elapsed time for helper construction 1.214365 (sec) 
 Elapsed time for init 0.020892 (sec) 
 Elapsed time for makeQChamDiagTerms 20.757684 (sec) 
 Davidson iteration 0.0 (tol=0.5306147347675477): -196.1555365989031
 Davidson iteration 0.1 (tol=0.07594377378460922): -196.2878916671731 -194.2180210852186
 Davidson iteration 0.2 (tol=0.01689873015052178): -196.2905106994744 -194.5575247347482 -194.1865209716329
 Davidson iteration 0.3 (tol=0.003773140196473815): -196.2906416454145 -194.7643944394103 -194.2792473576754 -194.1731527396399
 Davidson iteration 0.4 (tol=0.0009237111433036095): -196.2906494259576 -195.151602874852 -194.4051325009851 -194.2447029285208
 Davidson iteration 0.5 (tol=0.0002295892860827551): -196.2906498987808 -195.4452309983388 -194.4992841342391 -194.3561630623483
 Davidson iteration 0.6 (tol=5.856612586956449e-05): -196.2906499263839 -195.5465229181598 -194.9098671540953 -194.4570451740566
 Davidson iteration 0.7 (tol=1.406013179516073e-05): -196.2906499281056 -195.5726232425604 -194.9460625458359 -194.8419026268495
 Davidson iteration 1.0 (tol=1.406013179439606e-05): -196.2906499281062
 Davidson iteration 1.1 (tol=3.93964896430495e-06): -196.2906499281997 -194.8971820830012
 Elapsed time for davidson 46.023792 (sec) 
 Elapsed time for diagonalization 46.02416299999999 (sec) 
 Elapsed time for mult 0.734155 (sec) 
 Energy = -196.2906499282
 Elapsed time for measurement 0.147835 (sec) 
 Sample-based diagonalization: Energy = -196.2906499282
 Sample-based diagonalization: density = [1.999979718420006,1.996471298741455,1.996935265683477,1.996258460787219,1.994061561494998,1.991424951720966,1.990509711467581,1.988900719939091,1.990675544192976,1.994811418504917,1.989665291363747,1.989885056506728,1.993442127611865,1.978315101679555,1.987756658916006,1.99038132202632,1.997732208681921,0.003929308969411066,0.02640351769221969,0.008981932096379104,0.01149025951494091,0.01440705050066876,0.009686770630580883,0.00429573104080006,0.007728232405042785,0.01115216828517765,0.01112049426584688,0.006500504989009821,0.01018403037233344,0.006913581320027893
 Sample-based diagonalization: carryover bitstrings = [], size = 0
