 Elapsed time for helper construction 0.5770609999999999 (sec) 
 Elapsed time for init 0.005203999999999999 (sec) 
 Elapsed time for makeQChamDiagTerms 2.548883 (sec) 
 Davidson iteration 0.0 (tol=0.5607783869270941): -123.3925864618899
 Davidson iteration 0.1 (tol=0.2078110681856724): -123.5206278086614 -121.218995280848
 Davidson iteration 0.2 (tol=0.07601415419515986): -123.534023215701 -121.7541439844 -120.760707918975
 Davidson iteration 0.3 (tol=0.02359080016362981): -123.5357915638963 -121.9477579755223 -120.7878825190386 -120.6009921514284
 Davidson iteration 0.4 (tol=0.009614990698099743): -123.5359641502416 -122.2565034040152 -121.1099856819292 -120.699987013712
 Davidson iteration 0.5 (tol=0.003397505094721257): -123.5359978712793 -122.6129643931009 -121.4333508827291 -121.0343347560362
 Davidson iteration 0.6 (tol=0.001110643615886244): -123.5360015245553 -122.7417070891589 -121.4873345992748 -121.3671799458197
 Davidson iteration 0.7 (tol=0.0004257582413156671): -123.5360018820762 -122.80984706693 -121.7412578895953 -121.3917740828857
 Davidson iteration 1.0 (tol=0.0004257582413170232): -123.5360018820757
 Davidson iteration 1.1 (tol=0.000179988433551236): -123.5360019248627 -120.3737342102184
 Davidson iteration 1.2 (tol=7.637036340815054e-05): -123.5360019361875 -122.2498598992102 -118.8645453196776
 Davidson iteration 1.3 (tol=3.25055434102226e-05): -123.536001937896 -122.7257293561942 -120.1993525118815 -117.6715280611681
 Davidson iteration 1.4 (tol=1.207252518912203e-05): -123.536001938208 -122.9114519914891 -120.4199311044216 -120.1945929450551
 Davidson iteration 1.5 (tol=4.909034802060695e-06): -123.5360019382611 -123.0447854832165 -121.7711283109991 -120.1968347207182
 Elapsed time for davidson 19.184966 (sec) 
 Elapsed time for diagonalization 19.185062 (sec) 
 Elapsed time for mult 0.6387619999999999 (sec) 
 Energy = -123.5360019382614
 Elapsed time for measurement 0.033227 (sec) 
 Sample-based diagonalization: Energy = -123.5360019382614
 Sample-based diagonalization: density = [1.999986880422956,1.9924493274268,1.988342296074191,1.98247132178157,1.983124121464738,1.977633657883099,1.983017896779492,1.981929852517959,1.981073023677865,1.97912003232142,0.05763612588049465,0.01990910740601037,0.01190965744935565,0.01908967175493342,0.01586595854839256,0.0152027844535266,0.01123828400452284
 Sample-based diagonalization: carryover bitstrings = [], size = 0
