 Elapsed time for helper construction 1.479978 (sec) 
 Elapsed time for init 0.04371 (sec) 
 Elapsed time for makeQChamDiagTerms 13.113394 (sec) 
 Davidson iteration 0.0 (tol=0.6683447062530368): -153.490766334161
 Davidson iteration 0.1 (tol=0.2630528229545818): -153.6790693975649 -151.4577229293395
 Davidson iteration 0.2 (tol=0.1056767446047735): -153.7002644715521 -151.8134295007561 -150.730817361915
 Davidson iteration 0.3 (tol=0.03286628658921255): -153.7038170051607 -152.0371236073043 -150.8596795691047 -150.546344604505
 Davidson iteration 0.4 (tol=0.01435092361767134): -153.7041966450783 -152.4026991495738 -151.1544486555535 -150.7364908061278
 Davidson iteration 0.5 (tol=0.005978610140219193): -153.7042711936052 -152.7981696308716 -151.4915746279821 -150.8570564103563
 Davidson iteration 0.6 (tol=0.002455675367640517): -153.7042837565698 -152.9582809574028 -151.7055921832362 -150.8795355105228
 Davidson iteration 0.7 (tol=0.0009973768406739371): -153.704286035925 -153.0397821930262 -152.0502058734294 -151.3490471430078
 Davidson iteration 1.0 (tol=0.0009973768406750729): -153.7042860359253
 Davidson iteration 1.1 (tol=0.0004476325193393815): -153.7042863599619 -151.4552877156984
 Davidson iteration 1.2 (tol=0.0002293415924400538): -153.7042864563288 -152.6681687990709 -150.7570938912655
 Davidson iteration 1.3 (tol=9.810942715360566e-05): -153.7042864748543 -152.97548193571 -150.8157815829836 -150.4101667838559
 Davidson iteration 1.4 (tol=4.109465078662557e-05): -153.7042864780983 -153.1019024349233 -151.0948378575429 -150.7421332982909
 Davidson iteration 1.5 (tol=1.760642503140068e-05): -153.7042864787638 -153.1898206275027 -152.1025826132164 -150.7956490425502
 Davidson iteration 1.6 (tol=7.23577677761877e-06): -153.7042864788687 -153.2301087808621 -152.4594234308992 -151.1594105634228
 Elapsed time for davidson 72.559376 (sec) 
 Elapsed time for diagonalization 72.559535 (sec) 
 Elapsed time for mult 2.065542 (sec) 
 Energy = -153.7042864788689
 Elapsed time for measurement 0.123266 (sec) 
 Sample-based diagonalization: Energy = -153.7042864788689
 Sample-based diagonalization: density = [1.999988915942745,1.990926501773542,1.990565510908519,1.989520000807394,1.985341132630111,1.979111066041653,1.986020563935015,1.985426968303731,1.986812464364651,1.988437784245631,1.961333236630417,1.986967107708235,1.935904448677543,0.09945469965543138,0.01974174007790749,0.009487916788383826,0.01610338428578776,0.01476840140201851,0.01301283052833094,0.01950416553679512,0.008125830788652606,0.01745178494642266,0.01599354355113132
 Sample-based diagonalization: carryover bitstrings = [], size = 0
