 Elapsed time for helper construction 0.54308 (sec) 
 Elapsed time for init 0.00552 (sec) 
 Elapsed time for makeQChamDiagTerms 2.837475 (sec) 
 Davidson iteration 0.0 (tol=0.5489640661655992): -147.2036345452956
 Davidson iteration 0.1 (tol=0.2422881065537581): -147.3363429359397 -145.3228448559533
 Davidson iteration 0.2 (tol=0.1112249710757074): -147.3543598341662 -145.7636847279827 -144.4201164505428
 Davidson iteration 0.3 (tol=0.04300451625966199): -147.3582793997381 -145.9828188502236 -144.7771862797369 -144.1440547000069
 Davidson iteration 0.4 (tol=0.01816037735483737): -147.3588070625932 -146.1971424758204 -145.1102253956429 -144.384666155128
 Davidson iteration 0.5 (tol=0.007132563020537969): -147.3589190106444 -146.4783951661528 -145.3497107171975 -144.6805382011177
 Davidson iteration 0.6 (tol=0.003450017276375516): -147.3589345943258 -146.6054473159001 -145.5219428849018 -144.6805808898076
 Davidson iteration 0.7 (tol=0.001436998873732174): -147.3589377208972 -146.6915964112488 -145.7729882374317 -144.9338563208619
 Davidson iteration 1.0 (tol=0.001436998873730848): -147.3589377208972
 Davidson iteration 1.1 (tol=0.0007466873888930856): -147.3589382770946 -145.1111405219099
 Davidson iteration 1.2 (tol=0.0003839593458892015): -147.3589384758188 -146.3153986759148 -142.7621673828147
 Davidson iteration 1.3 (tol=0.0001656931610201399): -147.3589385276326 -146.7026909781948 -144.4209486933094 -142.1223888472329
 Davidson iteration 1.4 (tol=7.367165033435831e-05): -147.3589385357433 -146.8512458128693 -144.5976816673987 -144.2184308717661
 Davidson iteration 1.5 (tol=3.0340819757282e-05): -147.3589385373904 -146.9097281559503 -145.17720119061 -144.4141461892011
 Davidson iteration 1.6 (tol=1.373386591633757e-05): -147.358938537687 -146.9491621172912 -145.790912216196 -144.8250506187231
 Davidson iteration 1.7 (tol=5.010624736667593e-06): -147.3589385377448 -146.9645890561831 -146.1350762881319 -144.8502707798862
 Elapsed time for davidson 24.751981 (sec) 
 Elapsed time for diagonalization 24.752118 (sec) 
 Elapsed time for mult 0.699958 (sec) 
 Energy = -147.3589385377456
 Elapsed time for measurement 0.036435 (sec) 
 Sample-based diagonalization: Energy = -147.3589385377456
 Sample-based diagonalization: density = [1.99999699607532,1.997328030507819,1.992243768979913,1.994325305956655,1.989101609196839,1.98512488422683,1.996179045708711,1.977281425510057,1.952075901673122,1.983327954494043,1.931180122911156,0.1133471076422649,0.01457823201774593,0.01100004419629393,0.01773457471714444,0.02329456070229908,0.02188043527716668
 Sample-based diagonalization: carryover bitstrings = [], size = 0
