 Elapsed time for helper construction 0.345558 (sec) 
 Elapsed time for init 0.004697 (sec) 
 Elapsed time for makeQChamDiagTerms 1.525271 (sec) 
 Davidson iteration 0.0 (tol=0.5300133366012807): -88.39609183332939
 Davidson iteration 0.1 (tol=0.1823317694771857): -88.52512874625565 -86.31522932900488
 Davidson iteration 0.2 (tol=0.04338849100599024): -88.53642879103568 -86.74400066120124 -85.30048448082415
 Davidson iteration 0.3 (tol=0.01145291095910819): -88.53697662121616 -86.84231202834133 -85.72336395307804 -85.034490083617
 Davidson iteration 0.4 (tol=0.003394712330693683): -88.53701677356555 -86.92146556494731 -86.10872510365166 -85.26174330888773
 Davidson iteration 0.5 (tol=0.001133755551780011): -88.53702029839202 -87.03012080992146 -86.46091958732903 -85.27327273467334
 Davidson iteration 0.6 (tol=0.0003232367549431104): -88.53702067295778 -87.12983997171602 -86.65211551831464 -85.68099348510438
 Davidson iteration 0.7 (tol=9.048530786727676e-05): -88.53702070434761 -87.18398455739869 -86.76941739010734 -85.98481676739843
 Davidson iteration 1.0 (tol=9.048530786724277e-05): -88.53702070434827
 Davidson iteration 1.1 (tol=3.212435869712285e-05): -88.5370207064619 -85.21454963487918
 Davidson iteration 1.2 (tol=1.118078247612136e-05): -88.53702070681715 -86.59566046439751 -84.17460804191592
 Davidson iteration 1.3 (tol=3.703150311040499e-06): -88.5370207068529 -87.02569420645307 -85.06674227002792 -83.6113776324452
 Elapsed time for davidson 10.587303 (sec) 
 Elapsed time for diagonalization 10.58739 (sec) 
 Elapsed time for mult 0.431598 (sec) 
 Energy = -88.53702070685176
 Elapsed time for measurement 0.021387 (sec) 
 Sample-based diagonalization: Energy = -88.53702070685176
 Sample-based diagonalization: density = [1.999966835078764,1.988534873751471,1.985243321847546,1.990724075866337,1.978763175563463,1.9787227295103,1.97636347365439,1.97583475844538,1.974697353850394,0.01535461067619625,0.02128549769415065,0.0228139587710989,0.01988328394196971,0.01505322722222556,0.02002543047357154,0.01710323082134573,0.01963016277278937
 Sample-based diagonalization: carryover bitstrings = [], size = 0
