 Elapsed time for helper construction 1.462308 (sec) 
 Elapsed time for init 0.022734 (sec) 
 Elapsed time for makeQChamDiagTerms 17.565541 (sec) 
 Davidson iteration 0.0 (tol=0.6436761814968242): -175.6352720585408
 Davidson iteration 0.1 (tol=0.1677747876977267): -175.8240204412217 -173.8200194647017
 Davidson iteration 0.2 (tol=0.05064119206744717): -175.8356765111587 -174.0713064358464 -173.7639599820055
 Davidson iteration 0.3 (tol=0.01230181527273853): -175.8367263252665 -174.1723554163006 -173.8120776766414 -173.657662318802
 Davidson iteration 0.4 (tol=0.004004219501623263): -175.8367880300343 -174.4133904028579 -173.8134656704496 -173.7370218603126
 Davidson iteration 0.5 (tol=0.00124622037337121): -175.8367953682318 -174.7076769933981 -173.8407925339577 -173.7511581391111
 Davidson iteration 0.6 (tol=0.0003649637756187657): -175.836796063732 -174.9030524762387 -173.9502475869659 -173.8210342635948
 Davidson iteration 0.7 (tol=0.0001271285178294777): -175.8367961270231 -175.0178812233698 -174.5567192511615 -173.9347363547526
 Davidson iteration 1.0 (tol=0.0001271285178227095): -175.8367961270242
 Davidson iteration 1.1 (tol=5.032315296741431e-05): -175.8367961344128 -174.2746116669567
 Davidson iteration 1.2 (tol=2.646011784784763e-05): -175.836796136618 -175.3128939068757 -173.7694769254731
 Davidson iteration 1.3 (tol=9.8165261285906e-06): -175.8367961369696 -175.4579451349246 -173.9954280262909 -173.6095034431334
 Elapsed time for davidson 52.563544 (sec) 
 Elapsed time for diagonalization 52.563854 (sec) 
 Elapsed time for mult 1.067755 (sec) 
 Energy = -175.8367961369676
 Elapsed time for measurement 0.143143 (sec) 
 Sample-based diagonalization: Energy = -175.8367961369676
 Sample-based diagonalization: density = [1.999979494439284,1.995599094638202,1.993920181734277,1.992617232431183,1.987962438814131,1.992209044562474,1.988923360801782,1.987679076628799,1.984289812353663,1.97936038573667,1.984486438014925,1.980327799554106,1.991968885608481,1.981989249804196,1.951711029954869,0.08111303486533206,0.01046807333076397,0.01159439229195973,0.00325254537715543,0.01332598296496812,0.01496370862933418,0.01304095541801805,0.01326819039107056,0.01403083795266126,0.01616235543691892,0.01575639793118354
 Sample-based diagonalization: carryover bitstrings = [], size = 0
