 Elapsed time for helper construction 0.278804 (sec) 
 Elapsed time for init 0.00534 (sec) 
 Elapsed time for makeQChamDiagTerms 0.796227 (sec) 
 Davidson iteration 0.0 (tol=0.5414215717824923): -151.6981860967821
 Davidson iteration 0.1 (tol=0.2340169178755096): -151.8206557359273 -149.7092579209322
 Davidson iteration 0.2 (tol=0.104056110063294): -151.8365640633306 -150.1511783440948 -148.789655434894
 Davidson iteration 0.3 (tol=0.0387215010915275): -151.839791053318 -150.3573051509722 -149.1697646265274 -148.4722215185478
 Davidson iteration 0.4 (tol=0.01551474996316195): -151.8401677450686 -150.5287008511326 -149.4988586230215 -148.7942556388631
 Davidson iteration 0.5 (tol=0.005574881486491082): -151.8402400288755 -150.7885797135486 -149.7016104152825 -149.1180605968356
 Davidson iteration 0.6 (tol=0.00254193642257663): -151.8402484207846 -150.9034139683551 -149.8636432904224 -149.1202099415342
 Davidson iteration 0.7 (tol=0.001011921844580188): -151.840250036186 -151.012184036333 -150.1907716841636 -149.3376071384379
 Davidson iteration 1.0 (tol=0.001011921844580114): -151.8402500361861
 Davidson iteration 1.1 (tol=0.0005272835051799423): -151.840250280444 -149.2043745053591
 Davidson iteration 1.2 (tol=0.0002579290345546149): -151.8402503646753 -150.7358068430509 -146.4825242228453
 Davidson iteration 1.3 (tol=0.0001137338230200986): -151.8402503856918 -151.2096533733695 -148.9210351023109 -145.0867112458019
 Davidson iteration 1.4 (tol=5.316366654368109e-05): -151.8402503888836 -151.3320409898498 -148.9233891755344 -148.4644466538016
 Davidson iteration 1.5 (tol=2.287961012811467e-05): -151.8402503896131 -151.4060856830292 -149.7846629220426 -148.9142731121775
 Davidson iteration 1.6 (tol=1.135358317415957e-05): -151.8402503897695 -151.474009997263 -150.5304212323785 -149.214719467757
 Davidson iteration 1.7 (tol=4.822746116147273e-06): -151.8402503898084 -151.5137694259307 -150.9422096682366 -149.2213362673337
 Elapsed time for davidson 7.829391999999999 (sec) 
 Elapsed time for diagonalization 7.82951 (sec) 
 Elapsed time for mult 0.264153 (sec) 
 Energy = -151.8402503898083
 Elapsed time for measurement 0.009986999999999999 (sec) 
 Sample-based diagonalization: Energy = -151.8402503898083
 Sample-based diagonalization: density = [1.999996529024393,1.998607608633387,1.992688998097472,1.991380536299163,1.990518742621512,1.986093308087811,1.994510503067398,1.972152280574575,1.976024479445987,1.979977893356749,1.946949495657549,0.0921224023586065,0.02400520246430118,0.01378256135664447,0.02346414261826125,0.01772531628323305
 Sample-based diagonalization: carryover bitstrings = [], size = 0
