 Elapsed time for helper construction 1.184911 (sec) 
 Elapsed time for init 0.045793 (sec) 
 Elapsed time for makeQChamDiagTerms 14.566226 (sec) 
 Davidson iteration 0.0 (tol=0.6311769160309175): -167.3236369063878
 Davidson iteration 0.1 (tol=0.1797442018319257): -167.4976829681623 -165.4899286418319
 Davidson iteration 0.2 (tol=0.05270027995929946): -167.5103591381667 -165.791232296624 -165.4090702618406
 Davidson iteration 0.3 (tol=0.01275672937971498): -167.511481601423 -165.7947374760563 -165.5684136571694 -165.3357028723289
 Davidson iteration 0.4 (tol=0.004509463404898157): -167.5115563386326 -166.2635925397362 -165.5863517136589 -165.3360712200422
 Davidson iteration 0.5 (tol=0.001449964827469642): -167.5115664249369 -166.5905199437819 -165.6148882858309 -165.4454360625359
 Davidson iteration 0.6 (tol=0.0004181137777514278): -167.5115674091169 -166.7612205969579 -165.8249894792206 -165.5712325929733
 Davidson iteration 0.7 (tol=0.0001306326431128475): -167.5115674788964 -166.7924466497923 -165.8865480348704 -165.7590370859261
 Davidson iteration 1.0 (tol=0.0001306326431140814): -167.5115674788957
 Davidson iteration 1.1 (tol=4.823194880678416e-05): -167.5115674856445 -165.860277446549
 Davidson iteration 1.2 (tol=1.632133059288947e-05): -167.5115674869526 -166.481338799749 -165.5171052628809
 Davidson iteration 1.3 (tol=5.800333395478194e-06): -167.5115674870904 -166.9034780324432 -165.6076129510276 -165.1755090256044
 Elapsed time for davidson 51.379123 (sec) 
 Elapsed time for diagonalization 51.381344 (sec) 
 Elapsed time for mult 1.284954 (sec) 
 Energy = -167.5115674870883
 Elapsed time for measurement 0.124605 (sec) 
 Sample-based diagonalization: Energy = -167.5115674870883
 Sample-based diagonalization: density = [1.999975536072956,1.994965801895287,1.995518166802103,1.992456028524169,1.988699720678014,1.990159094615194,1.988655900799125,1.986355124427396,1.983020497207164,1.982709853564291,1.980109152668661,1.996706458756645,1.990671081255211,1.932982789042962,0.08894139270715852,0.00480927119840598,0.01209196083447957,0.01069546586033728,0.003933173982519125,0.01226113869158935,0.01287588685032618,0.008727315701957918,0.01460732765352944,0.01553607404969697,0.01253578590372838
 Sample-based diagonalization: carryover bitstrings = [], size = 0
