 Elapsed time for helper construction 1.614696 (sec) 
 Elapsed time for init 0.056523 (sec) 
 Elapsed time for makeQChamDiagTerms 13.556193 (sec) 
 Davidson iteration 0.0 (tol=0.6598935990692539): -156.7340101242376
 Davidson iteration 0.1 (tol=0.2536423024046478): -156.9115743884564 -154.587463764869
 Davidson iteration 0.2 (tol=0.09961333553855667): -156.9304075383913 -154.9907764022977 -153.7928889710269
 Davidson iteration 0.3 (tol=0.03093687423771142): -156.9333420433446 -155.2443111383558 -153.9101642264283 -153.4882606824536
 Davidson iteration 0.4 (tol=0.01258661064980003): -156.9336323362659 -155.5355862455072 -154.2671660110915 -153.7912559011361
 Davidson iteration 0.5 (tol=0.004892094588791295): -156.9336865681927 -155.9356680910185 -154.6817958689504 -153.9048196656812
 Davidson iteration 0.6 (tol=0.001996155364246323): -156.9336943756585 -156.1125399319984 -154.8681733778501 -153.9810020251842
 Davidson iteration 0.7 (tol=0.0007817713316659319): -156.9336958032762 -156.2231646851492 -155.2128410640909 -154.4707513102334
 Davidson iteration 1.0 (tol=0.0007817713316588806): -156.9336958032773
 Davidson iteration 1.1 (tol=0.0003425531195159569): -156.9336959906782 -154.4610837845026
 Davidson iteration 1.2 (tol=0.0001782626165323885): -156.9336960424823 -155.8838303081711 -153.4133072428062
 Davidson iteration 1.3 (tol=7.395459368566297e-05): -156.9336960526363 -156.2275529385974 -153.7028159181469 -152.9069662797395
 Davidson iteration 1.4 (tol=2.98958907607101e-05): -156.9336960542885 -156.346755455312 -154.1553488528382 -153.5401257185008
 Davidson iteration 1.5 (tol=1.224149561983355e-05): -156.9336960546118 -156.4421960162187 -155.2296965530232 -153.5958528446275
 Davidson iteration 1.6 (tol=4.919880554758649e-06): -156.9336960546611 -156.4885292006 -155.6554712970517 -153.9358287350067
 Elapsed time for davidson 80.51553899999999 (sec) 
 Elapsed time for diagonalization 80.517134 (sec) 
 Elapsed time for mult 2.372553 (sec) 
 Energy = -156.9336960546597
 Elapsed time for measurement 0.128574 (sec) 
 Sample-based diagonalization: Energy = -156.9336960546597
 Sample-based diagonalization: density = [1.999987751889733,1.991899887835253,1.99138985662898,1.990903334375842,1.984503759694185,1.984621712389241,1.984059119266328,1.983781074123658,1.987723965115511,1.972199724523401,1.983244919504266,1.987372150095884,1.949258852052223,0.08323688568511488,0.01757892645525049,0.01815493933063569,0.01715736332774972,0.0138369749538069,0.01700025059301463,0.008984646624265201,0.01876887408654966,0.01433503087348749
 Sample-based diagonalization: carryover bitstrings = [], size = 0
