 Elapsed time for helper construction 1.311796 (sec) 
 Elapsed time for init 0.049924 (sec) 
 Elapsed time for makeQChamDiagTerms 13.261639 (sec) 
 Davidson iteration 0.0 (tol=0.6139324364930413): -125.6754076888551
 Davidson iteration 0.1 (tol=0.1119492764177457): -125.851345951937 -123.6213919097152
 Davidson iteration 0.2 (tol=0.01812875380072535): -125.8559941769963 -123.8414142527694 -123.2031591080218
 Davidson iteration 0.3 (tol=0.004322971073594133): -125.8561201893832 -123.976317845191 -123.5508359206626 -123.1391381689452
 Davidson iteration 0.4 (tol=0.001081457015815361): -125.8561277063136 -124.1958221559204 -123.669688474342 -123.3288810959562
 Davidson iteration 0.5 (tol=0.0002426289910011146): -125.8561281302803 -124.3667739280005 -123.7631926188031 -123.3292925702067
 Davidson iteration 0.6 (tol=5.368190616410343e-05): -125.8561281501474 -124.437848123818 -123.8515285980946 -123.4407587679459
 Davidson iteration 0.7 (tol=1.275395549656994e-05): -125.856128151113 -124.4607650720659 -123.9316075269592 -123.5219108127691
 Davidson iteration 1.0 (tol=1.275395549633612e-05): -125.8561281511137
 Davidson iteration 1.1 (tol=4.064808737273062e-06): -125.8561281511684 -123.2534112590618
 Elapsed time for davidson 43.84940599999999 (sec) 
 Elapsed time for diagonalization 43.849684 (sec) 
 Elapsed time for mult 1.636528 (sec) 
 Energy = -125.8561281511683
 Elapsed time for measurement 0.135496 (sec) 
 Sample-based diagonalization: Energy = -125.8561281511683
 Sample-based diagonalization: density = [1.999972693858183,1.991086657034884,1.990843360199855,1.987499162381391,1.989320371185686,1.983792025348178,1.982748773058512,1.985296511829036,1.9808080528637,1.979679255339621,1.980373223908491,1.979292129762841,0.01030334670423196,0.01859088920017684,0.01427952704840837,0.01483063609230241,0.01565624156685463,0.01473266627268233,0.01098888291784406,0.01478846629248362,0.013334219426125,0.01304199482244938,0.01434610447705613,0.01439480810010703
 Sample-based diagonalization: carryover bitstrings = [], size = 0
