"PluginInterface" error: Failure to initialize device 0: Error in cuDevicePrimaryCtxRetain: out of memory
"PluginInterface" error: Failure to initialize device 0: Error in cuDevicePrimaryCtxRetain: out of memory
"PluginInterface" error: Failure to initialize device 0: Error in cuDevicePrimaryCtxRetain: out of memory
"PluginInterface" error: Failure to initialize device 0: Error in cuDevicePrimaryCtxRetain: out of memory
"PluginInterface" error: Failure to initialize device 0: Error in cuDevicePrimaryCtxRetain: out of memory
"PluginInterface" error: Failure to initialize device 0: Error in cuDevicePrimaryCtxRetain: out of memory
"PluginInterface" error: Failure to initialize device 1: Error in cuDevicePrimaryCtxRetain: out of memory
"PluginInterface" error: Failure to initialize device 1: Error in cuDevicePrimaryCtxRetain: out of memory
"PluginInterface" error: Failure to initialize device 1: Error in cuDevicePrimaryCtxRetain: out of memory
"PluginInterface" error: Failure to initialize device 1: Error in cuDevicePrimaryCtxRetain: out of memory
"PluginInterface" error: Failure to initialize device 1: Error in cuDevicePrimaryCtxRetain: out of memory
"PluginInterface" error: Failure to initialize device 1: Error in cuDevicePrimaryCtxRetain: out of memory
"PluginInterface" error: Failure to initialize device 2: Error in cuDevicePrimaryCtxRetain: out of memory
"PluginInterface" error: Failure to initialize device 2: Error in cuDevicePrimaryCtxRetain: out of memory
"PluginInterface" error: Failure to initialize device 2: Error in cuDevicePrimaryCtxRetain: out of memory
"PluginInterface" error: Failure to initialize device 2: Error in cuDevicePrimaryCtxRetain: out of memory
"PluginInterface" error: Failure to initialize device 2: Error in cuDevicePrimaryCtxRetain: out of memory
"PluginInterface" error: Failure to initialize device 3: Error in cuDevicePrimaryCtxRetain: out of memory
"PluginInterface" error: Failure to initialize device 3: Error in cuDevicePrimaryCtxRetain: out of memory
"PluginInterface" error: Failure to initialize device 3: Error in cuDevicePrimaryCtxRetain: out of memory
"PluginInterface" error: Failure to initialize device 3: Error in cuDevicePrimaryCtxRetain: out of memory
"PluginInterface" error: Failure to initialize device 3: Error in cuDevicePrimaryCtxRetain: out of memory
"PluginInterface" error: Failure to initialize device 3: Error in cuDevicePrimaryCtxRetain: out of memory
 Elapsed time for helper construction 0.148952 (sec) 
 Elapsed time for init 0.001273 (sec) 
 Elapsed time for makeQChamDiagTerms 0.018219 (sec) 
 Davidson iteration 0.0 (tol=0.5973764375480283): -89.49871441158429
 Davidson iteration 0.1 (tol=0.2385260228034271): -89.6652310301189 -87.81314328887667
 Davidson iteration 0.2 (tol=0.06853789101199793): -89.68553676571703 -88.00827594872675 -86.96434233858463
 Davidson iteration 0.3 (tol=0.02130718761997461): -89.68704812733156 -88.2424506885238 -86.9864299525032 -86.83356522011239
 Davidson iteration 0.4 (tol=0.007562898260790354): -89.68719676239147 -88.44025166831098 -87.35376336708936 -86.94846226286677
 Davidson iteration 0.5 (tol=0.002531368266541829): -89.68721594304556 -88.58530854732651 -87.60882944740926 -86.97870300535658
 Davidson iteration 0.6 (tol=0.0008537766437077478): -89.68721790099248 -88.71265090468671 -87.78249924420832 -87.10195027356097
 Davidson iteration 0.7 (tol=0.0002695103254166845): -89.68721811461998 -88.80569526292105 -87.94479855379771 -87.36863486832152
 Davidson iteration 0.8 (tol=8.753111884856662e-05): -89.6872181372204 -88.83226852639211 -88.07414646755758 -87.43694070964881
 Davidson iteration 0.9 (tol=3.077941715594769e-05): -89.68721813977383 -88.8496913863069 -88.31119166822189 -87.63492151487728
 Davidson iteration 0.10 (tol=1.064949172991634e-05): -89.68721814008043 -88.85592576239985 -88.48790680714255 -87.80224889596541
 Davidson iteration 0.11 (tol=3.571591058709937e-06): -89.68721814011923 -88.87436190541963 -88.6704859217254 -87.95290354723551
 Davidson iteration 0.12 (tol=1.719393402639127e-06): -89.68721814012423 -88.94983268134541 -88.82731265805134 -88.22764295084707
 Davidson iteration 0.13 (tol=1.109683408513169e-06): -89.68721814012584 -89.26181892868252 -88.86847649878439 -88.53309546048955
 Davidson iteration 0.14 (tol=5.500201905947811e-07): -89.68721814012638 -89.42531885885026 -88.86919980344963 -88.62750672302518
 Davidson iteration 0.15 (tol=1.984739280814433e-07): -89.68721814012655 -89.46414953269033 -88.86998775895096 -88.71028967558583
 Davidson iteration 0.16 (tol=6.521482356330265e-08): -89.68721814012659 -89.47159270861651 -88.87245270294834 -88.74453069653487
 Davidson iteration 0.17 (tol=2.083017083486281e-08): -89.68721814012657 -89.47313547126696 -88.87373441134177 -88.77698609662113
 Davidson iteration 0.18 (tol=7.200908382930818e-09): -89.68721814012656 -89.4734507108042 -88.88645091743062 -88.78867981748617
 Elapsed time for davidson 13.666077 (sec) 
 Elapsed time for diagonalization 13.666101 (sec) 
 Elapsed time for mult 0.504849 (sec) 
 Energy = -89.68721814012562
 Elapsed time for measurement 0.021313 (sec) 
 Sample-based diagonalization: Energy = -89.68721814012562
 Sample-based diagonalization: density = [1.999965745777615,1.987690794925736,1.985472275919884,1.983832654939225,1.979198650025876,1.973896903849176,1.975619461689255,1.977909993054705,1.894601370783381,0.1071138178009769,0.01913153176005435,0.023486433702699,0.02287630714612092,0.02044202583433455,0.01977652090150506,0.01263309608120934,0.01635241580116246
 Sample-based diagonalization: carryover bitstrings = [], size = 0
