 Elapsed time for helper construction 0.6294149999999999 (sec) 
 Elapsed time for init 0.007837999999999999 (sec) 
 Elapsed time for makeQChamDiagTerms 3.800169 (sec) 
 Davidson iteration 0.0 (tol=0.5148487427694951): -123.5003486333469
 Davidson iteration 0.1 (tol=0.1585480738416819): -123.6117589835878 -121.4177589486373
 Davidson iteration 0.2 (tol=0.05058183681255356): -123.6209154423049 -121.9918310319881 -121.2362323790882
 Davidson iteration 0.3 (tol=0.01414692736208528): -123.6218092245898 -122.1418816225592 -121.3383350676265 -121.0531271357124
 Davidson iteration 0.4 (tol=0.005531722064489721): -123.6218827875453 -122.4429896629089 -121.4775079976414 -121.2899393431154
 Davidson iteration 0.5 (tol=0.001640171508076932): -123.6218955788032 -122.7793983481256 -121.6779269162574 -121.4484761329762
 Davidson iteration 0.6 (tol=0.0004703260731023111): -123.6218965613097 -122.8893126716574 -121.953071529801 -121.6033564445025
 Davidson iteration 0.7 (tol=0.0001530739805335468): -123.6218966354787 -122.9415272083952 -122.1720760909541 -121.6688703551549
 Davidson iteration 1.0 (tol=0.0001530739805325896): -123.6218966354788
 Davidson iteration 1.1 (tol=5.994980487386178e-05): -123.6218966430507 -121.7375326953649
 Davidson iteration 1.2 (tol=2.425115943587184e-05): -123.6218966448168 -122.772975024218 -120.3206938255144
 Davidson iteration 1.3 (tol=8.042068645904845e-06): -123.6218966450181 -123.0790772187116 -120.4899523484662 -120.2319849717447
 Elapsed time for davidson 22.777122 (sec) 
 Elapsed time for diagonalization 22.777234 (sec) 
 Elapsed time for mult 0.707523 (sec) 
 Energy = -123.6218966450179
 Elapsed time for measurement 0.05022099999999999 (sec) 
 Sample-based diagonalization: Energy = -123.6218966450179
 Sample-based diagonalization: density = [1.999991390916648,1.994948566480746,1.989936134615385,1.985330304600299,1.988594487615394,1.980444086132732,1.990270213498912,1.980061116199849,1.98283227830608,1.98154214089989,0.05119920677258692,0.009603269762366504,0.0146457412554593,0.01256153197819437,0.01479770557994328,0.01323660702130109,0.01000521812528946
 Sample-based diagonalization: carryover bitstrings = [], size = 0
