"PluginInterface" error: Failure to initialize device 0: Error in cuDevicePrimaryCtxRetain: out of memory
"PluginInterface" error: Failure to initialize device 0: Error in cuDevicePrimaryCtxRetain: out of memory
"PluginInterface" error: Failure to initialize device 0: Error in cuDevicePrimaryCtxRetain: out of memory
"PluginInterface" error: Failure to initialize device 0: Error in cuDevicePrimaryCtxRetain: out of memory
"PluginInterface" error: Failure to initialize device 0: Error in cuDevicePrimaryCtxRetain: out of memory
"PluginInterface" error: Failure to initialize device 0: Error in cuDevicePrimaryCtxRetain: out of memory
"PluginInterface" error: Failure to initialize device 1: Error in cuDevicePrimaryCtxRetain: out of memory
"PluginInterface" error: Failure to initialize device 1: Error in cuDevicePrimaryCtxRetain: out of memory
"PluginInterface" error: Failure to initialize device 1: Error in cuDevicePrimaryCtxRetain: out of memory
"PluginInterface" error: Failure to initialize device 1: Error in cuDevicePrimaryCtxRetain: out of memory
"PluginInterface" error: Failure to initialize device 1: Error in cuDevicePrimaryCtxRetain: out of memory
"PluginInterface" error: Failure to initialize device 1: Error in cuDevicePrimaryCtxRetain: out of memory
"PluginInterface" error: Failure to initialize device 2: Error in cuDevicePrimaryCtxRetain: out of memory
"PluginInterface" error: Failure to initialize device 2: Error in cuDevicePrimaryCtxRetain: out of memory
"PluginInterface" error: Failure to initialize device 2: Error in cuDevicePrimaryCtxRetain: out of memory
"PluginInterface" error: Failure to initialize device 2: Error in cuDevicePrimaryCtxRetain: out of memory
"PluginInterface" error: Failure to initialize device 2: Error in cuDevicePrimaryCtxRetain: out of memory
"PluginInterface" error: Failure to initialize device 2: Error in cuDevicePrimaryCtxRetain: out of memory
"PluginInterface" error: Failure to initialize device 3: Error in cuDevicePrimaryCtxRetain: out of memory
"PluginInterface" error: Failure to initialize device 3: Error in cuDevicePrimaryCtxRetain: out of memory
"PluginInterface" error: Failure to initialize device 3: Error in cuDevicePrimaryCtxRetain: out of memory
"PluginInterface" error: Failure to initialize device 3: Error in cuDevicePrimaryCtxRetain: out of memory
"PluginInterface" error: Failure to initialize device 3: Error in cuDevicePrimaryCtxRetain: out of memory
"PluginInterface" error: Failure to initialize device 3: Error in cuDevicePrimaryCtxRetain: out of memory
 Elapsed time for helper construction 0.118707 (sec) 
 Elapsed time for init 0.001434 (sec) 
 Elapsed time for makeQChamDiagTerms 0.018384 (sec) 
 Davidson iteration 0.0 (tol=0.6635552393053307): -185.2872649146444
 Davidson iteration 0.1 (tol=0.2534925261790621): -185.4849724261514 -183.5506041523084
 Davidson iteration 0.2 (tol=0.06496930591832881): -185.5096582662775 -183.7310428124432 -183.0396046088179
 Davidson iteration 0.3 (tol=0.01870714915494568): -185.5111740379157 -184.0163955896372 -183.1514412744468 -182.8147100970835
 Davidson iteration 0.4 (tol=0.006624682097463079): -185.5113093911463 -184.2797933311686 -183.387868287894 -183.0798584953548
 Davidson iteration 0.5 (tol=0.002062915261593759): -185.5113256726472 -184.4114042391877 -183.5206388374406 -183.1519325868937
 Davidson iteration 0.6 (tol=0.0006418487717604231): -185.5113271361195 -184.5244733904004 -183.6600162832459 -183.2074484479819
 Davidson iteration 0.7 (tol=0.0001896706462575514): -185.5113272791219 -184.6096780781486 -183.7427660428521 -183.322892410861
 Davidson iteration 0.8 (tol=5.764968698324404e-05): -185.5113272917652 -184.663827567176 -183.8841558180227 -183.447486925069
 Davidson iteration 0.9 (tol=1.905263225283625e-05): -185.5113272928569 -184.6908846321674 -184.0888909710795 -183.5718670470871
 Davidson iteration 0.10 (tol=6.105529414431761e-06): -185.5113272929761 -184.7016378219914 -184.250207579833 -183.6431165796642
 Davidson iteration 0.11 (tol=1.958859656840371e-06): -185.5113272929898 -184.7412755255447 -184.4820024693446 -183.7377833421497
 Davidson iteration 0.12 (tol=7.070957793828636e-07): -185.5113272929912 -184.7730090473165 -184.5781581672605 -183.8582755626522
 Davidson iteration 0.13 (tol=3.910366872303526e-07): -185.5113272929916 -184.918987206071 -184.6906798849521 -184.2594660629167
 Davidson iteration 0.14 (tol=2.227823494704983e-07): -185.5113272929916 -185.1625756886888 -184.7367032950128 -184.4792409979087
 Davidson iteration 0.15 (tol=9.931319996056581e-08): -185.5113272929916 -185.2550564935731 -184.7613830974072 -184.5800945481836
 Davidson iteration 0.16 (tol=3.42359883160532e-08): -185.5113272929918 -185.2769623562887 -184.7868517521359 -184.626641804943
 Davidson iteration 0.17 (tol=1.11429922501719e-08): -185.5113272929917 -185.2818650815356 -184.8112387402584 -184.647388188881
 Davidson iteration 0.18 (tol=3.511905093739293e-09): -185.5113272929916 -185.2829014149317 -184.8223868969583 -184.6546535145835
 Elapsed time for davidson 11.671616 (sec) 
 Elapsed time for diagonalization 11.671646 (sec) 
 Elapsed time for mult 0.381191 (sec) 
 Energy = -185.5113272929888
 Elapsed time for measurement 0.01279 (sec) 
 Sample-based diagonalization: Energy = -185.5113272929888
 Sample-based diagonalization: density = [1.99997248389627,1.999974982838953,1.999975781515944,1.98669765966119,1.984976694904586,1.980954013051744,1.979439145409568,1.977405579851164,1.975685564125953,1.975810581945299,1.974809814011427,1.896683729691973,0.1050702781926583,0.02248314964834603,0.02342375125632993,0.02140072906815149,0.0215981829414022,0.02107691631795153,0.01850184120153192,0.01670680811458864,0.0173523123510638
 Sample-based diagonalization: carryover bitstrings = [], size = 0
