 Elapsed time for helper construction 1.021684 (sec) 
 Elapsed time for init 0.039371 (sec) 
 Elapsed time for makeQChamDiagTerms 18.91327 (sec) 
 Davidson iteration 0.0 (tol=0.3207050013648212): -217.0120999122614
 Davidson iteration 0.1 (tol=0.04683683663177501): -217.0657908963002 -215.3182655053871
 Davidson iteration 0.2 (tol=0.009947834610545809): -217.0668818849589 -215.6619677149799 -215.280009761343
 Davidson iteration 0.3 (tol=0.003048498373903605): -217.0669449668527 -216.1048941694019 -215.4589304919124 -215.276420184231
 Davidson iteration 0.4 (tol=0.001513890579557343): -217.0669548484342 -216.6876636906985 -215.4906388207466 -215.3793775122709
 Davidson iteration 0.5 (tol=0.0005076119763125953): -217.0669563866773 -216.7932588228255 -215.5749521351234 -215.4533741517287
 Davidson iteration 0.6 (tol=0.000110888739871226): -217.0669565351346 -216.8185792480048 -215.8926497574919 -215.4559641537089
 Davidson iteration 0.7 (tol=2.776944438363605e-05): -217.066956542153 -216.8230440118847 -216.009898799435 -215.7124534716162
 Davidson iteration 1.0 (tol=2.776944438561066e-05): -217.0669565421549
 Davidson iteration 1.1 (tol=9.509836153900467e-06): -217.0669565426055 -215.7731877348618
 Elapsed time for davidson 42.492525 (sec) 
 Elapsed time for diagonalization 42.492684 (sec) 
 Elapsed time for mult 0.685093 (sec) 
 Energy = -217.0669565426033
 Elapsed time for measurement 0.125886 (sec) 
 Sample-based diagonalization: Energy = -217.0669565426033
 Sample-based diagonalization: density = [1.999997709701321,1.997967773397645,1.99964682350202,1.999126438679127,1.997814103992082,1.998617819388083,1.994955103982622,1.997175295215567,1.997687365245221,1.996645356392547,1.997886640685297,1.995263882044001,1.998177558953651,1.976589460043126,1.998337021301879,1.997093394363618,1.997299357674592,1.995001297198482,0.02699438546354036,0.000639750654465077,0.006843732373308277,0.006548938197089186,0.005449529304176652,0.005012716895275605,0.001041865387925506,0.001672027669624138,0.0001205133222716081,0.0004051425918886129,0.0009579047401559225,0.002862452184034696,0.006168639356837896
 Sample-based diagonalization: carryover bitstrings = [], size = 0
