 Elapsed time for helper construction 0.587615 (sec) 
 Elapsed time for init 0.004031 (sec) 
 Elapsed time for makeQChamDiagTerms 1.709246 (sec) 
 Davidson iteration 0.0 (tol=0.540657373745945): -153.8751579478551
 Davidson iteration 0.1 (tol=0.2266774403854017): -153.9952560781231 -151.797945327937
 Davidson iteration 0.2 (tol=0.09770065981271618): -154.0099162178462 -152.2685387163905 -150.7858668743853
 Davidson iteration 0.3 (tol=0.03558898955936343): -154.0127005788252 -152.5365899307936 -151.2305954291611 -150.4073465954778
 Davidson iteration 0.4 (tol=0.01375601492535821): -154.0130252842332 -152.7329478998295 -151.5595276061208 -150.7500472140637
 Davidson iteration 0.5 (tol=0.005134291374374228): -154.0130832531434 -153.0067080302898 -151.8801683067242 -151.0016695502905
 Davidson iteration 0.6 (tol=0.00230855505559753): -154.0130907131009 -153.1543001210322 -152.0784459452651 -151.0474885204081
 Davidson iteration 0.7 (tol=0.0009433811352965853): -154.0130923039853 -153.3090189139056 -152.4401751453294 -151.4402338956761
 Davidson iteration 1.0 (tol=0.0009433811352966658): -154.0130923039846
 Davidson iteration 1.1 (tol=0.0004645424818503154): -154.0130925308817 -151.414027752648
 Davidson iteration 1.2 (tol=0.0002300042803657271): -154.0130926048085 -152.8900938487379 -149.2089753393854
 Davidson iteration 1.3 (tol=9.643662060729193e-05): -154.0130926215151 -153.3584524146676 -150.8007176897811 -148.5487014699552
 Davidson iteration 1.4 (tol=3.960561551881588e-05): -154.0130926238417 -153.4688527537571 -150.8063494254901 -150.518244664227
 Davidson iteration 1.5 (tol=1.5686270853965e-05): -154.0130926242374 -153.5083545263294 -151.5877117788183 -150.8017227571738
 Davidson iteration 1.6 (tol=6.473061073924881e-06): -154.0130926243016 -153.5464684871261 -152.1942648611801 -151.1493969432151
 Elapsed time for davidson 15.040322 (sec) 
 Elapsed time for diagonalization 15.040422 (sec) 
 Elapsed time for mult 0.5424439999999999 (sec) 
 Energy = -154.0130926243023
 Elapsed time for measurement 0.024132 (sec) 
 Sample-based diagonalization: Energy = -154.0130926243023
 Sample-based diagonalization: density = [1.999996393452843,1.999238828066472,1.992836340362911,1.988560526817134,1.989552823586128,1.990094077457023,1.980320864071594,1.984468316429278,1.978814275326377,1.981155061887449,1.954017334595439,0.08564051100837099,0.01625612758641333,0.01598396334985168,0.002483914265702621,0.02377100824280418,0.01680963339195575
 Sample-based diagonalization: carryover bitstrings = [], size = 0
