 Elapsed time for helper construction 0.6309629999999999 (sec) 
 Elapsed time for init 0.019924 (sec) 
 Elapsed time for makeQChamDiagTerms 3.290627 (sec) 
 Davidson iteration 0.0 (tol=0.4967518881162155): -148.124225364102
 Davidson iteration 0.1 (tol=0.2043515248928796): -148.2361820931126 -146.2804303334754
 Davidson iteration 0.2 (tol=0.08444900104488259): -148.2498381913832 -146.7139770344068 -145.538393810324
 Davidson iteration 0.3 (tol=0.03061445925597015): -148.2523188439512 -146.92675994327 -145.85957788177 -145.4027156373755
 Davidson iteration 0.4 (tol=0.01154336481630547): -148.2526163837579 -147.1147179880161 -146.1741986660655 -145.626797377682
 Davidson iteration 0.5 (tol=0.004449087791743168): -148.252671424336 -147.421659879759 -146.426489010149 -145.9049151399581
 Davidson iteration 0.6 (tol=0.001944160375658613): -148.2526779848551 -147.5282856755641 -146.5641121819444 -145.9097035754322
 Davidson iteration 0.7 (tol=0.0007285341428104489): -148.2526792398511 -147.6165352382191 -146.9051292626405 -146.090988762933
 Davidson iteration 1.0 (tol=0.0007285341428105362): -148.2526792398517
 Davidson iteration 1.1 (tol=0.0003365962347894495): -148.2526794046794 -146.3607697859144
 Davidson iteration 1.2 (tol=0.000165938992623667): -148.2526794522192 -147.3422829227889 -145.0950664934514
 Davidson iteration 1.3 (tol=6.54621885261498e-05): -148.2526794626349 -147.6759233500899 -145.5269831337554 -144.6944531326549
 Davidson iteration 1.4 (tol=2.795227694963083e-05): -148.2526794641098 -147.8021424164943 -145.6915629617131 -145.5268045270908
 Davidson iteration 1.5 (tol=1.125748878320036e-05): -148.2526794643717 -147.8597756440426 -146.5118921928767 -145.541828704989
 Davidson iteration 1.6 (tol=4.617669678343333e-06): -148.2526794644138 -147.8951459234074 -146.9368975460844 -145.6905142132751
 Elapsed time for davidson 26.142037 (sec) 
 Elapsed time for diagonalization 26.143082 (sec) 
 Elapsed time for mult 0.847291 (sec) 
 Energy = -148.252679464414
 Elapsed time for measurement 0.041139 (sec) 
 Sample-based diagonalization: Energy = -148.252679464414
 Sample-based diagonalization: density = [1.999996900389079,1.998660863281363,1.993624515420163,1.994521375771565,1.995038903429568,1.99160738950189,1.989947522523613,1.981081162506559,1.967069462890189,1.983156136370146,1.939591220306415,0.0977386314527157,0.007182061758980802,0.0201044310572057,0.006593801384843169,0.01620145145232809,0.01788417027892656
 Sample-based diagonalization: carryover bitstrings = [], size = 0
