 Elapsed time for helper construction 1.16619 (sec) 
 Elapsed time for init 0.047449 (sec) 
 Elapsed time for makeQChamDiagTerms 15.906939 (sec) 
 Davidson iteration 0.0 (tol=0.6222712781605931): -176.3348030440053
 Davidson iteration 0.1 (tol=0.1572725025471837): -176.506454981921 -174.4918560499125
 Davidson iteration 0.2 (tol=0.0427667704954123): -176.5174525887992 -174.9478865264473 -174.4711153284343
 Davidson iteration 0.3 (tol=0.01007139174733821): -176.5182278529628 -174.9593010198587 -174.6284520329117 -174.4210645925681
 Davidson iteration 0.4 (tol=0.003570377672718129): -176.5182788701277 -175.4567157733033 -174.6284592528501 -174.5841624447662
 Davidson iteration 0.5 (tol=0.001051101657499105): -176.5182860577996 -175.6921260019168 -174.9712930152213 -174.6116854885111
 Davidson iteration 0.6 (tol=0.0002826069695086049): -176.5182866027819 -175.858837095395 -175.0484855973088 -174.7252866500271
 Davidson iteration 0.7 (tol=7.949056009104406e-05): -176.5182866364264 -175.9000828378535 -175.0572796089814 -174.9308309807994
 Davidson iteration 1.0 (tol=7.949056009104254e-05): -176.5182866364246
 Davidson iteration 1.1 (tol=2.84751228351723e-05): -176.5182866390636 -174.8464141066803
 Davidson iteration 1.2 (tol=8.882805936454423e-06): -176.5182866395114 -175.471761618634 -174.1139173589995
 Elapsed time for davidson 45.704921 (sec) 
 Elapsed time for diagonalization 45.706396 (sec) 
 Elapsed time for mult 1.305585 (sec) 
 Energy = -176.5182866395127
 Elapsed time for measurement 0.124802 (sec) 
 Sample-based diagonalization: Energy = -176.5182866395127
 Sample-based diagonalization: density = [1.999979530393313,1.995764957839714,1.994530987566486,1.992711483678919,1.992209464556961,1.99043512474527,1.98731910914449,1.985879663001783,1.984441188747464,1.986579223832951,1.981812644943681,1.98749973463652,1.994475799477373,1.992101208787212,1.945680252623324,0.07821321907753992,0.004649414592448905,0.01260105460189042,0.01389848996531357,0.0121426942821449,0.01499239040487237,0.01077919774771566,0.002956016571364945,0.01272472683016429,0.01401944701853801,0.01160297468937328
 Sample-based diagonalization: carryover bitstrings = [], size = 0
