 Elapsed time for helper construction 1.385439 (sec) 
 Elapsed time for init 0.020269 (sec) 
 Elapsed time for makeQChamDiagTerms 15.212694 (sec) 
 Davidson iteration 0.0 (tol=0.5896445409817559): -137.1508916298554
 Davidson iteration 0.1 (tol=0.1328907053283608): -137.3323241379103 -135.6741837648926
 Davidson iteration 0.2 (tol=0.03235710043619375): -137.3409450435585 -135.7617638280907 -135.673174867396
 Davidson iteration 0.3 (tol=0.007967298769224522): -137.3414732423714 -135.8934274482985 -135.7285151208021 -135.4946015467641
 Davidson iteration 0.4 (tol=0.00239364144930962): -137.3415109731352 -136.3154002737156 -135.729875846437 -135.5383660922276
 Davidson iteration 0.5 (tol=0.000702452861994629): -137.3415143627267 -136.5711883415781 -135.7463973527337 -135.719103656829
 Davidson iteration 0.6 (tol=0.0002020168507269979): -137.3415146294856 -136.6912982442314 -135.9656964114033 -135.7326082522913
 Davidson iteration 0.7 (tol=5.144933269901486e-05): -137.3415146502399 -136.7238648083781 -135.9724512693767 -135.9309839452219
 Davidson iteration 1.0 (tol=5.144933271191287e-05): -137.3415146502427
 Davidson iteration 1.1 (tol=1.739170037124262e-05): -137.341514651624 -136.0915702744914
 Davidson iteration 1.2 (tol=6.203648174271786e-06): -137.3415146518438 -136.4956114447948 -135.7984111060159
 Elapsed time for davidson 44.255649 (sec) 
 Elapsed time for diagonalization 44.255762 (sec) 
 Elapsed time for mult 0.9270269999999999 (sec) 
 Energy = -137.3415146518422
 Elapsed time for measurement 0.140068 (sec) 
 Sample-based diagonalization: Energy = -137.3415146518422
 Sample-based diagonalization: density = [1.999979491901601,1.995421983594878,1.993078769184936,1.992606212210657,1.993009870546174,1.989379265928162,1.98632402579596,1.991995322770154,1.983155277086056,1.982868927288689,1.969115782338744,1.955473187809678,1.933115873391722,0.07060431885910351,0.04104475461208392,0.03281736137951508,0.0124818135592397,0.009606513534015943,0.006223313433704508,0.01151402106744597,0.008455633622121241,0.009636772864301398,0.007098608546958205,0.009495832309850776,0.006863564639119255,0.008633501497241611
 Sample-based diagonalization: carryover bitstrings = [], size = 0
