 Elapsed time for helper construction 0.378912 (sec) 
 Elapsed time for init 0.005528 (sec) 
 Elapsed time for makeQChamDiagTerms 0.726483 (sec) 
 Davidson iteration 0.0 (tol=0.5419043225554245): -137.6252214360407
 Davidson iteration 0.1 (tol=0.2234586390274891): -137.7603082577415 -135.8701116886658
 Davidson iteration 0.2 (tol=0.09735494807284548): -137.7762860227027 -136.2180113573524 -135.0125959944238
 Davidson iteration 0.3 (tol=0.03204691899553114): -137.7794044377249 -136.3227164656529 -135.3672314965104 -134.930411506853
 Davidson iteration 0.4 (tol=0.01151654442619349): -137.7797286863987 -136.4966822716558 -135.5398357577376 -134.9317414959748
 Davidson iteration 0.5 (tol=0.003942745896441551): -137.7797675548985 -136.6775405176435 -135.7171909378435 -135.4430303771295
 Davidson iteration 0.6 (tol=0.001439472536562642): -137.7797723854303 -136.7578010197371 -135.8983514123626 -135.6207720777513
 Davidson iteration 0.7 (tol=0.0005509862329083882): -137.7797729371371 -136.8145562178057 -136.0008886475489 -135.6519865396388
 Davidson iteration 1.0 (tol=0.0005509862329099496): -137.7797729371351
 Davidson iteration 1.1 (tol=0.0002458446250694083): -137.7797730093398 -134.6905844444931
 Davidson iteration 1.2 (tol=9.479717765645562e-05): -137.779773030127 -136.2238373648867 -133.1425000383157
 Davidson iteration 1.3 (tol=3.789494530590384e-05): -137.7797730330472 -136.6579376979648 -134.9648162629796 -132.4606191113896
 Davidson iteration 1.4 (tol=1.342639236038135e-05): -137.7797730334563 -136.862849564839 -135.0433976467264 -134.6711786043423
 Davidson iteration 1.5 (tol=4.512674843480978e-06): -137.779773033511 -136.9381820334872 -135.2577501251789 -134.9959221103635
 Elapsed time for davidson 12.626655 (sec) 
 Elapsed time for diagonalization 12.626811 (sec) 
 Elapsed time for mult 0.377885 (sec) 
 Energy = -137.7797730335116
 Elapsed time for measurement 0.022176 (sec) 
 Sample-based diagonalization: Energy = -137.7797730335116
 Sample-based diagonalization: density = [1.999996857435532,1.999639877848515,1.992074549929757,1.98321971817146,1.982814710848701,1.986908804600461,1.996491069735519,1.977964169326691,1.895957958484147,1.984494776550877,0.1151627983752973,0.02432244774397727,0.007679391238585052,0.008435023467303283,0.02556706977275938,0.01927077643366074
 Sample-based diagonalization: carryover bitstrings = [], size = 0
