 Elapsed time for helper construction 0.961414 (sec) 
 Elapsed time for init 0.041232 (sec) 
 Elapsed time for makeQChamDiagTerms 19.054929 (sec) 
 Davidson iteration 0.0 (tol=0.366007127811654): -217.0120999122614
 Davidson iteration 0.1 (tol=0.04688240013466644): -217.0787587119227 -215.2537877132773
 Davidson iteration 0.2 (tol=0.009152007213999853): -217.0798742462941 -215.6467533993487 -215.2395297047431
 Davidson iteration 0.3 (tol=0.00259364833040052): -217.079926189548 -216.0219494206162 -215.5317844312066 -215.2388072678986
 Davidson iteration 0.4 (tol=0.001288711148999349): -217.0799324506819 -216.5979915195971 -215.6297614599349 -215.3348293851828
 Davidson iteration 0.5 (tol=0.0005296533417210421): -217.0799336707349 -216.7731189772572 -215.631280612603 -215.5168599542858
 Davidson iteration 0.6 (tol=0.0001370260529495182): -217.0799338392254 -216.8173728542068 -215.9000292054165 -215.5996914052415
 Davidson iteration 0.7 (tol=3.414373765226111e-05): -217.079933849627 -216.826123074102 -215.9978648189274 -215.823693518447
 Davidson iteration 1.0 (tol=3.414373765371586e-05): -217.0799338496286
 Davidson iteration 1.1 (tol=1.067550858697659e-05): -217.0799338502353 -215.628360285916
 Davidson iteration 1.2 (tol=3.11895923135325e-06): -217.0799338503122 -216.0046832685431 -215.3276646510324
 Elapsed time for davidson 45.35743799999999 (sec) 
 Elapsed time for diagonalization 45.359826 (sec) 
 Elapsed time for mult 0.953847 (sec) 
 Energy = -217.0799338503107
 Elapsed time for measurement 0.124176 (sec) 
 Sample-based diagonalization: Energy = -217.0799338503107
 Sample-based diagonalization: density = [1.999993759028847,1.997348901871354,1.998900623910989,1.997700188039235,1.998643783302384,1.996671820557071,1.994152813833961,1.997953530698262,1.994408202052243,1.996959315955427,1.996320917166863,1.99511170782363,1.998290960844685,1.976013039980326,1.996832237878997,1.995656946337684,1.997102744307026,1.996268440438877,0.02972036498970301,0.0007278869784870961,0.0095996150027174,0.003358835662772909,0.008556351617198922,0.00424067033707838,0.00237068246543029,0.002003216086110877,0.001000412056801678,0.001325704939183949,0.001857647424729874,0.004476896273329064,0.006431782027714583
 Sample-based diagonalization: carryover bitstrings = [], size = 0
