 Elapsed time for helper construction 1.486402 (sec) 
 Elapsed time for init 0.054586 (sec) 
 Elapsed time for makeQChamDiagTerms 14.963702 (sec) 
 Davidson iteration 0.0 (tol=0.6509070929253951): -138.0189806729588
 Davidson iteration 0.1 (tol=0.1771521784108611): -138.2091412263518 -135.9916703326954
 Davidson iteration 0.2 (tol=0.05089915454267701): -138.2200285321001 -136.2784465847282 -135.4917096600364
 Davidson iteration 0.3 (tol=0.0134784197886491): -138.2209303354282 -136.397312797985 -135.7107170021737 -135.4917016777524
 Davidson iteration 0.4 (tol=0.0042131477436008): -138.2210083032165 -136.7902902915394 -135.9365804263213 -135.7106523472874
 Davidson iteration 0.5 (tol=0.001349268521380531): -138.2210146853664 -137.0182447706013 -136.0810809204321 -135.7112708429495
 Davidson iteration 0.6 (tol=0.0003474833080114789): -138.2210153241165 -137.1100880417488 -136.2087722340223 -135.851214607334
 Davidson iteration 0.7 (tol=0.000101249939310553): -138.2210153718672 -137.2230664806446 -136.5314234911905 -136.0351948804053
 Davidson iteration 1.0 (tol=0.0001012499393117041): -138.2210153718676
 Davidson iteration 1.1 (tol=3.845119210212471e-05): -138.221015375689 -136.208284197489
 Davidson iteration 1.2 (tol=1.621117265232122e-05): -138.2210153765159 -137.3577814079944 -135.2602669857552
 Davidson iteration 1.3 (tol=6.051028370039198e-06): -138.2210153766227 -137.6468535824015 -135.5111336554763 -135.0899317785239
 Elapsed time for davidson 65.22254099999999 (sec) 
 Elapsed time for diagonalization 65.22258599999999 (sec) 
 Elapsed time for mult 2.004001 (sec) 
 Energy = -138.2210153766217
 Elapsed time for measurement 0.150004 (sec) 
 Sample-based diagonalization: Energy = -138.2210153766217
 Sample-based diagonalization: density = [1.999971778101863,1.993129311684014,1.990718863092367,1.988679429515653,1.98741695869195,1.983150533905955,1.983778937722626,1.983542116506239,1.976216254962079,1.983739595098314,1.958228376782827,1.981703276335282,1.989537045846173,0.04998483281203706,0.009805999024768971,0.02012964317716093,0.01857558330970941,0.02020395529006015,0.01264112218974912,0.0152568446509503,0.01481614422792826,0.01553000376624563,0.009822540729239649,0.01342085216201586
 Sample-based diagonalization: carryover bitstrings = [], size = 0
