"PluginInterface" error: Failure to initialize device 0: Error in cuDevicePrimaryCtxRetain: out of memory
"PluginInterface" error: Failure to initialize device 0: Error in cuDevicePrimaryCtxRetain: out of memory
"PluginInterface" error: Failure to initialize device 1: Error in cuDevicePrimaryCtxRetain: out of memory
"PluginInterface" error: Failure to initialize device 1: Error in cuDevicePrimaryCtxRetain: out of memory
"PluginInterface" error: Failure to initialize device 2: Error in cuDevicePrimaryCtxRetain: out of memory
"PluginInterface" error: Failure to initialize device 2: Error in cuDevicePrimaryCtxRetain: out of memory
"PluginInterface" error: Failure to initialize device 3: Error in cuDevicePrimaryCtxRetain: out of memory
"PluginInterface" error: Failure to initialize device 3: Error in cuDevicePrimaryCtxRetain: out of memory
 Elapsed time for helper construction 1.047 (sec) 
 Elapsed time for init 0.027152 (sec) 
 Elapsed time for makeQChamDiagTerms 0.434923 (sec) 
 Davidson iteration 0.0 (tol=0.7532095571192245): -304.3710965823321
 Davidson iteration 0.1 (tol=0.3584545195609923): -304.6107455808562 -302.4562082238753
 Davidson iteration 0.2 (tol=0.1709536793224254): -304.649727643746 -302.7973084180306 -301.538699883375
 Davidson iteration 0.3 (tol=0.06276817087904829): -304.6574892666376 -302.9476035265544 -301.7520883642635 -301.1772764164224
 Davidson iteration 0.4 (tol=0.02384628177526391): -304.6586201154814 -303.1669092472821 -301.8609185129704 -301.5343379264868
 Davidson iteration 0.5 (tol=0.01005258931475133): -304.6587765522692 -303.3913870144016 -302.3799664601067 -301.7101839609623
 Davidson iteration 0.6 (tol=0.0038805930828112): -304.65880852828 -303.5563724306984 -302.6422851505943 -301.869244223918
 Davidson iteration 0.7 (tol=0.001700518199531303): -304.658812899825 -303.7011823290089 -302.7752045940107 -302.0459855267352
 Davidson iteration 0.8 (tol=0.0006641578243925032): -304.6588136863497 -303.8199661242801 -302.9434531478398 -302.4915357173188
 Davidson iteration 0.9 (tol=0.0002560873295756426): -304.6588138233351 -303.8761060633513 -303.0904868499757 -302.55368978682
 Davidson iteration 0.10 (tol=0.0001104335945115906): -304.6588138442804 -303.9313942504025 -303.3042651121332 -302.7046385675504
 Davidson iteration 0.11 (tol=4.849546697253078e-05): -304.658813847813 -303.9720867306438 -303.4677970461265 -302.8320610191633
 Davidson iteration 0.12 (tol=1.941060452050975e-05): -304.6588138484211 -303.9990645170765 -303.5604916833901 -302.9178161525027
 Davidson iteration 0.13 (tol=7.947557935921033e-06): -304.6588138485331 -304.0427243584167 -303.6539772496728 -303.0266367488886
 Davidson iteration 0.14 (tol=3.62060510928807e-06): -304.6588138485537 -304.0769755042541 -303.7407903623412 -303.1752184960544
 Davidson iteration 0.15 (tol=1.669923024424891e-06): -304.6588138485571 -304.095171899467 -303.8047302854046 -303.3110219475747
 Davidson iteration 0.16 (tol=6.818607217092287e-07): -304.6588138485579 -304.1198830302756 -303.8480136858875 -303.4257992541912
 Davidson iteration 0.17 (tol=3.045134005792914e-07): -304.6588138485583 -304.1410141156718 -303.8773797069562 -303.564108632866
 Davidson iteration 0.18 (tol=1.372376506396461e-07): -304.6588138485581 -304.1513362030618 -303.9032217787776 -303.6745620739123
 Davidson iteration 0.19 (tol=5.379361378158221e-08): -304.658813848558 -304.1589416454736 -303.9212709332199 -303.7316878643353
 Davidson iteration 1.0 (tol=5.379361496572324e-08): -304.6588138485383
 Davidson iteration 1.1 (tol=2.444069761399277e-08): -304.6588138485383 -300.9038623833888
 Davidson iteration 1.2 (tol=1.109157776651215e-08): -304.6588138485383 -302.8770342779796 -299.075812571534
 Davidson iteration 1.3 (tol=4.477088190154833e-09): -304.6588138485383 -303.4750718586736 -300.6094793758455 -298.618660635569
 Elapsed time for davidson 125.481813 (sec) 
 Elapsed time for diagonalization 125.482292 (sec) 
 Elapsed time for mult 2.092199 (sec) 
 Energy = -304.6588138485374
 Elapsed time for measurement 0.31191 (sec) 
 Sample-based diagonalization: Energy = -304.6588138485374
 Sample-based diagonalization: density = [1.99999707355013,1.9999733169867,1.999968967893475,1.999968933380559,1.992128764998025,1.986014397282336,1.984991589452584,1.979365540868095,1.979556912639415,1.97078893243094,1.977888723303826,1.975976304176756,1.975961629189959,1.973664398106581,1.885171216116997,1.979827214922884,0.1231685163820378,0.03208365411290265,0.02577618815689126,0.0274207511428738,0.02178474106908525,0.01966895247799012,0.02298513987229087,0.01950500382336846,0.02346883614786549,0.02289430119526423
 Sample-based diagonalization: carryover bitstrings = [], size = 0
