 Elapsed time for helper construction 0.9364429999999999 (sec) 
 Elapsed time for init 0.034945 (sec) 
 Elapsed time for makeQChamDiagTerms 12.542107 (sec) 
 Davidson iteration 0.0 (tol=0.6059600256544772): -178.0282564472012
 Davidson iteration 0.1 (tol=0.1505383559015152): -178.1973247232977 -176.215061511694
 Davidson iteration 0.2 (tol=0.03996864277166917): -178.2073446404352 -176.584683381783 -176.1517569068953
 Davidson iteration 0.3 (tol=0.009322477484672706): -178.2080960354274 -176.6352965881367 -176.4362030876237 -176.1244697905754
 Davidson iteration 0.4 (tol=0.00307356766153143): -178.2081425268467 -177.1615876698827 -176.459035822536 -176.1334652487935
 Davidson iteration 0.5 (tol=0.001020509534581297): -178.2081472347114 -177.3343324090809 -176.6043353168257 -176.2644308857061
 Davidson iteration 0.6 (tol=0.0002674630413448032): -178.2081477298544 -177.4469626872621 -176.6449905444226 -176.4316539221902
 Davidson iteration 0.7 (tol=7.694060957574685e-05): -178.2081477623539 -177.501442585219 -176.6829726427112 -176.6140999558637
 Davidson iteration 1.0 (tol=7.694060958037487e-05): -178.2081477623541
 Davidson iteration 1.1 (tol=2.826167284447935e-05): -178.2081477649741 -176.5834181741692
 Davidson iteration 1.2 (tol=1.023996132132503e-05): -178.2081477654854 -177.4085732311172 -175.8991928333654
 Davidson iteration 1.3 (tol=3.613308885701146e-06): -178.2081477655399 -177.6956903731116 -176.0829960046977 -175.8931899254776
 Elapsed time for davidson 39.764563 (sec) 
 Elapsed time for diagonalization 39.764818 (sec) 
 Elapsed time for mult 1.121339 (sec) 
 Energy = -178.2081477655412
 Elapsed time for measurement 0.096524 (sec) 
 Sample-based diagonalization: Energy = -178.2081477655412
 Sample-based diagonalization: density = [1.999983981038584,1.99652647979984,1.994150679210613,1.99277388476088,1.992815882770386,1.994670826582151,1.990058417110276,1.991403477007818,1.985086621437914,1.983081051049608,1.985184292130367,1.969667216292793,1.99623990998374,1.990790080795158,1.946984227328463,0.08429877189836263,0.004340998112564967,0.00867347438813113,0.01464291197421301,0.004931095454641587,0.009385936755276308,0.00963590729925809,0.01435547018371849,0.01126912386066527,0.0134849601371038,0.01556432235663013
 Sample-based diagonalization: carryover bitstrings = [], size = 0
