 Elapsed time for helper construction 0.6387619999999999 (sec) 
 Elapsed time for init 0.018275 (sec) 
 Elapsed time for makeQChamDiagTerms 3.288012 (sec) 
 Davidson iteration 0.0 (tol=0.5338220494926608): -148.1207238072936
 Davidson iteration 0.1 (tol=0.2258832694139221): -148.2461538006681 -146.2560942046933
 Davidson iteration 0.2 (tol=0.09761794629087664): -148.262565724367 -146.694835406086 -145.5305259456228
 Davidson iteration 0.3 (tol=0.03654216395491627): -148.2657848107198 -146.8890437668093 -145.7950477312115 -145.3396117455438
 Davidson iteration 0.4 (tol=0.01452612681976416): -148.2661684599168 -147.0670267855324 -146.1075577230987 -145.5862898181225
 Davidson iteration 0.5 (tol=0.005304294942463139): -148.266244319996 -147.3552853370215 -146.2484450413612 -145.8865618487055
 Davidson iteration 0.6 (tol=0.00228014840935062): -148.2662530917324 -147.4756647923584 -146.3982458186141 -145.8950218410134
 Davidson iteration 0.7 (tol=0.0008869050519081178): -148.2662546499439 -147.556428750314 -146.6947443598822 -146.0143849618573
 Davidson iteration 1.0 (tol=0.0008869050519110232): -148.2662546499432
 Davidson iteration 1.1 (tol=0.0004301297948187324): -148.2662548600774 -145.7282502129657
 Davidson iteration 1.2 (tol=0.0002046506737948133): -148.2662549214572 -147.1577053607202 -143.6278857701064
 Davidson iteration 1.3 (tol=8.524972994240789e-05): -148.2662549351631 -147.6051668568396 -145.4133031279194 -142.1071631526859
 Davidson iteration 1.4 (tol=3.927402834573576e-05): -148.2662549374379 -147.7606661166986 -145.6848945452636 -145.4115605495854
 Davidson iteration 1.5 (tol=1.821558508011034e-05): -148.266254937968 -147.8803951685245 -146.6263715819522 -145.415511755021
 Davidson iteration 1.6 (tol=9.520264825980088e-06): -148.2662549380879 -147.9516261169307 -147.1642665788488 -145.812433982179
 Elapsed time for davidson 25.177259 (sec) 
 Elapsed time for diagonalization 25.177383 (sec) 
 Elapsed time for mult 0.763174 (sec) 
 Energy = -148.2662549380873
 Elapsed time for measurement 0.038038 (sec) 
 Sample-based diagonalization: Energy = -148.2662549380873
 Sample-based diagonalization: density = [1.999997230754514,1.997632298943133,1.992598900655445,1.992961025343814,1.990547913867805,1.985602761782805,1.990750906973973,1.975288709985563,1.972770502218359,1.984286349596276,1.932159024874348,0.1083268748654088,0.01487155350299441,0.01648413892812101,0.005387962998983479,0.002153737405995706,0.02047788672110043,0.01770222040730666
 Sample-based diagonalization: carryover bitstrings = [], size = 0
