 Elapsed time for helper construction 0.376507 (sec) 
 Elapsed time for init 0.006202 (sec) 
 Elapsed time for makeQChamDiagTerms 0.8623759999999999 (sec) 
 Davidson iteration 0.0 (tol=0.6155223530173738): -92.0105260174781
 Davidson iteration 0.1 (tol=0.2733759475521544): -92.18131356183952 -90.18337772292189
 Davidson iteration 0.2 (tol=0.1239792551636814): -92.2044424043018 -90.52122798471538 -89.14220854000773
 Davidson iteration 0.3 (tol=0.04755214017768562): -92.20861125656029 -90.63453646593148 -89.41834313472586 -88.82612075851107
 Davidson iteration 0.4 (tol=0.01785227321237217): -92.2092157826356 -90.78828844664596 -89.63678021687541 -88.89133563359661
 Davidson iteration 0.5 (tol=0.006825159313349233): -92.20929066458035 -90.9198405085353 -89.87595610874907 -89.35620287389655
 Davidson iteration 0.6 (tol=0.002723113443753125): -92.20930314751587 -91.01964816214006 -90.09341137576179 -89.35850575307985
 Davidson iteration 0.7 (tol=0.001040510182513868): -92.20930488008386 -91.10230468770264 -90.26456078463785 -89.44757017244108
 Davidson iteration 1.0 (tol=0.001040510182512806): -92.20930488008312
 Davidson iteration 1.1 (tol=0.0004702708049406959): -92.20930512923667 -89.27780571245371
 Davidson iteration 1.2 (tol=0.0001979553240225677): -92.20930519741454 -90.51890463685277 -87.637565398951
 Davidson iteration 1.3 (tol=8.96004125308732e-05): -92.20930520890167 -91.00342476741582 -88.9615836895897 -87.04981566472598
 Davidson iteration 1.4 (tol=3.370074486253622e-05): -92.20930521087762 -91.25130970625558 -89.00266840740368 -88.25822510563016
 Davidson iteration 1.5 (tol=1.233160220613261e-05): -92.20930521118326 -91.36120879056142 -89.39830727449998 -88.85592670391181
 Davidson iteration 1.6 (tol=4.982633504727371e-06): -92.2093052112247 -91.38666563518233 -90.15407647322922 -89.3867947709243
 Elapsed time for davidson 17.536891 (sec) 
 Elapsed time for diagonalization 17.536962 (sec) 
 Elapsed time for mult 0.544003 (sec) 
 Energy = -92.20930521122581
 Elapsed time for measurement 0.02473 (sec) 
 Sample-based diagonalization: Energy = -92.20930521122581
 Sample-based diagonalization: density = [1.999965922992554,1.987141423324136,1.984899972054817,1.978826799203369,1.978771575349928,1.970810518630096,1.975439868679798,1.892578504967875,1.982822529365873,0.1129242453163683,0.02499735891431237,0.02674453626571729,0.02336504927424199,0.02018808994788359,0.02039230710231783,0.02013129857734149
 Sample-based diagonalization: carryover bitstrings = [], size = 0
