 Elapsed time for helper construction 1.445449 (sec) 
 Elapsed time for init 0.013185 (sec) 
 Elapsed time for makeQChamDiagTerms 10.438256 (sec) 
 Davidson iteration 0.0 (tol=0.65865814463505): -152.1394095016954
 Davidson iteration 0.1 (tol=0.2041817303472961): -152.3264878726004 -150.079564508763
 Davidson iteration 0.2 (tol=0.06828422230543563): -152.3408223647392 -150.4614088497262 -149.6662743062008
 Davidson iteration 0.3 (tol=0.01704854240308074): -152.3424351077862 -150.6576884746341 -149.6790569869155 -149.5328875905578
 Davidson iteration 0.4 (tol=0.005780919322288224): -152.342544721808 -150.9804031110548 -149.9278707511265 -149.6161057638909
 Davidson iteration 0.5 (tol=0.002020550008010539): -152.3425577652167 -151.3420387126112 -150.174605125999 -149.6778541088902
 Davidson iteration 0.6 (tol=0.0007239990496942356): -152.3425592971959 -151.5189579376264 -150.3738282127726 -149.6970668077871
 Davidson iteration 0.7 (tol=0.0002926886473954484): -152.3425595140583 -151.6557076257675 -150.8253535318634 -150.0460138855027
 Davidson iteration 1.0 (tol=0.0002926886474027116): -152.3425595140633
 Davidson iteration 1.1 (tol=0.0001166948789113081): -152.3425595433377 -150.0330383629176
 Davidson iteration 1.2 (tol=5.67069044590901e-05): -152.3425595513739 -151.4641280159373 -149.5093401100897
 Davidson iteration 1.3 (tol=2.017465718078227e-05): -152.3425595526229 -151.7366267167208 -149.537701759839 -149.3941558964942
 Davidson iteration 1.4 (tol=7.011926226493222e-06): -152.3425595527792 -151.8208326527933 -150.0318764227804 -149.5360722040255
 Elapsed time for davidson 42.997892 (sec) 
 Elapsed time for diagonalization 42.998233 (sec) 
 Elapsed time for mult 1.084141 (sec) 
 Energy = -152.3425595527755
 Elapsed time for measurement 0.097146 (sec) 
 Sample-based diagonalization: Energy = -152.3425595527755
 Sample-based diagonalization: density = [1.999989287589557,1.991758332637889,1.99073047822437,1.98935203813216,1.985942255256167,1.981107424381439,1.981263741643437,1.983805862556658,1.980005089768429,1.964714834758854,1.986226425178345,1.962720635394174,1.998498650424532,0.0707427083964811,0.02101030244085032,0.01847158641554755,0.01811078705860272,0.01729302942429552,0.01570600666357228,0.01282652044978414,0.01708939589366593,0.01263460693390572
 Sample-based diagonalization: carryover bitstrings = [], size = 0
