 Elapsed time for helper construction 0.471725 (sec) 
 Elapsed time for init 0.013327 (sec) 
 Elapsed time for makeQChamDiagTerms 0.942997 (sec) 
 Davidson iteration 0.0 (tol=0.6159503345251875): -92.0105260174781
 Davidson iteration 0.1 (tol=0.2763907897228419): -92.18142743852076 -90.18185828244319
 Davidson iteration 0.2 (tol=0.1266679422173708): -92.2048874936776 -90.52253083479981 -89.11432431845908
 Davidson iteration 0.3 (tol=0.04997739079651756): -92.20916729523132 -90.63607225851796 -89.40220765509144 -88.76650775857964
 Davidson iteration 0.4 (tol=0.01894386370751739): -92.20981440126532 -90.78188623900422 -89.63212629254862 -88.83980445227915
 Davidson iteration 0.5 (tol=0.007319925121304784): -92.20989621660179 -90.90523015117809 -89.85469589721362 -89.3092991380455
 Davidson iteration 0.6 (tol=0.002939603984781292): -92.20991023121529 -91.00359506292449 -90.07837034681394 -89.30964059839106
 Davidson iteration 0.7 (tol=0.001139983895845422): -92.20991219440801 -91.08564876207726 -90.25148196687532 -89.43449926312222
 Davidson iteration 1.0 (tol=0.001139983895845073): -92.20991219440889
 Davidson iteration 1.1 (tol=0.0005195473615069448): -92.20991248402639 -89.17168918931823
 Davidson iteration 1.2 (tol=0.0002185730827403836): -92.20991256460701 -90.46798408556005 -87.46553236944135
 Davidson iteration 1.3 (tol=9.986617555472264e-05): -92.20991257827787 -90.97202671744833 -88.88687934957127 -86.84065051648219
 Davidson iteration 1.4 (tol=3.817362534947721e-05): -92.2099125806764 -91.22927224330405 -88.9402053053567 -88.11143181439587
 Davidson iteration 1.5 (tol=1.419007898159487e-05): -92.20991258105663 -91.34524500587094 -89.35757886841515 -88.76183981227381
 Davidson iteration 1.6 (tol=5.731415493553585e-06): -92.20991258111063 -91.37320668182041 -90.11653766802297 -89.35016115593844
 Elapsed time for davidson 20.247238 (sec) 
 Elapsed time for diagonalization 20.247417 (sec) 
 Elapsed time for mult 0.748417 (sec) 
 Energy = -92.20991258111023
 Elapsed time for measurement 0.06271299999999999 (sec) 
 Sample-based diagonalization: Energy = -92.20991258111023
 Sample-based diagonalization: density = [1.999965831240229,1.987059630985859,1.984658940688574,1.978571251247129,1.978624825147087,1.970534069321017,1.975219469351763,1.89240844845452,1.982725905015132,0.1131204975580479,0.02520846494058358,0.02695728611705728,0.02365080945422653,0.02038260518210184,0.02060028436095772,0.02031168090019951
 Sample-based diagonalization: carryover bitstrings = [], size = 0
