 Elapsed time for helper construction 0.34446 (sec) 
 Elapsed time for init 0.004134 (sec) 
 Elapsed time for makeQChamDiagTerms 0.757402 (sec) 
 Davidson iteration 0.0 (tol=0.6144538801555364): -92.10999528435322
 Davidson iteration 0.1 (tol=0.2735944518852955): -92.27941070327294 -90.25756884980913
 Davidson iteration 0.2 (tol=0.1253855715256861): -92.3022453611996 -90.60770551174271 -89.17888303594772
 Davidson iteration 0.3 (tol=0.04910060602030419): -92.30645157192393 -90.72629992505783 -89.47410905521591 -88.82886568426866
 Davidson iteration 0.4 (tol=0.01856572629345534): -92.30707684401473 -90.87084127044089 -89.71671703977708 -88.91166036931897
 Davidson iteration 0.5 (tol=0.007059759170004057): -92.30715562487448 -90.98941548557403 -89.93630359183737 -89.37172769856645
 Davidson iteration 0.6 (tol=0.002826954323865154): -92.30716851963113 -91.08118264823293 -90.16020448217635 -89.37284172578327
 Davidson iteration 0.7 (tol=0.001067474566283562): -92.30717035598271 -91.1593994777171 -90.34180219496355 -89.49954394304117
 Davidson iteration 1.0 (tol=0.001067474566282601): -92.30717035598148
 Davidson iteration 1.1 (tol=0.0004845412067272822): -92.3071706189133 -89.37087085687091
 Davidson iteration 1.2 (tol=0.0002058906593122758): -92.30717069008135 -90.56546518879914 -87.77942671727651
 Davidson iteration 1.3 (tol=9.263967948948922e-05): -92.30717070224443 -91.07119492715086 -89.03488986205006 -87.1102335175737
 Davidson iteration 1.4 (tol=3.547761944404468e-05): -92.30717070431875 -91.31922078815234 -89.08542752970557 -88.2652047818831
 Davidson iteration 1.5 (tol=1.328541377740822e-05): -92.30717070465302 -91.43330092302629 -89.45963203764416 -88.94765360684094
 Davidson iteration 1.6 (tol=5.443587937784562e-06): -92.30717070470109 -91.46441857476903 -90.29782460655795 -89.44454626539462
 Elapsed time for davidson 15.747501 (sec) 
 Elapsed time for diagonalization 15.747736 (sec) 
 Elapsed time for mult 0.5080979999999999 (sec) 
 Energy = -92.30717070470116
 Elapsed time for measurement 0.019626 (sec) 
 Sample-based diagonalization: Energy = -92.30717070470116
 Sample-based diagonalization: density = [1.999966429350986,1.987419275380759,1.984645192054514,1.979115431390083,1.978703743851975,1.970174677390313,1.975395554114418,1.89732995279766,1.982330137450998,0.1084095197290626,0.02499006610626058,0.02686954264525182,0.02374565066982053,0.02066929407217662,0.02075021257473649,0.01948532039184107
 Sample-based diagonalization: carryover bitstrings = [], size = 0
