 Elapsed time for helper construction 1.471276 (sec) 
 Elapsed time for init 0.024012 (sec) 
 Elapsed time for makeQChamDiagTerms 16.96446 (sec) 
 Davidson iteration 0.0 (tol=0.640653335359911): -151.5967512526693
 Davidson iteration 0.1 (tol=0.1573746268300067): -151.7801650850506 -149.6342221323125
 Davidson iteration 0.2 (tol=0.04227539821554491): -151.789785259102 -149.9740974416123 -149.5120845673079
 Davidson iteration 0.3 (tol=0.01177672270425138): -151.7904894428495 -150.0930407911689 -149.71587676502 -149.512065826683
 Davidson iteration 0.4 (tol=0.003734486761265927): -151.7905579100614 -150.6234902289748 -149.7665905977312 -149.588510551771
 Davidson iteration 0.5 (tol=0.00133689171323131): -151.7905647864864 -151.0240327653508 -149.8377975676337 -149.7048042299573
 Davidson iteration 0.6 (tol=0.0004374249359707251): -151.7905655960949 -151.1418266767512 -150.1777570196395 -149.7195594837216
 Davidson iteration 0.7 (tol=0.0001635359471392405): -151.7905656896617 -151.2343114876348 -150.5127211301117 -149.9811551260242
 Davidson iteration 1.0 (tol=0.0001635359471368903): -151.7905656896605
 Davidson iteration 1.1 (tol=7.542990548030861e-05): -151.7905657025166 -150.4615789911043
 Davidson iteration 1.2 (tol=4.207898414310537e-05): -151.790565707299 -151.3281790380318 -149.3572997458485
 Davidson iteration 1.3 (tol=1.370003803743793e-05): -151.7905657080325 -151.4562889427505 -149.4175447658881 -148.9831222165972
 Davidson iteration 1.4 (tol=4.291736763628089e-06): -151.7905657081146 -151.4804941525993 -150.0163968808499 -149.3683107812581
 Elapsed time for davidson 58.808452 (sec) 
 Elapsed time for diagonalization 58.808709 (sec) 
 Elapsed time for mult 1.410147 (sec) 
 Energy = -151.7905657081195
 Elapsed time for measurement 0.148138 (sec) 
 Sample-based diagonalization: Energy = -151.7905657081195
 Sample-based diagonalization: density = [1.999973066596661,1.994326703493426,1.991879246419276,1.988444519624184,1.987457293942434,1.986587401551376,1.984912249172468,1.983209089862584,1.991726887233461,1.980308666396157,1.95524344888717,1.991277256577529,1.988120875111632,1.985676321973738,0.0513036244552132,0.01141854638512132,0.02158490515595466,0.02034453208121657,0.01078388722964487,0.01725275217934061,0.01019043706035894,0.008450933782522563,0.01413552873067647,0.01111018098205826,0.01428164469040639
 Sample-based diagonalization: carryover bitstrings = [], size = 0
