 Elapsed time for helper construction 0.452132 (sec) 
 Elapsed time for init 0.012255 (sec) 
 Elapsed time for makeQChamDiagTerms 1.059947 (sec) 
 Davidson iteration 0.0 (tol=0.6147908953163237): -92.07160153296016
 Davidson iteration 0.1 (tol=0.271936673678296): -92.24155630072445 -90.22834377745239
 Davidson iteration 0.2 (tol=0.1238490556507843): -92.26424874679026 -90.57122530183754 -89.16998060379446
 Davidson iteration 0.3 (tol=0.0474933114825211): -92.26837179141954 -90.68852948867627 -89.45238235587577 -88.82737973611678
 Davidson iteration 0.4 (tol=0.0180116186387789): -92.26896062246641 -90.8369310127144 -89.67723974944515 -88.91697928797528
 Davidson iteration 0.5 (tol=0.006896733044349547): -92.26903603104762 -90.9678386586568 -89.91724697606287 -89.3822385622458
 Davidson iteration 0.6 (tol=0.002775683235559984): -92.26904854414975 -91.06956243894521 -90.14718215058633 -89.38291813213448
 Davidson iteration 0.7 (tol=0.001049573704905391): -92.26905031020569 -91.14965384672152 -90.31824170977309 -89.47619268356821
 Davidson iteration 1.0 (tol=0.001049573704893052): -92.26905031020387
 Davidson iteration 1.1 (tol=0.0004743304735286599): -92.26905056072374 -89.29166395643374
 Davidson iteration 1.2 (tol=0.0002013213101667549): -92.26905062868421 -90.53897665493571 -87.63560104349176
 Davidson iteration 1.3 (tol=9.049287996301246e-05): -92.2690506403566 -91.0444194046557 -88.96526856836694 -86.97856916912501
 Davidson iteration 1.4 (tol=3.476954628610887e-05): -92.26905064233829 -91.29523188189748 -89.024355178809 -88.2382337920986
 Davidson iteration 1.5 (tol=1.265846981832834e-05): -92.26905064265299 -91.40542640152023 -89.41828412908959 -88.84904863387494
 Davidson iteration 1.6 (tol=5.108083803859757e-06): -92.26905064269613 -91.43161320044615 -90.22377408234964 -89.41130808498119
 Elapsed time for davidson 23.946599 (sec) 
 Elapsed time for diagonalization 23.946743 (sec) 
 Elapsed time for mult 0.8864299999999999 (sec) 
 Energy = -92.26905064269636
 Elapsed time for measurement 0.051945 (sec) 
 Sample-based diagonalization: Energy = -92.26905064269636
 Sample-based diagonalization: density = [1.999965841942845,1.987376455318629,1.984823065178725,1.979271533767846,1.978743210684818,1.970470378621966,1.975646565574978,1.895775716422173,1.982588886468637,0.1099613888553133,0.0248627722789112,0.02659917944022061,0.02351320803118277,0.02026514915089783,0.02045278616153395,0.01968386204983856
 Sample-based diagonalization: carryover bitstrings = [], size = 0
