 Elapsed time for helper construction 1.212226 (sec) 
 Elapsed time for init 0.019109 (sec) 
 Elapsed time for makeQChamDiagTerms 16.542728 (sec) 
 Davidson iteration 0.0 (tol=0.5793336210224105): -177.9300127654545
 Davidson iteration 0.1 (tol=0.1428572859891979): -178.0837263224473 -176.1012484921874
 Davidson iteration 0.2 (tol=0.03994548014317511): -178.0927106086515 -176.4972433478907 -176.0263319631778
 Davidson iteration 0.3 (tol=0.009738283119161213): -178.0934129524916 -176.5572750561712 -176.1825892161295 -176.0019610441935
 Davidson iteration 0.4 (tol=0.003252297962962601): -178.0934566590214 -176.8705312605594 -176.2128393380686 -176.0019661104917
 Davidson iteration 0.5 (tol=0.001015649119726846): -178.0934621051285 -177.2331722379982 -176.228777729404 -176.1414828140655
 Davidson iteration 0.6 (tol=0.0003212794418199462): -178.0934626205039 -177.3897437061686 -176.4685875310227 -176.1432621891876
 Davidson iteration 0.7 (tol=0.0001194773846753352): -178.0934626771946 -177.5058859383924 -176.9641516046177 -176.3488080547014
 Davidson iteration 1.0 (tol=0.0001194773846719334): -178.0934626771943
 Davidson iteration 1.1 (tol=4.819982073024087e-05): -178.0934626845548 -176.883708201153
 Davidson iteration 1.2 (tol=2.234576660533735e-05): -178.0934626865199 -177.5889284267431 -176.3013138945492
 Davidson iteration 1.3 (tol=7.035884520675737e-06): -178.0934626867683 -177.7248056966127 -176.4939376470581 -175.8280890907318
 Elapsed time for davidson 45.42263 (sec) 
 Elapsed time for diagonalization 45.422828 (sec) 
 Elapsed time for mult 0.994528 (sec) 
 Energy = -178.0934626867673
 Elapsed time for measurement 0.12705 (sec) 
 Sample-based diagonalization: Energy = -178.0934626867673
 Sample-based diagonalization: density = [1.999980697363325,1.994943087421636,1.994362109428773,1.994073837492658,1.99248428956974,1.993285005855622,1.992964577621888,1.988707095751022,1.989166466827163,1.987801701686329,1.985652843300685,1.972523609145021,1.995621751995153,1.987635851300022,1.957059514745749,0.07641249869278709,0.01121500334353049,0.01390052485312751,0.008902060097423298,0.01174086124601182,0.001695571797469402,0.01254723261456217,0.00436255399301793,0.004479448843495047,0.004738845221985144,0.00978612158958541,0.01395683796052501
 Sample-based diagonalization: carryover bitstrings = [], size = 0
