 Elapsed time for helper construction 1.288729 (sec) 
 Elapsed time for init 0.022278 (sec) 
 Elapsed time for makeQChamDiagTerms 17.477169 (sec) 
 Davidson iteration 0.0 (tol=0.653444620033347): -176.3348030440053
 Davidson iteration 0.1 (tol=0.1819773669390232): -176.5200237037193 -174.444136434454
 Davidson iteration 0.2 (tol=0.05522967749178096): -176.5333088281545 -174.7833116060786 -174.3828980872739
 Davidson iteration 0.3 (tol=0.01484394182440517): -176.534457762203 -174.859669611341 -174.3832384054338 -174.2102525313917
 Davidson iteration 0.4 (tol=0.005041125496329009): -176.534549718878 -175.1978953258916 -174.4644988602033 -174.2708910636834
 Davidson iteration 0.5 (tol=0.001545783751158713): -176.5345632183987 -175.6471609209341 -174.5656210964422 -174.3419685340354
 Davidson iteration 0.6 (tol=0.0005017614257395483): -176.5345643367015 -175.8432129575582 -174.8438416957057 -174.4671891843189
 Davidson iteration 0.7 (tol=0.0001565217870976236): -176.5345644389624 -175.8766945655828 -174.8836308731847 -174.8433076898041
 Davidson iteration 1.0 (tol=0.000156521787098832): -176.5345644389619
 Davidson iteration 1.1 (tol=5.997623106962083e-05): -176.5345644488013 -174.9595327331971
 Davidson iteration 1.2 (tol=2.083098728671728e-05): -176.5345644506383 -175.376032615238 -174.3788288718051
 Davidson iteration 1.3 (tol=6.342327291183518e-06): -176.5345644508465 -175.8191168052126 -174.4726264262911 -174.0555819186672
 Elapsed time for davidson 51.705921 (sec) 
 Elapsed time for diagonalization 51.706125 (sec) 
 Elapsed time for mult 1.201514 (sec) 
 Energy = -176.5345644508487
 Elapsed time for measurement 0.138449 (sec) 
 Sample-based diagonalization: Energy = -176.5345644508487
 Sample-based diagonalization: density = [1.99997608857682,1.994741402331232,1.994642623253366,1.99232999714155,1.990031332954031,1.990008285165885,1.98786628943452,1.983911948283414,1.983375361331082,1.985308269926049,1.977551602736837,1.98790716642175,1.994400784784683,1.990577786811557,1.945433188611639,0.08009681445348482,0.004740460992067647,0.01502355521301283,0.01429803610783402,0.01651541010422049,0.01509922778140327,0.01112052908618668,0.003759414909271497,0.01250530505272717,0.01651265062134419,0.01226646760445428
 Sample-based diagonalization: carryover bitstrings = [], size = 0
