          |                                    ___       ___
          |  _______________________________  /   \ . . /   \
          |                                   \___/     \___/
          |              VAYESTA                  .  V  .   .
          |     Quantum Embedding Package          .___.  A  .___
          |  _______________________________       /   \ . . /   \
          |                    version 1.0.1       \___/     \___/ 
          |
          |
          |  INITIALIZING EWF
          |  ================
          |      Initial E(mean-field)=    -115.65771393 Ha
          |      Calculated E(HF)=         -115.65771393 Ha
          |      Difference dE=              +0.00000000 Ha ( -0.0%)
          |      n(AO)=   21  n(MO)=   21  n(linear dep.)=    0
          |      Parameters of EWF:
          |      Options(store_eris=True, global_frag_chempot=None, dm_with_frozen=False, bath_options={'bathtype':
          |          'mp2', 'canonicalize': True, 'occupation_tolerance': 1e-06, 'dmet_threshold': 1e-08, 'rcut': None,
          |          'unit': 'Ang', 'local_aux_enable': False, 'local_aux_radius': 5.0, 'local_aux_unit': 'Ang',
          |          'local_aux_atom_weight_thresh': 0.0001, 'local_aux_print': False, 'order': None, 'max_order': 20,
          |          'threshold': 1e-05, 'truncation': 'occupation', 'project_dmet_order': 2, 'project_dmet_mode':
          |          'squared-entropy', 'addbuffer': False, 'bathtype_occ': None, 'bathtype_vir': None, 'rcut_occ': None,
          |          'rcut_vir': None, 'unit_occ': None, 'unit_vir': None, 'order_occ': None, 'order_vir': None,
          |          'max_order_occ': None, 'max_order_vir': None, 'threshold_occ': None, 'threshold_vir': None,
          |          'truncation_occ': None, 'truncation_vir': None, 'project_dmet_order_occ': None,
          |          'project_dmet_order_vir': None, 'project_dmet_mode_occ': None, 'project_dmet_mode_vir': None,
          |          'addbuffer_occ': None, 'addbuffer_dmet_vir': None, 'canonicalize_occ': None, 'canonicalize_vir':
          |          None}, bosonic_bath_options={'bathtype': None, 'target_orbitals': 'full', 'local_projection':
          |          'fragment', 'threshold': 1e-06, 'truncation': 'occupation'}, solver_options={'conv_tol': None,
          |          'n_moments': None, 'solve_lambda': True, 'conv_tol_normt': None, 'level_shift': None, 'diis_space':
          |          None, 'diis_start_cycle': None, 'iterative_damping': None, 'threads': 1, 'max_cycle': 300,
          |          'fix_spin': None, 'lindep': None, 'davidson_only': True, 'init_guess': 'default', 'max_boson_occ':
          |          2, 'ansatz': None, 'store_as_ccsd': None, 'dumpfile':
          |          '/mnt/beegfs/merzk/kaliakd/EWF_Geom_Opt_Development/4_test_Sella/rdm_t_lambda/jobs_EWF/step_001/cluster_001.h5',
          |          'callback': None, 'compress_cderi': False}, symmetry_tol=1e-06, symmetry_mf_tol=1e-05,
          |          screening=None, ext_rpa_correction=None, match_cluster_fock=False, iao_minao='auto',
          |          project_eris=False, project_init_guess=True, energy_functional='wf', calc_e_wf_corr=True,
          |          calc_e_dm_corr=False, calc_e_ccsd_t_corr=False, t_as_lambda=None, store_wf_type=None,
          |          bsse_correction=True, bsse_rmax=5.0, nelectron_target=None, sc_mode=0, coupled_iterations=False,
          |          _debug_wf=None)
          |      Time for EWF setup: 0.1 s
          |  IAO Fragmentation
          |  -----------------
          |  IAO:  computational basis= sto-3g  minimal reference basis= sto-3g (automatically chosen)
          |      IAO CACHE HIT: loaded C_iao from iao_cache.h5 (shape=(21, 21))
          |      Fragmentation: orthogonal= True, occupied-complete= True, virtual-complete= True
          |  Making DMET Bath
          |  ----------------
          |      DMET bath:  n(Bath)=    5  n(occ-Env)=    7  n(vir-Env)=    4
          |      Mean-field entangled orbitals:
          |            Bath  Occupation  Entanglement  Character
          |            ----  ----------  ------------  ------------------------------------------------------
          |         1   Yes        1.02             1  C 2pz (99%), C 2pz (3%), C 2px (0%), H 1s (0%)
          |         2   Yes        1.02             1  C 2px (40%), H 1s (32%), C 2s (20%), C 2py (9%)
          |         3   Yes       0.993             1  C 2px (56%), C 2s (46%), C 2py (13%), C 2px (7%)
          |         4   Yes       0.955         0.998  H 1s (81%), C 2px (21%), C 2s (10%), C 2py (9%)
          |         5   Yes    6.89e-05      0.000138  H 1s (26%), H 1s (24%), C 2s (23%), C 2px (12%)
          |      Entanglement entropy: total= 9.993e-01  bath= 9.993e-01 (100.00 %)
          |      Cluster orbitals:  n(occ)=   5  n(vir)=   5
          |  Making Occupied BNOs
          |  --------------------
          |      ClusterRHF(norb_active=17, norb_frozen=4)  [occA=12 virA=5 occF=0 virF=4]
          |      Projecting DMET space for MP2 bath (mode= squared-entropy, order= 2).
          |      Occupied BNO histogram:
          |            ___
          |           |:::|
          |           |:::|
          |           |:::|
          |           |:::|      ___
          |           |:::|     |:::|
          |      +-------------------------------------------+
          |          E-3  E-4  E-5  E-6  E-7  E-8  E-9  E-10
          |  Making Virtual BNOs
          |  -------------------
          |      ClusterRHF(norb_active=14, norb_frozen=7)  [occA=5 virA=9 occF=7 virF=0]
          |      Projecting DMET space for MP2 bath (mode= squared-entropy, order= 2).
          |      Virtual BNO histogram:
          |            ___
          |           |:::|
          |           |:::|
          |           |:::|
          |           |:::| ___
          |           |:::||:::|
          |      +-------------------------------------------+
          |          E-3  E-4  E-5  E-6  E-7  E-8  E-9  E-10
          |  Occupied bnos:
          |    Bath: N=    5  max=  0.000776  min=  0.000153  sum=   0.00237 (  99.660 %)
          |    Rest: N=    2  max=  6.48e-06  min=   1.6e-06  sum=  8.08e-06 (   0.340 %)
          |  Virtual bnos:
          |    Bath: N=    4  max=  0.000568  min=  3.34e-05  sum=   0.00135 ( 100.000 %)
          |    Rest: N=    0
          |  Orbitals for Fragment 1: C
          |  --------------------------
          |               Active            Frozen            Total
          |               ---------------   ---------------   -----
          |    Occupied      10 (  83.3%)       2 (  16.7%)      12
          |    Virtual        9 ( 100.0%)       0 (   0.0%)       9
          |    Total         19 (  90.5%)       2 (   9.5%)      21
          |  Parameters of RClusterHamiltonian:
          |  RClusterHamiltonian.Options(screening=None, cache_eris=True, match_fock=False)
          |  Parameters of DumpSolver:
          |  DumpSolver.Options(dumpfile='/mnt/beegfs/merzk/kaliakd/EWF_Geom_Opt_Development/4_test_Sella/rdm_t_lambda/jobs_EWF/step_001/cluster_001.h5')
          |  Time for DUMP solver: 0.0 s
