 Elapsed time for helper construction 1.390856 (sec) 
 Elapsed time for init 0.049647 (sec) 
 Elapsed time for makeQChamDiagTerms 16.962408 (sec) 
 Davidson iteration 0.0 (tol=0.6498568538328829): -178.9599781009092
 Davidson iteration 0.1 (tol=0.2015290723009684): -179.1404554807813 -177.0030688062818
 Davidson iteration 0.2 (tol=0.06165173751875998): -179.1552514455334 -177.2915367652553 -176.7932378547257
 Davidson iteration 0.3 (tol=0.01861963298993182): -179.1566948094724 -177.4457349744647 -176.8522362702321 -176.7752559262896
 Davidson iteration 0.4 (tol=0.007008109763111706): -179.1568319243572 -177.7846468821382 -176.9171688774135 -176.8039925662536
 Davidson iteration 0.5 (tol=0.002448962529524872): -179.1568555446212 -178.266869911023 -176.9663484443839 -176.9163480812549
 Davidson iteration 0.6 (tol=0.0008243179132875357): -179.156858004774 -178.4190002743637 -177.1335648006974 -176.9387057039461
 Davidson iteration 0.7 (tol=0.000311569865521747): -179.1568582979972 -178.5041743149142 -177.762578118527 -176.9792884531984
 Davidson iteration 1.0 (tol=0.0003115698655134028): -179.156858297998
 Davidson iteration 1.1 (tol=0.0001386816619700199): -179.156858337424 -177.4762695624123
 Davidson iteration 1.2 (tol=7.277607148793739e-05): -179.1568583498759 -178.5563569281095 -176.3183407905857
 Davidson iteration 1.3 (tol=2.862804979436795e-05): -179.1568583522158 -178.7678433834514 -176.7208133297356 -176.0537832119977
 Davidson iteration 1.4 (tol=1.224467016831328e-05): -179.1568583525823 -178.8255716745386 -177.3665196922501 -176.6893171773627
 Davidson iteration 1.5 (tol=4.454068960123947e-06): -179.1568583526463 -178.8514970712741 -177.9422012375768 -176.6926704435017
 Elapsed time for davidson 70.423624 (sec) 
 Elapsed time for diagonalization 70.437856 (sec) 
 Elapsed time for mult 1.699302 (sec) 
 Energy = -179.1568583526469
 Elapsed time for measurement 0.1996 (sec) 
 Sample-based diagonalization: Energy = -179.1568583526469
 Sample-based diagonalization: density = [1.999978314766183,1.994435146726014,1.994426103482837,1.992343589733431,1.989539825337889,1.990700608830959,1.987278508858689,1.990382288314944,1.985332555246856,1.989756836863335,1.982960182037226,1.972223870113431,1.992867720270459,1.985818445096789,1.952372039701723,0.08329916802906219,0.003890697700939387,0.01354060037470151,0.005118564444511452,0.01149016007697749,0.01306645292514156,0.014760860719404,0.009912057896666686,0.01460361848528477,0.01411368994023267,0.01578809362072708
 Sample-based diagonalization: carryover bitstrings = [], size = 0
