 Elapsed time for helper construction 0.127738 (sec) 
 Elapsed time for init 0.00146 (sec) 
 Elapsed time for makeQChamDiagTerms 0.380042 (sec) 
 Davidson iteration 0.0 (tol=0.5760258585833431): -137.5281319585738
 Davidson iteration 0.1 (tol=0.2860972538457071): -137.6671969869469 -135.5937995410315
 Davidson iteration 0.2 (tol=0.1330298464261357): -137.6931261922762 -136.1154711937212 -134.706167372916
 Davidson iteration 0.3 (tol=0.06004093340663552): -137.6982981786512 -136.4135626538919 -135.1039021152208 -133.7027057887288
 Davidson iteration 0.4 (tol=0.02691037600597559): -137.6992759150526 -136.6320143377289 -135.2917151869625 -134.8572568160113
 Davidson iteration 0.5 (tol=0.01201783705497474): -137.6995162049611 -136.912185093775 -135.5925237463856 -134.8738676655503
 Davidson iteration 0.6 (tol=0.006378188028059764): -137.6995517613765 -137.0278101350106 -135.8118812141265 -134.8861471242431
 Davidson iteration 0.7 (tol=0.002587625725378269): -137.6995620134739 -137.0993204252985 -136.0617163115724 -135.0826871105594
 Davidson iteration 1.0 (tol=0.002587625725384562): -137.6995620134742
 Davidson iteration 1.1 (tol=0.001250615876699133): -137.6995635164645 -134.3858522987661
 Davidson iteration 1.2 (tol=0.0007047515077059382): -137.6995640215816 -136.2188189437291 -133.1539355693408
 Davidson iteration 1.3 (tol=0.0003310581153661075): -137.6995641652374 -136.7828834998309 -133.5085746564683 -133.1111178120193
 Davidson iteration 1.4 (tol=0.0001485943356327145): -137.6995641950463 -137.021674245372 -134.1736340898326 -133.2284538205045
 Davidson iteration 1.5 (tol=7.080244466474092e-05): -137.6995642009923 -137.125414624326 -135.1744532272859 -133.6610075683831
 Davidson iteration 1.6 (tol=3.117604757105594e-05): -137.6995642024449 -137.1915775692683 -135.992119578238 -133.6614163278157
 Davidson iteration 1.7 (tol=1.29720093388525e-05): -137.6995642027144 -137.2282965342753 -136.4178367690774 -134.3110046364541
 Davidson iteration 2.0 (tol=1.2972009480352e-05): -137.6995642027131
 Davidson iteration 2.1 (tol=6.801271858667934e-06): -137.6995642027588 -135.4543376529948
 Elapsed time for davidson 4.112388 (sec) 
 Elapsed time for diagonalization 4.112484 (sec) 
 Elapsed time for mult 0.131858 (sec) 
 Energy = -137.6995642027599
 Elapsed time for measurement 0.006004 (sec) 
 Sample-based diagonalization: Energy = -137.6995642027599
 Sample-based diagonalization: density = [1.999997317185345,1.993881524214745,1.993138077488041,1.986660256191865,1.986635035685368,1.980800767922504,1.96061132365416,1.978827808204758,1.983134976268563,1.904872658368351,0.1341295981136117,0.01111906604808005,0.02890509133689286,0.03268068566626921,0.0246058136305676
 Sample-based diagonalization: carryover bitstrings = [], size = 0
