 Elapsed time for helper construction 1.511995 (sec) 
 Elapsed time for init 0.045172 (sec) 
 Elapsed time for makeQChamDiagTerms 13.230328 (sec) 
 Davidson iteration 0.0 (tol=0.6760904157229246): -155.0129931694155
 Davidson iteration 0.1 (tol=0.2632697824944678): -155.2032725768831 -152.8680948820825
 Davidson iteration 0.2 (tol=0.1085373212433921): -155.2245189299474 -153.3116103482422 -152.1167327925982
 Davidson iteration 0.3 (tol=0.03431520989239884): -155.2283114803619 -153.6112896671921 -152.2500765323608 -151.8794110507034
 Davidson iteration 0.4 (tol=0.01436132929300667): -155.2287115296084 -153.9268246611618 -152.6370202783223 -152.0572040385088
 Davidson iteration 0.5 (tol=0.005943156525762221): -155.2287846165184 -154.2772866856 -153.0202107833281 -152.1728901683784
 Davidson iteration 0.6 (tol=0.002528265088685947): -155.2287964557647 -154.4377322875522 -153.2383263333559 -152.2703832796083
 Davidson iteration 0.7 (tol=0.001105386744354458): -155.2287989704428 -154.5671451693738 -153.6473758195123 -152.7684549911974
 Davidson iteration 1.0 (tol=0.001105386744351719): -155.2287989704434
 Davidson iteration 1.1 (tol=0.0005135583567172213): -155.2287993712694 -152.7857203426556
 Davidson iteration 1.2 (tol=0.0003010308371195667): -155.2287995038 -154.3091495928523 -151.8118217380345
 Davidson iteration 1.3 (tol=0.0001268108123322249): -155.2287995341718 -154.6077657862892 -152.1389132295333 -151.1242011164379
 Davidson iteration 1.4 (tol=5.116138099189117e-05): -155.2287995394585 -154.7038082490731 -152.5566118254102 -152.0312123762909
 Davidson iteration 1.5 (tol=2.173941744072663e-05): -155.2287995404535 -154.7673172618278 -153.5243043707405 -152.0512364153566
 Davidson iteration 1.6 (tol=8.781986505225527e-06): -155.2287995406073 -154.7942836845735 -153.8996803672918 -152.2887486148823
 Elapsed time for davidson 74.18487399999999 (sec) 
 Elapsed time for diagonalization 74.18653599999999 (sec) 
 Elapsed time for mult 2.296633 (sec) 
 Energy = -155.2287995406056
 Elapsed time for measurement 0.143937 (sec) 
 Sample-based diagonalization: Energy = -155.2287995406056
 Sample-based diagonalization: density = [1.999989220274396,1.991141400298218,1.990354078110597,1.988852687370092,1.984310207756138,1.980040574656293,1.97990934804514,1.980365511325737,1.977099436415139,1.971785914799086,1.990162742341455,1.982829886910425,1.95303603365954,0.08444571542381586,0.02360267729035059,0.02178827920882432,0.02025243188199586,0.01719458084359381,0.02033416595160524,0.01049067327114483,0.01861372873202592,0.01340070498219354
 Sample-based diagonalization: carryover bitstrings = [], size = 0
