 Elapsed time for helper construction 1.138151 (sec) 
 Elapsed time for init 0.017441 (sec) 
 Elapsed time for makeQChamDiagTerms 9.673235 (sec) 
 Davidson iteration 0.0 (tol=0.641126880275201): -153.5092320760859
 Davidson iteration 0.1 (tol=0.1972878386554061): -153.6950268366774 -151.6278429347928
 Davidson iteration 0.2 (tol=0.06442602604588046): -153.7094760198248 -151.9749071788824 -151.3408449506623
 Davidson iteration 0.3 (tol=0.01596472758493229): -153.7109853228569 -152.1000729902855 -151.3846244076313 -151.1389148634756
 Davidson iteration 0.4 (tol=0.005751330747080786): -153.7110897090098 -152.4674645634642 -151.4329625036964 -151.3270686909501
 Davidson iteration 0.5 (tol=0.002092874073379864): -153.7111031571177 -152.8051723157085 -151.6085917035761 -151.339715268624
 Davidson iteration 0.6 (tol=0.0006640571974443005): -153.7111048674864 -152.9468928110602 -151.776446170269 -151.486931727092
 Davidson iteration 0.7 (tol=0.0002165218278244438): -153.7111050390724 -153.0260580475187 -152.0322932076601 -151.5068276803723
 Davidson iteration 1.0 (tol=0.0002165218278251207): -153.7111050390713
 Davidson iteration 1.1 (tol=8.504858163772849e-05): -153.7111050554239 -151.7173893423741
 Davidson iteration 1.2 (tol=3.508370491133039e-05): -153.7111050590067 -152.6091264186082 -151.0240917876857
 Davidson iteration 1.3 (tol=1.226013471039628e-05): -153.7111050594774 -152.9388617018583 -151.0983263255646 -150.8436252315436
 Davidson iteration 1.4 (tol=4.3581834752557e-06): -153.7111050595409 -153.1212044349068 -151.6117222947434 -151.0982476187714
 Elapsed time for davidson 39.642899 (sec) 
 Elapsed time for diagonalization 39.643436 (sec) 
 Elapsed time for mult 0.9721679999999999 (sec) 
 Energy = -153.7111050595416
 Elapsed time for measurement 0.092857 (sec) 
 Sample-based diagonalization: Energy = -153.7111050595416
 Sample-based diagonalization: density = [1.999988998835672,1.991185874099815,1.991165219927214,1.990724008366742,1.983349943144458,1.985349825023003,1.984220417246481,1.986997170691727,1.990865035529975,1.981252556034897,1.965197785085548,1.989921860745719,1.941709870756596,0.09166583198376935,0.02232757020386459,0.01850442035409099,0.01590033495568077,0.0145502955321083,0.01662593660496792,0.007233443889549583,0.01639264691299489,0.0148709537182487
 Sample-based diagonalization: carryover bitstrings = [], size = 0
