 Elapsed time for helper construction 1.213116 (sec) 
 Elapsed time for init 0.040702 (sec) 
 Elapsed time for makeQChamDiagTerms 9.562871999999999 (sec) 
 Davidson iteration 0.0 (tol=0.6095048077384102): -129.1751224042567
 Davidson iteration 0.1 (tol=0.1638262396840849): -129.3385782790198 -127.0271932622297
 Davidson iteration 0.2 (tol=0.0488196378404642): -129.3478741383207 -127.6323457027883 -126.7695340215602
 Davidson iteration 0.3 (tol=0.011677035023647): -129.3487060299228 -127.6537090916041 -127.0533869021181 -126.6122713936541
 Davidson iteration 0.4 (tol=0.003614616496190327): -129.3487668731614 -128.3052522455233 -127.2220835481798 -126.8708100950672
 Davidson iteration 0.5 (tol=0.001093654129793281): -129.3487723037512 -128.5639479982017 -127.2690824383184 -127.0784157405051
 Davidson iteration 0.6 (tol=0.0003082950803036843): -129.3487727736575 -128.7110265410765 -127.4103178954086 -127.0805553922033
 Davidson iteration 0.7 (tol=8.23881414676655e-05): -129.3487728075983 -128.7578757147018 -127.53861976003 -127.0815759227169
 Davidson iteration 1.0 (tol=8.238814146948413e-05): -129.348772807599
 Davidson iteration 1.1 (tol=2.671730321492313e-05): -129.3487728098197 -126.9729164118513
 Davidson iteration 1.2 (tol=8.036879776265186e-06): -129.348772810119 -127.851812157198 -126.1751974105727
 Elapsed time for davidson 42.189635 (sec) 
 Elapsed time for diagonalization 42.19074 (sec) 
 Elapsed time for mult 1.483913 (sec) 
 Energy = -129.3487728101177
 Elapsed time for measurement 0.090861 (sec) 
 Sample-based diagonalization: Energy = -129.3487728101177
 Sample-based diagonalization: density = [1.999970118081899,1.992873942671624,1.991165492755111,1.987184632611192,1.987749723762211,1.982615883444873,1.981666737558762,1.980580014212349,1.981985605197347,1.97648739362531,1.988852690370843,1.981780502502497,0.01383535516667318,0.02007470089006759,0.02114172104614764,0.01592898587750374,0.01395647135996086,0.0107661176075795,0.01587526152409642,0.01431311997372007,0.01440133203613222,0.01506388410849706,0.01173031326183389
 Sample-based diagonalization: carryover bitstrings = [], size = 0
