 Elapsed time for helper construction 0.953793 (sec) 
 Elapsed time for init 0.034088 (sec) 
 Elapsed time for makeQChamDiagTerms 9.5878 (sec) 
 Davidson iteration 0.0 (tol=0.3199091127351643): -152.0985932828623
 Davidson iteration 0.1 (tol=0.06995833448143433): -152.1545760871661 -150.5482428585708
 Davidson iteration 0.2 (tol=0.01884338529283874): -152.1569968887439 -150.8776048383559 -150.380161025406
 Davidson iteration 0.3 (tol=0.005214985059675727): -152.1571717911805 -151.090384318309 -150.3860339790716 -150.0807697378119
 Davidson iteration 0.4 (tol=0.001543797406383074): -152.1571850687308 -151.3366190965972 -150.3919395443004 -150.3418466751526
 Davidson iteration 0.5 (tol=0.000394003057375723): -152.157186178999 -151.5016559384796 -150.6020451593097 -150.3437159967671
 Davidson iteration 0.6 (tol=0.0001015741106891055): -152.1571862537935 -151.5229655120431 -150.7830948940669 -150.4830819919785
 Davidson iteration 0.7 (tol=2.866591871614336e-05): -152.1571862595333 -151.6076542549706 -151.1098605890437 -150.5251840120975
 Davidson iteration 1.0 (tol=2.866591871590657e-05): -152.157186259534
 Davidson iteration 1.1 (tol=8.236398842807941e-06): -152.1571862598999 -150.795706913376
 Elapsed time for davidson 31.131214 (sec) 
 Elapsed time for diagonalization 31.132531 (sec) 
 Elapsed time for mult 0.873784 (sec) 
 Energy = -152.157186259899
 Elapsed time for measurement 0.08297499999999999 (sec) 
 Sample-based diagonalization: Energy = -152.157186259899
 Sample-based diagonalization: density = [1.999999199524546,1.999306200138412,1.996164609460062,1.999653945390121,1.996821944682568,1.993373216782416,1.996672847498361,1.995476327169249,1.996884623172921,1.998315026431901,1.992910049331691,1.99435162502667,1.960373295717758,0.04709573972825905,0.006458314732241626,0.00510536060501089,0.004837382831977268,0.001539943981083941,0.001169588074590903,0.003664598266749531,0.002178506191164166,0.001374824648014515,0.006272830460650079
 Sample-based diagonalization: carryover bitstrings = [], size = 0
