 Elapsed time for helper construction 3.578445 (sec) 
 Elapsed time for init 0.034082 (sec) 
 Elapsed time for makeQChamDiagTerms 18.850522 (sec) 
 Davidson iteration 0.0 (tol=0.675157018312314): -151.8100658825423
 Davidson iteration 0.1 (tol=0.3471323682995662): -151.9970413838174 -149.7930459578137
 Davidson iteration 0.2 (tol=0.1742344171717792): -152.0323141806519 -150.2898258914779 -148.7982646712364
 Davidson iteration 0.3 (tol=0.07921549641592519): -152.0406817787834 -150.6015770842651 -149.141378400157 -147.8900475706285
 Davidson iteration 0.4 (tol=0.03991870011570594): -152.0423471603457 -150.8897273417227 -149.4362145489668 -148.8279799890372
 Davidson iteration 0.5 (tol=0.02022201317797225): -152.0428598043244 -151.2658692425526 -149.8775528352702 -148.8344196931133
 Davidson iteration 0.6 (tol=0.01114910091650914): -152.0429783589823 -151.4443505635445 -150.1325596557083 -148.9317734683658
 Davidson iteration 0.7 (tol=0.005445306351399542): -152.0430072499472 -151.5263440608622 -150.3357795690783 -149.2757161607119
 Davidson iteration 1.0 (tol=0.005445306351395327): -152.0430072499506
 Davidson iteration 1.1 (tol=0.002930977605037698): -152.0430132773174 -148.3595126584489
 Davidson iteration 1.2 (tol=0.001634024507598547): -152.0430159951733 -150.7221673489581 -146.1399180666083
 Davidson iteration 1.3 (tol=0.0008906337859098507): -152.0430168225703 -151.2839565625653 -147.8531500053556 -145.7143499287106
 Davidson iteration 1.4 (tol=0.0004731511549025111): -152.0430170284766 -151.4933263508753 -148.4481023778546 -147.2798778906021
 Davidson iteration 1.5 (tol=0.0002496042738831799): -152.0430170906973 -151.6007872966974 -149.7523739418173 -147.9800534380774
 Davidson iteration 1.6 (tol=0.0001253513677874969): -152.0430171065687 -151.6553819287942 -150.4169001347144 -147.9928194356635
 Davidson iteration 1.7 (tol=5.033525819507709e-05): -152.0430171107076 -151.6845738295359 -150.7967974282305 -148.5535088996932
 Davidson iteration 2.0 (tol=5.033525848456376e-05): -152.0430171107043
 Davidson iteration 2.1 (tol=2.757831123533186e-05): -152.0430171113042 -149.3958022023306
 Davidson iteration 2.2 (tol=1.982336231717315e-05): -152.0430171116218 -151.0802059905613 -148.211606983916
 Davidson iteration 2.3 (tol=1.065760018462555e-05): -152.0430171117216 -151.4717332364081 -148.9289552864857 -145.8478586352815
 Davidson iteration 2.4 (tol=5.690999128695075e-06): -152.0430171117526 -151.6219494241009 -149.1458715815397 -148.8405576813158
 Elapsed time for davidson 234.330014 (sec) 
 Elapsed time for diagonalization 234.330196 (sec) 
 Elapsed time for mult 7.420165 (sec) 
 Energy = -152.0430171117522
 Elapsed time for measurement 28.614181 (sec) 
 Sample-based diagonalization: Energy = -152.0430171117522
 Sample-based diagonalization: density = [1.999970241860051,1.993949102413207,1.991910327162728,1.993380075057987,1.984884015126621,1.981915452833622,1.982246002068297,1.985005532785235,1.974682023266072,1.961008313079919,1.97403941916339,1.985662755926406,1.887727802341082,0.1413131935010677,0.02459673334258368,0.01560614164156857,0.02006023193868033,0.01263988182310787,0.02649473043303053,0.0368108531468354,0.02609717092446321
 Sample-based diagonalization: carryover bitstrings = [], size = 0
 Elapse time for dumping one-particle rdm = 0.000588
 Elapse time for dumping two-particle rdm = 0.173228
 Zero-Body energy = 0
 One-Body energy = -271.4455626110671
 Two-Body energy = 119.4025455003816
 One-Body + Two-Body energy = -152.0430171106855
 Zero-Body + One-Body + Two-Body energy = -152.0430171106855
