 Elapsed time for helper construction 1.389074 (sec) 
 Elapsed time for init 0.049072 (sec) 
 Elapsed time for makeQChamDiagTerms 14.718385 (sec) 
 Davidson iteration 0.0 (tol=0.6170467928373551): -140.1197566850724
 Davidson iteration 0.1 (tol=0.1353232530837178): -140.2888687994331 -137.9912353883776
 Davidson iteration 0.2 (tol=0.03714460670452287): -140.2956948854116 -138.5926624646445 -137.843603062862
 Davidson iteration 0.3 (tol=0.008259149935558412): -140.2962120880488 -138.5998553056722 -138.132879974184 -137.7149562997486
 Davidson iteration 0.4 (tol=0.002261978826772963): -140.2962440452581 -139.2413529117005 -138.1790949205585 -137.9390530524494
 Davidson iteration 0.5 (tol=0.000557880674947361): -140.2962461579595 -139.4312403166713 -138.1804531430137 -138.1632196682895
 Davidson iteration 0.6 (tol=0.0001323202846902324): -140.2962462809192 -139.5507282890276 -138.3305208702577 -138.1705156055851
 Davidson iteration 0.7 (tol=3.214498462080501e-05): -140.2962462875937 -139.6101174449143 -138.4799903034124 -138.1716902173194
 Davidson iteration 1.0 (tol=3.214498462200667e-05): -140.2962462875923
 Davidson iteration 1.1 (tol=9.929805858814001e-06): -140.2962462879716 -138.1661000920028
 Elapsed time for davidson 49.82044 (sec) 
 Elapsed time for diagonalization 49.820652 (sec) 
 Elapsed time for mult 1.831815 (sec) 
 Energy = -140.2962462879748
 Elapsed time for measurement 0.170138 (sec) 
 Sample-based diagonalization: Energy = -140.2962462879748
 Sample-based diagonalization: density = [1.999972056570303,1.994495371509593,1.99104782933487,1.987899892819544,1.988442032327911,1.987870227522709,1.984779097292975,1.985804389165907,1.983585907324125,1.981446915833826,1.977514394211127,1.989213965259672,1.983375368890244,0.01331876406243071,0.01739298711640658,0.0198869635530665,0.01741896380600932,0.01469202138912192,0.01269979669999243,0.009003268643606201,0.01273487401347457,0.01462409187092669,0.0136040318032066,0.009326178738266001,0.009850609818939274
 Sample-based diagonalization: carryover bitstrings = [], size = 0
