 Elapsed time for helper construction 0.344667 (sec) 
 Elapsed time for init 0.003119 (sec) 
 Elapsed time for makeQChamDiagTerms 0.8151539999999999 (sec) 
 Davidson iteration 0.0 (tol=0.6048826494291157): -111.7055416290647
 Davidson iteration 0.1 (tol=0.2719444797062746): -111.8583460530958 -109.7035276551697
 Davidson iteration 0.2 (tol=0.1243681159236686): -111.8794098398661 -110.128100645394 -108.6888140338662
 Davidson iteration 0.3 (tol=0.04739272567111791): -111.883711584902 -110.3457643066429 -108.9289570765298 -108.2124574849541
 Davidson iteration 0.4 (tol=0.02068555834498989): -111.8842609798989 -110.5578937397677 -109.2744318761183 -108.5685690846454
 Davidson iteration 0.5 (tol=0.008455123070354899): -111.8843742576567 -110.8340653122098 -109.6284509886075 -108.6463135337378
 Davidson iteration 0.6 (tol=0.004052722279050121): -111.8843945014778 -111.0404530440416 -109.8893581454776 -108.7579034611841
 Davidson iteration 0.7 (tol=0.001769652318269095): -111.8843990054428 -111.1872121605116 -110.1631261107673 -109.154549897187
 Davidson iteration 1.0 (tol=0.001769652318262782): -111.8843990054434
 Davidson iteration 1.1 (tol=0.0008519880208663018): -111.8843997327075 -108.8439069516313
 Davidson iteration 1.2 (tol=0.0004657592460696397): -111.8843999795777 -110.6663650115175 -107.2397696975784
 Davidson iteration 1.3 (tol=0.0002269716538345946): -111.8844000432847 -111.1941226829161 -108.090371133217 -106.3943208730503
 Davidson iteration 1.4 (tol=9.702375894831004e-05): -111.8844000558161 -111.3246678792023 -108.0911191443618 -107.9394070762818
 Davidson iteration 1.5 (tol=3.858207371839463e-05): -111.8844000583447 -111.4026089992906 -109.3140972173191 -108.0817124942343
 Davidson iteration 1.6 (tol=1.65583583588837e-05): -111.8844000587507 -111.4357503665706 -110.0544170991143 -108.5352614468961
 Davidson iteration 1.7 (tol=5.856764562299585e-06): -111.8844000588274 -111.4487770814069 -110.4936838235068 -108.6659773742004
 Elapsed time for davidson 8.574911999999999 (sec) 
 Elapsed time for diagonalization 8.575016999999999 (sec) 
 Elapsed time for mult 0.267512 (sec) 
 Energy = -111.8844000588277
 Elapsed time for measurement 0.011304 (sec) 
 Sample-based diagonalization: Energy = -111.8844000588277
 Sample-based diagonalization: density = [1.999987162913593,1.990110770364977,1.987116742058916,1.980257552191176,1.9777163322642,1.976785089829852,1.962527030884209,1.983981135652837,1.926215847228931,0.1085689052995001,0.02039357350160409,0.02479585726518928,0.0210424150727466,0.02234304070502782,0.01815854473778527
 Sample-based diagonalization: carryover bitstrings = [], size = 0
