 Elapsed time for helper construction 0.358503 (sec) 
 Elapsed time for init 0.007198 (sec) 
 Elapsed time for makeQChamDiagTerms 1.049954 (sec) 
 Davidson iteration 0.0 (tol=0.5373164265660245): -149.889553323242
 Davidson iteration 0.1 (tol=0.2325071686808292): -150.012623711975 -147.9476665437182
 Davidson iteration 0.2 (tol=0.1028266584097908): -150.0285602277083 -148.3830986743879 -147.0557062531246
 Davidson iteration 0.3 (tol=0.03855270198613683): -150.0317639856361 -148.5794403868539 -147.3695545286208 -146.7405931907039
 Davidson iteration 0.4 (tol=0.01520794402894303): -150.0321413512261 -148.7453713296788 -147.6805419147906 -147.0942322485614
 Davidson iteration 0.5 (tol=0.005465652996823235): -150.0322144612862 -149.0281035254479 -147.890716902984 -147.4028899378326
 Davidson iteration 0.6 (tol=0.002506604075935176): -150.0322223518473 -149.1380486855517 -148.0255899305227 -147.4030488623815
 Davidson iteration 0.7 (tol=0.0009379727108556616): -150.032223856153 -149.2202139485371 -148.2763888584442 -147.5843827603302
 Davidson iteration 1.0 (tol=0.0009379727108533078): -150.0322238561533
 Davidson iteration 1.1 (tol=0.0004814291590765122): -150.0322240672899 -147.4701933720048
 Davidson iteration 1.2 (tol=0.0002283496224006371): -150.0322241351952 -148.8400163869846 -144.6570924444882
 Davidson iteration 1.3 (tol=9.451978247917765e-05): -150.0322241508892 -149.273564835029 -146.9437715064453 -143.4294978938958
 Davidson iteration 1.4 (tol=4.259907170008443e-05): -150.0322241531954 -149.4488199154694 -146.9461465042549 -146.8408325822497
 Davidson iteration 1.5 (tol=1.844933065018212e-05): -150.0322241536954 -149.5471644981726 -147.9515881162861 -146.9412377264252
 Davidson iteration 1.6 (tol=9.481491764429962e-06): -150.0322241538063 -149.634089978159 -148.7306827028178 -147.1591867991205
 Elapsed time for davidson 10.200719 (sec) 
 Elapsed time for diagonalization 10.20081 (sec) 
 Elapsed time for mult 0.496286 (sec) 
 Energy = -150.0322241538074
 Elapsed time for measurement 0.012894 (sec) 
 Sample-based diagonalization: Energy = -150.0322241538074
 Sample-based diagonalization: density = [1.99999674831592,1.998263857670711,1.992457126380251,1.994451857439364,1.98969436473647,1.986908066923237,1.989228842578351,1.976899940553281,1.977423779486275,1.984137933796135,1.934660566318846,0.1018541046517356,0.01182586999552599,0.01930528866365785,0.02497288360233968,0.01791876881281369
 Sample-based diagonalization: carryover bitstrings = [], size = 0
