 Elapsed time for helper construction 0.261531 (sec) 
 Elapsed time for init 0.006023 (sec) 
 Elapsed time for makeQChamDiagTerms 0.9004099999999999 (sec) 
 Davidson iteration 0.0 (tol=0.53806645519942): -150.3656959924208
 Davidson iteration 0.1 (tol=0.2363336142346185): -150.4866510091809 -148.3615566059399
 Davidson iteration 0.2 (tol=0.1057519095587888): -150.5027234440056 -148.8162317394607 -147.3966493857328
 Davidson iteration 0.3 (tol=0.0411714266787813): -150.5059618408897 -149.0427881206957 -147.771069194833 -146.986268471074
 Davidson iteration 0.4 (tol=0.01624226935375418): -150.5063792586085 -149.2063695179689 -148.0938519371743 -147.4346048478565
 Davidson iteration 0.5 (tol=0.00613877330721015): -150.5064570251396 -149.4596013067001 -148.3339598451483 -147.6326186183792
 Davidson iteration 0.6 (tol=0.002857890080128848): -150.5064658738071 -149.5787173094849 -148.4897800275783 -147.6636996051742
 Davidson iteration 0.7 (tol=0.001078811253008728): -150.5064678688831 -149.6818933426611 -148.7632491315048 -147.8987986297941
 Davidson iteration 1.0 (tol=0.001078811253010136): -150.506467868883
 Davidson iteration 1.1 (tol=0.0005537265581655504): -150.5064681412466 -147.9868358506513
 Davidson iteration 1.2 (tol=0.0002849659982155129): -150.5064682325563 -149.2943128496476 -145.4906348127774
 Davidson iteration 1.3 (tol=0.0001245518833473014): -150.5064682543299 -149.7372601232078 -147.1279209750988 -144.1358197040932
 Davidson iteration 1.4 (tol=5.230351429285492e-05): -150.5064682578898 -149.9158802725949 -147.2237697699649 -147.1219289949978
 Davidson iteration 1.5 (tol=2.159128853415974e-05): -150.5064682585767 -149.9781241788986 -147.7651399176014 -147.1330054104556
 Davidson iteration 1.6 (tol=9.676369265529153e-06): -150.506468258694 -150.0252103887453 -148.5869343142851 -147.2163304294016
 Elapsed time for davidson 8.293699999999999 (sec) 
 Elapsed time for diagonalization 8.293794999999999 (sec) 
 Elapsed time for mult 0.31947 (sec) 
 Energy = -150.5064682586951
 Elapsed time for measurement 0.011013 (sec) 
 Sample-based diagonalization: Energy = -150.5064682586951
 Sample-based diagonalization: density = [1.999996595954659,1.998100079451497,1.992578611386313,1.994583878906789,1.99030984276036,1.985526876829707,1.983850436260655,1.979945209008454,1.979318642103883,1.980942151634393,1.944341302376866,0.09449591549164144,0.01586539832952613,0.01897852163088784,0.02358121201928071,0.01758532580060043
 Sample-based diagonalization: carryover bitstrings = [], size = 0
