 Elapsed time for helper construction 0.464013 (sec) 
 Elapsed time for init 0.008931 (sec) 
 Elapsed time for makeQChamDiagTerms 0.746328 (sec) 
 Davidson iteration 0.0 (tol=0.6126080132576904): -92.60463830034172
 Davidson iteration 0.1 (tol=0.2602278192512165): -92.77194448024984 -90.72274815389994
 Davidson iteration 0.2 (tol=0.11404919122702): -92.79277868625657 -91.07206341651037 -89.66646390551259
 Davidson iteration 0.3 (tol=0.04120268551413189): -92.7962706990358 -91.19216214164194 -89.95248618612891 -89.34360953311646
 Davidson iteration 0.4 (tol=0.01502099912683625): -92.79672646992336 -91.34206681782193 -90.17881959452913 -89.41017821705799
 Davidson iteration 0.5 (tol=0.005565183752538214): -92.79677979771878 -91.46673744608341 -90.45055426269883 -89.85777233332192
 Davidson iteration 0.6 (tol=0.002118274500787136): -92.79678802251802 -91.56078362839644 -90.69355017057096 -89.85927914850835
 Davidson iteration 0.7 (tol=0.0007707705278944275): -92.79678910136886 -91.63822483278402 -90.88173495564374 -89.95250751390144
 Davidson iteration 1.0 (tol=0.0007707705278946377): -92.79678910136879
 Davidson iteration 1.1 (tol=0.0003366530416963118): -92.7967892427084 -89.85535024183037
 Davidson iteration 1.2 (tol=0.0001403290031821955): -92.7967892791744 -91.10111377325607 -88.44890011130235
 Davidson iteration 1.3 (tol=6.195897265252434e-05): -92.79678928495153 -91.61886960511967 -89.52555127092675 -87.82893544633227
 Davidson iteration 1.4 (tol=2.321387061381453e-05): -92.79678928590936 -91.83784786498789 -89.53761870775789 -88.96375736463771
 Davidson iteration 1.5 (tol=8.522982308306322e-06): -92.79678928605907 -91.9393589350055 -90.05203864336188 -89.53484095478844
 Elapsed time for davidson 14.045383 (sec) 
 Elapsed time for diagonalization 14.045594 (sec) 
 Elapsed time for mult 0.424693 (sec) 
 Energy = -92.79678928605945
 Elapsed time for measurement 0.017265 (sec) 
 Sample-based diagonalization: Energy = -92.79678928605945
 Sample-based diagonalization: density = [1.999966453525874,1.988577025625746,1.985251858605246,1.981062651584229,1.97916981080226,1.969329689557443,1.974909453521488,1.905584986995652,1.984043884044397,0.1008252368306709,0.02338934925280388,0.0259956060322955,0.02389845712894608,0.02035098340861755,0.0194129137613237,0.01823163929418972
 Sample-based diagonalization: carryover bitstrings = [], size = 0
