 Elapsed time for helper construction 1.507733 (sec) 
 Elapsed time for init 0.042856 (sec) 
 Elapsed time for makeQChamDiagTerms 15.612242 (sec) 
 Davidson iteration 0.0 (tol=0.6679409622746044): -171.4625069998321
 Davidson iteration 0.1 (tol=0.1640753790608299): -171.6854900983284 -169.9514615221875
 Davidson iteration 0.2 (tol=0.04383649083130697): -171.6982956030612 -170.0246686889862 -169.902872738503
 Davidson iteration 0.3 (tol=0.01445090332757733): -171.699268373323 -170.3722149117884 -169.9052766027099 -169.5595161283586
 Davidson iteration 0.4 (tol=0.005643568590631205): -171.6993858450187 -170.7613178015059 -169.9186452671774 -169.5606513233822
 Davidson iteration 0.5 (tol=0.001996035907114915): -171.6994013413048 -170.9622848531087 -169.9208132306709 -169.6595971476908
 Davidson iteration 0.6 (tol=0.0006201649108329753): -171.6994033047972 -171.0684082520715 -170.0905254324802 -169.91793001319
 Davidson iteration 0.7 (tol=0.0002336376285330073): -171.6994035245834 -171.1157092921084 -170.5730856530096 -169.9190241194587
 Davidson iteration 1.0 (tol=0.0002336376285365402): -171.699403524583
 Davidson iteration 1.1 (tol=0.0001118812378490368): -171.6994035547939 -170.4116658233032
 Davidson iteration 1.2 (tol=6.19318176685888e-05): -171.6994035660527 -171.1887717979108 -169.457112490393
 Davidson iteration 1.3 (tol=2.283646403715399e-05): -171.6994035679187 -171.3213296593328 -169.5636147064352 -169.2794412225997
 Davidson iteration 1.4 (tol=8.104146363604747e-06): -171.6994035681876 -171.3644442498319 -170.0184561721181 -169.5435120549523
 Elapsed time for davidson 59.011163 (sec) 
 Elapsed time for diagonalization 59.012659 (sec) 
 Elapsed time for mult 1.188113 (sec) 
 Energy = -171.6994035681906
 Elapsed time for measurement 0.123859 (sec) 
 Sample-based diagonalization: Energy = -171.6994035681906
 Sample-based diagonalization: density = [1.999985651673438,1.996486426056774,1.992148410284672,1.990111789243078,1.99294900211427,1.988070171388634,1.989409060291923,1.986726576543445,1.989471373648793,1.982734629439583,1.98482301004348,1.980589253487149,1.978375889956011,1.923154398660162,1.934521131816611,0.08068423372972927,0.07198680512824204,0.03938022739767989,0.01040876193414652,0.01127165459588583,0.01421054622441057,0.01407368354848827,0.01227272482965718,0.01018353192592044,0.008947857899456506,0.009715276110997286,0.007307921676443141
 Sample-based diagonalization: carryover bitstrings = [], size = 0
