 Elapsed time for helper construction 1.204608 (sec) 
 Elapsed time for init 0.046803 (sec) 
 Elapsed time for makeQChamDiagTerms 18.687782 (sec) 
 Davidson iteration 0.0 (tol=0.5200704015824251): -185.9643725559954
 Davidson iteration 0.1 (tol=0.07887410276648037): -186.0934406511593 -184.1198996590282
 Davidson iteration 0.2 (tol=0.01926665827062413): -186.0965896136849 -184.7272597424658 -184.1072882364099
 Davidson iteration 0.3 (tol=0.00481380928694701): -186.0967767023295 -184.7872535291348 -184.3784959764875 -184.0922043380042
 Davidson iteration 0.4 (tol=0.001658721537638405): -186.0967910126692 -185.2983579604408 -184.4211911928822 -184.2945210589563
 Davidson iteration 0.5 (tol=0.0005972251188048746): -186.0967928566631 -185.5945376751139 -184.4525520148406 -184.359661182949
 Davidson iteration 0.6 (tol=0.0001833985511880155): -186.0967931199607 -185.7418869723274 -185.0674036512235 -184.3603057961659
 Davidson iteration 0.7 (tol=4.189704057164367e-05): -186.0967931375639 -185.7741653322587 -185.1745770652765 -184.5347916255323
 Davidson iteration 1.0 (tol=4.18970405659022e-05): -186.096793137564
 Davidson iteration 1.1 (tol=1.113532250901028e-05): -186.0967931383352 -184.358206339206
 Davidson iteration 1.2 (tol=2.986387840165301e-06): -186.0967931384106 -185.0491599490393 -184.0606024604768
 Elapsed time for davidson 50.097992 (sec) 
 Elapsed time for diagonalization 50.103824 (sec) 
 Elapsed time for mult 1.149035 (sec) 
 Energy = -186.0967931384086
 Elapsed time for measurement 0.142059 (sec) 
 Sample-based diagonalization: Energy = -186.0967931384086
 Sample-based diagonalization: density = [1.999984354370126,1.996841388343528,1.994542825918403,1.995050951870093,1.996168771845827,1.992619109331574,1.993181267288374,1.992309310366462,1.992100809180652,1.993265859899066,1.984442492585311,1.987531025460158,1.994449614644517,1.965924866793791,1.989119238397164,1.994925906842921,0.04502268171408132,0.007082285093940637,0.009669744281361668,0.01177417925849362,0.00559069650730281,0.01021518361801066,0.007461594863959952,0.007429953872883073,0.005359519724748516,0.006940459474740757,0.006815977099451852,0.005284753462182208,0.008895177748411981
 Sample-based diagonalization: carryover bitstrings = [], size = 0
