 Elapsed time for helper construction 0.303294 (sec) 
 Elapsed time for init 0.001678 (sec) 
 Elapsed time for makeQChamDiagTerms 0.647848 (sec) 
 Davidson iteration 0.0 (tol=0.4753167577988817): -112.5017858571795
 Davidson iteration 0.1 (tol=0.1578554724451682): -112.6044813206358 -110.4092197642099
 Davidson iteration 0.2 (tol=0.05687150785551106): -112.6124269604482 -110.8248371478632 -109.6609914141305
 Davidson iteration 0.3 (tol=0.01896899532314348): -112.6133393332036 -110.9052708022204 -109.7058056546822 -109.5870746384721
 Davidson iteration 0.4 (tol=0.006406483077066099): -112.6134325059562 -110.9884148949718 -109.9883002239631 -109.6012476729375
 Davidson iteration 0.5 (tol=0.002280168920828049): -112.6134439153542 -111.1642337562569 -110.4207562670421 -109.8190367457723
 Davidson iteration 0.6 (tol=0.0008655276557351163): -112.6134454094095 -111.3882315745719 -110.6786807003938 -109.8486456986595
 Davidson iteration 0.7 (tol=0.000315674464740336): -112.6134456038666 -111.5449729239358 -110.7915987134189 -109.9805549018006
 Davidson iteration 1.0 (tol=0.0003156744647419421): -112.613445603866
 Davidson iteration 1.1 (tol=0.0001348949408079173): -112.6134456267343 -109.3363605483962
 Davidson iteration 1.2 (tol=5.000044745223132e-05): -112.6134456322963 -111.0293351543251 -107.4656344388443
 Davidson iteration 1.3 (tol=1.971623691160952e-05): -112.6134456330644 -111.5349486702245 -109.1015971778075 -107.060409538525
 Davidson iteration 1.4 (tol=6.858172905378097e-06): -112.6134456331646 -111.7503560889557 -109.2245246454419 -108.6595838119006
 Elapsed time for davidson 5.707746999999999 (sec) 
 Elapsed time for diagonalization 5.707847 (sec) 
 Elapsed time for mult 0.214178 (sec) 
 Energy = -112.613445633165
 Elapsed time for measurement 0.010889 (sec) 
 Sample-based diagonalization: Energy = -112.613445633165
 Sample-based diagonalization: density = [1.999996305153146,1.991589685168346,1.986371230889569,1.97725423358949,1.983521038827278,1.973754883253865,1.976954933801517,1.991884245143395,0.02549004980814196,0.01051523474068989,0.02164518533046691,0.018860746377079,0.006869106087080469,0.01836660859806166,0.01692651319520621
 Sample-based diagonalization: carryover bitstrings = [], size = 0
