 Elapsed time for helper construction 1.386525 (sec) 
 Elapsed time for init 0.020838 (sec) 
 Elapsed time for makeQChamDiagTerms 11.914602 (sec) 
 Davidson iteration 0.0 (tol=0.6363851905155617): -124.2654743993215
 Davidson iteration 0.1 (tol=0.179788998208305): -124.4524082322371 -122.1887944969737
 Davidson iteration 0.2 (tol=0.03672595272158678): -124.4633566893388 -122.5140949748534 -121.4332011858242
 Davidson iteration 0.3 (tol=0.009731609489564037): -124.4637908413669 -122.5994570954718 -121.8047302692849 -121.3955957651204
 Davidson iteration 0.4 (tol=0.002808679602415193): -124.4638240996809 -122.7461282158468 -122.1148079434567 -121.6209116659909
 Davidson iteration 0.5 (tol=0.0008146857006098172): -124.4638267738417 -122.9426820326115 -122.3564906603834 -121.6221008359947
 Davidson iteration 0.6 (tol=0.0002237001545675289): -124.4638269921657 -123.0788452063686 -122.5000719859154 -121.882821506065
 Davidson iteration 0.7 (tol=6.086716719104005e-05): -124.463827008481 -123.1415797893914 -122.5933020197687 -121.985553064619
 Davidson iteration 1.0 (tol=6.086716719186207e-05): -124.4638270084794
 Davidson iteration 1.1 (tol=2.097891785826996e-05): -124.4638270096009 -121.7069389219354
 Davidson iteration 1.2 (tol=6.61188374837018e-06): -124.4638270097655 -122.709191074186 -120.7007219957126
 Elapsed time for davidson 48.8335 (sec) 
 Elapsed time for diagonalization 48.86953 (sec) 
 Elapsed time for mult 1.677565 (sec) 
 Energy = -124.4638270097686
 Elapsed time for measurement 0.119671 (sec) 
 Sample-based diagonalization: Energy = -124.4638270097686
 Sample-based diagonalization: density = [1.999972555338335,1.989716435643356,1.989314307500124,1.985555108730142,1.98583681841433,1.981877014797614,1.981004621604221,1.977936316006497,1.978184637818879,1.977493165534617,1.977356495013751,1.98125956594092,0.01962251980832953,0.02190217070179018,0.02107533223059211,0.01762497975252669,0.01830575381307521,0.01790241358001379,0.016292438781521,0.01365856463498025,0.01565697958826481,0.01551996510194781,0.01693183932132566
 Sample-based diagonalization: carryover bitstrings = [], size = 0
