 Elapsed time for helper construction 0.926164 (sec) 
 Elapsed time for init 0.014805 (sec) 
 Elapsed time for makeQChamDiagTerms 9.228522 (sec) 
 Davidson iteration 0.0 (tol=0.656816510133496): -154.4583809702734
 Davidson iteration 0.1 (tol=0.1986905017492351): -154.6451474356531 -152.4461050917831
 Davidson iteration 0.2 (tol=0.0626702913850703): -154.658607831913 -152.7564340631965 -152.0790512728279
 Davidson iteration 0.3 (tol=0.01663018148093399): -154.6600132207228 -152.9063007736114 -152.1315675434638 -152.0586054422501
 Davidson iteration 0.4 (tol=0.006736946541029758): -154.6601316256546 -153.3529428452449 -152.2922642025236 -152.1240577319047
 Davidson iteration 0.5 (tol=0.002437669709558549): -154.6601501140646 -153.7382780121055 -152.4692985250638 -152.1835704632344
 Davidson iteration 0.6 (tol=0.0008595968967837497): -154.6601524728258 -153.87642760701 -152.6547921655721 -152.2604645844636
 Davidson iteration 0.7 (tol=0.0003440736548258906): -154.6601527723082 -153.9657353845479 -153.1387622339662 -152.3780957985271
 Davidson iteration 1.0 (tol=0.0003440736548216878): -154.66015277231
 Davidson iteration 1.1 (tol=0.0001412061819291306): -154.6601528114232 -152.2108295721562
 Davidson iteration 1.2 (tol=6.262020340676458e-05): -154.6601528218248 -153.6970387641577 -151.3953484238344
 Davidson iteration 1.3 (tol=2.319467791884521e-05): -154.6601528233506 -154.0081295481713 -151.9799481422717 -150.8270705720588
 Davidson iteration 1.4 (tol=8.591513563714495e-06): -154.6601528235587 -154.0995590303613 -152.4057967910856 -151.9776051442074
 Elapsed time for davidson 35.258627 (sec) 
 Elapsed time for diagonalization 35.258724 (sec) 
 Elapsed time for mult 0.79159 (sec) 
 Energy = -154.6601528235573
 Elapsed time for measurement 0.08503999999999999 (sec) 
 Sample-based diagonalization: Energy = -154.6601528235573
 Sample-based diagonalization: density = [1.999990400339341,1.99167967808289,1.990679197488626,1.988788133446081,1.987634853321077,1.982786053072005,1.985414854298076,1.985044520925397,1.981298075558126,1.964387483977445,1.995940117531464,1.987979718312401,1.954631280821606,0.07683636751557654,0.01685827381503852,0.01489669569620108,0.01370816961163198,0.01399684686026778,0.01084736633978997,0.01405234669031881,0.01280506734681876,0.01631954132063302,0.01342495729391638
 Sample-based diagonalization: carryover bitstrings = [], size = 0
