 Elapsed time for helper construction 1.638601 (sec) 
 Elapsed time for init 0.044964 (sec) 
 Elapsed time for makeQChamDiagTerms 11.976659 (sec) 
 Davidson iteration 0.0 (tol=0.6510442443646254): -128.237413779135
 Davidson iteration 0.1 (tol=0.2040063725491321): -128.4215871101204 -126.1310578192428
 Davidson iteration 0.2 (tol=0.06665448267473664): -128.4348033122712 -126.4528586362649 -125.4673126218399
 Davidson iteration 0.3 (tol=0.01747336954576339): -128.4361564491422 -126.5644505836311 -125.629646773612 -125.4301430295265
 Davidson iteration 0.4 (tol=0.005244234070740154): -128.436265268711 -126.8432750192318 -125.9622680293548 -125.5531605341975
 Davidson iteration 0.5 (tol=0.001724824272344896): -128.436274392515 -127.0989348402565 -126.2285915124452 -125.6036703020656
 Davidson iteration 0.6 (tol=0.0004973542354816006): -128.4362753676946 -127.2351391550306 -126.3706312290091 -125.7788737522652
 Davidson iteration 0.7 (tol=0.0001479096783790244): -128.4362754526722 -127.3595755471232 -126.5541202834955 -125.9313972141162
 Davidson iteration 1.0 (tol=0.0001479096783823025): -128.4362754526743
 Davidson iteration 1.1 (tol=5.55251283653352e-05): -128.4362754596267 -125.9463025510912
 Davidson iteration 1.2 (tol=2.081709117438453e-05): -128.4362754609965 -127.1686095450405 -125.0119010730631
 Davidson iteration 1.3 (tol=6.806191399162718e-06): -128.436275461141 -127.4939798808864 -125.3142435381406 -124.7321967177216
 Elapsed time for davidson 54.696654 (sec) 
 Elapsed time for diagonalization 54.698438 (sec) 
 Elapsed time for mult 1.762153 (sec) 
 Energy = -128.4362754611398
 Elapsed time for measurement 0.134348 (sec) 
 Sample-based diagonalization: Energy = -128.4362754611398
 Sample-based diagonalization: density = [1.999970899480382,1.993254869694342,1.990209479645455,1.98755379771844,1.986912535112133,1.982700717709268,1.982068695327365,1.975101580451856,1.980858427056939,1.977243881074959,1.960158826180137,1.9885561078469,0.04622203818854366,0.01379122918656615,0.01574618746620029,0.0177856442184831,0.01696128067501527,0.01736320163315687,0.01499127955547852,0.01436125686549693,0.01522060691283678,0.01002282048943322,0.01294463706773942
 Sample-based diagonalization: carryover bitstrings = [], size = 0
