 Elapsed time for helper construction 1.324057 (sec) 
 Elapsed time for init 0.020009 (sec) 
 Elapsed time for makeQChamDiagTerms 11.736578 (sec) 
 Davidson iteration 0.0 (tol=0.5971710582370935): -124.7844863401672
 Davidson iteration 0.1 (tol=0.123610809172465): -124.9517211978943 -122.744621948004
 Davidson iteration 0.2 (tol=0.02157467388354404): -124.9572809919946 -123.02167595827 -122.3132806321554
 Davidson iteration 0.3 (tol=0.005121758101902745): -124.9574493834397 -123.09295270652 -122.6172097510557 -122.2990652912983
 Davidson iteration 0.4 (tol=0.001330252930254571): -124.9574597039699 -123.2773158778212 -122.7545868440614 -122.5769960763123
 Davidson iteration 0.5 (tol=0.000328664337350218): -124.9574603585093 -123.5016264046553 -122.8944064055508 -122.5903687981514
 Davidson iteration 0.6 (tol=7.465635968678165e-05): -124.9574603957361 -123.5660946637497 -123.0050081106019 -122.7165349026671
 Davidson iteration 0.7 (tol=1.698617675625861e-05): -124.9574603976769 -123.5873375232625 -123.0897214282847 -122.7434854426225
 Davidson iteration 1.0 (tol=1.698617675658782e-05): -124.9574603976779
 Davidson iteration 1.1 (tol=5.023776516073197e-06): -124.9574603977753 -122.4418565596657
 Elapsed time for davidson 38.659348 (sec) 
 Elapsed time for diagonalization 38.659624 (sec) 
 Elapsed time for mult 1.121459 (sec) 
 Energy = -124.9574603977749
 Elapsed time for measurement 0.112043 (sec) 
 Sample-based diagonalization: Energy = -124.9574603977749
 Sample-based diagonalization: density = [1.99997179877708,1.990745837326207,1.991631968100835,1.988424937410273,1.982703620879702,1.98279970292301,1.984896401063089,1.982223923641813,1.983466281090916,1.985132624086122,1.981248573626901,1.980857830768235,0.006453297514376627,0.01828292800522737,0.01892787950730337,0.01857223359859246,0.01588049245389598,0.01528797734916563,0.01660044683095766,0.01442207376773339,0.01529725712956509,0.01129467803508946,0.01487723582058715
 Sample-based diagonalization: carryover bitstrings = [], size = 0
