 Elapsed time for helper construction 1.264256 (sec) 
 Elapsed time for init 0.049072 (sec) 
 Elapsed time for makeQChamDiagTerms 15.432045 (sec) 
 Davidson iteration 0.0 (tol=0.6566964330465037): -164.1477175830948
 Davidson iteration 0.1 (tol=0.1950910497136105): -164.3357219006359 -162.1774698868636
 Davidson iteration 0.2 (tol=0.06019686034791752): -164.3496095788322 -162.4843943866963 -161.895389221311
 Davidson iteration 0.3 (tol=0.01690759404880324): -164.351002495793 -162.6743375418737 -161.9875471031578 -161.8839731932961
 Davidson iteration 0.4 (tol=0.006251121870972196): -164.3511192940052 -163.0225178533886 -162.0571381944381 -161.8929066526535
 Davidson iteration 0.5 (tol=0.002129120505668864): -164.351137589292 -163.4253238318376 -162.2017547949918 -162.0246934689797
 Davidson iteration 0.6 (tol=0.0006997830787843518): -164.3511395010734 -163.5749034210122 -162.3618557503779 -162.0480080032926
 Davidson iteration 0.7 (tol=0.0002740058376434697): -164.3511397254022 -163.678505595965 -162.9703450975028 -162.1698634863032
 Davidson iteration 1.0 (tol=0.0002740058376501255): -164.3511397254053
 Davidson iteration 1.1 (tol=0.0001077566404089749): -164.3511397545127 -162.3239980024545
 Davidson iteration 1.2 (tol=5.09511622268604e-05): -164.3511397623335 -163.5678910636061 -161.9207416434942
 Davidson iteration 1.3 (tol=1.701351079103959e-05): -164.3511397634136 -163.7752267214611 -161.9493237918292 -161.6927622336071
 Davidson iteration 1.4 (tol=6.428962762696923e-06): -164.3511397635355 -163.856632120552 -162.2693259830246 -161.9209784868321
 Elapsed time for davidson 60.281352 (sec) 
 Elapsed time for diagonalization 60.281495 (sec) 
 Elapsed time for mult 1.728666 (sec) 
 Energy = -164.3511397635342
 Elapsed time for measurement 0.137509 (sec) 
 Sample-based diagonalization: Energy = -164.3511397635342
 Sample-based diagonalization: density = [1.999976627399033,1.994560754427376,1.993617274368399,1.991223512495322,1.988434901989771,1.987654549434194,1.985675727609279,1.981008085323515,1.984626399669868,1.984738400353316,1.983820543828361,1.979983640125012,1.987521831632258,1.950752261494666,0.0820120469683219,0.01549397905934772,0.0115313116400543,0.01350850622965375,0.0133622411217796,0.004619927563191436,0.007689476367147644,0.01131776855696392,0.01617128134948023,0.01500917572411292,0.01568977487340764
 Sample-based diagonalization: carryover bitstrings = [], size = 0
