 Elapsed time for helper construction 1.21696 (sec) 
 Elapsed time for init 0.020153 (sec) 
 Elapsed time for makeQChamDiagTerms 17.010091 (sec) 
 Davidson iteration 0.0 (tol=0.6255319163345041): -175.6303699159817
 Davidson iteration 0.1 (tol=0.1497449139562437): -175.8072714421204 -173.7662726128323
 Davidson iteration 0.2 (tol=0.04004470814941589): -175.816789455146 -174.1484291544922 -173.7056818310837
 Davidson iteration 0.3 (tol=0.008818409120975196): -175.8175174032347 -174.1630178702383 -174.0143569700799 -173.6783485890645
 Davidson iteration 0.4 (tol=0.002405893796892425): -175.8175568435531 -174.6774647598458 -174.0148869752954 -173.67917385075
 Davidson iteration 0.5 (tol=0.0007886306567153225): -175.8175594310787 -174.8565095640491 -174.1384582857748 -173.7860769003246
 Davidson iteration 0.6 (tol=0.0002294243002931243): -175.8175597047438 -174.9410848826357 -174.150557626466 -174.0232895761334
 Davidson iteration 0.7 (tol=7.015783336699436e-05): -175.8175597301386 -175.0291800353978 -174.4566303487433 -174.095958157493
 Davidson iteration 1.0 (tol=7.01578333662178e-05): -175.817559730137
 Davidson iteration 1.1 (tol=2.442142831091587e-05): -175.8175597322636 -174.1765671884715
 Davidson iteration 1.2 (tol=1.023260382473069e-05): -175.8175597326813 -175.1227875500515 -173.7013487583684
 Davidson iteration 1.3 (tol=3.765549923434006e-06): -175.8175597327307 -175.3038891332573 -174.066640740111 -173.5134341611642
 Elapsed time for davidson 49.178951 (sec) 
 Elapsed time for diagonalization 49.1793 (sec) 
 Elapsed time for mult 1.00538 (sec) 
 Energy = -175.8175597327352
 Elapsed time for measurement 0.132622 (sec) 
 Sample-based diagonalization: Energy = -175.8175597327352
 Sample-based diagonalization: density = [1.999978385775554,1.994492646129348,1.995009754294153,1.993132892312941,1.993956656856236,1.9918080797487,1.990292838528155,1.985476831090009,1.986312013176463,1.986349719614298,1.98382201650815,1.972684790581062,1.994287841967212,1.98897135563134,1.95204377192016,0.07743680192978467,0.01711679098560116,0.01263208060629871,0.01096550779663103,0.005064763518024205,0.007585665011898317,0.01157294828226974,0.007440145202701668,0.01210216061985899,0.01418721093564008,0.01527633070192461
 Sample-based diagonalization: carryover bitstrings = [], size = 0
