 Elapsed time for helper construction 0.221411 (sec) 
 Elapsed time for init 0.003759 (sec) 
 Elapsed time for makeQChamDiagTerms 0.669627 (sec) 
 Davidson iteration 0.0 (tol=0.6006659325132574): -109.6469247361792
 Davidson iteration 0.1 (tol=0.2634677714657719): -109.7966438856798 -107.5717127923723
 Davidson iteration 0.2 (tol=0.1208245114303387): -109.8162438293887 -108.0267346024774 -106.5479672779948
 Davidson iteration 0.3 (tol=0.04495812288281002): -109.8203211027866 -108.259725668092 -106.8339549340835 -106.0984098336383
 Davidson iteration 0.4 (tol=0.01914510564263859): -109.8208308346453 -108.4692220154732 -107.2180378278906 -106.4214873486464
 Davidson iteration 0.5 (tol=0.007622472413758484): -109.8209319096534 -108.7589847665438 -107.5791363564231 -106.617823626492
 Davidson iteration 0.6 (tol=0.003571858195012405): -109.8209492235086 -108.9669642740026 -107.8394215249401 -106.7097550769062
 Davidson iteration 0.7 (tol=0.001556121720116727): -109.8209530147298 -109.1270117919222 -108.1450898873337 -107.1262808572465
 Davidson iteration 1.0 (tol=0.001556121720114212): -109.8209530147301
 Davidson iteration 1.1 (tol=0.0007019416698435235): -109.8209536344652 -107.0158424097328
 Davidson iteration 1.2 (tol=0.0004011637848386555): -109.820953831574 -108.7634126377886 -106.2103891677527
 Davidson iteration 1.3 (tol=0.0001941158264234374): -109.8209538798732 -109.172994652679 -106.332014584962 -105.3738474866571
 Davidson iteration 1.4 (tol=8.323573024513603e-05): -109.8209538893929 -109.2875775977284 -106.3762974425798 -106.1675034834194
 Davidson iteration 1.5 (tol=3.301276578122674e-05): -109.8209538913197 -109.357204269761 -107.3918420067709 -106.3675802920046
 Davidson iteration 1.6 (tol=1.392231587541753e-05): -109.8209538916135 -109.3795455118673 -107.9692033470759 -106.6097202855275
 Davidson iteration 1.7 (tol=4.418367277515566e-06): -109.8209538916678 -109.3922203304449 -108.3757803704213 -106.6434618485708
 Elapsed time for davidson 7.343356999999999 (sec) 
 Elapsed time for diagonalization 7.343432 (sec) 
 Elapsed time for mult 0.284926 (sec) 
 Energy = -109.8209538916678
 Elapsed time for measurement 0.009518 (sec) 
 Sample-based diagonalization: Energy = -109.8209538916678
 Sample-based diagonalization: density = [1.999987367968019,1.989415010455289,1.986518321016989,1.981135142449797,1.978509144199849,1.977300927232256,1.959523963787472,1.981562083508549,1.943352913453907,0.09459770998177693,0.02472898595807789,0.02348341484532753,0.01972810314260144,0.02247640799658341,0.01768050398070981
 Sample-based diagonalization: carryover bitstrings = [], size = 0
