"PluginInterface" error: Failure to initialize device 0: Error in cuDevicePrimaryCtxRetain: out of memory
"PluginInterface" error: Failure to initialize device 0: Error in cuDevicePrimaryCtxRetain: out of memory
"PluginInterface" error: Failure to initialize device 1: Error in cuDevicePrimaryCtxRetain: out of memory
"PluginInterface" error: Failure to initialize device 1: Error in cuDevicePrimaryCtxRetain: out of memory
"PluginInterface" error: Failure to initialize device 2: Error in cuDevicePrimaryCtxRetain: out of memory
"PluginInterface" error: Failure to initialize device 2: Error in cuDevicePrimaryCtxRetain: out of memory
"PluginInterface" error: Failure to initialize device 3: Error in cuDevicePrimaryCtxRetain: out of memory
"PluginInterface" error: Failure to initialize device 3: Error in cuDevicePrimaryCtxRetain: out of memory
 Elapsed time for helper construction 0.234674 (sec) 
 Elapsed time for init 0.00178 (sec) 
 Elapsed time for makeQChamDiagTerms 0.076808 (sec) 
 Davidson iteration 0.0 (tol=0.6874295670192198): -146.988799511631
 Davidson iteration 0.1 (tol=0.3051922097051212): -147.1927892647031 -145.0780288771532
 Davidson iteration 0.2 (tol=0.1353170544866124): -147.2207874543058 -145.3839481885983 -144.1521958037147
 Davidson iteration 0.3 (tol=0.04651202246890135): -147.2258185540291 -145.5101341246597 -144.4135300760227 -143.8939221048716
 Davidson iteration 0.4 (tol=0.01766500169824873): -147.2264945635708 -145.7752635985168 -144.5708416839026 -144.1571374364581
 Davidson iteration 0.5 (tol=0.006896518155029592): -147.2265825266671 -146.0315074025414 -144.9622013797552 -144.4077807932078
 Davidson iteration 0.6 (tol=0.002456033625164482): -147.2265975228069 -146.1716462576209 -145.1734241952563 -144.6168363789895
 Davidson iteration 0.7 (tol=0.0009924835518635669): -147.2265992883545 -146.2800987519306 -145.3024896682674 -144.7742727647795
 Davidson iteration 0.8 (tol=0.0003751968542167455): -147.2265995620212 -146.3712008968619 -145.5340410373921 -145.0932459395381
 Davidson iteration 0.9 (tol=0.0001312213462746565): -147.2265996050114 -146.4158398066806 -145.688072025677 -145.0996316698847
 Davidson iteration 0.10 (tol=5.198042625098615e-05): -147.226599610713 -146.4773753665792 -145.946513735441 -145.2662754722335
 Davidson iteration 0.11 (tol=2.278919020688959e-05): -147.2265996115692 -146.5244506428535 -146.1096236006437 -145.3932130611396
 Davidson iteration 0.12 (tol=9.759756396893021e-06): -147.2265996117175 -146.572032276173 -146.2093658233996 -145.5123554538343
 Davidson iteration 0.13 (tol=3.793548617247611e-06): -147.2265996117443 -146.6385001498703 -146.2796578078227 -145.6416070763241
 Davidson iteration 0.14 (tol=1.435658021469633e-06): -147.2265996117489 -146.6705848312584 -146.3209243399207 -145.766647991021
 Davidson iteration 0.15 (tol=6.373810988153339e-07): -147.2265996117494 -146.6823731257467 -146.3487279038349 -145.9118985119826
 Davidson iteration 0.16 (tol=2.445943667070412e-07): -147.2265996117495 -146.6941422928675 -146.3706190660017 -146.0573683031114
 Davidson iteration 0.17 (tol=8.60878937827792e-08): -147.2265996117495 -146.6986207170748 -146.3891954366859 -146.187173682947
 Davidson iteration 0.18 (tol=3.067981355356507e-08): -147.2265996117497 -146.6998498599546 -146.4023235307263 -146.2596539774943
 Davidson iteration 0.19 (tol=1.184251991061448e-08): -147.2265996117497 -146.7005709048684 -146.4111112820762 -146.2871882994866
 Davidson iteration 1.0 (tol=1.184252001554444e-08): -147.2265996117398
 Davidson iteration 1.1 (tol=5.064398357440846e-09): -147.2265996117399 -143.3741240230224
 Elapsed time for davidson 26.739303 (sec) 
 Elapsed time for diagonalization 26.73936 (sec) 
 Elapsed time for mult 0.7283999999999999 (sec) 
 Energy = -147.2265996117399
 Elapsed time for measurement 0.029241 (sec) 
 Sample-based diagonalization: Energy = -147.2265996117399
 Sample-based diagonalization: density = [1.999972031527896,1.99303983958632,1.991863825242667,1.993163538158853,1.984366202457267,1.984848638750327,1.983644688830761,1.975559128887749,1.982341828891272,1.976554129211934,1.982303088846892,1.893543231424579,1.982653421951591,0.115636509284637,0.02699563390839595,0.02186120144867437,0.02282084460344084,0.01729446944646511,0.01096068606869648,0.01887372974780181,0.0206224654392444,0.02108086623049565
 Sample-based diagonalization: carryover bitstrings = [], size = 0
