 Elapsed time for helper construction 0.85646 (sec) 
 Elapsed time for init 0.022569 (sec) 
 Elapsed time for makeQChamDiagTerms 3.954783 (sec) 
 Davidson iteration 0.0 (tol=0.5521873103494618): -148.3278713087502
 Davidson iteration 0.1 (tol=0.2486102947492498): -148.4592362622378 -146.4090856247135
 Davidson iteration 0.2 (tol=0.1144758160884359): -148.4773918763251 -146.8416533161455 -145.4829412066199
 Davidson iteration 0.3 (tol=0.04570206201826698): -148.4812234801109 -147.0420442149841 -145.7740216480003 -145.0852826460297
 Davidson iteration 0.4 (tol=0.01867117400378147): -148.4817542353234 -147.2122097275843 -146.0671360464477 -145.5083194328729
 Davidson iteration 0.5 (tol=0.006689685412543405): -148.4818605127331 -147.4776074563318 -146.3155863852521 -145.6852041400325
 Davidson iteration 0.6 (tol=0.003127627822658588): -148.4818723263342 -147.6068970874688 -146.4875007339563 -145.6869572239296
 Davidson iteration 0.7 (tol=0.001264292708719862): -148.4818744972083 -147.6907690207555 -146.6967888649783 -145.8925878581562
 Davidson iteration 1.0 (tol=0.001264292708716726): -148.481874497208
 Davidson iteration 1.1 (tol=0.0006519558770869678): -148.4818748466205 -145.3729598704002
 Davidson iteration 1.2 (tol=0.000314155105220795): -148.4818749702067 -147.1973784907141 -142.3113585065067
 Davidson iteration 1.3 (tol=0.0001396851416164676): -148.4818749996206 -147.7004807712381 -144.9300090059046 -141.327334402248
 Davidson iteration 1.4 (tol=6.510239554311722e-05): -148.4818750041763 -147.8726540527959 -145.1305262295201 -144.5219872061184
 Davidson iteration 1.5 (tol=2.89643790028991e-05): -148.4818750052009 -147.9720300559148 -146.1460976950411 -144.9404343287397
 Davidson iteration 1.6 (tol=1.429208054906083e-05): -148.4818750054442 -148.0550953189508 -147.0677649180485 -145.0976030901419
 Davidson iteration 1.7 (tol=7.139535519509292e-06): -148.4818750055107 -148.1331917862732 -147.5551116842641 -145.2005162352354
 Elapsed time for davidson 44.944073 (sec) 
 Elapsed time for diagonalization 44.944297 (sec) 
 Elapsed time for mult 1.544343 (sec) 
 Energy = -148.4818750055106
 Elapsed time for measurement 5.580219 (sec) 
 Sample-based diagonalization: Energy = -148.4818750055106
 Sample-based diagonalization: density = [1.999996858253997,1.997228536407163,1.992292918640929,1.992573767984676,1.990507638196753,1.985110438328446,1.979713066108476,1.980200507996637,1.976138591177034,1.983695962969523,1.928029436309122,0.1077030280360968,0.01515101693596265,0.006934842408821078,0.01873725192293721,0.003060643786244059,0.02447474605615547,0.01845074842248907
 Sample-based diagonalization: carryover bitstrings = [], size = 0
 Elapse time for dumping one-particle rdm = 0.000676
 Elapse time for dumping two-particle rdm = 0.09763999999999999
 Zero-Body energy = 0
 One-Body energy = -241.2451489255115
 Two-Body energy = 92.76327392042847
 One-Body + Two-Body energy = -148.481875005083
 Zero-Body + One-Body + Two-Body energy = -148.481875005083
