 Elapsed time for helper construction 0.317682 (sec) 
 Elapsed time for init 0.009306 (sec) 
 Elapsed time for makeQChamDiagTerms 1.498321 (sec) 
 Davidson iteration 0.0 (tol=0.5317244492857669): -88.79853064874638
 Davidson iteration 0.1 (tol=0.1715824693717996): -88.92537216893928 -86.67006475153413
 Davidson iteration 0.2 (tol=0.03860742276052135): -88.93502988718831 -87.06845309791794 -85.65305107373075
 Davidson iteration 0.3 (tol=0.009818923088918319): -88.93545298183496 -87.16295072890976 -86.06594665677433 -85.39441542171376
 Davidson iteration 0.4 (tol=0.002752909764306705): -88.93548161957879 -87.23914854275654 -86.42237584042545 -85.62603311150305
 Davidson iteration 0.5 (tol=0.0008564925620300066): -88.9354838667349 -87.34409748578612 -86.77750937301562 -85.63282904845863
 Davidson iteration 0.6 (tol=0.0002267271590381208): -88.93548407756657 -87.44527319675039 -86.97846480474762 -86.01278927973753
 Davidson iteration 0.7 (tol=6.101716320936288e-05): -88.93548409256179 -87.50110103651532 -87.08991250946488 -86.27463686063119
 Davidson iteration 1.0 (tol=6.101716321112649e-05): -88.93548409256157
 Davidson iteration 1.1 (tol=2.108836966739783e-05): -88.93548409351483 -85.61288984037863
 Davidson iteration 1.2 (tol=6.834884752341454e-06): -88.93548409366574 -86.94309334094592 -84.59876077352635
 Elapsed time for davidson 11.644731 (sec) 
 Elapsed time for diagonalization 11.644858 (sec) 
 Elapsed time for mult 0.654633 (sec) 
 Energy = -88.93548409366589
 Elapsed time for measurement 0.021819 (sec) 
 Sample-based diagonalization: Energy = -88.93548409366589
 Sample-based diagonalization: density = [1.999966507624907,1.989349379074518,1.986455661023324,1.987990806586476,1.981777623157144,1.979150839211446,1.978656615653223,1.976588080952352,1.979176980188954,0.01491259715834754,0.02135282575764279,0.01955270665566965,0.01755333518452868,0.01807019776388934,0.01736238533315169,0.01604405471160225,0.0160394039017509
 Sample-based diagonalization: carryover bitstrings = [], size = 0
