 Elapsed time for helper construction 1.144906 (sec) 
 Elapsed time for init 0.017467 (sec) 
 Elapsed time for makeQChamDiagTerms 13.067149 (sec) 
 Davidson iteration 0.0 (tol=0.5799326359502726): -163.0674046766099
 Davidson iteration 0.1 (tol=0.1512138430593177): -163.2252801073824 -161.3059543677447
 Davidson iteration 0.2 (tol=0.04221647039004858): -163.2353685058286 -161.7145189176836 -161.226582264973
 Davidson iteration 0.3 (tol=0.01014860575289092): -163.2362260445258 -161.7561665056301 -161.5579306543791 -161.1677237310805
 Davidson iteration 0.4 (tol=0.003727239159591292): -163.2362838368161 -162.308193436485 -161.5689852887027 -161.1727034281595
 Davidson iteration 0.5 (tol=0.001173198971217845): -163.2362908394138 -162.4552404819724 -161.6533132014291 -161.3905069414864
 Davidson iteration 0.6 (tol=0.000306213202129554): -163.2362915140172 -162.5563223977365 -161.6852856489332 -161.5983846749911
 Davidson iteration 0.7 (tol=9.103250050533771e-05): -163.2362915579293 -162.5984796994279 -161.8574304511871 -161.6733726967998
 Davidson iteration 1.0 (tol=9.103250050554069e-05): -163.2362915579303
 Davidson iteration 1.1 (tol=3.488250550736377e-05): -163.2362915618127 -161.7933085805027
 Davidson iteration 1.2 (tol=1.447094690776414e-05): -163.2362915627144 -162.6078095593722 -161.0443342869096
 Davidson iteration 1.3 (tol=5.129843712341088e-06): -163.2362915628224 -162.8416581218151 -161.1007660850586 -160.9950206393269
 Elapsed time for davidson 38.217232 (sec) 
 Elapsed time for diagonalization 38.217412 (sec) 
 Elapsed time for mult 0.6165039999999999 (sec) 
 Energy = -163.2362915628201
 Elapsed time for measurement 0.111054 (sec) 
 Sample-based diagonalization: Energy = -163.2362915628201
 Sample-based diagonalization: density = [1.999982564465344,1.994629739616492,1.995013360501193,1.993501920045401,1.988930972824237,1.989488161605289,1.994798771537635,1.990407705103013,1.985013590036991,1.98406422151861,1.969200228280495,1.994022980284138,1.990232047603157,1.942615103023052,0.0896147540717146,0.004735589414808375,0.01630399550113852,0.01188248101522269,0.006643073387503723,0.005136343472218221,0.006118037636147625,0.01401194022942927,0.009090229064698474,0.008552540731038789,0.01600964881475505
 Sample-based diagonalization: carryover bitstrings = [], size = 0
