 Elapsed time for helper construction 0.598853 (sec) 
 Elapsed time for init 0.006297 (sec) 
 Elapsed time for makeQChamDiagTerms 3.188669 (sec) 
 Davidson iteration 0.0 (tol=0.545062156981445): -89.4802781197087
 Davidson iteration 0.1 (tol=0.1866639121734583): -89.61651937195987 -87.39705712687645
 Davidson iteration 0.2 (tol=0.04285316671613879): -89.62843503739776 -87.82649971047725 -86.41298264945092
 Davidson iteration 0.3 (tol=0.01140422210912813): -89.62898043564356 -87.92544221817511 -86.83096560525736 -86.20281335822733
 Davidson iteration 0.4 (tol=0.003409615591307123): -89.62902158491083 -88.01203977354605 -87.24609611696727 -86.42296685355015
 Davidson iteration 0.5 (tol=0.001143991525642122): -89.62902523484382 -88.13070404297871 -87.5815731309396 -86.43049609215392
 Davidson iteration 0.6 (tol=0.0003280818292959817): -89.62902563064448 -88.23712292098715 -87.75897067984172 -86.8507414920667
 Davidson iteration 0.7 (tol=9.032738516449928e-05): -89.62902566379877 -88.29033911591794 -87.87631630553274 -87.15861174769525
 Davidson iteration 1.0 (tol=9.03273851652007e-05): -89.62902566379864
 Davidson iteration 1.1 (tol=3.257240255507463e-05): -89.62902566599689 -86.48471900588558
 Davidson iteration 1.2 (tol=1.142673421087197e-05): -89.62902566636413 -87.72839607606733 -85.40312684818453
 Davidson iteration 1.3 (tol=3.597365567592742e-06): -89.6290256664028 -88.13851157492279 -86.29651383938518 -84.84526552788911
 Elapsed time for davidson 20.68163 (sec) 
 Elapsed time for diagonalization 20.681847 (sec) 
 Elapsed time for mult 0.7555149999999999 (sec) 
 Energy = -89.6290256664026
 Elapsed time for measurement 0.04237 (sec) 
 Sample-based diagonalization: Energy = -89.6290256664026
 Sample-based diagonalization: density = [1.999966577999507,1.986963888193205,1.984831160126005,1.985195190744328,1.979824588059617,1.979794817008622,1.975754155568707,1.974472872396355,1.974692024270554,0.02134499820071309,0.02178295968639877,0.02091283820151183,0.01547046009981993,0.01323326000669511,0.01903925107500176,0.01451593816764244,0.01647315559069876,0.01573186447419066
 Sample-based diagonalization: carryover bitstrings = [], size = 0
