 Elapsed time for helper construction 1.230257 (sec) 
 Elapsed time for init 0.036586 (sec) 
 Elapsed time for makeQChamDiagTerms 11.454969 (sec) 
 Davidson iteration 0.0 (tol=0.6512220775136256): -154.8715526848742
 Davidson iteration 0.1 (tol=0.2280767940722988): -155.0548233054129 -152.8512866732121
 Davidson iteration 0.2 (tol=0.08375593857236102): -155.0716656904452 -153.1947071153974 -152.2321934314477
 Davidson iteration 0.3 (tol=0.02521305945162079): -155.0740304668128 -153.4346227566083 -152.3375603695821 -152.0427039933242
 Davidson iteration 0.4 (tol=0.01036548664201807): -155.0742609831424 -153.7617024550807 -152.6133375675431 -152.2672088198093
 Davidson iteration 0.5 (tol=0.003903390197896715): -155.0743023456106 -154.1363370427678 -152.8955277597365 -152.3477278044427
 Davidson iteration 0.6 (tol=0.001458971494061268): -155.0743079070613 -154.2932545952278 -153.0992067724504 -152.4139548923396
 Davidson iteration 0.7 (tol=0.000530647474337488): -155.0743087397213 -154.3681288444686 -153.4161253134462 -152.7247055949759
 Davidson iteration 1.0 (tol=0.0005306474743364703): -155.0743087397219
 Davidson iteration 1.1 (tol=0.0002227936148726045): -155.0743088379834 -152.8523834532134
 Davidson iteration 1.2 (tol=0.0001034807269338233): -155.0743088621532 -153.991946418338 -152.0828646033128
 Davidson iteration 1.3 (tol=3.874161740605682e-05): -155.074308865865 -154.2723307840584 -152.2312268738639 -151.646625364904
 Davidson iteration 1.4 (tol=1.533020843951269e-05): -155.0743088663784 -154.3961372607525 -152.6261114508496 -152.0720938214459
 Davidson iteration 1.5 (tol=6.026388738772212e-06): -155.0743088664713 -154.4867121215289 -153.5048215086617 -152.1579243547545
 Elapsed time for davidson 56.862824 (sec) 
 Elapsed time for diagonalization 56.86298 (sec) 
 Elapsed time for mult 1.561578 (sec) 
 Energy = -155.074308866471
 Elapsed time for measurement 0.101635 (sec) 
 Sample-based diagonalization: Energy = -155.074308866471
 Sample-based diagonalization: density = [1.999989558744758,1.991605669564687,1.991136426752067,1.991028721934588,1.984289478062903,1.984920042940806,1.986085884098786,1.991177979048906,1.983011652372443,1.981632862446659,1.966164002622759,1.987925424576583,1.94500929092985,0.08762281960489904,0.02190044930902998,0.01716541913652221,0.009331403324817196,0.01085863205670148,0.01130071404681674,0.01635934738517903,0.009513388653298607,0.01738636767373955,0.01458446430435512
 Sample-based diagonalization: carryover bitstrings = [], size = 0
