 Elapsed time for helper construction 1.201254 (sec) 
 Elapsed time for init 0.020167 (sec) 
 Elapsed time for makeQChamDiagTerms 18.447437 (sec) 
 Davidson iteration 0.0 (tol=0.5989045643239681): -201.4742491180599
 Davidson iteration 0.1 (tol=0.1162538288550564): -201.6458767760012 -199.698833078358
 Davidson iteration 0.2 (tol=0.02927757760332269): -201.652425533894 -200.1474558751771 -199.6797588466982
 Davidson iteration 0.3 (tol=0.00577761733207036): -201.6528129462658 -200.1542170435263 -199.8154810182852 -199.5885016770982
 Davidson iteration 0.4 (tol=0.001660991595067238): -201.6528309437473 -200.6518420142606 -199.8463968623117 -199.6428587580416
 Davidson iteration 0.5 (tol=0.000467658687081934): -201.6528323187835 -200.7406935205663 -200.0282454675887 -199.7845021711061
 Davidson iteration 0.6 (tol=0.0001301740290174396): -201.6528324459572 -200.9620191636277 -200.2266666614745 -199.9934394041881
 Davidson iteration 0.7 (tol=3.365394265410106e-05): -201.6528324543742 -201.0192584363815 -200.264144986652 -200.0834056264195
 Davidson iteration 1.0 (tol=3.365394265150371e-05): -201.652832454374
 Davidson iteration 1.1 (tol=1.038354270038003e-05): -201.6528324548961 -200.0454587575612
 Davidson iteration 1.2 (tol=3.120371428459465e-06): -201.6528324549667 -200.6903277006029 -199.5406539423238
 Elapsed time for davidson 45.085709 (sec) 
 Elapsed time for diagonalization 45.088638 (sec) 
 Elapsed time for mult 0.8121729999999999 (sec) 
 Energy = -201.6528324549628
 Elapsed time for measurement 0.133409 (sec) 
 Sample-based diagonalization: Energy = -201.6528324549628
 Sample-based diagonalization: density = [1.999996947418039,1.993941529734162,1.994041889846759,1.994436261495069,1.994592663254684,1.991529673605144,1.992370060310163,1.986804671763467,1.992545133600546,1.991741345761774,1.986398769650054,1.99232681799468,1.988894624398625,1.9664995998087,1.99370869050783,1.951838400399878,0.07774945611707287,0.01363611617620356,0.0148061852626553,0.01280208766468536,0.008314988587987487,0.006304353967729256,0.008394951685260884,0.009347372124446637,0.009229283098085288,0.0052140442991255,0.01269037550512698,0.009843705752090729
 Sample-based diagonalization: carryover bitstrings = [], size = 0
