 Elapsed time for helper construction 5.380519 (sec) 
 Elapsed time for init 0.073185 (sec) 
 Elapsed time for makeQChamDiagTerms 41.671654 (sec) 
 Davidson iteration 0.0 (tol=0.6700492500215364): -167.3236898631174
 Davidson iteration 0.1 (tol=0.291666888491716): -167.5183658206004 -165.3909878956447
 Davidson iteration 0.2 (tol=0.1160741022412843): -167.5443675150827 -165.7530905103207 -164.420483967291
 Davidson iteration 0.3 (tol=0.04284882576014257): -167.5481780093747 -165.9390338708167 -164.5056276496664 -164.2537248233808
 Davidson iteration 0.4 (tol=0.01724959647394124): -167.5487744319993 -166.2564257529006 -165.0345169714684 -164.2556340890761
 Davidson iteration 0.5 (tol=0.00712246075042657): -167.5488700677028 -166.5235465224739 -165.4159598229712 -164.2677074853248
 Davidson iteration 0.6 (tol=0.00265793504497655): -167.5488864515218 -166.6946074214348 -165.5873876555942 -164.7198241681024
 Davidson iteration 0.7 (tol=0.001121466606472732): -167.548888877398 -166.8300768605319 -165.8113105302324 -165.0739504493278
 Davidson iteration 1.0 (tol=0.001121466606474608): -167.5488888773968
 Davidson iteration 1.1 (tol=0.0005396219087492324): -167.5488892386309 -165.1102026001356
 Davidson iteration 1.2 (tol=0.0003138492731530047): -167.54888938331 -166.6650124196408 -163.6854012130482
 Davidson iteration 1.3 (tol=0.0001471385321066587): -167.5488894169818 -167.0077032070936 -164.1625067067102 -163.6510227723386
 Davidson iteration 1.4 (tol=6.534370902981197e-05): -167.5488894240069 -167.1087718550967 -164.8102004321753 -163.9115147212734
 Davidson iteration 1.5 (tol=3.11682616759586e-05): -167.5488894254142 -167.1513989444942 -165.8083074733823 -163.9231457035767
 Davidson iteration 1.6 (tol=1.32541101367543e-05): -167.548889425702 -167.1741989271059 -166.2990454021241 -164.0551975210546
 Davidson iteration 1.7 (tol=5.684049596633861e-06): -167.5488894257574 -167.1869247022576 -166.5708596367479 -164.6002636817806
 Elapsed time for davidson 421.742142 (sec) 
 Elapsed time for diagonalization 421.748613 (sec) 
 Elapsed time for mult 17.455144 (sec) 
 Energy = -167.5488894257614
 Elapsed time for measurement 64.45043799999999 (sec) 
 Sample-based diagonalization: Energy = -167.5488894257614
 Sample-based diagonalization: density = [1.99998642053837,1.993242424848563,1.990565358583895,1.986998126407287,1.985345312055093,1.986067029699811,1.979794445939863,1.981299108238308,1.973616678363311,1.98677507230909,1.984161173208778,1.967364744640173,1.961820417615287,1.952272061151233,0.09006162214116215,0.05381424652165782,0.02557726628063951,0.0217212349922169,0.02344108143112166,0.01454921109732411,0.0149462008089164,0.01279370811960518,0.01378705461665692
 Sample-based diagonalization: carryover bitstrings = [], size = 0
 Elapse time for dumping one-particle rdm = 0.0009149999999999999
 Elapse time for dumping two-particle rdm = 0.25147
 Zero-Body energy = 0
 One-Body energy = -287.3803095702655
 Two-Body energy = 119.831420147052
 One-Body + Two-Body energy = -167.5488894232135
 Zero-Body + One-Body + Two-Body energy = -167.5488894232135
