 Elapsed time for helper construction 0.7167169999999999 (sec) 
 Elapsed time for init 0.018415 (sec) 
 Elapsed time for makeQChamDiagTerms 3.162583 (sec) 
 Davidson iteration 0.0 (tol=0.5642168269516762): -148.7338923108007
 Davidson iteration 0.1 (tol=0.2502258188837184): -148.8658552345674 -146.7914521474863
 Davidson iteration 0.2 (tol=0.1115610064582439): -148.8842497167516 -147.2153874080626 -146.0039545026228
 Davidson iteration 0.3 (tol=0.04376773083912876): -148.887830536947 -147.4030448077656 -146.1969715173593 -145.6926458218327
 Davidson iteration 0.4 (tol=0.01819833392903046): -148.8883264610241 -147.6056711769718 -146.4284320890676 -145.9812949420798
 Davidson iteration 0.5 (tol=0.006732263595112033): -148.888426527249 -147.893147681677 -146.6614903648958 -146.0758683762923
 Davidson iteration 0.6 (tol=0.003193499648086713): -148.8884379164089 -148.0254818259232 -146.8290874908414 -146.076968155031
 Davidson iteration 0.7 (tol=0.001240281006877842): -148.8884402332679 -148.1053002215935 -147.0360053650053 -146.3174779860581
 Davidson iteration 1.0 (tol=0.001240281006871279): -148.8884402332677
 Davidson iteration 1.1 (tol=0.0006189309242982497): -148.8884405801259 -145.9078627141624
 Davidson iteration 1.2 (tol=0.0003018711396598753): -148.8884406939371 -147.4542986137963 -143.6131958109197
 Davidson iteration 1.3 (tol=0.0001265794000505229): -148.8884407209051 -147.9840711723097 -145.116104709413 -143.1377303832871
 Davidson iteration 1.4 (tol=5.2863136927423e-05): -148.8884407248277 -148.1788377119284 -145.4313966020082 -145.0380023130304
 Davidson iteration 1.5 (tol=2.212685046749578e-05): -148.8884407255928 -148.2703311782537 -146.3840451229237 -145.1690851164584
 Davidson iteration 1.6 (tol=1.031169967787223e-05): -148.888440725735 -148.3442794316253 -147.2526371128217 -145.5172352607515
 Davidson iteration 1.7 (tol=4.137180268028786e-06): -148.8884407257643 -148.3891552445513 -147.6761079400367 -145.5692885954246
 Elapsed time for davidson 34.237632 (sec) 
 Elapsed time for diagonalization 34.238495 (sec) 
 Elapsed time for mult 1.179802 (sec) 
 Energy = -148.8884407257652
 Elapsed time for measurement 4.253797 (sec) 
 Sample-based diagonalization: Energy = -148.8884407257652
 Sample-based diagonalization: density = [1.999996912254779,1.995608305656755,1.992298884892092,1.993589110506156,1.987986402782941,1.986787574789207,1.993085971159767,1.972554153785723,1.977653165388316,1.985823047539343,1.924900929367682,0.1080674224402282,0.005970179438223269,0.01153477903988776,0.009362403397310218,0.01729222223663759,0.0185768311839036,0.01891170409601558
 Sample-based diagonalization: carryover bitstrings = [], size = 0
 Elapse time for dumping one-particle rdm = 0.000563
 Elapse time for dumping two-particle rdm = 0.09467199999999999
 Zero-Body energy = 0
 One-Body energy = -242.5021607968776
 Two-Body energy = 93.61372007143399
 One-Body + Two-Body energy = -148.8884407254436
 Zero-Body + One-Body + Two-Body energy = -148.8884407254436
