 Elapsed time for helper construction 1.304388 (sec) 
 Elapsed time for init 0.018998 (sec) 
 Elapsed time for makeQChamDiagTerms 10.919978 (sec) 
 Davidson iteration 0.0 (tol=0.6692349203778042): -156.0726873076421
 Davidson iteration 0.1 (tol=0.2548643751591159): -156.2602730425219 -154.003522259945
 Davidson iteration 0.2 (tol=0.09933350621691274): -156.2801543883348 -154.3643298914033 -153.3307103794015
 Davidson iteration 0.3 (tol=0.03128384444042065): -156.2833215284356 -154.5801396692251 -153.5693683830426 -153.204459355254
 Davidson iteration 0.4 (tol=0.01300147513810379): -156.2836617720762 -154.9099759103822 -153.8217237165863 -153.285697449708
 Davidson iteration 0.5 (tol=0.005497203060152079): -156.2837314146789 -155.3726165692232 -154.1346122635908 -153.5161445744971
 Davidson iteration 0.6 (tol=0.002273056033745545): -156.283742750647 -155.5524426719275 -154.3190466289119 -153.5411566057393
 Davidson iteration 0.7 (tol=0.0009646467704961818): -156.2837447162142 -155.673360200594 -154.7785118354959 -153.9321630321059
 Davidson iteration 1.0 (tol=0.000964646770500708): -156.2837447162148
 Davidson iteration 1.1 (tol=0.0004373887159665311): -156.2837450146847 -154.0096865684858
 Davidson iteration 1.2 (tol=0.0002310041321143778): -156.2837451109991 -155.345141672411 -153.0394239351513
 Davidson iteration 1.3 (tol=0.0001022609481296485): -156.2837451316742 -155.7266381505579 -153.5400164997543 -152.6540044283813
 Davidson iteration 1.4 (tol=4.083369491562094e-05): -156.2837451354062 -155.8115796404694 -153.7641579168036 -153.5330162213409
 Davidson iteration 1.5 (tol=1.579049273224366e-05): -156.2837451360566 -155.8599804258924 -154.6796842693617 -153.5860401073563
 Davidson iteration 1.6 (tol=5.877444365526115e-06): -156.2837451361351 -155.879688364267 -154.9670385098017 -153.9233272712247
 Elapsed time for davidson 54.061315 (sec) 
 Elapsed time for diagonalization 54.06162399999999 (sec) 
 Elapsed time for mult 1.343061 (sec) 
 Energy = -156.283745136136
 Elapsed time for measurement 0.102655 (sec) 
 Sample-based diagonalization: Energy = -156.283745136136
 Sample-based diagonalization: density = [1.999972684088226,1.994005791208566,1.992040222772096,1.99281298681258,1.985332100004792,1.985049122583326,1.985212107210051,1.981579621395408,1.983735873154859,1.981656510469109,1.964790908197406,1.981589604462202,1.950489030336998,0.08697752026471584,0.01493701814136099,0.02295622499848315,0.01718131292747195,0.01118463467205076,0.0151993890468693,0.01709911302309587,0.01875986179195561,0.01743836198783731
 Sample-based diagonalization: carryover bitstrings = [], size = 0
