 Elapsed time for helper construction 0.931368 (sec) 
 Elapsed time for init 0.032656 (sec) 
 Elapsed time for makeQChamDiagTerms 9.121677999999999 (sec) 
 Davidson iteration 0.0 (tol=0.6219237536516684): -125.6020572994662
 Davidson iteration 0.1 (tol=0.1066885864323058): -125.7849589148328 -123.5817083190771
 Davidson iteration 0.2 (tol=0.01792386586043001): -125.7892585264064 -123.7614665495181 -123.2005274888757
 Davidson iteration 0.3 (tol=0.004574256360294982): -125.7893896001393 -123.932141564144 -123.5323110295028 -123.1138350061576
 Davidson iteration 0.4 (tol=0.001182381865298668): -125.7893981563242 -124.173339596077 -123.6340463157422 -123.1931919822306
 Davidson iteration 0.5 (tol=0.000254310674410021): -125.7893986533895 -124.3131155360606 -123.6970500947231 -123.2670653418986
 Davidson iteration 0.6 (tol=5.537280434418489e-05): -125.7893986755988 -124.3615548330705 -123.768626619632 -123.3862504558513
 Davidson iteration 0.7 (tol=1.226200946107808e-05): -125.7893986766742 -124.3784743985697 -123.8579600802243 -123.5381271393659
 Davidson iteration 1.0 (tol=1.226200946122966e-05): -125.7893986766738
 Davidson iteration 1.1 (tol=3.742673549694768e-06): -125.7893986767272 -123.2938895331146
 Elapsed time for davidson 33.558995 (sec) 
 Elapsed time for diagonalization 33.559141 (sec) 
 Elapsed time for mult 1.030106 (sec) 
 Energy = -125.7893986767282
 Elapsed time for measurement 0.079696 (sec) 
 Sample-based diagonalization: Energy = -125.7893986767282
 Sample-based diagonalization: density = [1.999974904460311,1.991305041490457,1.989329688623779,1.98766352643529,1.983237781000771,1.985939271558279,1.982992150306504,1.98256535080023,1.983884396800184,1.975933692848411,1.978563631163242,1.982334905459015,0.009833570317384171,0.02117409045523571,0.0093996771389086,0.01895505053177951,0.01646724152579034,0.01215959338487127,0.01516885640381899,0.01614079826615413,0.01259849698742484,0.01527728193221919,0.01426782934848809,0.01483317251315493
 Sample-based diagonalization: carryover bitstrings = [], size = 0
