 Elapsed time for helper construction 3.804795 (sec) 
 Elapsed time for init 0.09432 (sec) 
 Elapsed time for makeQChamDiagTerms 23.784098 (sec) 
 Davidson iteration 0.0 (tol=0.6389788898958377): -123.3462237966834
 Davidson iteration 0.1 (tol=0.2612976301137): -123.5233522439663 -121.4107884265382
 Davidson iteration 0.2 (tol=0.08505135445136104): -123.5456407623148 -121.6728450290083 -120.654655909141
 Davidson iteration 0.3 (tol=0.02485364136559121): -123.5477829714645 -121.9070018033986 -120.6896197799136 -120.4727208526261
 Davidson iteration 0.4 (tol=0.00911830825091762): -123.5479775305354 -122.1255603068919 -121.3723452359356 -120.5682330840631
 Davidson iteration 0.5 (tol=0.002925441446402891): -123.548004831897 -122.2625503055255 -121.4196285707708 -121.1804416911703
 Davidson iteration 0.6 (tol=0.001077913339496084): -123.5480079567875 -122.5694415954671 -121.6775840688747 -121.2045894577794
 Davidson iteration 0.7 (tol=0.0003659377315418256): -123.5480083349101 -122.7112344170572 -121.7909600042716 -121.3017622645214
 Davidson iteration 1.0 (tol=0.0003659377315441827): -123.5480083349092
 Davidson iteration 1.1 (tol=0.000149966473821524): -123.5480083724725 -121.0589812394025
 Davidson iteration 1.2 (tol=6.136225011035579e-05): -123.5480083810672 -122.3061572018319 -119.4187608358497
 Davidson iteration 1.3 (tol=2.266504517869704e-05): -123.5480083823502 -122.7941955148128 -120.2617496172172 -119.1850993824413
 Davidson iteration 1.4 (tol=7.712011319645062e-06): -123.5480083825034 -122.9042221159405 -120.5695626326015 -120.162339049493
 Elapsed time for davidson 225.982325 (sec) 
 Elapsed time for diagonalization 225.982486 (sec) 
 Elapsed time for mult 13.328444 (sec) 
 Energy = -123.5480083825041
 Elapsed time for measurement 42.814161 (sec) 
 Sample-based diagonalization: Energy = -123.5480083825041
 Sample-based diagonalization: density = [1.999962207305038,1.990088957249461,1.990479801415516,1.987192238336808,1.981456341059229,1.981495704742056,1.986583445458697,1.98202899459529,1.975929000386472,1.977453282563995,1.98115873559181,1.936082770427486,0.06238935256843615,0.009024526302604596,0.02259076619242492,0.01665148140620443,0.01259922978802563,0.01214478069580889,0.01916316846171963,0.01799398568933138,0.01651169549750166,0.01496103384111643,0.01673819174583487,0.009320308558831373
 Sample-based diagonalization: carryover bitstrings = [], size = 0
 Elapse time for dumping one-particle rdm = 0.000828
 Elapse time for dumping two-particle rdm = 0.291731
 Zero-Body energy = 0
 One-Body energy = -209.8596655318231
 Two-Body energy = 86.3116571499947
 One-Body + Two-Body energy = -123.5480083818284
 Zero-Body + One-Body + Two-Body energy = -123.5480083818284
