 Elapsed time for helper construction 0.589 (sec) 
 Elapsed time for init 0.007826999999999999 (sec) 
 Elapsed time for makeQChamDiagTerms 2.788498 (sec) 
 Davidson iteration 0.0 (tol=0.5535376948749308): -137.000582873143
 Davidson iteration 0.1 (tol=0.2288549250756842): -137.1364753160041 -135.2064362283512
 Davidson iteration 0.2 (tol=0.08656482984253004): -137.1562065091124 -135.6883609881761 -134.7400830460622
 Davidson iteration 0.3 (tol=0.03423903570114969): -137.1591008595362 -135.9743716125492 -134.8837762089045 -134.5303171414189
 Davidson iteration 0.4 (tol=0.01593630338275351): -137.159563018812 -136.2494381648201 -135.1253445974267 -134.8366106379675
 Davidson iteration 0.5 (tol=0.00713908536523212): -137.1596775726893 -136.5112360519697 -135.2345476136849 -134.9127285208241
 Davidson iteration 0.6 (tol=0.003011607096998585): -137.1596962712784 -136.6392495288919 -135.5201583408207 -134.9525635264007
 Davidson iteration 0.7 (tol=0.001021409994496526): -137.1596996115545 -136.6792103602421 -135.7471118590452 -135.0631416351779
 Davidson iteration 1.0 (tol=0.001021409994498124): -137.1596996115565
 Davidson iteration 1.1 (tol=0.0004461813856968502): -137.1596999399185 -135.3295394322055
 Davidson iteration 1.2 (tol=0.0002058396572561872): -137.1597000277058 -136.0957504060869 -134.2132729195137
 Davidson iteration 1.3 (tol=8.749028118389867e-05): -137.1597000439358 -136.5396626986315 -134.5015536247398 -133.8555607757245
 Davidson iteration 1.4 (tol=3.736348722153232e-05): -137.1597000465069 -136.6445310582374 -134.6668663418366 -134.4307004234446
 Davidson iteration 1.5 (tol=1.672733580739013e-05): -137.1597000470496 -136.7388001191072 -135.4960943625772 -134.6493193074529
 Davidson iteration 1.6 (tol=6.907826649700544e-06): -137.159700047148 -136.7683110536066 -135.9259803215204 -134.8608671837729
 Elapsed time for davidson 21.054041 (sec) 
 Elapsed time for diagonalization 21.054167 (sec) 
 Elapsed time for mult 0.655743 (sec) 
 Energy = -137.1597000471461
 Elapsed time for measurement 0.038268 (sec) 
 Sample-based diagonalization: Energy = -137.1597000471461
 Sample-based diagonalization: density = [1.999997398138493,1.99428426744345,1.993262457588195,1.989635341144921,1.988684405782378,1.98459119488558,1.965281269312951,1.982362553261971,1.987652983052973,1.903235094330541,0.1206179200238998,0.00176019799535911,0.0105711115102179,0.005860336845542524,0.02160082785683504,0.03081152801851539,0.01979111265825989
 Sample-based diagonalization: carryover bitstrings = [], size = 0
