 Elapsed time for helper construction 1.760782 (sec) 
 Elapsed time for init 0.056864 (sec) 
 Elapsed time for makeQChamDiagTerms 15.430429 (sec) 
 Davidson iteration 0.0 (tol=0.6612837515085234): -154.8715526848742
 Davidson iteration 0.1 (tol=0.2565149864102527): -155.0567961958107 -152.8081797771581
 Davidson iteration 0.2 (tol=0.1045291615054903): -155.0770093095004 -153.2036213654372 -152.0337351481609
 Davidson iteration 0.3 (tol=0.0334782064345969): -155.0804418828492 -153.4580299494569 -152.1658408440541 -151.7786156159483
 Davidson iteration 0.4 (tol=0.0143114967116769): -155.0808125925003 -153.7550605282068 -152.4957502932232 -152.0362981779986
 Davidson iteration 0.5 (tol=0.005757612734343857): -155.0808867881613 -154.1205654801503 -152.871585067177 -152.1140448366363
 Davidson iteration 0.6 (tol=0.002347311159105971): -155.0808981527406 -154.2902888825876 -153.0858923684069 -152.1904860592816
 Davidson iteration 0.7 (tol=0.0009310683542155827): -155.0809001366061 -154.3765503576612 -153.3500276122289 -152.5884486120363
 Davidson iteration 1.0 (tol=0.0009310683542149643): -155.0809001366043
 Davidson iteration 1.1 (tol=0.0004417211908175366): -155.0809004146598 -152.7530960810571
 Davidson iteration 1.2 (tol=0.0002269782118763178): -155.0809005045768 -153.9646900570423 -151.5143956047278
 Davidson iteration 1.3 (tol=9.469216900345616e-05): -155.0809005233208 -154.3384797373359 -152.0609906511536 -151.4531780616974
 Davidson iteration 1.4 (tol=3.728884188209757e-05): -155.0809005262228 -154.4488187248522 -152.3362078668935 -151.8816425731281
 Davidson iteration 1.5 (tol=1.560214005120612e-05): -155.0809005267469 -154.5256234672482 -153.3400481547966 -151.9879310910173
 Davidson iteration 1.6 (tol=6.753695862021129e-06): -155.0809005268285 -154.5777074862348 -153.8153745428741 -152.3544030725809
 Elapsed time for davidson 95.06786799999999 (sec) 
 Elapsed time for diagonalization 95.067989 (sec) 
 Elapsed time for mult 2.539395 (sec) 
 Energy = -155.0809005268301
 Elapsed time for measurement 0.150966 (sec) 
 Sample-based diagonalization: Energy = -155.0809005268301
 Sample-based diagonalization: density = [1.999988756058687,1.991192269208832,1.990756822867805,1.990699743678653,1.983310007703217,1.983891921545281,1.985416356842985,1.990517833278095,1.982280543975194,1.980445826421525,1.96421986884314,1.986471512886717,1.941699434413558,0.09314642559637343,0.02313928812694224,0.01816643410792154,0.01010489189829817,0.01157058376259145,0.01183571087806254,0.017166263299055,0.01005134891374375,0.01863421678817081,0.01529393837303627
 Sample-based diagonalization: carryover bitstrings = [], size = 0
