 Elapsed time for helper construction 3.465699 (sec) 
 Elapsed time for init 0.07766099999999999 (sec) 
 Elapsed time for makeQChamDiagTerms 23.499557 (sec) 
 Davidson iteration 0.0 (tol=0.644485981526547): -140.5646830557315
 Davidson iteration 0.1 (tol=0.2509332252911184): -140.7402013911925 -138.3354381975707
 Davidson iteration 0.2 (tol=0.1007302881304812): -140.7593550828028 -138.9845197424239 -137.7202868664295
 Davidson iteration 0.3 (tol=0.02986856293758406): -140.7623894750348 -139.0951092435734 -137.9227754286401 -137.5956229997728
 Davidson iteration 0.4 (tol=0.0125511975961694): -140.7627579649017 -139.6998252496294 -138.603205730248 -137.8074955771987
 Davidson iteration 0.5 (tol=0.005373804976329525): -140.7628213445072 -140.0332076481561 -138.7437904542765 -137.9779786223424
 Davidson iteration 0.6 (tol=0.002088272236137556): -140.7628329567694 -140.2125363623794 -138.9323598819171 -138.0925299924417
 Davidson iteration 0.7 (tol=0.0006935409258426659): -140.7628344007011 -140.274873270991 -139.0795847808496 -138.3823805364093
 Davidson iteration 1.0 (tol=0.0006935409258415487): -140.762834400702
 Davidson iteration 1.1 (tol=0.0002819104331163588): -140.7628345393723 -138.0202508131646
 Davidson iteration 1.2 (tol=0.0001089019027150924): -140.7628345697111 -139.2815946393737 -136.854620980233
 Davidson iteration 1.3 (tol=3.888286844881137e-05): -140.7628345735239 -139.7216622917151 -137.5869862286415 -136.7337322204639
 Davidson iteration 1.4 (tol=1.472545848842482e-05): -140.7628345740393 -139.9071339150452 -138.1325888031253 -137.3463734447293
 Davidson iteration 1.5 (tol=7.322798549320037e-06): -140.7628345741284 -140.1347991138971 -139.0139411798605 -137.3662302837537
 Elapsed time for davidson 233.376104 (sec) 
 Elapsed time for diagonalization 233.379262 (sec) 
 Elapsed time for mult 12.103215 (sec) 
 Energy = -140.7628345741287
 Elapsed time for measurement 41.318906 (sec) 
 Sample-based diagonalization: Energy = -140.7628345741287
 Sample-based diagonalization: density = [1.99996452780829,1.993706406393246,1.989049577454764,1.985347328200099,1.985281727003043,1.985404619587689,1.981194407462878,1.979668011531796,1.978987338359607,1.982227160532297,1.974480958526623,1.984638224883585,1.971969126007893,0.02378190583463893,0.02124449368335567,0.02639436309612869,0.01841811107409588,0.01788787669863127,0.01741143266397142,0.008542846246848904,0.014998507547287,0.0158068138335411,0.01858365027137772,0.01097505033952081,0.01403553487270089
 Sample-based diagonalization: carryover bitstrings = [], size = 0
 Elapse time for dumping one-particle rdm = 0.0008839999999999999
 Elapse time for dumping two-particle rdm = 0.347839
 Zero-Body energy = 0
 One-Body energy = -242.5273759896544
 Two-Body energy = 101.7645414160288
 One-Body + Two-Body energy = -140.7628345736256
 Zero-Body + One-Body + Two-Body energy = -140.7628345736256
