 Elapsed time for helper construction 0.07395399999999999 (sec) 
 Elapsed time for init 0.000656 (sec) 
 Elapsed time for makeQChamDiagTerms 0.189017 (sec) 
 Davidson iteration 0.0 (tol=0.4680272649444626): -120.0082030270368
 Davidson iteration 0.1 (tol=0.156228291644338): -120.1098351123829 -117.9583537207662
 Davidson iteration 0.2 (tol=0.05548423697167021): -120.1176473727277 -118.3364486027599 -117.1297949258849
 Davidson iteration 0.3 (tol=0.01982797077542007): -120.1184890450001 -118.426327883506 -117.2553383993783 -116.8268642178524
 Davidson iteration 0.4 (tol=0.006851269664198763): -120.1185863796265 -118.5033072740004 -117.5224285206238 -116.9186719091824
 Davidson iteration 0.5 (tol=0.002460270079185704): -120.118598269368 -118.6230947893583 -117.841111254031 -117.0936363147737
 Davidson iteration 0.6 (tol=0.001008326573124482): -120.1185998374121 -118.7808878559051 -118.1103092986343 -117.1095649215036
 Davidson iteration 0.7 (tol=0.0003791650355054849): -120.1186000646456 -118.915745334179 -118.2539179329825 -117.2539155519747
 Davidson iteration 1.0 (tol=0.0003791650355058935): -120.1186000646453
 Davidson iteration 1.1 (tol=0.0001796438558373985): -120.1186000944564 -116.3411566584282
 Davidson iteration 1.2 (tol=6.987796192461739e-05): -120.1186001027406 -118.4112234462607 -113.3642184639352
 Davidson iteration 1.3 (tol=3.008272687986767e-05): -120.1186001041121 -118.9868763036907 -116.3490540866978 -112.2664693613655
 Davidson iteration 1.4 (tol=1.092395599529987e-05): -120.1186001043274 -119.2251612638807 -116.7305705417401 -115.366464605182
 Davidson iteration 1.5 (tol=4.010522276202429e-06): -120.1186001043568 -119.3191099433873 -117.081326245126 -116.668260312254
 Elapsed time for davidson 2.375824 (sec) 
 Elapsed time for diagonalization 2.375878 (sec) 
 Elapsed time for mult 0.072653 (sec) 
 Energy = -120.1186001043564
 Elapsed time for measurement 0.00407 (sec) 
 Sample-based diagonalization: Energy = -120.1186001043564
 Sample-based diagonalization: density = [1.999996464188307,1.992091057330154,1.986478939526417,1.979007155912486,1.982857445836212,1.974075319364682,1.982018723932075,1.991517729618521,1.992558901867637,0.02947510355438611,0.02335459476380496,0.02213148544618064,0.02320528083466508,0.02123179781907932
 Sample-based diagonalization: carryover bitstrings = [], size = 0
