 Elapsed time for helper construction 0.11689 (sec) 
 Elapsed time for init 0.001057 (sec) 
 Elapsed time for makeQChamDiagTerms 0.312595 (sec) 
 Davidson iteration 0.0 (tol=0.4691850666663545): -112.4856065809963
 Davidson iteration 0.1 (tol=0.1521892582334494): -112.5854659029242 -110.3840839004741
 Davidson iteration 0.2 (tol=0.05330378663016182): -112.5929100373845 -110.8095810009949 -109.6225608860978
 Davidson iteration 0.3 (tol=0.01835149586755352): -112.5937041904104 -110.8967017386964 -109.721610931138 -109.4809241315852
 Davidson iteration 0.4 (tol=0.006291799014574701): -112.5937934305172 -111.0014712806941 -110.0314276296003 -109.4928040812372
 Davidson iteration 0.5 (tol=0.002341502397315087): -112.5938044043455 -111.1933869126942 -110.411081813685 -109.7107529205568
 Davidson iteration 0.6 (tol=0.0009027648721791804): -112.5938059439122 -111.4055409997958 -110.6512560010633 -109.7160122071044
 Davidson iteration 0.7 (tol=0.0003264012077902331): -112.5938061461817 -111.551892007024 -110.777546750311 -109.8940114795484
 Davidson iteration 1.0 (tol=0.0003264012077893699): -112.5938061461816
 Davidson iteration 1.1 (tol=0.0001428526733474515): -112.5938061700843 -109.1513968325163
 Davidson iteration 1.2 (tol=5.232222883646059e-05): -112.5938061757661 -110.960790075499 -106.6847298413911
 Davidson iteration 1.3 (tol=2.04590112252542e-05): -112.5938061765729 -111.4919579297839 -109.1819770172286 -105.6554614669422
 Davidson iteration 1.4 (tol=7.171144427647719e-06): -112.5938061766798 -111.7077622430677 -109.324709155106 -108.6132817554516
 Elapsed time for davidson 2.971203 (sec) 
 Elapsed time for diagonalization 2.971216 (sec) 
 Elapsed time for mult 0.119684 (sec) 
 Energy = -112.5938061766802
 Elapsed time for measurement 0.005431 (sec) 
 Sample-based diagonalization: Energy = -112.5938061766802
 Sample-based diagonalization: density = [1.999996114175981,1.991903700783096,1.98674610411507,1.977546457806648,1.98487883203267,1.97358857387384,1.978281361067487,1.992450691550953,0.018724056754928,0.01457389403484074,0.01737111562433584,0.02028013262438579,0.02000779688304527,0.02365116865419571
 Sample-based diagonalization: carryover bitstrings = [], size = 0
