 Elapsed time for helper construction 1.017419 (sec) 
 Elapsed time for init 0.041865 (sec) 
 Elapsed time for makeQChamDiagTerms 16.442657 (sec) 
 Davidson iteration 0.0 (tol=0.5074359175455754): -200.96654221557
 Davidson iteration 0.1 (tol=0.09450577196167985): -201.0955401996422 -199.2901736127182
 Davidson iteration 0.2 (tol=0.02402477365314343): -201.1003265689254 -199.8093996516403 -199.2640471909996
 Davidson iteration 0.3 (tol=0.005051865561893268): -201.1006284782895 -199.8882925372983 -199.4909435301831 -199.1525356241958
 Davidson iteration 0.4 (tol=0.001282418203323009): -201.1006443729667 -200.3160604028374 -199.4917491471049 -199.244927398103
 Davidson iteration 0.5 (tol=0.0003439664348906202): -201.100645296269 -200.4572448369996 -199.6701015549446 -199.3382871757523
 Davidson iteration 0.6 (tol=0.0001003782276804609): -201.1006453633612 -200.5081434141855 -200.0031486164336 -199.6435593699788
 Davidson iteration 0.7 (tol=3.237102277798946e-05): -201.1006453695995 -200.6176971163006 -200.1425900959892 -199.76388000529
 Davidson iteration 1.0 (tol=3.237102277917549e-05): -201.1006453696023
 Davidson iteration 1.1 (tol=1.105794065367833e-05): -201.1006453702013 -200.0176395395623
 Davidson iteration 1.2 (tol=4.428566714779908e-06): -201.1006453703162 -200.6007399250362 -199.6379934476635
 Elapsed time for davidson 50.90147899999999 (sec) 
 Elapsed time for diagonalization 50.902975 (sec) 
 Elapsed time for mult 1.067533 (sec) 
 Energy = -201.1006453703143
 Elapsed time for measurement 0.112797 (sec) 
 Sample-based diagonalization: Energy = -201.1006453703143
 Sample-based diagonalization: density = [1.99999493831223,1.995439387343222,1.994312439767917,1.997278870688018,1.994082758679452,1.996043731322341,1.994263241122561,1.993076183849308,1.992164454325028,1.992153610845885,1.990904536145369,1.993643280554243,1.995979868506176,1.958962949534461,1.995491744720214,1.960904817386723,0.07828341932146757,0.01332238864633806,0.008227224616152658,0.008022395731153795,0.009250663541567273,0.005286004927872534,0.003777941040641004,0.006921887994205385,0.004261728347810128,0.00363730401057941,0.004906174483528434,0.009406054038515802
 Sample-based diagonalization: carryover bitstrings = [], size = 0
