 Elapsed time for helper construction 1.186489 (sec) 
 Elapsed time for init 0.041329 (sec) 
 Elapsed time for makeQChamDiagTerms 10.654138 (sec) 
 Davidson iteration 0.0 (tol=0.6574643799107599): -152.1394095016954
 Davidson iteration 0.1 (tol=0.2062585981463634): -152.3252481891393 -150.0724729102626
 Davidson iteration 0.2 (tol=0.06913672404484025): -152.3395464349696 -150.4473461467648 -149.6271726384093
 Davidson iteration 0.3 (tol=0.01747083937395751): -152.3412113476023 -150.6561300785989 -149.6453914716289 -149.5381372771756
 Davidson iteration 0.4 (tol=0.006104869147183567): -152.3413359497547 -151.0844863466393 -149.9896036147988 -149.5744471636654
 Davidson iteration 0.5 (tol=0.002134663578069765): -152.341351368642 -151.4411932147655 -150.2105555746348 -149.7044086153517
 Davidson iteration 0.6 (tol=0.000780975468132091): -152.341353279518 -151.6140641521747 -150.5065971280336 -149.8809707942866
 Davidson iteration 0.7 (tol=0.0002972036954928603): -152.3413535348872 -151.7176370438896 -150.9050087946594 -150.0450554627355
 Davidson iteration 1.0 (tol=0.0002972036954898693): -152.3413535348861
 Davidson iteration 1.1 (tol=0.0001128746290294356): -152.3413535645881 -150.1044667482421
 Davidson iteration 1.2 (tol=4.908479734019876e-05): -152.3413535712413 -151.3860731315232 -149.1668706497982
 Davidson iteration 1.3 (tol=1.779014567588437e-05): -152.3413535721816 -151.7139940463615 -149.4025806510365 -149.0452388920214
 Davidson iteration 1.4 (tol=6.309899110290519e-06): -152.3413535723105 -151.8261236943678 -150.1768132075624 -149.379193519021
 Elapsed time for davidson 51.605466 (sec) 
 Elapsed time for diagonalization 51.606479 (sec) 
 Elapsed time for mult 1.291911 (sec) 
 Energy = -152.3413535723139
 Elapsed time for measurement 0.104444 (sec) 
 Sample-based diagonalization: Energy = -152.3413535723139
 Sample-based diagonalization: density = [1.999989733277226,1.991645481918089,1.99095838510421,1.989343884078481,1.985922389177391,1.981018822520904,1.981174818389582,1.983969652821682,1.979911270436904,1.964673592217995,1.986370826064165,1.963278841010083,1.998464125019919,0.0720486732553452,0.02059155796389479,0.01828140574918673,0.01656309621626526,0.01697943748263532,0.01562774201396661,0.01268163128974939,0.01736896817183157,0.01313566543942821
 Sample-based diagonalization: carryover bitstrings = [], size = 0
