 Elapsed time for helper construction 1.159822 (sec) 
 Elapsed time for init 0.021037 (sec) 
 Elapsed time for makeQChamDiagTerms 15.4227 (sec) 
 Davidson iteration 0.0 (tol=0.5769472716120289): -153.4099191986097
 Davidson iteration 0.1 (tol=0.1126491763481831): -153.5762310766704 -151.8207194597967
 Davidson iteration 0.2 (tol=0.02621814325937791): -153.5821614518804 -151.9743196519029 -151.8196480381195
 Davidson iteration 0.3 (tol=0.006379364211438795): -153.5824894334917 -152.0486657739569 -151.8199514495662 -151.751379248889
 Davidson iteration 0.4 (tol=0.002240359007622818): -153.5825179103546 -152.7591558090531 -151.8804995755218 -151.7618797815907
 Davidson iteration 0.5 (tol=0.0006980521964626782): -153.5825209196998 -152.9794799127473 -152.0121725955699 -151.8038767530003
 Davidson iteration 0.6 (tol=0.0002080454824774509): -153.5825212140472 -153.0916738828642 -152.2220866461104 -151.960834328395
 Davidson iteration 0.7 (tol=5.783593131620696e-05): -153.5825212385192 -153.1533802217848 -152.3531871155234 -152.1347224501937
 Davidson iteration 1.0 (tol=5.783593131393362e-05): -153.5825212385203
 Davidson iteration 1.1 (tol=1.948529148256716e-05): -153.5825212401774 -152.1902235229907
 Davidson iteration 1.2 (tol=6.703929371201449e-06): -153.5825212404472 -152.7199886357951 -151.8183219353681
 Elapsed time for davidson 41.798139 (sec) 
 Elapsed time for diagonalization 41.798517 (sec) 
 Elapsed time for mult 0.801195 (sec) 
 Energy = -153.5825212404444
 Elapsed time for measurement 0.125619 (sec) 
 Sample-based diagonalization: Energy = -153.5825212404444
 Sample-based diagonalization: density = [1.99998078272235,1.996486871417022,1.993289234141316,1.990672585762698,1.991865232645464,1.988578989798953,1.98417005746996,1.988823670650243,1.983317904263547,1.989031368077935,1.987839801501198,1.981418510325331,1.960412639308846,1.967343560181255,0.04391612469824434,0.04376627543015824,0.02128798607722792,0.01399581087403482,0.009032712944941197,0.01355890603257884,0.008692058211234477,0.01258043934569731,0.003609469462605215,0.01148441370512923,0.006376074105179934,0.008468520604506993
 Sample-based diagonalization: carryover bitstrings = [], size = 0
