 Elapsed time for helper construction 0.94519 (sec) 
 Elapsed time for init 0.031689 (sec) 
 Elapsed time for makeQChamDiagTerms 8.876645 (sec) 
 Davidson iteration 0.0 (tol=0.6654734367703218): -152.6673032093157
 Davidson iteration 0.1 (tol=0.2124013776147183): -152.8620504822314 -150.6935023052098
 Davidson iteration 0.2 (tol=0.07231356812066418): -152.8776666158547 -151.0223274902699 -150.2777730365753
 Davidson iteration 0.3 (tol=0.01991663216704263): -152.8795482256584 -151.2205687279819 -150.2784280094409 -150.1981227542653
 Davidson iteration 0.4 (tol=0.00797862405239994): -152.8797113451821 -151.6088748987347 -150.4570035084678 -150.2683154855441
 Davidson iteration 0.5 (tol=0.002916940192919002): -152.8797368117432 -151.9670184460795 -150.69521896692 -150.3321230157487
 Davidson iteration 0.6 (tol=0.001053492906535981): -152.8797399523834 -152.1180089044737 -150.9061309996513 -150.3360263985008
 Davidson iteration 0.7 (tol=0.0003775646241001839): -152.8797403785169 -152.1756569235122 -151.1793132760709 -150.5606103845875
 Davidson iteration 1.0 (tol=0.0003775646240924532): -152.8797403785168
 Davidson iteration 1.1 (tol=0.0001618364388294603): -152.8797404302139 -150.885124418352
 Davidson iteration 1.2 (tol=6.753265148146517e-05): -152.8797404425481 -151.7243456612956 -149.8899411980124
 Davidson iteration 1.3 (tol=2.253107386945661e-05): -152.8797404442112 -152.0195041896575 -150.0372671431961 -149.7220568587732
 Davidson iteration 1.4 (tol=8.248674687824369e-06): -152.8797404443937 -152.1339090821863 -150.4840756104279 -150.0372623274043
 Elapsed time for davidson 39.759511 (sec) 
 Elapsed time for diagonalization 39.761122 (sec) 
 Elapsed time for mult 1.302787 (sec) 
 Energy = -152.8797404443924
 Elapsed time for measurement 0.35631 (sec) 
 Sample-based diagonalization: Energy = -152.8797404443924
 Sample-based diagonalization: density = [1.999989723266212,1.991231198483341,1.990368621783011,1.988110221302413,1.986127525732326,1.981969880858555,1.984146471409241,1.979742107042283,1.981337693006454,1.961500546302304,1.995592571443396,1.990057848736035,1.947217127490019,0.08924100258399956,0.02069211888238604,0.01918539450590035,0.01615323540737496,0.01207415429713368,0.006074409558775654,0.01698021563970878,0.01095892199238326,0.01561063205668098,0.01563837790575865
 Sample-based diagonalization: carryover bitstrings = [], size = 0
