 Elapsed time for helper construction 1.275522 (sec) 
 Elapsed time for init 0.012666 (sec) 
 Elapsed time for makeQChamDiagTerms 10.306694 (sec) 
 Davidson iteration 0.0 (tol=0.6169301668598696): -153.8609375051906
 Davidson iteration 0.1 (tol=0.2231180099588339): -154.028319575312 -151.9923524637819
 Davidson iteration 0.2 (tol=0.07051260813755728): -154.0473250563864 -152.3457404002771 -151.702485945133
 Davidson iteration 0.3 (tol=0.02119317773943829): -154.0492323948085 -152.5629907642003 -151.7501845309724 -151.4775375617407
 Davidson iteration 0.4 (tol=0.008549946226113492): -154.0494206818527 -152.9396924430089 -151.874044615492 -151.7490744874769
 Davidson iteration 0.5 (tol=0.003112281703361697): -154.0494535401416 -153.2672075040236 -151.9542773630864 -151.8505650293841
 Davidson iteration 0.6 (tol=0.001206842541051243): -154.0494573956738 -153.378805864344 -152.241167281043 -151.880497990937
 Davidson iteration 0.7 (tol=0.0004334411785201156): -154.0494579517913 -153.4169401343243 -152.5229262385882 -151.9253376758684
 Davidson iteration 1.0 (tol=0.000433441178519356): -154.049457951792
 Davidson iteration 1.1 (tol=0.0001880249381986405): -154.0494580169945 -152.1815258902421
 Davidson iteration 1.2 (tol=8.216968677018574e-05): -154.0494580346733 -152.8966365399297 -151.6631707119579
 Davidson iteration 1.3 (tol=3.432992336146103e-05): -154.0494580378071 -153.3671281053705 -151.9006142283064 -151.3178449495006
 Davidson iteration 1.4 (tol=1.398145543038674e-05): -154.0494580382769 -153.4927943485302 -151.9809868940462 -151.7334073638876
 Davidson iteration 1.5 (tol=5.554666937316351e-06): -154.0494580383661 -153.6052976617815 -152.5314064618613 -151.9707324967571
 Elapsed time for davidson 45.804802 (sec) 
 Elapsed time for diagonalization 45.805141 (sec) 
 Elapsed time for mult 0.976312 (sec) 
 Energy = -154.0494580383653
 Elapsed time for measurement 0.095967 (sec) 
 Sample-based diagonalization: Energy = -154.0494580383653
 Sample-based diagonalization: density = [1.999976256107243,1.995021705434263,1.995274921413957,1.991200709592758,1.98578248980999,1.984258853667062,1.9829234255792,1.989701748352548,1.989136445237248,1.970780121508623,1.983104112631908,1.990209362188484,1.93183841460365,0.09497191766747588,0.007688362152093572,0.00475522575359846,0.01489683598095428,0.01345845044025719,0.02109972109571526,0.01692957380965393,0.02192295511393946,0.01506839150609467
 Sample-based diagonalization: carryover bitstrings = [], size = 0
