 Elapsed time for helper construction 0.510354 (sec) 
 Elapsed time for init 0.017676 (sec) 
 Elapsed time for makeQChamDiagTerms 3.557267 (sec) 
 Davidson iteration 0.0 (tol=0.5367707840983916): -151.1396315945356
 Davidson iteration 0.1 (tol=0.2159098951220815): -151.2610697757112 -149.1838485055262
 Davidson iteration 0.2 (tol=0.08271922801016128): -151.2760524050179 -149.6437129453943 -148.6203657963939
 Davidson iteration 0.3 (tol=0.02975593711665777): -151.2784228921834 -149.8455923085617 -148.8444065770657 -148.5337956062306
 Davidson iteration 0.4 (tol=0.01049127339424345): -151.2787193391055 -150.0817460128433 -149.0624793738895 -148.6949767076402
 Davidson iteration 0.5 (tol=0.003524793874288794): -151.2787678385101 -150.4423851722324 -149.1861651954106 -149.0364368385356
 Davidson iteration 0.6 (tol=0.001377145125926537): -151.2787721899757 -150.54975838241 -149.40417144501 -149.0887718295769
 Davidson iteration 0.7 (tol=0.0005104078369507178): -151.2787728200883 -150.5962084381744 -149.752457113927 -149.1444476785983
 Davidson iteration 1.0 (tol=0.000510407836951524): -151.2787728200871
 Davidson iteration 1.1 (tol=0.0002236421987952273): -151.2787728954977 -148.8736185225073
 Davidson iteration 1.2 (tol=9.716105647350221e-05): -151.2787729151128 -150.1126044126245 -147.4283207054038
 Davidson iteration 1.3 (tol=3.584412638886159e-05): -151.2787729185734 -150.5354072960007 -148.4610587189498 -147.0776511939924
 Davidson iteration 1.4 (tol=1.533350138076174e-05): -151.2787729190221 -150.7000534768834 -148.9367533184924 -148.4606896440883
 Davidson iteration 1.5 (tol=6.447096724564371e-06): -151.2787729191118 -150.8335918447943 -149.7713080409465 -148.487581642875
 Elapsed time for davidson 24.364525 (sec) 
 Elapsed time for diagonalization 24.365311 (sec) 
 Elapsed time for mult 0.711306 (sec) 
 Energy = -151.278772919114
 Elapsed time for measurement 0.040289 (sec) 
 Sample-based diagonalization: Energy = -151.278772919114
 Sample-based diagonalization: density = [1.999996986555445,1.997857773517388,1.992891118212967,1.993648356377009,1.990733505650353,1.986941081323276,1.98756195894328,1.977213100908221,1.98381419726872,1.986157426329117,1.938386223322453,0.09315151524078928,0.01487442040492964,0.003018594391014949,0.009649013835874347,0.009158647119123566,0.01771902002466098,0.01722706039360022
 Sample-based diagonalization: carryover bitstrings = [], size = 0
