 Elapsed time for helper construction 1.517762 (sec) 
 Elapsed time for init 0.05288499999999999 (sec) 
 Elapsed time for makeQChamDiagTerms 15.64609 (sec) 
 Davidson iteration 0.0 (tol=0.677487264055631): -167.3982440138766
 Davidson iteration 0.1 (tol=0.2333203464911393): -167.5890655906048 -165.3875585780019
 Davidson iteration 0.2 (tol=0.07984613659348136): -167.6070706552615 -165.6960303375922 -165.0024438771308
 Davidson iteration 0.3 (tol=0.021761635888544): -167.609260575209 -165.8339105082375 -165.1499928686409 -164.9712721128409
 Davidson iteration 0.4 (tol=0.008766786713212791): -167.609455059297 -166.3255455852031 -165.2536001497077 -165.0970116460068
 Davidson iteration 0.5 (tol=0.003380122761689428): -167.6094868475469 -166.6941233857011 -165.384382082824 -165.174918722114
 Davidson iteration 0.6 (tol=0.001117214792778248): -167.6094911960058 -166.8358014541863 -165.5175684522424 -165.2620261923797
 Davidson iteration 0.7 (tol=0.0004026992525696917): -167.6094916521157 -166.9029304433636 -165.8461170677742 -165.2856814197713
 Davidson iteration 1.0 (tol=0.0004026992525681394): -167.609491652117
 Davidson iteration 1.1 (tol=0.0001699797520138238): -167.6094917041414 -165.4030730037416
 Davidson iteration 1.2 (tol=7.20394382779203e-05): -167.6094917179038 -166.4977321237346 -164.5082265985183
 Davidson iteration 1.3 (tol=2.900348569281637e-05): -167.6094917198069 -166.8372171385334 -164.8777247942363 -164.2254576995959
 Davidson iteration 1.4 (tol=1.284601339183493e-05): -167.6094917201553 -167.0386812964583 -165.4345250071336 -164.8115590009717
 Davidson iteration 1.5 (tol=6.36986226233742e-06): -167.6094917202416 -167.208162985374 -166.337977379911 -164.8147533537816
 Elapsed time for davidson 72.799825 (sec) 
 Elapsed time for diagonalization 72.80010899999999 (sec) 
 Elapsed time for mult 1.832722 (sec) 
 Energy = -167.6094917202409
 Elapsed time for measurement 0.136911 (sec) 
 Sample-based diagonalization: Energy = -167.6094917202409
 Sample-based diagonalization: density = [1.999971604507165,1.993629479750953,1.993857340068389,1.99283959525048,1.987603694739093,1.986464666265558,1.985851468000202,1.983372851259819,1.983307127163359,1.982941635375688,1.972320972479712,1.995330680760985,1.988184997549637,1.937020819342903,0.09005350233197185,0.01470492402455102,0.008768872949927974,0.01379386861364911,0.0117622001259662,0.01249375897402914,0.01569366430333472,0.01773324710525062,0.01511544227305509,0.01718358627542491
 Sample-based diagonalization: carryover bitstrings = [], size = 0
