 Elapsed time for helper construction 0.5770649999999999 (sec) 
 Elapsed time for init 0.019266 (sec) 
 Elapsed time for makeQChamDiagTerms 3.584867 (sec) 
 Davidson iteration 0.0 (tol=0.5410476742548845): -149.3253664822689
 Davidson iteration 0.1 (tol=0.2161607449409179): -149.452257777456 -147.4098216136055
 Davidson iteration 0.2 (tol=0.08744149007022241): -149.467095836155 -147.8281857347572 -146.695317768407
 Davidson iteration 0.3 (tol=0.03054092071908766): -149.4697291575365 -148.0408789128829 -147.0002511695027 -146.563630593025
 Davidson iteration 0.4 (tol=0.01243522756690096): -149.4700266531458 -148.301988154732 -147.2767224789891 -146.6959353643741
 Davidson iteration 0.5 (tol=0.004874074657441192): -149.4700869082375 -148.6426643279706 -147.4476021546812 -147.0581018617061
 Davidson iteration 0.6 (tol=0.002102511978167515): -149.4700947598293 -148.7566354338603 -147.616820206637 -147.0581747056427
 Davidson iteration 0.7 (tol=0.0008093345658078259): -149.4700961900593 -148.8294003201602 -148.0122758943331 -147.2488137354261
 Davidson iteration 1.0 (tol=0.000809334565809421): -149.4700961900587
 Davidson iteration 1.1 (tol=0.0003936127347568816): -149.4700963975176 -147.5669524674515
 Davidson iteration 1.2 (tol=0.0001926453588121012): -149.4700964617343 -148.525028156333 -145.7855345078943
 Davidson iteration 1.3 (tol=7.612323070049951e-05): -149.4700964757927 -148.8654496381387 -146.820787741004 -145.4566161663363
 Davidson iteration 1.4 (tol=3.262694800339957e-05): -149.4700964777304 -148.9796560615317 -147.0364453830173 -146.7327591705102
 Davidson iteration 1.5 (tol=1.288432578648958e-05): -149.4700964781013 -149.033839290097 -147.765471370434 -146.8598841823035
 Davidson iteration 1.6 (tol=5.468091383206235e-06): -149.4700964781635 -149.0824321211309 -148.2352686171758 -147.2808455202467
 Elapsed time for davidson 25.770473 (sec) 
 Elapsed time for diagonalization 25.771513 (sec) 
 Elapsed time for mult 0.701387 (sec) 
 Energy = -149.470096478163
 Elapsed time for measurement 0.041235 (sec) 
 Sample-based diagonalization: Energy = -149.470096478163
 Sample-based diagonalization: density = [1.999997598253749,1.998044485831729,1.992899077120805,1.993882364891804,1.98870493225275,1.988379268693087,1.991818807627176,1.977318463314593,1.966152261516468,1.984838158491757,1.94184901470657,0.09864324764688057,0.01321041599498069,0.009305117976275711,0.01717084874819851,0.0009804022269335759,0.01810669885801798,0.01869883567013992
 Sample-based diagonalization: carryover bitstrings = [], size = 0
