 Elapsed time for helper construction 1.089866 (sec) 
 Elapsed time for init 0.012737 (sec) 
 Elapsed time for makeQChamDiagTerms 11.817188 (sec) 
 Davidson iteration 0.0 (tol=0.6168182704046093): -141.7592759219116
 Davidson iteration 0.1 (tol=0.141511869141781): -141.9283495885635 -139.7705661621891
 Davidson iteration 0.2 (tol=0.04127296319810386): -141.9363356611732 -140.2126403747013 -139.6560145756762
 Davidson iteration 0.3 (tol=0.0135569221840916): -141.9370268316916 -140.4090515893519 -139.6905186731089 -139.6418361611324
 Davidson iteration 0.4 (tol=0.005139500613222116): -141.9371116545667 -140.8360656405721 -139.7564152113147 -139.6418610153035
 Davidson iteration 0.5 (tol=0.001829330499802062): -141.9371250582129 -141.2557429658619 -139.8920826321322 -139.7494549491706
 Davidson iteration 0.6 (tol=0.0006236697038545221): -141.9371266351297 -141.3775077982159 -140.3097881264594 -139.8669319002028
 Davidson iteration 0.7 (tol=0.0002349363752118875): -141.9371268134834 -141.4154308408152 -140.6983924138909 -139.8840090212275
 Davidson iteration 1.0 (tol=0.0002349363752128468): -141.9371268134826
 Davidson iteration 1.1 (tol=0.0001048704572034312): -141.9371268386463 -140.484849609408
 Davidson iteration 1.2 (tol=5.695545182242392e-05): -141.937126847113 -141.3856343469877 -139.3492329716526
 Davidson iteration 1.3 (tol=1.866119659140017e-05): -141.9371268485804 -141.5676112272184 -139.5587722532277 -139.0357006676923
 Davidson iteration 1.4 (tol=6.425220363025993e-06): -141.937126848741 -141.5979174426299 -140.2559217857095 -139.4984443560012
 Elapsed time for davidson 40.653854 (sec) 
 Elapsed time for diagonalization 40.654127 (sec) 
 Elapsed time for mult 0.9118069999999999 (sec) 
 Energy = -141.9371268487434
 Elapsed time for measurement 0.098396 (sec) 
 Sample-based diagonalization: Energy = -141.9371268487434
 Sample-based diagonalization: density = [1.999974839297473,1.993834403378372,1.991889336697186,1.990412032438678,1.987609596869515,1.989783447061839,1.984031439152265,1.985264006622793,1.979970138316223,1.958274776129098,1.990517991661141,1.98665504161913,1.985767070529876,0.04700442546646154,0.01331371416078171,0.02028035866431738,0.02001756657913815,0.01100381943346966,0.01571570238108384,0.01012220276302043,0.008721233663533542,0.010920980352317,0.007996274651871461,0.01091960183826679
 Sample-based diagonalization: carryover bitstrings = [], size = 0
