 Elapsed time for helper construction 0.601726 (sec) 
 Elapsed time for init 0.019352 (sec) 
 Elapsed time for makeQChamDiagTerms 3.46038 (sec) 
 Davidson iteration 0.0 (tol=0.568380551077066): -147.3246718166435
 Davidson iteration 0.1 (tol=0.2488484541276851): -147.4602018417467 -145.3992875001985
 Davidson iteration 0.2 (tol=0.1102035851177644): -147.4789326746788 -145.8397152977373 -144.6913230769135
 Davidson iteration 0.3 (tol=0.04173998754877128): -147.4826487461571 -146.0263052622408 -144.8288005184077 -144.4316662746852
 Davidson iteration 0.4 (tol=0.01732197574599101): -147.4831346581273 -146.2405598397215 -145.0844387392129 -144.6852086095537
 Davidson iteration 0.5 (tol=0.006664351912387751): -147.4832379727973 -146.5667544349542 -145.3117484028655 -144.8918900614408
 Davidson iteration 0.6 (tol=0.003000916593345037): -147.4832510680604 -146.7008747120688 -145.4883871209731 -144.9022492669272
 Davidson iteration 0.7 (tol=0.001169149690388298): -147.4832534473095 -146.7672130337542 -145.7373316367773 -145.1179810753844
 Davidson iteration 1.0 (tol=0.001169149690391776): -147.4832534473096
 Davidson iteration 1.1 (tol=0.0005682956890742949): -147.4832538039814 -145.0257115683769
 Davidson iteration 1.2 (tol=0.0002769131197211957): -147.4832539173962 -146.1998307807633 -143.2972156065749
 Davidson iteration 1.3 (tol=0.0001171077232386587): -147.4832539430219 -146.6695699495617 -144.4243196583283 -142.9040372776592
 Davidson iteration 1.4 (tol=5.372095458118978e-05): -147.4832539470455 -146.8534824745276 -144.6384455000184 -144.406417579773
 Davidson iteration 1.5 (tol=2.402664982719763e-05): -147.4832539479455 -146.9646668150876 -145.6031687695603 -144.4391835872767
 Davidson iteration 1.6 (tol=1.203894904850442e-05): -147.4832539481524 -147.0610764515047 -146.3003688441279 -144.8469343795804
 Davidson iteration 1.7 (tol=5.989619931608948e-06): -147.4832539482067 -147.1340530859188 -146.5927502606846 -144.91299711301
 Elapsed time for davidson 29.395738 (sec) 
 Elapsed time for diagonalization 29.395926 (sec) 
 Elapsed time for mult 0.887778 (sec) 
 Energy = -147.4832539482065
 Elapsed time for measurement 0.04224 (sec) 
 Sample-based diagonalization: Energy = -147.4832539482065
 Sample-based diagonalization: density = [1.999997086820157,1.99584684880382,1.992345944027277,1.993958744874795,1.987465302008386,1.986268699057526,1.991023921542446,1.973246387293319,1.972854936199027,1.985456451151342,1.925257431065113,0.1084026974478142,0.005778061314921622,0.01622208564894662,0.01153718733226435,0.01593856010899767,0.01807556583634792,0.02032408929083904
 Sample-based diagonalization: carryover bitstrings = [], size = 0
