 Elapsed time for helper construction 1.622955 (sec) 
 Elapsed time for init 0.054319 (sec) 
 Elapsed time for makeQChamDiagTerms 15.049349 (sec) 
 Davidson iteration 0.0 (tol=0.6793598277287259): -153.1609533182206
 Davidson iteration 0.1 (tol=0.2441947750395523): -153.358775705776 -151.176923506266
 Davidson iteration 0.2 (tol=0.0879239065725958): -153.3787824889795 -151.5093046065894 -150.7248640177133
 Davidson iteration 0.3 (tol=0.02510680558789392): -153.3813968755706 -151.6970825667007 -150.7455675436408 -150.5661773434396
 Davidson iteration 0.4 (tol=0.01032730214141798): -153.3816354874837 -152.0840199025873 -150.8944258407192 -150.7104086800334
 Davidson iteration 0.5 (tol=0.004031791033673317): -153.3816780080408 -152.4859069411015 -151.1794816872225 -150.7446553104843
 Davidson iteration 0.6 (tol=0.00151152857882669): -153.3816841450377 -152.6481973015563 -151.3927796665196 -150.8119023215685
 Davidson iteration 0.7 (tol=0.0005362461334401333): -153.3816850079296 -152.7011280618162 -151.6738161965038 -151.1166436501827
 Davidson iteration 1.0 (tol=0.0005362461334339891): -153.3816850079303
 Davidson iteration 1.1 (tol=0.000228854502057367): -153.3816851107479 -151.4526837319459
 Davidson iteration 1.2 (tol=0.0001077177724068802): -153.3816851368395 -152.3414152930185 -150.751707158848
 Davidson iteration 1.3 (tol=4.392478998201486e-05): -153.3816851412692 -152.674331371234 -150.7566642114041 -150.4362331668478
 Davidson iteration 1.4 (tol=1.955266430412958e-05): -153.3816851420449 -152.8310954871656 -151.2056774595869 -150.7537614517143
 Davidson iteration 1.5 (tol=8.291103525075154e-06): -153.3816851422143 -152.9378932416405 -151.9958762722739 -150.7728366148572
 Elapsed time for davidson 73.66381 (sec) 
 Elapsed time for diagonalization 73.66937899999999 (sec) 
 Elapsed time for mult 1.723126 (sec) 
 Energy = -153.3816851422147
 Elapsed time for measurement 0.162953 (sec) 
 Sample-based diagonalization: Energy = -153.3816851422147
 Sample-based diagonalization: density = [1.999989207912725,1.991257185794236,1.990198323826864,1.988040860127189,1.984465373176203,1.97954344653864,1.983848617094529,1.982403657534697,1.980853230153324,1.965225910833751,1.995299241727416,1.987918637493567,1.937159303996742,0.08743982590154584,0.0113219280463725,0.01918783541491211,0.01708864411476682,0.01733244629163494,0.01682064771473181,0.01805940310222284,0.01400101322668923,0.01795243177720651,0.01459282771364866
 Sample-based diagonalization: carryover bitstrings = [], size = 0
