 Elapsed time for helper construction 1.119503 (sec) 
 Elapsed time for init 0.040147 (sec) 
 Elapsed time for makeQChamDiagTerms 9.427313999999999 (sec) 
 Davidson iteration 0.0 (tol=0.6034431710585981): -114.0078619793622
 Davidson iteration 0.1 (tol=0.1193511371938552): -114.1753916959943 -111.9215000779642
 Davidson iteration 0.2 (tol=0.01902677745259815): -114.1804082264029 -112.1555633459823 -111.3627477058079
 Davidson iteration 0.3 (tol=0.004512839479261336): -114.1805381965872 -112.2727288642467 -111.7594057626074 -111.2471642881707
 Davidson iteration 0.4 (tol=0.00121324756585681): -114.1805458658851 -112.4651997220522 -111.9669268495075 -111.3610265074833
 Davidson iteration 0.5 (tol=0.0002868134540040786): -114.1805463470033 -112.6405129914322 -112.072148511163 -111.3914064803848
 Davidson iteration 0.6 (tol=5.987140897120366e-05): -114.1805463729354 -112.719523902761 -112.1400220720018 -111.582622817642
 Davidson iteration 0.7 (tol=1.381125990391101e-05): -114.1805463741047 -112.7434173805634 -112.1917433852293 -111.7304406858799
 Davidson iteration 1.0 (tol=1.381125990434639e-05): -114.1805463741027
 Davidson iteration 1.1 (tol=4.239086934777453e-06): -114.180546374164 -111.4309249190922
 Elapsed time for davidson 37.83172 (sec) 
 Elapsed time for diagonalization 37.831928 (sec) 
 Elapsed time for mult 1.169982 (sec) 
 Energy = -114.180546374166
 Elapsed time for measurement 0.103879 (sec) 
 Sample-based diagonalization: Energy = -114.180546374166
 Sample-based diagonalization: density = [1.999971486266098,1.991088738404791,1.989562812539632,1.989277630090253,1.983844293067788,1.982943010356475,1.981778510351359,1.981340257399018,1.980709252072633,1.978693732197083,1.979231085105607,0.01110391453187516,0.01714910653997793,0.01721450683422955,0.01631475287047049,0.0145039011562713,0.01521155950778567,0.01344451020456833,0.01557066858654365,0.01375645762861127,0.01221230898370101,0.01507750504628105
 Sample-based diagonalization: carryover bitstrings = [], size = 0
