 Elapsed time for helper construction 1.592173 (sec) 
 Elapsed time for init 0.051131 (sec) 
 Elapsed time for makeQChamDiagTerms 13.483069 (sec) 
 Davidson iteration 0.0 (tol=0.6586831922370874): -156.7340101242376
 Davidson iteration 0.1 (tol=0.2501644972274494): -156.9113574733267 -154.5935815601239
 Davidson iteration 0.2 (tol=0.09711012818953683): -156.9298192142136 -154.9920007961271 -153.8279361191763
 Davidson iteration 0.3 (tol=0.02977407619943333): -156.932604789129 -155.2370486390972 -153.9359077175563 -153.5112260954996
 Davidson iteration 0.4 (tol=0.01193163920553376): -156.9328697786096 -155.5121407234508 -154.2627178406347 -153.8252757768401
 Davidson iteration 0.5 (tol=0.004576775327635908): -156.9329181632335 -155.9072239517102 -154.6676592923628 -153.9207750691271
 Davidson iteration 0.6 (tol=0.001846946839812051): -156.9329250081702 -156.0916090176617 -154.851820885869 -153.9473223757384
 Davidson iteration 0.7 (tol=0.0007161504747757652): -156.9329262131298 -156.2076221298442 -155.1879227358921 -154.4411863978475
 Davidson iteration 1.0 (tol=0.0007161504747906192): -156.9329262131297
 Davidson iteration 1.1 (tol=0.0003206679779832177): -156.9329263671111 -154.4115411471239
 Davidson iteration 1.2 (tol=0.0001659535034641834): -156.9329264106575 -155.8701738568664 -153.0083743035393
 Davidson iteration 1.3 (tol=6.943127085014934e-05): -156.9329264196537 -156.254614801482 -153.6582591950985 -152.4209147263185
 Davidson iteration 1.4 (tol=2.742276170054723e-05): -156.93292642112 -156.3706679269175 -154.1503637816667 -153.4219504194527
 Davidson iteration 1.5 (tol=1.110420952813302e-05): -156.9329264213979 -156.4611113925696 -155.2223027396523 -153.5531141262157
 Davidson iteration 1.6 (tol=4.566430750935889e-06): -156.9329264214395 -156.5070302670439 -155.6757102348249 -153.9221414470855
 Elapsed time for davidson 90.77080699999999 (sec) 
 Elapsed time for diagonalization 90.770943 (sec) 
 Elapsed time for mult 2.29237 (sec) 
 Energy = -156.9329264214374
 Elapsed time for measurement 0.145355 (sec) 
 Sample-based diagonalization: Energy = -156.9329264214374
 Sample-based diagonalization: density = [1.999987366133809,1.991927749547785,1.991430217670123,1.99105584745488,1.984670842534045,1.984603964336446,1.984297651939084,1.983838352475878,1.987695903539155,1.972457775080743,1.983378865422802,1.98735756296807,1.950176490635962,0.08184936401321022,0.01761456465153883,0.01805217134949887,0.01692724918706321,0.01388685958011767,0.01695963004878091,0.009001266203895297,0.01862361506832255,0.01420668958362604
 Sample-based diagonalization: carryover bitstrings = [], size = 0
