"PluginInterface" error: Failure to initialize device 0: Error in cuDevicePrimaryCtxRetain: out of memory
"PluginInterface" error: Failure to initialize device 0: Error in cuDevicePrimaryCtxRetain: out of memory
"PluginInterface" error: Failure to initialize device 1: Error in cuDevicePrimaryCtxRetain: out of memory
"PluginInterface" error: Failure to initialize device 1: Error in cuDevicePrimaryCtxRetain: out of memory
"PluginInterface" error: Failure to initialize device 2: Error in cuDevicePrimaryCtxRetain: out of memory
"PluginInterface" error: Failure to initialize device 2: Error in cuDevicePrimaryCtxRetain: out of memory
"PluginInterface" error: Failure to initialize device 3: Error in cuDevicePrimaryCtxRetain: out of memory
"PluginInterface" error: Failure to initialize device 3: Error in cuDevicePrimaryCtxRetain: out of memory
 Elapsed time for helper construction 0.365232 (sec) 
 Elapsed time for init 0.003311 (sec) 
 Elapsed time for makeQChamDiagTerms 0.131931 (sec) 
 Davidson iteration 0.0 (tol=0.6674496848091319): -185.2549095296014
 Davidson iteration 0.1 (tol=0.2917380903494843): -185.4535428843632 -183.5067472935122
 Davidson iteration 0.2 (tol=0.09316303703566604): -185.4840282338062 -183.7581474863665 -182.7393465955483
 Davidson iteration 0.3 (tol=0.02867162122479333): -185.4867206445172 -184.0063014671953 -182.7393479690664 -182.5287769892223
 Davidson iteration 0.4 (tol=0.01101004207217782): -185.4869754846541 -184.1843165571647 -183.0442190038121 -182.7355814037401
 Davidson iteration 0.5 (tol=0.004048243019041674): -185.4870158599726 -184.3545083783866 -183.408333820941 -182.7365784789659
 Davidson iteration 0.6 (tol=0.001520466487754024): -185.4870209109347 -184.519966835836 -183.5968427251679 -182.9005120715359
 Davidson iteration 0.7 (tol=0.0005091622064097612): -185.4870215875239 -184.6376433640175 -183.7371542887808 -183.176139115175
 Davidson iteration 0.8 (tol=0.0001658775690823694): -185.4870216625965 -184.6751057600483 -183.8347562639404 -183.2692514690483
 Davidson iteration 0.9 (tol=5.935276847900478e-05): -185.4870216707869 -184.6919144355901 -183.963120574762 -183.4273373421616
 Davidson iteration 0.10 (tol=2.111408993337845e-05): -185.4870216718512 -184.7016739900202 -184.101073132734 -183.6085465352469
 Davidson iteration 0.11 (tol=7.257459102742304e-06): -185.4870216719949 -184.7194389477535 -184.2910996560672 -183.7320396635767
 Davidson iteration 0.12 (tol=2.668697032506797e-06): -185.4870216720103 -184.7358147430689 -184.4476096734282 -183.7968578936651
 Davidson iteration 0.13 (tol=9.457297827862636e-07): -185.4870216720124 -184.7382196193421 -184.5200149783263 -183.8359039078185
 Davidson iteration 0.14 (tol=3.286837138882233e-07): -185.4870216720125 -184.7510084378903 -184.6234468217644 -183.9186056201488
 Davidson iteration 0.15 (tol=1.144765219882018e-07): -185.4870216720127 -184.7693613000024 -184.6691599815229 -184.002477238888
 Davidson iteration 0.16 (tol=3.882535734893889e-08): -185.4870216720127 -184.7816957582537 -184.688714042384 -184.0786681396604
 Davidson iteration 0.17 (tol=1.329476901207035e-08): -185.4870216720126 -184.8102458870434 -184.701441705831 -184.1596425774277
 Davidson iteration 0.18 (tol=4.491188553371809e-09): -185.4870216720125 -184.8209849291405 -184.7043864122055 -184.2107606099833
 Elapsed time for davidson 36.708197 (sec) 
 Elapsed time for diagonalization 36.709162 (sec) 
 Elapsed time for mult 0.808804 (sec) 
 Energy = -185.4870216720138
 Elapsed time for measurement 0.05228799999999999 (sec) 
 Sample-based diagonalization: Energy = -185.4870216720138
 Sample-based diagonalization: density = [1.999966838119397,1.999969399131784,1.999971123794926,1.985398116535007,1.98358761653979,1.97909663313682,1.977643501326091,1.97525279148617,1.972931861238785,1.973573672449323,1.972359145914647,1.886881042524255,0.1151286219156162,0.02488239209559909,0.02581691213661361,0.02382937758395316,0.02386103127679083,0.02256102485388264,0.02088215842429817,0.01805570737477305,0.01835103212748157
 Sample-based diagonalization: carryover bitstrings = [], size = 0
