 Elapsed time for helper construction 0.590739 (sec) 
 Elapsed time for init 0.009212999999999999 (sec) 
 Elapsed time for makeQChamDiagTerms 3.178938 (sec) 
 Davidson iteration 0.0 (tol=0.5355602244626837): -88.5337895137788
 Davidson iteration 0.1 (tol=0.1814937959669685): -88.66443305303331 -86.43457218009854
 Davidson iteration 0.2 (tol=0.04252750753840036): -88.67562583146692 -86.86734932989212 -85.43773455674035
 Davidson iteration 0.3 (tol=0.01157781986627745): -88.67614859459574 -86.95937729526845 -85.83523573782429 -85.21587020948287
 Davidson iteration 0.4 (tol=0.003412237892545646): -88.67618976286215 -87.03622168621277 -86.21568095606206 -85.40095756446078
 Davidson iteration 0.5 (tol=0.001137345853044625): -88.67619335364365 -87.14147597082527 -86.58769312076925 -85.40166148934897
 Davidson iteration 0.6 (tol=0.0003195598464559091): -88.67619374878991 -87.24487133730079 -86.79628586386272 -85.83962122995284
 Davidson iteration 0.7 (tol=9.179514438157569e-05): -88.67619377976636 -87.29768104139444 -86.91512977106997 -86.14451628084461
 Davidson iteration 1.0 (tol=9.179514438251621e-05): -88.67619377976634
 Davidson iteration 1.1 (tol=3.289821379496385e-05): -88.67619378194874 -85.35494972860019
 Davidson iteration 1.2 (tol=1.125306947537528e-05): -88.67619378232793 -86.75831980267314 -84.29472383696096
 Davidson iteration 1.3 (tol=3.563997201333748e-06): -88.67619378236611 -87.17645078023547 -85.28366168032929 -83.92411678534397
 Elapsed time for davidson 20.301372 (sec) 
 Elapsed time for diagonalization 20.301524 (sec) 
 Elapsed time for mult 0.76589 (sec) 
 Energy = -88.67619378236539
 Elapsed time for measurement 0.041221 (sec) 
 Sample-based diagonalization: Energy = -88.67619378236539
 Sample-based diagonalization: density = [1.999966576726514,1.988239236417384,1.985258139690074,1.986905312588739,1.979319836390635,1.980295111447723,1.975933330829825,1.976361536477987,1.976846151256365,0.02225732343174025,0.0177347841472661,0.01393133020695094,0.01487935808995026,0.01936973817838317,0.01776790300250534,0.01406974707756548,0.01662681625241869,0.01423776766070083
 Sample-based diagonalization: carryover bitstrings = [], size = 0
