 Elapsed time for helper construction 0.6372439999999999 (sec) 
 Elapsed time for init 0.003353 (sec) 
 Elapsed time for makeQChamDiagTerms 2.506275 (sec) 
 Davidson iteration 0.0 (tol=0.5431233403889152): -147.886559672985
 Davidson iteration 0.1 (tol=0.2350277280114204): -148.0111212812658 -145.9145377025286
 Davidson iteration 0.2 (tol=0.1042289287946737): -148.0275757639012 -146.3669512465173 -145.0200747903843
 Davidson iteration 0.3 (tol=0.03945371245207054): -148.030878611525 -146.5860284979883 -145.3607317175224 -144.7202803171414
 Davidson iteration 0.4 (tol=0.0158439011530175): -148.0312945643314 -146.7748561468227 -145.6817665850097 -145.0259409397161
 Davidson iteration 0.5 (tol=0.005702636831660342): -148.0313742466294 -147.0438750994091 -145.9199181467557 -145.2643373635759
 Davidson iteration 0.6 (tol=0.002589542328559404): -148.0313831948928 -147.1592335361175 -146.0783921469792 -145.2696624280797
 Davidson iteration 0.7 (tol=0.001005224214487047): -148.0313848749551 -147.2461620176888 -146.3565218029727 -145.5178188795475
 Davidson iteration 1.0 (tol=0.001005224214473921): -148.0313848749544
 Davidson iteration 1.1 (tol=0.0005028005973089523): -148.0313851253594 -145.5282601753931
 Davidson iteration 1.2 (tol=0.0002380431390290034): -148.031385205301 -146.8391516330932 -143.1550639829432
 Davidson iteration 1.3 (tol=9.636235846712004e-05): -148.0313852233758 -147.2698446571439 -144.8002673296543 -142.6253121407123
 Davidson iteration 1.4 (tol=4.193863403733012e-05): -148.031385225768 -147.4227978755327 -144.8178238398832 -144.6493256859329
 Davidson iteration 1.5 (tol=1.685176903247214e-05): -148.0313852262307 -147.4935296950617 -145.6044397943668 -144.7853924813585
 Davidson iteration 1.6 (tol=7.34027611803467e-06): -148.0313852263092 -147.5460926560495 -146.2633370635191 -145.1134324909918
 Elapsed time for davidson 14.942453 (sec) 
 Elapsed time for diagonalization 14.942548 (sec) 
 Elapsed time for mult 0.492449 (sec) 
 Energy = -148.0313852263086
 Elapsed time for measurement 0.022926 (sec) 
 Sample-based diagonalization: Energy = -148.0313852263086
 Sample-based diagonalization: density = [1.999996764599947,1.997344115364498,1.992624811831211,1.991871642031254,1.990665139729288,1.986628098160375,1.996984095345147,1.9640043140314,1.979777668378414,1.982729983243587,1.939818742496129,0.09848736280459197,0.01966591193960873,0.01621339170739158,0.002567927651979707,0.02193779284019824,0.01868223773543679
 Sample-based diagonalization: carryover bitstrings = [], size = 0
