 Elapsed time for helper construction 1.206993 (sec) 
 Elapsed time for init 0.042329 (sec) 
 Elapsed time for makeQChamDiagTerms 10.694203 (sec) 
 Davidson iteration 0.0 (tol=0.6613676966633566): -153.490766334161
 Davidson iteration 0.1 (tol=0.2488081154202287): -153.6774677062151 -151.4873944109514
 Davidson iteration 0.2 (tol=0.09622222212056596): -153.6971032536833 -151.8177782757241 -150.8445058891805
 Davidson iteration 0.3 (tol=0.02897854626961394): -153.7001567609682 -152.0336583576463 -150.9474042510948 -150.6715493643393
 Davidson iteration 0.4 (tol=0.0126253585820069): -153.7004767628492 -152.4330040598425 -151.1905120679887 -150.8590030702781
 Davidson iteration 0.5 (tol=0.005163490752655595): -153.7005365499482 -152.8213666135479 -151.5048694390485 -150.9361746051576
 Davidson iteration 0.6 (tol=0.002046975818411188): -153.7005462039963 -152.9718936758744 -151.728129695898 -150.9802482333753
 Davidson iteration 0.7 (tol=0.0007992961520765063): -153.7005478351386 -153.0385813581301 -152.070689354519 -151.3612736356054
 Davidson iteration 1.0 (tol=0.000799296152057827): -153.7005478351389
 Davidson iteration 1.1 (tol=0.0003555425422038358): -153.7005480499622 -151.5323259900065
 Davidson iteration 1.2 (tol=0.0001679516865912408): -153.7005481079019 -152.5687243825252 -150.6832268330625
 Davidson iteration 1.3 (tol=6.687199029173597e-05): -153.7005481177928 -152.8882006365336 -150.8664038829606 -150.2421478654601
 Davidson iteration 1.4 (tol=2.661980130774209e-05): -153.70054811934 -153.028423111989 -151.1500659601271 -150.8568771016741
 Davidson iteration 1.5 (tol=1.134531988185648e-05): -153.7005481196308 -153.1271373379267 -152.1553383629694 -150.8604123421434
 Davidson iteration 1.6 (tol=4.570008238334172e-06): -153.7005481196755 -153.1758495580512 -152.4903492911483 -151.3074299630799
 Elapsed time for davidson 55.088213 (sec) 
 Elapsed time for diagonalization 55.089999 (sec) 
 Elapsed time for mult 1.388436 (sec) 
 Energy = -153.7005481196744
 Elapsed time for measurement 0.107278 (sec) 
 Sample-based diagonalization: Energy = -153.7005481196744
 Sample-based diagonalization: density = [1.999989113169645,1.991040005824905,1.990835288426982,1.990026047191409,1.985760084406389,1.979622651558404,1.98610031480477,1.98605708966129,1.987202469867525,1.988710014445723,1.961029729196369,1.987757807415875,1.93736969495371,0.09812313200123973,0.01932330444056252,0.009259321234512188,0.01565747608918225,0.01487408190532196,0.01252338452596053,0.01866203115335677,0.007990386435534258,0.01666789421435948,0.01541867667321212
 Sample-based diagonalization: carryover bitstrings = [], size = 0
