 Elapsed time for helper construction 1.49303 (sec) 
 Elapsed time for init 0.049084 (sec) 
 Elapsed time for makeQChamDiagTerms 11.267422 (sec) 
 Davidson iteration 0.0 (tol=0.6760841153088101): -145.280649767948
 Davidson iteration 0.1 (tol=0.2706247453079547): -145.4700246403411 -143.1656998473049
 Davidson iteration 0.2 (tol=0.1127730044248747): -145.4915283602754 -143.5776357709752 -142.3070414737426
 Davidson iteration 0.3 (tol=0.03537759386096238): -145.4952199912806 -143.8014634260657 -142.4459720336188 -142.0195343874803
 Davidson iteration 0.4 (tol=0.01429278872288229): -145.4955985309572 -144.0645511303577 -142.802311018911 -142.2486802258737
 Davidson iteration 0.5 (tol=0.005836612437469483): -145.4956662861435 -144.4439750226919 -143.2627514539933 -142.3646982535672
 Davidson iteration 0.6 (tol=0.002517825831891407): -145.4956778129252 -144.6516356424345 -143.4883215088727 -142.4155917114285
 Davidson iteration 0.7 (tol=0.001075242413062416): -145.4956801320685 -144.8051323245809 -143.8324966668681 -142.9747257918586
 Davidson iteration 1.0 (tol=0.00107524241306076): -145.4956801320704
 Davidson iteration 1.1 (tol=0.000480367164169666): -145.4956804944453 -143.1022176443212
 Davidson iteration 1.2 (tol=0.0002731514263777226): -145.4956806098837 -144.5966373001389 -142.2570581897465
 Davidson iteration 1.3 (tol=0.0001210971626278488): -145.4956806347858 -144.8869828290539 -142.3529918513595 -141.820403014212
 Davidson iteration 1.4 (tol=5.13183231983768e-05): -145.4956806394079 -144.995495012248 -142.7020487819827 -142.2738381314331
 Davidson iteration 1.5 (tol=2.139009770479151e-05): -145.4956806403351 -145.0569094818388 -143.7957015035795 -142.2906826701504
 Davidson iteration 1.6 (tol=8.916887434746252e-06): -145.4956806404826 -145.0831514649457 -144.2291506857643 -142.6450635469953
 Elapsed time for davidson 72.191942 (sec) 
 Elapsed time for diagonalization 72.19333399999999 (sec) 
 Elapsed time for mult 2.391179 (sec) 
 Energy = -145.4956806404808
 Elapsed time for measurement 0.151485 (sec) 
 Sample-based diagonalization: Energy = -145.4956806404808
 Sample-based diagonalization: density = [1.99998790535421,1.990751924880113,1.990684504168212,1.988977369634233,1.983021015508001,1.979149479539748,1.982994674215111,1.981802395411102,1.979013395218542,1.959314340299603,1.98320834746826,1.950795896231304,0.0856928251264685,0.02408353627264653,0.02027826278936725,0.01884528172125356,0.01744919866749557,0.01292984155833224,0.01697768874405625,0.01984663220174834,0.01419548450517073
 Sample-based diagonalization: carryover bitstrings = [], size = 0
