 Elapsed time for helper construction 1.531933 (sec) 
 Elapsed time for init 0.023955 (sec) 
 Elapsed time for makeQChamDiagTerms 16.569437 (sec) 
 Davidson iteration 0.0 (tol=0.6582849937261582): -165.5210789906729
 Davidson iteration 0.1 (tol=0.2041259610549176): -165.7081890983511 -163.5408949358242
 Davidson iteration 0.2 (tol=0.06610684507510882): -165.7227649679799 -163.8231396352948 -163.1970817286133
 Davidson iteration 0.3 (tol=0.01736726243117024): -165.7243569407098 -163.9699860468981 -163.3603934347564 -163.1572790196394
 Davidson iteration 0.4 (tol=0.006151376293009436): -165.7244763409897 -164.3342166772283 -163.4419462866987 -163.1823810933013
 Davidson iteration 0.5 (tol=0.002284609543657214): -165.7244925906712 -164.7803814727745 -163.5986100317518 -163.3881136687163
 Davidson iteration 0.6 (tol=0.0007723236290846922): -165.724494769715 -164.930706974434 -163.725633949693 -163.4955463577743
 Davidson iteration 0.7 (tol=0.0003180189207698833): -165.7244950540537 -165.0887567692324 -164.3440884256468 -163.5171827523454
 Davidson iteration 1.0 (tol=0.0003180189207681475): -165.7244950540547
 Davidson iteration 1.1 (tol=0.0001192093687928819): -165.7244950919072 -163.7223741165369
 Davidson iteration 1.2 (tol=5.984508278929726e-05): -165.7244951021638 -165.015215542353 -163.4530421986826
 Davidson iteration 1.3 (tol=2.171206889925843e-05): -165.7244951036153 -165.1806105404174 -163.5269109912902 -163.1561849744824
 Davidson iteration 1.4 (tol=8.580477975530136e-06): -165.7244951038206 -165.2816833405537 -163.6677947791961 -163.4930643260171
 Elapsed time for davidson 55.98307 (sec) 
 Elapsed time for diagonalization 55.983334 (sec) 
 Elapsed time for mult 1.253931 (sec) 
 Energy = -165.7244951038195
 Elapsed time for measurement 0.143569 (sec) 
 Sample-based diagonalization: Energy = -165.7244951038195
 Sample-based diagonalization: density = [1.999979541739433,1.99412220249279,1.994881886275553,1.991399642501767,1.989807878856781,1.986748844225178,1.984941679573277,1.985480946552892,1.981334601497394,1.984607958697236,1.967437727550461,1.995303844737494,1.986440833799884,1.952184259973333,0.08140306055202287,0.01263827117632151,0.00654627797658585,0.01193859915964069,0.003424322158454346,0.01335325793628984,0.01438436412406797,0.01641345601242842,0.01435250511696654,0.01539439891266059,0.01547963799385713
 Sample-based diagonalization: carryover bitstrings = [], size = 0
