 Elapsed time for helper construction 1.413279 (sec) 
 Elapsed time for init 0.020125 (sec) 
 Elapsed time for makeQChamDiagTerms 14.215736 (sec) 
 Davidson iteration 0.0 (tol=0.6241441262476055): -137.7909397099409
 Davidson iteration 0.1 (tol=0.1550059541577584): -137.9661346763972 -135.6885871107721
 Davidson iteration 0.2 (tol=0.04691938013274787): -137.9747355323688 -136.225651121812 -135.4560866948655
 Davidson iteration 0.3 (tol=0.01102530568827961): -137.9755287867681 -136.267867653468 -135.6471705871229 -135.3599454682679
 Davidson iteration 0.4 (tol=0.003567353563285478): -137.9755886106002 -136.9607099111801 -135.8746991519161 -135.5201341449669
 Davidson iteration 0.5 (tol=0.001038038038807498): -137.9755941215888 -137.1990094078188 -135.9220233877671 -135.6849950571537
 Davidson iteration 0.6 (tol=0.0002839254655531536): -137.9755945512237 -137.3222477413133 -136.0666149757254 -135.7138564442018
 Davidson iteration 0.7 (tol=7.8521029097741e-05): -137.9755945821659 -137.3695370847078 -136.2199461209009 -135.752175373661
 Davidson iteration 1.0 (tol=7.852102909624332e-05): -137.9755945821659
 Davidson iteration 1.1 (tol=2.625907434178584e-05): -137.9755945843731 -135.7771487337554
 Davidson iteration 1.2 (tol=7.900238739138045e-06): -137.9755945846871 -136.6105149217105 -135.0003335522201
 Elapsed time for davidson 53.264188 (sec) 
 Elapsed time for diagonalization 53.264302 (sec) 
 Elapsed time for mult 1.738648 (sec) 
 Energy = -137.9755945846867
 Elapsed time for measurement 0.132051 (sec) 
 Sample-based diagonalization: Energy = -137.9755945846867
 Sample-based diagonalization: density = [1.99997320076878,1.994537797657848,1.98957922087933,1.986430312716845,1.986871657103774,1.984857760118609,1.989354563938938,1.985605848108253,1.979914297538647,1.97950064713244,1.978131914626915,1.986738257607348,1.981422402491626,0.01400992148015728,0.02061727581786043,0.02146398803714372,0.01958821163504851,0.01601360989035585,0.008161823515681121,0.01467905780793943,0.01056541813932501,0.0156378713948392,0.01499896684841107,0.0116932312426109,0.009652743036630239
 Sample-based diagonalization: carryover bitstrings = [], size = 0
