 Elapsed time for helper construction 0.8245779999999999 (sec) 
 Elapsed time for init 0.012493 (sec) 
 Elapsed time for makeQChamDiagTerms 8.680437 (sec) 
 Davidson iteration 0.0 (tol=0.4777656920146816): -160.692267547058
 Davidson iteration 0.1 (tol=0.1092948602676733): -160.8012627089499 -158.7939847139454
 Davidson iteration 0.2 (tol=0.03080243774410637): -160.8066159843189 -159.3277552405716 -158.7292621835553
 Davidson iteration 0.3 (tol=0.008008211808355363): -160.8070220355908 -159.4216402885488 -158.8696558367137 -158.6712315373903
 Davidson iteration 0.4 (tol=0.003243697040531195): -160.8070639686344 -159.9801580027774 -159.2130302444687 -158.8146430990296
 Davidson iteration 0.5 (tol=0.0009362683381070429): -160.8070701434735 -160.2257613398158 -159.2457449643699 -158.9528085030038
 Davidson iteration 0.6 (tol=0.0002584818717181306): -160.8070706581175 -160.3582898806492 -159.6410584422164 -158.9834851133326
 Davidson iteration 0.7 (tol=6.498758493799612e-05): -160.8070706882736 -160.3851943847105 -159.783237468554 -159.0518209246064
 Davidson iteration 1.0 (tol=6.498758493600216e-05): -160.807070688274
 Davidson iteration 1.1 (tol=1.883757281795134e-05): -160.8070706899863 -159.0415302271351
 Davidson iteration 1.2 (tol=5.430344412116322e-06): -160.8070706901922 -159.706860653222 -158.794416057792
 Elapsed time for davidson 26.143884 (sec) 
 Elapsed time for diagonalization 26.144176 (sec) 
 Elapsed time for mult 0.536876 (sec) 
 Energy = -160.8070706901905
 Elapsed time for measurement 0.08086699999999999 (sec) 
 Sample-based diagonalization: Energy = -160.8070706901905
 Sample-based diagonalization: density = [1.999994691180463,1.998061830791117,1.993016863527727,1.99351154960741,1.995756651899869,1.98815637883243,1.994477993680165,1.987864524242537,1.988793392897666,1.984706573063413,1.984246544627915,1.99005829137579,1.979418044028253,0.03902108788718273,0.01332620250983586,0.0114367663258296,0.01113820501360813,0.00913396399109191,0.01346852643272975,0.007752810406417671,0.009242976226277302,0.003023212633085232,0.004392918615527443
 Sample-based diagonalization: carryover bitstrings = [], size = 0
