 Elapsed time for helper construction 0.409697 (sec) 
 Elapsed time for init 0.003641 (sec) 
 Elapsed time for makeQChamDiagTerms 1.823043 (sec) 
 Davidson iteration 0.0 (tol=0.5776797441055751): -137.000582873143
 Davidson iteration 0.1 (tol=0.2751471007909898): -137.142044662195 -135.0971770982421
 Davidson iteration 0.2 (tol=0.1214270348737772): -137.1672555411686 -135.6262851703443 -134.3199567627541
 Davidson iteration 0.3 (tol=0.05168757988922503): -137.1722060090851 -135.9607758423679 -134.6125990350636 -133.7360748182949
 Davidson iteration 0.4 (tol=0.02527250186914883): -137.1731272946762 -136.2775018740328 -134.9122120236791 -134.3858972520308
 Davidson iteration 0.5 (tol=0.01152249121092371): -137.173371299734 -136.5595326387747 -135.2113136935785 -134.3941745788702
 Davidson iteration 0.6 (tol=0.005967319528977441): -137.1734129527207 -136.6637375235458 -135.4713422140368 -134.4836946606294
 Davidson iteration 0.7 (tol=0.002443384178631466): -137.1734236213398 -136.7057620661194 -135.6965466461743 -134.7872853635733
 Davidson iteration 1.0 (tol=0.002443384178629217): -137.1734236213399
 Davidson iteration 1.1 (tol=0.001188341318878996): -137.1734252400811 -134.9749046350335
 Davidson iteration 1.2 (tol=0.0006443458031973653): -137.1734257885835 -135.8418145129363 -134.0412492860223
 Davidson iteration 1.3 (tol=0.0003211453252055721): -137.1734259386977 -136.4210720325757 -134.2407296351596 -133.3455839407779
 Davidson iteration 1.4 (tol=0.000141029929763058): -137.1734259690484 -136.6030710930529 -134.2410554693222 -133.9925040712216
 Davidson iteration 1.5 (tol=6.787702133809351e-05): -137.1734259759885 -136.7088707370729 -135.2137537103671 -134.2126482481794
 Davidson iteration 1.6 (tol=3.046141306572991e-05): -137.1734259774356 -136.7692868460037 -135.7924481418861 -134.2133739843079
 Davidson iteration 1.7 (tol=1.113440034880162e-05): -137.1734259777164 -136.798827715527 -136.0752771041373 -134.21499398839
 Davidson iteration 2.0 (tol=1.1134400306182e-05): -137.1734259777168
 Davidson iteration 2.1 (tol=5.193331380288245e-06): -137.1734259777483 -134.6567532687921
 Elapsed time for davidson 16.575731 (sec) 
 Elapsed time for diagonalization 16.575815 (sec) 
 Elapsed time for mult 0.45957 (sec) 
 Energy = -137.1734259777475
 Elapsed time for measurement 0.023829 (sec) 
 Sample-based diagonalization: Energy = -137.1734259777475
 Sample-based diagonalization: density = [1.999997479606403,1.994040778350363,1.993056757079798,1.988523968031525,1.98725740713848,1.982703937252971,1.96134623284006,1.977974409045653,1.98659508147173,1.889050731569416,0.1378979380079108,0.002088491144344405,0.01154910748845684,0.006383200756520703,0.02387848623315703,0.0357630707234701,0.0218929231512447
 Sample-based diagonalization: carryover bitstrings = [], size = 0
