 Elapsed time for helper construction 0.491825 (sec) 
 Elapsed time for init 0.003593 (sec) 
 Elapsed time for makeQChamDiagTerms 1.653585 (sec) 
 Davidson iteration 0.0 (tol=0.5348997516593866): -88.25046536681815
 Davidson iteration 0.1 (tol=0.1866477600903474): -88.38102183381609 -86.15499847346196
 Davidson iteration 0.2 (tol=0.04543689535110338): -88.39276879231844 -86.59546372261259 -85.10725242202007
 Davidson iteration 0.3 (tol=0.0125534253229948): -88.39335861086839 -86.69361698038897 -85.54195142807346 -84.8318060899945
 Davidson iteration 0.4 (tol=0.00374318957230449): -88.39340615422921 -86.77224364371617 -85.93027962290439 -85.05475850204547
 Davidson iteration 0.5 (tol=0.001246454172684042): -88.39341042524616 -86.87852707722342 -86.29934061306287 -85.06780583960216
 Davidson iteration 0.6 (tol=0.0003538493454464819): -88.3934108910973 -86.98074435105808 -86.51411734312144 -85.53969384912274
 Davidson iteration 0.7 (tol=9.867362942244112e-05): -88.39341092945955 -87.03427938710352 -86.63977238353998 -85.86941544900313
 Davidson iteration 1.0 (tol=9.86736294220624e-05): -88.39341092945993
 Davidson iteration 1.1 (tol=3.548639356108711e-05): -88.3934109320075 -85.15591668742589
 Davidson iteration 1.2 (tol=1.27325688308429e-05): -88.39341093245018 -86.49519444097962 -84.1288288431287
 Davidson iteration 1.3 (tol=4.079343265838975e-06): -88.39341093249651 -86.90906024715704 -84.93162632326354 -83.56400398607391
 Elapsed time for davidson 10.908857 (sec) 
 Elapsed time for diagonalization 10.908951 (sec) 
 Elapsed time for mult 0.447119 (sec) 
 Energy = -88.39341093249634
 Elapsed time for measurement 0.023242 (sec) 
 Sample-based diagonalization: Energy = -88.39341093249634
 Sample-based diagonalization: density = [1.999967079268712,1.987896943970088,1.985032160793128,1.985038733673642,1.979161825576345,1.979372283890029,1.976727576947347,1.974879739556501,1.978797963549775,0.02087946429689087,0.02144190870097664,0.02063666457345743,0.01676681995307711,0.01687224591570997,0.01928836859273025,0.01939912997622283,0.01784109070599168
 Sample-based diagonalization: carryover bitstrings = [], size = 0
