"PluginInterface" error: Failure to initialize device 0: Error in cuDevicePrimaryCtxRetain: out of memory
"PluginInterface" error: Failure to initialize device 0: Error in cuDevicePrimaryCtxRetain: out of memory
"PluginInterface" error: Failure to initialize device 0: Error in cuDevicePrimaryCtxRetain: out of memory
"PluginInterface" error: Failure to initialize device 0: Error in cuDevicePrimaryCtxRetain: out of memory
"PluginInterface" error: Failure to initialize device 1: Error in cuDevicePrimaryCtxRetain: out of memory
"PluginInterface" error: Failure to initialize device 1: Error in cuDevicePrimaryCtxRetain: out of memory
"PluginInterface" error: Failure to initialize device 1: Error in cuDevicePrimaryCtxRetain: out of memory
"PluginInterface" error: Failure to initialize device 1: Error in cuDevicePrimaryCtxRetain: out of memory
"PluginInterface" error: Failure to initialize device 2: Error in cuDevicePrimaryCtxRetain: out of memory
"PluginInterface" error: Failure to initialize device 2: Error in cuDevicePrimaryCtxRetain: out of memory
"PluginInterface" error: Failure to initialize device 2: Error in cuDevicePrimaryCtxRetain: out of memory
"PluginInterface" error: Failure to initialize device 2: Error in cuDevicePrimaryCtxRetain: out of memory
"PluginInterface" error: Failure to initialize device 3: Error in cuDevicePrimaryCtxRetain: out of memory
"PluginInterface" error: Failure to initialize device 3: Error in cuDevicePrimaryCtxRetain: out of memory
"PluginInterface" error: Failure to initialize device 3: Error in cuDevicePrimaryCtxRetain: out of memory
"PluginInterface" error: Failure to initialize device 3: Error in cuDevicePrimaryCtxRetain: out of memory
 Elapsed time for helper construction 0.418802 (sec) 
 Elapsed time for init 0.005527 (sec) 
 Elapsed time for makeQChamDiagTerms 0.117244 (sec) 
 Davidson iteration 0.0 (tol=0.6673094400459811): -185.2872649146444
 Davidson iteration 0.1 (tol=0.2909905268971837): -185.4856153059886 -183.5407623155334
 Davidson iteration 0.2 (tol=0.09233769277127828): -185.5159678055292 -183.7875454612943 -182.7810875525966
 Davidson iteration 0.3 (tol=0.02839388771172794): -185.5186219299601 -184.0379253718385 -182.7814210957608 -182.573718873579
 Davidson iteration 0.4 (tol=0.01088674934100261): -185.5188732189748 -184.2195005873265 -183.0901340199072 -182.7798842750768
 Davidson iteration 0.5 (tol=0.003989416390557068): -185.5189128038741 -184.3886837482013 -183.4428681602558 -182.7803422390446
 Davidson iteration 0.6 (tol=0.0014956995122725): -185.5189177176296 -184.552091435673 -183.627250465447 -182.9314105169225
 Davidson iteration 0.7 (tol=0.0005043856885002374): -185.5189183716769 -184.6689221050757 -183.765294485175 -183.2121981615123
 Davidson iteration 0.8 (tol=0.0001640648029188719): -185.5189184452888 -184.7070896436727 -183.860601772041 -183.3039440392991
 Davidson iteration 0.9 (tol=5.846742352393523e-05): -185.5189184533498 -184.7249679649677 -183.9941128136381 -183.4694549262464
 Davidson iteration 0.10 (tol=2.058211051913672e-05): -185.5189184543916 -184.7349487217415 -184.1356693443556 -183.6458572528076
 Davidson iteration 0.11 (tol=7.068015961072661e-06): -185.5189184545291 -184.7534123055546 -184.3308214573646 -183.7638778801741
 Davidson iteration 0.12 (tol=2.598248972498753e-06): -185.5189184545438 -184.7699803170798 -184.4880031891857 -183.8258026696746
 Davidson iteration 0.13 (tol=9.185326458712907e-07): -185.5189184545457 -184.7728627986183 -184.5622752378572 -183.8631241001665
 Davidson iteration 0.14 (tol=3.173917311307496e-07): -185.5189184545461 -184.7885343034848 -184.6635829042451 -183.9430527727797
 Davidson iteration 0.15 (tol=1.096952140094641e-07): -185.518918454546 -184.8080504998688 -184.7039755069275 -184.0266449109191
 Davidson iteration 0.16 (tol=3.721399391210042e-08): -185.5189184545459 -184.8226952254471 -184.7223692688299 -184.1095089383371
 Davidson iteration 0.17 (tol=1.261978937892827e-08): -185.518918454546 -184.8526465904984 -184.7337511750086 -184.1965502949108
 Davidson iteration 0.18 (tol=4.194991206654494e-09): -185.5189184545461 -184.8629667673758 -184.7362911806253 -184.2544186642858
 Elapsed time for davidson 42.606628 (sec) 
 Elapsed time for diagonalization 42.606824 (sec) 
 Elapsed time for mult 1.095824 (sec) 
 Energy = -185.5189184545429
 Elapsed time for measurement 0.131236 (sec) 
 Sample-based diagonalization: Energy = -185.5189184545429
 Sample-based diagonalization: density = [1.999966819407147,1.999969447789905,1.999971139660401,1.985451762558207,1.983705478948267,1.979192719492827,1.977758138789345,1.975488316787168,1.973186101156231,1.973707147814722,1.972513080320523,1.886688262266992,0.11535839179772,0.0245012608450522,0.02577811117589977,0.02376042007598199,0.02360311710161975,0.02251660451857156,0.0206035704462445,0.01786254461680344,0.01841756437518203
 Sample-based diagonalization: carryover bitstrings = [], size = 0
