 Elapsed time for helper construction 1.196082 (sec) 
 Elapsed time for init 0.04756 (sec) 
 Elapsed time for makeQChamDiagTerms 14.853366 (sec) 
 Davidson iteration 0.0 (tol=0.6036405140141471): -137.4744020615654
 Davidson iteration 0.1 (tol=0.129034815391991): -137.6682301086714 -136.0599855626062
 Davidson iteration 0.2 (tol=0.02950955762465673): -137.677279665292 -136.2413231051109 -136.0599832825304
 Davidson iteration 0.3 (tol=0.007448698474963479): -137.6777278890867 -136.3881762242425 -136.1473048965111 -135.7139144440685
 Davidson iteration 0.4 (tol=0.002105653117094338): -137.6777599058778 -136.6560345315449 -136.2077347474641 -135.8070162360074
 Davidson iteration 0.5 (tol=0.0005013975542437619): -137.6777623201299 -136.8781586863448 -136.2102940015016 -135.8515091433035
 Davidson iteration 0.6 (tol=0.0001249895660247525): -137.6777624432522 -136.955651660982 -136.2178683049413 -136.0100359427997
 Davidson iteration 0.7 (tol=2.955249889004167e-05): -137.677762451169 -136.9863815353375 -136.352630885978 -136.1292907795321
 Davidson iteration 1.0 (tol=2.955249888932893e-05): -137.6777624511707
 Davidson iteration 1.1 (tol=8.899367743610688e-06): -137.6777624516118 -136.2465980729567
 Elapsed time for davidson 44.06984 (sec) 
 Elapsed time for diagonalization 44.069972 (sec) 
 Elapsed time for mult 1.125212 (sec) 
 Energy = -137.6777624516089
 Elapsed time for measurement 0.13311 (sec) 
 Sample-based diagonalization: Energy = -137.6777624516089
 Sample-based diagonalization: density = [1.999985599813596,1.992338822529464,1.991166619304375,1.990595091452941,1.993461599493366,1.991772256992066,1.989494382667947,1.989715654976424,1.986545967827404,1.979493719805908,1.977092878524163,1.931986151159828,1.927859930887068,0.06868599133453505,0.06746377516678406,0.03088548028708973,0.008926937933184973,0.009319526454725708,0.003698999729533262,0.01174223186394456,0.01199721315333765,0.01104463040835412,0.007418070070078621,0.009573910855797636,0.01058577136982786,0.007148785737240865
 Sample-based diagonalization: carryover bitstrings = [], size = 0
