 Elapsed time for helper construction 1.366956 (sec) 
 Elapsed time for init 0.019848 (sec) 
 Elapsed time for makeQChamDiagTerms 16.795426 (sec) 
 Davidson iteration 0.0 (tol=0.6652417209445669): -151.2815099483943
 Davidson iteration 0.1 (tol=0.1516795855329527): -151.504388102897 -149.7612409925593
 Davidson iteration 0.2 (tol=0.03702953324419613): -151.515733853786 -149.8955242794572 -149.7608092446069
 Davidson iteration 0.3 (tol=0.01011888707250133): -151.5164091085397 -150.096840952817 -149.8154548844144 -149.4770353936871
 Davidson iteration 0.4 (tol=0.003041198216242679): -151.5164661643032 -150.3955633453652 -149.8762346558314 -149.5536160884009
 Davidson iteration 0.5 (tol=0.0008106923364810102): -151.5164709988292 -150.6514517512761 -149.8849189112991 -149.596827638262
 Davidson iteration 0.6 (tol=0.000222920279787359): -151.5164713141892 -150.7374317199619 -149.9286817173632 -149.7535699343339
 Davidson iteration 0.7 (tol=5.360720618545456e-05): -151.5164713378873 -150.7684532924275 -150.030162668765 -149.820049535543
 Davidson iteration 1.0 (tol=5.360720617829023e-05): -151.5164713378823
 Davidson iteration 1.1 (tol=1.75703203948326e-05): -151.5164713392292 -149.9559140591503
 Davidson iteration 1.2 (tol=7.17120159008665e-06): -151.5164713394609 -150.6929856419902 -149.7111444471868
 Elapsed time for davidson 46.772231 (sec) 
 Elapsed time for diagonalization 46.772585 (sec) 
 Elapsed time for mult 1.440992 (sec) 
 Energy = -151.516471339467
 Elapsed time for measurement 0.143077 (sec) 
 Sample-based diagonalization: Energy = -151.516471339467
 Sample-based diagonalization: density = [1.999976761885221,1.996494512965651,1.991607070529789,1.990037770954364,1.990748409217562,1.991149530107108,1.988438299669925,1.985932642995329,1.98858949092193,1.984563962027813,1.967456403061139,1.983496606341222,1.932948452921267,1.93230324574229,0.07168142312263667,0.06481380263098682,0.03367828692981482,0.01063671130737672,0.01082468662743194,0.005710485490215068,0.01388752607277763,0.01349006586033293,0.01326712653651769,0.007556607075784811,0.01086061365150733,0.01017999493122385,0.0096695101319596
 Sample-based diagonalization: carryover bitstrings = [], size = 0
