 Elapsed time for helper construction 1.21266 (sec) 
 Elapsed time for init 0.034688 (sec) 
 Elapsed time for makeQChamDiagTerms 13.162476 (sec) 
 Davidson iteration 0.0 (tol=0.409448569583409): -148.7100046488245
 Davidson iteration 0.1 (tol=0.06260797184333097): -148.8163875029124 -147.492628699579
 Davidson iteration 0.2 (tol=0.01475001254378604): -148.8191674931063 -147.8063050554124 -147.4516809472637
 Davidson iteration 0.3 (tol=0.00334340734146204): -148.8193245784914 -147.9686800630321 -147.6260137839511 -147.3230833725015
 Davidson iteration 0.4 (tol=0.0008819926434297509): -148.8193335757927 -148.2362966687737 -147.6571957586812 -147.5073333454039
 Davidson iteration 0.5 (tol=0.0002786129261267275): -148.8193342062978 -148.368720437654 -147.7652557985143 -147.6276029177351
 Davidson iteration 0.6 (tol=7.999628532517706e-05): -148.8193342681677 -148.4525910591855 -148.0031615190405 -147.631454432018
 Davidson iteration 0.7 (tol=1.903456183502728e-05): -148.819334272527 -148.4884971766686 -148.1400050939264 -147.6414653120164
 Davidson iteration 1.0 (tol=1.903456183253161e-05): -148.8193342725265
 Davidson iteration 1.1 (tol=4.962498490209183e-06): -148.8193342727475 -147.5850893603875
 Elapsed time for davidson 34.84038 (sec) 
 Elapsed time for diagonalization 34.879392 (sec) 
 Elapsed time for mult 0.7829229999999999 (sec) 
 Energy = -148.819334272747
 Elapsed time for measurement 0.097829 (sec) 
 Sample-based diagonalization: Energy = -148.819334272747
 Sample-based diagonalization: density = [1.999996144571538,1.997845498667134,1.99726321047634,1.994091192609166,1.998331424106421,1.995899978631623,1.995575130895715,1.995039133257082,1.996347734187997,1.98306857323973,1.983880668988742,1.964277336502451,1.971472261216044,1.953342390913909,0.0460642350018456,0.02510226951963168,0.04007936019507503,0.0292356851798452,0.00365913745573592,0.003392580356996401,0.006604531211312459,0.0003346822320213881,0.00272699136859731,0.00284015501889263,0.003682558858717399,0.002378669928751314,0.00435338147194464,0.003115083840568952
 Sample-based diagonalization: carryover bitstrings = [], size = 0
