 Elapsed time for helper construction 1.285883 (sec) 
 Elapsed time for init 0.021171 (sec) 
 Elapsed time for makeQChamDiagTerms 15.87143 (sec) 
 Davidson iteration 0.0 (tol=0.6087275397002097): -144.6799279253957
 Davidson iteration 0.1 (tol=0.125783835629357): -144.851381288511 -142.702206979626
 Davidson iteration 0.2 (tol=0.03066285904293): -144.8579315419207 -142.95828826577 -142.5868289214744
 Davidson iteration 0.3 (tol=0.007962327911674458): -144.8583278458583 -143.1546500180907 -142.7594253422507 -142.5540749740777
 Davidson iteration 0.4 (tol=0.0022703611382224): -144.8583617866953 -143.6238766438396 -142.8823897850737 -142.7084837926043
 Davidson iteration 0.5 (tol=0.0007025433932976529): -144.8583644937548 -143.9428081950703 -142.9947812411714 -142.8233676036833
 Davidson iteration 0.6 (tol=0.0002082397648437788): -144.8583647205811 -144.0589282067343 -143.1275094849801 -142.9205169344363
 Davidson iteration 0.7 (tol=5.259453722921783e-05): -144.8583647403426 -144.1328864037615 -143.2943975002371 -143.0566794196353
 Davidson iteration 1.0 (tol=5.259453722726548e-05): -144.858364740342
 Davidson iteration 1.1 (tol=1.641057632657093e-05): -144.8583647415321 -143.0879520526786
 Davidson iteration 1.2 (tol=5.395657757712233e-06): -144.8583647416889 -143.7159745699643 -142.7625444824501
 Elapsed time for davidson 44.556617 (sec) 
 Elapsed time for diagonalization 44.55683 (sec) 
 Elapsed time for mult 0.939287 (sec) 
 Energy = -144.8583647416887
 Elapsed time for measurement 0.135912 (sec) 
 Sample-based diagonalization: Energy = -144.8583647416887
 Sample-based diagonalization: density = [1.999979423557279,1.992437048054543,1.990186805138646,1.991003949256826,1.988555101976496,1.987127081917609,1.987451844646767,1.984467580292437,1.984525395307589,1.985279601091542,1.985197698232377,1.969180224209827,1.986894544457138,1.995604175247,0.008843578596173808,0.03078469502522015,0.005590385608118197,0.0144101877525774,0.01454456275504601,0.01642050971939752,0.01652109818523895,0.01330767349818985,0.01451822884712156,0.01174309389861033,0.01108572489237436,0.01433978761071276
 Sample-based diagonalization: carryover bitstrings = [], size = 0
