 Elapsed time for helper construction 0.562661 (sec) 
 Elapsed time for init 0.016765 (sec) 
 Elapsed time for makeQChamDiagTerms 3.149951 (sec) 
 Davidson iteration 0.0 (tol=0.5545671951799462): -147.594960317823
 Davidson iteration 0.1 (tol=0.2401150585763781): -147.7294529518952 -145.7016794237476
 Davidson iteration 0.2 (tol=0.1063305821726391): -147.7477412278291 -146.1572674614932 -144.908456948778
 Davidson iteration 0.3 (tol=0.03902784307381526): -147.7515319162852 -146.3633185848807 -145.2110337289793 -144.7681439730947
 Davidson iteration 0.4 (tol=0.01660573992682934): -147.7520007957087 -146.5871134331417 -145.5142748551132 -144.8627006954203
 Davidson iteration 0.5 (tol=0.006487237204791063): -147.752097493615 -146.8689152751799 -145.7300650163737 -145.1937714164529
 Davidson iteration 0.6 (tol=0.002948950103049857): -147.7521109715719 -146.9903860994895 -145.88891104295 -145.1945259839429
 Davidson iteration 0.7 (tol=0.001218419465675416): -147.7521135414466 -147.072681597401 -146.1520458554113 -145.4049963012752
 Davidson iteration 1.0 (tol=0.001218419465675546): -147.7521135414468
 Davidson iteration 1.1 (tol=0.0006145801937082848): -147.7521139744244 -145.6417158643001
 Davidson iteration 1.2 (tol=0.0003112907191902282): -147.7521141243138 -146.7082713207722 -143.877837934539
 Davidson iteration 1.3 (tol=0.0001293107200647399): -147.7521141599403 -147.0729809233839 -144.9717649619472 -143.4527920640897
 Davidson iteration 1.4 (tol=5.631285468281467e-05): -147.752114165289 -147.2218472960054 -145.1959118108024 -144.7976648656536
 Davidson iteration 1.5 (tol=2.243011819336435e-05): -147.7521141663421 -147.284892443779 -145.7396358186172 -145.0071252309282
 Davidson iteration 1.6 (tol=9.986768894530569e-06): -147.7521141665241 -147.3330789361153 -146.3925186842457 -145.4173599237265
 Elapsed time for davidson 25.283088 (sec) 
 Elapsed time for diagonalization 25.283639 (sec) 
 Elapsed time for mult 0.7743869999999999 (sec) 
 Energy = -147.7521141665239
 Elapsed time for measurement 0.036144 (sec) 
 Sample-based diagonalization: Energy = -147.7521141665239
 Sample-based diagonalization: density = [1.999997203161755,1.997329233528239,1.992383859788532,1.994162200110963,1.988028833038178,1.984962921447777,1.99419702224789,1.976888567979882,1.954734213739545,1.983350765860508,1.933106706083388,0.1109368267730726,0.01756966661590886,0.006885275185238269,0.005923498109382279,0.01629711139867095,0.02333144095130085,0.01991465380518616
 Sample-based diagonalization: carryover bitstrings = [], size = 0
