 Elapsed time for helper construction 1.558885 (sec) 
 Elapsed time for init 0.021419 (sec) 
 Elapsed time for makeQChamDiagTerms 13.322641 (sec) 
 Davidson iteration 0.0 (tol=0.6191755396293861): -130.3220872513783
 Davidson iteration 0.1 (tol=0.1788155338786152): -130.4876291297517 -128.1387787405558
 Davidson iteration 0.2 (tol=0.06512689913685762): -130.4980148828142 -128.7599970221418 -127.847117433331
 Davidson iteration 0.3 (tol=0.01802879683415387): -130.4994754854785 -128.8603014848078 -127.990025433137 -127.7203863078753
 Davidson iteration 0.4 (tol=0.008405782350222052): -130.4996633836081 -129.7452606890915 -128.3790755879915 -127.8642693585259
 Davidson iteration 0.5 (tol=0.002953502921905116): -130.4996935906011 -129.9568594672218 -128.4480213475526 -127.9941805273005
 Davidson iteration 0.6 (tol=0.0008851262852193979): -130.4996968708413 -130.0326914377692 -128.6269932761712 -128.0380924742095
 Davidson iteration 0.7 (tol=0.0002427571703078015): -130.4996971316262 -130.0508884336367 -128.7938865372249 -128.1886734984003
 Davidson iteration 1.0 (tol=0.0002427571703069757): -130.4996971316251
 Davidson iteration 1.1 (tol=8.424854041956915e-05): -130.4996971503425 -128.0665104829275
 Davidson iteration 1.2 (tol=2.650658039416881e-05): -130.4996971532139 -128.8924178148011 -127.2971479022113
 Davidson iteration 1.3 (tol=7.950030635743091e-06): -130.499697153458 -129.3772287325158 -127.5334104489998 -127.2854750515774
 Elapsed time for davidson 62.76805899999999 (sec) 
 Elapsed time for diagonalization 62.768279 (sec) 
 Elapsed time for mult 2.578017 (sec) 
 Energy = -130.4996971534598
 Elapsed time for measurement 0.13254 (sec) 
 Sample-based diagonalization: Energy = -130.4996971534598
 Sample-based diagonalization: density = [1.99996926344859,1.993275115852025,1.990843951842226,1.986661074556001,1.988098767355652,1.981904308554612,1.980704872646722,1.983259139862459,1.980468070313291,1.976531083410152,1.988912889093684,1.975804874028747,0.01916550865511078,0.01988523644232175,0.01475078025847,0.01859173775163037,0.004497976947773831,0.01373203025618622,0.01286588541277531,0.01438431724923404,0.01418478713133267,0.01382467234928797,0.01556856732906597,0.01211508881381879
 Sample-based diagonalization: carryover bitstrings = [], size = 0
