 Elapsed time for helper construction 1.569355 (sec) 
 Elapsed time for init 0.055412 (sec) 
 Elapsed time for makeQChamDiagTerms 17.487778 (sec) 
 Davidson iteration 0.0 (tol=0.678110262483827): -165.1999808405615
 Davidson iteration 0.1 (tol=0.2294120309852528): -165.3933165955955 -163.2017922664851
 Davidson iteration 0.2 (tol=0.07752280346754341): -165.4107930826681 -163.467999042099 -162.8161373854104
 Davidson iteration 0.3 (tol=0.02087264419224323): -165.4128789560995 -163.6129023192001 -162.9120062320145 -162.8054139735639
 Davidson iteration 0.4 (tol=0.008252777371166012): -165.4130616003667 -164.1106770679917 -162.9924618364972 -162.8236807385383
 Davidson iteration 0.5 (tol=0.003219735591110831): -165.4130907928298 -164.5279270889203 -163.2116097936073 -162.9215199076843
 Davidson iteration 0.6 (tol=0.001128817916082485): -165.4130949480229 -164.6675518260332 -163.3379486268323 -163.1016309553197
 Davidson iteration 0.7 (tol=0.0004233922780536242): -165.4130954640912 -164.7455817205303 -163.8423597727648 -163.2026726171302
 Davidson iteration 1.0 (tol=0.0004233922780514032): -165.4130954640897
 Davidson iteration 1.1 (tol=0.000167065260089361): -165.4130955277042 -163.4457693365325
 Davidson iteration 1.2 (tol=7.291284945005347e-05): -165.4130955430057 -164.4480025092168 -163.0708328429481
 Davidson iteration 1.3 (tol=2.673577093224834e-05): -165.4130955450859 -164.705292630437 -163.104491602335 -162.7228711374108
 Davidson iteration 1.4 (tol=1.164218832343316e-05): -165.4130955454064 -164.8788155024886 -163.4623569374058 -162.960175138688
 Davidson iteration 1.5 (tol=4.573243777070248e-06): -165.4130955454675 -164.9667100083643 -164.0158166090106 -163.2849394699154
 Elapsed time for davidson 70.126261 (sec) 
 Elapsed time for diagonalization 70.12947799999999 (sec) 
 Elapsed time for mult 1.691744 (sec) 
 Energy = -165.4130955454698
 Elapsed time for measurement 0.163945 (sec) 
 Sample-based diagonalization: Energy = -165.4130955454698
 Sample-based diagonalization: density = [1.999978743168137,1.994138666280653,1.994096022737676,1.991684074293011,1.988915616245467,1.985675548091972,1.985769921553151,1.983142599485541,1.984643079558544,1.983551268975166,1.97055402366091,1.991086141463564,1.98795360635926,1.941955296556044,0.08920878333290663,0.004773548858120064,0.01693765179778088,0.0153605838257089,0.0152539616388693,0.002511934638674882,0.01559462076860964,0.01008103683975372,0.01367172877721935,0.017353914038661,0.01610762662268052
 Sample-based diagonalization: carryover bitstrings = [], size = 0
