 Elapsed time for helper construction 1.231984 (sec) 
 Elapsed time for init 0.041464 (sec) 
 Elapsed time for makeQChamDiagTerms 11.440613 (sec) 
 Davidson iteration 0.0 (tol=0.6197002260170485): -123.7149162614805
 Davidson iteration 0.1 (tol=0.1268645523138627): -123.8917390534696 -121.6372428189294
 Davidson iteration 0.2 (tol=0.02279898566652413): -123.8975101155872 -121.8770303418756 -121.1478076176586
 Davidson iteration 0.3 (tol=0.005650964324800909): -123.8977047012561 -122.013372364037 -121.5156738430321 -121.1125537045059
 Davidson iteration 0.4 (tol=0.001496235970061996): -123.897717455393 -122.2545469996418 -121.6876243482266 -121.3412144025746
 Davidson iteration 0.5 (tol=0.0003467221114690342): -123.897718247696 -122.4371536420325 -121.7967658294714 -121.3416213363298
 Davidson iteration 0.6 (tol=7.933271778437221e-05): -123.8977182878866 -122.5166649110822 -121.8794999811984 -121.4300992047833
 Davidson iteration 0.7 (tol=1.964301368247112e-05): -123.8977182900322 -122.5531535788175 -121.9718879962922 -121.5852129634587
 Davidson iteration 1.0 (tol=1.964301368126137e-05): -123.8977182900313
 Davidson iteration 1.1 (tol=6.375336855176667e-06): -123.897718290163 -121.3875711630401
 Elapsed time for davidson 43.793399 (sec) 
 Elapsed time for diagonalization 43.793594 (sec) 
 Elapsed time for mult 1.43379 (sec) 
 Energy = -123.8977182901637
 Elapsed time for measurement 0.102181 (sec) 
 Sample-based diagonalization: Energy = -123.8977182901637
 Sample-based diagonalization: density = [1.999972515654106,1.990646337543309,1.989965297317549,1.987305517977688,1.983627167414879,1.984255660880499,1.983563913849621,1.981231795131971,1.983248381568225,1.980240817431914,1.977214018462865,1.987393528891953,0.007009887847510103,0.01762591780736534,0.01513962270574033,0.01873742092525172,0.01043850759455563,0.01662386932920034,0.01242502618033513,0.01449976982449249,0.01490093656155609,0.01506894844800102,0.01360733676016225,0.01525780355344595
 Sample-based diagonalization: carryover bitstrings = [], size = 0
