 Elapsed time for helper construction 1.390546 (sec) 
 Elapsed time for init 0.013268 (sec) 
 Elapsed time for makeQChamDiagTerms 13.478449 (sec) 
 Davidson iteration 0.0 (tol=0.5432467603874637): -179.5522606911816
 Davidson iteration 0.1 (tol=0.1155275191980236): -179.6860486531476 -177.7161442644027
 Davidson iteration 0.2 (tol=0.02848142417492531): -179.6920477211526 -178.110994519497 -177.6699920638002
 Davidson iteration 0.3 (tol=0.005831745372466077): -179.6924113828277 -178.1688563062853 -177.8593873149993 -177.63917621998
 Davidson iteration 0.4 (tol=0.001690163040820159): -179.6924281194388 -178.5780932136872 -177.8602520082717 -177.682848279385
 Davidson iteration 0.5 (tol=0.0005275941116107945): -179.6924296820773 -178.8196971629211 -178.1780607757366 -177.80221323945
 Davidson iteration 0.6 (tol=0.0001372180757025325): -179.692429819162 -178.9427939316676 -178.2049062957747 -178.0479281850471
 Davidson iteration 0.7 (tol=3.726528638520063e-05): -179.6924298283241 -179.0094946326445 -178.4739775098881 -178.1129941574323
 Davidson iteration 1.0 (tol=3.726528638798777e-05): -179.6924298283237
 Davidson iteration 1.1 (tol=1.196532729082696e-05): -179.6924298289684 -178.2177157501332
 Davidson iteration 1.2 (tol=3.98491428108853e-06): -179.692429829065 -178.8676327097469 -177.8087788870338
 Elapsed time for davidson 36.837703 (sec) 
 Elapsed time for diagonalization 36.839567 (sec) 
 Elapsed time for mult 0.728113 (sec) 
 Energy = -179.6924298290652
 Elapsed time for measurement 0.111884 (sec) 
 Sample-based diagonalization: Energy = -179.6924298290652
 Sample-based diagonalization: density = [1.999986506065889,1.99572903759306,1.995370033931307,1.996392524915908,1.991173437272301,1.992994981868192,1.993100298079438,1.993716144380604,1.989529120514405,1.987949495575767,1.990111381561489,1.982668128999729,1.996832164273231,1.992282663512453,1.954493711727513,0.06810292452934602,0.01382565355573561,0.0066696682818375,0.007395444476199867,0.002155260555627025,0.006448941253199508,0.009261198414470942,0.009872308464890876,0.0127919746180893,0.01114699536847406
 Sample-based diagonalization: carryover bitstrings = [], size = 0
