 Elapsed time for helper construction 0.277038 (sec) 
 Elapsed time for init 0.006206 (sec) 
 Elapsed time for makeQChamDiagTerms 1.049318 (sec) 
 Davidson iteration 0.0 (tol=0.5750596032303237): -155.4095454115447
 Davidson iteration 0.1 (tol=0.2575699901385151): -155.5446427857657 -153.4656124817037
 Davidson iteration 0.2 (tol=0.1154168224291262): -155.5634669598618 -153.8582860209253 -152.4860365457926
 Davidson iteration 0.3 (tol=0.04546473432960663): -155.5672115791386 -154.0543151670151 -152.8999843551328 -152.0736698616565
 Davidson iteration 0.4 (tol=0.01943449670183263): -155.5677146689812 -154.2515315100203 -153.1895161399764 -152.454457055444
 Davidson iteration 0.5 (tol=0.007819524882672339): -155.5678212075534 -154.5189538061528 -153.4188459608833 -152.4631064578855
 Davidson iteration 0.6 (tol=0.003753286243360987): -155.567836939908 -154.6858650639996 -153.6440021626526 -152.5829969902948
 Davidson iteration 0.7 (tol=0.001672716222010096): -155.5678408135079 -154.845899660506 -154.0366869723262 -152.9849136360296
 Davidson iteration 1.0 (tol=0.00167271622201091): -155.5678408135084
 Davidson iteration 1.1 (tol=0.0008743752627418963): -155.5678414698392 -152.7344206500493
 Davidson iteration 1.2 (tol=0.0005017725801140173): -155.5678417230525 -154.5628164213256 -150.3138685082374
 Davidson iteration 1.3 (tol=0.0002436878421752168): -155.5678417983928 -155.0258463229326 -151.9502489691136 -149.0691191229814
 Davidson iteration 1.4 (tol=0.0001066477489711473): -155.5678418124193 -155.1256267842754 -152.2175780650115 -151.6174556441898
 Davidson iteration 1.5 (tol=4.955285317388024e-05): -155.5678418154829 -155.1847654271497 -153.4691263842624 -151.9138983429327
 Davidson iteration 1.6 (tol=2.536219747601814e-05): -155.5678418161327 -155.2271056478058 -154.209806324837 -152.0012980045278
 Davidson iteration 1.7 (tol=1.137910130388004e-05): -155.5678418163169 -155.2597979858071 -154.6687042760348 -152.1477245099881
 Davidson iteration 2.0 (tol=1.137910130438489e-05): -155.5678418163169
 Davidson iteration 2.1 (tol=6.765921922406234e-06): -155.5678418163543 -153.7584030196126
 Elapsed time for davidson 11.550841 (sec) 
 Elapsed time for diagonalization 11.55094 (sec) 
 Elapsed time for mult 0.386988 (sec) 
 Energy = -155.5678418163546
 Elapsed time for measurement 0.016902 (sec) 
 Sample-based diagonalization: Energy = -155.5678418163546
 Sample-based diagonalization: density = [1.999996734943842,1.997768442323019,1.992153445526812,1.986124752900923,1.987676113599677,1.977957127164187,1.987080730148702,1.996069250029333,1.982783898668838,1.92181315059474,1.977820758219443,0.1075385755458471,0.01693187201924913,0.02384011970304446,0.02212833599969477,0.02231669254874305
 Sample-based diagonalization: carryover bitstrings = [], size = 0
