 Elapsed time for helper construction 1.03055 (sec) 
 Elapsed time for init 0.015776 (sec) 
 Elapsed time for makeQChamDiagTerms 11.332957 (sec) 
 Davidson iteration 0.0 (tol=0.623881108085892): -164.5482946668577
 Davidson iteration 0.1 (tol=0.1976113040816184): -164.717804700154 -162.6257007199926
 Davidson iteration 0.2 (tol=0.05861242996265314): -164.7319141335273 -162.911545338479 -162.3267508661673
 Davidson iteration 0.3 (tol=0.01624719533826636): -164.7333197744826 -163.0739831024858 -162.6058111382 -162.3241273889898
 Davidson iteration 0.4 (tol=0.006773104468642031): -164.7334439055277 -163.5734349377686 -162.614329762698 -162.4059694517263
 Davidson iteration 0.5 (tol=0.002507013658430905): -164.7334655535928 -163.9361258779142 -162.6578941312817 -162.5781530783655
 Davidson iteration 0.6 (tol=0.000835974916647214): -164.733468304442 -164.0504562539684 -162.8874021772585 -162.5832579299002
 Davidson iteration 0.7 (tol=0.0003232601779898441): -164.7334686147431 -164.136021896036 -163.4868165337633 -162.5835942773258
 Davidson iteration 1.0 (tol=0.000323260177980229): -164.7334686147429
 Davidson iteration 1.1 (tol=0.0001193620603016133): -164.7334686535055 -162.6496562679276
 Davidson iteration 1.2 (tol=5.728715781498206e-05): -164.7334686634675 -163.975661131017 -162.4303517960523
 Davidson iteration 1.3 (tol=1.97751269983235e-05): -164.7334686648621 -164.1535175450166 -162.4344349337414 -162.3003986511158
 Davidson iteration 1.4 (tol=7.745489526547111e-06): -164.7334686650404 -164.2716318766422 -162.7540785265315 -162.3332428509042
 Elapsed time for davidson 37.751771 (sec) 
 Elapsed time for diagonalization 37.752053 (sec) 
 Elapsed time for mult 0.9079999999999999 (sec) 
 Energy = -164.7334686650421
 Elapsed time for measurement 0.09647599999999999 (sec) 
 Sample-based diagonalization: Energy = -164.7334686650421
 Sample-based diagonalization: density = [1.999977915225855,1.994482721942306,1.996169196671525,1.992955734054904,1.988963805548255,1.987642263864821,1.988409365803135,1.990290059811879,1.985855711729396,1.984774237293625,1.969149811326653,1.995949509851695,1.98638044713229,1.943851026832534,0.08693406641624624,0.005390520831626817,0.01400407178720058,0.01090209230868385,0.01278792443095728,0.009924597055728193,0.01075252303032368,0.002440320606480909,0.01198900406748912,0.01479133094725653,0.01523174109911082
 Sample-based diagonalization: carryover bitstrings = [], size = 0
