 Elapsed time for helper construction 0.8863289999999999 (sec) 
 Elapsed time for init 0.022418 (sec) 
 Elapsed time for makeQChamDiagTerms 4.293502 (sec) 
 Davidson iteration 0.0 (tol=0.5557056571303869): -152.0002919933322
 Davidson iteration 0.1 (tol=0.2505142031453926): -152.1327393353804 -150.0512954605392
 Davidson iteration 0.2 (tol=0.1150570852816358): -152.1511231257715 -150.4928735700269 -149.0999814648505
 Davidson iteration 0.3 (tol=0.04569882082978135): -152.1550492610474 -150.7170282900549 -149.4781746988852 -148.7487086717357
 Davidson iteration 0.4 (tol=0.01965705766166266): -152.1556079744117 -150.9293332548786 -149.8552390133508 -149.1025251932614
 Davidson iteration 0.5 (tol=0.008152894539151115): -152.1557376347153 -151.2777770469147 -150.1605254883558 -149.3378681490353
 Davidson iteration 0.6 (tol=0.004115759038624214): -152.1557576605512 -151.4377797866528 -150.3442698397442 -149.3458793364919
 Davidson iteration 0.7 (tol=0.001815781238886138): -152.1557621345909 -151.558928877101 -150.6141026084977 -149.638403618172
 Davidson iteration 1.0 (tol=0.001815781238882458): -152.155762134591
 Davidson iteration 1.1 (tol=0.0009408170040305311): -152.1557629120963 -149.4737239007918
 Davidson iteration 1.2 (tol=0.0004737501837550503): -152.1557631907275 -151.0472652876096 -146.7223251649219
 Davidson iteration 1.3 (tol=0.0002172311532599177): -152.1557632632276 -151.5059817801311 -148.8725191499443 -145.8664038729651
 Davidson iteration 1.4 (tol=0.0001022464096768679): -152.1557632753488 -151.6410903333532 -148.8805560398689 -148.6843064440228
 Davidson iteration 1.5 (tol=4.441510948810853e-05): -152.1557632780743 -151.712909412156 -149.876688256238 -148.8637772632552
 Davidson iteration 1.6 (tol=1.957903687707896e-05): -152.1557632785822 -151.7522818857408 -150.3900715830139 -149.2911398244939
 Davidson iteration 1.7 (tol=6.47729731729995e-06): -152.1557632786805 -151.7647112604044 -150.7871141112145 -149.2912522678547
 Elapsed time for davidson 46.204163 (sec) 
 Elapsed time for diagonalization 46.207093 (sec) 
 Elapsed time for mult 1.547321 (sec) 
 Energy = -152.1557632786802
 Elapsed time for measurement 5.918925 (sec) 
 Sample-based diagonalization: Energy = -152.1557632786802
 Sample-based diagonalization: density = [1.999996693239644,1.997181348664324,1.992424555892586,1.988833930854379,1.990845869398992,1.989568354177417,1.984764928025274,1.976993501224727,1.964519018778606,1.981500584143718,1.938245761475293,0.1026328518547974,0.005280288940749679,0.01013917361087385,0.01352811572372666,0.017193391770203,0.02718618920605272,0.01916544295923202
 Sample-based diagonalization: carryover bitstrings = [], size = 0
 Elapse time for dumping one-particle rdm = 0.001049
 Elapse time for dumping two-particle rdm = 0.09583
 Zero-Body energy = 0
 One-Body energy = -245.1854051102634
 Two-Body energy = 93.02964183202532
 One-Body + Two-Body energy = -152.1557632782381
 Zero-Body + One-Body + Two-Body energy = -152.1557632782381
