 Elapsed time for helper construction 0.892022 (sec) 
 Elapsed time for init 0.030011 (sec) 
 Elapsed time for makeQChamDiagTerms 4.796659 (sec) 
 Davidson iteration 0.0 (tol=0.6175969033459999): -147.8015530213538
 Davidson iteration 0.1 (tol=0.1749793015888406): -147.9776160574483 -146.0413342057178
 Davidson iteration 0.2 (tol=0.04552169053818429): -147.9895135440647 -146.1370357451002 -145.8338941400104
 Davidson iteration 0.3 (tol=0.01078884953495843): -147.9903535327466 -146.2414201884476 -146.1240622596895 -145.82480518785
 Davidson iteration 0.4 (tol=0.0026214266038941): -147.9904086405157 -146.6833392015347 -146.1834918738151 -145.9039104159907
 Davidson iteration 0.5 (tol=0.0006467910340833532): -147.9904117654687 -146.8115085155164 -146.4869344725323 -145.9099297131284
 Davidson iteration 0.6 (tol=0.000154556915632825): -147.9904119392688 -146.9857076867214 -146.4878578076675 -145.9677209637006
 Davidson iteration 0.7 (tol=3.42093771500507e-05): -147.9904119486812 -147.0419670189313 -146.4922374083955 -146.0892882623421
 Davidson iteration 1.0 (tol=3.420937715093117e-05): -147.9904119486806
 Davidson iteration 1.1 (tol=9.145234228887328e-06): -147.9904119491324 -145.9208306027192
 Elapsed time for davidson 31.895657 (sec) 
 Elapsed time for diagonalization 31.895843 (sec) 
 Elapsed time for mult 1.006646 (sec) 
 Energy = -147.9904119491322
 Elapsed time for measurement 0.054186 (sec) 
 Sample-based diagonalization: Energy = -147.9904119491322
 Sample-based diagonalization: density = [1.999979093515596,1.994128889103439,1.994851399485468,1.99280118479971,1.990822889845786,1.98751855555633,1.989918442381025,1.978339423909545,1.983838050101669,1.984356172929965,1.990441113374326,1.921935963996793,1.989255857099534,0.08818904094382038,0.01021268866218267,0.01306927953468954,0.01313738226699186,0.01366962634947918,0.009281413287411455,0.01320990541565942,0.009584661238619802,0.01447765391408985,0.01698131224237133
 Sample-based diagonalization: carryover bitstrings = [], size = 0
