 Elapsed time for helper construction 0.455621 (sec) 
 Elapsed time for init 0.004883999999999999 (sec) 
 Elapsed time for makeQChamDiagTerms 2.110604 (sec) 
 Davidson iteration 0.0 (tol=0.5422287358900081): -153.4171429602802
 Davidson iteration 0.1 (tol=0.2290615724438014): -153.5376194987064 -151.3344985882651
 Davidson iteration 0.2 (tol=0.09922872726288066): -153.5525972190284 -151.8085143019394 -150.3226650689741
 Davidson iteration 0.3 (tol=0.03686313780698143): -153.555452433791 -152.084924284646 -150.7823575920093 -149.9224899817153
 Davidson iteration 0.4 (tol=0.01452866174928157): -153.5557971383212 -152.2863889810532 -151.1067988651729 -150.2855766176215
 Davidson iteration 0.5 (tol=0.005572097900016831): -153.555861135461 -152.56470138795 -151.424456858926 -150.4959422714132
 Davidson iteration 0.6 (tol=0.002573483290883115): -153.5558695298951 -152.7154411679788 -151.626221876184 -150.5712338567645
 Davidson iteration 0.7 (tol=0.0010381040336453): -153.5558714264162 -152.8624543879993 -151.9634631592847 -150.9464480311399
 Davidson iteration 1.0 (tol=0.001038104033645931): -153.5558714264162
 Davidson iteration 1.1 (tol=0.0005052074271046907): -153.5558716986815 -151.1124906076398
 Davidson iteration 1.2 (tol=0.0002549610927122748): -153.5558717899859 -152.4272606337537 -149.1148906959723
 Davidson iteration 1.3 (tol=0.0001060004261278257): -153.5558718103818 -152.8860536814461 -150.1062705713216 -148.8654731075201
 Davidson iteration 1.4 (tol=4.312040794722671e-05): -153.5558718132782 -153.0217899325682 -150.3295611660973 -150.0734480767557
 Davidson iteration 1.5 (tol=1.67752010645324e-05): -153.555871813811 -153.0575188244249 -151.1517870409818 -150.1049929996855
 Davidson iteration 1.6 (tol=7.01347962027531e-06): -153.5558718138941 -153.1002745467538 -151.7820940963555 -150.5397044739212
 Elapsed time for davidson 16.972891 (sec) 
 Elapsed time for diagonalization 16.97299 (sec) 
 Elapsed time for mult 0.5580809999999999 (sec) 
 Energy = -153.5558718138934
 Elapsed time for measurement 0.026687 (sec) 
 Sample-based diagonalization: Energy = -153.5558718138934
 Sample-based diagonalization: density = [1.999996384002344,1.999051009179704,1.992824516946765,1.988369924146232,1.989213221404677,1.990392813450324,1.983918545798328,1.983364586268939,1.976197527021347,1.980973591148282,1.953609997709551,0.08675264146324063,0.01609868004074788,0.01628446340081792,0.002332022737585402,0.02379698931032787,0.01682308584001402
 Sample-based diagonalization: carryover bitstrings = [], size = 0
