 Elapsed time for helper construction 2.88018 (sec) 
 Elapsed time for init 0.077624 (sec) 
 Elapsed time for makeQChamDiagTerms 18.772623 (sec) 
 Davidson iteration 0.0 (tol=0.6288768649708113): -127.7151353875163
 Davidson iteration 0.1 (tol=0.2389297051598043): -127.8809618292544 -125.4554105761586
 Davidson iteration 0.2 (tol=0.08702371981341342): -127.8981550958638 -126.0677978188614 -124.7066439799228
 Davidson iteration 0.3 (tol=0.02701110512211344): -127.9002488295737 -126.1625436424507 -124.8587692615497 -124.6620845999218
 Davidson iteration 0.4 (tol=0.01020177980137124): -127.9005164707149 -126.6796485208855 -125.6760176716037 -124.8093415312287
 Davidson iteration 0.5 (tol=0.004216017391866306): -127.9005555943125 -127.0521697086325 -125.8628892870315 -124.892615693082
 Davidson iteration 0.6 (tol=0.001635066509372269): -127.9005623343264 -127.275006110492 -126.0480654109247 -125.0957729103702
 Davidson iteration 0.7 (tol=0.0005621280648865899): -127.9005632111817 -127.3595726767555 -126.1971304721267 -125.4586109075913
 Davidson iteration 1.0 (tol=0.0005621280648872961): -127.9005632111806
 Davidson iteration 1.1 (tol=0.0002303004581227259): -127.9005632989541 -125.0737609463536
 Davidson iteration 1.2 (tol=9.194973654539192e-05): -127.9005633186323 -126.4973230042157 -123.6579468615264
 Davidson iteration 1.3 (tol=3.200099560306817e-05): -127.9005633210664 -126.8848077805439 -124.4622824150101 -123.2883536287104
 Davidson iteration 1.4 (tol=1.239355825927947e-05): -127.9005633214091 -127.0930339875967 -125.2908390086351 -124.2197699194064
 Davidson iteration 1.5 (tol=5.663680062105334e-06): -127.9005633214637 -127.2803472975678 -126.1385823607668 -124.2299270767304
 Elapsed time for davidson 184.768923 (sec) 
 Elapsed time for diagonalization 184.77177 (sec) 
 Elapsed time for mult 8.942043999999999 (sec) 
 Energy = -127.9005633214663
 Elapsed time for measurement 32.680982 (sec) 
 Sample-based diagonalization: Energy = -127.9005633214663
 Sample-based diagonalization: density = [1.999964088572351,1.993060052817729,1.988507388616533,1.985302937320311,1.984017352879738,1.980531276753623,1.978847395357608,1.977695377399421,1.9782996800136,1.973360789128408,1.989447242630839,1.981014709283846,0.01371495635827646,0.01631656550518789,0.02061381859129292,0.01369534742882345,0.02138102087237895,0.009852491366850048,0.0153913760843824,0.018563876366217,0.01700955358305856,0.01882067253665355,0.01377213417952501,0.01081989624103225
 Sample-based diagonalization: carryover bitstrings = [], size = 0
 Elapse time for dumping one-particle rdm = 0.000732
 Elapse time for dumping two-particle rdm = 0.291674
 Zero-Body energy = 0
 One-Body energy = -218.2449421839985
 Two-Body energy = 90.34437886317907
 One-Body + Two-Body energy = -127.9005633208194
 Zero-Body + One-Body + Two-Body energy = -127.9005633208194
