 Elapsed time for helper construction 1.067481 (sec) 
 Elapsed time for init 0.034429 (sec) 
 Elapsed time for makeQChamDiagTerms 11.219683 (sec) 
 Davidson iteration 0.0 (tol=0.5633816950180069): -123.8659757654799
 Davidson iteration 0.1 (tol=0.09599585456900417): -124.0188052408874 -121.8727150810586
 Davidson iteration 0.2 (tol=0.01628754483928639): -124.0223815432291 -122.0959714993775 -121.507074048923
 Davidson iteration 0.3 (tol=0.003894399323977448): -124.0224911187606 -122.2173522842294 -121.8482214205423 -121.4666862052619
 Davidson iteration 0.4 (tol=0.0009213225024256702): -124.0224975173251 -122.4543442508985 -121.9447977182005 -121.641387923544
 Davidson iteration 0.5 (tol=0.0002019101893808502): -124.02249782487 -122.6073981814753 -122.0042897194125 -121.6661791570967
 Davidson iteration 0.6 (tol=4.441148842471757e-05): -124.0224978394589 -122.6675492780959 -122.0802180357134 -121.7715579334488
 Davidson iteration 0.7 (tol=1.064963274080052e-05): -124.0224978402058 -122.7151749339516 -122.1998505702777 -121.8884766354197
 Davidson iteration 1.0 (tol=1.064963274254111e-05): -124.0224978402049
 Davidson iteration 1.1 (tol=3.289276588447287e-06): -124.0224978402466 -121.6987388543376
 Elapsed time for davidson 42.576294 (sec) 
 Elapsed time for diagonalization 42.577708 (sec) 
 Elapsed time for mult 1.276687 (sec) 
 Energy = -124.0224978402483
 Elapsed time for measurement 0.09935999999999999 (sec) 
 Sample-based diagonalization: Energy = -124.0224978402483
 Sample-based diagonalization: density = [1.999972609316148,1.993424382594513,1.993296232092744,1.989884923706999,1.983914372410615,1.985076086726859,1.984993076588932,1.982801847680169,1.981721346042715,1.979947266685463,1.981614912344791,1.991565754284311,0.004065508049473054,0.005645189872320553,0.01526912121118163,0.01598905986356449,0.01671683552222559,0.0144467114484379,0.01415686187916924,0.01276118349454556,0.01347891053079537,0.01382689140596385,0.01022433024956296,0.01520658573491859
 Sample-based diagonalization: carryover bitstrings = [], size = 0
