 Elapsed time for helper construction 0.278489 (sec) 
 Elapsed time for init 0.004983 (sec) 
 Elapsed time for makeQChamDiagTerms 0.8688579999999999 (sec) 
 Davidson iteration 0.0 (tol=0.5387372332215015): -149.889553323242
 Davidson iteration 0.1 (tol=0.2366568056593925): -150.0129249361514 -147.942803950604
 Davidson iteration 0.2 (tol=0.1063118945606664): -150.029204442681 -148.3825778917061 -147.0236720451871
 Davidson iteration 0.3 (tol=0.04080477499620726): -150.032525003019 -148.5751121432775 -147.3305739936383 -146.6771442213637
 Davidson iteration 0.4 (tol=0.01647109256926976): -150.0329317664489 -148.7331367602544 -147.6559621693119 -147.0510546222364
 Davidson iteration 0.5 (tol=0.005955815015354408): -150.0330113260313 -148.9946401771142 -147.8675452258122 -147.3161457165119
 Davidson iteration 0.6 (tol=0.002788880828653939): -150.0330200895756 -149.1085896242022 -148.0067179146106 -147.3201001356037
 Davidson iteration 0.7 (tol=0.001047579785319781): -150.033021834638 -149.195553676682 -148.241686476458 -147.4990801733497
 Davidson iteration 1.0 (tol=0.001047579785321198): -150.0330218346375
 Davidson iteration 1.1 (tol=0.0005411254800908445): -150.033022083585 -147.3579138466823
 Davidson iteration 1.2 (tol=0.0002622115336290591): -150.0330221648337 -148.77573641607 -144.4804044497302
 Davidson iteration 1.3 (tol=0.0001123028862253733): -150.0330221843704 -149.2438917657949 -146.7099789958359 -143.1702738628235
 Davidson iteration 1.4 (tol=5.052935108032728e-05): -150.033022187363 -149.4321279471763 -146.7451314535105 -146.6172828877584
 Davidson iteration 1.5 (tol=2.157494829507834e-05): -150.0330221880378 -149.533775118367 -147.7320935473606 -146.7038580868135
 Davidson iteration 1.6 (tol=1.109512466561146e-05): -150.0330221881802 -149.6183367779819 -148.6095343390214 -146.8761781157814
 Davidson iteration 1.7 (tol=4.990884195819116e-06): -150.0330221882162 -149.6847722024233 -149.0499548231041 -146.8813687855458
 Elapsed time for davidson 8.743098999999999 (sec) 
 Elapsed time for diagonalization 8.743209 (sec) 
 Elapsed time for mult 0.304208 (sec) 
 Energy = -150.0330221882151
 Elapsed time for measurement 0.011208 (sec) 
 Sample-based diagonalization: Energy = -150.0330221882151
 Sample-based diagonalization: density = [1.999996724252745,1.998193431315603,1.992378644880381,1.994258953497705,1.989533483496903,1.986673775430695,1.989127682615442,1.976728404650495,1.977329479418061,1.983968925515019,1.93454608290021,0.1021390462591601,0.012104278345005,0.01966740057816612,0.02528112370839026,0.01807256309105217
 Sample-based diagonalization: carryover bitstrings = [], size = 0
