 Elapsed time for helper construction 0.402384 (sec) 
 Elapsed time for init 0.003114 (sec) 
 Elapsed time for makeQChamDiagTerms 1.215784 (sec) 
 Davidson iteration 0.0 (tol=0.4705176340268368): -119.1516308550566
 Davidson iteration 0.1 (tol=0.1514658311667313): -119.2525758365069 -117.0528036423476
 Davidson iteration 0.2 (tol=0.05320035232406083): -119.259922059941 -117.476932177299 -116.2982057818711
 Davidson iteration 0.3 (tol=0.01768780328686824): -119.2607256173871 -117.5650478623001 -116.384323768242 -116.1739610251581
 Davidson iteration 0.4 (tol=0.005941963079885696): -119.260810428893 -117.6735798408909 -116.7187612004922 -116.1887142194005
 Davidson iteration 0.5 (tol=0.002158918894712406): -119.2608203477027 -117.8836827091132 -117.1094227353151 -116.4192184965392
 Davidson iteration 0.6 (tol=0.0008076841104942413): -119.260821686147 -118.111385106748 -117.3370504955349 -116.4314809154405
 Davidson iteration 0.7 (tol=0.0002858834037490402): -119.2608218512304 -118.2502388664179 -117.4519371160174 -116.6083211718896
 Davidson iteration 1.0 (tol=0.0002858834037494163): -119.2608218512305
 Davidson iteration 1.1 (tol=0.0001219827708007463): -119.2608218700243 -115.9579807977203
 Davidson iteration 1.2 (tol=4.341658153283003e-05): -119.2608218742351 -117.6858996981291 -113.5205933933255
 Davidson iteration 1.3 (tol=1.664224886358532e-05): -119.2608218747986 -118.1972069051954 -115.8436061808338 -112.6318168010804
 Davidson iteration 1.4 (tol=5.73626258387972e-06): -119.2608218748716 -118.4072824235173 -116.017454222417 -115.3981973370581
 Elapsed time for davidson 9.41095 (sec) 
 Elapsed time for diagonalization 9.411007 (sec) 
 Elapsed time for mult 0.3578 (sec) 
 Energy = -119.2608218748715
 Elapsed time for measurement 0.016575 (sec) 
 Sample-based diagonalization: Energy = -119.2608218748715
 Sample-based diagonalization: density = [1.999996307887682,1.991661288060818,1.987519431959845,1.98181054288513,1.984464392596813,1.973522947995703,1.995148679502238,1.977963722818731,1.99242167410147,0.01825661594433245,0.01380004627794995,0.01554606383598203,0.0181996307650325,0.01640325583456264,0.01452813801027726,0.01875726145045568
 Sample-based diagonalization: carryover bitstrings = [], size = 0
