 Elapsed time for helper construction 0.201526 (sec) 
 Elapsed time for init 0.001452 (sec) 
 Elapsed time for makeQChamDiagTerms 0.472503 (sec) 
 Davidson iteration 0.0 (tol=0.572601854791599): -139.1122033214688
 Davidson iteration 0.1 (tol=0.2753641229970618): -139.2470553700683 -137.0767974342695
 Davidson iteration 0.2 (tol=0.1274475703005417): -139.269868130422 -137.6334182653769 -136.0620159638101
 Davidson iteration 0.3 (tol=0.05824833820576842): -139.2744739785956 -137.9854641195169 -136.5089194854752 -134.9973693801791
 Davidson iteration 0.4 (tol=0.02654847538493883): -139.2753824772252 -138.2412611678344 -136.7934844915657 -136.1638385656054
 Davidson iteration 0.5 (tol=0.0120766224135568): -139.2756000987953 -138.5134305081665 -137.1530445771385 -136.19709184654
 Davidson iteration 0.6 (tol=0.006391207764040964): -139.2756350702079 -138.6281311183003 -137.4034351083599 -136.2529460743652
 Davidson iteration 0.7 (tol=0.002628150582449852): -139.2756448132125 -138.6951155126349 -137.6702255035934 -136.5350190446094
 Davidson iteration 1.0 (tol=0.002628150582447044): -139.2756448132116
 Davidson iteration 1.1 (tol=0.00127869920125925): -139.2756463051084 -135.7437810284261
 Davidson iteration 1.2 (tol=0.0007143691043966586): -139.275646796295 -137.7264769132774 -133.7905184767382
 Davidson iteration 1.3 (tol=0.0003295203836913074): -139.2756469309286 -138.3256672838244 -134.9429114119249 -133.2367903567584
 Davidson iteration 1.4 (tol=0.0001469248288423826): -139.2756469580188 -138.5684140219639 -135.703642566082 -134.3617521916285
 Davidson iteration 1.5 (tol=6.95576888701848e-05): -139.2756469635913 -138.6706133573862 -136.7499583632386 -135.1517271772962
 Davidson iteration 1.6 (tol=3.294707915003948e-05): -139.2756469648747 -138.7412948523434 -137.58354177379 -135.1519146865426
 Davidson iteration 1.7 (tol=1.25000583423355e-05): -139.275646965132 -138.7843047793299 -137.9852125015955 -135.7039342954594
 Davidson iteration 2.0 (tol=1.250005824307482e-05): -139.275646965133
 Davidson iteration 2.1 (tol=6.397348192149178e-06): -139.2756469651693 -136.8050514392466
 Elapsed time for davidson 5.652022 (sec) 
 Elapsed time for diagonalization 5.652108 (sec) 
 Elapsed time for mult 0.183216 (sec) 
 Energy = -139.27564696517
 Elapsed time for measurement 0.6823 (sec) 
 Sample-based diagonalization: Energy = -139.27564696517
 Sample-based diagonalization: density = [1.999997059524902,1.994222881305101,1.993257532240059,1.988495905769736,1.988812678798425,1.983528640578178,1.965224695140018,1.981637429727195,1.984245141066973,1.906748882240622,0.1040923517940791,0.02558659392327811,0.03047065124833757,0.0301998071604345,0.02347974947571733
 Sample-based diagonalization: carryover bitstrings = [], size = 0
 Elapse time for dumping one-particle rdm = 0.0006569999999999999
 Elapse time for dumping two-particle rdm = 0.045774
 Zero-Body energy = 0
 One-Body energy = -229.6545572990922
 Two-Body energy = 90.37891033397783
 One-Body + Two-Body energy = -139.2756469651144
 Zero-Body + One-Body + Two-Body energy = -139.2756469651144
