 Elapsed time for helper construction 0.293012 (sec) 
 Elapsed time for init 0.007360999999999999 (sec) 
 Elapsed time for makeQChamDiagTerms 0.9715429999999999 (sec) 
 Davidson iteration 0.0 (tol=0.5353456246980525): -150.5644405594906
 Davidson iteration 0.1 (tol=0.2307504009361047): -150.6846197857442 -148.5745433088809
 Davidson iteration 0.2 (tol=0.09971246294761785): -150.7004784282986 -149.0152307675726 -147.6880550048984
 Davidson iteration 0.3 (tol=0.03838761244447085): -150.7034839133989 -149.2535967475376 -148.0768852459634 -147.3170456190856
 Davidson iteration 0.4 (tol=0.01388622603217319): -150.7038859943812 -149.4319896441729 -148.3217578513887 -147.7750929917243
 Davidson iteration 0.5 (tol=0.004852037725206167): -150.7039512042921 -149.7020208625738 -148.5776130179042 -147.9586770565745
 Davidson iteration 0.6 (tol=0.002173360418673993): -150.703957672898 -149.8259480981871 -148.7358333602094 -147.9689573827753
 Davidson iteration 0.7 (tol=0.0008348781871216637): -150.7039589366837 -149.9210204991497 -149.0217667461837 -148.203372944812
 Davidson iteration 1.0 (tol=0.0008348781871221857): -150.703958936684
 Davidson iteration 1.1 (tol=0.0004101005749701914): -150.7039591136631 -148.1412565833489
 Davidson iteration 1.2 (tol=0.0002002706746453988): -150.7039591724674 -149.5768452650588 -146.0204359498375
 Davidson iteration 1.3 (tol=7.906597710378208e-05): -150.7039591855736 -150.0349482927414 -147.3156017047831 -145.6545215779998
 Davidson iteration 1.4 (tol=3.148876657614598e-05): -150.7039591873457 -150.1823464132649 -147.7254882660357 -147.2504081022492
 Davidson iteration 1.5 (tol=1.351724958269944e-05): -150.703959187649 -150.2390345823595 -148.6900581748873 -147.250523641518
 Davidson iteration 1.6 (tol=6.470486980662771e-06): -150.70395918771 -150.3053284462961 -149.3862333201226 -147.456334047127
 Elapsed time for davidson 8.829074 (sec) 
 Elapsed time for diagonalization 8.82915 (sec) 
 Elapsed time for mult 0.335939 (sec) 
 Energy = -150.70395918771
 Elapsed time for measurement 0.011824 (sec) 
 Sample-based diagonalization: Energy = -150.70395918771
 Sample-based diagonalization: density = [1.9999967840391,1.997806406291741,1.992776028025973,1.995014938144953,1.990580732149317,1.986841069781003,1.984547081885835,1.980834857333928,1.9789915842288,1.981595903033473,1.942829191867388,0.09467629380641154,0.01187419490966376,0.01915185457653144,0.02539627549834934,0.01708680436115108
 Sample-based diagonalization: carryover bitstrings = [], size = 0
