 Elapsed time for helper construction 0.06530799999999999 (sec) 
 Elapsed time for init 0.000789 (sec) 
 Elapsed time for makeQChamDiagTerms 0.131962 (sec) 
 Davidson iteration 0.0 (tol=0.4683678210007758): -112.3255930185224
 Davidson iteration 0.1 (tol=0.155781128982665): -112.4258885394285 -110.2478803241803
 Davidson iteration 0.2 (tol=0.05556427951316304): -112.43342762699 -110.6429399493786 -109.3763244651026
 Davidson iteration 0.3 (tol=0.02019581635266366): -112.4342374514491 -110.7343061062778 -109.5289019669032 -109.0374247294493
 Davidson iteration 0.4 (tol=0.006845832898649629): -112.4343359728153 -110.824220419307 -109.8072814170097 -109.1211558495792
 Davidson iteration 0.5 (tol=0.002563241132754623): -112.4343470022178 -110.9547642860645 -110.1387885562666 -109.2871082737712
 Davidson iteration 0.6 (tol=0.001020271017108903): -112.4343485690038 -111.118832643182 -110.4195803222714 -109.3146017164658
 Davidson iteration 0.7 (tol=0.0003730123491398337): -112.4343487957892 -111.2719822684433 -110.576474886857 -109.5153366669825
 Davidson iteration 1.0 (tol=0.0003730123491392954): -112.4343487957894
 Davidson iteration 1.1 (tol=0.0001705684511062939): -112.4343488232803 -108.6719907748751
 Davidson iteration 1.2 (tol=6.54214933154661e-05): -112.4343488302322 -110.6987369023168 -105.5138266683858
 Davidson iteration 1.3 (tol=2.782297948529128e-05): -112.4343488313208 -111.2779943115257 -108.474724424458 -104.2312446141789
 Davidson iteration 1.4 (tol=9.955145492503247e-06): -112.4343488314804 -111.5118613467819 -108.7192053881279 -107.2180307738043
 Elapsed time for davidson 1.582637 (sec) 
 Elapsed time for diagonalization 1.582701 (sec) 
 Elapsed time for mult 0.06383899999999999 (sec) 
 Energy = -112.4343488314802
 Elapsed time for measurement 0.002539 (sec) 
 Sample-based diagonalization: Energy = -112.4343488314802
 Sample-based diagonalization: density = [1.999996061025968,1.991677463188239,1.986618847503827,1.976475652947537,1.98262762261693,1.976710396194476,1.978866774020028,1.990521315475766,0.02477356765748235,0.02341414946490605,0.02373476638936617,0.02158018634666518,0.02300319716527644
 Sample-based diagonalization: carryover bitstrings = [], size = 0
