 Elapsed time for helper construction 0.213023 (sec) 
 Elapsed time for init 0.002342 (sec) 
 Elapsed time for makeQChamDiagTerms 0.778716 (sec) 
 Davidson iteration 0.0 (tol=0.4876386126761194): -126.5401293180421
 Davidson iteration 0.1 (tol=0.1487117678090064): -126.6502253839818 -124.4797402270598
 Davidson iteration 0.2 (tol=0.0505954852870092): -126.6575247706485 -124.8515466342633 -123.7660636329502
 Davidson iteration 0.3 (tol=0.01626219253031412): -126.658268433045 -124.9424500240873 -123.8642021823741 -123.5372895629731
 Davidson iteration 0.4 (tol=0.005476041130025707): -126.6583420609449 -125.0396863197976 -124.1700585926996 -123.6338516437023
 Davidson iteration 0.5 (tol=0.001931005683213305): -126.6583509110319 -125.2447183944529 -124.5267658159216 -123.8324558852021
 Davidson iteration 0.6 (tol=0.0007325170921279035): -126.6583519834663 -125.4706500607064 -124.7274884069943 -123.8539152804171
 Davidson iteration 0.7 (tol=0.0002514182001658188): -126.6583521266644 -125.6301872822181 -124.83944253884 -123.9867167636261
 Davidson iteration 1.0 (tol=0.0002514182001661039): -126.6583521266638
 Davidson iteration 1.1 (tol=0.0001102727393324911): -126.6583521428414 -123.6736128484743
 Davidson iteration 1.2 (tol=4.355842871173426e-05): -126.6583521467469 -125.2766676789105 -121.3379922816495
 Davidson iteration 1.3 (tol=1.727624836011461e-05): -126.6583521473336 -125.7185325020091 -123.2154753074659 -120.617257267532
 Davidson iteration 1.4 (tol=6.119343752914548e-06): -126.6583521474122 -125.8868406436322 -123.5620185839124 -122.5145382214211
 Elapsed time for davidson 5.585183 (sec) 
 Elapsed time for diagonalization 5.585299 (sec) 
 Elapsed time for mult 0.199589 (sec) 
 Energy = -126.6583521474133
 Elapsed time for measurement 0.010974 (sec) 
 Sample-based diagonalization: Energy = -126.6583521474133
 Sample-based diagonalization: density = [1.999996551762437,1.992194870823813,1.986580374562084,1.980355866108168,1.981614100307363,1.978495000210971,1.989248068189339,1.992012214427831,1.986799315133443,1.98854285412333,0.02577248877785126,0.01963281552215264,0.01950841074402634,0.01928935341514261,0.01634141872849844,0.02361629711618722
 Sample-based diagonalization: carryover bitstrings = [], size = 0
