 Elapsed time for helper construction 0.33082 (sec) 
 Elapsed time for init 0.008558 (sec) 
 Elapsed time for makeQChamDiagTerms 0.723119 (sec) 
 Davidson iteration 0.0 (tol=0.6124121236140718): -92.60463830034172
 Davidson iteration 0.1 (tol=0.2605687354142222): -92.77190293873315 -90.72363369977722
 Davidson iteration 0.2 (tol=0.1137723713760302): -92.79290368744162 -91.07661706252456 -89.67513277308421
 Davidson iteration 0.3 (tol=0.04089851545228203): -92.79640131939969 -91.19716600244314 -89.94993894317261 -89.37128533358862
 Davidson iteration 0.4 (tol=0.01511279663061565): -92.79685820991946 -91.35326797399341 -90.18002209528858 -89.43926763169421
 Davidson iteration 0.5 (tol=0.005646967143512372): -92.79691283787315 -91.48548103911531 -90.46855181579052 -89.87177283906202
 Davidson iteration 0.6 (tol=0.002129484582945308): -92.79692125617848 -91.57895926001304 -90.70075366448955 -89.87393924466954
 Davidson iteration 0.7 (tol=0.000778777909337847): -92.79692234919497 -91.65052338617809 -90.87993160678754 -89.94939600490528
 Davidson iteration 1.0 (tol=0.0007787779093375399): -92.7969223491945
 Davidson iteration 1.1 (tol=0.0003407901749315234): -92.79692249269682 -89.83328508543535
 Davidson iteration 1.2 (tol=0.0001412961260493054): -92.79692252974132 -91.09831171279632 -88.35435443849963
 Davidson iteration 1.3 (tol=6.210828499016148e-05): -92.79692253554609 -91.59901380317247 -89.48918039689774 -87.75352493202413
 Davidson iteration 1.4 (tol=2.305624615469512e-05): -92.79692253650445 -91.82498396005823 -89.49344254871248 -88.96297605988796
 Davidson iteration 1.5 (tol=8.528244470249798e-06): -92.7969225366528 -91.92854603657932 -90.03844513413588 -89.49128159089743
 Elapsed time for davidson 14.752232 (sec) 
 Elapsed time for diagonalization 14.752361 (sec) 
 Elapsed time for mult 0.579523 (sec) 
 Energy = -92.79692253665323
 Elapsed time for measurement 0.050545 (sec) 
 Sample-based diagonalization: Energy = -92.79692253665323
 Sample-based diagonalization: density = [1.999966071376277,1.988569154431916,1.985140604795455,1.981004155316057,1.979254905582771,1.969427771725793,1.974785002764764,1.904810601526875,1.984050632274948,0.1015000508798805,0.02338455562813278,0.02623191397427808,0.02387271576540335,0.02041145617863263,0.01930367634973675,0.01828673140247096
 Sample-based diagonalization: carryover bitstrings = [], size = 0
