 Elapsed time for helper construction 1.562179 (sec) 
 Elapsed time for init 0.03078 (sec) 
 Elapsed time for makeQChamDiagTerms 7.857068 (sec) 
 Davidson iteration 0.0 (tol=0.648798433641902): -124.7007915245972
 Davidson iteration 0.1 (tol=0.2488047051761411): -124.8848822727728 -122.5086896698016
 Davidson iteration 0.2 (tol=0.05831072908749146): -124.9050585781351 -123.040904384994 -121.3523209851887
 Davidson iteration 0.3 (tol=0.01716717533417418): -124.9060075138003 -123.140241480511 -121.8591535295629 -121.204421217297
 Davidson iteration 0.4 (tol=0.005267111007032468): -124.9060967522455 -123.2425821844146 -122.3384488680833 -121.4512322329036
 Davidson iteration 0.5 (tol=0.001874189311564279): -124.9061051313634 -123.3502217371578 -122.7087923463127 -121.4557095692058
 Davidson iteration 0.6 (tol=0.0006146229101043952): -124.9061062711088 -123.4686239553632 -123.0107242189634 -122.1223577204659
 Davidson iteration 0.7 (tol=0.0001884701132445043): -124.9061063869608 -123.5348070442529 -123.162601929834 -122.3882720765754
 Davidson iteration 1.0 (tol=0.0001884701132445188): -124.9061063869604
 Davidson iteration 1.1 (tol=6.931842023535373e-05): -124.9061063957051 -121.4094194253172
 Davidson iteration 1.2 (tol=2.473834490608332e-05): -124.9061063972364 -122.7527993323595 -120.3896647041124
 Davidson iteration 1.3 (tol=9.007737960368061e-06): -124.9061063974223 -123.2751056931279 -121.4112344803317 -119.9422870723014
 Elapsed time for davidson 65.870121 (sec) 
 Elapsed time for diagonalization 65.87037099999999 (sec) 
 Elapsed time for mult 3.53111 (sec) 
 Energy = -124.9061063974216
 Elapsed time for measurement 12.582551 (sec) 
 Sample-based diagonalization: Energy = -124.9061063974216
 Sample-based diagonalization: density = [1.999962839121398,1.988928638740241,1.987045211157257,1.984829279868595,1.981464777839951,1.982671704438923,1.980086930207644,1.980878702685855,1.976008707797297,1.975419673803531,1.974231070573185,1.975243704006278,0.01545751588369322,0.02343141228250487,0.02112226314275523,0.02148101301073912,0.01833466362933353,0.0203194830067796,0.01760473139374032,0.0204239963873909,0.01740425830264548,0.0186191331863107,0.01903028952417057
 Sample-based diagonalization: carryover bitstrings = [], size = 0
 Elapse time for dumping one-particle rdm = 0.0007859999999999999
 Elapse time for dumping two-particle rdm = 0.250102
 Zero-Body energy = 0
 One-Body energy = -212.3647294887839
 Two-Body energy = 87.45862309142137
 One-Body + Two-Body energy = -124.9061063973625
 Zero-Body + One-Body + Two-Body energy = -124.9061063973625
