 Elapsed time for helper construction 1.319258 (sec) 
 Elapsed time for init 0.038678 (sec) 
 Elapsed time for makeQChamDiagTerms 8.585640999999999 (sec) 
 Davidson iteration 0.0 (tol=0.6199978480926875): -117.1897686696337
 Davidson iteration 0.1 (tol=0.1797267144408398): -117.3619128924394 -115.0513807334027
 Davidson iteration 0.2 (tol=0.0428590657455682): -117.3723770849719 -115.416610068763 -114.2887327047627
 Davidson iteration 0.3 (tol=0.01277119712252634): -117.3729317956892 -115.4809249580773 -114.6769056579183 -114.2872174824543
 Davidson iteration 0.4 (tol=0.004239641953571308): -117.3729889668037 -115.6862106853341 -115.0261973689251 -114.660334882458
 Davidson iteration 0.5 (tol=0.001601556922493596): -117.3729955514439 -116.1064898525389 -115.3180458884709 -114.6605680793937
 Davidson iteration 0.6 (tol=0.0005975183620686125): -117.3729964602214 -116.3975244664068 -115.4335646674234 -114.800069196984
 Davidson iteration 0.7 (tol=0.00022968767068325): -117.3729965876246 -116.5789498572766 -115.5554203205528 -114.9766905587327
 Davidson iteration 1.0 (tol=0.0002296876706838648): -117.3729965876243
 Davidson iteration 1.1 (tol=0.000101583111150253): -117.3729966034853 -114.8249346200166
 Davidson iteration 1.2 (tol=4.410300961046237e-05): -117.3729966078748 -116.2018228678011 -113.232890446317
 Davidson iteration 1.3 (tol=1.66470466287953e-05): -117.3729966085352 -116.5316013746088 -114.2175678141599 -112.9624839690305
 Davidson iteration 1.4 (tol=5.886428628457805e-06): -117.3729966086269 -116.6706439034514 -114.5281425391912 -114.0919289331256
 Elapsed time for davidson 46.72284699999999 (sec) 
 Elapsed time for diagonalization 46.723038 (sec) 
 Elapsed time for mult 1.505088 (sec) 
 Energy = -117.3729966086275
 Elapsed time for measurement 0.09259199999999999 (sec) 
 Sample-based diagonalization: Energy = -117.3729966086275
 Sample-based diagonalization: density = [1.999968705961961,1.989400504548292,1.989011756553376,1.985145910081132,1.981447485000635,1.979476273837636,1.979400216006703,1.978335199436041,1.977454287801048,1.975702535198258,1.986998096293547,0.02149460161078551,0.0168799786263088,0.02030306949286639,0.01525960524153021,0.01746349161327862,0.01859918108552108,0.01834820139131127,0.01624162585933964,0.0157664627438615,0.01730281128357526
 Sample-based diagonalization: carryover bitstrings = [], size = 0
