 Elapsed time for helper construction 0.22659 (sec) 
 Elapsed time for init 0.004883999999999999 (sec) 
 Elapsed time for makeQChamDiagTerms 0.634852 (sec) 
 Davidson iteration 0.0 (tol=0.4801281866831563): -112.5657506136642
 Davidson iteration 0.1 (tol=0.1578094543928303): -112.6698585823012 -110.4541225675452
 Davidson iteration 0.2 (tol=0.05676486451132914): -112.6777917955077 -110.8868197014143 -109.6898447156254
 Davidson iteration 0.3 (tol=0.01940350922307113): -112.6786805599983 -110.9766806622721 -109.78154904882 -109.530968020202
 Davidson iteration 0.4 (tol=0.006899571055610396): -112.6787795998371 -111.0772749026009 -110.0814458241671 -109.5459435727852
 Davidson iteration 0.5 (tol=0.002675043783675431): -112.6787925579827 -111.2570088695071 -110.4668599605172 -109.7444648734348
 Davidson iteration 0.6 (tol=0.00108383443251902): -112.6787943997422 -111.4462062658385 -110.6955606990819 -109.7470879701091
 Davidson iteration 0.7 (tol=0.0004029915536797466): -112.6787946865647 -111.5859711877452 -110.8154939561368 -109.8877099221126
 Davidson iteration 1.0 (tol=0.0004029915536793099): -112.6787946865643
 Davidson iteration 1.1 (tol=0.0001870169305453995): -112.6787947202943 -108.8964266297768
 Davidson iteration 1.2 (tol=7.461019269651568e-05): -112.6787947294258 -110.985050264282 -105.8826808425286
 Davidson iteration 1.3 (tol=3.003410836109402e-05): -112.6787947309453 -111.5453669016245 -108.9002448321636 -104.6476102375598
 Davidson iteration 1.4 (tol=1.064343138010381e-05): -112.678794731164 -111.7743340008964 -109.2208207187961 -108.1959456959284
 Davidson iteration 1.5 (tol=3.764153510148325e-06): -112.6787947311943 -111.8695761353567 -109.883713052208 -109.1561934833779
 Elapsed time for davidson 6.559083999999999 (sec) 
 Elapsed time for diagonalization 6.559196 (sec) 
 Elapsed time for mult 0.287797 (sec) 
 Energy = -112.678794731195
 Elapsed time for measurement 0.009651999999999999 (sec) 
 Sample-based diagonalization: Energy = -112.678794731195
 Sample-based diagonalization: density = [1.999996155446549,1.991668530843814,1.986301176950545,1.977146986469458,1.982441594295348,1.974140341933337,1.977834667426543,1.991188603121848,0.009669308704672528,0.02389593054781327,0.01498166748574744,0.02104694180690631,0.00861480451663595,0.01781964766966484,0.0232536427447982
 Sample-based diagonalization: carryover bitstrings = [], size = 0
