 Elapsed time for helper construction 1.324575 (sec) 
 Elapsed time for init 0.024554 (sec) 
 Elapsed time for makeQChamDiagTerms 20.319824 (sec) 
 Davidson iteration 0.0 (tol=0.6558944868350848): -200.96654221557
 Davidson iteration 0.1 (tol=0.162419378887203): -201.1614086374255 -199.0475408896768
 Davidson iteration 0.2 (tol=0.04442852755227356): -201.1717788670421 -199.3433467732903 -198.9173337618585
 Davidson iteration 0.3 (tol=0.01035956049212468): -201.1725919724303 -199.4565680671815 -198.9839734592321 -198.8853072793372
 Davidson iteration 0.4 (tol=0.003431770960359823): -201.1726481695174 -200.022011499701 -199.0109070312651 -198.9453840937568
 Davidson iteration 0.5 (tol=0.001128497456726711): -201.1726539112225 -200.3571136477798 -199.0990774121803 -199.0060262661291
 Davidson iteration 0.6 (tol=0.0003673517799774711): -201.1726545318407 -200.470789797657 -199.5573850289262 -199.0985947625226
 Davidson iteration 0.7 (tol=0.0001154664446435852): -201.1726545936468 -200.5237106687424 -199.8051597313734 -199.1654721712854
 Davidson iteration 1.0 (tol=0.0001154664446459889): -201.1726545936459
 Davidson iteration 1.1 (tol=4.966942889652737e-05): -201.172654599591 -199.777033505514
 Davidson iteration 1.2 (tol=1.833689756427192e-05): -201.1726546009611 -200.2559013259684 -198.8262194966058
 Davidson iteration 1.3 (tol=6.880533042071125e-06): -201.1726546011454 -200.6633195777707 -199.0092220040216 -198.6369981880956
 Elapsed time for davidson 60.376907 (sec) 
 Elapsed time for diagonalization 60.377059 (sec) 
 Elapsed time for mult 1.469624 (sec) 
 Energy = -201.1726546011473
 Elapsed time for measurement 0.14331 (sec) 
 Sample-based diagonalization: Energy = -201.1726546011473
 Sample-based diagonalization: density = [1.999991847592257,1.993249644940557,1.992812887305957,1.994304312375263,1.991447132762988,1.990770415848491,1.988536325767468,1.989192395988843,1.989636475209923,1.985583187047981,1.984096357835516,1.986631968815902,1.993126214116342,1.961039339177461,1.992505859209295,1.961077472371655,0.07518883103331214,0.01795237916433422,0.01317463024074673,0.01518777471686512,0.01340846254684874,0.01006930496806658,0.01061375271035999,0.01273469548763824,0.005733795188793316,0.006090230699380526,0.01301155150681036,0.01283275504837441
 Sample-based diagonalization: carryover bitstrings = [], size = 0
