 Elapsed time for helper construction 0.5772309999999999 (sec) 
 Elapsed time for init 0.003032 (sec) 
 Elapsed time for makeQChamDiagTerms 1.827532 (sec) 
 Davidson iteration 0.0 (tol=0.5395867049170534): -149.7457659627877
 Davidson iteration 0.1 (tol=0.2368109839455769): -149.8690334406452 -147.8133064284683
 Davidson iteration 0.2 (tol=0.1053022194518743): -149.885453933474 -148.241574566371 -146.9351331322316
 Davidson iteration 0.3 (tol=0.04075658075518496): -149.8886760693227 -148.4306276571091 -147.2129897251816 -146.6175042786301
 Davidson iteration 0.4 (tol=0.01607442744461018): -149.8890977849021 -148.6020323605772 -147.4718573963654 -146.95502069965
 Davidson iteration 0.5 (tol=0.005383900035369036): -149.8891748557082 -148.8571570810196 -147.6980040691207 -147.121250113815
 Davidson iteration 0.6 (tol=0.002440580302948856): -149.8891822554235 -148.9763599323422 -147.8499439845892 -147.1238417363678
 Davidson iteration 0.7 (tol=0.00093523626768343): -149.889183513394 -149.0556050933488 -148.0620483375355 -147.3413352112265
 Davidson iteration 1.0 (tol=0.0009352362676777327): -149.8891835133932
 Davidson iteration 1.1 (tol=0.0004752758848204037): -149.8891837059501 -146.9431278769504
 Davidson iteration 1.2 (tol=0.0002196997412028623): -149.8891837691183 -148.6348393369651 -143.844113625774
 Davidson iteration 1.3 (tol=9.144281372631216e-05): -149.8891837834651 -149.1245152009076 -146.3620931137669 -142.9630978904375
 Davidson iteration 1.4 (tol=4.245000157258866e-05): -149.8891837854554 -149.3000182083682 -146.5925773858614 -146.0922391139481
 Davidson iteration 1.5 (tol=1.917583573530006e-05): -149.8891837859027 -149.4134573528049 -147.753360268966 -146.3575302481383
 Davidson iteration 1.6 (tol=9.644583870741965e-06): -149.8891837860114 -149.504446268712 -148.5762868103062 -146.5248574472734
 Elapsed time for davidson 15.617478 (sec) 
 Elapsed time for diagonalization 15.617563 (sec) 
 Elapsed time for mult 0.5789099999999999 (sec) 
 Energy = -149.8891837860127
 Elapsed time for measurement 2.092986 (sec) 
 Sample-based diagonalization: Energy = -149.8891837860127
 Sample-based diagonalization: density = [1.999996779350336,1.997415092767409,1.99239550119004,1.993982051759521,1.99117214909901,1.987658000012063,1.991811920278001,1.973460510908378,1.979346606353179,1.985596922460785,1.92946582799323,0.1051053860804944,0.01059343177104169,0.002358213067141945,0.02047208129708347,0.0213301202724776,0.01783940531587632
 Sample-based diagonalization: carryover bitstrings = [], size = 0
 Elapse time for dumping one-particle rdm = 0.0007869999999999999
 Elapse time for dumping two-particle rdm = 0.07496699999999999
 Zero-Body energy = 0
 One-Body energy = -243.7072150315867
 Two-Body energy = 93.81803124575011
 One-Body + Two-Body energy = -149.8891837858366
 Zero-Body + One-Body + Two-Body energy = -149.8891837858366
