 Elapsed time for helper construction 1.201607 (sec) 
 Elapsed time for init 0.034968 (sec) 
 Elapsed time for makeQChamDiagTerms 7.890921 (sec) 
 Davidson iteration 0.0 (tol=0.6142249207619968): -132.3983805865147
 Davidson iteration 0.1 (tol=0.2190309957042479): -132.5679216185031 -130.2976495806977
 Davidson iteration 0.2 (tol=0.06856220437154278): -132.5833522565227 -130.7668580992058 -129.3467724329434
 Davidson iteration 0.3 (tol=0.02192814166464963): -132.5846581084401 -130.8470638205493 -129.510544358531 -129.3021880724841
 Davidson iteration 0.4 (tol=0.007588667868385572): -132.5848039514174 -130.9909905175972 -130.0241755568221 -129.3431517205344
 Davidson iteration 0.5 (tol=0.00290570006579635): -132.5848224213827 -131.2583563054423 -130.494660358241 -129.5483266324275
 Davidson iteration 0.6 (tol=0.001130304699640166): -132.584825179718 -131.4810931650844 -130.7009984192327 -129.5959892865952
 Davidson iteration 0.7 (tol=0.0004400569621818502): -132.584825576168 -131.6298271696984 -130.8552798050102 -130.0173112211474
 Davidson iteration 1.0 (tol=0.0004400569621824512): -132.584825576168
 Davidson iteration 1.1 (tol=0.0001986751983296969): -132.5848256280706 -129.6562471501388
 Davidson iteration 1.2 (tol=9.014699556429908e-05): -132.5848256430247 -131.2773619559137 -127.7998850308074
 Davidson iteration 1.3 (tol=3.807285252597256e-05): -132.5848256456836 -131.6830565195369 -129.222421584271 -127.3601018259383
 Davidson iteration 1.4 (tol=1.42614894453041e-05): -132.5848256461024 -131.8385341026216 -129.6378194414259 -128.7416258359812
 Davidson iteration 1.5 (tol=6.008801583291882e-06): -132.5848256461652 -131.9123092400883 -130.5108716632709 -129.3574045027996
 Elapsed time for davidson 52.750529 (sec) 
 Elapsed time for diagonalization 52.750784 (sec) 
 Elapsed time for mult 1.805213 (sec) 
 Energy = -132.5848256461653
 Elapsed time for measurement 0.105134 (sec) 
 Sample-based diagonalization: Energy = -132.5848256461653
 Sample-based diagonalization: density = [1.999969204383455,1.992688850294172,1.988755514798979,1.984803489122162,1.979738273596718,1.979592548225957,1.976446637188294,1.978619202217528,1.976140048175253,1.980535134009107,1.977191326194422,1.98842881993903,0.02389026792485694,0.02528847456202271,0.02361077269284803,0.02203814059864872,0.02272510745185513,0.0184348321366502,0.02022152443300219,0.02198187404416422,0.01889995772750818
 Sample-based diagonalization: carryover bitstrings = [], size = 0
