 Elapsed time for helper construction 1.624724 (sec) 
 Elapsed time for init 0.04974899999999999 (sec) 
 Elapsed time for makeQChamDiagTerms 17.72365 (sec) 
 Davidson iteration 0.0 (tol=0.6912621334657509): -164.5961528318689
 Davidson iteration 0.1 (tol=0.2576353452227753): -164.794813126649 -162.5327722127593
 Davidson iteration 0.2 (tol=0.0985236262230007): -164.8153274374997 -162.8541909274287 -161.9198433758363
 Davidson iteration 0.3 (tol=0.03044046403246808): -164.8184504325644 -163.0504508671717 -162.1064386184345 -161.8011842314355
 Davidson iteration 0.4 (tol=0.01277257828734684): -164.818783741828 -163.420053519566 -162.2968939645888 -161.8996223363669
 Davidson iteration 0.5 (tol=0.005203145735145145): -164.8188500849937 -163.8864241866746 -162.5670239654428 -162.0971888079082
 Davidson iteration 0.6 (tol=0.002022372313339865): -164.818859961527 -164.0595336692732 -162.7313203985667 -162.097195885819
 Davidson iteration 0.7 (tol=0.0008396062714438819): -164.8188614593618 -164.1477559236459 -163.1492938772478 -162.4185312252417
 Davidson iteration 1.0 (tol=0.0008396062714854145): -164.8188614593612
 Davidson iteration 1.1 (tol=0.0004066196781436986): -164.8188616917218 -162.5825732413886
 Davidson iteration 1.2 (tol=0.0002008423283613729): -164.8188617684866 -163.8487247635823 -161.0145997222644
 Davidson iteration 1.3 (tol=8.22850641539487e-05): -164.818861782801 -164.1642278548313 -162.1877417210899 -160.1811647205722
 Davidson iteration 1.4 (tol=3.265211511054274e-05): -164.81886178517 -164.2700753383822 -162.2738314294475 -162.1307440485651
 Davidson iteration 1.5 (tol=1.349012458090974e-05): -164.8188617856032 -164.3408386371707 -163.25071750078 -162.1505509131725
 Davidson iteration 1.6 (tol=5.41620710617303e-06): -164.8188617856669 -164.3742582798393 -163.6458763677324 -162.5414013492728
 Elapsed time for davidson 86.104293 (sec) 
 Elapsed time for diagonalization 86.104463 (sec) 
 Elapsed time for mult 2.321198 (sec) 
 Energy = -164.8188617856663
 Elapsed time for measurement 0.280675 (sec) 
 Sample-based diagonalization: Energy = -164.8188617856663
 Sample-based diagonalization: density = [1.999974506831536,1.993847271838023,1.993336636531865,1.990936311907871,1.98682183409759,1.985500368062298,1.985248719239261,1.984698338879793,1.97780231233267,1.982592870576249,1.96481777179699,1.9936349867383,1.984901900752543,1.945950328273997,0.09081010247652571,0.007190124729959444,0.01674736364875886,0.01703649613546125,0.01794913526165171,0.00593621566415797,0.01173751687341865,0.01188267888870721,0.01677245643663576,0.01610165133421711,0.01777210011400938
 Sample-based diagonalization: carryover bitstrings = [], size = 0
