 Elapsed time for helper construction 0.744518 (sec) 
 Elapsed time for init 0.011397 (sec) 
 Elapsed time for makeQChamDiagTerms 4.197756 (sec) 
 Davidson iteration 0.0 (tol=0.5477460764774568): -147.8673542766646
 Davidson iteration 0.1 (tol=0.2409253258644008): -147.994853627136 -145.9098192317437
 Davidson iteration 0.2 (tol=0.1072892929198271): -148.0122099967768 -146.3674090578759 -145.0773491966426
 Davidson iteration 0.3 (tol=0.04036256627431742): -148.0157258802112 -146.5729250209442 -145.3898762963872 -144.7810493921673
 Davidson iteration 0.4 (tol=0.01616443970791201): -148.0161808458627 -146.7656388258311 -145.7209590621711 -145.1070243092597
 Davidson iteration 0.5 (tol=0.006224325276517006): -148.0162734971001 -147.1051279837915 -145.9743405018924 -145.4060401251083
 Davidson iteration 0.6 (tol=0.002998408939114718): -148.0162855146577 -147.2416473964239 -146.1350637152977 -145.4148838554013
 Davidson iteration 0.7 (tol=0.001224507233684971): -148.016287930262 -147.3362228726789 -146.4072211069168 -145.6122931552999
 Davidson iteration 1.0 (tol=0.001224507233684056): -148.0162879302633
 Davidson iteration 1.1 (tol=0.000631728466732522): -148.0162883452761 -145.9089669534009
 Davidson iteration 1.2 (tol=0.0003208227077341382): -148.0162884883622 -147.0153486919361 -143.5829037566968
 Davidson iteration 1.3 (tol=0.0001370025829610737): -148.0162885255086 -147.394428963723 -145.177016774065 -143.0210059491878
 Davidson iteration 1.4 (tol=6.334496847157592e-05): -148.0162885313317 -147.5443281853203 -145.2875369849282 -145.0869515832228
 Davidson iteration 1.5 (tol=2.743589653451818e-05): -148.0162885325824 -147.6101982576633 -146.0845885467632 -145.2064787661928
 Davidson iteration 1.6 (tol=1.272151818227572e-05): -148.0162885328357 -147.6557122482274 -146.7155175269397 -145.4618491163325
 Davidson iteration 1.7 (tol=5.406605563202493e-06): -148.0162885328914 -147.6818573968308 -147.108253557559 -145.4618534883807
 Elapsed time for davidson 32.162097 (sec) 
 Elapsed time for diagonalization 32.162248 (sec) 
 Elapsed time for mult 0.913368 (sec) 
 Energy = -148.0162885328891
 Elapsed time for measurement 0.05135199999999999 (sec) 
 Sample-based diagonalization: Energy = -148.0162885328891
 Sample-based diagonalization: density = [1.999996724184628,1.997859377660466,1.992367122104775,1.990806604568966,1.991007643929077,1.98772553818544,1.993701346733862,1.97985288370799,1.956942855764916,1.983051166028288,1.94321995766693,0.0994976658879401,0.01320299866978448,0.01619077874322606,0.004530753063945761,0.006671138773368866,0.02403695215417147,0.01933849192589482
 Sample-based diagonalization: carryover bitstrings = [], size = 0
