 Elapsed time for helper construction 1.085063 (sec) 
 Elapsed time for init 0.038168 (sec) 
 Elapsed time for makeQChamDiagTerms 16.343497 (sec) 
 Davidson iteration 0.0 (tol=0.6077506204588037): -171.9222014472311
 Davidson iteration 0.1 (tol=0.1208071692550188): -172.0935341516688 -170.0022149433892
 Davidson iteration 0.2 (tol=0.02827582307749706): -172.0993499702743 -170.1689808764524 -169.9101824007704
 Davidson iteration 0.3 (tol=0.006020069058922317): -172.0996927193722 -170.2907009077157 -170.163325609586 -169.9086984261917
 Davidson iteration 0.4 (tol=0.001370984636250363): -172.0997110435617 -170.7435395409892 -170.2850005108008 -169.9572126295041
 Davidson iteration 0.5 (tol=0.0003512635789364874): -172.0997119219417 -170.9405276769506 -170.4340191548372 -169.9863927648669
 Davidson iteration 0.6 (tol=9.67470211640335e-05): -172.0997119813706 -171.1288466391541 -170.5104974309179 -170.1830668900653
 Davidson iteration 0.7 (tol=2.490385844719182e-05): -172.0997119855234 -171.2384390799433 -170.5242604215388 -170.3819895138588
 Davidson iteration 1.0 (tol=2.490385844623298e-05): -172.0997119855237
 Davidson iteration 1.1 (tol=8.009076839343013e-06): -172.0997119857831 -170.2713712463764
 Elapsed time for davidson 45.905378 (sec) 
 Elapsed time for diagonalization 45.910453 (sec) 
 Elapsed time for mult 1.172476 (sec) 
 Energy = -172.0997119857823
 Elapsed time for measurement 0.134432 (sec) 
 Sample-based diagonalization: Energy = -172.0997119857823
 Sample-based diagonalization: density = [1.999981375274851,1.995632703821961,1.993179646944343,1.993571207548661,1.992854409217606,1.989781330945358,1.988221243813725,1.988780546174388,1.980828190670447,1.989172675515286,1.98882721677747,1.983078129283898,1.959653427084393,1.9914515161826,1.991435966292145,0.04771429594883407,0.01353879664308148,0.01487875081290493,0.01465429762187438,0.009457570120364606,0.009848779342697931,0.01111736554408174,0.00753619695340301,0.01106180284585886,0.00846142287605807,0.006322524720814205,0.006487288671773898,0.01247132207088648
 Sample-based diagonalization: carryover bitstrings = [], size = 0
