 Elapsed time for helper construction 0.936599 (sec) 
 Elapsed time for init 0.015572 (sec) 
 Elapsed time for makeQChamDiagTerms 9.661833 (sec) 
 Davidson iteration 0.0 (tol=0.4818100268062032): -151.9832780575583
 Davidson iteration 0.1 (tol=0.1135680465067881): -152.0994580834376 -150.2606313017722
 Davidson iteration 0.2 (tol=0.03045214395696378): -152.1060536189019 -150.6909282114128 -150.0928088746969
 Davidson iteration 0.3 (tol=0.00769150516183637): -152.1065419924772 -151.0251383930361 -150.0990936476209 -150.0515416518517
 Davidson iteration 0.4 (tol=0.001953790557320937): -152.1065707810426 -151.1893004953112 -150.2783615353885 -150.075392227824
 Davidson iteration 0.5 (tol=0.0005299332949797717): -152.1065727281841 -151.3680893449834 -150.5785889783104 -150.2306760190671
 Davidson iteration 0.6 (tol=0.0001505623839885762): -152.1065728686581 -151.4013770985101 -150.8612673645843 -150.3607075250712
 Davidson iteration 0.7 (tol=5.536078532362689e-05): -152.1065728815233 -151.5381036151323 -151.1597776811539 -150.5425823540039
 Davidson iteration 1.0 (tol=5.536078532175269e-05): -152.1065728815209
 Davidson iteration 1.1 (tol=1.718114276161933e-05): -152.1065728828042 -150.2196075177119
 Davidson iteration 1.2 (tol=6.779347512066882e-06): -152.1065728830353 -151.3620958424654 -150.1608909784308
 Elapsed time for davidson 29.581453 (sec) 
 Elapsed time for diagonalization 29.581729 (sec) 
 Elapsed time for mult 0.6609579999999999 (sec) 
 Energy = -152.106572883037
 Elapsed time for measurement 0.084574 (sec) 
 Sample-based diagonalization: Energy = -152.106572883037
 Sample-based diagonalization: density = [1.999993905361835,1.996220623006982,1.994096275190058,1.996188681765988,1.995193542678154,1.988708848779903,1.984794236220808,1.990501886483871,1.992358749891248,1.984365167734296,1.983690318191049,1.991612140380774,1.95447926877245,0.08189138504889165,0.01101749056164967,0.006616717381010736,0.006759894576608465,0.001966914525715636,0.009258482626706997,0.01108148677509181,0.001684938708033528,0.007796818500328595,0.009722226637477724
 Sample-based diagonalization: carryover bitstrings = [], size = 0
