 Elapsed time for helper construction 1.510649 (sec) 
 Elapsed time for init 0.049595 (sec) 
 Elapsed time for makeQChamDiagTerms 13.273837 (sec) 
 Davidson iteration 0.0 (tol=0.609291156777287): -124.0387613008348
 Davidson iteration 0.1 (tol=0.1262588468749894): -124.2115396011525 -121.9609485405438
 Davidson iteration 0.2 (tol=0.02138541125723506): -124.2171938333444 -122.1978537608083 -121.3905810370515
 Davidson iteration 0.3 (tol=0.005411715952217258): -124.2173587412765 -122.3191515551172 -121.7822952711679 -121.2880591321269
 Davidson iteration 0.4 (tol=0.001522818875389432): -124.2173698301565 -122.5140952736257 -121.9964993161647 -121.3479819995711
 Davidson iteration 0.5 (tol=0.000376917899363576): -124.2173706274681 -122.7100703955062 -122.118365491014 -121.4275121252746
 Davidson iteration 0.6 (tol=8.476177948506923e-05): -124.2173706736067 -122.8076130095135 -122.2005173561139 -121.5938554084812
 Davidson iteration 0.7 (tol=1.94167095537169e-05): -124.2173706759852 -122.834682248902 -122.2618338200067 -121.8024035995173
 Davidson iteration 1.0 (tol=1.941670955490434e-05): -124.2173706759861
 Davidson iteration 1.1 (tol=6.16970150143394e-06): -124.2173706761095 -121.5057124678598
 Elapsed time for davidson 46.938163 (sec) 
 Elapsed time for diagonalization 46.938336 (sec) 
 Elapsed time for mult 1.926884 (sec) 
 Energy = -124.2173706761098
 Elapsed time for measurement 0.133787 (sec) 
 Sample-based diagonalization: Energy = -124.2173706761098
 Sample-based diagonalization: density = [1.999981417437867,1.992554839011896,1.990325547250328,1.987352905503706,1.985246940882045,1.986511152668832,1.983459096789741,1.982492243813313,1.985049028769422,1.980606698991564,1.979996261514543,1.978401690369289,0.01680633906918997,0.009730717469379892,0.01399900041644171,0.01577892195244254,0.01403392606638564,0.01296142229981302,0.01613327443093014,0.01415737310413008,0.01122586240500725,0.01440163236296002,0.01413945551614432,0.01465425156767229
 Sample-based diagonalization: carryover bitstrings = [], size = 0
