 Elapsed time for helper construction 0.618896 (sec) 
 Elapsed time for init 0.004613 (sec) 
 Elapsed time for makeQChamDiagTerms 2.074841 (sec) 
 Davidson iteration 0.0 (tol=0.5466511248934813): -149.7682802819847
 Davidson iteration 0.1 (tol=0.2303723919670562): -149.8895644299238 -147.7313463007783
 Davidson iteration 0.2 (tol=0.09712088492091928): -149.9048325199155 -148.1592286756008 -146.8522128748542
 Davidson iteration 0.3 (tol=0.03567072938626779): -149.907540673734 -148.3741976946515 -147.1790111001467 -146.5633092385874
 Davidson iteration 0.4 (tol=0.01335263004222891): -149.9078840951064 -148.5719423641442 -147.4273655237569 -146.8792969332792
 Davidson iteration 0.5 (tol=0.005020217687222733): -149.9079409420924 -148.8546307645919 -147.6848880835547 -146.9728105519673
 Davidson iteration 0.6 (tol=0.00221129587299291): -149.9079471394132 -148.9875492657033 -147.8548204809829 -147.0036334695081
 Davidson iteration 0.7 (tol=0.0007821804464146632): -149.9079485015801 -149.084159198978 -148.128306094668 -147.3153133938938
 Davidson iteration 1.0 (tol=0.0007821804464158623): -149.9079485015811
 Davidson iteration 1.1 (tol=0.0003540792070927055): -149.9079486618874 -147.680940178137
 Davidson iteration 1.2 (tol=0.0001747189187821934): -149.9079487062179 -148.6594714983992 -146.1312825733718
 Davidson iteration 1.3 (tol=7.123739916346797e-05): -149.9079487151871 -149.0887048560632 -146.2888300333847 -145.8953664874866
 Davidson iteration 1.4 (tol=2.669205115529914e-05): -149.9079487164692 -149.2583296518492 -146.8393085344959 -146.2761811311327
 Davidson iteration 1.5 (tol=1.001060643960524e-05): -149.9079487166832 -149.3106289952309 -147.4179922080253 -146.7322827439635
 Davidson iteration 1.6 (tol=4.266620945823493e-06): -149.907948716713 -149.3697329012186 -148.1441318012563 -147.0412103717298
 Elapsed time for davidson 15.825714 (sec) 
 Elapsed time for diagonalization 15.825778 (sec) 
 Elapsed time for mult 0.5330859999999999 (sec) 
 Energy = -149.9079487167126
 Elapsed time for measurement 0.026085 (sec) 
 Sample-based diagonalization: Energy = -149.9079487167126
 Sample-based diagonalization: density = [1.999996588455901,1.996933076399652,1.99289730531577,1.991958542417939,1.990534092494491,1.987633221765561,1.976456985187682,1.993405580127108,1.981447797211716,1.982957951923336,1.943650732129234,0.08720292984066751,0.02089101114379859,0.003668722036635966,0.01462960236091618,0.01929905129124803,0.01643680976829118
 Sample-based diagonalization: carryover bitstrings = [], size = 0
