 Elapsed time for helper construction 0.9771179999999999 (sec) 
 Elapsed time for init 0.036029 (sec) 
 Elapsed time for makeQChamDiagTerms 10.962554 (sec) 
 Davidson iteration 0.0 (tol=0.4425100209116683): -136.3715981424606
 Davidson iteration 0.1 (tol=0.1037246668353914): -136.4998870349346 -135.2273448598542
 Davidson iteration 0.2 (tol=0.02669894281312805): -136.5073726048276 -135.4625046034179 -135.1086623095393
 Davidson iteration 0.3 (tol=0.007725091784326853): -136.5078215981357 -135.7133126892763 -135.1149758612208 -134.7049581657029
 Davidson iteration 0.4 (tol=0.001858793475785447): -136.5078586525868 -135.8214018177606 -135.2040844669569 -134.8380374659418
 Davidson iteration 0.5 (tol=0.0004516199404080378): -136.507860695992 -135.8875737720447 -135.2080476308328 -135.102677699764
 Davidson iteration 0.6 (tol=0.0001234604797149126): -136.5078608226208 -135.9080761547451 -135.3503636452248 -135.1769673177313
 Davidson iteration 0.7 (tol=3.13927742261677e-05): -136.5078608321906 -135.9150030346645 -135.6134167994882 -135.1788862395129
 Davidson iteration 1.0 (tol=3.139277422655367e-05): -136.5078608321897
 Davidson iteration 1.1 (tol=9.013035972456789e-06): -136.5078608327339 -135.1674169861469
 Elapsed time for davidson 34.303261 (sec) 
 Elapsed time for diagonalization 34.30549 (sec) 
 Elapsed time for mult 1.109352 (sec) 
 Energy = -136.5078608327346
 Elapsed time for measurement 0.097912 (sec) 
 Sample-based diagonalization: Energy = -136.5078608327346
 Sample-based diagonalization: density = [1.999983539663442,1.997734678522031,1.99529134461921,1.99642647492738,1.997344194091615,1.994121512498262,1.993599814545483,1.995293555331138,1.994082454434986,1.989538595202173,1.974516902882889,1.919690426390604,1.914399155205808,0.08270366955240305,0.08010935471853056,0.03398519248120852,0.004234949428225982,0.004181384008980587,0.007498970944915283,0.005417471653531632,0.007025143933849038,0.003826802798458836,0.003688005281354633,0.003039727859998311,0.002266678894817049
 Sample-based diagonalization: carryover bitstrings = [], size = 0
