 Elapsed time for helper construction 1.147294 (sec) 
 Elapsed time for init 0.041408 (sec) 
 Elapsed time for makeQChamDiagTerms 17.512979 (sec) 
 Davidson iteration 0.0 (tol=0.3670974706619024): -184.5771915450292
 Davidson iteration 0.1 (tol=0.04034605784183795): -184.6427633806627 -182.7372362703836
 Davidson iteration 0.2 (tol=0.007468060884778666): -184.6436353046961 -183.2565934068054 -182.6898751886008
 Davidson iteration 0.3 (tol=0.002162980258949208): -184.6436757506788 -183.7971933378503 -183.1227498237195 -182.6876955248131
 Davidson iteration 0.4 (tol=0.000858817872582473): -184.6436796994545 -184.1897799698794 -183.1851872046966 -182.9188345269073
 Davidson iteration 0.5 (tol=0.000254320636173682): -184.643680160127 -184.2881899102549 -183.185329647222 -183.0211754721283
 Davidson iteration 0.6 (tol=5.062206276070607e-05): -184.6436801972471 -184.3202041526901 -183.4065854555583 -183.0827078278107
 Davidson iteration 0.7 (tol=1.005372029676394e-05): -184.6436801986434 -184.3305781954477 -183.5298611470106 -183.2839734282689
 Davidson iteration 1.0 (tol=1.005372029643654e-05): -184.643680198643
 Davidson iteration 1.1 (tol=2.33508330920984e-06): -184.6436801986958 -183.2424236559067
 Elapsed time for davidson 41.354022 (sec) 
 Elapsed time for diagonalization 41.356132 (sec) 
 Elapsed time for mult 0.8590829999999999 (sec) 
 Energy = -184.6436801986966
 Elapsed time for measurement 0.167184 (sec) 
 Sample-based diagonalization: Energy = -184.6436801986966
 Sample-based diagonalization: density = [1.999989747833401,1.999281472167389,1.998368477319596,1.997462656472754,1.997387137738462,1.994089074191729,1.994683570431356,1.996411344833749,1.993716146134223,1.994151428533673,1.997927072506368,1.990124090073086,1.981917069762003,1.998082889455216,1.997358751363445,1.997070443321173,0.02608072496595291,0.0004275341908953108,0.00239720484108507,0.002817088396942124,0.005727998058888796,0.00351131432731205,0.002574826168872577,0.002645521248288067,0.005422286868115837,0.003312293229490759,0.003861553898201257,0.005834925311421685,0.002682206797944828,0.004683149498506929
 Sample-based diagonalization: carryover bitstrings = [], size = 0
