 Elapsed time for helper construction 0.550775 (sec) 
 Elapsed time for init 0.00709 (sec) 
 Elapsed time for makeQChamDiagTerms 2.480385 (sec) 
 Davidson iteration 0.0 (tol=0.5305232863746028): -149.4411887753984
 Davidson iteration 0.1 (tol=0.2168960120704925): -149.5612293091045 -147.5024898024717
 Davidson iteration 0.2 (tol=0.08951468921837706): -149.575551286309 -147.9095790214172 -146.7044295172383
 Davidson iteration 0.3 (tol=0.03223910639400399): -149.5781017661069 -148.1143850896508 -147.0023157484094 -146.4674771997709
 Davidson iteration 0.4 (tol=0.01158466693484842): -149.5784018603134 -148.3182768555115 -147.2501339156338 -146.7720866462888
 Davidson iteration 0.5 (tol=0.003959711440400599): -149.5784519213336 -148.6416300021017 -147.4535191873684 -147.09365131332
 Davidson iteration 0.6 (tol=0.00162683359941735): -149.5784567627365 -148.7589635935125 -147.6196810902827 -147.104017509111
 Davidson iteration 0.7 (tol=0.0006075374256397825): -149.578457529295 -148.8258712304769 -147.8867582020675 -147.2634495515041
 Davidson iteration 1.0 (tol=0.0006075374256201962): -149.578457529296
 Davidson iteration 1.1 (tol=0.0002818699900051912): -149.5784576339199 -147.168106400769
 Davidson iteration 1.2 (tol=0.0001277562478234251): -149.5784576637479 -148.3725060577809 -145.4592737057347
 Davidson iteration 1.3 (tol=4.54122215527996e-05): -149.5784576692263 -148.758625527812 -146.622400989702 -145.032884855753
 Davidson iteration 1.4 (tol=1.738146733313392e-05): -149.5784576698329 -148.9008284982009 -146.7891802257778 -146.5870849670567
 Davidson iteration 1.5 (tol=6.471842260369341e-06): -149.5784576699233 -148.9813158379255 -147.6061019336438 -146.6366297027636
 Elapsed time for davidson 17.217912 (sec) 
 Elapsed time for diagonalization 17.218008 (sec) 
 Elapsed time for mult 0.567464 (sec) 
 Energy = -149.5784576699219
 Elapsed time for measurement 0.032845 (sec) 
 Sample-based diagonalization: Energy = -149.5784576699219
 Sample-based diagonalization: density = [1.999996963240097,1.997779839506937,1.99285405478303,1.993367701692721,1.991970619063778,1.988235343168078,1.985734297563199,1.980286775944434,1.979717499820075,1.987311981956096,1.936925608183127,0.09675510158494516,0.0109272952232555,0.003561199964741539,0.01505483454433238,0.02238057614869507,0.01714030743751038
 Sample-based diagonalization: carryover bitstrings = [], size = 0
