"PluginInterface" error: Failure to initialize device 0: Error in cuDevicePrimaryCtxRetain: out of memory
"PluginInterface" error: Failure to initialize device 0: Error in cuDevicePrimaryCtxRetain: out of memory
"PluginInterface" error: Failure to initialize device 1: Error in cuDevicePrimaryCtxRetain: out of memory
"PluginInterface" error: Failure to initialize device 1: Error in cuDevicePrimaryCtxRetain: out of memory
"PluginInterface" error: Failure to initialize device 2: Error in cuDevicePrimaryCtxRetain: out of memory
"PluginInterface" error: Failure to initialize device 2: Error in cuDevicePrimaryCtxRetain: out of memory
"PluginInterface" error: Failure to initialize device 3: Error in cuDevicePrimaryCtxRetain: out of memory
"PluginInterface" error: Failure to initialize device 3: Error in cuDevicePrimaryCtxRetain: out of memory
 Elapsed time for helper construction 0.342976 (sec) 
 Elapsed time for init 0.00351 (sec) 
 Elapsed time for makeQChamDiagTerms 0.108854 (sec) 
 Davidson iteration 0.0 (tol=0.734704481176697): -147.8015530213538
 Davidson iteration 0.1 (tol=0.326390134345475): -148.0290372605506 -145.8123848078769
 Davidson iteration 0.2 (tol=0.141265859981816): -148.0609040269576 -146.1312879213615 -144.9030896101509
 Davidson iteration 0.3 (tol=0.04753261623673414): -148.0661884993326 -146.2716033149115 -145.1207391519948 -144.6263865272444
 Davidson iteration 0.4 (tol=0.0169147117386308): -148.0668916184271 -146.5413705466945 -145.2850273374468 -145.0137004268186
 Davidson iteration 0.5 (tol=0.006917106597411462): -148.0669748192946 -146.8041779280576 -145.7784311738063 -145.096861510423
 Davidson iteration 0.6 (tol=0.002452816949882493): -148.0669890611666 -146.963382276781 -145.9869316664053 -145.2295343974821
 Davidson iteration 0.7 (tol=0.00097157778111301): -148.0669908244023 -147.0927135418787 -146.1124110067533 -145.5023968308624
 Davidson iteration 0.8 (tol=0.0003777163955928393): -148.0669910924611 -147.2038238588924 -146.3391502949152 -145.8819029730631
 Davidson iteration 0.9 (tol=0.0001437019417344027): -148.0669911386873 -147.2709661522178 -146.5322739787841 -145.9292286837459
 Davidson iteration 0.10 (tol=6.210347365870426e-05): -148.0669911461613 -147.3751436807549 -146.8595066089531 -146.0935139172904
 Davidson iteration 0.11 (tol=2.565517282720369e-05): -148.0669911473854 -147.4295736872658 -146.9848063946523 -146.1823155439966
 Davidson iteration 0.12 (tol=1.029120616541198e-05): -148.0669911475794 -147.472696346911 -147.054563468404 -146.2837332571048
 Davidson iteration 0.13 (tol=4.14332831561131e-06): -148.0669911476096 -147.5174157176786 -147.1111420580355 -146.4193617511068
 Davidson iteration 0.14 (tol=1.43536282510362e-06): -148.0669911476145 -147.5260648716847 -147.1520222478864 -146.5750798649843
 Davidson iteration 0.15 (tol=5.133377903359081e-07): -148.0669911476152 -147.5283454084149 -147.1781035061674 -146.7000747223017
 Davidson iteration 0.16 (tol=1.984225093251222e-07): -148.0669911476151 -147.5304501667462 -147.1936428960063 -146.7972877120325
 Davidson iteration 0.17 (tol=7.280617825890776e-08): -148.0669911476153 -147.530584440967 -147.2072298374788 -146.9438162897257
 Davidson iteration 0.18 (tol=2.42908755709707e-08): -148.0669911476154 -147.5310155759183 -147.2170075791793 -147.0542019294686
 Davidson iteration 0.19 (tol=8.506956230369388e-09): -148.0669911476151 -147.5310947421962 -147.2316443134755 -147.1077659880872
 Elapsed time for davidson 36.412194 (sec) 
 Elapsed time for diagonalization 36.412264 (sec) 
 Elapsed time for mult 1.061988 (sec) 
 Energy = -148.0669911476153
 Elapsed time for measurement 0.042167 (sec) 
 Sample-based diagonalization: Energy = -148.0669911476153
 Sample-based diagonalization: density = [1.999971427286228,1.993342088810796,1.988658621273364,1.988247597517468,1.982182685565798,1.982615059296534,1.980533008597256,1.971545435862151,1.978110664177579,1.977821728916672,1.977596338830776,1.901731251011768,1.983931439912768,0.1076487835837239,0.02460703039502591,0.02432572884473354,0.02213861814295367,0.01980906189921313,0.01622445542844982,0.02095249509251387,0.01613829593262175,0.02159616669942655,0.02027201691992073
 Sample-based diagonalization: carryover bitstrings = [], size = 0
