 Elapsed time for helper construction 0.474222 (sec) 
 Elapsed time for init 0.009814999999999999 (sec) 
 Elapsed time for makeQChamDiagTerms 1.607648 (sec) 
 Davidson iteration 0.0 (tol=0.5340558821843457): -88.79853064874638
 Davidson iteration 0.1 (tol=0.1830642981570569): -88.92571634581431 -86.65743316086973
 Davidson iteration 0.2 (tol=0.0441835094255942): -88.93653064875862 -87.08163061059666 -85.55340650998349
 Davidson iteration 0.3 (tol=0.01170410984136395): -88.93706777660434 -87.17925651394289 -86.00467380297144 -85.23248955740692
 Davidson iteration 0.4 (tol=0.003392002598706418): -88.93710728212808 -87.25558119949781 -86.39398614124582 -85.4790935054022
 Davidson iteration 0.5 (tol=0.001094017097269291): -88.93711064319182 -87.35937164155348 -86.76950792046676 -85.51159331471641
 Davidson iteration 0.6 (tol=0.0003038475009194117): -88.93711098073474 -87.45746919069329 -86.98401481572927 -85.9674784549152
 Davidson iteration 0.7 (tol=8.320201762527068e-05): -88.93711100750622 -87.51025826590605 -87.10640418422506 -86.28656860116703
 Davidson iteration 1.0 (tol=8.320201762513867e-05): -88.93711100750701
 Davidson iteration 1.1 (tol=2.947332598326345e-05): -88.93711100922935 -85.52741296196547
 Davidson iteration 1.2 (tol=1.003937553124195e-05): -88.93711100951938 -86.92313753538288 -84.47557833991074
 Davidson iteration 1.3 (tol=3.119206591654097e-06): -88.93711100954789 -87.36126402794315 -85.35310603280473 -84.04406921597004
 Elapsed time for davidson 12.955614 (sec) 
 Elapsed time for diagonalization 12.955741 (sec) 
 Elapsed time for mult 0.547855 (sec) 
 Energy = -88.93711100954681
 Elapsed time for measurement 0.143115 (sec) 
 Sample-based diagonalization: Energy = -88.93711100954681
 Sample-based diagonalization: density = [1.999965407440577,1.988964274831725,1.986040890647407,1.987608703072785,1.981279638091814,1.978841104629447,1.978192802256755,1.976051422207575,1.978703354864348,0.01537625331798336,0.02163916554244346,0.0201090056638638,0.01807934126733475,0.01834212959875965,0.01786583028365329,0.0164299803257813,0.01651069589561365
 Sample-based diagonalization: carryover bitstrings = [], size = 0
