 Elapsed time for helper construction 1.415868 (sec) 
 Elapsed time for init 0.047514 (sec) 
 Elapsed time for makeQChamDiagTerms 12.192922 (sec) 
 Davidson iteration 0.0 (tol=0.6723877954103751): -155.0129931694155
 Davidson iteration 0.1 (tol=0.2521481498382378): -155.2025720634057 -152.8853516460227
 Davidson iteration 0.2 (tol=0.1005545099001028): -155.2226057922031 -153.3180515126871 -152.2119609283399
 Davidson iteration 0.3 (tol=0.03135229030515356): -155.2259751814923 -153.6144955132202 -152.3087077783276 -152.0352853316608
 Davidson iteration 0.4 (tol=0.01324424820115285): -155.2263273586993 -153.9533340500082 -152.68591602341 -152.149564116411
 Davidson iteration 0.5 (tol=0.005430182427684961): -155.2263908560544 -154.2925742043005 -153.0210805613584 -152.234295663828
 Davidson iteration 0.6 (tol=0.002259659296597646): -155.226400838859 -154.4512784777253 -153.2494805775391 -152.3290117375451
 Davidson iteration 0.7 (tol=0.0009863192426394203): -155.2264028412651 -154.567832542864 -153.666558547726 -152.7941837487949
 Davidson iteration 1.0 (tol=0.0009863192426486074): -155.226402841264
 Davidson iteration 1.1 (tol=0.0004514615187584819): -155.2264031587879 -152.7308885560664
 Davidson iteration 1.2 (tol=0.0002516513821223723): -155.2264032638675 -154.2895751497562 -151.8635603489387
 Davidson iteration 1.3 (tol=0.0001037418838304094): -155.2264032859485 -154.5843650187373 -152.1780070355581 -151.379550773245
 Davidson iteration 1.4 (tol=4.255921569022449e-05): -155.2264032895766 -154.6857644861287 -152.6400039768856 -152.0012758986373
 Davidson iteration 1.5 (tol=1.776699462585529e-05): -155.2264032902807 -154.7487010097571 -153.5634329853029 -152.0796197023459
 Davidson iteration 1.6 (tol=6.926997949461865e-06): -155.2264032903883 -154.7811871900154 -153.9235831795261 -152.3519162950407
 Elapsed time for davidson 74.332877 (sec) 
 Elapsed time for diagonalization 74.33314 (sec) 
 Elapsed time for mult 2.020264 (sec) 
 Energy = -155.2264032903912
 Elapsed time for measurement 0.113107 (sec) 
 Sample-based diagonalization: Energy = -155.2264032903912
 Sample-based diagonalization: density = [1.99998928546077,1.991317834542098,1.990492570500777,1.989100936428369,1.984620133704482,1.980335946246111,1.980173579944183,1.980738265534346,1.977543303772323,1.972125869914182,1.990298303953768,1.983529897694973,1.953690660790953,0.0835347753407305,0.02305280526747011,0.02130702019584138,0.01975778099712143,0.01686717610732054,0.02002658304293085,0.01034228028335063,0.01802129562197541,0.01313369420927308
 Sample-based diagonalization: carryover bitstrings = [], size = 0
