 Elapsed time for helper construction 1.109754 (sec) 
 Elapsed time for init 0.019502 (sec) 
 Elapsed time for makeQChamDiagTerms 18.563179 (sec) 
 Davidson iteration 0.0 (tol=0.480527272645422): -182.3266471948681
 Davidson iteration 0.1 (tol=0.06777538078765791): -182.4386642790735 -180.4237753516104
 Davidson iteration 0.2 (tol=0.01624449638789151): -182.441139043991 -181.0810214635645 -180.3430046304488
 Davidson iteration 0.3 (tol=0.003542289154206564): -182.4412836666849 -181.1731757397189 -180.7998382931762 -180.2660974184593
 Davidson iteration 0.4 (tol=0.0009106610013978479): -182.4412909698257 -181.5207885908526 -180.842691052724 -180.6379666196994
 Davidson iteration 0.5 (tol=0.0002376539889039705): -182.4412914331259 -181.5949054282767 -181.0820660251604 -180.7407179019118
 Davidson iteration 0.6 (tol=9.5796153821786e-05): -182.4412914754573 -181.8174975645575 -181.3746311031035 -181.0260291646754
 Davidson iteration 0.7 (tol=3.981089045522557e-05): -182.4412914819055 -182.0143951827702 -181.4934784140138 -181.0283610572994
 Davidson iteration 1.0 (tol=3.981089045915744e-05): -182.4412914819052
 Davidson iteration 1.1 (tol=1.381939949002775e-05): -182.441291482694 -180.8977122004456
 Davidson iteration 1.2 (tol=5.404386338433101e-06): -182.4412914828482 -181.6910313911968 -180.4655480110696
 Elapsed time for davidson 43.493934 (sec) 
 Elapsed time for diagonalization 43.494167 (sec) 
 Elapsed time for mult 0.758004 (sec) 
 Energy = -182.4412914828523
 Elapsed time for measurement 0.140509 (sec) 
 Sample-based diagonalization: Energy = -182.4412914828523
 Sample-based diagonalization: density = [1.999989749336484,1.997870603870669,1.997405595234436,1.99540830127582,1.996626811114034,1.99633462096297,1.992199301256195,1.991114547547623,1.991398786627026,1.988043721207011,1.989324047619581,1.986158922364875,1.979363950539918,1.991744216086397,1.99311378857645,1.993977002389099,0.03601505105113939,0.009395673935117444,0.006414620763581944,0.007533234000607996,0.007273657120704217,0.006862429924560496,0.007739062117702802,0.006045923281966709,0.009107153520682377,0.006170430334709561,0.007746293396996035,0.003010160293667878,0.006612344116723729
 Sample-based diagonalization: carryover bitstrings = [], size = 0
