 Elapsed time for helper construction 0.503354 (sec) 
 Elapsed time for init 0.008085 (sec) 
 Elapsed time for makeQChamDiagTerms 2.795449 (sec) 
 Davidson iteration 0.0 (tol=0.5536852128329279): -137.000582873143
 Davidson iteration 0.1 (tol=0.2300012493214793): -137.136505424639 -135.2056551185576
 Davidson iteration 0.2 (tol=0.08785450893805066): -137.1563814567359 -135.6876194681126 -134.73246730527
 Davidson iteration 0.3 (tol=0.0353270847522376): -137.1593438124596 -135.9735516680348 -134.8761794190833 -134.5084978687458
 Davidson iteration 0.4 (tol=0.01644190644459926): -137.1598306941533 -136.2454539880011 -135.1145511089674 -134.8268295460251
 Davidson iteration 0.5 (tol=0.007401140386965104): -137.1599517600935 -136.509250209591 -135.2334358419071 -134.8828896043498
 Davidson iteration 0.6 (tol=0.003109143055732198): -137.1599716834476 -136.637608618567 -135.5092625502716 -134.9046089949603
 Davidson iteration 0.7 (tol=0.001056635589499281): -137.1599752259718 -136.6780374656734 -135.7415942610312 -135.0422400435984
 Davidson iteration 1.0 (tol=0.001056635589495664): -137.15997522597
 Davidson iteration 1.1 (tol=0.0004607900705950802): -137.1599755742315 -135.2918375649342
 Davidson iteration 1.2 (tol=0.0002147814064693704): -137.1599756685872 -136.0931104720958 -134.250150682147
 Davidson iteration 1.3 (tol=9.219790436699584e-05): -137.1599756862431 -136.5291564963488 -134.5596552656317 -133.8305871721992
 Davidson iteration 1.4 (tol=4.002394367452662e-05): -137.1599756891165 -136.6454766788565 -134.7347958531823 -134.4388890555561
 Davidson iteration 1.5 (tol=1.800339440131432e-05): -137.1599756897345 -136.7361397140321 -135.4770868325569 -134.7179132304341
 Davidson iteration 1.6 (tol=7.537366103641739e-06): -137.1599756898485 -136.7702904817698 -135.9321156815564 -134.8378926950006
 Elapsed time for davidson 21.088033 (sec) 
 Elapsed time for diagonalization 21.088112 (sec) 
 Elapsed time for mult 0.52917 (sec) 
 Energy = -137.1599756898499
 Elapsed time for measurement 0.03706 (sec) 
 Sample-based diagonalization: Energy = -137.1599756898499
 Sample-based diagonalization: density = [1.999997382839469,1.994282627303774,1.993260286366595,1.989560390814031,1.988509807032308,1.984577001006038,1.965209320506779,1.982340173753836,1.987554222506386,1.902640449550001,0.1212969683312011,0.001763425869898418,0.01066213274531708,0.005862912930244098,0.02187764321820426,0.03079514765126581,0.01981010742411125
 Sample-based diagonalization: carryover bitstrings = [], size = 0
