 Elapsed time for helper construction 0.5791839999999999 (sec) 
 Elapsed time for init 0.014623 (sec) 
 Elapsed time for makeQChamDiagTerms 3.242416 (sec) 
 Davidson iteration 0.0 (tol=0.5502340017611013): -148.3278713087502
 Davidson iteration 0.1 (tol=0.2414468798994534): -148.4587554055819 -146.4156354209267
 Davidson iteration 0.2 (tol=0.108412349004043): -148.4762827300524 -146.841997133567 -145.539230863386
 Davidson iteration 0.3 (tol=0.0414035959771674): -148.4798840207552 -147.0475330033523 -145.8294753715457 -145.205573870501
 Davidson iteration 0.4 (tol=0.01613386509886549): -148.4803505843837 -147.2303613970695 -146.1060725647309 -145.5855672320344
 Davidson iteration 0.5 (tol=0.005653822033793869): -148.4804410510902 -147.5319664540648 -146.3611780656995 -145.8307338556911
 Davidson iteration 0.6 (tol=0.00243578517120343): -148.4804507645452 -147.6601441089316 -146.5315288819912 -145.8321661697328
 Davidson iteration 0.7 (tol=0.001002012256929051): -148.4804523192842 -147.7327774839697 -146.7564847901404 -146.0301193749641
 Davidson iteration 1.0 (tol=0.001002012256928061): -148.4804523192841
 Davidson iteration 1.1 (tol=0.0005057553292288929): -148.4804525646016 -145.6062596934433
 Davidson iteration 1.2 (tol=0.000237077632031542): -148.4804526501801 -147.3242116913574 -142.9392551944239
 Davidson iteration 1.3 (tol=0.0001000072351125356): -148.4804526685482 -147.7532187638246 -145.3212640716261 -142.0964761438129
 Davidson iteration 1.4 (tol=4.492258046595609e-05): -148.4804526712777 -147.9013549932979 -145.5430286301452 -145.1502400088393
 Davidson iteration 1.5 (tol=2.021093136577661e-05): -148.4804526718806 -148.0078562217399 -146.6192024736715 -145.29402356544
 Davidson iteration 1.6 (tol=1.058603396788558e-05): -148.48045267202 -148.0950995402912 -147.3270714958607 -145.5938367500966
 Davidson iteration 1.7 (tol=5.065221338135901e-06): -148.480452672061 -148.1700053747404 -147.6665831614528 -145.6560131869167
 Elapsed time for davidson 27.306143 (sec) 
 Elapsed time for diagonalization 27.306266 (sec) 
 Elapsed time for mult 0.8307399999999999 (sec) 
 Energy = -148.4804526720607
 Elapsed time for measurement 0.038797 (sec) 
 Sample-based diagonalization: Energy = -148.4804526720607
 Sample-based diagonalization: density = [1.99999693865809,1.997321689137936,1.992449097134309,1.992867406769067,1.990804096278726,1.985492210647946,1.980029430771509,1.980516835212692,1.976407802279954,1.984106198689246,1.928327034551748,0.1070733919155762,0.01467872346995074,0.006797941975988831,0.01816518911747582,0.002887668467177974,0.02394431368486148,0.01813403105728036
 Sample-based diagonalization: carryover bitstrings = [], size = 0
