 Elapsed time for helper construction 0.395077 (sec) 
 Elapsed time for init 0.011318 (sec) 
 Elapsed time for makeQChamDiagTerms 1.894194 (sec) 
 Davidson iteration 0.0 (tol=0.5566669797710075): -149.0632659724621
 Davidson iteration 0.1 (tol=0.2464523200819281): -149.1948884674757 -147.1172975732897
 Davidson iteration 0.2 (tol=0.1106144653828103): -149.2130284073076 -147.5738590035605 -146.2504936213046
 Davidson iteration 0.3 (tol=0.0417317448759127): -149.2167968672878 -147.7825283033237 -146.55961845801 -145.986655767844
 Davidson iteration 0.4 (tol=0.01714461935011731): -149.2172687337477 -147.9773992282012 -146.8803668902663 -146.2301001129142
 Davidson iteration 0.5 (tol=0.00638625754228391): -149.217364663643 -148.2535259438728 -147.1069143388175 -146.5296087756984
 Davidson iteration 0.6 (tol=0.002880516781321514): -149.2173764536338 -148.374757775869 -147.2627044283142 -146.5362924546709
 Davidson iteration 0.7 (tol=0.001136382296668485): -149.2173786591912 -148.4612790863137 -147.5303148129527 -146.7510696175715
 Davidson iteration 1.0 (tol=0.001136382296667568): -149.2173786591913
 Davidson iteration 1.1 (tol=0.0005780494552895923): -149.2173789944332 -146.7936118714026
 Davidson iteration 1.2 (tol=0.0002906738209225829): -149.2173791093229 -148.1113678050548 -144.5324499364984
 Davidson iteration 1.3 (tol=0.0001247267404110707): -149.2173791380268 -148.5563226597684 -146.309521003563 -143.7581695695305
 Davidson iteration 1.4 (tol=5.678032104737315e-05): -149.217379142617 -148.7055282563738 -146.4463420751133 -146.2170706903295
 Davidson iteration 1.5 (tol=2.569939256671e-05): -149.2173791436196 -148.7925989696251 -147.3395329962413 -146.3455339891388
 Davidson iteration 1.6 (tol=1.299240392269081e-05): -149.2173791438508 -148.8652831706464 -148.025725350016 -146.7281793185398
 Davidson iteration 1.7 (tol=6.116344583461618e-06): -149.2173791439117 -148.9080680874977 -148.3772475495232 -146.8610122478609
 Elapsed time for davidson 17.568455 (sec) 
 Elapsed time for diagonalization 17.568533 (sec) 
 Elapsed time for mult 0.562083 (sec) 
 Energy = -149.2173791439112
 Elapsed time for measurement 0.029548 (sec) 
 Sample-based diagonalization: Energy = -149.2173791439112
 Sample-based diagonalization: density = [1.999996878773577,1.997842380612971,1.992265893593909,1.995136116495704,1.988037581244288,1.983814802102155,1.987988880784855,1.977156288375562,1.971026476716313,1.982034344286794,1.932849614410737,0.1046865182864148,0.02171767603682985,0.009269942102765443,0.01611568464473368,0.02138786266782473,0.01867305874916673
 Sample-based diagonalization: carryover bitstrings = [], size = 0
