 Elapsed time for helper construction 1.855449 (sec) 
 Elapsed time for init 0.014624 (sec) 
 Elapsed time for makeQChamDiagTerms 12.044754 (sec) 
 Davidson iteration 0.0 (tol=0.6175233203371677): -129.1751224042567
 Davidson iteration 0.1 (tol=0.193894564220299): -129.340355542663 -126.9934569107652
 Davidson iteration 0.2 (tol=0.06207389938699051): -129.3527523053843 -127.6082932356734 -126.6014482686572
 Davidson iteration 0.3 (tol=0.01591494669349252): -129.3540146493586 -127.644435743609 -126.9179234698617 -126.423920796647
 Davidson iteration 0.4 (tol=0.005150043315426941): -129.3541192005909 -128.2433690978237 -127.2107206895649 -126.717741169999
 Davidson iteration 0.5 (tol=0.001751057047923012): -129.3541299178655 -128.5372662950767 -127.2912200028999 -126.9336508923573
 Davidson iteration 0.6 (tol=0.000556044759096795): -129.3541311392447 -128.7202796217985 -127.452686828657 -126.9344573677297
 Davidson iteration 0.7 (tol=0.0001608376039954954): -129.3541312465809 -128.7790505408792 -127.5763280480982 -126.9739759090424
 Davidson iteration 1.0 (tol=0.0001608376039974173): -129.3541312465804
 Davidson iteration 1.1 (tol=5.594709684677906e-05): -129.3541312546165 -126.84704305922
 Davidson iteration 1.2 (tol=1.832819620800816e-05): -129.3541312558856 -127.8638055036737 -125.9545670134385
 Davidson iteration 1.3 (tol=5.367080886266084e-06): -129.3541312559971 -128.2909307527962 -126.1746434273227 -125.9475872545995
 Elapsed time for davidson 58.524641 (sec) 
 Elapsed time for diagonalization 58.524845 (sec) 
 Elapsed time for mult 2.363709 (sec) 
 Energy = -129.3541312559974
 Elapsed time for measurement 0.116967 (sec) 
 Sample-based diagonalization: Energy = -129.3541312559974
 Sample-based diagonalization: density = [1.99996965654037,1.992581753499575,1.990865589110549,1.986551368801279,1.987227415985239,1.981638122493625,1.980704676764832,1.97929612186031,1.980941988489025,1.975305138243202,1.988059931613879,1.9801434614121,0.01523902032055606,0.02125474599961504,0.02222463203880764,0.01685929014798584,0.0148381012189409,0.01125605624762285,0.01669988302360601,0.01499895833146436,0.0150750225797018,0.01582324820338974,0.01244581663976019
 Sample-based diagonalization: carryover bitstrings = [], size = 0
