 Elapsed time for helper construction 0.9527909999999999 (sec) 
 Elapsed time for init 0.013607 (sec) 
 Elapsed time for makeQChamDiagTerms 8.563193 (sec) 
 Davidson iteration 0.0 (tol=0.624936543406436): -152.4038872640028
 Davidson iteration 0.1 (tol=0.1798091884220641): -152.5798934116378 -150.4476317065187
 Davidson iteration 0.2 (tol=0.06009507465085557): -152.5923945913154 -150.8392402648472 -150.1475611057204
 Davidson iteration 0.3 (tol=0.01718463831510273): -152.5938144216043 -151.0906718043336 -150.1498802602029 -150.0127154615601
 Davidson iteration 0.4 (tol=0.006487343432378759): -152.5939349458182 -151.3938759400375 -150.3287867838239 -150.1455287235358
 Davidson iteration 0.5 (tol=0.002171023054266903): -152.5939533031078 -151.6687107301248 -150.4939206408184 -150.253623206379
 Davidson iteration 0.6 (tol=0.0007823600986245622): -152.593955322509 -151.8079643708211 -150.8470670070374 -150.3298744075261
 Davidson iteration 0.7 (tol=0.0003026433595467923): -152.59395559769 -151.8987257598448 -151.3299533995453 -150.4149206146552
 Davidson iteration 1.0 (tol=0.0003026433595485347): -152.5939555976895
 Davidson iteration 1.1 (tol=0.0001375146485159689): -152.5939556347716 -150.8343849100202
 Davidson iteration 1.2 (tol=7.360803757465117e-05): -152.5939556464288 -151.9796539712547 -149.4175637248728
 Davidson iteration 1.3 (tol=2.723231378631287e-05): -152.5939556486601 -152.1946969456559 -150.0544554813664 -148.8136131048064
 Davidson iteration 1.4 (tol=9.623856463587706e-06): -152.5939556489654 -152.2393986122338 -150.5116815894762 -150.0083539709281
 Elapsed time for davidson 33.84251 (sec) 
 Elapsed time for diagonalization 33.842648 (sec) 
 Elapsed time for mult 0.909168 (sec) 
 Energy = -152.5939556489656
 Elapsed time for measurement 0.078321 (sec) 
 Sample-based diagonalization: Energy = -152.5939556489656
 Sample-based diagonalization: density = [1.999990128252449,1.992319653448008,1.991302821094429,1.991655341211379,1.985625679787322,1.985895750607817,1.986424824013114,1.979057772147525,1.984490732904664,1.978710951562849,1.973578296897501,1.98625730648879,1.963718071181155,0.08250623651995509,0.01750259886304954,0.01899283135706168,0.009700287477539961,0.01844980730073055,0.01707903679005041,0.008989640280830043,0.0151984605720761,0.01255377091625888
 Sample-based diagonalization: carryover bitstrings = [], size = 0
