 Elapsed time for helper construction 1.122618 (sec) 
 Elapsed time for init 0.018466 (sec) 
 Elapsed time for makeQChamDiagTerms 15.847616 (sec) 
 Davidson iteration 0.0 (tol=0.4981616809250946): -148.0402095186106
 Davidson iteration 0.1 (tol=0.1207476504290726): -148.1910538010211 -146.7856081139379
 Davidson iteration 0.2 (tol=0.029321639608512): -148.2002085505994 -146.9063140454817 -146.7375615379905
 Davidson iteration 0.3 (tol=0.009022333050434657): -148.20079284147 -147.2863374527485 -146.7507405724611 -146.4263927655504
 Davidson iteration 0.4 (tol=0.002521016832176339): -148.2008458590877 -147.4843005907265 -146.790229169705 -146.4330386661659
 Davidson iteration 0.5 (tol=0.0006961661936615106): -148.2008497197019 -147.5793537418135 -146.8140056361408 -146.7160090939534
 Davidson iteration 0.6 (tol=0.0001899936849642582): -148.2008500068647 -147.6141751238535 -146.8658714703326 -146.7913341959502
 Davidson iteration 0.7 (tol=5.518748657353254e-05): -148.2008500315609 -147.639614990847 -147.252996380574 -146.8164368711722
 Davidson iteration 1.0 (tol=5.518748657240478e-05): -148.2008500315615
 Davidson iteration 1.1 (tol=2.012590750831369e-05): -148.2008500335464 -147.0549189275586
 Davidson iteration 1.2 (tol=8.209354826330756e-06): -148.2008500339355 -147.5705450364634 -146.634262639944
 Elapsed time for davidson 39.596459 (sec) 
 Elapsed time for diagonalization 39.596705 (sec) 
 Elapsed time for mult 0.652481 (sec) 
 Energy = -148.2008500339359
 Elapsed time for measurement 0.138062 (sec) 
 Sample-based diagonalization: Energy = -148.2008500339359
 Sample-based diagonalization: density = [1.999990830929286,1.997321940546135,1.997111101094478,1.99643997902756,1.994998200160323,1.992069354234907,1.992302250525885,1.995595984303697,1.99015097831808,1.970700911579907,1.983825088413388,1.965332424906591,1.923149033665125,1.954564148491522,0.07275333771059574,0.07773648596060581,0.008737993737325173,0.03348838924449513,0.006548435738056151,0.007728822796349092,0.004180458699074453,0.002120410840537156,0.008822343533651135,0.007279704496342969,0.00349129245430303,0.002349111977348309,0.006803178693671258,0.004407807829347582
 Sample-based diagonalization: carryover bitstrings = [], size = 0
