 Elapsed time for helper construction 1.117179 (sec) 
 Elapsed time for init 0.015177 (sec) 
 Elapsed time for makeQChamDiagTerms 12.368863 (sec) 
 Davidson iteration 0.0 (tol=0.6360393384852696): -166.2512657678751
 Davidson iteration 0.1 (tol=0.1593928193256569): -166.4297186485468 -164.3234393136593
 Davidson iteration 0.2 (tol=0.04422037600840707): -166.4399001388354 -164.6610225090222 -164.2279907047241
 Davidson iteration 0.3 (tol=0.009900893613897295): -166.4407189420059 -164.6907945389902 -164.4976201027366 -164.1937519108627
 Davidson iteration 0.4 (tol=0.002734174152775161): -166.440766001121 -165.2066133727205 -164.5011020689203 -164.2212752090854
 Davidson iteration 0.5 (tol=0.0008325616473905677): -166.4407692164898 -165.4605614927319 -164.5385218253408 -164.3209029545036
 Davidson iteration 0.6 (tol=0.0002770379120923226): -166.4407695449121 -165.6532203715505 -164.9139068277675 -164.4119816947907
 Davidson iteration 0.7 (tol=0.0001057529018766352): -166.4407695873261 -165.8740736884653 -165.187437270599 -164.6218114556405
 Davidson iteration 1.0 (tol=0.0001057529018762889): -166.4407695873275
 Davidson iteration 1.1 (tol=4.199690204648754e-05): -166.4407695924427 -165.0854216179618
 Davidson iteration 1.2 (tol=2.118838663558943e-05): -166.4407695938306 -165.8506090710344 -164.5484566028903
 Davidson iteration 1.3 (tol=7.067620738599444e-06): -166.440769594045 -166.0281469813725 -164.7324208285915 -163.89463008667
 Elapsed time for davidson 38.18069 (sec) 
 Elapsed time for diagonalization 38.18087 (sec) 
 Elapsed time for mult 0.841872 (sec) 
 Energy = -166.4407695940427
 Elapsed time for measurement 0.111458 (sec) 
 Sample-based diagonalization: Energy = -166.4407695940427
 Sample-based diagonalization: density = [1.999976585950128,1.994941714749928,1.993739032656995,1.993592942723384,1.988164972303169,1.987813836962915,1.986736681490289,1.982950771462141,1.986356199733351,1.984019654146736,1.972399634146243,1.996195342193166,1.986806324754623,1.957148279785537,0.07302233870445871,0.02063118074933516,0.01590636584351709,0.003994285994539326,0.00851531787406754,0.01078042740639516,0.01447666272880969,0.01298577335798776,0.01499861907716895,0.01384705491973242
 Sample-based diagonalization: carryover bitstrings = [], size = 0
