 Elapsed time for helper construction 0.274207 (sec) 
 Elapsed time for init 0.002666 (sec) 
 Elapsed time for makeQChamDiagTerms 0.8003279999999999 (sec) 
 Davidson iteration 0.0 (tol=0.6048845095223702): -111.7055416290647
 Davidson iteration 0.1 (tol=0.2721875667767004): -111.85834621159 -109.703526584377
 Davidson iteration 0.2 (tol=0.1246338213962568): -111.8794287614811 -110.1281169192748 -108.6867915111614
 Davidson iteration 0.3 (tol=0.04757527136452532): -111.8837439464899 -110.3460372848585 -108.9289722338811 -108.2063938689866
 Davidson iteration 0.4 (tol=0.02073345556774677): -111.8842981211092 -110.5592490579885 -109.275699467779 -108.5670637553267
 Davidson iteration 0.5 (tol=0.008428686707649105): -111.8844114069083 -110.8329612557302 -109.6277717692799 -108.6451673645419
 Davidson iteration 0.6 (tol=0.004035475011594041): -111.8844316190362 -111.0389071486678 -109.8904677524646 -108.7626516866244
 Davidson iteration 0.7 (tol=0.001752024238232408): -111.8844361188358 -111.187007227166 -110.1664508526248 -109.1567921002477
 Davidson iteration 1.0 (tol=0.001752024238234256): -111.8844361188362
 Davidson iteration 1.1 (tol=0.0008362726168058152): -111.8844368459571 -108.911791423202
 Davidson iteration 1.2 (tol=0.0004609185455490396): -111.8844370889079 -110.6795856395815 -107.497891819626
 Davidson iteration 1.3 (tol=0.0002251085477438094): -111.8844371513402 -111.1947390408629 -108.156774268548 -106.625624575027
 Davidson iteration 1.4 (tol=9.606068664139188e-05): -111.8844371636995 -111.324694247745 -108.1601484504251 -107.9788233000454
 Davidson iteration 1.5 (tol=3.815267716058619e-05): -111.884437166192 -111.4033739118425 -109.317944351803 -108.1592304628521
 Davidson iteration 1.6 (tol=1.640687615314199e-05): -111.8844371665899 -111.4355260413241 -110.0524402086058 -108.5645568114221
 Davidson iteration 1.7 (tol=5.789915729693449e-06): -111.8844371666651 -111.4489407507013 -110.493805949459 -108.6854075320235
 Elapsed time for davidson 9.051311999999999 (sec) 
 Elapsed time for diagonalization 9.051359 (sec) 
 Elapsed time for mult 0.285178 (sec) 
 Energy = -111.884437166665
 Elapsed time for measurement 0.011685 (sec) 
 Sample-based diagonalization: Energy = -111.884437166665
 Sample-based diagonalization: density = [1.999987076011935,1.990093478440359,1.987114171039004,1.980232691510846,1.977707879521308,1.976767023494866,1.962505959376347,1.983959108366945,1.926193778336969,0.1086122140014751,0.02043361308306909,0.02480582863505217,0.02105648874474859,0.02237263965725802,0.018158049749169
 Sample-based diagonalization: carryover bitstrings = [], size = 0
