 Elapsed time for helper construction 1.461507 (sec) 
 Elapsed time for init 0.019371 (sec) 
 Elapsed time for makeQChamDiagTerms 12.989661 (sec) 
 Davidson iteration 0.0 (tol=0.6316775876356689): -125.4391091642896
 Davidson iteration 0.1 (tol=0.1258748000359788): -125.6231455342953 -123.365422933979
 Davidson iteration 0.2 (tol=0.02101713714404862): -125.6288981029719 -123.5958829508416 -122.9028908242401
 Davidson iteration 0.3 (tol=0.005058858203675014): -125.6290636270874 -123.7226871157388 -123.2946541168507 -122.8418749965619
 Davidson iteration 0.4 (tol=0.001329232194291141): -125.6290739599869 -123.9519473551298 -123.4325756051936 -123.0968823341705
 Davidson iteration 0.5 (tol=0.0003172168898953969): -125.6290745782466 -124.1286663618275 -123.522860327118 -123.0989485103741
 Davidson iteration 0.6 (tol=6.772254290678076e-05): -125.6290746111301 -124.1987585234352 -123.5963382946413 -123.2155302614779
 Davidson iteration 0.7 (tol=1.538538160614785e-05): -125.6290746126613 -124.2184720608278 -123.6507545271153 -123.3133756609885
 Davidson iteration 1.0 (tol=1.538538160525006e-05): -125.629074612662
 Davidson iteration 1.1 (tol=4.745861830066844e-06): -125.6290746127415 -123.0158109430912
 Elapsed time for davidson 43.222 (sec) 
 Elapsed time for diagonalization 43.222323 (sec) 
 Elapsed time for mult 1.202589 (sec) 
 Energy = -125.6290746127415
 Elapsed time for measurement 0.120554 (sec) 
 Sample-based diagonalization: Energy = -125.6290746127415
 Sample-based diagonalization: density = [1.999972427773148,1.990357199702043,1.989086907030731,1.987306562664565,1.987133893161183,1.983216462353291,1.981093762722335,1.981487216892831,1.985728587135869,1.978564056726291,1.979824640768298,1.979357841062455,0.008061783712786135,0.01738641989908001,0.01874402789607945,0.01008624799702498,0.01752518156900209,0.01688769621365328,0.01393862795911955,0.01546028891901605,0.01309407652176992,0.01625149666850148,0.01426562968402891,0.01516896466057595
 Sample-based diagonalization: carryover bitstrings = [], size = 0
