 Elapsed time for helper construction 0.957784 (sec) 
 Elapsed time for init 0.017754 (sec) 
 Elapsed time for makeQChamDiagTerms 19.365612 (sec) 
 Davidson iteration 0.0 (tol=0.3352217060293693): -199.6440652828357
 Davidson iteration 0.1 (tol=0.05809303085813197): -199.7351040468021 -198.6623644661306
 Davidson iteration 0.2 (tol=0.01252278238305478): -199.7381150452688 -198.8615926696459 -198.5737014130387
 Davidson iteration 0.3 (tol=0.003150664456986571): -199.7382484673292 -199.0174225999141 -198.6554563672136 -198.507319925316
 Davidson iteration 0.4 (tol=0.0008516789516497424): -199.7382559528413 -199.0888788206621 -198.6743235254649 -198.5208687224773
 Davidson iteration 0.5 (tol=0.0002325749691686097): -199.7382565530146 -199.1490240138157 -198.7144114255233 -198.6710263387635
 Davidson iteration 0.6 (tol=7.200311157413792e-05): -199.7382566044065 -199.2175763661984 -198.943501775026 -198.6725740178459
 Davidson iteration 0.7 (tol=2.158187119129457e-05): -199.7382566095445 -199.2860061158918 -199.0944047690031 -198.7432131939939
 Davidson iteration 1.0 (tol=2.158187119128391e-05): -199.7382566095441
 Davidson iteration 1.1 (tol=7.159839616318626e-06): -199.7382566099351 -198.8655707168377
 Elapsed time for davidson 39.10136 (sec) 
 Elapsed time for diagonalization 39.101644 (sec) 
 Elapsed time for mult 0.551391 (sec) 
 Energy = -199.7382566099371
 Elapsed time for measurement 0.127449 (sec) 
 Sample-based diagonalization: Energy = -199.7382566099371
 Sample-based diagonalization: density = [1.999997470756944,1.99973268594109,1.999229942771856,1.998519007826868,1.9975800666932,1.99790235842487,1.998738756324777,1.997845685369594,1.997862693814978,1.996579963522554,1.992694027574886,1.998639046609108,1.998862873083308,1.981239990455615,1.960434146181436,1.969900997144383,1.927848615006008,0.07739029906813903,0.02485175818793877,0.05097637397121218,0.0152631178127488,0.003145073335360488,0.002547996513877622,0.002202288230995119,0.003325074982188034,0.001101698819712189,0.001246546939512909,0.0008315387113769833,0.0009519701089403907,0.001381638135598079,0.0005080478698972637,0.000668249779887629
 Sample-based diagonalization: carryover bitstrings = [], size = 0
