 Elapsed time for helper construction 1.328054 (sec) 
 Elapsed time for init 0.050349 (sec) 
 Elapsed time for makeQChamDiagTerms 13.323344 (sec) 
 Davidson iteration 0.0 (tol=0.6180901725057928): -124.0387613008348
 Davidson iteration 0.1 (tol=0.1252908066584052): -124.2137550499063 -121.9418285114585
 Davidson iteration 0.2 (tol=0.02085565932571857): -124.2192878284267 -122.1759291452788 -121.3851300949092
 Davidson iteration 0.3 (tol=0.00520911500851432): -124.2194444198665 -122.307764323933 -121.7795153303201 -121.2943720642675
 Davidson iteration 0.4 (tol=0.001442027752505531): -124.219454703012 -122.5112537321278 -121.9753876528472 -121.4011990663016
 Davidson iteration 0.5 (tol=0.0003507718573079941): -124.2194554171399 -122.7099584354324 -122.0975556717419 -121.4396719662942
 Davidson iteration 0.6 (tol=7.66794928705334e-05): -124.2194554568678 -122.8065615967743 -122.1845806561312 -121.6066320789643
 Davidson iteration 0.7 (tol=1.740902237831321e-05): -124.2194554588109 -122.831908468032 -122.2523367149078 -121.8126210762482
 Davidson iteration 1.0 (tol=1.740902237810542e-05): -124.2194554588115
 Davidson iteration 1.1 (tol=5.403024869086278e-06): -124.2194554589101 -121.5014220179728
 Elapsed time for davidson 49.49833599999999 (sec) 
 Elapsed time for diagonalization 49.50143 (sec) 
 Elapsed time for mult 1.605209 (sec) 
 Energy = -124.2194554589083
 Elapsed time for measurement 0.131173 (sec) 
 Sample-based diagonalization: Energy = -124.2194554589083
 Sample-based diagonalization: density = [1.999972625785216,1.990294638929232,1.990566089145501,1.987281480040438,1.985415047915197,1.986616356782804,1.983317177360747,1.98251622469762,1.985906341601914,1.981582547526185,1.980125355649133,1.978373749714982,0.01681360291138907,0.009638755350227613,0.01326203600146235,0.01570536697343811,0.01392104349886509,0.01301371722442852,0.01607797321530754,0.01399659102836007,0.01379692067953009,0.01328638804179275,0.0140026585781532,0.01451731099707484
 Sample-based diagonalization: carryover bitstrings = [], size = 0
