 Elapsed time for helper construction 0.871953 (sec) 
 Elapsed time for init 0.017644 (sec) 
 Elapsed time for makeQChamDiagTerms 14.447049 (sec) 
 Davidson iteration 0.0 (tol=0.3757863922558126): -200.96654221557
 Davidson iteration 0.1 (tol=0.06299697639220971): -201.0489115068908 -199.5391989473091
 Davidson iteration 0.2 (tol=0.01781333008202324): -201.0518128952777 -200.1526280907871 -199.4903371153586
 Davidson iteration 0.3 (tol=0.003731315215021589): -201.0520167523804 -200.2568711439347 -199.6941931613108 -199.3166745882396
 Davidson iteration 0.4 (tol=0.0008718508827647881): -201.0520251119859 -200.4225158177812 -199.7011476352279 -199.4165043550277
 Davidson iteration 0.5 (tol=0.0001948735987489321): -201.0520255231376 -200.4453002997809 -199.7064725535154 -199.6567823924764
 Davidson iteration 0.6 (tol=4.802934831675256e-05): -201.0520255476177 -200.4852316610413 -200.0704059043134 -199.7038369170911
 Davidson iteration 0.7 (tol=1.122411757640231e-05): -201.0520255488778 -200.4856650700377 -200.1159880754502 -199.8374804898901
 Davidson iteration 1.0 (tol=1.122411757762995e-05): -201.052025548879
 Davidson iteration 1.1 (tol=3.567928721038181e-06): -201.0520255489561 -200.1658140565475
 Elapsed time for davidson 36.118178 (sec) 
 Elapsed time for diagonalization 36.119433 (sec) 
 Elapsed time for mult 0.832734 (sec) 
 Energy = -201.0520255489563
 Elapsed time for measurement 0.09762599999999999 (sec) 
 Sample-based diagonalization: Energy = -201.0520255489563
 Sample-based diagonalization: density = [1.99999929286738,1.999080980346808,1.998033302987914,1.999160303291861,1.996363153445775,1.996094689129199,1.993471050019407,1.997499643522516,1.997174996444746,1.996093024039747,1.995726534196028,1.996983960752633,1.998503484152921,1.957932551245402,1.997130502851076,1.958318785320534,0.08421523164313613,0.005393997655257885,0.003722973540952417,0.006310039167470064,0.002004911508964176,0.002036605002648347,0.003286467841857628,0.001817409911104095,0.001275595025826318,0.0008849776849032972,0.004529063711261445,0.006956472581701306
 Sample-based diagonalization: carryover bitstrings = [], size = 0
