 Elapsed time for helper construction 1.441527 (sec) 
 Elapsed time for init 0.02208 (sec) 
 Elapsed time for makeQChamDiagTerms 17.336543 (sec) 
 Davidson iteration 0.0 (tol=0.6646017825604794): -176.3348030440053
 Davidson iteration 0.1 (tol=0.1862032136426728): -176.5244776379659 -174.4212289555097
 Davidson iteration 0.2 (tol=0.05516258901302366): -176.5383830578549 -174.7766973580727 -174.3644978073888
 Davidson iteration 0.3 (tol=0.01420714718115978): -176.5395525313344 -174.8403877844239 -174.3824945421587 -174.2495159288771
 Davidson iteration 0.4 (tol=0.005133242446256449): -176.5396396651484 -175.2624081690626 -174.4310304980058 -174.2526029632104
 Davidson iteration 0.5 (tol=0.001633537497614315): -176.5396530971748 -175.6687726061964 -174.5024863697119 -174.3356480392934
 Davidson iteration 0.6 (tol=0.000526159814592005): -176.5396543499302 -175.8570318167967 -174.7874980635143 -174.4467799358443
 Davidson iteration 0.7 (tol=0.0001649386097331737): -176.5396544608264 -175.8882322307232 -174.8891392536579 -174.7575758865924
 Davidson iteration 1.0 (tol=0.000164938609734107): -176.5396544608287
 Davidson iteration 1.1 (tol=6.337236625797272e-05): -176.5396544716299 -174.953595156376
 Davidson iteration 1.2 (tol=2.179939253133085e-05): -176.5396544736898 -175.3604862600461 -174.4020329649084
 Davidson iteration 1.3 (tol=7.020840951426311e-06): -176.5396544739156 -175.8016131114717 -174.4752222905524 -174.0575593117358
 Elapsed time for davidson 49.957533 (sec) 
 Elapsed time for diagonalization 49.957697 (sec) 
 Elapsed time for mult 1.196661 (sec) 
 Energy = -176.5396544739144
 Elapsed time for measurement 0.137344 (sec) 
 Sample-based diagonalization: Energy = -176.5396544739144
 Sample-based diagonalization: density = [1.999976404137454,1.994527958619876,1.994490350929804,1.992134758751637,1.989165187701984,1.989202960688749,1.987959614997019,1.983920439775761,1.98320579014245,1.985324908692567,1.977808948831689,1.986897215448663,1.994599229064769,1.990683334474133,1.945394773514671,0.08027889407967041,0.00531898959465105,0.01464812001924548,0.01427819924931982,0.01716959963635922,0.01510790391841637,0.01097820097893056,0.003853398795444142,0.0126618328315594,0.01719088860291855,0.0132220962123708
 Sample-based diagonalization: carryover bitstrings = [], size = 0
