 Elapsed time for helper construction 0.491059 (sec) 
 Elapsed time for init 0.004251 (sec) 
 Elapsed time for makeQChamDiagTerms 1.576083 (sec) 
 Davidson iteration 0.0 (tol=0.5227506804026696): -131.820772715428
 Davidson iteration 0.1 (tol=0.2189521474353958): -131.9415609848956 -129.9573375192904
 Davidson iteration 0.2 (tol=0.09151064125687067): -131.956881203785 -130.3950690543435 -129.245733388949
 Davidson iteration 0.3 (tol=0.03237021020835913): -131.9597364107959 -130.567534795904 -129.5073845159588 -129.1561924257284
 Davidson iteration 0.4 (tol=0.01213658059381167): -131.960064785955 -130.7640896636685 -129.7574221400955 -129.25387194995
 Davidson iteration 0.5 (tol=0.003900784294597): -131.9601221106431 -131.0576776374137 -129.9307843431957 -129.5812265713808
 Davidson iteration 0.6 (tol=0.001618925211876259): -131.9601277081279 -131.2085074140431 -130.2289016662915 -129.5895153325369
 Davidson iteration 0.7 (tol=0.0007371134768390553): -131.9601285308513 -131.3025921965162 -130.5572028647484 -129.7247897128409
 Davidson iteration 1.0 (tol=0.0007371134768392511): -131.9601285308516
 Davidson iteration 1.1 (tol=0.0003936924120727869): -131.9601287017059 -130.0903993372848
 Davidson iteration 1.2 (tol=0.0002314384819194096): -131.9601287839575 -131.4241620485671 -127.7843648524426
 Davidson iteration 1.3 (tol=0.0001032974930969065): -131.9601288069778 -131.6534011079808 -129.3020285058074 -127.5108261388256
 Davidson iteration 1.4 (tol=4.797333967351138e-05): -131.9601288107636 -131.7118607591784 -129.6917510052539 -129.1669473385575
 Davidson iteration 1.5 (tol=1.876414528615599e-05): -131.9601288115543 -131.730976640333 -130.4268015107104 -129.2135364650986
 Davidson iteration 1.6 (tol=7.59282725351381e-06): -131.9601288116803 -131.7407535591571 -130.8724306335403 -129.6495825746975
 Elapsed time for davidson 12.624559 (sec) 
 Elapsed time for diagonalization 12.624619 (sec) 
 Elapsed time for mult 0.416945 (sec) 
 Energy = -131.9601288116797
 Elapsed time for measurement 0.018835 (sec) 
 Sample-based diagonalization: Energy = -131.9601288116797
 Sample-based diagonalization: density = [1.999996953933387,1.995903224987864,1.992821976228162,1.992144439156532,1.983631934776535,1.966952255131214,1.980547740328288,1.993899769820583,1.983579257513702,1.933911392782399,0.1057621987251617,0.01173511083941464,0.01884115961494709,0.002221428700427706,0.01948194759032436,0.01856920976959035
 Sample-based diagonalization: carryover bitstrings = [], size = 0
