 Elapsed time for helper construction 1.26604 (sec) 
 Elapsed time for init 0.019736 (sec) 
 Elapsed time for makeQChamDiagTerms 11.679401 (sec) 
 Davidson iteration 0.0 (tol=0.6586215507542627): -153.8609375051906
 Davidson iteration 0.1 (tol=0.2682839456216097): -154.0425869474941 -151.8732258384454
 Davidson iteration 0.2 (tol=0.09682739707968933): -154.0670710466138 -152.2717504787691 -151.3781623847023
 Davidson iteration 0.3 (tol=0.03190764937699089): -154.0704446456844 -152.5555164778748 -151.4597072243655 -151.1958981346986
 Davidson iteration 0.4 (tol=0.01522566426934775): -154.0708811535241 -153.048272869224 -151.7024189112206 -151.3842807288721
 Davidson iteration 0.5 (tol=0.006419597297200905): -154.0709756512298 -153.380648921835 -151.970767904231 -151.4771710870775
 Davidson iteration 0.6 (tol=0.002651922201913006): -154.070991164885 -153.4689905831471 -152.1915031012211 -151.6359917075882
 Davidson iteration 0.7 (tol=0.001054924592239179): -154.0709936799125 -153.506204640838 -152.5048075742122 -151.8079271324789
 Davidson iteration 1.0 (tol=0.001054924592233394): -154.0709936799129
 Davidson iteration 1.1 (tol=0.0004655915255488437): -154.0709940426093 -151.8806285763317
 Davidson iteration 1.2 (tol=0.0002296260091240924): -154.0709941462877 -152.8896996728746 -151.504913817405
 Davidson iteration 1.3 (tol=9.585619392491145e-05): -154.070994167404 -153.2409855744481 -151.6025552295844 -151.2175763771442
 Davidson iteration 1.4 (tol=4.126928588684901e-05): -154.0709941708625 -153.4297454846972 -151.7957351801594 -151.3853844466005
 Davidson iteration 1.5 (tol=1.778421447184354e-05): -154.0709941716023 -153.5522056514815 -152.531783598499 -151.6862766944055
 Davidson iteration 1.6 (tol=6.924708534972604e-06): -154.0709941717188 -153.6115507844987 -152.8161558612022 -151.7493008795313
 Elapsed time for davidson 56.398802 (sec) 
 Elapsed time for diagonalization 56.40093899999999 (sec) 
 Elapsed time for mult 1.333282 (sec) 
 Energy = -154.0709941717194
 Elapsed time for measurement 0.109688 (sec) 
 Sample-based diagonalization: Energy = -154.0709941717194
 Sample-based diagonalization: density = [1.999974420597626,1.994845290754284,1.994769302237477,1.990346304279204,1.985001571993768,1.983918601756626,1.98202084499989,1.989143216633171,1.981832520971762,1.96780352257288,1.98166552664984,1.990529343290412,1.920922346804532,0.1082203522133608,0.008448564029684689,0.005082701078550099,0.01635069361414491,0.01375883357248042,0.02262250271342247,0.01805574126542293,0.02344014168306965,0.02124765584898724
 Sample-based diagonalization: carryover bitstrings = [], size = 0
