 Elapsed time for helper construction 5.342331 (sec) 
 Elapsed time for init 0.152411 (sec) 
 Elapsed time for makeQChamDiagTerms 43.339993 (sec) 
 Davidson iteration 0.0 (tol=0.7136821998168006): -164.1477175830948
 Davidson iteration 0.1 (tol=0.3324450692234311): -164.3522269087626 -161.9900983537461
 Davidson iteration 0.2 (tol=0.160322159883984): -164.3827766912129 -162.4544468818232 -160.9419483349251
 Davidson iteration 0.3 (tol=0.05975195072989465): -164.3896431617793 -162.7157916915247 -161.19956687012 -160.5057397811112
 Davidson iteration 0.4 (tol=0.02582767747581039): -164.3905673196955 -162.9451207731031 -161.5536120903647 -160.8338203608784
 Davidson iteration 0.5 (tol=0.0110713485692859): -164.3907738826342 -163.3025117113256 -162.0943592535895 -160.9315634390275
 Davidson iteration 0.6 (tol=0.005316220871852562): -164.3908134854295 -163.5405779232393 -162.3507699626433 -161.1234972383591
 Davidson iteration 0.7 (tol=0.002595701598417332): -164.3908223794146 -163.7074293478535 -162.6478520606515 -161.7107086933135
 Davidson iteration 1.0 (tol=0.002595701598416527): -164.3908223794117
 Davidson iteration 1.1 (tol=0.001352188733975053): -164.390824115905 -161.5132164125282
 Davidson iteration 1.2 (tol=0.0008399061796405948): -164.3908248785018 -163.3766480453101 -159.8974938705375
 Davidson iteration 1.3 (tol=0.0004434122947514456): -164.3908251062139 -163.8045899637085 -161.1554837714915 -158.7470044279651
 Davidson iteration 1.4 (tol=0.0001974145061962754): -164.3908251590709 -163.9133789084869 -161.2993338540863 -160.6880375640273
 Davidson iteration 1.5 (tol=8.734580573861148e-05): -164.3908251707185 -163.9704703753778 -162.2461940769848 -161.0669536276087
 Davidson iteration 1.6 (tol=4.070136521402144e-05): -164.3908251727671 -163.9927729647895 -162.8223026271253 -161.2419886686
 Davidson iteration 1.7 (tol=1.587506053330198e-05): -164.3908251732487 -164.0047832866936 -163.1966555213166 -161.2444191361131
 Davidson iteration 2.0 (tol=1.587506024266758e-05): -164.3908251732524
 Davidson iteration 2.1 (tol=8.727978843278153e-06): -164.3908251733239 -162.1059712834376
 Elapsed time for davidson 530.664753 (sec) 
 Elapsed time for diagonalization 530.664806 (sec) 
 Elapsed time for mult 20.446107 (sec) 
 Energy = -164.3908251733217
 Elapsed time for measurement 72.36979599999999 (sec) 
 Sample-based diagonalization: Energy = -164.3908251733217
 Sample-based diagonalization: density = [1.999968719399019,1.993120150036331,1.991532805785636,1.988807157562191,1.985114713918248,1.984118867393253,1.980472061855755,1.976374693581991,1.979378019908007,1.978181558223107,1.979763576508854,1.974689163269856,1.979634308160121,1.936676224270819,0.1025656396789064,0.02032120662831645,0.01530645059137982,0.02040597241656163,0.01836693815512829,0.007197130416158543,0.01105448801228942,0.01473614744740448,0.02123326538332965,0.02102789789249093,0.01995284326920924
 Sample-based diagonalization: carryover bitstrings = [], size = 0
 Elapse time for dumping one-particle rdm = 0.001195
 Elapse time for dumping two-particle rdm = 0.348193
 Zero-Body energy = 0
 One-Body energy = -288.2616458947138
 Two-Body energy = 123.8708207229193
 One-Body + Two-Body energy = -164.3908251717945
 Zero-Body + One-Body + Two-Body energy = -164.3908251717945
