 Elapsed time for helper construction 0.9139809999999999 (sec) 
 Elapsed time for init 0.01493 (sec) 
 Elapsed time for makeQChamDiagTerms 11.862073 (sec) 
 Davidson iteration 0.0 (tol=0.4578311353950235): -179.7521760775852
 Davidson iteration 0.1 (tol=0.09638601384123147): -179.8522817509498 -178.065773603723
 Davidson iteration 0.2 (tol=0.02297521915008165): -179.8568957325975 -178.5366064413751 -177.9813341493074
 Davidson iteration 0.3 (tol=0.005066378223614896): -179.8571712506945 -178.6402831590409 -178.2847671998981 -177.8379539552795
 Davidson iteration 0.4 (tol=0.001690657088950491): -179.8571868123134 -179.1064956474274 -178.3247768192696 -177.9889567075871
 Davidson iteration 0.5 (tol=0.0004732348757424179): -179.8571883727795 -179.1752808986282 -178.5860638887959 -178.1481503193545
 Davidson iteration 0.6 (tol=9.890193354180536e-05): -179.8571884781203 -179.2279934098332 -178.6009842877554 -178.3489816672642
 Davidson iteration 0.7 (tol=2.645925707028501e-05): -179.8571884832377 -179.258231685696 -178.7920758379184 -178.6006206930625
 Davidson iteration 1.0 (tol=2.645925706995019e-05): -179.8571884832361
 Davidson iteration 1.1 (tol=7.975138959451243e-06): -179.8571884836192 -178.5520016941744
 Elapsed time for davidson 29.170452 (sec) 
 Elapsed time for diagonalization 29.1706 (sec) 
 Elapsed time for mult 0.665211 (sec) 
 Energy = -179.8571884836206
 Elapsed time for measurement 0.093081 (sec) 
 Sample-based diagonalization: Energy = -179.8571884836206
 Sample-based diagonalization: density = [1.999986945663849,1.997444535185185,1.997312620895031,1.996948597397457,1.993551526972215,1.996112664601461,1.995848807634495,1.99613775579086,1.994936843720756,1.990828285184817,1.993167169088323,1.98134365491751,1.997735242875557,1.995174134337429,1.946979048836767,0.0797223067860498,0.002252522242160754,0.006307961436089057,0.002654582527084453,0.001367227275008608,0.002763157764384354,0.003216828511443915,0.001792189487611785,0.00547636519091898,0.008994425481745144,0.01194460003102532
 Sample-based diagonalization: carryover bitstrings = [], size = 0
