 Elapsed time for helper construction 0.488316 (sec) 
 Elapsed time for init 0.014602 (sec) 
 Elapsed time for makeQChamDiagTerms 2.342732 (sec) 
 Davidson iteration 0.0 (tol=0.5338838454988549): -89.31603532319244
 Davidson iteration 0.1 (tol=0.1822914271853362): -89.44316813944052 -87.17379015751587
 Davidson iteration 0.2 (tol=0.04390708555795494): -89.45391072766397 -87.59684441200119 -86.083443831964
 Davidson iteration 0.3 (tol=0.01148516759540203): -89.45444060294089 -87.69174638011522 -86.52638877354305 -85.76316661882908
 Davidson iteration 0.4 (tol=0.0032700111346074): -89.45447888333364 -87.76670164479081 -86.92143794004299 -86.04220092577064
 Davidson iteration 0.5 (tol=0.001054812593868393): -89.45448202732995 -87.86794758267257 -87.29778353497781 -86.10933872706485
 Davidson iteration 0.6 (tol=0.0002952991828296272): -89.45448233577547 -87.96283969807028 -87.49942624382595 -86.47724562785994
 Davidson iteration 0.7 (tol=8.066786511117624e-05): -89.454482360559 -88.01753133290161 -87.61793452066186 -86.79119208128546
 Davidson iteration 1.0 (tol=8.066786511108038e-05): -89.45448236055917
 Davidson iteration 1.1 (tol=2.889291331834426e-05): -89.45448236214061 -85.9495913519774
 Davidson iteration 1.2 (tol=9.838714525654967e-06): -89.45448236240911 -87.39091333016259 -84.81758214914035
 Elapsed time for davidson 17.24485 (sec) 
 Elapsed time for diagonalization 17.24504 (sec) 
 Elapsed time for mult 0.6487999999999999 (sec) 
 Energy = -89.45448236240885
 Elapsed time for measurement 0.033228 (sec) 
 Sample-based diagonalization: Energy = -89.45448236240885
 Sample-based diagonalization: density = [1.999965332530944,1.988749769983755,1.986062484794396,1.988968975731542,1.979628023406309,1.979860724067373,1.977446822949342,1.977163030416197,1.97828931921772,0.01259044051090833,0.02127423040140464,0.02107820309241175,0.01874504012243279,0.0174165966581762,0.01889338132817313,0.0170024009229191,0.01686522376770616
 Sample-based diagonalization: carryover bitstrings = [], size = 0
