 Elapsed time for helper construction 0.619154 (sec) 
 Elapsed time for init 0.008218 (sec) 
 Elapsed time for makeQChamDiagTerms 2.796882 (sec) 
 Davidson iteration 0.0 (tol=0.5626863625746829): -124.2170565739646
 Davidson iteration 0.1 (tol=0.2116899473069463): -124.3439880376271 -122.0154568156331
 Davidson iteration 0.2 (tol=0.07897569398322604): -124.3575946622299 -122.5459453197518 -121.5424223952125
 Davidson iteration 0.3 (tol=0.02471225677845309): -124.3594355586422 -122.735177721878 -121.5638517433169 -121.3735929988562
 Davidson iteration 0.4 (tol=0.01012205197639193): -124.3596193335571 -123.0360551663726 -121.914795623967 -121.4545425094384
 Davidson iteration 0.5 (tol=0.003583573908049152): -124.3596556945779 -123.3947380293609 -122.1957130985524 -121.8469887434219
 Davidson iteration 0.6 (tol=0.001213832843509806): -124.3596597142447 -123.5488424682925 -122.3212443826279 -122.1391617871379
 Davidson iteration 0.7 (tol=0.0004720132280455455): -124.3596601252543 -123.6331517866293 -122.6017120703396 -122.156551044212
 Davidson iteration 1.0 (tol=0.0004720132280428892): -124.3596601252538
 Davidson iteration 1.1 (tol=0.0001991186805321355): -124.3596601760047 -121.0583919995887
 Davidson iteration 1.2 (tol=8.709411274891878e-05): -124.3596601901925 -123.1756872747829 -119.7707327028843
 Davidson iteration 1.3 (tol=3.764600003576834e-05): -124.3596601924425 -123.6533873321684 -120.9710052004199 -118.6139350186472
 Davidson iteration 1.4 (tol=1.391094148373153e-05): -124.3596601928375 -123.7904641726927 -121.1175573251032 -120.9709598627987
 Davidson iteration 1.5 (tol=5.179893869355406e-06): -124.3596601929013 -123.8825989516386 -122.4778921812242 -120.9733510296102
 Elapsed time for davidson 20.774115 (sec) 
 Elapsed time for diagonalization 20.774213 (sec) 
 Elapsed time for mult 0.6551359999999999 (sec) 
 Energy = -124.3596601929013
 Elapsed time for measurement 0.037168 (sec) 
 Sample-based diagonalization: Energy = -124.3596601929013
 Sample-based diagonalization: density = [1.999986439821035,1.99309860944307,1.988418391793485,1.983930484483108,1.98382346674328,1.981361327783948,1.981680752148071,1.978185122932931,1.97953951045408,1.981490037564645,0.05597641136296627,0.01923991112064373,0.01364141829651973,0.01825895542507459,0.01561566158471484,0.01417765621269623,0.01157584264526293
 Sample-based diagonalization: carryover bitstrings = [], size = 0
