 Elapsed time for helper construction 0.45271 (sec) 
 Elapsed time for init 0.01759 (sec) 
 Elapsed time for makeQChamDiagTerms 0.809194 (sec) 
 Davidson iteration 0.0 (tol=0.6007984347887787): -109.6168715193232
 Davidson iteration 0.1 (tol=0.2657070755365532): -109.7660809001997 -107.5830025182832
 Davidson iteration 0.2 (tol=0.1205518156306888): -109.7861536501607 -108.0210559131471 -106.6139511764769
 Davidson iteration 0.3 (tol=0.04535337221692341): -109.7901537048205 -108.2377729956702 -106.8259007036976 -106.1268534610236
 Davidson iteration 0.4 (tol=0.01962242782959481): -109.7906447561344 -108.43131171717 -107.1081568845759 -106.5118963683491
 Davidson iteration 0.5 (tol=0.007694063650123906): -109.7907465590976 -108.6935833547366 -107.4499010324048 -106.5801806108229
 Davidson iteration 0.6 (tol=0.003609112755922933): -109.7907622897779 -108.8834727780221 -107.7067885774912 -106.6250161738656
 Davidson iteration 0.7 (tol=0.001471943893424761): -109.7907656764672 -109.0133270446788 -107.9594946214279 -107.0016562874352
 Davidson iteration 1.0 (tol=0.001471943893426178): -109.7907656764671
 Davidson iteration 1.1 (tol=0.0007287522661276152): -109.7907661928602 -106.9581842679693
 Davidson iteration 1.2 (tol=0.0003892636582761079): -109.7907663715315 -108.5531674237757 -104.6979708294976
 Davidson iteration 1.3 (tol=0.0001804485021552824): -109.7907664182487 -109.0861265901847 -105.9712532208588 -104.3737023118521
 Davidson iteration 1.4 (tol=8.002976314452117e-05): -109.790766426178 -109.2259476141294 -106.1311883510323 -105.6751397346077
 Davidson iteration 1.5 (tol=3.210966819594921e-05): -109.7907664278584 -109.2915120713378 -107.3427298821599 -105.9805722226707
 Davidson iteration 1.6 (tol=1.458338642576074e-05): -109.7907664281685 -109.3430855944188 -108.1672790325409 -106.5441858931745
 Davidson iteration 1.7 (tol=5.994470399072793e-06): -109.7907664282365 -109.365615997002 -108.6418691808973 -106.8348906586826
 Elapsed time for davidson 8.702510999999999 (sec) 
 Elapsed time for diagonalization 8.702589 (sec) 
 Elapsed time for mult 0.301488 (sec) 
 Energy = -109.7907664282361
 Elapsed time for measurement 0.010223 (sec) 
 Sample-based diagonalization: Energy = -109.7907664282361
 Sample-based diagonalization: density = [1.9999869738915,1.990129803095836,1.987374390897115,1.980829315579037,1.979267511925789,1.977892082311401,1.965073955995835,1.984948754768967,1.929233530951945,0.1029844855732735,0.02151912653954387,0.02112544222401731,0.02070514800787925,0.02107892137524017,0.01785055683421888
 Sample-based diagonalization: carryover bitstrings = [], size = 0
