 Elapsed time for helper construction 0.9308329999999999 (sec) 
 Elapsed time for init 0.031149 (sec) 
 Elapsed time for makeQChamDiagTerms 7.910075 (sec) 
 Davidson iteration 0.0 (tol=0.6468535815874608): -153.5995858126838
 Davidson iteration 0.1 (tol=0.2392321815704914): -153.7792482825498 -151.5790569028941
 Davidson iteration 0.2 (tol=0.09034800757286141): -153.7975262821503 -151.9331647305449 -150.9548759854123
 Davidson iteration 0.3 (tol=0.02981789250250698): -153.8002226313029 -152.1818133669171 -151.0576643127134 -150.6831210524638
 Davidson iteration 0.4 (tol=0.01287115833391162): -153.8005276673602 -152.5022931967714 -151.3013262832264 -150.974730465066
 Davidson iteration 0.5 (tol=0.005138445042415244): -153.8005926784681 -152.9135195337282 -151.5984281946538 -151.0289923395901
 Davidson iteration 0.6 (tol=0.002039466429208279): -153.8006017454266 -153.0697100469097 -151.8084952618036 -151.1069841162345
 Davidson iteration 0.7 (tol=0.0007993649319216351): -153.8006032684814 -153.1360743174956 -152.1208573404602 -151.3993172476125
 Davidson iteration 1.0 (tol=0.0007993649319251745): -153.8006032684836
 Davidson iteration 1.1 (tol=0.0003855402005727483): -153.8006034673261 -151.2764047127745
 Davidson iteration 1.2 (tol=0.000181184217741773): -153.8006035300259 -152.7063061596889 -149.2512076022768
 Davidson iteration 1.3 (tol=6.880922475534774e-05): -153.8006035415978 -153.0560880787327 -150.7945922430598 -148.8069792101169
 Davidson iteration 1.4 (tol=2.795741941329856e-05): -153.8006035431496 -153.1693003798291 -151.2166337534325 -150.5640899450238
 Davidson iteration 1.5 (tol=1.165939895009048e-05): -153.8006035434442 -153.2557238004442 -152.1697836800615 -150.7479825651643
 Davidson iteration 1.6 (tol=4.838066490334349e-06): -153.8006035434931 -153.3176866848825 -152.5845191970826 -151.1009252568983
 Elapsed time for davidson 43.555165 (sec) 
 Elapsed time for diagonalization 43.566233 (sec) 
 Elapsed time for mult 0.910922 (sec) 
 Energy = -153.8006035434929
 Elapsed time for measurement 0.072404 (sec) 
 Sample-based diagonalization: Energy = -153.8006035434929
 Sample-based diagonalization: density = [1.999989363844648,1.991772189932089,1.991589093546469,1.990313932361279,1.986874582029898,1.984580778129765,1.994618235824118,1.98256027099207,1.981937843933668,1.98213435935093,1.961837013514105,1.987682700244765,1.946131986988421,0.09179664481845087,0.01888314144053509,0.01538618523533209,0.01890342584209334,0.01303030402192553,0.01794140083777454,0.00967924725801755,0.01730931129281491,0.01504798822104659
 Sample-based diagonalization: carryover bitstrings = [], size = 0
