 Elapsed time for helper construction 1.296342 (sec) 
 Elapsed time for init 0.04805599999999999 (sec) 
 Elapsed time for makeQChamDiagTerms 19.953567 (sec) 
 Davidson iteration 0.0 (tol=0.6128117782328704): -191.6892948561034
 Davidson iteration 0.1 (tol=0.1291639157988321): -191.8803206120896 -190.2494979719669
 Davidson iteration 0.2 (tol=0.03122223604202093): -191.8889193075808 -190.3523153330268 -190.2485981228649
 Davidson iteration 0.3 (tol=0.009670471732656926): -191.889402803893 -190.5811414074523 -190.2698134704582 -189.988330268845
 Davidson iteration 0.4 (tol=0.003145326187780974): -191.88945398095 -190.8590809361618 -190.3237503062543 -190.0035837917902
 Davidson iteration 0.5 (tol=0.000938874581096747): -191.8894592215478 -191.0793438223296 -190.3288447719656 -190.0036066967614
 Davidson iteration 0.6 (tol=0.0003154844097600372): -191.889459695436 -191.2290870817502 -190.3493914923172 -190.3147376345188
 Davidson iteration 0.7 (tol=0.0001237419579136203): -191.8894597567856 -191.3666768059632 -190.7322188132887 -190.3317964580355
 Davidson iteration 1.0 (tol=0.0001237419579147116): -191.8894597567864
 Davidson iteration 1.1 (tol=5.1253210070691e-05): -191.8894597654816 -190.5811296544603
 Davidson iteration 1.2 (tol=2.522006686133199e-05): -191.8894597679449 -191.3714280963353 -189.8349408474818
 Davidson iteration 1.3 (tol=7.952678322143207e-06): -191.8894597682715 -191.51548281934 -190.0023026329254 -189.5715192926399
 Elapsed time for davidson 55.740568 (sec) 
 Elapsed time for diagonalization 55.742645 (sec) 
 Elapsed time for mult 1.521938 (sec) 
 Energy = -191.8894597682702
 Elapsed time for measurement 0.157072 (sec) 
 Sample-based diagonalization: Energy = -191.8894597682702
 Sample-based diagonalization: density = [1.999980913965918,1.995426935485477,1.996466097398535,1.995283945070773,1.992148363767168,1.994584878792795,1.98921492279835,1.986716485894716,1.988882058935962,1.99282604386653,1.986196419574603,1.993976448049337,1.985429490842597,1.982546235725328,1.933047387388459,1.936657679967303,0.06863186381563097,0.06955664831798788,0.03058934090352121,0.01022918884161673,0.007016721907612704,0.008359081769699291,0.007661344462601492,0.01031412951398365,0.008343157405660055,0.008993366400620248,0.004815027433158345,0.008522131146740011,0.007583690331163878
 Sample-based diagonalization: carryover bitstrings = [], size = 0
