 Elapsed time for helper construction 0.973861 (sec) 
 Elapsed time for init 0.031563 (sec) 
 Elapsed time for makeQChamDiagTerms 10.138851 (sec) 
 Davidson iteration 0.0 (tol=0.6320114662182327): -138.9560700586217
 Davidson iteration 0.1 (tol=0.1740732232649958): -139.1360892534543 -136.941571677349
 Davidson iteration 0.2 (tol=0.05284540389243723): -139.1461244928329 -137.2003461473084 -136.3730886043879
 Davidson iteration 0.3 (tol=0.01346157377624906): -139.1470843461068 -137.3176140935628 -136.6220735827225 -136.3374958882708
 Davidson iteration 0.4 (tol=0.004226776344821716): -139.1471589771106 -137.6682948672337 -136.8478236376806 -136.5146904176401
 Davidson iteration 0.5 (tol=0.001321899039229802): -139.1471651836098 -137.9207201303294 -136.9986918840901 -136.6390031185468
 Davidson iteration 0.6 (tol=0.0003556156891847331): -139.1471658410839 -138.0540677965233 -137.1394905636744 -136.7192565824785
 Davidson iteration 0.7 (tol=0.0001139966299061802): -139.1471658947524 -138.1993615684345 -137.5083197404936 -136.8769214458796
 Davidson iteration 1.0 (tol=0.0001139966299048672): -139.1471658947552
 Davidson iteration 1.1 (tol=4.948260379897355e-05): -139.14716590043 -137.5819217206204
 Davidson iteration 1.2 (tol=2.401922360816292e-05): -139.1471659020389 -138.5413912806549 -136.0663565542065
 Davidson iteration 1.3 (tol=9.197409698041989e-06): -139.1471659022861 -138.7325078837949 -136.5716013765948 -135.9528085733083
 Elapsed time for davidson 42.276032 (sec) 
 Elapsed time for diagonalization 42.276486 (sec) 
 Elapsed time for mult 0.9619559999999999 (sec) 
 Energy = -139.1471659022846
 Elapsed time for measurement 0.084854 (sec) 
 Sample-based diagonalization: Energy = -139.1471659022846
 Sample-based diagonalization: density = [1.999975277734566,1.99235750651954,1.991387256282039,1.992119759628111,1.987125083378867,1.983594194347289,1.982363591714388,1.984274155670938,1.9833456537711,1.980482491675169,1.954296621751246,1.988378216923336,1.990280323164089,0.04897515490916285,0.007613752440194561,0.02153095168321072,0.02093074391199348,0.01602768419519263,0.0127904419095326,0.01020121749255559,0.01199186965675911,0.01516195947466571,0.01237075047194965,0.01242534097833116
 Sample-based diagonalization: carryover bitstrings = [], size = 0
