 Elapsed time for helper construction 1.098265 (sec) 
 Elapsed time for init 0.029631 (sec) 
 Elapsed time for makeQChamDiagTerms 8.754113 (sec) 
 Davidson iteration 0.0 (tol=0.5883654863680785): -134.4541454362064
 Davidson iteration 0.1 (tol=0.148557764148386): -134.6099683594256 -132.35528084806
 Davidson iteration 0.2 (tol=0.03967206981707987): -134.6173978178923 -132.6863487337217 -131.8326283922989
 Davidson iteration 0.3 (tol=0.0108908830389143): -134.6178992793258 -132.7633051354831 -131.900621051689 -131.8189590960255
 Davidson iteration 0.4 (tol=0.003582832316059017): -134.6179413182703 -133.0255165200736 -132.2961797890156 -131.8349823829855
 Davidson iteration 0.5 (tol=0.001248746528747994): -134.6179461472159 -133.4784065928085 -132.550692043856 -131.9918600987995
 Davidson iteration 0.6 (tol=0.0004176336818263793): -134.6179466970232 -133.7070296179997 -132.6653023755764 -132.000917314443
 Davidson iteration 0.7 (tol=0.0001447781869681165): -134.6179467566918 -133.8250822046312 -132.8081532904534 -132.2511272516444
 Davidson iteration 1.0 (tol=0.0001447781869682152): -134.6179467566929
 Davidson iteration 1.1 (tol=6.14333192373726e-05): -134.6179467633294 -132.3231192868028
 Davidson iteration 1.2 (tol=2.495769479581286e-05): -134.617946765011 -133.5824927611741 -130.6245680780614
 Davidson iteration 1.3 (tol=9.021364820188802e-06): -134.6179467652336 -133.8941981662147 -131.6006099137675 -130.3959773239645
 Elapsed time for davidson 41.244466 (sec) 
 Elapsed time for diagonalization 41.244675 (sec) 
 Elapsed time for mult 1.393985 (sec) 
 Energy = -134.6179467652317
 Elapsed time for measurement 0.08974399999999999 (sec) 
 Sample-based diagonalization: Energy = -134.6179467652317
 Sample-based diagonalization: density = [1.999971486948495,1.992901519075777,1.991029487698274,1.986581135169504,1.984366639092039,1.982407154196586,1.980704429382197,1.978683570839836,1.979849970039235,1.982799264313437,1.992132899378785,1.990074567019169,0.004395037660998082,0.02581964493380506,0.0204289541639196,0.01941155872010794,0.02051544456461237,0.01434383580106339,0.02088610052457977,0.01589544898194171,0.01680185116053225
 Sample-based diagonalization: carryover bitstrings = [], size = 0
