 Elapsed time for helper construction 0.383017 (sec) 
 Elapsed time for init 0.003966 (sec) 
 Elapsed time for makeQChamDiagTerms 0.852985 (sec) 
 Davidson iteration 0.0 (tol=0.6130828086732854): -92.60463830034172
 Davidson iteration 0.1 (tol=0.2672580441007505): -92.77205625271668 -90.7212359321712
 Davidson iteration 0.2 (tol=0.1187977935749932): -92.793767684011 -91.07929320390916 -89.60984052935105
 Davidson iteration 0.3 (tol=0.04576463074902567): -92.79747072203074 -91.20059905832518 -89.92143470137665 -89.2546529656809
 Davidson iteration 0.4 (tol=0.01678139973647069): -92.79801223058567 -91.34528403167087 -90.17248515011966 -89.30870018326473
 Davidson iteration 0.5 (tol=0.006415946205025417): -92.79807560512978 -91.45559419057123 -90.40720897645957 -89.76035556102643
 Davidson iteration 0.6 (tol=0.002460642564445019): -92.7980860519766 -91.54348802374253 -90.64964171590901 -89.7658345000762
 Davidson iteration 0.7 (tol=0.0009245953532456206): -92.79808744733174 -91.61834955327862 -90.84414595237841 -89.93110021276406
 Davidson iteration 1.0 (tol=0.000924595353242743): -92.7980874473317
 Davidson iteration 1.1 (tol=0.0004096197150707622): -92.79808763845919 -89.67877953850521
 Davidson iteration 1.2 (tol=0.0001708578131318905): -92.79808768919293 -91.0048710467706 -88.14541959002042
 Davidson iteration 1.3 (tol=7.665588246661819e-05): -92.79808769730492 -91.5384019075494 -89.38380977651452 -87.47431977630177
 Davidson iteration 1.4 (tol=2.867913221633589e-05): -92.7980876987106 -91.78571923856764 -89.40546807790979 -88.69071420041199
 Davidson iteration 1.5 (tol=1.090134797733396e-05): -92.79808769892927 -91.90336351139894 -89.90492370354701 -89.37330875962603
 Davidson iteration 1.6 (tol=4.417836389121004e-06): -92.79808769896169 -91.9466170162226 -90.83110791793808 -89.80691606702867
 Elapsed time for davidson 18.056737 (sec) 
 Elapsed time for diagonalization 18.056993 (sec) 
 Elapsed time for mult 0.524623 (sec) 
 Energy = -92.7980876989615
 Elapsed time for measurement 0.019681 (sec) 
 Sample-based diagonalization: Energy = -92.7980876989615
 Sample-based diagonalization: density = [1.999965807737138,1.988397696568174,1.984726572198815,1.980705200661394,1.978790770618918,1.968914051783996,1.974331818570578,1.904343880589519,1.983779398906032,0.1020322664259548,0.02382785707959028,0.0266063220286706,0.0243420272062381,0.02099886235931847,0.01966791202377313,0.018569555212169
 Sample-based diagonalization: carryover bitstrings = [], size = 0
