 Elapsed time for helper construction 1.039038 (sec) 
 Elapsed time for init 0.041476 (sec) 
 Elapsed time for makeQChamDiagTerms 14.952487 (sec) 
 Davidson iteration 0.0 (tol=0.5286307326162284): -177.9300127654545
 Davidson iteration 0.1 (tol=0.1173344174995985): -178.0651701431933 -176.2022559791232
 Davidson iteration 0.2 (tol=0.03125381332784387): -178.0720459981897 -176.6728825254942 -176.1549893523236
 Davidson iteration 0.3 (tol=0.007522316548566732): -178.0725142263089 -176.7105232729106 -176.3589004651734 -176.0880912792996
 Davidson iteration 0.4 (tol=0.002394195834884821): -178.0725423880995 -176.968571313378 -176.40924748242 -176.0972013491583
 Davidson iteration 0.5 (tol=0.0006607256754094451): -178.0725455052653 -177.2167764735554 -176.4283942578569 -176.3231545546442
 Davidson iteration 0.6 (tol=0.0002199555354202422): -178.0725457602164 -177.4212995424429 -176.7482859456903 -176.3235392628155
 Davidson iteration 0.7 (tol=8.840067416369214e-05): -178.0725457911549 -177.5361357293939 -177.1045818075766 -176.5526857077129
 Davidson iteration 1.0 (tol=8.84006741589808e-05): -178.0725457911558
 Davidson iteration 1.1 (tol=3.614541257180795e-05): -178.0725457957257 -177.0450685120261
 Davidson iteration 1.2 (tol=1.672997688098141e-05): -178.0725457969187 -177.6054537245097 -176.4974284794577
 Davidson iteration 1.3 (tol=4.811076750366973e-06): -178.0725457970695 -177.7333993991188 -176.6363825512135 -175.9498290308342
 Elapsed time for davidson 44.712369 (sec) 
 Elapsed time for diagonalization 44.712498 (sec) 
 Elapsed time for mult 1.189283 (sec) 
 Energy = -178.0725457970687
 Elapsed time for measurement 0.147439 (sec) 
 Sample-based diagonalization: Energy = -178.0725457970687
 Sample-based diagonalization: density = [1.999988039416533,1.995483791992599,1.996249558550114,1.995282591239135,1.993986190526942,1.994850456289612,1.994105209478618,1.988320302823718,1.986643287744016,1.99153213923088,1.988710864389352,1.972875489612304,1.996025246522133,1.989902818833348,1.955281420891934,0.07823217475372356,0.009258240465764608,0.009059600857586659,0.007663885174769939,0.009996259275943591,0.001505426507407118,0.01114080668718037,0.004590704044427034,0.007147237339752418,0.003426187490875443,0.009511194621059097,0.009230875048047345
 Sample-based diagonalization: carryover bitstrings = [], size = 0
