 Elapsed time for helper construction 0.6231479999999999 (sec) 
 Elapsed time for init 0.023401 (sec) 
 Elapsed time for makeQChamDiagTerms 4.711819999999999 (sec) 
 Davidson iteration 0.0 (tol=0.5217171388305022): -149.4569443177291
 Davidson iteration 0.1 (tol=0.2042705002611583): -149.5769974647819 -147.6059756442449
 Davidson iteration 0.2 (tol=0.0773226941097893): -149.5911189090568 -148.0432225732127 -147.0790314927052
 Davidson iteration 0.3 (tol=0.02532996733064389): -149.5933663899719 -148.1997322216377 -147.2894789412099 -147.0708498183764
 Davidson iteration 0.4 (tol=0.009701463380478188): -149.5935898492112 -148.4401238034134 -147.4890543626751 -147.0859366156082
 Davidson iteration 0.5 (tol=0.003370146286828561): -149.5936313851442 -148.7672648637122 -147.5916222745216 -147.4719144903454
 Davidson iteration 0.6 (tol=0.001312268882164291): -149.5936357401226 -148.8738501548201 -147.8185866933807 -147.5358864503805
 Davidson iteration 0.7 (tol=0.0004673337438079081): -149.5936363895427 -148.9234338155844 -148.1730517599142 -147.6217205434947
 Davidson iteration 1.0 (tol=0.0004673337438284816): -149.5936363895425
 Davidson iteration 1.1 (tol=0.000198812346361473): -149.5936364695826 -147.975857726129
 Davidson iteration 1.2 (tol=9.921441181922393e-05): -149.5936364898224 -148.8055422542713 -147.1458889994632
 Davidson iteration 1.3 (tol=4.095871865939338e-05): -149.5936364939523 -149.1152238325377 -147.303179238265 -146.9597139815649
 Davidson iteration 1.4 (tol=2.000533486757126e-05): -149.5936364946645 -149.2395957692227 -147.6685326502032 -147.3029652607624
 Davidson iteration 1.5 (tol=8.115551951182521e-06): -149.5936364948201 -149.3045692709224 -148.174143907786 -147.3979641021026
 Elapsed time for davidson 27.994849 (sec) 
 Elapsed time for diagonalization 27.99642 (sec) 
 Elapsed time for mult 0.74334 (sec) 
 Energy = -149.5936364948204
 Elapsed time for measurement 0.049615 (sec) 
 Sample-based diagonalization: Energy = -149.5936364948204
 Sample-based diagonalization: density = [1.999997067120613,1.998066702500619,1.992725098037554,1.995045520067998,1.991868811506855,1.988753559763419,1.991268025156839,1.974473480512044,1.978475215443537,1.987016309561859,1.933034634287921,0.1028109065695861,0.008820098706534522,0.002487921449882146,0.01053549571338996,0.007196689448194071,0.0006131182683494301,0.01963453308968689,0.01717681259397576
 Sample-based diagonalization: carryover bitstrings = [], size = 0
