 Elapsed time for helper construction 1.610609 (sec) 
 Elapsed time for init 0.023157 (sec) 
 Elapsed time for makeQChamDiagTerms 14.033837 (sec) 
 Davidson iteration 0.0 (tol=0.6288337701702293): -124.2155717443413
 Davidson iteration 0.1 (tol=0.1665310768331921): -124.3966717249459 -122.1271301101541
 Davidson iteration 0.2 (tol=0.03261572625930077): -124.4061748970323 -122.4430593423798 -121.4283558420331
 Davidson iteration 0.3 (tol=0.008388965408676178): -124.4065307803101 -122.5498703284074 -121.8290681171069 -121.3893922351075
 Davidson iteration 0.4 (tol=0.002422862604050992): -124.4065569717527 -122.7465157121486 -122.1439477881708 -121.6489784539272
 Davidson iteration 0.5 (tol=0.0006834827725267813): -124.4065590373079 -122.9767749925397 -122.3401491699357 -121.6537340357114
 Davidson iteration 0.6 (tol=0.0001786343341191487): -124.4065591951738 -123.1309400635944 -122.4556630959678 -121.8137436773446
 Davidson iteration 0.7 (tol=5.246005101650668e-05): -124.4065592064379 -123.2335470800783 -122.5982284854968 -122.1084616985639
 Davidson iteration 1.0 (tol=5.246005101582952e-05): -124.4065592064379
 Davidson iteration 1.1 (tol=1.975909403623859e-05): -124.4065592073734 -122.1094911669795
 Davidson iteration 1.2 (tol=7.090215273950773e-06): -124.4065592075525 -123.2838451136434 -120.8096383915961
 Elapsed time for davidson 55.804128 (sec) 
 Elapsed time for diagonalization 55.804446 (sec) 
 Elapsed time for mult 2.194833 (sec) 
 Energy = -124.4065592075521
 Elapsed time for measurement 0.130959 (sec) 
 Sample-based diagonalization: Energy = -124.4065592075521
 Sample-based diagonalization: density = [1.999971588746333,1.989748741654689,1.989767060436793,1.985997887039582,1.982912895612072,1.982047157871375,1.982590351869477,1.978106180049352,1.980826020565989,1.979078759342992,1.977054986316237,1.987002557036499,0.00834877454252197,0.007283432981697868,0.01825060285444761,0.01862890836400124,0.01833638487231333,0.01626163363445736,0.01486158968701263,0.01692968267309253,0.01743084759228657,0.01657706754473633,0.01569658673658426,0.01629030155560952
 Sample-based diagonalization: carryover bitstrings = [], size = 0
