 Elapsed time for helper construction 1.0662 (sec) 
 Elapsed time for init 0.039739 (sec) 
 Elapsed time for makeQChamDiagTerms 11.793619 (sec) 
 Davidson iteration 0.0 (tol=0.55997285482574): -155.1293851714653
 Davidson iteration 0.1 (tol=0.1285564980225129): -155.2838310181725 -153.3302595995356
 Davidson iteration 0.2 (tol=0.03519432284938982): -155.2913976406396 -153.7222199906601 -153.2029265750639
 Davidson iteration 0.3 (tol=0.007618326757862914): -155.2919501894845 -153.833707967223 -153.2885876669689 -153.0860379574234
 Davidson iteration 0.4 (tol=0.002002880250611822): -155.291977515145 -154.1075468416579 -153.3065183751609 -153.1699073239827
 Davidson iteration 0.5 (tol=0.0005410508389120114): -155.2919793843044 -154.3315501898286 -153.3694690390728 -153.2964782095154
 Davidson iteration 0.6 (tol=0.0001373230691575915): -155.291979514957 -154.4132758499601 -153.575402631955 -153.310549929134
 Davidson iteration 0.7 (tol=4.158009252159944e-05): -155.2919795239397 -154.5164430762184 -153.8935213091986 -153.4167511660897
 Davidson iteration 1.0 (tol=4.158009252187573e-05): -155.29197952394
 Davidson iteration 1.1 (tol=1.314990276757322e-05): -155.2919795246328 -153.3995375147982
 Davidson iteration 1.2 (tol=4.758981503858336e-06): -155.2919795247512 -154.3243419915392 -153.3866559613294
 Elapsed time for davidson 41.291122 (sec) 
 Elapsed time for diagonalization 41.292524 (sec) 
 Elapsed time for mult 1.066278 (sec) 
 Energy = -155.2919795247502
 Elapsed time for measurement 0.09812499999999999 (sec) 
 Sample-based diagonalization: Energy = -155.2919795247502
 Sample-based diagonalization: density = [1.999998346221425,1.995829333230754,1.993664811285737,1.995284521962718,1.98633818665041,1.987657387041148,1.984420231426339,1.98803125624605,1.98532595893894,1.990573806728986,1.96676897814493,1.99050254325366,1.957677984069203,0.07308313771578495,0.006527794277017237,0.01445304154588472,0.01511051944889098,0.01332768798747487,0.01151670847151487,0.009922918786583815,0.01174182599216396,0.002647266070535398,0.0118775850038064,0.007718169301423059
 Sample-based diagonalization: carryover bitstrings = [], size = 0
