 Elapsed time for helper construction 1.568066 (sec) 
 Elapsed time for init 0.055419 (sec) 
 Elapsed time for makeQChamDiagTerms 18.895044 (sec) 
 Davidson iteration 0.0 (tol=0.6727089935376608): -177.4029556649602
 Davidson iteration 0.1 (tol=0.2214071528222534): -177.5942500394488 -175.3829718145736
 Davidson iteration 0.2 (tol=0.07318373492654572): -177.6104229987706 -175.6660640863917 -174.9567257857472
 Davidson iteration 0.3 (tol=0.0204451499952039): -177.6122978954752 -175.8338776458672 -175.1183828173587 -174.9284151303283
 Davidson iteration 0.4 (tol=0.00779904349478183): -177.6124578536222 -176.202715460233 -175.2293556183191 -174.9561364841396
 Davidson iteration 0.5 (tol=0.002853608002969748): -177.6124844281519 -176.6387475943592 -175.4113120582533 -175.1348075509632
 Davidson iteration 0.6 (tol=0.000967253497030202): -177.6124875633865 -176.7920144984383 -175.52966739511 -175.2060103570828
 Davidson iteration 0.7 (tol=0.0003655037328029949): -177.6124879398386 -176.885042128606 -176.0889109629757 -175.3371199983991
 Davidson iteration 1.0 (tol=0.0003655037328022388): -177.6124879398384
 Davidson iteration 1.1 (tol=0.0001499635570933935): -177.6124879870538 -175.4619103248195
 Davidson iteration 1.2 (tol=6.821481901014622e-05): -177.6124879990678 -176.6767354982732 -174.7404286894922
 Davidson iteration 1.3 (tol=2.553372623794194e-05): -177.6124880008299 -176.9645339072924 -175.0890695899401 -174.3067165311701
 Davidson iteration 1.4 (tol=9.462311384854452e-06): -177.6124880010736 -177.0460501653573 -175.1923227684963 -175.088566511953
 Elapsed time for davidson 71.48013399999999 (sec) 
 Elapsed time for diagonalization 71.480369 (sec) 
 Elapsed time for mult 1.799778 (sec) 
 Energy = -177.6124880010749
 Elapsed time for measurement 0.161393 (sec) 
 Sample-based diagonalization: Energy = -177.6124880010749
 Sample-based diagonalization: density = [1.999974902376082,1.994297374549334,1.994000544677696,1.991336933360734,1.99148036774077,1.991774146882654,1.989610583450899,1.985193216762558,1.984680426347952,1.984829649672236,1.984284198780686,1.987683762180907,1.977173298897166,1.985210069882665,1.947718436803145,0.08189052277227238,0.01885719334761334,0.01931366007962803,0.007584077228851386,0.005077647923439142,0.009660082230729929,0.01243480296513097,0.01458548175655756,0.008731117962620025,0.01610205268637915,0.01651544815774974
 Sample-based diagonalization: carryover bitstrings = [], size = 0
