 Elapsed time for helper construction 0.533776 (sec) 
 Elapsed time for init 0.018758 (sec) 
 Elapsed time for makeQChamDiagTerms 3.254294 (sec) 
 Davidson iteration 0.0 (tol=0.5392290026855876): -148.1207238072936
 Davidson iteration 0.1 (tol=0.230621673341616): -148.247229619106 -146.2281884022774
 Davidson iteration 0.2 (tol=0.1003076969874219): -148.2639844842184 -146.6782679694132 -145.4763493228677
 Davidson iteration 0.3 (tol=0.03646540489170747): -148.2673312530615 -146.8702575245156 -145.7371821642567 -145.3347849070839
 Davidson iteration 0.4 (tol=0.01474369484953201): -148.2677127631559 -147.0589318977196 -146.0398382708337 -145.4959751850264
 Davidson iteration 0.5 (tol=0.005328139908656389): -148.2677902013961 -147.3551371226254 -146.2188885166137 -145.8601502043462
 Davidson iteration 0.6 (tol=0.002306926507556078): -148.2677991035173 -147.4687811097016 -146.3782571062074 -145.8635453350091
 Davidson iteration 0.7 (tol=0.0009119901591324789): -148.267800646417 -147.5450307261554 -146.6690405776576 -146.0254525113926
 Davidson iteration 1.0 (tol=0.000911990159136603): -148.2678006464163
 Davidson iteration 1.1 (tol=0.0004539610755903609): -148.2678008682556 -145.8276273329819
 Davidson iteration 1.2 (tol=0.0002153616011295272): -148.2678009363096 -147.174218513059 -143.5199771643701
 Davidson iteration 1.3 (tol=8.885118812182496e-05): -148.2678009517275 -147.5915370340932 -145.5432688869006 -142.2057508590932
 Davidson iteration 1.4 (tol=4.049036408391042e-05): -148.2678009541947 -147.7418880423535 -145.6816721585052 -145.524685791361
 Davidson iteration 1.5 (tol=1.847956205922219e-05): -148.2678009547734 -147.8648722596704 -146.6376876008383 -145.5615471739392
 Davidson iteration 1.6 (tol=9.742660400539742e-06): -148.267800954902 -147.9398392224886 -147.1969489735014 -145.9864717003619
 Elapsed time for davidson 25.187525 (sec) 
 Elapsed time for diagonalization 25.194543 (sec) 
 Elapsed time for mult 0.6872739999999999 (sec) 
 Energy = -148.2678009549026
 Elapsed time for measurement 0.037042 (sec) 
 Sample-based diagonalization: Energy = -148.2678009549026
 Sample-based diagonalization: density = [1.999997208640864,1.99763985381394,1.992468532222937,1.993056792202214,1.990610822214478,1.985799004471879,1.990821844910333,1.974598606698174,1.972467786607343,1.984394858636837,1.932208218150239,0.1084365969257132,0.01473264444145325,0.01626506942138849,0.005394500005129206,0.002154747673212527,0.02039257737698447,0.01856033541120125
 Sample-based diagonalization: carryover bitstrings = [], size = 0
