 Elapsed time for helper construction 1.375588 (sec) 
 Elapsed time for init 0.05137 (sec) 
 Elapsed time for makeQChamDiagTerms 13.890795 (sec) 
 Davidson iteration 0.0 (tol=0.6036827675306843): -123.8239785418452
 Davidson iteration 0.1 (tol=0.1068925702326144): -123.9936025532909 -121.7524218403105
 Davidson iteration 0.2 (tol=0.01780366960142296): -123.997919719795 -121.9814893705899 -121.3895213743257
 Davidson iteration 0.3 (tol=0.004433291322584566): -123.9980469359456 -122.1303901690822 -121.7340452719068 -121.3557513994813
 Davidson iteration 0.4 (tol=0.001121553765877009): -123.9980551346496 -122.3762245458764 -121.8246552224314 -121.558862386004
 Davidson iteration 0.5 (tol=0.0002560971716861385): -123.9980555836323 -122.5268179505648 -121.9006147747697 -121.5735171525036
 Davidson iteration 0.6 (tol=5.532302888406214e-05): -123.9980556066683 -122.5825910763644 -121.9956733840855 -121.7087432488476
 Davidson iteration 0.7 (tol=1.28296642976951e-05): -123.998055607777 -122.6051409007605 -122.0812818761307 -121.7514707005488
 Davidson iteration 1.0 (tol=1.282966429803023e-05): -123.9980556077762
 Davidson iteration 1.1 (tol=3.992811715979591e-06): -123.9980556078342 -121.4914828379008
 Elapsed time for davidson 46.640663 (sec) 
 Elapsed time for diagonalization 46.642033 (sec) 
 Elapsed time for mult 1.465864 (sec) 
 Energy = -123.9980556078343
 Elapsed time for measurement 0.138228 (sec) 
 Sample-based diagonalization: Energy = -123.9980556078343
 Sample-based diagonalization: density = [1.999980764604961,1.990450849746413,1.990512326694424,1.987558033097414,1.984141402658535,1.986543925403231,1.982938202389403,1.982385248510943,1.98176959155114,1.982333678392102,1.978752141328814,1.990760048468571,0.00366712487335675,0.01049998240172977,0.01024838342742335,0.01164737751612066,0.01629569008043539,0.009155809584412526,0.01460711248549597,0.01504894291537634,0.01509321289082268,0.01402571645770179,0.01386306947743622,0.01391923002574332,0.01380213466783802
 Sample-based diagonalization: carryover bitstrings = [], size = 0
