 Elapsed time for helper construction 1.357502 (sec) 
 Elapsed time for init 0.052135 (sec) 
 Elapsed time for makeQChamDiagTerms 16.448287 (sec) 
 Davidson iteration 0.0 (tol=0.6672385104757282): -165.5210789906729
 Davidson iteration 0.1 (tol=0.2122512320509748): -165.711794222812 -163.5172526564058
 Davidson iteration 0.2 (tol=0.06979716730190245): -165.7272074018058 -163.8007161986638 -163.1301971139536
 Davidson iteration 0.3 (tol=0.01816723820196001): -165.7289666539185 -163.9549469768262 -163.3238524764941 -163.105790251934
 Davidson iteration 0.4 (tol=0.006507934121339017): -165.7291006289359 -164.3524503580117 -163.3678457889071 -163.1544471429104
 Davidson iteration 0.5 (tol=0.002442962828939653): -165.7291185536629 -164.7752305224418 -163.5769581752085 -163.3209829663246
 Davidson iteration 0.6 (tol=0.0008299674252292517): -165.729121026473 -164.920921754036 -163.704703757825 -163.4571581167608
 Davidson iteration 0.7 (tol=0.0003373794269820272): -165.7291213448507 -165.0641886379033 -164.3039333719408 -163.4732229292395
 Davidson iteration 1.0 (tol=0.0003373794269971959): -165.7291213448469
 Davidson iteration 1.1 (tol=0.0001324472461162341): -165.7291213885895 -163.8142391631021
 Davidson iteration 1.2 (tol=6.687459760358571e-05): -165.7291214009402 -165.0224806767094 -163.4496164316162
 Davidson iteration 1.3 (tol=2.514242434150476e-05): -165.7291214027655 -165.1901736670925 -163.5006038804894 -163.2130439947176
 Davidson iteration 1.4 (tol=1.068642825139201e-05): -165.7291214030596 -165.3048834352682 -163.7710567673751 -163.4904748254492
 Davidson iteration 1.5 (tol=4.337739872425755e-06): -165.729121403115 -165.351138255771 -164.6081893740305 -163.5868094648851
 Elapsed time for davidson 69.82605099999999 (sec) 
 Elapsed time for diagonalization 69.826189 (sec) 
 Elapsed time for mult 1.594653 (sec) 
 Energy = -165.7291214031195
 Elapsed time for measurement 0.14899 (sec) 
 Sample-based diagonalization: Energy = -165.7291214031195
 Sample-based diagonalization: density = [1.999979729448643,1.994136169830934,1.994779365840248,1.991657624050525,1.98744237262256,1.986737699843996,1.984913754181611,1.985533600490869,1.981155271182619,1.984078808518204,1.967121873703148,1.995173934284602,1.986289066308949,1.951854891353756,0.08228231104307102,0.01487743919104961,0.006668692922581956,0.01198211065138207,0.003042813246527197,0.01344579668430543,0.01459062878598969,0.01641493474201679,0.01437388259314637,0.01548723326961105,0.01597999482857396
 Sample-based diagonalization: carryover bitstrings = [], size = 0
