 Elapsed time for helper construction 1.364066 (sec) 
 Elapsed time for init 0.049136 (sec) 
 Elapsed time for makeQChamDiagTerms 14.972501 (sec) 
 Davidson iteration 0.0 (tol=0.6451671816463842): -164.2679375676087
 Davidson iteration 0.1 (tol=0.1829349981716496): -164.4488605635565 -162.3185286661023
 Davidson iteration 0.2 (tol=0.05370996841072651): -164.4615314033477 -162.6067759703385 -162.1207685941728
 Davidson iteration 0.3 (tol=0.01378139622024146): -164.462682993242 -162.7532837224938 -162.2599232865737 -162.1199068392618
 Davidson iteration 0.4 (tol=0.004681768521823698): -164.4627626610672 -163.0965720168776 -162.2603224618155 -162.1217681504155
 Davidson iteration 0.5 (tol=0.001563079004767846): -164.4627727675897 -163.4559806016769 -162.3762752307154 -162.2499006612362
 Davidson iteration 0.6 (tol=0.0004805922355108552): -164.4627737958133 -163.6136311724684 -162.4636895324959 -162.3336198249503
 Davidson iteration 0.7 (tol=0.0001701900019703049): -164.4627739005988 -163.7364094025986 -163.1020339096976 -162.374362518502
 Davidson iteration 1.0 (tol=0.0001701900019750906): -164.4627739005957
 Davidson iteration 1.1 (tol=6.88218213926321e-05): -164.4627739133616 -162.9528589627396
 Davidson iteration 1.2 (tol=3.428592317421955e-05): -164.4627739169336 -163.8972361430225 -162.3149376387678
 Davidson iteration 1.3 (tol=1.239280037242461e-05): -164.4627739174703 -164.055824941792 -162.4579823341657 -162.1017015123398
 Davidson iteration 1.4 (tol=4.726527110027915e-06): -164.4627739175434 -164.1183330678076 -162.590172950076 -162.432220120166
 Elapsed time for davidson 54.593341 (sec) 
 Elapsed time for diagonalization 54.593597 (sec) 
 Elapsed time for mult 1.439065 (sec) 
 Energy = -164.4627739175477
 Elapsed time for measurement 0.127615 (sec) 
 Sample-based diagonalization: Energy = -164.4627739175477
 Sample-based diagonalization: density = [1.999976905786173,1.994391147736071,1.993964233948995,1.990877706559066,1.989133814104061,1.986513295713645,1.98727818896187,1.98705038359506,1.982027241039754,1.984372264367364,1.975466045508847,1.995764087266835,1.985844253494221,1.951134744411104,0.07750576046174873,0.01567794756577713,0.008851374821355777,0.01411682441835274,0.01080308478320729,0.002923920096756266,0.008515898465945908,0.0153340009885016,0.01288784965363985,0.01467602763647113,0.01491299832946575
 Sample-based diagonalization: carryover bitstrings = [], size = 0
