 Elapsed time for helper construction 0.725522 (sec) 
 Elapsed time for init 0.018343 (sec) 
 Elapsed time for makeQChamDiagTerms 3.47599 (sec) 
 Davidson iteration 0.0 (tol=0.5635936820781091): -148.7338923108007
 Davidson iteration 0.1 (tol=0.2454555471436294): -148.8657050436546 -146.7933003346752
 Davidson iteration 0.2 (tol=0.1068219109890644): -148.8837603391451 -147.2193896602337 -146.0506563467453
 Davidson iteration 0.3 (tol=0.03995121056699232): -148.8871750359183 -147.405788857619 -146.2237657310824 -145.8366676794228
 Davidson iteration 0.4 (tol=0.01633531495000552): -148.887613837823 -147.6201601662229 -146.4482357301905 -146.0228966690286
 Davidson iteration 0.5 (tol=0.006081132154642532): -148.8877010973599 -147.9262533400828 -146.6887399320255 -146.1489741815419
 Davidson iteration 0.6 (tol=0.002807569597139305): -148.8877108853673 -148.0559583363152 -146.8442802560746 -146.1511926488562
 Davidson iteration 0.7 (tol=0.001058015440896509): -148.8877128338175 -148.1305308431505 -147.0456766682316 -146.4019715453688
 Davidson iteration 1.0 (tol=0.001058015440898237): -148.8877128338181
 Davidson iteration 1.1 (tol=0.0005133739796326798): -148.8877131086381 -146.1309589255943
 Davidson iteration 1.2 (tol=0.0002455154622320057): -148.887713193788 -147.486484862078 -144.2564589399456
 Davidson iteration 1.3 (tol=9.817908564821023e-05): -148.8877132125544 -147.9741225109449 -145.3699953449659 -143.8452767105539
 Davidson iteration 1.4 (tol=3.950853950248917e-05): -148.8877132150924 -148.1637842392543 -145.7422262572879 -145.3658583666511
 Davidson iteration 1.5 (tol=1.591637363085052e-05): -148.8877132155773 -148.2602430722493 -146.6274846444675 -145.4057364948894
 Davidson iteration 1.6 (tol=7.510988783538645e-06): -148.8877132156639 -148.3477920879779 -147.4523689538306 -146.0682873367321
 Elapsed time for davidson 27.77419 (sec) 
 Elapsed time for diagonalization 27.775013 (sec) 
 Elapsed time for mult 0.860119 (sec) 
 Energy = -148.8877132156638
 Elapsed time for measurement 0.039696 (sec) 
 Sample-based diagonalization: Energy = -148.8877132156638
 Sample-based diagonalization: density = [1.999997063918368,1.995650668456272,1.992375215539392,1.993720371734837,1.988138565167248,1.986996963024125,1.993158163643306,1.972722666640136,1.977922492831396,1.986195293784293,1.925223129026715,0.1075477238078732,0.005811076399084736,0.01132618115626596,0.009135082317123913,0.01706522378949341,0.018278815290979,0.01873530329661057
 Sample-based diagonalization: carryover bitstrings = [], size = 0
