 Elapsed time for helper construction 1.291315 (sec) 
 Elapsed time for init 0.020502 (sec) 
 Elapsed time for makeQChamDiagTerms 12.803269 (sec) 
 Davidson iteration 0.0 (tol=0.6640841330806303): -158.4838127111632
 Davidson iteration 0.1 (tol=0.1997689673284826): -158.6777296855998 -156.4713056469877
 Davidson iteration 0.2 (tol=0.06728914217924045): -158.6920326016341 -156.8353577098736 -156.1222973463292
 Davidson iteration 0.3 (tol=0.01825217943669362): -158.6937555633425 -157.0869544607286 -156.1224663640589 -156.0611959978471
 Davidson iteration 0.4 (tol=0.007031214436799728): -158.6939047113602 -157.5572287385327 -156.3735961727922 -156.1128890775302
 Davidson iteration 0.5 (tol=0.002543939900380307): -158.6939255649553 -157.8695808092571 -156.5738681358642 -156.2160267181166
 Davidson iteration 0.6 (tol=0.0009442741487362874): -158.6939282716411 -158.0002091517424 -156.8732008397976 -156.2660555225405
 Davidson iteration 0.7 (tol=0.0003779106832572086): -158.6939286664694 -158.088629789008 -157.3535598704044 -156.4605512022046
 Davidson iteration 1.0 (tol=0.0003779106832402513): -158.6939286664687
 Davidson iteration 1.1 (tol=0.00014995279135002): -158.6939287168942 -156.5080970164261
 Davidson iteration 1.2 (tol=7.317132128146372e-05): -158.6939287301868 -157.8071191956231 -156.0209960926651
 Davidson iteration 1.3 (tol=2.807988912855227e-05): -158.693928732388 -158.0860957433306 -156.0242644881673 -155.9004936854543
 Davidson iteration 1.4 (tol=1.022038696502963e-05): -158.6939287327207 -158.2014765107094 -156.5163861936598 -156.0133235451468
 Davidson iteration 1.5 (tol=3.803349053592739e-06): -158.6939287327673 -158.255074009604 -157.2996612444051 -156.0542389554757
 Elapsed time for davidson 50.732503 (sec) 
 Elapsed time for diagonalization 50.732846 (sec) 
 Elapsed time for mult 1.277413 (sec) 
 Energy = -158.6939287327693
 Elapsed time for measurement 0.112079 (sec) 
 Sample-based diagonalization: Energy = -158.6939287327693
 Sample-based diagonalization: density = [1.999990356743095,1.991867634077014,1.99081624069609,1.988943481457441,1.98447940998141,1.983147099723332,1.984378280609284,1.979739345499959,1.981895187526655,1.967926470343424,1.9876408100158,1.988391110529848,1.95546369349554,0.08352879145973074,0.01749149622847476,0.01561848612137936,0.01276332551394027,0.01534594448148715,0.01776720883728755,0.01453806771113644,0.008008183553775656,0.01615344664348556,0.0141059283938794
 Sample-based diagonalization: carryover bitstrings = [], size = 0
