 Elapsed time for helper construction 0.688599 (sec) 
 Elapsed time for init 0.01008 (sec) 
 Elapsed time for makeQChamDiagTerms 6.04624 (sec) 
 Davidson iteration 0.0 (tol=0.4127290805948344): -146.4595126114473
 Davidson iteration 0.1 (tol=0.1486694985370503): -146.5462731863128 -144.8040983231564
 Davidson iteration 0.2 (tol=0.04773902121189497): -146.5551612372051 -145.2751700325602 -144.4262158513615
 Davidson iteration 0.3 (tol=0.01506705526526698): -146.5561175682603 -145.3987612791813 -144.6713226004615 -144.426022021933
 Davidson iteration 0.4 (tol=0.005090797173680693): -146.5562220279826 -145.5734971397142 -144.8342775911309 -144.5780249945221
 Davidson iteration 0.5 (tol=0.001625475996890659): -146.5562359129786 -145.8654355494253 -145.0164280097756 -144.8188260675727
 Davidson iteration 0.6 (tol=0.0005685224430118117): -146.556237030326 -145.9766921754623 -145.1373737477867 -145.0155761168309
 Davidson iteration 0.7 (tol=0.0001945708008805244): -146.5562371768852 -146.0590861082609 -145.559870593021 -145.0866698857535
 Davidson iteration 1.0 (tol=0.0001945708008831483): -146.5562371768852
 Davidson iteration 1.1 (tol=8.324086971732951e-05): -146.5562371946058 -145.4732910527724
 Davidson iteration 1.2 (tol=4.226680275835596e-05): -146.5562371990225 -146.1604724703 -144.085065803413
 Davidson iteration 1.3 (tol=1.315282937202986e-05): -146.5562371997481 -146.27218978462 -144.2256002543193 -144.0600405723635
 Davidson iteration 1.4 (tol=4.697492214951209e-06): -146.5562371998188 -146.3046822194454 -144.8184214586184 -144.142343201698
 Elapsed time for davidson 27.98462 (sec) 
 Elapsed time for diagonalization 27.988261 (sec) 
 Elapsed time for mult 0.6114339999999999 (sec) 
 Energy = -146.5562371998182
 Elapsed time for measurement 0.06806899999999999 (sec) 
 Sample-based diagonalization: Energy = -146.5562371998182
 Sample-based diagonalization: density = [1.999998947210514,1.999075174316131,1.998164941115172,1.995979329570359,1.994085693171066,1.995838969592774,1.996161882026335,1.979984209792042,1.972185384093583,1.989526233222783,1.946178427881277,0.08978976367397912,0.005891636443305402,0.0061761573521116,0.006678531369954156,0.002891349319841902,0.0007245644465587826,0.009700392520512711,0.01096841268671166
 Sample-based diagonalization: carryover bitstrings = [], size = 0
