 Elapsed time for helper construction 1.141809 (sec) 
 Elapsed time for init 0.016893 (sec) 
 Elapsed time for makeQChamDiagTerms 11.672298 (sec) 
 Davidson iteration 0.0 (tol=0.6282334934440283): -138.0189806729588
 Davidson iteration 0.1 (tol=0.1410070247471641): -138.2010082416914 -136.0501639392589
 Davidson iteration 0.2 (tol=0.03602386492532499): -138.2085178831404 -136.2914402825838 -135.7449621848201
 Davidson iteration 0.3 (tol=0.008733265485714495): -138.2090207863733 -136.3979934388795 -135.9880975357716 -135.7442650084062
 Davidson iteration 0.4 (tol=0.002247396209554962): -138.2090571904943 -136.8346128160902 -136.1489009461588 -135.928636434302
 Davidson iteration 0.5 (tol=0.0005986089901102978): -138.2090591834246 -136.9786204041325 -136.1500680988598 -136.0748439030276
 Davidson iteration 0.6 (tol=0.0001479213512524722): -138.2090593165294 -137.0506364492373 -136.2355195480328 -136.1463118132889
 Davidson iteration 0.7 (tol=3.623012213265972e-05): -138.2090593254217 -137.1386736985821 -136.5343338752356 -136.207593163411
 Davidson iteration 1.0 (tol=3.623012213269854e-05): -138.2090593254189
 Davidson iteration 1.1 (tol=1.097985002472988e-05): -138.2090593259311 -136.1624120267006
 Davidson iteration 1.2 (tol=3.453537471564948e-06): -138.2090593259965 -136.9403575497869 -135.9198959296052
 Elapsed time for davidson 36.954548 (sec) 
 Elapsed time for diagonalization 36.954899 (sec) 
 Elapsed time for mult 0.899434 (sec) 
 Energy = -138.2090593260004
 Elapsed time for measurement 0.096734 (sec) 
 Sample-based diagonalization: Energy = -138.2090593260004
 Sample-based diagonalization: density = [1.999973193373191,1.993276449015678,1.991061321773551,1.98966021671269,1.988398866655978,1.98385032456965,1.986353304097493,1.984260814025539,1.977558523797094,1.984241896351577,1.96058047314302,1.982397900957984,1.991126717360231,0.04735870003493173,0.009363451735662224,0.01905774614917487,0.01761639950585312,0.01927443009225725,0.01130862263347882,0.01459475618707259,0.01402948359587609,0.01316981982142651,0.009281578963891021,0.01220500914389379
 Sample-based diagonalization: carryover bitstrings = [], size = 0
