 Elapsed time for helper construction 1.081211 (sec) 
 Elapsed time for init 0.018018 (sec) 
 Elapsed time for makeQChamDiagTerms 13.146925 (sec) 
 Davidson iteration 0.0 (tol=0.581399772734049): -165.6841603365698
 Davidson iteration 0.1 (tol=0.1325270175687779): -165.8376583102769 -163.8618022609496
 Davidson iteration 0.2 (tol=0.03486110792998506): -165.8453326471423 -164.2260034773141 -163.8044024999866
 Davidson iteration 0.3 (tol=0.007753297433104647): -165.8458956310444 -164.2959598875165 -164.057429492872 -163.8011397235864
 Davidson iteration 0.4 (tol=0.002372516301550357): -165.8459268557715 -164.836100830756 -164.0624090700959 -163.8012231223254
 Davidson iteration 0.5 (tol=0.0008247118071957553): -165.8459296648271 -165.0372952539778 -164.2583986436879 -163.9218383570453
 Davidson iteration 0.6 (tol=0.0002197710491645585): -165.8459299918374 -165.1473931540263 -164.258404731078 -164.1569934947527
 Davidson iteration 0.7 (tol=7.032242396437601e-05): -165.8459300160276 -165.2750678486605 -164.6163778826184 -164.1647072783955
 Davidson iteration 1.0 (tol=7.032242396204507e-05): -165.845930016028
 Davidson iteration 1.1 (tol=2.401902642359091e-05): -165.8459300181334 -164.0731986855839
 Davidson iteration 1.2 (tol=9.622837342811735e-06): -165.8459300185777 -165.2723986434223 -163.6207670429001
 Elapsed time for davidson 36.206245 (sec) 
 Elapsed time for diagonalization 36.206442 (sec) 
 Elapsed time for mult 0.784415 (sec) 
 Energy = -165.8459300185795
 Elapsed time for measurement 0.113632 (sec) 
 Sample-based diagonalization: Energy = -165.8459300185795
 Sample-based diagonalization: density = [1.999978027818257,1.995262100083096,1.995256427217726,1.99351372346897,1.99128985268085,1.989938834738139,1.995554877074012,1.98875703409929,1.987550803641696,1.987036574826539,1.976078766452714,1.988277941156392,1.990012333599456,1.951127347774041,0.07872142880643779,0.0147178533778947,0.01102767615316688,0.005856539539261872,0.001723843428965108,0.008170455726187518,0.01233779905469938,0.00562016054116859,0.004579137195549492,0.01255751720112158,0.01505294416006847
 Sample-based diagonalization: carryover bitstrings = [], size = 0
