 Elapsed time for helper construction 1.050501 (sec) 
 Elapsed time for init 0.031108 (sec) 
 Elapsed time for makeQChamDiagTerms 7.352208999999999 (sec) 
 Davidson iteration 0.0 (tol=0.6703448779330756): -151.8100658825423
 Davidson iteration 0.1 (tol=0.3211887063513986): -151.9958514671731 -149.8108363119104
 Davidson iteration 0.2 (tol=0.1463682903684093): -152.0282004679185 -150.295844444093 -149.010081348451
 Davidson iteration 0.3 (tol=0.05772601072860151): -152.0349991632535 -150.6099144824878 -149.2445007940683 -148.5180705293326
 Davidson iteration 0.4 (tol=0.02849496083734501): -152.0361483432327 -150.9698768580145 -149.5988181963543 -149.0444526807489
 Davidson iteration 0.5 (tol=0.01351346004283999): -152.0364754567953 -151.3626937434069 -149.988714329735 -149.1186053276161
 Davidson iteration 0.6 (tol=0.006372331856564876): -152.0365424629646 -151.4994987082538 -150.2193759066671 -149.2298695510552
 Davidson iteration 0.7 (tol=0.003005754500241016): -152.0365548349472 -151.5566144432991 -150.4770747393996 -149.6297370703457
 Davidson iteration 1.0 (tol=0.003005754500243167): -152.0365548349461
 Davidson iteration 1.1 (tol=0.001464048017372795): -152.0365572118554 -149.1996738173737
 Davidson iteration 1.2 (tol=0.0008035800686891921): -152.0365581476233 -150.9123810367072 -148.3677245884945
 Davidson iteration 1.3 (tol=0.0004072493423761086): -152.0365583920504 -151.3418135374749 -148.7668708754276 -148.259862260766
 Davidson iteration 1.4 (tol=0.000206630017783134): -152.0365584464226 -151.5312322504245 -149.1821634705054 -148.6572071480619
 Davidson iteration 1.5 (tol=0.0001033907677679195): -152.0365584626202 -151.6216112044341 -150.2244413863529 -148.8240010758975
 Davidson iteration 1.6 (tol=4.984666754407506e-05): -152.0365584662463 -151.6731851130679 -150.6632488195555 -149.1450171767107
 Davidson iteration 1.7 (tol=1.805756220728429e-05): -152.0365584670778 -151.6926787028076 -150.9379846743102 -149.2164664197186
 Davidson iteration 2.0 (tol=1.805756209732038e-05): -152.0365584670789
 Davidson iteration 2.1 (tol=8.947846015516273e-06): -152.0365584671779 -149.8123128778193
 Elapsed time for davidson 61.012648 (sec) 
 Elapsed time for diagonalization 61.014207 (sec) 
 Elapsed time for mult 1.520595 (sec) 
 Energy = -152.0365584671787
 Elapsed time for measurement 0.073015 (sec) 
 Sample-based diagonalization: Energy = -152.0365584671787
 Sample-based diagonalization: density = [1.999973439611634,1.994346490602549,1.992400221820508,1.993753685188695,1.985680111133741,1.983022802108214,1.983161704553565,1.985969678637889,1.976473965860807,1.963017621266384,1.976533741143541,1.987007986650677,1.893307424801457,0.1344386057286274,0.0224791106449059,0.01488658537697481,0.01896455721664509,0.01176673697462146,0.0245364687673132,0.03416266630397048,0.02411639531050888
 Sample-based diagonalization: carryover bitstrings = [], size = 0
