 Elapsed time for helper construction 0.161707 (sec) 
 Elapsed time for init 0.001695 (sec) 
 Elapsed time for makeQChamDiagTerms 0.461232 (sec) 
 Davidson iteration 0.0 (tol=0.5728844618442697): -137.4595214905258
 Davidson iteration 0.1 (tol=0.2854093260457157): -137.597241750087 -135.5315776939478
 Davidson iteration 0.2 (tol=0.1338335894551753): -137.6229375397118 -136.0496773111711 -134.6372577632158
 Davidson iteration 0.3 (tol=0.06112712431654412): -137.6281112630104 -136.3427644207361 -135.0427716649187 -133.6172543004194
 Davidson iteration 0.4 (tol=0.02741649708333341): -137.6291034192244 -136.5579572952257 -135.226653498601 -134.780712953046
 Davidson iteration 0.5 (tol=0.01208185940915878): -137.6293444059059 -136.8304108985531 -135.5067831884147 -134.8081311993905
 Davidson iteration 0.6 (tol=0.006399763045054594): -137.6293798333106 -136.9511192075191 -135.7233317897362 -134.8235241518434
 Davidson iteration 0.7 (tol=0.002595638929924421): -137.6293900315285 -137.022436338488 -135.9511858872446 -135.0003070254153
 Davidson iteration 1.0 (tol=0.002595638929930667): -137.6293900315303
 Davidson iteration 1.1 (tol=0.001219700642525265): -137.6293915257358 -134.4273306166801
 Davidson iteration 1.2 (tol=0.0006773817976706677): -137.6293920083064 -136.0607928151584 -133.2708667639112
 Davidson iteration 1.3 (tol=0.0003160398440246294): -137.6293921397766 -136.6696258995146 -133.5418495269476 -133.2707750211036
 Davidson iteration 1.4 (tol=0.0001404687490145347): -137.6293921660715 -136.9123523699173 -134.0502826020686 -133.3421334868513
 Davidson iteration 1.5 (tol=6.456467841014651e-05): -137.6293921710416 -137.0154193743234 -134.8788035235968 -133.7071428373774
 Davidson iteration 1.6 (tol=2.820662985950474e-05): -137.6293921721742 -137.0839669444386 -135.7183171844629 -133.7255209546596
 Davidson iteration 1.7 (tol=1.114867728717784e-05): -137.6293921723656 -137.1209252345974 -136.174193669025 -134.2693430318346
 Davidson iteration 2.0 (tol=1.114867753962685e-05): -137.6293921723631
 Davidson iteration 2.1 (tol=5.682197372091746e-06): -137.6293921723918 -135.1283327381865
 Elapsed time for davidson 5.095947 (sec) 
 Elapsed time for diagonalization 5.096007999999999 (sec) 
 Elapsed time for mult 0.157578 (sec) 
 Energy = -137.6293921723929
 Elapsed time for measurement 0.006973 (sec) 
 Sample-based diagonalization: Energy = -137.6293921723929
 Sample-based diagonalization: density = [1.999997332815389,1.994063507818521,1.9929378189681,1.987286078783479,1.986658783410696,1.981270262662503,1.960806845606077,1.97899249066576,1.983900539254432,1.903938892455026,0.1348020686866199,0.007066713151888658,0.03036860723059435,0.0336107180064484,0.02429934045566304
 Sample-based diagonalization: carryover bitstrings = [], size = 0
