 Elapsed time for helper construction 0.351338 (sec) 
 Elapsed time for init 0.011083 (sec) 
 Elapsed time for makeQChamDiagTerms 1.604283 (sec) 
 Davidson iteration 0.0 (tol=0.5035268308902715): -102.6021334774272
 Davidson iteration 0.1 (tol=0.1449652065023346): -102.7200288446071 -100.5547873250142
 Davidson iteration 0.2 (tol=0.03681542789141597): -102.7272522247946 -100.9026207588857 -99.86650726609095
 Davidson iteration 0.3 (tol=0.01108275428323518): -102.7276729073129 -100.9864176132103 -100.1319890739884 -99.83930429231174
 Davidson iteration 0.4 (tol=0.003452087603749357): -102.7277131205473 -101.1372959334342 -100.4044950669845 -100.0859119266838
 Davidson iteration 0.5 (tol=0.001278340430151579): -102.7277173141819 -101.4843443273515 -100.7860107031422 -100.0871921102384
 Davidson iteration 0.6 (tol=0.0004519881049729738): -102.7277178907393 -101.7603442241049 -100.9056840186141 -100.2518847252107
 Davidson iteration 0.7 (tol=0.0001571531028843304): -102.7277179612727 -101.9536463436779 -100.9955907787674 -100.3204078175115
 Davidson iteration 1.0 (tol=0.0001571531028837606): -102.7277179612733
 Davidson iteration 1.1 (tol=6.4564317083999e-05): -102.7277179688977 -100.4779360049782
 Davidson iteration 1.2 (tol=2.642373199747777e-05): -102.7277179707015 -101.6546950273306 -98.96165107025853
 Davidson iteration 1.3 (tol=8.83028534927135e-06): -102.72771797093 -101.9272777896877 -99.6844775750793 -98.60927654960098
 Elapsed time for davidson 12.358106 (sec) 
 Elapsed time for diagonalization 12.358231 (sec) 
 Elapsed time for mult 0.5563429999999999 (sec) 
 Energy = -102.7277179709297
 Elapsed time for measurement 0.039271 (sec) 
 Sample-based diagonalization: Energy = -102.7277179709297
 Sample-based diagonalization: density = [1.999988935649027,1.988245023895836,1.987352633593677,1.990650676699254,1.978857396070868,1.982110363702586,1.977282512463605,1.977082558321035,1.988108120300358,0.02450775055083734,0.02209377161422063,0.01977946255012187,0.02003938237244282,0.01842431784055811,0.01888973669122564,0.006587357577154311
 Sample-based diagonalization: carryover bitstrings = [], size = 0
