 Elapsed time for helper construction 0.83446 (sec) 
 Elapsed time for init 0.014188 (sec) 
 Elapsed time for makeQChamDiagTerms 9.485111 (sec) 
 Davidson iteration 0.0 (tol=0.4775461459276574): -161.6376914946886
 Davidson iteration 0.1 (tol=0.1036750725420661): -161.7367523280599 -159.6386916631919
 Davidson iteration 0.2 (tol=0.02371717591545319): -161.7418155365258 -160.3088205791558 -159.6164987757836
 Davidson iteration 0.3 (tol=0.004555872713117395): -161.7420557227505 -160.3629597248879 -159.8577962420993 -159.4994013622129
 Davidson iteration 0.4 (tol=0.001610999209337368): -161.7420665904624 -160.8392231438471 -159.9597694879813 -159.8576548405298
 Davidson iteration 0.5 (tol=0.0003986955464912406): -161.7420678757123 -160.9613932467954 -160.2396908451776 -159.8728487267049
 Davidson iteration 0.6 (tol=9.007651057301346e-05): -161.7420679512686 -161.0950518163261 -160.4509773706362 -159.9535006622368
 Davidson iteration 0.7 (tol=2.470546483175906e-05): -161.7420679549526 -161.1650505289846 -160.6423869986486 -159.9864275825517
 Davidson iteration 1.0 (tol=2.47054648110069e-05): -161.7420679549537
 Davidson iteration 1.1 (tol=8.415629090526596e-06): -161.7420679552293 -160.3694139869494
 Elapsed time for davidson 25.782205 (sec) 
 Elapsed time for diagonalization 25.78246 (sec) 
 Elapsed time for mult 0.5738529999999999 (sec) 
 Energy = -161.7420679552302
 Elapsed time for measurement 0.08110199999999999 (sec) 
 Sample-based diagonalization: Energy = -161.7420679552302
 Sample-based diagonalization: density = [1.999975810903339,1.997045082923572,1.995335883005112,1.997974749078302,1.992992487703204,1.990662883863632,1.991994226663411,1.990665566723079,1.988044878912179,1.986673959037409,1.991564684231691,1.986530204564421,1.986497584503973,0.04092102437000275,0.00935809452780852,0.007729658606014472,0.009353190203584189,0.004886858308481762,0.00313065205054953,0.005641125962949892,0.002238166832894064,0.009539391814841732,0.007727749594988204,0.003516085441624019
 Sample-based diagonalization: carryover bitstrings = [], size = 0
