 Elapsed time for helper construction 1.073923 (sec) 
 Elapsed time for init 0.01921 (sec) 
 Elapsed time for makeQChamDiagTerms 17.627636 (sec) 
 Davidson iteration 0.0 (tol=0.4913661994433466): -198.4259461465527
 Davidson iteration 0.1 (tol=0.09826199919693045): -198.5541175416625 -196.8367308828808
 Davidson iteration 0.2 (tol=0.02607782259549974): -198.5593817088867 -197.2512871609694 -196.777486864459
 Davidson iteration 0.3 (tol=0.005763769788721629): -198.5597356154096 -197.4032778586265 -196.7845200920704 -196.6767961285026
 Davidson iteration 0.4 (tol=0.001824797131148906): -198.559754787384 -197.7307555420424 -196.9718910166077 -196.752746105565
 Davidson iteration 0.5 (tol=0.0005163495267163141): -198.5597567810148 -197.8639529456395 -197.0320959410278 -196.9619937223528
 Davidson iteration 0.6 (tol=0.0001672383061450672): -198.5597569646096 -198.0690768683108 -197.3430424125874 -197.0155979401524
 Davidson iteration 0.7 (tol=5.395861054231335e-05): -198.5597569830255 -198.138246544238 -197.7084039750208 -197.2350732588779
 Davidson iteration 1.0 (tol=5.395861054489268e-05): -198.5597569830266
 Davidson iteration 1.1 (tol=1.763584004342607e-05): -198.5597569846746 -197.4035767610424
 Davidson iteration 1.2 (tol=6.815657027501068e-06): -198.5597569849633 -198.0564325367196 -196.9141021983318
 Elapsed time for davidson 41.416525 (sec) 
 Elapsed time for diagonalization 41.416693 (sec) 
 Elapsed time for mult 0.7309589999999999 (sec) 
 Energy = -198.5597569849606
 Elapsed time for measurement 0.130694 (sec) 
 Sample-based diagonalization: Energy = -198.5597569849606
 Sample-based diagonalization: density = [1.999997019891633,1.994749375707553,1.997287321099621,1.996543291646512,1.996134586382934,1.995730242039082,1.991298889434538,1.99407194409516,1.991079069385688,1.995232395395083,1.990643332645853,1.990548212640677,1.997271459641182,1.961550201099316,1.99292003496867,1.95116315458717,0.08473954165675426,0.009606935099547645,0.01017932442897561,0.005960613192958066,0.009571802559163076,0.006931312429297364,0.008310378811357953,0.006014211583093506,0.001299364268913468,0.00356789937409726,0.009414387436328114,0.008183698365424779
 Sample-based diagonalization: carryover bitstrings = [], size = 0
