 Elapsed time for helper construction 1.386371 (sec) 
 Elapsed time for init 0.052494 (sec) 
 Elapsed time for makeQChamDiagTerms 13.786876 (sec) 
 Davidson iteration 0.0 (tol=0.6774645642740372): -152.5516654314001
 Davidson iteration 0.1 (tol=0.2287374124696273): -152.7514179653176 -150.5445017027212
 Davidson iteration 0.2 (tol=0.0823328015617676): -152.7691154098361 -150.9255187219622 -150.0949621109237
 Davidson iteration 0.3 (tol=0.02373631856259145): -152.7714250401453 -151.1274775079913 -150.1072854461393 -149.9434739625279
 Davidson iteration 0.4 (tol=0.009778128223776095): -152.771642925211 -151.5004060103674 -150.3347886469076 -150.0586285905638
 Davidson iteration 0.5 (tol=0.00382768119057269): -152.7716822930724 -151.8959173324045 -150.6190103328984 -150.1318087894929
 Davidson iteration 0.6 (tol=0.001452565955214725): -152.7716878787481 -152.0586636072684 -150.8290290641655 -150.1464878031965
 Davidson iteration 0.7 (tol=0.0005549739413285442): -152.7716886672767 -152.1128267579674 -151.1223641369834 -150.4750524882708
 Davidson iteration 1.0 (tol=0.0005549739413262634): -152.7716886672769
 Davidson iteration 1.1 (tol=0.0002560473676345499): -152.7716887745607 -150.6995730567836
 Davidson iteration 1.2 (tol=0.0001329893750615455): -152.7716888098883 -151.7968605273124 -149.7361041890456
 Davidson iteration 1.3 (tol=5.893643293211585e-05): -152.7716888173225 -152.1479322747144 -149.9607827294037 -149.7225537259542
 Davidson iteration 1.4 (tol=2.559750872480578e-05): -152.7716888187403 -152.2752295360638 -150.5339724298185 -149.8611778547881
 Davidson iteration 1.5 (tol=1.20271808814053e-05): -152.7716888190429 -152.3492565668706 -151.4453101467199 -149.9083738947806
 Davidson iteration 1.6 (tol=5.563385667691148e-06): -152.7716888191002 -152.3887423530956 -151.7619471792101 -150.312827769972
 Elapsed time for davidson 70.90070899999999 (sec) 
 Elapsed time for diagonalization 70.90845999999999 (sec) 
 Elapsed time for mult 1.755046 (sec) 
 Energy = -152.7716888190981
 Elapsed time for measurement 0.154378 (sec) 
 Sample-based diagonalization: Energy = -152.7716888190981
 Sample-based diagonalization: density = [1.999989095100313,1.991060740039863,1.990060743424344,1.987607710587148,1.984152068034601,1.980121704937797,1.983995751168811,1.982000859932343,1.980012232156873,1.966841357782246,1.99489579778468,1.988135726413789,1.940661531197195,0.02470228314993416,0.06761446447123459,0.01985753345994141,0.01890546797873473,0.01895840270499199,0.01563332864885138,0.0180528595907788,0.01403019325299929,0.01836524680665047,0.01434490098245029
 Sample-based diagonalization: carryover bitstrings = [], size = 0
