 Elapsed time for helper construction 1.16039 (sec) 
 Elapsed time for init 0.011133 (sec) 
 Elapsed time for makeQChamDiagTerms 9.776164 (sec) 
 Davidson iteration 0.0 (tol=0.5245585702342661): -154.3265012365093
 Davidson iteration 0.1 (tol=0.1156783739657567): -154.4633886195946 -152.5946871912751
 Davidson iteration 0.2 (tol=0.02932517809441979): -154.4694270727803 -152.9447152192417 -152.4790669617992
 Davidson iteration 0.3 (tol=0.006024476461174767): -154.4698211083902 -153.0376481872222 -152.6308632845418 -152.3474546038755
 Davidson iteration 0.4 (tol=0.001588419937865382): -154.4698392542684 -153.4142805574928 -152.6438011210317 -152.418599410848
 Davidson iteration 0.5 (tol=0.0004704288052134553): -154.4698404852859 -153.6239001769461 -152.7315525595904 -152.6274377851594
 Davidson iteration 0.6 (tol=0.0001394913504503587): -154.4698405949417 -153.6791993215182 -153.1210495344816 -152.7004086192548
 Davidson iteration 0.7 (tol=4.13785640299696e-05): -154.4698406043912 -153.7417556790088 -153.1343260028773 -152.9470664258284
 Davidson iteration 1.0 (tol=4.137856403053857e-05): -154.4698406043903
 Davidson iteration 1.1 (tol=1.435928764440259e-05): -154.4698406051956 -152.9674759283619
 Davidson iteration 1.2 (tol=5.065330670529283e-06): -154.4698406053328 -153.5583184106419 -152.4702864184289
 Elapsed time for davidson 29.260643 (sec) 
 Elapsed time for diagonalization 29.263402 (sec) 
 Elapsed time for mult 0.555586 (sec) 
 Energy = -154.4698406053344
 Elapsed time for measurement 0.08499699999999999 (sec) 
 Sample-based diagonalization: Energy = -154.4698406053344
 Sample-based diagonalization: density = [1.999994300265749,1.996859392673223,1.99679884121044,1.992049375713572,1.989848370390825,1.98489656621159,1.99238858693871,1.9886901995781,1.987339607779973,1.972820492935273,1.98901814042017,1.993378385116281,1.95324780254202,0.07622732135523716,0.009607837623079183,0.008436739699476305,0.004584195928667951,0.01085676360042368,0.01081727783898404,0.01099743082411355,0.01046480557605325,0.01096908992482557,0.009708475646149961
 Sample-based diagonalization: carryover bitstrings = [], size = 0
