 Elapsed time for helper construction 11.432071 (sec) 
 Elapsed time for init 0.284868 (sec) 
 Elapsed time for makeQChamDiagTerms 129.860601 (sec) 
 Davidson iteration 0.0 (tol=0.7516529244579668): -199.721764605372
 Davidson iteration 0.1 (tol=0.3175481301354403): -199.9523837152882 -197.490269860751
 Davidson iteration 0.2 (tol=0.1260435919066309): -199.9824167187873 -198.0473860459362 -196.5536309127754
 Davidson iteration 0.3 (tol=0.0423692475114304): -199.9867465044525 -198.2285892064738 -196.706766791186 -196.4467012852114
 Davidson iteration 0.4 (tol=0.01758670315747923): -199.9873388744243 -198.5492850030867 -197.366927430529 -196.4620673529358
 Davidson iteration 0.5 (tol=0.007980460108062953): -199.9874470549124 -198.9731896640495 -197.8504849333503 -196.691591315902
 Davidson iteration 0.6 (tol=0.003745686591397465): -199.9874706353519 -199.2048633880594 -198.1082246704121 -197.0374692184408
 Davidson iteration 0.7 (tol=0.001665423907692972): -199.9874755713994 -199.3390621335794 -198.3405175383544 -197.4643660336351
 Davidson iteration 1.0 (tol=0.001665423907706128): -199.9874755713998
 Davidson iteration 1.1 (tol=0.0008063431002075058): -199.98747634915 -197.448781797381
 Davidson iteration 1.2 (tol=0.0004699186356071666): -199.9874766426598 -198.9440794342506 -195.8218744443738
 Davidson iteration 1.3 (tol=0.000260366468463825): -199.9874767276026 -199.3698879160573 -196.789383925132 -195.4711996272356
 Davidson iteration 1.4 (tol=0.0001400338618248403): -199.9874767559881 -199.5827990189428 -197.5389847555726 -196.5151827180929
 Davidson iteration 1.5 (tol=8.026033100709605e-05): -199.9874767652568 -199.678292602716 -198.5889483577139 -196.6325361159887
 Davidson iteration 1.6 (tol=3.929922822366281e-05): -199.9874767676233 -199.7152956606985 -198.9966722342144 -197.044233021211
 Davidson iteration 1.7 (tol=1.855942339180378e-05): -199.9874767682331 -199.7378932515634 -199.1962629246521 -197.6107887562662
 Davidson iteration 2.0 (tol=1.85594234201486e-05): -199.9874767682322
 Davidson iteration 2.1 (tol=9.487035187481862e-06): -199.9874767683346 -197.4886273749551
 Elapsed time for davidson 1855.671204 (sec) 
 Elapsed time for diagonalization 1855.671417 (sec) 
 Elapsed time for mult 65.918407 (sec) 
 Energy = -199.9874767683353
 Elapsed time for measurement 235.058518 (sec) 
 Sample-based diagonalization: Energy = -199.9874767683353
 Sample-based diagonalization: density = [1.999964343851505,1.994689506290595,1.990995197138685,1.990046175919511,1.986146940360196,1.984632598221677,1.984704900883627,1.979567098554914,1.981083530704256,1.981427148209089,1.978298287813715,1.976476755431984,1.954503556854026,1.988597889348714,1.985822897070328,1.9824567642473,1.983051972986617,0.05520174980910905,0.01728398272403789,0.02913027505227878,0.0263925574144448,0.01933017792121387,0.02122634973396914,0.01912214330103568,0.01702379901638406,0.01876997299687667,0.01556920806450786,0.01244490786011105,0.0116845041788297,0.01435480752485809
 Sample-based diagonalization: carryover bitstrings = [], size = 0
 Elapse time for dumping one-particle rdm = 0.001417
 Elapse time for dumping two-particle rdm = 0.730043
 Zero-Body energy = 0
 One-Body energy = -355.897540574242
 Two-Body energy = 155.9100638091834
 One-Body + Two-Body energy = -199.9874767650586
 Zero-Body + One-Body + Two-Body energy = -199.9874767650586
