 Elapsed time for helper construction 1.575909 (sec) 
 Elapsed time for init 0.049182 (sec) 
 Elapsed time for makeQChamDiagTerms 15.324688 (sec) 
 Davidson iteration 0.0 (tol=0.6433679797473691): -167.620547326818
 Davidson iteration 0.1 (tol=0.2089989423736815): -167.7951431996123 -165.5705875626984
 Davidson iteration 0.2 (tol=0.06981453369082291): -167.8100168849684 -165.9338797970916 -165.1212377903683
 Davidson iteration 0.3 (tol=0.01796500564326091): -167.8116617712727 -166.1403872301119 -165.1406812479212 -164.8951239045394
 Davidson iteration 0.4 (tol=0.006105774182666108): -167.8117753847813 -166.4211115952048 -165.2934190488426 -165.1303668932882
 Davidson iteration 0.5 (tol=0.00206142555392174): -167.8117895316018 -166.7807298595636 -165.6299036022653 -165.2118485363293
 Davidson iteration 0.6 (tol=0.0007269162987017587): -167.8117911077781 -166.9339251626875 -165.8376374337221 -165.3229711854369
 Davidson iteration 0.7 (tol=0.000264923436886639): -167.8117913286029 -167.0368691318773 -166.2362051147099 -165.6846032780667
 Davidson iteration 1.0 (tol=0.0002649234368833456): -167.8117913286029
 Davidson iteration 1.1 (tol=0.0001009831168469697): -167.811791352926 -165.6533057530969
 Davidson iteration 1.2 (tol=4.813703644646679e-05): -167.8117913587691 -166.834084705253 -165.3832781677882
 Davidson iteration 1.3 (tol=1.668292336129094e-05): -167.8117913596315 -167.0652215572452 -165.4655153575236 -164.894655265545
 Davidson iteration 1.4 (tol=6.121660428820043e-06): -167.8117913597331 -167.1921474052011 -165.5241944275594 -165.2669803262031
 Elapsed time for davidson 67.112381 (sec) 
 Elapsed time for diagonalization 67.112433 (sec) 
 Elapsed time for mult 1.687735 (sec) 
 Energy = -167.811791359734
 Elapsed time for measurement 0.135976 (sec) 
 Sample-based diagonalization: Energy = -167.811791359734
 Sample-based diagonalization: density = [1.999989158261309,1.994377256854933,1.991459054734862,1.99235989105768,1.987176336340954,1.985947015534903,1.984955906992793,1.98975062754178,1.981174961100603,1.978461059518407,1.985658362624508,1.992051781811052,1.988037991228383,1.952641979303354,0.07431996336635369,0.02366422702174605,0.01850106180402941,0.01252210105023567,0.0144136857174264,0.007692736757318266,0.009810263509635101,0.006929498439372458,0.01661610334188651,0.0114889755901285
 Sample-based diagonalization: carryover bitstrings = [], size = 0
