 Elapsed time for helper construction 1.742588 (sec) 
 Elapsed time for init 0.056473 (sec) 
 Elapsed time for makeQChamDiagTerms 15.951014 (sec) 
 Davidson iteration 0.0 (tol=0.6524924029925007): -164.3226521432557
 Davidson iteration 0.1 (tol=0.2530718830291829): -164.5038567760793 -162.2898813216883
 Davidson iteration 0.2 (tol=0.09841795413184785): -164.5242410367736 -162.6843405817064 -161.6458735382345
 Davidson iteration 0.3 (tol=0.03128670997912408): -164.5274205991772 -162.9243938856918 -161.7030362389847 -161.510821632361
 Davidson iteration 0.4 (tol=0.01337764776981401): -164.527760495376 -163.2544807486032 -161.9988886842134 -161.6117466517933
 Davidson iteration 0.5 (tol=0.005493926052847364): -164.5278263313213 -163.6133371677785 -162.3435150594862 -161.7006801759118
 Davidson iteration 0.6 (tol=0.002255305022571884): -164.5278369282204 -163.7757462069007 -162.5561441178841 -161.7043831049034
 Davidson iteration 0.7 (tol=0.0009102485349961149): -164.5278387617104 -163.8563615125856 -162.835001783179 -162.1111423462405
 Davidson iteration 1.0 (tol=0.000910248534954168): -164.527838761709
 Davidson iteration 1.1 (tol=0.0004378902512538121): -164.527839019577 -162.0811411810135
 Davidson iteration 1.2 (tol=0.0002178411114802238): -164.5278391010312 -163.393619616362 -160.48453435877
 Davidson iteration 1.3 (tol=8.78464830982186e-05): -164.5278391175155 -163.7673907850049 -161.6387795767787 -159.8066730974907
 Davidson iteration 1.4 (tol=3.481544650909411e-05): -164.527839120044 -163.8901176964036 -161.797335388735 -161.6034022808241
 Davidson iteration 1.5 (tol=1.451735124496872e-05): -164.527839120514 -163.9775474832606 -162.7948680761706 -161.6160114199037
 Davidson iteration 1.6 (tol=6.058657726909905e-06): -164.5278391205907 -164.0345279580785 -163.2619074372572 -162.00687129224
 Elapsed time for davidson 91.28880799999999 (sec) 
 Elapsed time for diagonalization 91.292621 (sec) 
 Elapsed time for mult 2.284738 (sec) 
 Energy = -164.5278391205886
 Elapsed time for measurement 0.156299 (sec) 
 Sample-based diagonalization: Energy = -164.5278391205886
 Sample-based diagonalization: density = [1.999989661453974,1.990978718159981,1.990763275565212,1.992303620211562,1.987278436969206,1.983208780219347,1.985722159862885,1.996461913988378,1.987647353384287,1.983094985209048,1.96735909928013,1.982215989760541,1.986566904705956,1.940252427707579,0.09471781269338857,0.02499491002277499,0.01705335024650484,0.01410541150979416,0.01140672230909416,0.0190522028062498,0.01016402492623126,0.01816730592433349,0.01649493247186541
 Sample-based diagonalization: carryover bitstrings = [], size = 0
