 Elapsed time for helper construction 1.385791 (sec) 
 Elapsed time for init 0.020827 (sec) 
 Elapsed time for makeQChamDiagTerms 16.785162 (sec) 
 Davidson iteration 0.0 (tol=0.5328659021579113): -176.0942930155404
 Davidson iteration 0.1 (tol=0.1319200903336376): -176.2302009193137 -174.3405224623077
 Davidson iteration 0.2 (tol=0.03434900370225956): -176.2380023521777 -174.7492571715503 -174.2415209867652
 Davidson iteration 0.3 (tol=0.008388799368646732): -176.2385640981201 -174.8105221496802 -174.5154309771968 -174.2024281655251
 Davidson iteration 0.4 (tol=0.002728015931137999): -176.238601655011 -175.183572939975 -174.5357013647444 -174.3071815014067
 Davidson iteration 0.5 (tol=0.0007883538433668091): -176.2386060641216 -175.4296043610376 -174.7783329260544 -174.4600080457736
 Davidson iteration 0.6 (tol=0.0001906731051872864): -176.2386063693414 -175.5265442378523 -174.8527126918532 -174.4868191849481
 Davidson iteration 0.7 (tol=5.150509165271647e-05): -176.2386063863048 -175.5555104036993 -174.9799042222509 -174.658815576847
 Davidson iteration 1.0 (tol=5.15050916606899e-05): -176.2386063863061
 Davidson iteration 1.1 (tol=1.70333644350152e-05): -176.2386063875222 -174.6780901513401
 Davidson iteration 1.2 (tol=5.704359603428109e-06): -176.238606387715 -175.3690799543154 -174.2862538539585
 Elapsed time for davidson 42.28231 (sec) 
 Elapsed time for diagonalization 42.282519 (sec) 
 Elapsed time for mult 0.864211 (sec) 
 Energy = -176.2386063877144
 Elapsed time for measurement 0.125691 (sec) 
 Sample-based diagonalization: Energy = -176.2386063877144
 Sample-based diagonalization: density = [1.999980446895514,1.997881478673252,1.996945748520731,1.992640684993443,1.993873002438464,1.99554441231877,1.990475373587753,1.993873373400814,1.98999491420277,1.98995759252313,1.987541596330292,1.968802046906577,1.992497054288819,1.990983936735695,1.956182185840891,0.07818694939829507,0.0107515343480899,0.008014540469103968,0.008625059466705474,0.01137617731352703,0.004260870047430983,0.006832877604048378,0.00515426158936574,0.008586651225576393,0.001813069408336255,0.006958929428090967,0.01226523188459481
 Sample-based diagonalization: carryover bitstrings = [], size = 0
