 Elapsed time for helper construction 1.266227 (sec) 
 Elapsed time for init 0.020687 (sec) 
 Elapsed time for makeQChamDiagTerms 16.046303 (sec) 
 Davidson iteration 0.0 (tol=0.5709576923434854): -177.1741985934577
 Davidson iteration 0.1 (tol=0.1421063686392945): -177.3230623340687 -175.3607090042881
 Davidson iteration 0.2 (tol=0.04050133372728627): -177.3321341702649 -175.7481419402542 -175.2873867296195
 Davidson iteration 0.3 (tol=0.01166112136394257): -177.3328475485725 -175.9567323216992 -175.2947040831834 -175.2136838703017
 Davidson iteration 0.4 (tol=0.003998318373571323): -177.332909574705 -176.2388309539899 -175.3978572280572 -175.2438699798149
 Davidson iteration 0.5 (tol=0.001285664700021553): -177.3329183960103 -176.6286812191883 -175.4365612712666 -175.3943282124773
 Davidson iteration 0.6 (tol=0.0004971864789921437): -177.332919325844 -176.8193469126818 -175.9172179600985 -175.4026514393941
 Davidson iteration 0.7 (tol=0.0002082166215718079): -177.3329194831221 -176.9464420368033 -176.3863363730081 -175.6483335160213
 Davidson iteration 1.0 (tol=0.000208216621571693): -177.3329194831239
 Davidson iteration 1.1 (tol=7.447030150891013e-05): -177.3329195029498 -175.9321700550889
 Davidson iteration 1.2 (tol=3.640453859256625e-05): -177.3329195074363 -176.7519046485119 -175.6221411968837
 Davidson iteration 1.3 (tol=1.241066063909046e-05): -177.332919508151 -176.9538602095846 -175.8140808377913 -175.0337692531496
 Davidson iteration 1.4 (tol=4.589867454204606e-06): -177.3329195082336 -177.016199572995 -175.8523072755783 -175.7322991923404
 Elapsed time for davidson 47.229372 (sec) 
 Elapsed time for diagonalization 47.229479 (sec) 
 Elapsed time for mult 0.877444 (sec) 
 Energy = -177.3329195082308
 Elapsed time for measurement 0.128718 (sec) 
 Sample-based diagonalization: Energy = -177.3329195082308
 Sample-based diagonalization: density = [1.999977233511957,1.995435239449715,1.995100446542834,1.99496131492989,1.991785629871167,1.994429455247303,1.986781138719475,1.989713106856322,1.98926014966825,1.987947951150643,1.991205856939685,1.981466796281085,1.986071776136958,1.988629409857493,1.955366919922939,0.07802548412759894,0.015652466635709,0.01162608734945129,0.0105564915904385,0.01002401164778024,0.00449593867707325,0.002840022567314016,0.006084993087367018,0.01048014502486448,0.01195602578682751,0.01012590814882532
 Sample-based diagonalization: carryover bitstrings = [], size = 0
