 Elapsed time for helper construction 0.211914 (sec) 
 Elapsed time for init 0.00277 (sec) 
 Elapsed time for makeQChamDiagTerms 0.628702 (sec) 
 Davidson iteration 0.0 (tol=0.5313076571941012): -134.7135122293268
 Davidson iteration 0.1 (tol=0.2301864203496946): -134.8314869378926 -132.714115902632
 Davidson iteration 0.2 (tol=0.1025101969061505): -134.8469184445569 -133.1653709375896 -131.7871034533118
 Davidson iteration 0.3 (tol=0.03967441052148615): -134.850005371138 -133.3860445556771 -132.1654896239779 -131.4004323440668
 Davidson iteration 0.4 (tol=0.01559201443159049): -134.8503961515148 -133.5531045135095 -132.4766198292033 -131.8132835453133
 Davidson iteration 0.5 (tol=0.00534009369454151): -134.8504665221138 -133.7831664406212 -132.6735044138331 -132.0378171988823
 Davidson iteration 0.6 (tol=0.002429816486514441): -134.8504739362046 -133.8885037015885 -132.8447401488562 -132.0387709161752
 Davidson iteration 0.7 (tol=0.0009488131835124128): -134.8504752906479 -133.9723704978062 -133.1316515119486 -132.2499214520272
 Davidson iteration 1.0 (tol=0.0009488131835106557): -134.8504752906481
 Davidson iteration 1.1 (tol=0.0004842997194099244): -134.8504755005348 -132.0846071139308
 Davidson iteration 1.2 (tol=0.0002308523359058746): -134.8504755701396 -133.6110368349348 -129.4061171758768
 Davidson iteration 1.3 (tol=9.805073562173404e-05): -134.850475586227 -134.1040127432175 -131.6841129998661 -128.4534913242622
 Davidson iteration 1.4 (tol=4.382154306623301e-05): -134.8504755884393 -134.2427258814603 -131.7185520565005 -131.1048754078362
 Davidson iteration 1.5 (tol=1.816241498898266e-05): -134.8504755888894 -134.3149554479876 -132.3589744818482 -131.6730102950929
 Davidson iteration 1.6 (tol=8.292254456244301e-06): -134.8504755889778 -134.3836331526987 -133.2738205530706 -131.8171379908818
 Elapsed time for davidson 6.428704 (sec) 
 Elapsed time for diagonalization 6.428718 (sec) 
 Elapsed time for mult 0.214904 (sec) 
 Energy = -134.8504755889778
 Elapsed time for measurement 0.0089 (sec) 
 Sample-based diagonalization: Energy = -134.8504755889778
 Sample-based diagonalization: density = [1.999996554078355,1.996204021371959,1.992874317912703,1.990953602283521,1.98433624247331,1.99271389695449,1.969304733579925,1.980298179953884,1.980214193724669,1.947726134849241,0.09059862314744171,0.02063787481177333,0.01422872478324511,0.02229786544920322,0.01761503458518242
 Sample-based diagonalization: carryover bitstrings = [], size = 0
