 Elapsed time for helper construction 0.602893 (sec) 
 Elapsed time for init 0.012396 (sec) 
 Elapsed time for makeQChamDiagTerms 2.791532 (sec) 
 Davidson iteration 0.0 (tol=0.5626996737383138): -147.5339106723027
 Davidson iteration 0.1 (tol=0.2540650974374657): -147.6689691821148 -145.6166721265461
 Davidson iteration 0.2 (tol=0.1172138835596566): -147.688508422991 -146.0732960756679 -144.7929738179879
 Davidson iteration 0.3 (tol=0.04598101755509772): -147.692761881273 -146.274281317919 -145.0904135534045 -144.4825671560256
 Davidson iteration 0.4 (tol=0.01975972606631752): -147.6933304410707 -146.4663418958781 -145.4141133486429 -144.785530151825
 Davidson iteration 0.5 (tol=0.007563617118790592): -147.6934550009722 -146.7449580507366 -145.5885697291365 -145.0653459478567
 Davidson iteration 0.6 (tol=0.003720137228043732): -147.6934710066395 -146.8603104149168 -145.7506157134866 -145.0660381358938
 Davidson iteration 0.7 (tol=0.001465473660578289): -147.6934743146318 -146.9344323787243 -146.0062371202095 -145.2368311723812
 Davidson iteration 1.0 (tol=0.001465473660584638): -147.693474314631
 Davidson iteration 1.1 (tol=0.000777864324010924): -147.6934748620068 -145.2987296872123
 Davidson iteration 1.2 (tol=0.00040250871792182): -147.6934750508901 -146.4974167493231 -142.8592176413325
 Davidson iteration 1.3 (tol=0.0001783942035477972): -147.6934751032986 -146.9379940248682 -144.7625553340566 -141.7100007013803
 Davidson iteration 1.4 (tol=8.544021974619332e-05): -147.693475111817 -147.1046705696808 -144.910632447388 -144.4802074810007
 Davidson iteration 1.5 (tol=3.616715592050141e-05): -147.6934751138422 -147.180388794843 -145.4759741553642 -144.7283759319115
 Davidson iteration 1.6 (tol=1.681455109357097e-05): -147.6934751142323 -147.2300603519298 -146.0913870816343 -145.1427739826004
 Davidson iteration 1.7 (tol=6.352725301144888e-06): -147.6934751143104 -147.254812802514 -146.451436472275 -145.1481341274288
 Elapsed time for davidson 26.091274 (sec) 
 Elapsed time for diagonalization 26.092241 (sec) 
 Elapsed time for mult 0.737833 (sec) 
 Energy = -147.69347511431
 Elapsed time for measurement 0.034398 (sec) 
 Sample-based diagonalization: Energy = -147.69347511431
 Sample-based diagonalization: density = [1.999996997033172,1.996940532271776,1.99213289938192,1.994500658003117,1.98690205475969,1.98370299826305,1.996704350269733,1.966125634672923,1.969193294783448,1.981261293862308,1.930273011951209,0.110860339183689,0.008731456055399434,0.01978260967886558,0.02101873549527997,0.02030653964820692,0.02156659450978169
 Sample-based diagonalization: carryover bitstrings = [], size = 0
