 Elapsed time for helper construction 1.461877 (sec) 
 Elapsed time for init 0.04315799999999999 (sec) 
 Elapsed time for makeQChamDiagTerms 14.991783 (sec) 
 Davidson iteration 0.0 (tol=0.6608671234718841): -141.7592759219116
 Davidson iteration 0.1 (tol=0.1829398934500415): -141.9459527291153 -139.6727634336673
 Davidson iteration 0.2 (tol=0.05464271854383589): -141.9578105931531 -140.0928590747546 -139.4181614258086
 Davidson iteration 0.3 (tol=0.01651197558497688): -141.9589285176504 -140.3064825395002 -139.5966279414224 -139.4079374049552
 Davidson iteration 0.4 (tol=0.00659586734674779): -141.9590634354055 -140.883078066068 -139.6926509781194 -139.5932435871363
 Davidson iteration 0.5 (tol=0.002684859172822704): -141.9590845949085 -141.2835180999199 -139.8783020474471 -139.6079399131916
 Davidson iteration 0.6 (tol=0.0009016474266717678): -141.9590877483225 -141.394233085755 -140.2494950228823 -139.7207491322056
 Davidson iteration 0.7 (tol=0.0003084949621608341): -141.9590880662082 -141.4315706875671 -140.4669869718529 -139.8453876660199
 Davidson iteration 1.0 (tol=0.000308494962162788): -141.9590880662087
 Davidson iteration 1.1 (tol=0.0001292865347014743): -141.959088101256 -140.1210036455079
 Davidson iteration 1.2 (tol=6.357556707735926e-05): -141.9590881112 -141.1617969965866 -139.1115660947694
 Davidson iteration 1.3 (tol=2.825207810317516e-05): -141.9590881130918 -141.4789599922185 -139.4903040338168 -138.7610930441292
 Davidson iteration 1.4 (tol=1.10173635784172e-05): -141.959088113476 -141.5939214793132 -139.892997150957 -139.4898902020917
 Davidson iteration 1.5 (tol=4.053987114975243e-06): -141.959088113529 -141.6220137317629 -140.5158063063928 -139.6869571247103
 Elapsed time for davidson 65.33210099999999 (sec) 
 Elapsed time for diagonalization 65.34271699999999 (sec) 
 Elapsed time for mult 1.853493 (sec) 
 Energy = -141.9590881135281
 Elapsed time for measurement 0.127256 (sec) 
 Sample-based diagonalization: Energy = -141.9590881135281
 Sample-based diagonalization: density = [1.99997161482738,1.993452037295634,1.991765775389675,1.988198289678585,1.986640430939078,1.986555862000028,1.983107837611884,1.982391932709069,1.978661801983749,1.957884792195666,1.9891543162901,1.985401551506356,1.983062396339971,0.04717043245564137,0.0145756505318378,0.02088447685573896,0.02281502753436188,0.0125187129460298,0.01580250739823258,0.01329730567803186,0.01107338880560824,0.01206815209470244,0.01134988953415823,0.01219581702574724
 Sample-based diagonalization: carryover bitstrings = [], size = 0
