 Elapsed time for helper construction 1.447541 (sec) 
 Elapsed time for init 0.0213 (sec) 
 Elapsed time for makeQChamDiagTerms 12.970022 (sec) 
 Davidson iteration 0.0 (tol=0.6552904167584122): -126.877017273905
 Davidson iteration 0.1 (tol=0.1670168799770422): -127.0698415579675 -124.7424558100325
 Davidson iteration 0.2 (tol=0.03118407502884323): -127.0789991821504 -125.0334028199236 -123.9872110310467
 Davidson iteration 0.3 (tol=0.00792635336438711): -127.0793118387557 -125.1351708906415 -124.3862261955139 -123.9097122159875
 Davidson iteration 0.4 (tol=0.002202008682632589): -127.0793336294671 -125.3026165401014 -124.6903132817062 -124.0948094556725
 Davidson iteration 0.5 (tol=0.0005899538600298383): -127.0793352442348 -125.5006885592709 -124.9019888039034 -124.0953312685647
 Davidson iteration 0.6 (tol=0.0001501639260977349): -127.0793353550789 -125.6224265587656 -125.035723808763 -124.3400216155051
 Davidson iteration 0.7 (tol=3.818859836634412e-05): -127.0793353621486 -125.6722212118713 -125.1324723989193 -124.517089431715
 Davidson iteration 1.0 (tol=3.818859836706044e-05): -127.079335362149
 Davidson iteration 1.1 (tol=1.251555526291653e-05): -127.0793353625752 -124.1023233423156
 Davidson iteration 1.2 (tol=3.722837660490026e-06): -127.0793353626324 -125.1333807287486 -123.2722468859824
 Elapsed time for davidson 52.632189 (sec) 
 Elapsed time for diagonalization 52.632456 (sec) 
 Elapsed time for mult 1.903217 (sec) 
 Energy = -127.0793353626322
 Elapsed time for measurement 0.1181 (sec) 
 Sample-based diagonalization: Energy = -127.0793353626322
 Sample-based diagonalization: density = [1.999971113136525,1.990813675116984,1.989063991714028,1.98614238178339,1.986921370178094,1.982816791536422,1.980497565299389,1.981428441889312,1.982484376932338,1.976339697877305,1.976742106574755,1.977477090800564,0.01877506705851875,0.01856887499679626,0.01285651213983544,0.01711987321992671,0.01568914046446504,0.01666980916174353,0.01698719909183917,0.01409628999622534,0.01435575008758224,0.01442019200228156,0.01507787642206016,0.01468481215684434
 Sample-based diagonalization: carryover bitstrings = [], size = 0
