 Elapsed time for helper construction 0.427731 (sec) 
 Elapsed time for init 0.011011 (sec) 
 Elapsed time for makeQChamDiagTerms 1.71919 (sec) 
 Davidson iteration 0.0 (tol=0.5461554389110256): -148.3365391442885
 Davidson iteration 0.1 (tol=0.2407998789845615): -148.4657517162597 -146.4235674316966
 Davidson iteration 0.2 (tol=0.1086345848713721): -148.4830503069916 -146.8615261769136 -145.5193025908738
 Davidson iteration 0.3 (tol=0.04183192347079567): -148.4866387614438 -147.0735875038687 -145.819482215443 -145.1861695385523
 Davidson iteration 0.4 (tol=0.01709782832405307): -148.4871042914152 -147.2625684170282 -146.13636976565 -145.5371797885255
 Davidson iteration 0.5 (tol=0.00631009077154037): -148.4872007114354 -147.5560491775297 -146.3997912701246 -145.7850101676204
 Davidson iteration 0.6 (tol=0.002953488700199637): -148.4872122485268 -147.6807197633534 -146.5572427559991 -145.7880939971475
 Davidson iteration 0.7 (tol=0.001185911030195075): -148.4872144670753 -147.7676481467682 -146.8074287703811 -146.0062958821241
 Davidson iteration 1.0 (tol=0.001185911030198766): -148.4872144670738
 Davidson iteration 1.1 (tol=0.0006148475277686661): -148.4872148159039 -145.8350585488724
 Davidson iteration 1.2 (tol=0.000297735531501396): -148.4872149337715 -147.309091268807 -143.0246537593564
 Davidson iteration 1.3 (tol=0.0001262679433961101): -148.4872149619181 -147.7372878887585 -145.302124513057 -142.0992004020549
 Davidson iteration 1.4 (tol=5.630850870597568e-05): -148.4872149658779 -147.8812676769389 -145.3069274754753 -144.9562811799021
 Davidson iteration 1.5 (tol=2.314381349211408e-05): -148.4872149666554 -147.9567917966071 -146.1245339407616 -145.3067308498221
 Davidson iteration 1.6 (tol=1.01402924283155e-05): -148.4872149668001 -148.0065056334348 -146.821017858097 -145.5870573724823
 Davidson iteration 1.7 (tol=3.764608339253922e-06): -148.4872149668295 -148.0359071395209 -147.2901265545273 -145.5895271884702
 Elapsed time for davidson 16.468535 (sec) 
 Elapsed time for diagonalization 16.468654 (sec) 
 Elapsed time for mult 0.596038 (sec) 
 Energy = -148.4872149668319
 Elapsed time for measurement 0.021338 (sec) 
 Sample-based diagonalization: Energy = -148.4872149668319
 Sample-based diagonalization: density = [1.999996905114403,1.997810909149289,1.992398784483134,1.994389559823597,1.989920994524623,1.986206745856831,1.984778599371212,1.979259842165033,1.969479098163667,1.983764303744365,1.930882514211096,0.1067199941981298,0.01417379355531507,0.006942308180253888,0.01886017626968283,0.02504882816009639,0.01936664293163533
 Sample-based diagonalization: carryover bitstrings = [], size = 0
