 Elapsed time for helper construction 0.471774 (sec) 
 Elapsed time for init 0.004856 (sec) 
 Elapsed time for makeQChamDiagTerms 2.39337 (sec) 
 Davidson iteration 0.0 (tol=0.5498729891627939): -150.1607128187267
 Davidson iteration 0.1 (tol=0.2344943835599659): -150.2823250853897 -148.1024923189213
 Davidson iteration 0.2 (tol=0.1006983084804447): -150.2979534024176 -148.5413815742863 -147.195331138995
 Davidson iteration 0.3 (tol=0.03797327298928806): -150.3007990827112 -148.7632916490679 -147.5287289692839 -146.8555026025947
 Davidson iteration 0.4 (tol=0.01440351428106411): -150.3011722516489 -148.9515809860361 -147.7628426249933 -147.1914325117088
 Davidson iteration 0.5 (tol=0.005501052888088827): -150.301233235467 -149.1981171146126 -148.0099576137494 -147.2329719455972
 Davidson iteration 0.6 (tol=0.002379277769200749): -150.3012401270898 -149.3272627606694 -148.1989539356075 -147.2884977360062
 Davidson iteration 0.7 (tol=0.0008349004505923428): -150.3012416621635 -149.4239385457831 -148.4606935682561 -147.6086271173121
 Davidson iteration 1.0 (tol=0.0008349004505941805): -150.3012416621639
 Davidson iteration 1.1 (tol=0.0003868605051584831): -150.3012418401032 -147.9402905625946
 Davidson iteration 1.2 (tol=0.0001953743027409531): -150.3012418902448 -149.0101013810531 -146.222528888976
 Davidson iteration 1.3 (tol=8.309270033965348e-05): -150.3012419008689 -149.4622370683776 -146.5355178526505 -145.9169419938349
 Davidson iteration 1.4 (tol=3.127821905166797e-05): -150.3012419025445 -149.6444424523102 -147.1721236159427 -146.5219666546866
 Davidson iteration 1.5 (tol=1.235518590442418e-05): -150.3012419028324 -149.7098544918393 -147.910022900738 -146.9518148161102
 Davidson iteration 1.6 (tol=5.722830163789801e-06): -150.3012419028772 -149.7792731037305 -148.6761681945642 -147.1909139650892
 Elapsed time for davidson 21.882986 (sec) 
 Elapsed time for diagonalization 21.88311 (sec) 
 Elapsed time for mult 0.757896 (sec) 
 Energy = -150.3012419028778
 Elapsed time for measurement 0.187595 (sec) 
 Sample-based diagonalization: Energy = -150.3012419028778
 Sample-based diagonalization: density = [1.999996586338517,1.997089097898719,1.992838944205948,1.992345199669214,1.990367012413824,1.986656679047733,1.977099939382926,1.992679339444055,1.982288169862974,1.982396781184847,1.943614970786461,0.08659679088943534,0.02248591629566113,0.003835915615619264,0.01405307848859953,0.0192026945465389,0.01645288377501938
 Sample-based diagonalization: carryover bitstrings = [], size = 0
