 Elapsed time for helper construction 1.066093 (sec) 
 Elapsed time for init 0.038812 (sec) 
 Elapsed time for makeQChamDiagTerms 14.476366 (sec) 
 Davidson iteration 0.0 (tol=0.6018125535334889): -178.1718853446646
 Davidson iteration 0.1 (tol=0.1748905980259741): -178.3376625546552 -176.3906429264696
 Davidson iteration 0.2 (tol=0.05266585545138928): -178.3500486764258 -176.6812172099154 -176.2549100736267
 Davidson iteration 0.3 (tol=0.01464997710024394): -178.3511954540643 -176.7637980737193 -176.2586545198708 -176.2189038140117
 Davidson iteration 0.4 (tol=0.005333620344952932): -178.3512934696684 -177.1547840019903 -176.3074072626448 -176.2585909233255
 Davidson iteration 0.5 (tol=0.001707367283635764): -178.3513081723549 -177.4974623615727 -176.424490888977 -176.2589390656195
 Davidson iteration 0.6 (tol=0.0005523727092177383): -178.3513095746019 -177.6727216799067 -176.5175369040823 -176.423698831494
 Davidson iteration 0.7 (tol=0.0001749291856242658): -178.351309699277 -177.7058634075318 -176.8570946538866 -176.4271170151515
 Davidson iteration 1.0 (tol=0.0001749291856267173): -178.3513096992787
 Davidson iteration 1.1 (tol=7.19262894628513e-05): -178.3513097119057 -176.7546979913397
 Davidson iteration 1.2 (tol=2.740169480194677e-05): -178.3513097145915 -177.4632069985499 -175.5726135074393
 Davidson iteration 1.3 (tol=9.939853975046234e-06): -178.351309714938 -177.7716748204923 -176.1671226293232 -175.3600032593466
 Elapsed time for davidson 46.383487 (sec) 
 Elapsed time for diagonalization 46.414745 (sec) 
 Elapsed time for mult 0.90615 (sec) 
 Energy = -178.3513097149361
 Elapsed time for measurement 0.115175 (sec) 
 Sample-based diagonalization: Energy = -178.3513097149361
 Sample-based diagonalization: density = [1.999977576228817,1.995001095451093,1.994453489829521,1.993835257380104,1.992297615357654,1.994638832182064,1.989504806440112,1.992780661379962,1.987317493613972,1.982864891175786,1.982873748283677,1.975316964286336,1.99595903643736,1.990095388052513,1.936107157213096,0.09053450694537074,0.006176218730389314,0.01222387621526547,0.0161023145737802,0.01418998459349451,0.008196041719628615,0.007598596615738862,0.01224808327950728,0.003150091414665435,0.01274091096727684,0.01381536136706857
 Sample-based diagonalization: carryover bitstrings = [], size = 0
