 Elapsed time for helper construction 0.9082479999999999 (sec) 
 Elapsed time for init 0.006594999999999999 (sec) 
 Elapsed time for makeQChamDiagTerms 4.159873 (sec) 
 Davidson iteration 0.0 (tol=0.5495683908328612): -150.421755176619
 Davidson iteration 0.1 (tol=0.2200666442333897): -150.5458974288602 -148.4326936026804
 Davidson iteration 0.2 (tol=0.08733263220657979): -150.5603732349847 -148.8359000821236 -147.6822348158856
 Davidson iteration 0.3 (tol=0.02943940259122789): -150.5627627617015 -149.0177594564006 -147.9678333440189 -147.5519124891876
 Davidson iteration 0.4 (tol=0.01098782856291549): -150.5630256445352 -149.2575261234313 -148.2185273025596 -147.6929643142886
 Davidson iteration 0.5 (tol=0.003938206755483945): -150.5630705718085 -149.6088684252814 -148.4366606473854 -147.9699432297241
 Davidson iteration 0.6 (tol=0.001575183017403774): -150.5630755325684 -149.7456730278943 -148.579568828658 -147.9860159193964
 Davidson iteration 0.7 (tol=0.0005941889184470318): -150.5630762857195 -149.8309252741986 -148.9419869087385 -148.2065338731274
 Davidson iteration 1.0 (tol=0.0005941889184407257): -150.5630762857194
 Davidson iteration 1.1 (tol=0.0002796026545397646): -150.5630763875298 -148.4398995423509
 Davidson iteration 1.2 (tol=0.0001277531669760232): -150.563076416953 -149.5311942821772 -146.5443283679526
 Davidson iteration 1.3 (tol=4.949297226851883e-05): -150.5630764226867 -149.8994277937395 -147.8548479371383 -146.1027628827233
 Davidson iteration 1.4 (tol=2.072081900019013e-05): -150.5630764234686 -150.029039291157 -148.0304381076431 -147.8081931849968
 Davidson iteration 1.5 (tol=8.668014791154606e-06): -150.5630764236111 -150.113614516009 -148.8881818024799 -147.879294670564
 Elapsed time for davidson 25.335116 (sec) 
 Elapsed time for diagonalization 25.339202 (sec) 
 Elapsed time for mult 0.670746 (sec) 
 Energy = -150.5630764236114
 Elapsed time for measurement 0.043774 (sec) 
 Sample-based diagonalization: Energy = -150.5630764236114
 Sample-based diagonalization: density = [1.999996581269864,1.997911060012221,1.992727426801194,1.992168273456494,1.991231720991806,1.98796179797882,1.973727566630932,1.992117943692471,1.981055204052235,1.984844127881598,1.943047010651225,0.08890301217836946,0.01766159883355094,0.006051882454413684,0.002484433135319629,0.01198227421862166,0.002781303369686016,0.01717929716680126,0.01616748502833375
 Sample-based diagonalization: carryover bitstrings = [], size = 0
