 Elapsed time for helper construction 1.406495 (sec) 
 Elapsed time for init 0.02166 (sec) 
 Elapsed time for makeQChamDiagTerms 15.061509 (sec) 
 Davidson iteration 0.0 (tol=0.5790097192978827): -138.8055047017585
 Davidson iteration 0.1 (tol=0.1102653041668808): -138.9583706432656 -136.7362507592655
 Davidson iteration 0.2 (tol=0.03371933454643992): -138.9634179382235 -137.4427895870131 -136.6596819475401
 Davidson iteration 0.3 (tol=0.007673958446179283): -138.9638935672255 -137.5137406813457 -136.8291554913907 -136.5977084787037
 Davidson iteration 0.4 (tol=0.00221460033267249): -138.9639285588357 -138.1813891969669 -136.9114899485413 -136.709265558077
 Davidson iteration 0.5 (tol=0.0005356040133227533): -138.9639308256022 -138.3262135141529 -136.9330240909287 -136.8588128585041
 Davidson iteration 0.6 (tol=0.0001352786737610956): -138.9639309531682 -138.3973305807654 -137.1517468780029 -136.8634263313226
 Davidson iteration 0.7 (tol=3.063035722288733e-05): -138.9639309606989 -138.4211699269562 -137.3415071283918 -136.8639423775572
 Davidson iteration 1.0 (tol=3.063035722324406e-05): -138.9639309606974
 Davidson iteration 1.1 (tol=7.990771609705138e-06): -138.9639309610322 -136.6422207504319
 Elapsed time for davidson 42.568719 (sec) 
 Elapsed time for diagonalization 42.568993 (sec) 
 Elapsed time for mult 1.042621 (sec) 
 Energy = -138.9639309610346
 Elapsed time for measurement 0.136217 (sec) 
 Sample-based diagonalization: Energy = -138.9639309610346
 Sample-based diagonalization: density = [1.999975823566954,1.994710436599743,1.991014912195609,1.989936922462657,1.988132851041928,1.98872737596016,1.987959117425584,1.98339090413244,1.986081451347955,1.982016980355401,1.982535169227578,1.991481341478003,1.982881385380175,0.01461194156017217,0.01155162131213314,0.01755083824942552,0.01634021961303799,0.01293152142969691,0.005810315798592959,0.01453742656962327,0.01331222359420208,0.01158792903629301,0.01461587863434195,0.007390944802284994,0.01091446794583223
 Sample-based diagonalization: carryover bitstrings = [], size = 0
