 Elapsed time for helper construction 1.891067 (sec) 
 Elapsed time for init 0.048761 (sec) 
 Elapsed time for makeQChamDiagTerms 16.047395 (sec) 
 Davidson iteration 0.0 (tol=0.6528252669750141): -164.0804521764958
 Davidson iteration 0.1 (tol=0.2209109364223988): -164.26329629816 -162.089516517903
 Davidson iteration 0.2 (tol=0.07492696858314399): -164.2800731667064 -162.4310394929825 -161.7011667022395
 Davidson iteration 0.3 (tol=0.02257940478854534): -164.2821562891069 -162.6239098294545 -161.8405405745664 -161.7009355053449
 Davidson iteration 0.4 (tol=0.009294651026345266): -164.2823707707985 -163.0259050930458 -161.9616954038633 -161.721809173366
 Davidson iteration 0.5 (tol=0.003568832332778818): -164.2824114610525 -163.4540091039723 -162.1563114938262 -161.8899805310067
 Davidson iteration 0.6 (tol=0.00126920853009767): -164.2824168666585 -163.5927259705257 -162.3520613326443 -161.9422741125705
 Davidson iteration 0.7 (tol=0.0005107477535039019): -164.2824175717513 -163.6652694168733 -162.8930807004483 -162.0878693615906
 Davidson iteration 1.0 (tol=0.0005107477534770487): -164.282417571754
 Davidson iteration 1.1 (tol=0.0002043768640371393): -164.2824176659554 -162.2318828825263
 Davidson iteration 1.2 (tol=9.900463928924933e-05): -164.2824176924383 -163.4310393890561 -161.9644159328427
 Davidson iteration 1.3 (tol=3.648880495277776e-05): -164.2824176965804 -163.6823154230516 -161.9663311904768 -161.6663877764333
 Davidson iteration 1.4 (tol=1.632361173411806e-05): -164.2824176972067 -163.8228363433436 -162.3514989733363 -161.9147123963896
 Davidson iteration 1.5 (tol=6.675627908238464e-06): -164.2824176973271 -163.8807820098425 -162.9343948735576 -162.0152996649841
 Elapsed time for davidson 63.23925 (sec) 
 Elapsed time for diagonalization 63.240852 (sec) 
 Elapsed time for mult 1.76627 (sec) 
 Energy = -164.282417697324
 Elapsed time for measurement 0.136891 (sec) 
 Sample-based diagonalization: Energy = -164.282417697324
 Sample-based diagonalization: density = [1.999975670814073,1.993876017546429,1.994105988857863,1.992545760001177,1.988792633959596,1.989927451777777,1.986357997431817,1.984002860455989,1.982385100113943,1.984917046172893,1.969572952490749,1.988268353140012,1.986130849680285,1.947404303250352,0.08810955458773122,0.01793426329336761,0.01631528290646382,0.01497614249248317,0.01069258653327635,0.009800866836272484,0.006846282434408235,0.01275766443637189,0.00646389248733048,0.01062333298309466,0.01721714486733424
 Sample-based diagonalization: carryover bitstrings = [], size = 0
