 Elapsed time for helper construction 1.479308 (sec) 
 Elapsed time for init 0.022634 (sec) 
 Elapsed time for makeQChamDiagTerms 13.258919 (sec) 
 Davidson iteration 0.0 (tol=0.6544888930401777): -128.2483727981355
 Davidson iteration 0.1 (tol=0.1538334010849247): -128.4409113056326 -126.1129428790634
 Davidson iteration 0.2 (tol=0.0266714879306247): -128.448762291685 -126.3847588261791 -125.4213489698923
 Davidson iteration 0.3 (tol=0.006478270492247872): -128.4489941763992 -126.4753351075486 -125.8273486667631 -125.323102088609
 Davidson iteration 0.4 (tol=0.001781473865761859): -128.4490089655638 -126.6402198755611 -126.1124459710193 -125.4895613463052
 Davidson iteration 0.5 (tol=0.0004566900979993672): -128.4490100236837 -126.8563515285472 -126.2813749486749 -125.4897317575223
 Davidson iteration 0.6 (tol=0.0001058705528790165): -128.4490100899468 -126.9740227691543 -126.3806378601707 -125.7306901481217
 Davidson iteration 0.7 (tol=2.540654211835172e-05): -128.4490100934899 -127.0105765353421 -126.4568084815808 -125.9392818418719
 Davidson iteration 1.0 (tol=2.540654211796069e-05): -128.4490100934887
 Davidson iteration 1.1 (tol=7.922127896104031e-06): -128.4490100936836 -125.5504888156206
 Elapsed time for davidson 48.647167 (sec) 
 Elapsed time for diagonalization 48.647336 (sec) 
 Elapsed time for mult 1.644514 (sec) 
 Energy = -128.449010093685
 Elapsed time for measurement 0.124719 (sec) 
 Sample-based diagonalization: Energy = -128.449010093685
 Sample-based diagonalization: density = [1.999970310144372,1.99083026769198,1.989422619654295,1.986138562316477,1.986632912227506,1.982224446599125,1.981073066060392,1.98132277558252,1.982924766640802,1.977842467824981,1.978458486098612,1.978036251536603,0.01587542520337018,0.0182352683572636,0.01854335021770048,0.0114695740230808,0.01695677816945823,0.01421712406854615,0.01663793007015785,0.01455377260676435,0.01379232496705612,0.01541678950802921,0.01630113233879585,0.01312359773185322
 Sample-based diagonalization: carryover bitstrings = [], size = 0
