 Elapsed time for helper construction 0.549451 (sec) 
 Elapsed time for init 0.017647 (sec) 
 Elapsed time for makeQChamDiagTerms 3.128433 (sec) 
 Davidson iteration 0.0 (tol=0.5507036207813935): -149.3253664822689
 Davidson iteration 0.1 (tol=0.2358554607323885): -149.4541607331467 -147.3705666903096
 Davidson iteration 0.2 (tol=0.1040485659238869): -149.4707781403589 -147.8168136609201 -146.5158332724866
 Davidson iteration 0.3 (tol=0.03871406344178501): -149.4741338525049 -148.0325218045113 -146.8250024913491 -146.2673772500088
 Davidson iteration 0.4 (tol=0.01602691393505726): -149.4745509760211 -148.2509400281943 -147.1731849854861 -146.5030979367959
 Davidson iteration 0.5 (tol=0.006289455890716497): -149.4746383691331 -148.5637318437308 -147.400741533328 -146.8154553065892
 Davidson iteration 0.6 (tol=0.002976412789152128): -149.4746500718847 -148.6953930725929 -147.5782761558688 -146.816654089928
 Davidson iteration 0.7 (tol=0.001175707448765891): -149.4746525138449 -148.7900662390301 -147.8912480910336 -147.064322159448
 Davidson iteration 1.0 (tol=0.001175707448763821): -149.4746525138448
 Davidson iteration 1.1 (tol=0.000600904946406208): -149.474652906398 -147.4092759291657
 Davidson iteration 1.2 (tol=0.0003137595429614707): -149.4746530399186 -148.4848105190002 -145.2008076990227
 Davidson iteration 1.3 (tol=0.0001326617830178874): -149.4746530738241 -148.8551528179259 -146.5605627396987 -144.5886746199814
 Davidson iteration 1.4 (tol=5.892034954102661e-05): -149.4746530789948 -148.9828366088994 -146.7421876477091 -146.3923516198745
 Davidson iteration 1.5 (tol=2.400812223373933e-05): -149.4746530800593 -149.033992876792 -147.4261361594401 -146.5777004839412
 Davidson iteration 1.6 (tol=1.047095315876569e-05): -149.474653080247 -149.0717249903183 -147.998538503348 -146.9659484498423
 Davidson iteration 1.7 (tol=3.891549046515703e-06): -149.4746530802817 -149.0852817408836 -148.3681870230441 -147.0030500516951
 Elapsed time for davidson 26.757943 (sec) 
 Elapsed time for diagonalization 26.758914 (sec) 
 Elapsed time for mult 0.710102 (sec) 
 Energy = -149.4746530802823
 Elapsed time for measurement 0.037582 (sec) 
 Sample-based diagonalization: Energy = -149.4746530802823
 Sample-based diagonalization: density = [1.999996840231082,1.997933216139829,1.992477738833097,1.993363465846428,1.98805123874775,1.987156121814007,1.991351884843227,1.976195695392648,1.965453805510233,1.983530848647385,1.940718272890823,0.1007371654468604,0.01435682836044049,0.01007613671272047,0.0185305861100578,0.001205197631304048,0.01936498025944761,0.01949997641214793
 Sample-based diagonalization: carryover bitstrings = [], size = 0
