 Elapsed time for helper construction 1.238981 (sec) 
 Elapsed time for init 0.018011 (sec) 
 Elapsed time for makeQChamDiagTerms 10.620613 (sec) 
 Davidson iteration 0.0 (tol=0.6735808613177431): -155.9797587718196
 Davidson iteration 0.1 (tol=0.2508590661117148): -156.1714300121949 -153.8868012259019
 Davidson iteration 0.2 (tol=0.09454574465313437): -156.1908676897088 -154.2499383067399 -153.1821176227036
 Davidson iteration 0.3 (tol=0.03077929761412941): -156.193711852886 -154.5225976828506 -153.3400814003903 -152.8755396133533
 Davidson iteration 0.4 (tol=0.01267256828364295): -156.1940193536476 -154.8114312343196 -153.625472951174 -153.2101804047772
 Davidson iteration 0.5 (tol=0.005113450994561476): -156.1940796339092 -155.2105938285745 -153.9863449160362 -153.2499423474677
 Davidson iteration 0.6 (tol=0.002010520098127855): -156.1940884993425 -155.3889991771952 -154.1580719843868 -153.3560993465158
 Davidson iteration 0.7 (tol=0.0008175254902432352): -156.1940899936822 -155.4923577061031 -154.4726152618577 -153.7171181389137
 Davidson iteration 1.0 (tol=0.0008175254902470296): -156.1940899936852
 Davidson iteration 1.1 (tol=0.0004041728653885332): -156.1940902054556 -153.7872948223294
 Davidson iteration 1.2 (tol=0.0002026025816761253): -156.1940902779712 -155.1409734757869 -151.9232347664585
 Davidson iteration 1.3 (tol=8.025433747580973e-05): -156.1940902927306 -155.5165182330348 -153.124282746284 -151.60855124608
 Davidson iteration 1.4 (tol=3.245176976296954e-05): -156.1940902948191 -155.6202654455396 -153.6223946005303 -152.7748371971995
 Davidson iteration 1.5 (tol=1.318007287260727e-05): -156.1940902952075 -155.6772246496349 -154.5059434596363 -153.0806771147366
 Davidson iteration 1.6 (tol=5.563410251947626e-06): -156.1940902952699 -155.7331255342543 -154.9257359676627 -153.4144887100816
 Elapsed time for davidson 53.26553 (sec) 
 Elapsed time for diagonalization 53.265735 (sec) 
 Elapsed time for mult 1.484186 (sec) 
 Energy = -156.194090295268
 Elapsed time for measurement 0.094209 (sec) 
 Sample-based diagonalization: Energy = -156.194090295268
 Sample-based diagonalization: density = [1.999989191561199,1.991581817871828,1.99057878393012,1.989038530522567,1.983466872592012,1.982052424147482,1.981959995759591,1.982709573111302,1.984366712664609,1.974555646551357,1.982120046610945,1.984674362515591,1.949527578328294,0.08291618159556677,0.009631955602410151,0.01690687258616198,0.01993573559382122,0.01699755187658534,0.01300575298860479,0.01269727273205063,0.01893518788926771,0.01823723497256922,0.01411471763007492
 Sample-based diagonalization: carryover bitstrings = [], size = 0
