 Elapsed time for helper construction 0.9088459999999999 (sec) 
 Elapsed time for init 0.033348 (sec) 
 Elapsed time for makeQChamDiagTerms 8.987537999999999 (sec) 
 Davidson iteration 0.0 (tol=0.5184677652037137): -155.913276343428
 Davidson iteration 0.1 (tol=0.1369169272584832): -156.0384085034268 -154.188731130856
 Davidson iteration 0.2 (tol=0.03770057267927705): -156.046364840654 -154.5055635332541 -154.1194399312709
 Davidson iteration 0.3 (tol=0.01035821890630455): -156.0469316774158 -154.5248954416465 -154.264765489303 -153.9044580190161
 Davidson iteration 0.4 (tol=0.00340662190430277): -156.0469808593044 -154.8530168109586 -154.2660465652429 -154.0482028928368
 Davidson iteration 0.5 (tol=0.001000744520688666): -156.0469870324793 -155.2229362098499 -154.2674895750617 -154.052835153208
 Davidson iteration 0.6 (tol=0.0002957642274000007): -156.0469875082329 -155.3618374099479 -154.3741854346718 -154.2593631079373
 Davidson iteration 0.7 (tol=0.0001055626480058968): -156.046987550889 -155.3935318717544 -154.8777496455905 -154.3324180008653
 Davidson iteration 1.0 (tol=0.0001055626480032528): -156.0469875508892
 Davidson iteration 1.1 (tol=3.826088464852958e-05): -156.046987555737 -154.4362076890792
 Davidson iteration 1.2 (tol=1.592850899121958e-05): -156.0469875568122 -155.2385608829636 -154.2653833593505
 Davidson iteration 1.3 (tol=4.391410861370136e-06): -156.0469875569285 -155.4548957212606 -154.3364121082187 -153.6598562421046
 Elapsed time for davidson 32.261929 (sec) 
 Elapsed time for diagonalization 32.263059 (sec) 
 Elapsed time for mult 0.74612 (sec) 
 Energy = -156.0469875569273
 Elapsed time for measurement 0.07761 (sec) 
 Sample-based diagonalization: Energy = -156.0469875569273
 Sample-based diagonalization: density = [1.999983644709553,1.996815569318964,1.995035242242378,1.996305160644284,1.991909625861068,1.987718405649119,1.989796845711422,1.98871282594842,1.991750112331665,1.983027088941211,1.992015225279482,1.989943199414818,1.944188214670622,0.07522655093146929,0.01469740138798213,0.01029942399278022,0.00785403504326173,0.005973074078201435,0.005810542339229651,0.007593722841671327,0.01307199226259113,0.007095536392493335,0.00517655978007937
 Sample-based diagonalization: carryover bitstrings = [], size = 0
