 Elapsed time for helper construction 1.263671 (sec) 
 Elapsed time for init 0.018461 (sec) 
 Elapsed time for makeQChamDiagTerms 13.867055 (sec) 
 Davidson iteration 0.0 (tol=0.61029667344229): -133.1205010659619
 Davidson iteration 0.1 (tol=0.1384868435046817): -133.2970748502775 -131.2860786361152
 Davidson iteration 0.2 (tol=0.02500049832856406): -133.3049081589152 -131.3067662576359 -131.2110966322618
 Davidson iteration 0.3 (tol=0.005704628954452227): -133.305175011046 -131.6128954740846 -131.2241650433668 -130.9737897522269
 Davidson iteration 0.4 (tol=0.001568303750042094): -133.3051891467952 -131.8895727786298 -131.2416100391108 -131.1522885410016
 Davidson iteration 0.5 (tol=0.0003476376540413891): -133.305190113623 -132.0117790597631 -131.3065656738973 -131.2108766705793
 Davidson iteration 0.6 (tol=8.332160450955592e-05): -133.3051901586066 -132.112133647496 -131.4201287161319 -131.2547242857966
 Davidson iteration 0.7 (tol=1.93561988209965e-05): -133.3051901611781 -132.1521816394278 -131.5457424130832 -131.2730874006937
 Davidson iteration 1.0 (tol=1.935619882099249e-05): -133.305190161179
 Davidson iteration 1.1 (tol=6.947159953477408e-06): -133.3051901613374 -131.8038861990369
 Elapsed time for davidson 41.635209 (sec) 
 Elapsed time for diagonalization 41.635459 (sec) 
 Elapsed time for mult 1.12449 (sec) 
 Energy = -133.3051901613377
 Elapsed time for measurement 0.126245 (sec) 
 Sample-based diagonalization: Energy = -133.3051901613377
 Sample-based diagonalization: density = [1.999972890441874,1.990392544459327,1.99130864723091,1.98865047559435,1.987955488066023,1.985499831717094,1.984421068885582,1.988621555509975,1.985233089347048,1.980944519888417,1.983691268170956,1.985463645563532,1.959796761879534,0.04007627026942333,0.009773005662762844,0.01971016660953065,0.0150566650700903,0.01322164041254136,0.01697985847312079,0.0140956589123796,0.01262767022427516,0.01477833640161638,0.01269249842654389,0.01242362867345236,0.006612813780652855
 Sample-based diagonalization: carryover bitstrings = [], size = 0
