 Elapsed time for helper construction 1.255932 (sec) 
 Elapsed time for init 0.029862 (sec) 
 Elapsed time for makeQChamDiagTerms 10.964209 (sec) 
 Davidson iteration 0.0 (tol=0.6230504234703036): -164.5961528318689
 Davidson iteration 0.1 (tol=0.1812398620557393): -164.7690502850245 -162.6903803022955
 Davidson iteration 0.2 (tol=0.0575738015998227): -164.7813618676126 -162.9864805614436 -162.4305960358766
 Davidson iteration 0.3 (tol=0.01458655227415354): -164.7826471431392 -163.1287765966898 -162.4993977733801 -162.3684679955023
 Davidson iteration 0.4 (tol=0.005028635769871646): -164.7827392269349 -163.5277958980317 -162.5488518710701 -162.3779907406594
 Davidson iteration 0.5 (tol=0.001709096492986161): -164.7827505111023 -163.8771866734517 -162.7238247756184 -162.4967172939082
 Davidson iteration 0.6 (tol=0.0005311489617625601): -164.7827517835964 -163.9953332360719 -162.7840572475071 -162.6931423114628
 Davidson iteration 0.7 (tol=0.0001882594591103858): -164.7827519146376 -164.0853571472961 -163.377304613384 -162.7555976495165
 Davidson iteration 1.0 (tol=0.0001882594591078366): -164.7827519146377
 Davidson iteration 1.1 (tol=7.120868814983442e-05): -164.7827519292273 -163.015632888426
 Davidson iteration 1.2 (tol=2.976943410956956e-05): -164.7827519324578 -163.95352474201 -162.6873553875394
 Davidson iteration 1.3 (tol=9.632036105608583e-06): -164.7827519328214 -164.1014784353399 -162.7531130064041 -162.3124035176464
 Elapsed time for davidson 38.614082 (sec) 
 Elapsed time for diagonalization 38.621434 (sec) 
 Elapsed time for mult 0.971961 (sec) 
 Energy = -164.7827519328198
 Elapsed time for measurement 0.098729 (sec) 
 Sample-based diagonalization: Energy = -164.7827519328198
 Sample-based diagonalization: density = [1.999983534644918,1.99421672668797,1.995030364535539,1.99218833550428,1.989174352873508,1.990455529065124,1.992448221093005,1.987078046908541,1.979574275489544,1.985108311777315,1.96676560209676,1.99506661597767,1.987183480923498,1.950692808953729,0.08386361271392942,0.004376740814017449,0.01465841905669416,0.01489099290450248,0.01182042977153104,0.005078694739738999,0.009630533525693444,0.01041854823509302,0.01237275753721877,0.0119880524658629,0.01593501139159319
 Sample-based diagonalization: carryover bitstrings = [], size = 0
