 Elapsed time for helper construction 0.8480259999999999 (sec) 
 Elapsed time for init 0.014904 (sec) 
 Elapsed time for makeQChamDiagTerms 12.434092 (sec) 
 Davidson iteration 0.0 (tol=0.3453699947049117): -176.3348030440053
 Davidson iteration 0.1 (tol=0.07487984114655272): -176.4069757089549 -175.0283488408171
 Davidson iteration 0.2 (tol=0.01819752990364319): -176.4112872316911 -175.5546301380971 -174.97822972826
 Davidson iteration 0.3 (tol=0.004417632180874541): -176.4115046370462 -175.6498446060805 -175.1863656398834 -174.7916972499825
 Davidson iteration 0.4 (tol=0.00148553023069424): -176.4115183076431 -175.8382220042092 -175.1889763289338 -175.1304712517009
 Davidson iteration 0.5 (tol=0.0003130166646752801): -176.4115196681536 -175.8689779285553 -175.3317710279494 -175.1580088565393
 Davidson iteration 0.6 (tol=7.000150624897336e-05): -176.4115197229956 -175.9093606602786 -175.3577353901105 -175.2254717981475
 Davidson iteration 0.7 (tol=1.883372643236455e-05): -176.4115197261311 -175.915980991505 -175.6292699623575 -175.3513567160645
 Davidson iteration 1.0 (tol=1.883372643001578e-05): -176.4115197261317
 Davidson iteration 1.1 (tol=5.410173449360276e-06): -176.4115197263654 -175.3686273194558
 Elapsed time for davidson 29.346683 (sec) 
 Elapsed time for diagonalization 29.346952 (sec) 
 Elapsed time for mult 0.522845 (sec) 
 Energy = -176.4115197263653
 Elapsed time for measurement 0.09544 (sec) 
 Sample-based diagonalization: Energy = -176.4115197263653
 Sample-based diagonalization: density = [1.999996571052363,1.999324016942329,1.998159289209082,1.997577242599853,1.9980456440038,1.999079042205972,1.993152345879664,1.992795981904661,1.997376631179031,1.99691607835898,1.983419233180674,1.995733955618193,1.996591827998669,1.996010005449578,1.933677424462194,0.0888161584713741,0.001382935142501718,0.0072657238387478,0.006274064427711253,0.005055978486925487,0.002502252000874218,0.001782703983787156,0.0008410281320357603,0.002583573541115707,0.004543678698252332,0.001096613143943274
 Sample-based diagonalization: carryover bitstrings = [], size = 0
