 Elapsed time for helper construction 1.522363 (sec) 
 Elapsed time for init 0.024024 (sec) 
 Elapsed time for makeQChamDiagTerms 16.959411 (sec) 
 Davidson iteration 0.0 (tol=0.6470462104746263): -151.5967512526693
 Davidson iteration 0.1 (tol=0.1648689965589604): -151.7830650831642 -149.6235205243627
 Davidson iteration 0.2 (tol=0.04641782067490346): -151.7933668286588 -149.9396709115166 -149.4686163036435
 Davidson iteration 0.3 (tol=0.01295325889264331): -151.7942050447818 -150.0973723654494 -149.625001532815 -149.4613730864343
 Davidson iteration 0.4 (tol=0.004387942686554042): -151.7942886601652 -150.630546312509 -149.6586849985613 -149.5773585661151
 Davidson iteration 0.5 (tol=0.001588671656920187): -151.7942980670252 -151.0227551769559 -149.7415726053686 -149.6495697787249
 Davidson iteration 0.6 (tol=0.0005189144157079211): -151.7942992022274 -151.1446717425297 -150.1208135751498 -149.6530902418076
 Davidson iteration 0.7 (tol=0.0001795391169423039): -151.7942993228189 -151.2057496797373 -150.3628070088808 -149.8850720409307
 Davidson iteration 1.0 (tol=0.0001795391169414276): -151.7942993228183
 Davidson iteration 1.1 (tol=7.854193766744635e-05): -151.7942993375426 -150.3606933273491
 Davidson iteration 1.2 (tol=4.313232281728516e-05): -151.7942993423362 -151.228920226038 -149.46328367892
 Davidson iteration 1.3 (tol=1.677909811197284e-05): -151.7942993432187 -151.4271614945409 -149.5540711627257 -149.1302029171197
 Davidson iteration 1.4 (tol=5.636012521771943e-06): -151.7942993433534 -151.4773544873314 -149.9061544543358 -149.5527622102308
 Elapsed time for davidson 58.65132999999999 (sec) 
 Elapsed time for diagonalization 58.65718 (sec) 
 Elapsed time for mult 1.394452 (sec) 
 Energy = -151.7942993433539
 Elapsed time for measurement 0.144596 (sec) 
 Sample-based diagonalization: Energy = -151.7942993433539
 Sample-based diagonalization: density = [1.999972910365956,1.994293565412695,1.991860339950532,1.988348732730271,1.986821275129834,1.986558316108383,1.984786812904572,1.983081543820288,1.991608343318963,1.980142227776302,1.954802998118375,1.99011071964959,1.987904508624845,1.985212707933908,0.05163618672853007,0.01175931603352205,0.02180469474070594,0.02152163727970182,0.01094405972317885,0.01709229560187675,0.01035908594053343,0.009677131834536713,0.01419016123484513,0.01117408564266007,0.01433634297057841
 Sample-based diagonalization: carryover bitstrings = [], size = 0
