 Elapsed time for helper construction 1.403399 (sec) 
 Elapsed time for init 0.019835 (sec) 
 Elapsed time for makeQChamDiagTerms 13.193437 (sec) 
 Davidson iteration 0.0 (tol=0.6644218486616622): -156.2631604794574
 Davidson iteration 0.1 (tol=0.2020334929520317): -156.4556710642681 -154.2929929904557
 Davidson iteration 0.2 (tol=0.06646747852024947): -156.4701682434202 -154.6198799524507 -153.9854888984375
 Davidson iteration 0.3 (tol=0.01752174092282785): -156.4717218259174 -154.7511190390931 -154.0471490935075 -153.7863515666242
 Davidson iteration 0.4 (tol=0.006568116919968676): -156.4718422923852 -155.105921775682 -154.0611473468336 -153.9815543619321
 Davidson iteration 0.5 (tol=0.002282455790551473): -156.4718606303821 -155.5096896033516 -154.290179845376 -154.0001769675614
 Davidson iteration 0.6 (tol=0.000736785654654056): -156.4718626594072 -155.6759729892522 -154.4862330080248 -154.1265380281118
 Davidson iteration 0.7 (tol=0.0002572702128317402): -156.4718628672732 -155.7403242752534 -154.7608319108759 -154.2081791328907
 Davidson iteration 1.0 (tol=0.0002572702128463009): -156.4718628672732
 Davidson iteration 1.1 (tol=0.0001081405322902151): -156.4718628922126 -154.8142877545555
 Davidson iteration 1.2 (tol=4.550049555911531e-05): -156.4718628986795 -155.4910188777448 -154.3498419440326
 Davidson iteration 1.3 (tol=1.613602260148587e-05): -156.4718628995337 -155.8324101474748 -154.4042584576663 -153.7025252758301
 Davidson iteration 1.4 (tol=6.840167931680592e-06): -156.4718628996504 -155.972866004734 -154.5741545920327 -154.3287608609631
 Elapsed time for davidson 51.583425 (sec) 
 Elapsed time for diagonalization 51.583776 (sec) 
 Elapsed time for mult 1.43025 (sec) 
 Energy = -156.471862899651
 Elapsed time for measurement 0.116389 (sec) 
 Sample-based diagonalization: Energy = -156.471862899651
 Sample-based diagonalization: density = [1.999989217047552,1.992120973931056,1.990564603395649,1.989023783590482,1.985479109322686,1.98287559288211,1.988293539518152,1.98674340900755,1.983435849566427,1.983355371404086,1.965582599719263,1.990902944189284,1.946342035006845,0.083985111634524,0.01196774618873611,0.01545343945917751,0.01679023497624168,0.01688457194640656,0.01311212119942617,0.01518556010898115,0.01313074784805555,0.01453442358255323,0.01424701407374799
 Sample-based diagonalization: carryover bitstrings = [], size = 0
