 Elapsed time for helper construction 4.831678 (sec) 
 Elapsed time for init 0.115988 (sec) 
 Elapsed time for makeQChamDiagTerms 46.115244 (sec) 
 Davidson iteration 0.0 (tol=0.7303735151954081): -164.0010580916679
 Davidson iteration 0.1 (tol=0.2488618328673819): -164.2322831569128 -161.7827035782635
 Davidson iteration 0.2 (tol=0.05675471336996463): -164.2517684593875 -162.2118488943707 -160.7900686672167
 Davidson iteration 0.3 (tol=0.01625446396018088): -164.2527708424119 -162.3547296087067 -161.363061053904 -160.7170598598372
 Davidson iteration 0.4 (tol=0.004842816244719442): -164.2528573359553 -162.5389082069605 -161.7547970630524 -160.9999634840514
 Davidson iteration 0.5 (tol=0.00154447717283374): -164.252864683278 -162.67859311869 -161.9996909314942 -161.005892509886
 Davidson iteration 0.6 (tol=0.0005032962001777555): -164.2528654460393 -162.7960116840308 -162.233445175322 -161.495716154888
 Davidson iteration 0.7 (tol=0.0001544659803463087): -164.2528655237944 -162.8863160759761 -162.3882771352452 -161.705227621329
 Davidson iteration 1.0 (tol=0.0001544659803451918): -164.2528655237906
 Davidson iteration 1.1 (tol=5.735075191304962e-05): -164.2528655302933 -161.1261592867309
 Davidson iteration 1.2 (tol=2.046221934043909e-05): -164.252865531457 -162.3845923498423 -160.1000596813372
 Davidson iteration 1.3 (tol=6.611728186986758e-06): -164.2528655315881 -162.8560875726877 -160.7530777764643 -159.8153618819259
 Elapsed time for davidson 380.054392 (sec) 
 Elapsed time for diagonalization 380.062078 (sec) 
 Elapsed time for mult 23.170821 (sec) 
 Energy = -164.252865531592
 Elapsed time for measurement 80.02293499999999 (sec) 
 Sample-based diagonalization: Energy = -164.252865531592
 Sample-based diagonalization: density = [1.999968967439343,1.989749847718895,1.989056873078471,1.989429833351422,1.986375622748497,1.98185438284101,1.982451428889568,1.98208435215685,1.982359997256127,1.985008252173609,1.981598883615835,1.984957215843614,1.97458434064781,1.973740948647876,1.976768647854338,0.009305042363910788,0.02340844742106892,0.01796425929705096,0.01930216087245311,0.01758545982363885,0.01488320771692974,0.01823028383071699,0.016702963688633,0.01515786831525351,0.01596001093826624,0.01478724847230451,0.01482241756043608,0.01577775119849401,0.01147365157483275,0.01464963263176686
 Sample-based diagonalization: carryover bitstrings = [], size = 0
 Elapse time for dumping one-particle rdm = 0.001449
 Elapse time for dumping two-particle rdm = 0.719433
 Zero-Body energy = 0
 One-Body energy = -287.5684580919942
 Two-Body energy = 123.3155925605693
 One-Body + Two-Body energy = -164.2528655314248
 Zero-Body + One-Body + Two-Body energy = -164.2528655314248
