 Elapsed time for helper construction 0.928747 (sec) 
 Elapsed time for init 0.032018 (sec) 
 Elapsed time for makeQChamDiagTerms 11.399734 (sec) 
 Davidson iteration 0.0 (tol=0.3380496744947917): -166.1254981839797
 Davidson iteration 0.1 (tol=0.08720072854262154): -166.1955391743714 -164.7104981046099
 Davidson iteration 0.2 (tol=0.02254066803737309): -166.1997788204968 -165.2095716408666 -164.4941367700671
 Davidson iteration 0.3 (tol=0.004950235362124479): -166.2001240885288 -165.321984227961 -164.8947956235096 -164.3502941832714
 Davidson iteration 0.4 (tol=0.001793466971729337): -166.2001397193437 -165.561644418544 -164.9824665621834 -164.6361224633175
 Davidson iteration 0.5 (tol=0.0004092162048597322): -166.2001415426916 -165.6039453637592 -164.9988553908294 -164.6912833783129
 Davidson iteration 0.6 (tol=8.604619912993082e-05): -166.2001416378756 -165.629689171925 -165.0398516223657 -164.9339377512288
 Davidson iteration 0.7 (tol=1.55788733813891e-05): -166.2001416414594 -165.6342315445687 -165.1579561795302 -164.9793164166234
 Davidson iteration 1.0 (tol=1.557887335978442e-05): -166.2001416414591
 Davidson iteration 1.1 (tol=3.573913143473301e-06): -166.2001416415706 -164.4897078270815
 Elapsed time for davidson 31.268651 (sec) 
 Elapsed time for diagonalization 31.270436 (sec) 
 Elapsed time for mult 0.7263849999999999 (sec) 
 Energy = -166.200141641572
 Elapsed time for measurement 0.095148 (sec) 
 Sample-based diagonalization: Energy = -166.200141641572
 Sample-based diagonalization: density = [1.999997921157951,1.998993074353903,1.999186128220424,1.999971116859297,1.998348597728536,1.99932691870446,1.998086969973424,1.997865220040265,1.991636124957272,1.990055226294239,1.97619525849157,1.999319883254683,1.997482135614071,1.936618641702418,0.09221847743009164,0.001290759208775259,0.00206721101498436,0.0008159363045990506,0.001353749983835567,0.001554334933152323,0.003033876100310356,0.003868249589700815,0.001196230601229728,0.002559627198320756,0.006958330218449148
 Sample-based diagonalization: carryover bitstrings = [], size = 0
