 Elapsed time for helper construction 0.324583 (sec) 
 Elapsed time for init 0.002151 (sec) 
 Elapsed time for makeQChamDiagTerms 0.815904 (sec) 
 Davidson iteration 0.0 (tol=0.5372745274681533): -149.9078698668296
 Davidson iteration 0.1 (tol=0.2356576575723865): -150.029177396751 -147.9387415800778
 Davidson iteration 0.2 (tol=0.1053976178338653): -150.0454400925936 -148.384073082063 -147.0293233525971
 Davidson iteration 0.3 (tol=0.04089036100972454): -150.0487243316942 -148.5940996331258 -147.3782897610707 -146.6757139376235
 Davidson iteration 0.4 (tol=0.01623778417778286): -150.0491455887389 -148.7621562547492 -147.6775908097596 -147.0554285030124
 Davidson iteration 0.5 (tol=0.005591651341839195): -150.0492240344348 -148.9995329280027 -147.8763259660849 -147.2869960224212
 Davidson iteration 0.6 (tol=0.002549169256253726): -150.0492321104512 -149.1056254725765 -148.0323583588029 -147.2870286245184
 Davidson iteration 0.7 (tol=0.0009831633754608996): -150.049233619244 -149.1871522074373 -148.3069058477235 -147.5102802990914
 Davidson iteration 1.0 (tol=0.000983163375466035): -150.0492336192442
 Davidson iteration 1.1 (tol=0.0005067928073616627): -150.0492338456193 -147.3857307393578
 Davidson iteration 1.2 (tol=0.0002519852114978945): -150.0492339246002 -148.9537561984787 -144.7011394102203
 Davidson iteration 1.3 (tol=0.0001139953192862195): -150.0492339449025 -149.4431888389277 -146.9095832039647 -143.6998015307875
 Davidson iteration 1.4 (tol=5.601895541023838e-05): -150.0492339483359 -149.5945667967416 -147.0927005362556 -146.625996781243
 Davidson iteration 1.5 (tol=2.745557329291594e-05): -150.0492339492119 -149.6827043248284 -148.1289550741149 -146.8469058061214
 Davidson iteration 1.6 (tol=1.413929188613678e-05): -150.0492339494378 -149.7495370988515 -148.790670767163 -147.0172149194412
 Davidson iteration 1.7 (tol=6.153681270070378e-06): -150.0492339494919 -149.7821862078303 -149.1097327329196 -147.0362815168517
 Elapsed time for davidson 7.807923 (sec) 
 Elapsed time for diagonalization 7.808009999999999 (sec) 
 Elapsed time for mult 0.239147 (sec) 
 Energy = -150.0492339494926
 Elapsed time for measurement 0.010518 (sec) 
 Sample-based diagonalization: Energy = -150.0492339494926
 Sample-based diagonalization: density = [1.999996680116755,1.998089072413996,1.992517135192446,1.99532713223556,1.990442547412735,1.985187333640234,1.990605660331258,1.974575370654705,1.978186344820952,1.981618227831172,1.940127943333861,0.09795929006783322,0.02138844384039996,0.01200960641379056,0.02405661790009794,0.01791259374480866
 Sample-based diagonalization: carryover bitstrings = [], size = 0
