 Elapsed time for helper construction 1.426656 (sec) 
 Elapsed time for init 0.050683 (sec) 
 Elapsed time for makeQChamDiagTerms 11.436821 (sec) 
 Davidson iteration 0.0 (tol=0.6240187257869722): -114.0078619793622
 Davidson iteration 0.1 (tol=0.1600297920386055): -114.1830794404775 -111.8733096345917
 Davidson iteration 0.2 (tol=0.02831364180618375): -114.1915360098855 -112.1841041366794 -111.0871569280867
 Davidson iteration 0.3 (tol=0.006732700918892937): -114.1917849419093 -112.2669152206334 -111.4621250683897 -110.9875920674373
 Davidson iteration 0.4 (tol=0.001864467112688849): -114.1918003078863 -112.3877931457978 -111.8014262246094 -111.1785222410378
 Davidson iteration 0.5 (tol=0.000521683693719425): -114.1918014257293 -112.5711934873352 -112.0419951600854 -111.1806154992503
 Davidson iteration 0.6 (tol=0.0001243762373474537): -114.1918015101336 -112.7071665278456 -112.1638744458488 -111.4357539102582
 Davidson iteration 0.7 (tol=3.077027934345097e-05): -114.1918015149215 -112.7578883801184 -112.2360662505392 -111.5923424759905
 Davidson iteration 1.0 (tol=3.077027934371316e-05): -114.1918015149212
 Davidson iteration 1.1 (tol=9.724476693940467e-06): -114.1918015151951 -111.1879638209999
 Elapsed time for davidson 54.022569 (sec) 
 Elapsed time for diagonalization 54.025747 (sec) 
 Elapsed time for mult 1.420072 (sec) 
 Energy = -114.1918015151955
 Elapsed time for measurement 0.158985 (sec) 
 Sample-based diagonalization: Energy = -114.1918015151955
 Sample-based diagonalization: density = [1.999969919446582,1.990574414897363,1.988978935283189,1.986302473641964,1.982878346899591,1.982084436025649,1.980932702228938,1.980371019827294,1.978514396935023,1.977424729779564,1.977820549361454,0.01170236887703954,0.01806717803533951,0.01835391444504916,0.01727425426113448,0.0153649235678667,0.01599716046892138,0.01540982177637046,0.01651338314287337,0.01437692064703146,0.01511419613691388,0.01597395398850492
 Sample-based diagonalization: carryover bitstrings = [], size = 0
