 Elapsed time for helper construction 1.283767 (sec) 
 Elapsed time for init 0.044467 (sec) 
 Elapsed time for makeQChamDiagTerms 10.579354 (sec) 
 Davidson iteration 0.0 (tol=0.6207828329533375): -114.0078619793622
 Davidson iteration 0.1 (tol=0.1387150921675362): -114.1827893033138 -111.8929710474066
 Davidson iteration 0.2 (tol=0.02332285544410154): -114.1892932056459 -112.1555203834299 -111.2268452989128
 Davidson iteration 0.3 (tol=0.005557273308237576): -114.1894738388452 -112.2515538441063 -111.6260885876739 -111.1156398453208
 Davidson iteration 0.4 (tol=0.001536088581786803): -114.1894849556177 -112.411721072494 -111.9078312239751 -111.2610733735265
 Davidson iteration 0.5 (tol=0.0003940068023216534): -114.1894857232604 -112.6102611530927 -112.062940002723 -111.2626794188314
 Davidson iteration 0.6 (tol=8.613534960007061e-05): -114.1894857708299 -112.718920290735 -112.1437045341979 -111.4868129851631
 Davidson iteration 0.7 (tol=2.042633477618905e-05): -114.1894857731243 -112.7490347110534 -112.1927811924743 -111.6346097701229
 Davidson iteration 1.0 (tol=2.04263347752108e-05): -114.1894857731237
 Davidson iteration 1.1 (tol=6.3976713370686e-06): -114.1894857732489 -111.2641436746115
 Elapsed time for davidson 44.43303 (sec) 
 Elapsed time for diagonalization 44.442287 (sec) 
 Elapsed time for mult 1.459245 (sec) 
 Energy = -114.1894857732501
 Elapsed time for measurement 0.131596 (sec) 
 Sample-based diagonalization: Energy = -114.1894857732501
 Sample-based diagonalization: density = [1.999969213139235,1.990799535463958,1.989240663345321,1.98657635364859,1.983307170717689,1.982310690626121,1.981407528533054,1.981095276134113,1.97901373804227,1.978068436976077,1.978613523235416,0.01135167440089631,0.01749575221221959,0.01773143754148656,0.01693199517247253,0.0148054106677752,0.01562545126892876,0.01496921280669369,0.01610682650181543,0.01402708258830876,0.01486370977789776,0.01568931691058105
 Sample-based diagonalization: carryover bitstrings = [], size = 0
