 Elapsed time for helper construction 0.424176 (sec) 
 Elapsed time for init 0.004066 (sec) 
 Elapsed time for makeQChamDiagTerms 1.92769 (sec) 
 Davidson iteration 0.0 (tol=0.5339187011894444): -89.55429947032896
 Davidson iteration 0.1 (tol=0.1779752601836883): -89.68349238745985 -87.44489795800389
 Davidson iteration 0.2 (tol=0.04106115266786242): -89.6940072831224 -87.86162774740275 -86.41693785852937
 Davidson iteration 0.3 (tol=0.01103552342657094): -89.69449005884285 -87.95496483855635 -86.85004312679196 -86.15396539809377
 Davidson iteration 0.4 (tol=0.003273239648840245): -89.69452708055798 -88.03639684871246 -87.25527122057534 -86.33740713683858
 Davidson iteration 0.5 (tol=0.001059397738088884): -89.69453027291198 -88.15095257248755 -87.60655409738635 -86.33951090240576
 Davidson iteration 0.6 (tol=0.0002818358411670854): -89.69453059767781 -88.25206199913946 -87.78413525655581 -86.79020982229677
 Davidson iteration 0.7 (tol=8.028411850337545e-05): -89.69453062139029 -88.30208170486807 -87.89357920213565 -87.11155510669036
 Davidson iteration 1.0 (tol=8.02841185050601e-05): -89.69453062139057
 Davidson iteration 1.1 (tol=2.863152317287496e-05): -89.69453062305739 -86.36084468078248
 Davidson iteration 1.2 (tol=9.505384395218323e-06): -89.694530623353 -87.8066677885064 -85.37736209843612
 Elapsed time for davidson 12.155783 (sec) 
 Elapsed time for diagonalization 12.155898 (sec) 
 Elapsed time for mult 0.5262019999999999 (sec) 
 Energy = -89.69453062335224
 Elapsed time for measurement 0.034232 (sec) 
 Sample-based diagonalization: Energy = -89.69453062335224
 Sample-based diagonalization: density = [1.999966003785869,1.988601490035041,1.985583368545417,1.988494012109826,1.980186549406126,1.979553516074917,1.97620627512732,1.976139272553564,1.978403938307816,0.01468872501953538,0.02236727342021144,0.02059709087505383,0.01716593534268959,0.0191621552307596,0.0149990017594526,0.01859768058668848,0.01928771173749643
 Sample-based diagonalization: carryover bitstrings = [], size = 0
