 Elapsed time for helper construction 0.927356 (sec) 
 Elapsed time for init 0.034983 (sec) 
 Elapsed time for makeQChamDiagTerms 10.669105 (sec) 
 Davidson iteration 0.0 (tol=0.4239365050532247): -162.8525592974451
 Davidson iteration 0.1 (tol=0.1332053031765039): -162.9467642906877 -161.243509395573
 Davidson iteration 0.2 (tol=0.04115433484141415): -162.9540946748317 -161.5799124692963 -160.846576591382
 Davidson iteration 0.3 (tol=0.01278846551391987): -162.9548221757646 -161.7344157943838 -160.8513328444108 -160.8267424234256
 Davidson iteration 0.4 (tol=0.003891458802812295): -162.9548930492446 -161.9306776368429 -160.9219438555891 -160.8510266304626
 Davidson iteration 0.5 (tol=0.001076766494725813): -162.9549003426298 -162.1572987096897 -161.1439683952231 -160.908827206601
 Davidson iteration 0.6 (tol=0.0003497603575972324): -162.9549007827289 -162.2311351123471 -161.2572086411164 -160.9200651505535
 Davidson iteration 0.7 (tol=0.0001070632143774501): -162.9549008320203 -162.2559079390631 -161.4525655361455 -161.1168891126395
 Davidson iteration 1.0 (tol=0.0001070632143780229): -162.9549008320201
 Davidson iteration 1.1 (tol=4.16344095293868e-05): -162.9549008365666 -161.0352950011201
 Davidson iteration 1.2 (tol=1.544475114313138e-05): -162.9549008374417 -161.8278239819066 -160.1303832494002
 Davidson iteration 1.3 (tol=4.354237106089971e-06): -162.9549008375441 -162.1353443500589 -160.5096777820798 -160.1149460360269
 Elapsed time for davidson 34.970231 (sec) 
 Elapsed time for diagonalization 34.970432 (sec) 
 Elapsed time for mult 0.684825 (sec) 
 Energy = -162.954900837543
 Elapsed time for measurement 0.082977 (sec) 
 Sample-based diagonalization: Energy = -162.954900837543
 Sample-based diagonalization: density = [1.999999199459126,1.999473562468311,1.998143108334567,1.998562864856073,1.995597472238889,1.993695509905095,1.996772678094146,1.99235208541392,1.988686940953981,1.988791174905093,1.981057309939199,1.999520680213922,1.992698482868907,1.936249205972053,0.08956770892828783,0.003499492944219145,0.00881970983097688,0.007879990708110773,0.002354226504987377,0.002970761557729054,0.002592793768306085,0.00302395745132809,0.005182710724301272,0.01250837177516472
 Sample-based diagonalization: carryover bitstrings = [], size = 0
