 Elapsed time for helper construction 1.243731 (sec) 
 Elapsed time for init 0.028987 (sec) 
 Elapsed time for makeQChamDiagTerms 12.753245 (sec) 
 Davidson iteration 0.0 (tol=0.5178390741119914): -180.0923350495614
 Davidson iteration 0.1 (tol=0.1247636401370038): -180.2127348763617 -178.2708792890801
 Davidson iteration 0.2 (tol=0.03033144793234329): -180.2196787170819 -178.6612472654472 -178.2368677011532
 Davidson iteration 0.3 (tol=0.007354806776481778): -180.22012171599 -178.7716835628431 -178.6010979909917 -178.2021396940364
 Davidson iteration 0.4 (tol=0.002215220252493827): -180.2201490294855 -179.1785976098832 -178.6584585110499 -178.2382892545947
 Davidson iteration 0.5 (tol=0.0006975828476424096): -180.2201516039247 -179.3756846062239 -178.8833002974748 -178.4089082570318
 Davidson iteration 0.6 (tol=0.0001708673435506416): -180.2201518296715 -179.4671769681472 -178.8834711551766 -178.5813901131976
 Davidson iteration 0.7 (tol=4.910761071057588e-05): -180.220151843351 -179.5171242012673 -179.0942096106935 -178.5933266602742
 Davidson iteration 1.0 (tol=4.910761071179381e-05): -180.2201518433526
 Davidson iteration 1.1 (tol=1.665224691439474e-05): -180.2201518444429 -178.6914345699481
 Davidson iteration 1.2 (tol=5.782055418060482e-06): -180.2201518446323 -179.4628459698333 -178.2305848323404
 Elapsed time for davidson 37.080357 (sec) 
 Elapsed time for diagonalization 37.080468 (sec) 
 Elapsed time for mult 1.005179 (sec) 
 Energy = -180.2201518446286
 Elapsed time for measurement 0.098797 (sec) 
 Sample-based diagonalization: Energy = -180.2201518446286
 Sample-based diagonalization: density = [1.999992096903226,1.99698833417015,1.994915609820758,1.996064351983848,1.992280497661393,1.993907769316974,1.993484657869449,1.997620486331209,1.985270191838684,1.997069854792817,1.991148219348505,1.986002909371653,1.996076604877885,1.986458215126698,1.955366853456555,0.0613372976301865,0.006303940076409848,0.008882908327367021,0.005563838448575444,0.008145999537763961,0.003114378406796318,0.009364843710025716,0.003673370411462144,0.01052444819274112,0.007703496171457866,0.01273882597837592
 Sample-based diagonalization: carryover bitstrings = [], size = 0
