 Elapsed time for helper construction 0.33177 (sec) 
 Elapsed time for init 0.009299999999999999 (sec) 
 Elapsed time for makeQChamDiagTerms 0.7060879999999999 (sec) 
 Davidson iteration 0.0 (tol=0.5955610256602732): -110.9515000934858
 Davidson iteration 0.1 (tol=0.2654348314252031): -111.0973297385293 -108.8812980589039
 Davidson iteration 0.2 (tol=0.1189805338289103): -111.1176414465432 -109.3648413535543 -108.0177449408649
 Davidson iteration 0.3 (tol=0.04550550318706789): -111.1215810774153 -109.5992439776437 -108.1783325575823 -107.4969928287131
 Davidson iteration 0.4 (tol=0.01947937486192515): -111.1220809294685 -109.7927915208008 -108.432236795924 -107.9400884387448
 Davidson iteration 0.5 (tol=0.00756550055665175): -111.1221874048186 -110.0732391239106 -108.8026516330009 -108.0048447699034
 Davidson iteration 0.6 (tol=0.003556217858380187): -111.1222030792307 -110.2643248182055 -109.0645323183024 -108.0105648828812
 Davidson iteration 0.7 (tol=0.001448501767564864): -111.1222063909 -110.3674838684744 -109.2818102669652 -108.4039070360737
 Davidson iteration 1.0 (tol=0.001448501767565614): -111.1222063909002
 Davidson iteration 1.1 (tol=0.0007125274443095834): -111.1222068627374 -107.8856092007185
 Davidson iteration 1.2 (tol=0.0003556460570673616): -111.122207018988 -109.6258116829183 -105.6734428111771
 Davidson iteration 1.3 (tol=0.0001593572791757105): -111.1222070574683 -110.2655654224881 -107.1611429410901 -105.3337481927245
 Davidson iteration 1.4 (tol=6.855126408548563e-05): -111.1222070636929 -110.4492239096724 -107.3867829572201 -106.7504969198414
 Davidson iteration 1.5 (tol=2.730778385232517e-05): -111.1222070649114 -110.5321638737013 -108.4934983971341 -107.1551515850009
 Davidson iteration 1.6 (tol=1.203902093746608e-05): -111.1222070651245 -110.5891908899087 -109.3313674963755 -107.6343632189525
 Davidson iteration 1.7 (tol=4.433008597676439e-06): -111.122207065167 -110.6117208789462 -109.7479606720591 -107.799613298305
 Elapsed time for davidson 8.008374 (sec) 
 Elapsed time for diagonalization 8.008461 (sec) 
 Elapsed time for mult 0.282273 (sec) 
 Energy = -111.1222070651662
 Elapsed time for measurement 0.01054 (sec) 
 Sample-based diagonalization: Energy = -111.1222070651662
 Sample-based diagonalization: density = [1.999987005820393,1.990124093175103,1.986545530010649,1.980418675634274,1.977793016062702,1.977507968054406,1.964878628354928,1.985282318466365,1.937046759043521,0.09541188489751982,0.02295280264818459,0.0219047959511632,0.02094214364606761,0.02098482127456938,0.01821955693073572
 Sample-based diagonalization: carryover bitstrings = [], size = 0
