 Elapsed time for helper construction 0.770053 (sec) 
 Elapsed time for init 0.00817 (sec) 
 Elapsed time for makeQChamDiagTerms 2.952399 (sec) 
 Davidson iteration 0.0 (tol=0.5629846318677083): -147.5339106723027
 Davidson iteration 0.1 (tol=0.2557433344708131): -147.6690272123053 -145.6154383948383
 Davidson iteration 0.2 (tol=0.1188003009390427): -147.6887248497819 -146.0734916455864 -144.7797913538785
 Davidson iteration 0.3 (tol=0.04719515429129363): -147.6930464216115 -146.2738784199906 -145.0778229728588 -144.4523450829743
 Davidson iteration 0.4 (tol=0.02045603189611465): -147.6936348880009 -146.4611994684863 -145.4075507087448 -144.7701911833853
 Davidson iteration 0.5 (tol=0.007928330358512875): -147.693764515481 -146.7327215253221 -145.5831895496349 -145.0248206751476
 Davidson iteration 0.6 (tol=0.003959148322670052): -147.6937814311106 -146.8496292071259 -145.7437370999024 -145.029525642193
 Davidson iteration 0.7 (tol=0.001554110751956982): -147.6937851208008 -146.9269732807553 -145.9957038232174 -145.2070106821561
 Davidson iteration 1.0 (tol=0.001554110751957335): -147.6937851207991
 Davidson iteration 1.1 (tol=0.0008251298766812865): -147.6937857296618 -145.2900673941942
 Davidson iteration 1.2 (tol=0.0004357150513782283): -147.6937859391606 -146.4728848044143 -142.865461687076
 Davidson iteration 1.3 (tol=0.000197441771105615): -147.693785999201 -146.926368982032 -144.6897417714011 -141.6601192790726
 Davidson iteration 1.4 (tol=9.443390896019349e-05): -147.693786009291 -147.1006445730681 -144.8033129935759 -144.4350794292212
 Davidson iteration 1.5 (tol=4.054962559298787e-05): -147.6937860117289 -147.178319432384 -145.3836958334376 -144.6568260548759
 Davidson iteration 1.6 (tol=1.920644087097255e-05): -147.6937860121947 -147.2256752970036 -146.0163730453827 -144.999032013388
 Davidson iteration 1.7 (tol=7.119946223787943e-06): -147.6937860122924 -147.2518463284542 -146.4155886558823 -144.9990326796768
 Elapsed time for davidson 25.699765 (sec) 
 Elapsed time for diagonalization 25.700042 (sec) 
 Elapsed time for mult 0.7309209999999999 (sec) 
 Energy = -147.6937860122942
 Elapsed time for measurement 0.037171 (sec) 
 Sample-based diagonalization: Energy = -147.6937860122942
 Sample-based diagonalization: density = [1.999996993789752,1.996919725562426,1.992106281587296,1.994448781683912,1.986780561315381,1.983530729275217,1.996680017549983,1.966056328638217,1.969121648250697,1.981138462565394,1.930187981772403,0.1110190062841565,0.008802716836153272,0.01999336650664023,0.02114423582187572,0.02044529274853717,0.02162786961780443
 Sample-based diagonalization: carryover bitstrings = [], size = 0
