 Elapsed time for helper construction 1.094523 (sec) 
 Elapsed time for init 0.04157 (sec) 
 Elapsed time for makeQChamDiagTerms 11.992982 (sec) 
 Davidson iteration 0.0 (tol=0.6015750091285269): -142.0849797203718
 Davidson iteration 0.1 (tol=0.1290075754974668): -142.2461319848844 -140.0601553652371
 Davidson iteration 0.2 (tol=0.03661031718439112): -142.2530705500979 -140.6426835280232 -139.8937818338508
 Davidson iteration 0.3 (tol=0.01081258053025877): -142.25365340068 -140.8575736002225 -140.0294018546021 -139.8916741722079
 Davidson iteration 0.4 (tol=0.003883221822290802): -142.2537097312258 -141.2626596940466 -140.059762388266 -140.0270098094411
 Davidson iteration 0.5 (tol=0.00123431291673063): -142.2537164350023 -141.5276934826757 -140.2462221424255 -140.0355380967091
 Davidson iteration 0.6 (tol=0.0003704501032176675): -142.2537170818864 -141.6093206134533 -140.5464312286095 -140.1162010282087
 Davidson iteration 0.7 (tol=0.000124130130133592): -142.2537171379295 -141.6423514562481 -140.8202850747589 -140.1316522894647
 Davidson iteration 1.0 (tol=0.0001241301301360185): -142.2537171379317
 Davidson iteration 1.1 (tol=4.787072111760176e-05): -142.2537171438498 -140.3077316565945
 Davidson iteration 1.2 (tol=1.901050572586532e-05): -142.253717145147 -141.3209371622019 -139.3399797570185
 Davidson iteration 1.3 (tol=6.857801059355347e-06): -142.2537171453213 -141.6757198950225 -139.911453459936 -139.1110073672185
 Elapsed time for davidson 44.831098 (sec) 
 Elapsed time for diagonalization 44.856761 (sec) 
 Elapsed time for mult 0.9777509999999999 (sec) 
 Energy = -142.2537171453158
 Elapsed time for measurement 0.099701 (sec) 
 Sample-based diagonalization: Energy = -142.2537171453158
 Sample-based diagonalization: density = [1.999973190975941,1.993748273304765,1.992834943918889,1.989471320250602,1.991181467782315,1.987159501269427,1.98628155751429,1.984135240773053,1.984929691761655,1.967682637078873,1.980717955990323,1.987762182080223,1.986010331965934,0.04775322552752435,0.01319893623040241,0.01872337778716649,0.01874030014146176,0.009231137758658858,0.008752915412466604,0.01331317437762325,0.008784922218723443,0.009584903862467022,0.009120317332483398,0.01090849440187206
 Sample-based diagonalization: carryover bitstrings = [], size = 0
