 Elapsed time for helper construction 4.423229 (sec) 
 Elapsed time for init 0.129223 (sec) 
 Elapsed time for makeQChamDiagTerms 31.207889 (sec) 
 Davidson iteration 0.0 (tol=0.6696078653148639): -154.8049673124301
 Davidson iteration 0.1 (tol=0.2990481423236024): -154.9848088665534 -152.6350526310633
 Davidson iteration 0.2 (tol=0.1337898659604213): -155.0095381628452 -153.0980146704293 -151.592159068432
 Davidson iteration 0.3 (tol=0.04887762137225325): -155.0141925537464 -153.341956196539 -151.7741768205032 -151.0521106010796
 Davidson iteration 0.4 (tol=0.02014428107598543): -155.0147679666092 -153.5341466835192 -152.1004341804784 -151.4509304608692
 Davidson iteration 0.5 (tol=0.0078273247209478): -155.0148779050772 -153.7987361529171 -152.6115519295723 -151.4700129687682
 Davidson iteration 0.6 (tol=0.003494711214168863): -155.014895013686 -153.9989549464083 -152.8853513872164 -151.6147919077067
 Davidson iteration 0.7 (tol=0.001584443172927953): -155.0148986463385 -154.1736098348638 -153.1981673768506 -152.2191630411346
 Davidson iteration 1.0 (tol=0.001584443172921711): -155.0148986463363
 Davidson iteration 1.1 (tol=0.0008150379959798688): -155.0148992645096 -152.046156803234
 Davidson iteration 1.2 (tol=0.0004674032483356574): -155.0148995113441 -153.9014858245069 -149.8027169866102
 Davidson iteration 1.3 (tol=0.0002246182767028328): -155.0148995805504 -154.3763685084941 -151.3289185815678 -149.2490774282977
 Davidson iteration 1.4 (tol=9.704529529225619e-05): -155.0148995938317 -154.4999091361246 -151.7333537660129 -150.7796359219084
 Davidson iteration 1.5 (tol=4.226136894553824e-05): -155.0148995964847 -154.5577850860874 -152.8431028254066 -151.2674016387668
 Davidson iteration 1.6 (tol=2.004575266639597e-05): -155.0148995970022 -154.5962814791783 -153.5550421830051 -151.4538032765872
 Davidson iteration 1.7 (tol=9.287120204931977e-06): -155.0148995971361 -154.6200513373241 -154.0186279848708 -151.8353016967556
 Elapsed time for davidson 342.724035 (sec) 
 Elapsed time for diagonalization 342.724078 (sec) 
 Elapsed time for mult 14.069293 (sec) 
 Energy = -155.0148995971405
 Elapsed time for measurement 51.20119099999999 (sec) 
 Sample-based diagonalization: Energy = -155.0148995971405
 Sample-based diagonalization: density = [1.999986107974581,1.991741054569294,1.98933693648716,1.990728748414325,1.983003387998026,1.979848600490968,1.980066045132275,1.985983890683802,1.981572513652015,1.971672901970359,1.98725862157673,1.983125061048923,1.94438860674975,0.08489618880516547,0.02890550973746461,0.02171871073434897,0.01531047964973787,0.01663174415455688,0.01524336050140246,0.005760039674038626,0.008691410834134043,0.01977682549187845,0.0143532533997755
 Sample-based diagonalization: carryover bitstrings = [], size = 0
 Elapse time for dumping one-particle rdm = 0.000931
 Elapse time for dumping two-particle rdm = 0.255
 Zero-Body energy = 0
 One-Body energy = -262.8344694403101
 Two-Body energy = 107.8195698449057
 One-Body + Two-Body energy = -155.0148995954044
 Zero-Body + One-Body + Two-Body energy = -155.0148995954044
