 Elapsed time for helper construction 1.061519 (sec) 
 Elapsed time for init 0.01512 (sec) 
 Elapsed time for makeQChamDiagTerms 8.505801999999999 (sec) 
 Davidson iteration 0.0 (tol=0.5933816779266483): -131.9447776780074
 Davidson iteration 0.1 (tol=0.1579090501913821): -132.1058314850645 -129.8715406482566
 Davidson iteration 0.2 (tol=0.0400587109878462): -132.1142656236838 -130.2135873844053 -129.2597905255645
 Davidson iteration 0.3 (tol=0.01109858530220345): -132.114757126329 -130.2762217388503 -129.4022431582909 -129.1801858912289
 Davidson iteration 0.4 (tol=0.003324379787575935): -132.1147985888061 -130.4465746319648 -129.7799320438943 -129.1868596667369
 Davidson iteration 0.5 (tol=0.001100490658063821): -132.1148025679561 -130.8278846256499 -130.0647207015131 -129.3658757555313
 Davidson iteration 0.6 (tol=0.0003515038166103019): -132.114802975898 -131.0470516495274 -130.1657229353959 -129.428407708147
 Davidson iteration 0.7 (tol=0.0001122858059600159): -132.1148030152342 -131.1679795897701 -130.2651524752156 -129.6754964134871
 Davidson iteration 1.0 (tol=0.0001122858059597036): -132.1148030152344
 Davidson iteration 1.1 (tol=4.397769907584055e-05): -132.1148030189927 -129.4698554396221
 Davidson iteration 1.2 (tol=1.609085710920097e-05): -132.1148030197575 -130.7432291823829 -128.1151834231509
 Davidson iteration 1.3 (tol=5.456500189110857e-06): -132.1148030198444 -131.0927493715534 -128.9708597181199 -127.8743873409628
 Elapsed time for davidson 36.853068 (sec) 
 Elapsed time for diagonalization 36.858229 (sec) 
 Elapsed time for mult 1.227253 (sec) 
 Energy = -132.1148030198438
 Elapsed time for measurement 0.102283 (sec) 
 Sample-based diagonalization: Energy = -132.1148030198438
 Sample-based diagonalization: density = [1.999971238711753,1.993023494903938,1.988926168164479,1.985603760653619,1.978973252471739,1.983443732349803,1.982363482097238,1.982863705295154,1.979765997279256,1.985648702915236,1.981554175520176,1.990553860721283,0.007940286302994235,0.02396409466998706,0.02024145377426178,0.02012925046286131,0.01989875585172485,0.01728995594040074,0.01941620517627062,0.01931350002620037,0.01911492636428565
 Sample-based diagonalization: carryover bitstrings = [], size = 0
