 Elapsed time for helper construction 2.684079 (sec) 
 Elapsed time for init 0.029308 (sec) 
 Elapsed time for makeQChamDiagTerms 17.504965 (sec) 
 Davidson iteration 0.0 (tol=0.6500187000470087): -133.4832100518859
 Davidson iteration 0.1 (tol=0.2509142891539221): -133.6694917727374 -131.3127734482195
 Davidson iteration 0.2 (tol=0.0630810168763464): -133.6902484406297 -131.8450768089818 -130.2111496021995
 Davidson iteration 0.3 (tol=0.0191616525274693): -133.691403702328 -131.9506134764588 -130.7506570337159 -130.1343999117578
 Davidson iteration 0.4 (tol=0.005886249525673509): -133.6915233164942 -132.0858609393759 -131.2358556359009 -130.5286904233286
 Davidson iteration 0.5 (tol=0.002088893155323497): -133.6915344981365 -132.2224779198996 -131.5921791056552 -130.5560586020445
 Davidson iteration 0.6 (tol=0.0007177851272656124): -133.691535958061 -132.3499955646114 -131.8468138998405 -131.0412046633137
 Davidson iteration 0.7 (tol=0.0002346072250177898): -133.6915361168813 -132.423057223609 -131.9858623057142 -131.259847217698
 Davidson iteration 1.0 (tol=0.0002346072250167295): -133.691536116881
 Davidson iteration 1.1 (tol=9.134653907417171e-05): -133.6915361312616 -130.4663881136841
 Davidson iteration 1.2 (tol=3.444245059426633e-05): -133.6915361342043 -131.8330176584013 -129.4341642271013
 Davidson iteration 1.3 (tol=1.249874741183313e-05): -133.6915361345929 -132.3397356926298 -130.3759177558411 -129.0925733630139
 Davidson iteration 1.4 (tol=4.018049867727119e-06): -133.6915361346405 -132.5543775691676 -130.7577595991563 -130.1647760766487
 Elapsed time for davidson 155.240201 (sec) 
 Elapsed time for diagonalization 155.24348 (sec) 
 Elapsed time for mult 8.093534 (sec) 
 Energy = -133.6915361346414
 Elapsed time for measurement 31.347045 (sec) 
 Sample-based diagonalization: Energy = -133.6915361346414
 Sample-based diagonalization: density = [1.999964618841069,1.988482071698717,1.987946651609685,1.984817385777752,1.984610936444479,1.981210204294811,1.979317971782567,1.977916470104973,1.980568001339178,1.980047557150165,1.976663227947276,1.974523600652109,1.984988085580603,0.008365352947664505,0.02423437206246519,0.01854029687772775,0.02021311425538178,0.02193417772851254,0.01674109188100511,0.01803268495371656,0.01955260703442085,0.01996296744055539,0.02031295093750798,0.01833791881383167,0.01271568182146328
 Sample-based diagonalization: carryover bitstrings = [], size = 0
 Elapse time for dumping one-particle rdm = 0.0009
 Elapse time for dumping two-particle rdm = 0.344184
 Zero-Body energy = 0
 One-Body energy = -229.7449965002032
 Two-Body energy = 96.05346036569027
 One-Body + Two-Body energy = -133.6915361345129
 Zero-Body + One-Body + Two-Body energy = -133.6915361345129
