 Elapsed time for helper construction 1.438844 (sec) 
 Elapsed time for init 0.053689 (sec) 
 Elapsed time for makeQChamDiagTerms 17.471985 (sec) 
 Davidson iteration 0.0 (tol=0.6864965851479746): -151.6037401060457
 Davidson iteration 0.1 (tol=0.1979351573461258): -151.8281947694637 -150.0553449397887
 Davidson iteration 0.2 (tol=0.05536537382436233): -151.845294731402 -150.0794192117484 -149.9796010616232
 Davidson iteration 0.3 (tol=0.01524704781133608): -151.8466171621095 -150.3389681101238 -149.9803079454487 -149.6047168165788
 Davidson iteration 0.4 (tol=0.005048528285676059): -151.8467322136532 -150.6829901524206 -149.980550562681 -149.6433759695788
 Davidson iteration 0.5 (tol=0.001720596076522324): -151.8467453732493 -151.0103854624099 -150.0389521333772 -149.8319337743199
 Davidson iteration 0.6 (tol=0.000575265926916903): -151.846746796451 -151.1533494091443 -150.0887189683673 -149.9758026807125
 Davidson iteration 0.7 (tol=0.0002255986897451121): -151.8467469842608 -151.246317182036 -150.6332013996705 -150.0344974558002
 Davidson iteration 1.0 (tol=0.0002255986897432153): -151.8467469842621
 Davidson iteration 1.1 (tol=0.0001074651093107427): -151.8467470118077 -150.6191398680387
 Davidson iteration 1.2 (tol=5.931998159411357e-05): -151.8467470216792 -151.3064119127852 -149.7448185744622
 Davidson iteration 1.3 (tol=2.021222696062319e-05): -151.846747023367 -151.4500371392919 -149.7465764300484 -149.6345432425797
 Davidson iteration 1.4 (tol=7.394239711729845e-06): -151.8467470235901 -151.5029975781939 -150.3189430141027 -149.7227915697785
 Elapsed time for davidson 67.18599 (sec) 
 Elapsed time for diagonalization 67.187945 (sec) 
 Elapsed time for mult 1.514276 (sec) 
 Energy = -151.8467470235875
 Elapsed time for measurement 0.163896 (sec) 
 Sample-based diagonalization: Energy = -151.8467470235875
 Sample-based diagonalization: density = [1.999974450340702,1.994252112945729,1.99080061830948,1.988649630776856,1.992108081940969,1.989607911938168,1.98812644622733,1.9851345774321,1.983689406543449,1.978834409282365,1.980492161040061,1.97479279629587,1.92512792861116,1.939615034346905,0.0784472175198633,0.0705294783739274,0.03662782191079769,0.01524448819062452,0.005904564362544417,0.01391162920304303,0.01526519910322325,0.0124401611709324,0.01018395374725216,0.01143583257760484,0.009593591232871729,0.009210496140230149
 Sample-based diagonalization: carryover bitstrings = [], size = 0
