 Elapsed time for helper construction 0.410561 (sec) 
 Elapsed time for init 0.011099 (sec) 
 Elapsed time for makeQChamDiagTerms 2.083943 (sec) 
 Davidson iteration 0.0 (tol=0.3408101059185754): -147.594960317823
 Davidson iteration 0.1 (tol=0.08231141857734381): -147.6484885834749 -145.6328646057729
 Davidson iteration 0.2 (tol=0.02279855167958745): -147.6512216661071 -146.0324729007819 -145.4377501564146
 Davidson iteration 0.3 (tol=0.005876493858512224): -147.6514151704885 -146.1723426902852 -145.5126369572694 -145.2553054406477
 Davidson iteration 0.4 (tol=0.001773472098369556): -147.6514277672466 -146.3577875255084 -145.600332211768 -145.3130536117986
 Davidson iteration 0.5 (tol=0.0005241630367105788): -147.6514288007309 -146.536750715324 -145.7279140110562 -145.3186727699441
 Davidson iteration 0.6 (tol=0.0001531562310978035): -147.6514288923818 -146.6611524072061 -145.9214418231253 -145.3862449024797
 Davidson iteration 0.7 (tol=4.512479851084395e-05): -147.6514289005524 -146.7883649455396 -146.1312085036076 -145.5601434799078
 Davidson iteration 1.0 (tol=4.512479851177068e-05): -147.6514289005523
 Davidson iteration 1.1 (tol=1.605770285025692e-05): -147.6514289011806 -145.4029516583467
 Davidson iteration 1.2 (tol=5.666506516992001e-06): -147.6514289012877 -146.6924646462535 -143.7334450822761
 Elapsed time for davidson 10.772008 (sec) 
 Elapsed time for diagonalization 10.772091 (sec) 
 Elapsed time for mult 0.398542 (sec) 
 Energy = -147.6514289012871
 Elapsed time for measurement 0.031715 (sec) 
 Sample-based diagonalization: Energy = -147.6514289012871
 Sample-based diagonalization: density = [1.999997469357249,1.998778083987911,1.998097653261656,1.995942934783456,1.99064273248804,1.987919973181957,1.998929061359513,1.985476132259306,1.994445254636717,1.991687840324789,1.997425857426618,0.009830783627717575,0.01424766038297351,0.00426090600429918,0.002216668957727611,0.007572091786141332,0.01468258401022378,0.007846312073573515
 Sample-based diagonalization: carryover bitstrings = [], size = 0
