 Elapsed time for helper construction 1.093256 (sec) 
 Elapsed time for init 0.035634 (sec) 
 Elapsed time for makeQChamDiagTerms 10.150398 (sec) 
 Davidson iteration 0.0 (tol=0.6469143283394354): -128.237413779135
 Davidson iteration 0.1 (tol=0.1873770476079494): -128.4210315308662 -126.1523570313899
 Davidson iteration 0.2 (tol=0.0578744896525798): -128.4325036904407 -126.4431596691276 -125.589081397988
 Davidson iteration 0.3 (tol=0.01451596524600923): -128.4335780073786 -126.5466564137822 -125.7624287796851 -125.5676878006152
 Davidson iteration 0.4 (tol=0.004093869371222103): -128.4336582845262 -126.8609149926254 -126.041926378681 -125.7252931006274
 Davidson iteration 0.5 (tol=0.00126027008403267): -128.4336641903343 -127.1115744175841 -126.2514894744945 -125.735640088754
 Davidson iteration 0.6 (tol=0.0003549158462905529): -128.433664733763 -127.2366577684569 -126.3906590163112 -125.8880790817996
 Davidson iteration 0.7 (tol=0.0001033209855082837): -128.4336647788207 -127.3519664558209 -126.5795655821451 -126.0161100692605
 Davidson iteration 1.0 (tol=0.0001033209855068244): -128.4336647788206
 Davidson iteration 1.1 (tol=3.836736299193806e-05): -128.4336647824996 -126.1513723832011
 Davidson iteration 1.2 (tol=1.4171629678423e-05): -128.4336647832054 -127.2701817351716 -125.30260694781
 Davidson iteration 1.3 (tol=4.358501722281035e-06): -128.4336647832753 -127.567144728135 -125.4634535236013 -125.0508243498067
 Elapsed time for davidson 45.056879 (sec) 
 Elapsed time for diagonalization 45.058611 (sec) 
 Elapsed time for mult 1.452959 (sec) 
 Energy = -128.4336647832764
 Elapsed time for measurement 0.093475 (sec) 
 Sample-based diagonalization: Energy = -128.4336647832764
 Sample-based diagonalization: density = [1.999971719318538,1.993369416237415,1.99033533019285,1.98780084715183,1.987317804289122,1.983125555115806,1.982553079183216,1.97573960159457,1.98136255032597,1.977712800194122,1.961252087678992,1.988859545824029,0.04483406825236751,0.01347373868405151,0.01542512938470135,0.01744698926176245,0.01655521197033278,0.01691001599695852,0.01467042409626116,0.01397996230252107,0.01492558845022477,0.00975246449719318,0.01262606963454592
 Sample-based diagonalization: carryover bitstrings = [], size = 0
