 Elapsed time for helper construction 0.218714 (sec) 
 Elapsed time for init 0.001807 (sec) 
 Elapsed time for makeQChamDiagTerms 0.505871 (sec) 
 Davidson iteration 0.0 (tol=0.5633143249177273): -138.6574690767646
 Davidson iteration 0.1 (tol=0.2667996082742622): -138.7877452706479 -136.6861882101539
 Davidson iteration 0.2 (tol=0.1181924810327705): -138.8099632067301 -137.1950296794786 -135.8408935621123
 Davidson iteration 0.3 (tol=0.05002389740344055): -138.813998119326 -137.4872797200655 -136.1932074819011 -134.9376283821137
 Davidson iteration 0.4 (tol=0.02162863478726679): -138.8146715900354 -137.7156611419574 -136.3622641946199 -135.9907730089087
 Davidson iteration 0.5 (tol=0.009012334138626222): -138.8148200932475 -137.9925260372403 -136.652538896642 -135.9912365202462
 Davidson iteration 0.6 (tol=0.00457223445289042): -138.8148408464373 -138.1069123708468 -136.8723951503953 -135.9934137079534
 Davidson iteration 0.7 (tol=0.001784555638533661): -138.8148465893215 -138.1838958734628 -137.1442819193571 -136.2056482668848
 Davidson iteration 1.0 (tol=0.001784555638525622): -138.814846589322
 Davidson iteration 1.1 (tol=0.0008155530154035786): -138.8148473042874 -135.5742656222685
 Davidson iteration 1.2 (tol=0.0004265209208441245): -138.8148475188087 -137.432114668468 -134.3420692391281
 Davidson iteration 1.3 (tol=0.0001990165995045115): -138.8148475719292 -137.9210903801953 -134.9898754810611 -134.2168599947807
 Davidson iteration 1.4 (tol=8.455564804153452e-05): -138.8148475827316 -138.1693155916733 -135.3646465503701 -134.9760682340141
 Davidson iteration 1.5 (tol=3.954729164102254e-05): -138.8148475847426 -138.2756779257409 -136.3502509780272 -135.201739716396
 Davidson iteration 1.6 (tol=1.709944116053108e-05): -138.8148475851988 -138.3546529583982 -137.1692724791741 -135.3824970886078
 Davidson iteration 1.7 (tol=7.214085795125031e-06): -138.8148475852862 -138.3996074889705 -137.6111448073617 -135.3975793307031
 Elapsed time for davidson 5.143898999999999 (sec) 
 Elapsed time for diagonalization 5.143913 (sec) 
 Elapsed time for mult 0.163157 (sec) 
 Energy = -138.814847585286
 Elapsed time for measurement 0.007600999999999999 (sec) 
 Sample-based diagonalization: Energy = -138.814847585286
 Sample-based diagonalization: density = [1.999997114013509,1.994602089240971,1.99314831221633,1.988039305856311,1.989091369067931,1.983353601520748,1.96513762281364,1.982043226814263,1.986584163402507,1.914902672056063,0.119665405081102,0.01027863944941488,0.02333643515785321,0.0235553813732381,0.02626466190340268
 Sample-based diagonalization: carryover bitstrings = [], size = 0
