 Elapsed time for helper construction 1.136969 (sec) 
 Elapsed time for init 0.018802 (sec) 
 Elapsed time for makeQChamDiagTerms 11.569417 (sec) 
 Davidson iteration 0.0 (tol=0.641452786554396): -154.3265012365093
 Davidson iteration 0.1 (tol=0.1750963069019431): -154.5103490334465 -152.391277502524
 Davidson iteration 0.2 (tol=0.05228552970516243): -154.52182733344 -152.6896384306813 -152.1449439526531
 Davidson iteration 0.3 (tol=0.01251403904135944): -154.522858898324 -152.8110279479111 -152.1689474157391 -152.0865312389693
 Davidson iteration 0.4 (tol=0.004163426289537349): -154.522926121483 -153.1997361118424 -152.2217414940579 -152.1634399478673
 Davidson iteration 0.5 (tol=0.001402325871883985): -154.5229335624397 -153.5538976841451 -152.4023406557574 -152.2006974597091
 Davidson iteration 0.6 (tol=0.0004378337387885469): -154.5229343816846 -153.6929489610692 -152.5908749830437 -152.2961299051826
 Davidson iteration 0.7 (tol=0.0001555528672107043): -154.5229344722397 -153.801449478321 -153.10511437744 -152.4399134338544
 Davidson iteration 1.0 (tol=0.000155552867210676): -154.5229344722404
 Davidson iteration 1.1 (tol=5.664527043694074e-05): -154.5229344818494 -152.6948895103117
 Davidson iteration 1.2 (tol=2.632288073310222e-05): -154.5229344840828 -153.7813037214506 -152.3161635890422
 Davidson iteration 1.3 (tol=8.534316732023699e-06): -154.5229344843721 -153.9520702134466 -152.5839501755668 -151.8922356357224
 Elapsed time for davidson 40.98933 (sec) 
 Elapsed time for diagonalization 40.98966 (sec) 
 Elapsed time for mult 0.913497 (sec) 
 Energy = -154.5229344843719
 Elapsed time for measurement 0.101273 (sec) 
 Sample-based diagonalization: Energy = -154.5229344843719
 Sample-based diagonalization: density = [1.999989649850389,1.992192381270195,1.990877442359441,1.989008000014676,1.987682905873306,1.982310013834926,1.985589188881718,1.985225105069958,1.985726178571972,1.970259616345337,1.988082434180831,1.989924076792231,1.952531988756859,0.07533332273712705,0.01190910467472014,0.01171530680436679,0.01175081875919181,0.01620234761572496,0.01577682333049635,0.01440228032189163,0.01544899701337181,0.01542229712172773,0.01263971952639389
 Sample-based diagonalization: carryover bitstrings = [], size = 0
