 Elapsed time for helper construction 0.273443 (sec) 
 Elapsed time for init 0.007049 (sec) 
 Elapsed time for makeQChamDiagTerms 0.947645 (sec) 
 Davidson iteration 0.0 (tol=0.5300272463784871): -81.05643699880486
 Davidson iteration 0.1 (tol=0.1798885493020349): -81.1804833879047 -78.89182186650213
 Davidson iteration 0.2 (tol=0.04328541705696212): -81.19070460739822 -79.31601378592323 -77.73441123085215
 Davidson iteration 0.3 (tol=0.01093020256958685): -81.19119538152577 -79.40470211961808 -78.15339784419947 -77.32121048280747
 Davidson iteration 0.4 (tol=0.003255977129716813): -81.19122728232233 -79.45952377653818 -78.51342193187136 -77.49459524254959
 Davidson iteration 0.5 (tol=0.001067299501513025): -81.19123014835645 -79.53786588400035 -78.92258941404297 -77.58628301211509
 Davidson iteration 0.6 (tol=0.0002847866194657381): -81.19123045143817 -79.63103679449371 -79.18081723258329 -78.02715209039306
 Davidson iteration 0.7 (tol=7.536724380620733e-05): -81.19123047380631 -79.68822721272151 -79.30966585105247 -78.35580132498643
 Davidson iteration 1.0 (tol=7.536724380754543e-05): -81.19123047380602
 Davidson iteration 1.1 (tol=2.597343220936009e-05): -81.19123047513961 -77.62213350149455
 Davidson iteration 1.2 (tol=8.542848481504824e-06): -81.19123047534619 -79.01403748472094 -76.51287660138954
 Elapsed time for davidson 7.884373 (sec) 
 Elapsed time for diagonalization 7.884481 (sec) 
 Elapsed time for mult 0.392376 (sec) 
 Energy = -81.19123047534657
 Elapsed time for measurement 0.017219 (sec) 
 Sample-based diagonalization: Energy = -81.19123047534657
 Sample-based diagonalization: density = [1.999964263962049,1.98900643202892,1.985080404566043,1.979805763842211,1.979207153602617,1.975973681484474,1.976168533007791,1.976063622297046,0.0108037383958424,0.01733259775569596,0.02170756860895651,0.01950180219519645,0.01519793725060384,0.01853846091934666,0.01835044590350183,0.01729759414514933
 Sample-based diagonalization: carryover bitstrings = [], size = 0
