 Elapsed time for helper construction 0.938203 (sec) 
 Elapsed time for init 0.036261 (sec) 
 Elapsed time for makeQChamDiagTerms 11.64294 (sec) 
 Davidson iteration 0.0 (tol=0.4593896928792838): -164.1477175830948
 Davidson iteration 0.1 (tol=0.1053613175886156): -164.2578030080341 -162.5585149531822
 Davidson iteration 0.2 (tol=0.02828714555411153): -164.2633831960989 -162.9472942236094 -162.39773979219
 Davidson iteration 0.3 (tol=0.006151707828374829): -164.2637654714256 -163.1184841393924 -162.4300066165968 -162.2487828160582
 Davidson iteration 0.4 (tol=0.001711429919538664): -164.2637834261254 -163.3380301635713 -162.461526129647 -162.3149690337038
 Davidson iteration 0.5 (tol=0.0005012303279657431): -164.2637849040736 -163.4782859080307 -162.6137222118755 -162.461476095056
 Davidson iteration 0.6 (tol=0.0001682892552904158): -164.2637850436168 -163.6130854621643 -162.9009312420999 -162.5798668929895
 Davidson iteration 0.7 (tol=4.969755455077011e-05): -164.2637850587277 -163.6419172415615 -163.1818858132191 -162.8467313399079
 Davidson iteration 1.0 (tol=4.969755455130561e-05): -164.2637850587287
 Davidson iteration 1.1 (tol=1.693045934743075e-05): -164.263785059908 -163.0049557113246
 Davidson iteration 1.2 (tol=6.086443280043904e-06): -164.2637850600942 -163.4059520588314 -162.6213976204179
 Elapsed time for davidson 39.773846 (sec) 
 Elapsed time for diagonalization 39.774021 (sec) 
 Elapsed time for mult 1.003212 (sec) 
 Energy = -164.2637850600938
 Elapsed time for measurement 0.103389 (sec) 
 Sample-based diagonalization: Energy = -164.2637850600938
 Sample-based diagonalization: density = [1.999982886429646,1.997195437783631,1.997282850958071,1.99641926186948,1.991839245316428,1.996176740911381,1.989844432340329,1.987393003102508,1.991093279298302,1.997088596578875,1.98632623136496,1.981042128110488,1.991753080111832,1.947588519969061,0.08840752546434889,0.007298438638553771,0.006692302375300566,0.009636136618567636,0.009762638598773856,0.002766489567722783,0.004215997263050279,0.001122490978451638,0.005666167555642649,0.007621854676704021,0.005784263911149845
 Sample-based diagonalization: carryover bitstrings = [], size = 0
