 Elapsed time for helper construction 0.9042789999999999 (sec) 
 Elapsed time for init 0.034987 (sec) 
 Elapsed time for makeQChamDiagTerms 9.707728999999999 (sec) 
 Davidson iteration 0.0 (tol=0.5775227990592481): -155.5370281631937
 Davidson iteration 0.1 (tol=0.1312776381141724): -155.6917632602735 -153.7221795074992
 Davidson iteration 0.2 (tol=0.03870613356764584): -155.6993247519183 -154.1095305050947 -153.6594408666093
 Davidson iteration 0.3 (tol=0.009277700982492537): -155.6999671084263 -154.1931155116253 -153.6949102385423 -153.5587907473617
 Davidson iteration 0.4 (tol=0.002921665770216355): -155.7000054809632 -154.4882781517979 -153.7310423066216 -153.5868959477781
 Davidson iteration 0.5 (tol=0.0007993365732972794): -155.7000094159854 -154.733874308751 -153.7451003867221 -153.5925707569965
 Davidson iteration 0.6 (tol=0.0002218213317475564): -155.7000096938232 -154.8632529080787 -153.9112860630568 -153.7298533249318
 Davidson iteration 0.7 (tol=6.489414970374844e-05): -155.7000097159367 -154.8724221673243 -154.2704288756115 -153.9060888374649
 Davidson iteration 1.0 (tol=6.489414970198894e-05): -155.7000097159377
 Davidson iteration 1.1 (tol=2.180019936756972e-05): -155.7000097177893 -154.1452409623099
 Davidson iteration 1.2 (tol=8.282326555285542e-06): -155.7000097181028 -154.6943888180785 -154.0417494566024
 Elapsed time for davidson 34.614315 (sec) 
 Elapsed time for diagonalization 34.614449 (sec) 
 Elapsed time for mult 0.937372 (sec) 
 Energy = -155.7000097181017
 Elapsed time for measurement 0.08236399999999999 (sec) 
 Sample-based diagonalization: Energy = -155.7000097181017
 Sample-based diagonalization: density = [1.999979347857153,1.995586733841858,1.996161511113674,1.992084614709706,1.991215034989341,1.991476047993468,1.985731855385878,1.984126529892502,1.986936741670358,1.98614071158163,1.975786829945262,1.992094296495504,1.949199362742084,0.07790117401627311,0.01058500111628397,0.008764907815509169,0.01125478191258843,0.005407447695023434,0.01184086044553925,0.01348732824833511,0.01260242632444444,0.008581259869038686,0.01305519411621291
 Sample-based diagonalization: carryover bitstrings = [], size = 0
