 Elapsed time for helper construction 0.260065 (sec) 
 Elapsed time for init 0.002257 (sec) 
 Elapsed time for makeQChamDiagTerms 0.9777849999999999 (sec) 
 Davidson iteration 0.0 (tol=0.5351378561202373): -149.9078698668296
 Davidson iteration 0.1 (tol=0.2276811636857424): -150.0287205047666 -147.9468883332219
 Davidson iteration 0.2 (tol=0.0978865470876978): -150.0443507973703 -148.3877368762818 -147.1058724367751
 Davidson iteration 0.3 (tol=0.03545794251914847): -150.0473591199348 -148.5987590863922 -147.45125142679 -146.8666037246065
 Davidson iteration 0.4 (tol=0.01354685240255966): -150.0477008504093 -148.7760560965876 -147.7082039398889 -147.1324882840342
 Davidson iteration 0.5 (tol=0.004622167195294663): -150.0477619218888 -149.0387115127277 -147.9126241688452 -147.4428878014415
 Davidson iteration 0.6 (tol=0.001933028620380285): -150.0477681409304 -149.1502449702191 -148.0734964059797 -147.4514964046923
 Davidson iteration 0.7 (tol=0.0007583126849085909): -150.0477691949789 -149.2421986582065 -148.4213192487978 -147.6653886729307
 Davidson iteration 1.0 (tol=0.0007583126849133063): -150.0477691949795
 Davidson iteration 1.1 (tol=0.0003835282786057419): -150.0477693466208 -147.7056510252866
 Davidson iteration 1.2 (tol=0.0001956436509481817): -150.0477693988996 -149.1700459701009 -145.2778816481508
 Davidson iteration 1.3 (tol=8.362251704219422e-05): -150.0477694118562 -149.5534965844609 -147.2810635434489 -143.9771702884821
 Davidson iteration 1.4 (tol=3.849693695914048e-05): -150.0477694140489 -149.6644130575618 -147.5132737478179 -147.280997213325
 Davidson iteration 1.5 (tol=1.783017243998662e-05): -150.0477694145286 -149.736772506835 -148.411628213577 -147.3022477192145
 Davidson iteration 1.6 (tol=8.206737536831904e-06): -150.0477694146292 -149.7741423046555 -148.9299909623471 -147.6191179583913
 Elapsed time for davidson 9.441685 (sec) 
 Elapsed time for diagonalization 9.441763 (sec) 
 Elapsed time for mult 0.316294 (sec) 
 Energy = -150.0477694146286
 Elapsed time for measurement 0.01929 (sec) 
 Sample-based diagonalization: Energy = -150.0477694146286
 Sample-based diagonalization: density = [1.999996666397995,1.998151099225581,1.992661667574094,1.995544385500233,1.990765786460218,1.98562315889696,1.990670174418284,1.97485625012781,1.978542165666383,1.982471835429806,1.940452507160267,0.09729515285156309,0.02029801380597718,0.01162813815256949,0.02347595305181224,0.01756704520772928
 Sample-based diagonalization: carryover bitstrings = [], size = 0
