 Elapsed time for helper construction 1.523245 (sec) 
 Elapsed time for init 0.022866 (sec) 
 Elapsed time for makeQChamDiagTerms 14.171219 (sec) 
 Davidson iteration 0.0 (tol=0.6217127128979136): -124.0409188785765
 Davidson iteration 0.1 (tol=0.1391303772547254): -124.217982562515 -121.9496113103075
 Davidson iteration 0.2 (tol=0.02479340412968547): -124.2247845950381 -122.2171814951901 -121.3883265502664
 Davidson iteration 0.3 (tol=0.006053587687941509): -124.2250009963074 -122.3232463783651 -121.7836335226015 -121.3387641259197
 Davidson iteration 0.4 (tol=0.001639139877022883): -124.2250152950961 -122.5386313527379 -121.9981206224966 -121.5993528243103
 Davidson iteration 0.5 (tol=0.0004185803179729485): -124.2250162231237 -122.742822146901 -122.1307572907178 -121.6058710765773
 Davidson iteration 0.6 (tol=9.941369603252538e-05): -124.2250162794654 -122.8348764180461 -122.2157958660005 -121.7533218430082
 Davidson iteration 0.7 (tol=2.5022057262043e-05): -124.2250162827111 -122.8697303012562 -122.2840752642821 -121.8280574287448
 Davidson iteration 1.0 (tol=2.502205726160029e-05): -124.2250162827104
 Davidson iteration 1.1 (tol=8.012843733310292e-06): -124.2250162829108 -121.5111156186398
 Elapsed time for davidson 47.55066799999999 (sec) 
 Elapsed time for diagonalization 47.555861 (sec) 
 Elapsed time for mult 1.564702 (sec) 
 Energy = -124.2250162829119
 Elapsed time for measurement 0.133642 (sec) 
 Sample-based diagonalization: Energy = -124.2250162829119
 Sample-based diagonalization: density = [1.999972060765662,1.990356183742251,1.989734413412075,1.986976643920898,1.98424963674872,1.982883020132588,1.98316437081284,1.980887920896594,1.982379191064117,1.980360607967361,1.976858438014196,1.988862420804119,0.005654072341276866,0.01454055397472527,0.01491818216608162,0.01218282952137904,0.01919205747186178,0.0154933784945025,0.01696788509809534,0.01287187093292339,0.01609916842607689,0.01584509391546,0.01411526240713253,0.01543473661948813
 Sample-based diagonalization: carryover bitstrings = [], size = 0
