 Elapsed time for helper construction 1.757996 (sec) 
 Elapsed time for init 0.051008 (sec) 
 Elapsed time for makeQChamDiagTerms 13.943203 (sec) 
 Davidson iteration 0.0 (tol=0.68459987465991): -152.6673032093157
 Davidson iteration 0.1 (tol=0.2728962026579531): -152.8654831131661 -150.6070749361402
 Davidson iteration 0.2 (tol=0.1130497926473202): -152.888068335606 -151.0000283835254 -149.8284061474755
 Davidson iteration 0.3 (tol=0.03630196668608019): -152.892010866443 -151.2408357405044 -149.9373167807836 -149.5748715651361
 Davidson iteration 0.4 (tol=0.01585722198838714): -152.8924481515069 -151.556859283419 -150.2800120212875 -149.827705999476
 Davidson iteration 0.5 (tol=0.006553977862168188): -152.8925409443821 -151.9625639909037 -150.6809871645865 -149.9416116177182
 Davidson iteration 0.6 (tol=0.002846881814484978): -152.8925555117548 -152.1332626743875 -150.8855505625891 -150.0158419363612
 Davidson iteration 0.7 (tol=0.001126515142265322): -152.8925583085385 -152.2136548245796 -151.1127237965233 -150.3619659418279
 Davidson iteration 1.0 (tol=0.001126515142278235): -152.8925583085375
 Davidson iteration 1.1 (tol=0.0005602535777588127): -152.8925587128409 -150.5470565518045
 Davidson iteration 1.2 (tol=0.0002894199975468994): -152.8925588433908 -151.744876445772 -148.8069978608404
 Davidson iteration 1.3 (tol=0.0001175786209997414): -152.8925588722851 -152.1058412204397 -149.7652001324114 -148.503069783493
 Davidson iteration 1.4 (tol=4.72726879425042e-05): -152.892558876691 -152.2355970497692 -150.1043554028188 -149.6574473446205
 Davidson iteration 1.5 (tol=2.006150417924578e-05): -152.8925588775335 -152.3187875484122 -151.1900702072398 -149.7527127124942
 Davidson iteration 1.6 (tol=9.075820364582359e-06): -152.8925588776738 -152.3725125345157 -151.6944279950695 -150.2230947628283
 Elapsed time for davidson 83.05646399999999 (sec) 
 Elapsed time for diagonalization 83.072214 (sec) 
 Elapsed time for mult 2.13926 (sec) 
 Energy = -152.8925588776728
 Elapsed time for measurement 0.124763 (sec) 
 Sample-based diagonalization: Energy = -152.8925588776728
 Sample-based diagonalization: density = [1.999988813267409,1.990606558477999,1.98977634807184,1.987263978682799,1.984699075486737,1.980347383932322,1.982613348481417,1.978235016420501,1.979478996065767,1.958020133546277,1.994927528310875,1.987443198567036,1.939921629223865,0.1000999904774577,0.02242200728749635,0.02052393231160218,0.01741512393285523,0.01352169681569539,0.00668235735789482,0.01873558392635395,0.01176270137322698,0.01818865149698828,0.01732594599010823
 Sample-based diagonalization: carryover bitstrings = [], size = 0
