 Elapsed time for helper construction 0.951754 (sec) 
 Elapsed time for init 0.035953 (sec) 
 Elapsed time for makeQChamDiagTerms 10.282506 (sec) 
 Davidson iteration 0.0 (tol=0.584670585232438): -154.6888596988444
 Davidson iteration 0.1 (tol=0.1539938393248297): -154.8465971390256 -152.8238764461888
 Davidson iteration 0.2 (tol=0.04446723735673594): -154.8558229346619 -153.1121505750758 -152.5907450670623
 Davidson iteration 0.3 (tol=0.01059323196273864): -154.8566220720263 -153.2239100837857 -152.7109168458391 -152.5400093728691
 Davidson iteration 0.4 (tol=0.003418299785742427): -154.8566742697671 -153.6243983102967 -152.7169341046934 -152.6520606215851
 Davidson iteration 0.5 (tol=0.001038496612230176): -154.8566796305259 -153.8661573724633 -152.867889168367 -152.7167263070794
 Davidson iteration 0.6 (tol=0.0003197340671953702): -154.8566801174073 -154.004411017183 -153.0991284597963 -152.8638413111177
 Davidson iteration 0.7 (tol=0.0001085966428501633): -154.8566801633747 -154.0692405213155 -153.3870499001835 -153.0371023022451
 Davidson iteration 1.0 (tol=0.000108596642851738): -154.8566801633737
 Davidson iteration 1.1 (tol=4.647763150056352e-05): -154.8566801685047 -153.350417527586
 Davidson iteration 1.2 (tol=2.031575401738161e-05): -154.8566801698941 -154.1051354653597 -152.4281053944657
 Davidson iteration 1.3 (tol=7.102529954749555e-06): -154.8566801700861 -154.3458697132861 -152.465433871724 -152.4258776410981
 Elapsed time for davidson 40.198423 (sec) 
 Elapsed time for diagonalization 40.198668 (sec) 
 Elapsed time for mult 1.035368 (sec) 
 Energy = -154.8566801700851
 Elapsed time for measurement 0.09038399999999999 (sec) 
 Sample-based diagonalization: Energy = -154.8566801700851
 Sample-based diagonalization: density = [1.999991667647147,1.993597184642616,1.994199888247294,1.992117884283114,1.989444003565215,1.986317086348438,1.989746104525254,1.988942570975718,1.986405642920157,1.975942569700564,1.983552191987469,1.990227653708036,1.950217909743095,0.07374976686101908,0.009178809437532916,0.01030178289926587,0.009918311315179748,0.01135215757723537,0.01352038195340022,0.007189245159064193,0.009739517105606122,0.01015152223356994,0.01199352147163233,0.0122026254308882
 Sample-based diagonalization: carryover bitstrings = [], size = 0
