 Elapsed time for helper construction 1.035553 (sec) 
 Elapsed time for init 0.037579 (sec) 
 Elapsed time for makeQChamDiagTerms 12.669196 (sec) 
 Davidson iteration 0.0 (tol=0.4923224563384401): -178.2067159905275
 Davidson iteration 0.1 (tol=0.1327640253845807): -178.3227537033947 -176.5473242859936
 Davidson iteration 0.2 (tol=0.03344344541139001): -178.3304027451043 -176.9038766506935 -176.4480483817131
 Davidson iteration 0.3 (tol=0.008301481106914243): -178.3309504494603 -176.9452900595962 -176.8404409906844 -176.3463240923984
 Davidson iteration 0.4 (tol=0.003091536309546939): -178.3309904231647 -177.4207112326075 -176.8744285688446 -176.4164232897956
 Davidson iteration 0.5 (tol=0.0008214906560102802): -178.3309960194533 -177.6412998307161 -176.975385390114 -176.6504078703459
 Davidson iteration 0.6 (tol=0.0002147133972320641): -178.330996362634 -177.7284672558951 -176.9931898517661 -176.8419907561637
 Davidson iteration 0.7 (tol=6.693467895959198e-05): -178.3309963855987 -177.7650077195102 -177.1731204503089 -176.9916449415932
 Davidson iteration 1.0 (tol=6.693467895925162e-05): -178.3309963855977
 Davidson iteration 1.1 (tol=2.896966509419962e-05): -178.3309963880512 -177.3317766358325
 Davidson iteration 1.2 (tol=1.267215163785865e-05): -178.3309963887542 -177.9287882871417 -176.1378349383205
 Davidson iteration 1.3 (tol=3.379916684527605e-06): -178.3309963888339 -178.0513664101616 -176.1754751406633 -176.0860958428941
 Elapsed time for davidson 43.749441 (sec) 
 Elapsed time for diagonalization 43.752863 (sec) 
 Elapsed time for mult 1.152557 (sec) 
 Energy = -178.3309963888348
 Elapsed time for measurement 0.097497 (sec) 
 Sample-based diagonalization: Energy = -178.3309963888348
 Sample-based diagonalization: density = [1.999981364210239,1.995659481901184,1.997328628062569,1.998411422066153,1.993722305564585,1.993560113567581,1.996200075184505,1.993933281179244,1.99179115085282,1.992790993335143,1.985275194920881,1.980638967157279,1.997858680015216,1.995328463885544,1.936539547895963,0.09072065603694784,0.007944913806117336,0.003607025823046591,0.007737254790387601,0.000583316219911133,0.001743224259137799,0.003695096277165382,0.003722064163691381,0.009012911391898741,0.008303896009675339,0.01390997123593772
 Sample-based diagonalization: carryover bitstrings = [], size = 0
