 Elapsed time for helper construction 0.328098 (sec) 
 Elapsed time for init 0.004471999999999999 (sec) 
 Elapsed time for makeQChamDiagTerms 0.73692 (sec) 
 Davidson iteration 0.0 (tol=0.6119385472731329): -92.60463830034172
 Davidson iteration 0.1 (tol=0.2569164461736121): -92.7719532005035 -90.7276470527086
 Davidson iteration 0.2 (tol=0.1113024330560804): -92.79221414371706 -91.06724384622042 -89.68508856676861
 Davidson iteration 0.3 (tol=0.04021767462415858): -92.79554403318718 -91.17939448796429 -89.96672448125076 -89.36624467465039
 Davidson iteration 0.4 (tol=0.01476605279077745): -92.79597516200491 -91.32160736332943 -90.19919413731795 -89.43073998518339
 Davidson iteration 0.5 (tol=0.005430717564673352): -92.79602693423955 -91.44677076481095 -90.45943157201847 -89.88891450774872
 Davidson iteration 0.6 (tol=0.002038259093533659): -92.79603480262929 -91.54350789118917 -90.6991641998748 -89.88948655512534
 Davidson iteration 0.7 (tol=0.0007318660607787965): -92.79603580000014 -91.61944491865862 -90.87731124178718 -89.96358080625686
 Davidson iteration 1.0 (tol=0.0007318660607791713): -92.79603580000025
 Davidson iteration 1.1 (tol=0.0003183073657302246): -92.79603592779058 -89.84520015709265
 Davidson iteration 1.2 (tol=0.0001311226682812033): -92.79603596036912 -91.10855778805518 -88.45918712086161
 Davidson iteration 1.3 (tol=5.758236968639949e-05): -92.79603596545715 -91.63590883816178 -89.52184410964884 -87.81438205901451
 Davidson iteration 1.4 (tol=2.183638576025666e-05): -92.79603596628311 -91.84135015700598 -89.53644757821368 -88.95468890798307
 Davidson iteration 1.5 (tol=7.989027420052195e-06): -92.79603596641499 -91.94152074691183 -90.07145818763738 -89.53541295033526
 Elapsed time for davidson 13.844195 (sec) 
 Elapsed time for diagonalization 13.844282 (sec) 
 Elapsed time for mult 0.444929 (sec) 
 Energy = -92.79603596641471
 Elapsed time for measurement 0.020635 (sec) 
 Sample-based diagonalization: Energy = -92.79603596641471
 Sample-based diagonalization: density = [1.999966231865104,1.988594810192994,1.985443453430535,1.981395279591252,1.979372585248772,1.969594233198536,1.975107860027094,1.906749130378014,1.984192734946202,0.09941730543153492,0.02279937607810627,0.02593509394000638,0.0238986710473042,0.02005336642362106,0.01921281024954322,0.01826705792392921
 Sample-based diagonalization: carryover bitstrings = [], size = 0
