 Elapsed time for helper construction 1.453338 (sec) 
 Elapsed time for init 0.016583 (sec) 
 Elapsed time for makeQChamDiagTerms 13.406554 (sec) 
 Davidson iteration 0.0 (tol=0.687650177014151): -154.4583809702734
 Davidson iteration 0.1 (tol=0.2572760014756921): -154.6556618189218 -152.3585585765356
 Davidson iteration 0.2 (tol=0.09796141973372224): -154.6756767482815 -152.7198389294649 -151.6501039051831
 Davidson iteration 0.3 (tol=0.02811280800620122): -154.6786643550674 -152.9243533845246 -151.7801991374598 -151.5032145113435
 Davidson iteration 0.4 (tol=0.01188359447381431): -154.6789499531647 -153.2964614442455 -152.1356708105199 -151.6418075405986
 Davidson iteration 0.5 (tol=0.004990663836091662): -154.6790013208722 -153.7293788369741 -152.4780137375141 -151.7625403455262
 Davidson iteration 0.6 (tol=0.001987303872319103): -154.6790101903763 -153.8976725089202 -152.6565306884005 -151.7771801953347
 Davidson iteration 0.7 (tol=0.0008210403637075097): -154.6790117314398 -154.0108786729412 -153.0757093296083 -152.2911810363499
 Davidson iteration 1.0 (tol=0.0008210403637178716): -154.6790117314384
 Davidson iteration 1.1 (tol=0.0003563692405346783): -154.6790119480922 -152.3076614533489
 Davidson iteration 1.2 (tol=0.000183678948828159): -154.6790120119835 -153.6987360535277 -151.5326864404484
 Davidson iteration 1.3 (tol=8.004069608726689e-05): -154.6790120241893 -154.0278846781501 -151.752668900236 -151.1804726057218
 Davidson iteration 1.4 (tol=3.263694446276568e-05): -154.6790120263944 -154.1370906246453 -152.0838966236043 -151.6967441309265
 Davidson iteration 1.5 (tol=1.308938128786219e-05): -154.6790120268166 -154.2043351664811 -153.0710695570581 -151.7202474490644
 Davidson iteration 1.6 (tol=4.694917645024596e-06): -154.6790120268719 -154.2260393106868 -153.3592093367841 -152.1134058990474
 Elapsed time for davidson 65.02978399999999 (sec) 
 Elapsed time for diagonalization 65.030079 (sec) 
 Elapsed time for mult 1.82036 (sec) 
 Energy = -154.6790120268728
 Elapsed time for measurement 0.123997 (sec) 
 Sample-based diagonalization: Energy = -154.6790120268728
 Sample-based diagonalization: density = [1.999989315905722,1.991253796688255,1.98994515806171,1.987703372754978,1.984401132681795,1.981527966346972,1.983794586942337,1.982819404395051,1.978698485706818,1.961942712390296,1.994772364631156,1.985383404634509,1.950037418419793,0.08339811482725232,0.01817941120418119,0.01650610050116374,0.01505566189482458,0.01839909482932545,0.01438390693338805,0.01507995183673166,0.01374188766031986,0.01880472812920688,0.01418202214215843
 Sample-based diagonalization: carryover bitstrings = [], size = 0
