 Elapsed time for helper construction 0.35514 (sec) 
 Elapsed time for init 0.010181 (sec) 
 Elapsed time for makeQChamDiagTerms 1.832364 (sec) 
 Davidson iteration 0.0 (tol=0.5459321456406536): -150.4611165981792
 Davidson iteration 0.1 (tol=0.236216373258766): -150.5853707593624 -148.496943203448
 Davidson iteration 0.2 (tol=0.1016293792626077): -150.602023567386 -148.9560715330092 -147.7527204953404
 Davidson iteration 0.3 (tol=0.03758343398083536): -150.6051618008737 -149.1378450840093 -147.9494372487388 -147.5428026772649
 Davidson iteration 0.4 (tol=0.0144208004902084): -150.605542284582 -149.3187114854011 -148.2238836674125 -147.7905749018366
 Davidson iteration 0.5 (tol=0.005239098614374807): -150.6056135713754 -149.6394111554646 -148.4264866136296 -148.069555898714
 Davidson iteration 0.6 (tol=0.002389814390142495): -150.605620977657 -149.7564370132486 -148.5691661461079 -148.0709265167576
 Davidson iteration 0.7 (tol=0.0008670263049033379): -150.6056224075211 -149.8249642088002 -148.8060044150765 -148.2462677012167
 Davidson iteration 1.0 (tol=0.0008670263049052843): -150.6056224075211
 Davidson iteration 1.1 (tol=0.0004115036120795828): -150.6056226041584 -148.2261326056008
 Davidson iteration 1.2 (tol=0.000199776342145876): -150.6056226616629 -149.3575698434985 -146.5793132192892
 Davidson iteration 1.3 (tol=8.204768668162168e-05): -150.6056226747924 -149.8386315612887 -147.642328672441 -145.972220904308
 Davidson iteration 1.4 (tol=3.676329767453142e-05): -150.6056226769056 -150.0559354510328 -147.8920179066533 -147.639923236913
 Davidson iteration 1.5 (tol=1.777512150773979e-05): -150.6056226773985 -150.1909471345759 -148.854325867075 -147.6750496636235
 Davidson iteration 1.6 (tol=9.45290870818601e-06): -150.6056226775199 -150.2839714317606 -149.4410214582857 -147.6934066066504
 Elapsed time for davidson 15.981435 (sec) 
 Elapsed time for diagonalization 15.981545 (sec) 
 Elapsed time for mult 0.6441359999999999 (sec) 
 Energy = -150.6056226775206
 Elapsed time for measurement 0.022512 (sec) 
 Sample-based diagonalization: Energy = -150.6056226775206
 Sample-based diagonalization: density = [1.999996685095665,1.997666925129788,1.992454370820131,1.9934651688039,1.990977637948117,1.985543899218169,1.990562030481269,1.973678129916638,1.982328715832,1.985237147609745,1.932877560106986,0.100038794143647,0.01850233935995493,0.01541759971601367,0.005240193700183604,0.01869811135734447,0.01731469064050337
 Sample-based diagonalization: carryover bitstrings = [], size = 0
