 Elapsed time for helper construction 0.401378 (sec) 
 Elapsed time for init 0.003375 (sec) 
 Elapsed time for makeQChamDiagTerms 1.428009 (sec) 
 Davidson iteration 0.0 (tol=0.5418361808457314): -88.89680217934043
 Davidson iteration 0.1 (tol=0.1906668246093378): -89.03109792018735 -86.809768203167
 Davidson iteration 0.2 (tol=0.04547601432866834): -89.04341484717307 -87.25379724560676 -85.76796180826855
 Davidson iteration 0.3 (tol=0.01282984779957224): -89.04401437157297 -87.34810344570576 -86.22007038274468 -85.54849827298644
 Davidson iteration 0.4 (tol=0.003942525615266734): -89.04406523442587 -87.4297428829644 -86.61988362601771 -85.76832074022774
 Davidson iteration 0.5 (tol=0.001352806229191225): -89.04407008168396 -87.54451070997868 -86.98295208662046 -85.79698660318449
 Davidson iteration 0.6 (tol=0.0003920682106308854): -89.04407062837714 -87.65244127262248 -87.18305630547133 -86.20964218780684
 Davidson iteration 0.7 (tol=0.0001072503207646026): -89.04407067587911 -87.70642967689994 -87.30381823101429 -86.55726805054206
 Davidson iteration 1.0 (tol=0.0001072503207635239): -89.04407067587925
 Davidson iteration 1.1 (tol=3.868386541223023e-05): -89.04407067902184 -85.97170490435622
 Davidson iteration 1.2 (tol=1.452957547494227e-05): -89.04407067954526 -87.16460204767849 -84.93847216002486
 Davidson iteration 1.3 (tol=4.705089981875476e-06): -89.04407067960395 -87.5666068520903 -85.647493346449 -84.16305220996001
 Elapsed time for davidson 9.640034 (sec) 
 Elapsed time for diagonalization 9.640098999999999 (sec) 
 Elapsed time for mult 0.398659 (sec) 
 Energy = -89.04407067960307
 Elapsed time for measurement 0.020522 (sec) 
 Sample-based diagonalization: Energy = -89.04407067960307
 Sample-based diagonalization: density = [1.9999659390982,1.988985672649955,1.984964638276291,1.986564165464177,1.978971970448291,1.977372325196751,1.977343597672179,1.975004215223168,1.972411775572036,0.01967144259720434,0.01697488505552505,0.02419986750821428,0.02195286913734894,0.01775287764026942,0.01858401017967575,0.01990767065103358,0.0193720775816125
 Sample-based diagonalization: carryover bitstrings = [], size = 0
