 Elapsed time for helper construction 0.218409 (sec) 
 Elapsed time for init 0.004689 (sec) 
 Elapsed time for makeQChamDiagTerms 0.791484 (sec) 
 Davidson iteration 0.0 (tol=0.5386271005810938): -149.889553323242
 Davidson iteration 0.1 (tol=0.2355126072664137): -150.0129056715611 -147.9430627530418
 Davidson iteration 0.2 (tol=0.1053958140070405): -150.029103520067 -148.3828587017766 -147.0336975373525
 Davidson iteration 0.3 (tol=0.04015622142291964): -150.032402056647 -148.5769792843628 -147.3400297949436 -146.7029820541405
 Davidson iteration 0.4 (tol=0.01616818237907847): -150.0328010425523 -148.7371763834002 -147.6602874957874 -147.0608935408742
 Davidson iteration 0.5 (tol=0.005898646141649408): -150.0328788201545 -149.0012376998754 -147.8708960181257 -147.3329577018479
 Davidson iteration 0.6 (tol=0.00275192594196617): -150.0328874415795 -149.1133261787541 -148.0081296264769 -147.3382125778269
 Davidson iteration 0.7 (tol=0.00102819533027381): -150.0328891741811 -149.1986848632807 -148.2466489567927 -147.5281796326051
 Davidson iteration 1.0 (tol=0.001028195330265605): -150.0328891741806
 Davidson iteration 1.1 (tol=0.000532850293145434): -150.0328894179867 -147.4185665185431
 Davidson iteration 1.2 (tol=0.0002575195896204829): -150.0328894974529 -148.7909837518476 -144.5852713674984
 Davidson iteration 1.3 (tol=0.0001085369571314311): -150.0328895164512 -149.2444854956888 -146.8081675445763 -143.1971022448837
 Davidson iteration 1.4 (tol=4.781180172999674e-05): -150.0328895193472 -149.4339112669971 -146.8162345504923 -146.8025098711145
 Davidson iteration 1.5 (tol=2.017818813772301e-05): -150.0328895199891 -149.5329601075116 -147.7923757123374 -146.8065045938107
 Davidson iteration 1.6 (tol=1.048073071898427e-05): -150.0328895201201 -149.6192464659105 -148.644997065039 -146.9515122319365
 Davidson iteration 1.7 (tol=4.694328296113702e-06): -150.0328895201526 -149.683641166184 -149.0618666875589 -146.9535397217162
 Elapsed time for davidson 8.307827 (sec) 
 Elapsed time for diagonalization 8.307957 (sec) 
 Elapsed time for mult 0.24878 (sec) 
 Energy = -150.0328895201524
 Elapsed time for measurement 0.009632999999999999 (sec) 
 Sample-based diagonalization: Energy = -150.0328895201524
 Sample-based diagonalization: density = [1.999996740893188,1.998206561993995,1.992399299206905,1.994287999042201,1.98956589028424,1.986709428091408,1.989157580398749,1.976756099675129,1.977374895997336,1.983990377893261,1.934585219047723,0.1020512977460089,0.01206410408482852,0.01961993242424269,0.02522124852121712,0.01801332465449736
 Sample-based diagonalization: carryover bitstrings = [], size = 0
