 Elapsed time for helper construction 1.220753 (sec) 
 Elapsed time for init 0.013579 (sec) 
 Elapsed time for makeQChamDiagTerms 11.069849 (sec) 
 Davidson iteration 0.0 (tol=0.6211781348042924): -124.2155717443413
 Davidson iteration 0.1 (tol=0.1329056732139354): -124.3954110961631 -122.163765246443
 Davidson iteration 0.2 (tol=0.02356450870529892): -124.4017579039952 -122.4109763560568 -121.6412756257809
 Davidson iteration 0.3 (tol=0.005992227193577094): -124.4019664352396 -122.5536318633016 -122.0396870505864 -121.587576961888
 Davidson iteration 0.4 (tol=0.00163920815827877): -124.4019809301618 -122.8075331479921 -122.2346768784058 -121.7954066589012
 Davidson iteration 0.5 (tol=0.0004022911351707201): -124.4019818830226 -123.0023436518218 -122.3393377078047 -121.7963608334074
 Davidson iteration 0.6 (tol=9.564141616759705e-05): -124.401981938508 -123.1031697907691 -122.4276431504093 -121.9460929297675
 Davidson iteration 0.7 (tol=2.641898201288421e-05): -124.401981941863 -123.1701848915883 -122.6004354342952 -122.2073408746923
 Davidson iteration 1.0 (tol=2.641898201428684e-05): -124.4019819418623
 Davidson iteration 1.1 (tol=9.094967845524136e-06): -124.4019819421106 -122.1482355158373
 Elapsed time for davidson 37.928165 (sec) 
 Elapsed time for diagonalization 37.928425 (sec) 
 Elapsed time for mult 1.327224 (sec) 
 Energy = -124.401981942111
 Elapsed time for measurement 0.10123 (sec) 
 Sample-based diagonalization: Energy = -124.401981942111
 Sample-based diagonalization: density = [1.999972224160903,1.990045799739142,1.990263866700533,1.986496602842055,1.983638428752982,1.982605288873721,1.983104133109792,1.979014638822941,1.981694239447077,1.979877364975077,1.97810379448938,1.987803669359318,0.007737563297378507,0.006706835910654718,0.01753667120669719,0.01777944265845832,0.01754767294051756,0.01567098236343811,0.01439481040516995,0.01630352408212034,0.01680317271530984,0.01593795171027971,0.01523338164823216,0.01572793945189728
 Sample-based diagonalization: carryover bitstrings = [], size = 0
