 Elapsed time for helper construction 1.537091 (sec) 
 Elapsed time for init 0.051926 (sec) 
 Elapsed time for makeQChamDiagTerms 13.448296 (sec) 
 Davidson iteration 0.0 (tol=0.654653814087527): -154.6710511212501
 Davidson iteration 0.1 (tol=0.2587836665860418): -154.8550544396209 -152.7068646513738
 Davidson iteration 0.2 (tol=0.10020319277927): -154.8766110208557 -153.0642873915665 -152.0951381449
 Davidson iteration 0.3 (tol=0.03073974747841568): -154.8798905108319 -153.2629523541652 -152.1070450739803 -151.9844503479383
 Davidson iteration 0.4 (tol=0.01281449634698986): -154.8802320303017 -153.6159072260755 -152.370558663289 -152.0766578361026
 Davidson iteration 0.5 (tol=0.005198254811776156): -154.8802950496991 -153.9778573761557 -152.7251201968663 -152.1477102692537
 Davidson iteration 0.6 (tol=0.002151544784048667): -154.8803053271595 -154.1590721080744 -152.9805651852949 -152.3308993696718
 Davidson iteration 0.7 (tol=0.0008426559673088457): -154.8803070467436 -154.2252746319538 -153.1807500014597 -152.6067981694809
 Davidson iteration 1.0 (tol=0.000842655967312532): -154.8803070467474
 Davidson iteration 1.1 (tol=0.0003866658586452359): -154.8803072820567 -152.8223969498707
 Davidson iteration 1.2 (tol=0.0001957504275570521): -154.8803073530082 -153.8243799813222 -151.8446018721926
 Davidson iteration 1.3 (tol=8.478023161610409e-05): -154.8803073675873 -154.1766574779488 -152.0297185218664 -151.7342100676936
 Davidson iteration 1.4 (tol=3.56787667990927e-05): -154.8803073703259 -154.3507958897608 -152.4869914894132 -152.0153195079866
 Davidson iteration 1.5 (tol=1.619324884437292e-05): -154.8803073708983 -154.4599992928194 -153.3938654200998 -152.0231851690707
 Davidson iteration 1.6 (tol=6.886191848083774e-06): -154.880307371 -154.5174122317252 -153.7888093492769 -152.4419346603808
 Elapsed time for davidson 71.805269 (sec) 
 Elapsed time for diagonalization 71.805424 (sec) 
 Elapsed time for mult 2.308131 (sec) 
 Energy = -154.8803073709948
 Elapsed time for measurement 0.141088 (sec) 
 Sample-based diagonalization: Energy = -154.8803073709948
 Sample-based diagonalization: density = [1.999988833884653,1.99113024215364,1.990411856039177,1.991878404102903,1.983521691619582,1.981088148750002,1.984776693302424,1.990181889127753,1.988875791124399,1.979859903642677,1.966743810403851,1.988167572312798,1.927458523647789,0.103242229475035,0.0242010117232558,0.01681020277008539,0.01265005288404246,0.01320618828608134,0.01984385092059893,0.01099532231002606,0.01824390306288351,0.01672387795649347
 Sample-based diagonalization: carryover bitstrings = [], size = 0
