 Elapsed time for helper construction 1.172756 (sec) 
 Elapsed time for init 0.01759 (sec) 
 Elapsed time for makeQChamDiagTerms 11.219982 (sec) 
 Davidson iteration 0.0 (tol=0.6174719258661059): -154.175829511802
 Davidson iteration 0.1 (tol=0.1590684392337373): -154.351038640587 -152.265936101468
 Davidson iteration 0.2 (tol=0.04818685090466781): -154.3611696914544 -152.6302250267567 -152.0532802702674
 Davidson iteration 0.3 (tol=0.012470396309904): -154.3621276882111 -152.8125479786239 -152.1243514856195 -151.9362684582582
 Davidson iteration 0.4 (tol=0.00426871492951281): -154.3621967464069 -153.1760796123448 -152.1500540728435 -152.0592898975645
 Davidson iteration 0.5 (tol=0.001310589483242445): -154.362204702339 -153.4553229729884 -152.2927511457107 -152.148501965203
 Davidson iteration 0.6 (tol=0.0004122938098945662): -154.3622054407296 -153.5916514011689 -152.6265593010363 -152.2353040667947
 Davidson iteration 0.7 (tol=0.000133518923169307): -154.3622055173448 -153.6451454183987 -152.9592672072472 -152.2694129865079
 Davidson iteration 1.0 (tol=0.0001335189231679559): -154.3622055173455
 Davidson iteration 1.1 (tol=5.591109158123985e-05): -154.3622055257414 -153.1440869404218
 Davidson iteration 1.2 (tol=2.574584379463139e-05): -154.3622055278727 -153.7181178406718 -152.5547667433921
 Davidson iteration 1.3 (tol=8.717684562178035e-06): -154.3622055281803 -153.9322036504713 -152.6507452815363 -151.8354516086945
 Elapsed time for davidson 37.472067 (sec) 
 Elapsed time for diagonalization 37.472206 (sec) 
 Elapsed time for mult 0.913708 (sec) 
 Energy = -154.3622055281817
 Elapsed time for measurement 0.09901499999999999 (sec) 
 Sample-based diagonalization: Energy = -154.3622055281817
 Sample-based diagonalization: density = [1.999990675800103,1.992449014965937,1.990846006759715,1.992208440265408,1.986627801695061,1.983003966098163,1.989453373452504,1.980162983866348,1.989036135168421,1.984705364688399,1.966270609281438,1.99279176885545,1.956546543633514,0.07939221556931123,0.01932083045552169,0.01401827240399603,0.01532138987939462,0.01366895429692099,0.004411042054725225,0.01498663347059446,0.009502895810638923,0.01111696800516971,0.01416811323131553
 Sample-based diagonalization: carryover bitstrings = [], size = 0
