 Elapsed time for helper construction 0.184532 (sec) 
 Elapsed time for init 0.001505 (sec) 
 Elapsed time for makeQChamDiagTerms 0.305713 (sec) 
 Davidson iteration 0.0 (tol=0.4694603929375077): -112.4856065809963
 Davidson iteration 0.1 (tol=0.1533860813839888): -112.5855104872817 -110.3824990579343
 Davidson iteration 0.2 (tol=0.05390251917011087): -112.593037411314 -110.8092071498162 -109.6094482081633
 Davidson iteration 0.3 (tol=0.01869697998373255): -112.5938448969767 -110.8965229935735 -109.7129945465547 -109.4658220025866
 Davidson iteration 0.4 (tol=0.006396655485053214): -112.5939369423038 -111.0008134886533 -110.0254707050113 -109.4759321919148
 Davidson iteration 0.5 (tol=0.002365483088734072): -112.593948179395 -111.1853439182723 -110.4012606930353 -109.6951095955631
 Davidson iteration 0.6 (tol=0.0009186051514924916): -112.5939497402625 -111.39039136871 -110.6444193316058 -109.7026471037827
 Davidson iteration 0.7 (tol=0.0003364417840817834): -112.5939499465078 -111.5368048833801 -110.772923607882 -109.8760844735844
 Davidson iteration 1.0 (tol=0.0003364417840810128): -112.5939499465071
 Davidson iteration 1.1 (tol=0.0001486861316385868): -112.5939499713397 -109.0908370922213
 Davidson iteration 1.2 (tol=5.509904404315416e-05): -112.5939499773966 -110.950749789893 -106.5326502668075
 Davidson iteration 1.3 (tol=2.169719440514495e-05): -112.5939499782737 -111.4831814970578 -109.1122259168902 -105.4883413465347
 Davidson iteration 1.4 (tol=7.580684786161188e-06): -112.5939499783912 -111.7008497050547 -109.2571974084597 -108.4993354797791
 Elapsed time for davidson 2.873796 (sec) 
 Elapsed time for diagonalization 2.873874 (sec) 
 Elapsed time for mult 0.123139 (sec) 
 Energy = -112.5939499783927
 Elapsed time for measurement 0.005365 (sec) 
 Sample-based diagonalization: Energy = -112.5939499783927
 Sample-based diagonalization: density = [1.999996122233109,1.991866407006215,1.986703617266004,1.9774979389048,1.984855278057783,1.973544499098601,1.978223740635177,1.992442979202632,0.0187411020547913,0.01459098236063718,0.01743829291186821,0.02030618828650328,0.0201062771953647,0.02368657476976509
 Sample-based diagonalization: carryover bitstrings = [], size = 0
