 Elapsed time for helper construction 1.041177 (sec) 
 Elapsed time for init 0.022712 (sec) 
 Elapsed time for makeQChamDiagTerms 15.634606 (sec) 
 Davidson iteration 0.0 (tol=0.5824684536043133): -148.7100046488245
 Davidson iteration 0.1 (tol=0.1139037709861483): -148.9050154814365 -147.4121756848362
 Davidson iteration 0.2 (tol=0.02629812174771957): -148.9124309932454 -147.5196524917189 -147.3760416091042
 Davidson iteration 0.3 (tol=0.007926341718646073): -148.9128539134952 -147.8399578090959 -147.3781385015703 -147.0987467070152
 Davidson iteration 0.4 (tol=0.00222558655263581): -148.9128958980243 -148.1317817983635 -147.4011948724712 -147.1321039335422
 Davidson iteration 0.5 (tol=0.0006191611229209699): -148.9128988857701 -148.2812884258193 -147.4083096605374 -147.2629499989916
 Davidson iteration 0.6 (tol=0.000187834070268903): -148.9128991134831 -148.3277165349361 -147.5981312863741 -147.3736548560953
 Davidson iteration 0.7 (tol=6.18294568213588e-05): -148.9128991383523 -148.3521860358616 -148.0235157585799 -147.383267254037
 Davidson iteration 1.0 (tol=6.182945682401863e-05): -148.9128991383528
 Davidson iteration 1.1 (tol=2.354633173312938e-05): -148.9128991408284 -147.6843421901906
 Davidson iteration 1.2 (tol=1.148156133647693e-05): -148.9128991414159 -148.3541478289821 -147.1780764578081
 Davidson iteration 1.3 (tol=3.749358862514295e-06): -148.9128991414991 -148.502558837854 -147.199983206107 -147.1636829948497
 Elapsed time for davidson 47.666726 (sec) 
 Elapsed time for diagonalization 47.667005 (sec) 
 Elapsed time for mult 1.090524 (sec) 
 Energy = -148.9128991415005
 Elapsed time for measurement 0.116165 (sec) 
 Sample-based diagonalization: Energy = -148.9128991415005
 Sample-based diagonalization: density = [1.999985782995719,1.995259282292228,1.995208211526908,1.992106585527206,1.995650716059385,1.991754033562139,1.987713967690297,1.993849360900042,1.988252339371696,1.978547812708379,1.97870683925199,1.950491551852256,1.937267827493301,1.932336391880631,0.0752351492991518,0.06423026471938215,0.04361341500622141,0.03269055821622346,0.005898735846525745,0.008505823184668276,0.00827699123621662,0.0006867988153048466,0.008203246428496222,0.00742293027639255,0.006486928001074458,0.007230032303483765,0.008664239541876357,0.005724183856460739
 Sample-based diagonalization: carryover bitstrings = [], size = 0
