 Elapsed time for helper construction 1.702068 (sec) 
 Elapsed time for init 0.048563 (sec) 
 Elapsed time for makeQChamDiagTerms 11.906007 (sec) 
 Davidson iteration 0.0 (tol=0.6177620172399008): -113.1837448805072
 Davidson iteration 0.1 (tol=0.1784932525681401): -113.3539494074678 -111.0369598702551
 Davidson iteration 0.2 (tol=0.03680622019823537): -113.3644853705393 -111.3970817354259 -110.2208253647061
 Davidson iteration 0.3 (tol=0.009582775977991127): -113.3649033708698 -111.4872763255423 -110.5977494160288 -110.1701881403394
 Davidson iteration 0.4 (tol=0.002744899572547579): -113.3649342891964 -111.6274843833815 -110.9294126772853 -110.441765886827
 Davidson iteration 0.5 (tol=0.0008154757408432668): -113.3649367135637 -111.8043268010596 -111.202169053354 -110.4443920449919
 Davidson iteration 0.6 (tol=0.000222046489876555): -113.3649369192468 -111.9131628290528 -111.3440894573099 -110.6488674644054
 Davidson iteration 0.7 (tol=5.993535667883985e-05): -113.3649369344128 -111.97312959596 -111.4513445980077 -110.7555720540917
 Davidson iteration 1.0 (tol=5.993535667795661e-05): -113.3649369344131
 Davidson iteration 1.1 (tol=2.059197299507787e-05): -113.3649369354446 -110.4004006426259
 Davidson iteration 1.2 (tol=6.444872271804998e-06): -113.3649369355945 -111.4365747154807 -109.4725555092489
 Elapsed time for davidson 69.088257 (sec) 
 Elapsed time for diagonalization 69.088426 (sec) 
 Elapsed time for mult 2.727526 (sec) 
 Energy = -113.3649369355941
 Elapsed time for measurement 0.119551 (sec) 
 Sample-based diagonalization: Energy = -113.3649369355941
 Sample-based diagonalization: density = [1.999969001964162,1.990174160247513,1.989836292965073,1.986256225714065,1.982701605093209,1.981272732750455,1.982247849819305,1.980666110498484,1.976393542436514,1.977038005589747,1.978025941570231,0.003598621492106406,0.02069644606477204,0.01626445144973577,0.01279797690723302,0.01780342192168903,0.0170457585802868,0.01348215271887509,0.01429132808064855,0.01359506839201782,0.01407199041663716,0.01612272236435558,0.01564859257839689
 Sample-based diagonalization: carryover bitstrings = [], size = 0
