 Elapsed time for helper construction 9.962622 (sec) 
 Elapsed time for init 0.256787 (sec) 
 Elapsed time for makeQChamDiagTerms 100.369407 (sec) 
 Davidson iteration 0.0 (tol=0.7261620107056549): -170.3163604266386
 Davidson iteration 0.1 (tol=0.3061638141185867): -170.5327323742238 -168.0892074373722
 Davidson iteration 0.2 (tol=0.1249855112074952): -170.560662374714 -168.6674788046034 -167.2483354845177
 Davidson iteration 0.3 (tol=0.04370940261352365): -170.5650652134136 -168.8565221014087 -167.3554244058805 -167.1698586228617
 Davidson iteration 0.4 (tol=0.01955070098434647): -170.5657046422438 -169.2385814901199 -168.0405044107663 -167.1970207011828
 Davidson iteration 0.5 (tol=0.009625520830984063): -170.5658401206844 -169.6934458495056 -168.4662702283103 -167.3544991063942
 Davidson iteration 0.6 (tol=0.004504911864693273): -170.5658761465806 -169.928337846506 -168.6993539971264 -167.646791884498
 Davidson iteration 0.7 (tol=0.001906498883718477): -170.565883680973 -170.0571126707251 -168.9450908591186 -168.0681895555855
 Davidson iteration 1.0 (tol=0.001906498883709895): -170.5658836809786
 Davidson iteration 1.1 (tol=0.0008667527298388365): -170.5658846979698 -168.0763337061756
 Davidson iteration 1.2 (tol=0.0004575555285604365): -170.5658850272911 -169.4187410007637 -166.7042531441603
 Davidson iteration 1.3 (tol=0.0002421800217663779): -170.5658851057803 -169.8868218388241 -167.2288771234078 -166.5648486495733
 Davidson iteration 1.4 (tol=0.0001352490154040441): -170.5658851297721 -170.1168814057611 -168.2067886951255 -167.0580073730558
 Davidson iteration 1.5 (tol=7.623882706425093e-05): -170.5658851377898 -170.2240887453979 -169.0884029338324 -167.0582061091721
 Davidson iteration 1.6 (tol=3.661001897482089e-05): -170.5658851399324 -170.2736750035226 -169.4989030253476 -167.4549272526292
 Davidson iteration 1.7 (tol=1.786054584645179e-05): -170.5658851404806 -170.3006194664721 -169.7428632062556 -168.2191783218354
 Davidson iteration 2.0 (tol=1.786054603490093e-05): -170.5658851404742
 Davidson iteration 2.1 (tol=9.788182590467924e-06): -170.5658851405818 -168.5801576371466
 Elapsed time for davidson 1518.293992 (sec) 
 Elapsed time for diagonalization 1518.294035 (sec) 
 Elapsed time for mult 49.920435 (sec) 
 Energy = -170.5658851405816
 Elapsed time for measurement 188.377289 (sec) 
 Sample-based diagonalization: Energy = -170.5658851405816
 Sample-based diagonalization: density = [1.999964657195285,1.992959365536089,1.991171039935443,1.990010984333449,1.986441831597246,1.985350952875683,1.985268654961556,1.979284674815763,1.98038582351031,1.980349760164674,1.974562566249708,1.976245151964523,1.95479411380287,1.979277174897882,1.979549080118926,0.02343707355752581,0.04680767005839398,0.02965550704832256,0.02280171779507664,0.021811203032641,0.01544917620330995,0.01015821661159772,0.01562498052045833,0.01506784603598389,0.01321447253885166,0.01232974873379924,0.01425550779630079,0.009551213631318996,0.01421983402279048
 Sample-based diagonalization: carryover bitstrings = [], size = 0
 Elapse time for dumping one-particle rdm = 0.001068
 Elapse time for dumping two-particle rdm = 0.623764
 Zero-Body energy = 0
 One-Body energy = -299.4385226396078
 Two-Body energy = 128.8726375018647
 One-Body + Two-Body energy = -170.5658851377431
 Zero-Body + One-Body + Two-Body energy = -170.5658851377431
