 Elapsed time for helper construction 1.222909 (sec) 
 Elapsed time for init 0.045237 (sec) 
 Elapsed time for makeQChamDiagTerms 12.906202 (sec) 
 Davidson iteration 0.0 (tol=0.6022363290816745): -134.2660341937426
 Davidson iteration 0.1 (tol=0.1039892461681031): -134.4377424738742 -132.235120863046
 Davidson iteration 0.2 (tol=0.01774886387141556): -134.4418901222839 -132.4518639037184 -131.8849525492756
 Davidson iteration 0.3 (tol=0.004450909994027121): -134.4420220347608 -132.6352030086105 -132.2351387765084 -131.8437330594718
 Davidson iteration 0.4 (tol=0.001082456331922211): -134.4420305882889 -132.8935741830695 -132.3096010022761 -132.0947238327332
 Davidson iteration 0.5 (tol=0.0002340781337610763): -134.4420310196039 -133.0365814808485 -132.3804989957433 -132.0957493765784
 Davidson iteration 0.6 (tol=5.164969947344957e-05): -134.4420310392544 -133.0878297826967 -132.4718614160039 -132.1826946103162
 Davidson iteration 0.7 (tol=1.239002575258326e-05): -134.4420310402396 -133.1074565406798 -132.5884901235158 -132.2695940777976
 Davidson iteration 1.0 (tol=1.239002575265298e-05): -134.4420310402395
 Davidson iteration 1.1 (tol=3.77810545056905e-06): -134.4420310402946 -131.988001320958
 Elapsed time for davidson 45.682085 (sec) 
 Elapsed time for diagonalization 45.682344 (sec) 
 Elapsed time for mult 1.536047 (sec) 
 Energy = -134.4420310402946
 Elapsed time for measurement 0.127142 (sec) 
 Sample-based diagonalization: Energy = -134.4420310402946
 Sample-based diagonalization: density = [1.999980242397472,1.990271736751457,1.992618708045458,1.988931903872572,1.98530234393078,1.988761066162297,1.983624320649431,1.98366434466619,1.984422425127053,1.985034059695203,1.982420252345465,1.980080525777237,1.98868861929336,0.005837572306781112,0.01847071814729259,0.01709197722282993,0.01646088988890823,0.01424577200341206,0.01578921559119533,0.0120933884443367,0.01345624337465443,0.01418744740397943,0.01473940456374338,0.01094563700725222,0.01288118494762152
 Sample-based diagonalization: carryover bitstrings = [], size = 0
