 Elapsed time for helper construction 0.506894 (sec) 
 Elapsed time for init 0.010661 (sec) 
 Elapsed time for makeQChamDiagTerms 1.234169 (sec) 
 Davidson iteration 0.0 (tol=0.5522211128474663): -92.07160153296016
 Davidson iteration 0.1 (tol=0.2118800832436649): -92.21386342473677 -90.33376702744053
 Davidson iteration 0.2 (tol=0.08438797581954732): -92.2284615872542 -90.61037201321025 -89.50620475894002
 Davidson iteration 0.3 (tol=0.02689007750796939): -92.23069130243259 -90.69280211712987 -89.69885271794134 -89.43118655653555
 Davidson iteration 0.4 (tol=0.009870009452916556): -92.23092333452243 -90.90255529706455 -89.85576750983017 -89.43333517154315
 Davidson iteration 0.5 (tol=0.003625008633046335): -92.23095045497355 -91.09980422118626 -90.0852383618884 -89.80072016911068
 Davidson iteration 0.6 (tol=0.001313163484882113): -92.2309542298751 -91.19321524002972 -90.19483378298823 -89.84530840993459
 Davidson iteration 0.7 (tol=0.0004448797363345278): -92.23095469267652 -91.24277108947874 -90.33311627201525 -89.91978472709414
 Davidson iteration 1.0 (tol=0.0004448797363325539): -92.2309546926752
 Davidson iteration 1.1 (tol=0.0001909106761046348): -92.23095474704844 -89.80572895487789
 Davidson iteration 1.2 (tol=7.796749557467583e-05): -92.23095476016913 -90.69686907683769 -88.72277456568409
 Davidson iteration 1.3 (tol=3.118924676574793e-05): -92.23095476203743 -91.10250588080676 -89.48293547576343 -87.98635379385451
 Davidson iteration 1.4 (tol=1.092398010090768e-05): -92.23095476229811 -91.27557163633929 -89.59953953351619 -88.84881232751545
 Davidson iteration 1.5 (tol=3.700934297710344e-06): -92.23095476233435 -91.35129854507517 -89.83486423959523 -89.47102426158217
 Elapsed time for davidson 22.043207 (sec) 
 Elapsed time for diagonalization 22.043342 (sec) 
 Elapsed time for mult 0.674379 (sec) 
 Energy = -92.23095476233381
 Elapsed time for measurement 0.029383 (sec) 
 Sample-based diagonalization: Energy = -92.23095476233381
 Sample-based diagonalization: density = [1.999967468372821,1.98867921284734,1.989433994805602,1.983902019270695,1.982123677561798,1.989191125676582,1.983149919420143,1.898321931415659,1.984921203472732,0.1080454256867623,0.02166165968237245,0.02080301763609767,0.006538525572940752,0.009183637554545527,0.01565671174056087,0.01842046920154664
 Sample-based diagonalization: carryover bitstrings = [], size = 0
