 Elapsed time for helper construction 1.159116 (sec) 
 Elapsed time for init 0.046543 (sec) 
 Elapsed time for makeQChamDiagTerms 18.963428 (sec) 
 Davidson iteration 0.0 (tol=0.531053182256439): -183.9033715792134
 Davidson iteration 0.1 (tol=0.07716670562353309): -184.0334410148177 -181.8897790498607
 Davidson iteration 0.2 (tol=0.01735470135811899): -184.0363753125326 -182.6257338707591 -181.8732156461107
 Davidson iteration 0.3 (tol=0.003611665138790984): -184.0365191276569 -182.6524930819082 -182.2283533617587 -181.8405969186777
 Davidson iteration 0.4 (tol=0.0009560818040921695): -184.0365267334963 -183.1619878457846 -182.2380962974096 -181.946560714237
 Davidson iteration 0.5 (tol=0.000265069698677349): -184.0365271968825 -183.3283500338246 -182.2631017784486 -182.0506924572004
 Davidson iteration 0.6 (tol=7.003468331986293e-05): -184.0365272320998 -183.3905314279963 -182.5398645253109 -182.1403017459965
 Davidson iteration 0.7 (tol=1.811120670911999e-05): -184.0365272346483 -183.4570383584347 -182.813190358657 -182.2323643983579
 Davidson iteration 1.0 (tol=1.811120670658085e-05): -184.036527234647
 Davidson iteration 1.1 (tol=5.921360824731957e-06): -184.0365272348194 -182.7687314043258
 Elapsed time for davidson 48.838879 (sec) 
 Elapsed time for diagonalization 48.841396 (sec) 
 Elapsed time for mult 1.553014 (sec) 
 Energy = -184.0365272348231
 Elapsed time for measurement 0.144369 (sec) 
 Sample-based diagonalization: Energy = -184.0365272348231
 Sample-based diagonalization: density = [1.999988375862273,1.996696340595546,1.996640057836488,1.994395132066142,1.990643787456146,1.995250460095694,1.991088345678415,1.989390674119736,1.987718748987288,1.992001162939877,1.989224700555165,1.988817214299087,1.98450598588702,1.996471816477986,1.991326162236845,1.988353963764664,0.01135095006523321,0.01158799253222209,0.01474062222091815,0.01779641360707675,0.01250248514510391,0.008109576540284824,0.006312623925434269,0.008722039411835631,0.009963132081440855,0.006571871801234433,0.006664761069611023,0.005559616430700953,0.007604986086395
 Sample-based diagonalization: carryover bitstrings = [], size = 0
