 Elapsed time for helper construction 0.930292 (sec) 
 Elapsed time for init 0.026544 (sec) 
 Elapsed time for makeQChamDiagTerms 9.359465 (sec) 
 Davidson iteration 0.0 (tol=0.5963166875997333): -122.1571988821279
 Davidson iteration 0.1 (tol=0.09684377809806538): -122.3248739120651 -120.121347356218
 Davidson iteration 0.2 (tol=0.01566951742068826): -122.3285427402436 -120.3283432948082 -119.7930061268066
 Davidson iteration 0.3 (tol=0.003869103410451531): -122.3286481736026 -120.5545016810497 -120.1208801984056 -119.7056849472191
 Davidson iteration 0.4 (tol=0.0009516611310080747): -122.3286544374148 -120.7799886064318 -120.1950266437686 -119.8435532484566
 Davidson iteration 0.5 (tol=0.0002024817243688842): -122.3286547600168 -120.8920273477115 -120.2615873916401 -119.8668281517862
 Davidson iteration 0.6 (tol=4.309698718464154e-05): -122.3286547744367 -120.9326260690504 -120.3630244152458 -120.0056278069925
 Davidson iteration 0.7 (tol=1.047992170746918e-05): -122.3286547751277 -120.9450490620352 -120.4979435532776 -120.157604137124
 Davidson iteration 1.0 (tol=1.04799217071259e-05): -122.3286547751276
 Davidson iteration 1.1 (tol=3.240387049049622e-06): -122.3286547751667 -119.821195399674
 Elapsed time for davidson 32.2051 (sec) 
 Elapsed time for diagonalization 32.206176 (sec) 
 Elapsed time for mult 0.9846189999999999 (sec) 
 Energy = -122.328654775167
 Elapsed time for measurement 0.082186 (sec) 
 Sample-based diagonalization: Energy = -122.328654775167
 Sample-based diagonalization: density = [1.99997629173235,1.990881567797219,1.990144779530579,1.988263053294368,1.985884772276678,1.988738327684712,1.986495804824058,1.984124861964145,1.984959623640962,1.981998268903221,1.977223978633962,1.980126140758061,0.006666678260117924,0.01560779159966683,0.01746078305080111,0.01494085306624652,0.01170209464490426,0.01672611846297943,0.01473062617066261,0.01308949592712423,0.01413545415296454,0.01285806611183212,0.009354151666773653,0.01391041557475585
 Sample-based diagonalization: carryover bitstrings = [], size = 0
