 Elapsed time for helper construction 1.073043 (sec) 
 Elapsed time for init 0.042744 (sec) 
 Elapsed time for makeQChamDiagTerms 20.243333 (sec) 
 Davidson iteration 0.0 (tol=0.394335710849725): -192.8346779173726
 Davidson iteration 0.1 (tol=0.06881422225289538): -192.93779521171 -191.7373963760894
 Davidson iteration 0.2 (tol=0.01273723783622837): -192.9413641427791 -191.868317272793 -191.7198700867981
 Davidson iteration 0.3 (tol=0.003464196066885999): -192.941482895727 -192.1413744408311 -191.7532919781428 -191.4242177338384
 Davidson iteration 0.4 (tol=0.0008446137126296222): -192.9414906268395 -192.247426451144 -191.7763132708454 -191.5047195516403
 Davidson iteration 0.5 (tol=0.0001766098354577157): -192.9414910947326 -192.3202592586041 -191.787473127216 -191.5999332679877
 Davidson iteration 0.6 (tol=5.150343777801813e-05): -192.9414911208148 -192.4251990469314 -192.0174654849622 -191.7872962323428
 Davidson iteration 0.7 (tol=1.694540771673761e-05): -192.9414911234028 -192.5264258125958 -192.2576385065637 -191.7965884200962
 Davidson iteration 1.0 (tol=1.694540770985821e-05): -192.9414911234011
 Davidson iteration 1.1 (tol=4.555566946300317e-06): -192.9414911236009 -191.9832985147612
 Elapsed time for davidson 45.481794 (sec) 
 Elapsed time for diagonalization 45.481904 (sec) 
 Elapsed time for mult 0.9997999999999999 (sec) 
 Energy = -192.9414911236026
 Elapsed time for measurement 0.141281 (sec) 
 Sample-based diagonalization: Energy = -192.9414911236026
 Sample-based diagonalization: density = [1.999996865768963,1.999431459201398,1.998157305441921,1.998365624242401,1.997445580692861,1.997211641053564,1.997204152653742,1.996818770216603,1.995324247733382,1.995838001325995,1.994127576379072,1.993846762170289,1.995250225418823,1.996569853458487,1.987788451327607,1.924531459565441,1.947496847341275,0.08011149578058162,0.05093389552228161,0.01485417640513029,0.00272263934582936,0.003550180857708389,0.003272394039848928,0.003453319270417403,0.001399836031245956,0.004144688872356082,0.002499060079296822,0.00499536438564791,0.004124983562537782,0.002409313701364725,0.003216198355099639,0.0009709151985016807,0.001936714542399835
 Sample-based diagonalization: carryover bitstrings = [], size = 0
