 Elapsed time for helper construction 1.641651 (sec) 
 Elapsed time for init 0.04972799999999999 (sec) 
 Elapsed time for makeQChamDiagTerms 13.810741 (sec) 
 Davidson iteration 0.0 (tol=0.6469051293605013): -164.3226521432557
 Davidson iteration 0.1 (tol=0.2413150629214757): -164.5024426028362 -162.3128149350836
 Davidson iteration 0.2 (tol=0.09215639244553832): -164.5214009116109 -162.6898806861175 -161.7222681897758
 Davidson iteration 0.3 (tol=0.02895950715116567): -164.5242351036719 -162.9263277920552 -161.7792467758704 -161.5399769508801
 Davidson iteration 0.4 (tol=0.01232422723800335): -164.5245285442951 -163.2520471690219 -162.0056685672178 -161.6914235046165
 Davidson iteration 0.5 (tol=0.004969069558607199): -164.5245843793791 -163.6075577431666 -162.3353284765786 -161.7464986812768
 Davidson iteration 0.6 (tol=0.001982260461514513): -164.5245930049832 -163.7694166396076 -162.5453181285795 -161.7506189608602
 Davidson iteration 0.7 (tol=0.000781251184930063): -164.5245944072275 -163.8429482176399 -162.8200846602744 -162.1129707674914
 Davidson iteration 1.0 (tol=0.0007812511849341878): -164.5245944072272
 Davidson iteration 1.1 (tol=0.000373920933663946): -164.5245945958655 -162.0752187103471
 Davidson iteration 1.2 (tol=0.0001772817326662561): -164.5245946555763 -163.3884890869247 -160.3104471090806
 Davidson iteration 1.3 (tol=6.927054808443414e-05): -164.5245946667297 -163.7449225957764 -161.6183172251513 -159.9423405657071
 Davidson iteration 1.4 (tol=2.72014193994426e-05): -164.5245946682954 -163.8651472885356 -161.8013366671928 -161.5681408844358
 Davidson iteration 1.5 (tol=1.087523850389728e-05): -164.5245946685772 -163.9440715779826 -162.7764236804421 -161.6064726857793
 Davidson iteration 1.6 (tol=4.540872215327696e-06): -164.5245946686213 -164.001446618573 -163.2673907767368 -162.1034576089394
 Elapsed time for davidson 75.976939 (sec) 
 Elapsed time for diagonalization 75.97708399999999 (sec) 
 Elapsed time for mult 1.928263 (sec) 
 Energy = -164.5245946686212
 Elapsed time for measurement 0.116854 (sec) 
 Sample-based diagonalization: Energy = -164.5245946686212
 Sample-based diagonalization: density = [1.999989578954332,1.991240405561764,1.990927971775995,1.992378764065645,1.987435926128907,1.983916300721697,1.986204774674729,1.996616940761835,1.987851157930973,1.983495794673422,1.967538384626874,1.982527699797363,1.986572227750068,1.941891530638936,0.09288614427323573,0.0245784152388607,0.01661394712346821,0.01372190117387316,0.0111353724994757,0.01840648580706592,0.009918887049446191,0.01809152130648455,0.01605986694684217
 Sample-based diagonalization: carryover bitstrings = [], size = 0
