 Elapsed time for helper construction 0.5976119999999999 (sec) 
 Elapsed time for init 0.015239 (sec) 
 Elapsed time for makeQChamDiagTerms 2.428375 (sec) 
 Davidson iteration 0.0 (tol=0.5173297981588597): -89.54559840396105
 Davidson iteration 0.1 (tol=0.1350492392384641): -89.66812503487593 -87.45726508194655
 Davidson iteration 0.2 (tol=0.02621210721620161): -89.67428964399308 -87.76382264104588 -86.64419697882451
 Davidson iteration 0.3 (tol=0.005866617213320471): -89.67449638927518 -87.85070377656993 -86.99781651155233 -86.3723672431706
 Davidson iteration 0.4 (tol=0.001498988118039009): -89.67450749472447 -87.93658968813168 -87.33723125717123 -86.59136956344237
 Davidson iteration 0.5 (tol=0.0004106854352397273): -89.67450819055087 -88.06558992634589 -87.5964650315734 -86.61606262870723
 Davidson iteration 0.6 (tol=0.0001002388811298061): -89.67450823832189 -88.1662779689825 -87.70380031826038 -86.81835946950542
 Davidson iteration 0.7 (tol=2.4417179156933e-05): -89.67450824124033 -88.22264962714198 -87.7717887545672 -87.06355182956358
 Davidson iteration 1.0 (tol=2.441717915513645e-05): -89.67450824124045
 Davidson iteration 1.1 (tol=7.933003811790674e-06): -89.67450824140444 -86.58057620275152
 Elapsed time for davidson 15.235839 (sec) 
 Elapsed time for diagonalization 15.23721 (sec) 
 Elapsed time for mult 0.6075539999999999 (sec) 
 Energy = -89.67450824140441
 Elapsed time for measurement 0.032828 (sec) 
 Sample-based diagonalization: Energy = -89.67450824140441
 Sample-based diagonalization: density = [1.99997052298918,1.990785510642705,1.987374990355558,1.989809946864968,1.982646660982099,1.98139197853282,1.979273364377172,1.978963181435808,1.981441868279704,0.01019083586212721,0.01856164348079837,0.01945218146113998,0.01840463064382891,0.01319408446291434,0.01731421565887528,0.01538550034885942,0.01583888348844805
 Sample-based diagonalization: carryover bitstrings = [], size = 0
