 Elapsed time for helper construction 0.474803 (sec) 
 Elapsed time for init 0.003462 (sec) 
 Elapsed time for makeQChamDiagTerms 1.367037 (sec) 
 Davidson iteration 0.0 (tol=0.5389260141571772): -107.9053419777798
 Davidson iteration 0.1 (tol=0.1901418282042325): -108.0282967652181 -105.6448247826541
 Davidson iteration 0.2 (tol=0.05568846106933154): -108.0394542253977 -106.1232419198977 -104.5908816055572
 Davidson iteration 0.3 (tol=0.01514810733143473): -108.0402813923553 -106.2427719970732 -105.0594656542951 -104.2463353509372
 Davidson iteration 0.4 (tol=0.004139577327657396): -108.0403469949921 -106.3694561459389 -105.4671386663349 -104.7350872620169
 Davidson iteration 0.5 (tol=0.001298457303808429): -108.0403515356102 -106.438642910283 -105.7190856871696 -104.9176583245594
 Davidson iteration 0.6 (tol=0.0003882287534460269): -108.0403519774859 -106.4931251505827 -105.9531721486417 -105.0871585952523
 Davidson iteration 0.7 (tol=0.0001111280055843817): -108.0403520189672 -106.562879921594 -106.1268799477725 -105.2797953924815
 Davidson iteration 1.0 (tol=0.0001111280055841487): -108.0403520189672
 Davidson iteration 1.1 (tol=3.85362980789069e-05): -108.0403520221864 -105.014197745337
 Davidson iteration 1.2 (tol=1.353747185653557e-05): -108.0403520227046 -106.1406777569533 -104.2470467976113
 Davidson iteration 1.3 (tol=4.29771003326493e-06): -108.0403520227517 -106.5520859768451 -104.3838952948855 -103.7119725436323
 Elapsed time for davidson 9.837899 (sec) 
 Elapsed time for diagonalization 9.837966999999999 (sec) 
 Elapsed time for mult 0.405081 (sec) 
 Energy = -108.0403520227516
 Elapsed time for measurement 0.018106 (sec) 
 Sample-based diagonalization: Energy = -108.0403520227516
 Sample-based diagonalization: density = [1.999984819847938,1.988291344473599,1.987412070982233,1.978320709336179,1.977834612429803,1.980981534004759,1.987128791310834,1.979548063770933,1.985238024186354,0.02258216325839847,0.0212984946375356,0.02009084003888573,0.0209625280162487,0.01966570100526444,0.01901478251858479,0.01164552011668726
 Sample-based diagonalization: carryover bitstrings = [], size = 0
