 Elapsed time for helper construction 0.6012999999999999 (sec) 
 Elapsed time for init 0.021277 (sec) 
 Elapsed time for makeQChamDiagTerms 4.088044 (sec) 
 Davidson iteration 0.0 (tol=0.5689812911471784): -132.9080831510158
 Davidson iteration 0.1 (tol=0.207764165156944): -133.0444627325428 -130.9913057832689
 Davidson iteration 0.2 (tol=0.07614754802547279): -133.0589239390987 -131.3751007196055 -130.6664300249759
 Davidson iteration 0.3 (tol=0.02280776597918914): -133.060878819132 -131.4801183936779 -130.8622817618103 -130.4240585488841
 Davidson iteration 0.4 (tol=0.009194450341698491): -133.0610774812975 -131.9191589678584 -130.9582658085563 -130.5908741564231
 Davidson iteration 0.5 (tol=0.003294383011879072): -133.061112237302 -132.2613453603543 -131.0104544088146 -130.7002862601497
 Davidson iteration 0.6 (tol=0.001154981784531292): -133.0611165144091 -132.4270272059544 -131.2990955461763 -130.7978694110811
 Davidson iteration 0.7 (tol=0.0004403246221456343): -133.0611169742858 -132.4856116856034 -131.5001399311948 -131.0073864886558
 Davidson iteration 1.0 (tol=0.0004403246221461989): -133.0611169742861
 Davidson iteration 1.1 (tol=0.0001803792558542859): -133.0611170361152 -131.1938023141837
 Davidson iteration 1.2 (tol=8.003112368279855e-05): -133.0611170534039 -132.1407630942883 -130.6503830512013
 Davidson iteration 1.3 (tol=2.913334429753253e-05): -133.0611170558447 -132.4857197210554 -130.6894517051765 -130.0003235512823
 Davidson iteration 1.4 (tol=1.176371170101351e-05): -133.0611170561779 -132.5937390292038 -131.0354998413046 -130.6788688749769
 Davidson iteration 1.5 (tol=4.46165956987871e-06): -133.0611170562335 -132.6577282411768 -131.637767826028 -130.7473025722902
 Elapsed time for davidson 27.955399 (sec) 
 Elapsed time for diagonalization 27.955532 (sec) 
 Elapsed time for mult 0.860699 (sec) 
 Energy = -133.0611170562347
 Elapsed time for measurement 0.043703 (sec) 
 Sample-based diagonalization: Energy = -133.0611170562347
 Sample-based diagonalization: density = [1.999990922995066,1.994687321322826,1.989325170486537,1.989662549733152,1.98947950293564,1.990054522013287,1.980645788728462,1.979314838430245,1.990198701105553,1.985662641286115,1.935825636697184,0.08664008610856833,0.008947984784739668,0.008171791309281379,0.01153405785567101,0.01720084316311799,0.0149492515615444,0.01322066990404595,0.01448771936574815
 Sample-based diagonalization: carryover bitstrings = [], size = 0
