"PluginInterface" error: Failure to initialize device 0: Error in cuDevicePrimaryCtxRetain: out of memory
"PluginInterface" error: Failure to initialize device 0: Error in cuDevicePrimaryCtxRetain: out of memory
"PluginInterface" error: Failure to initialize device 1: Error in cuDevicePrimaryCtxRetain: out of memory
"PluginInterface" error: Failure to initialize device 1: Error in cuDevicePrimaryCtxRetain: out of memory
"PluginInterface" error: Failure to initialize device 2: Error in cuDevicePrimaryCtxRetain: out of memory
"PluginInterface" error: Failure to initialize device 2: Error in cuDevicePrimaryCtxRetain: out of memory
"PluginInterface" error: Failure to initialize device 3: Error in cuDevicePrimaryCtxRetain: out of memory
"PluginInterface" error: Failure to initialize device 3: Error in cuDevicePrimaryCtxRetain: out of memory
 Elapsed time for helper construction 0.180683 (sec) 
 Elapsed time for init 0.002531 (sec) 
 Elapsed time for makeQChamDiagTerms 0.023168 (sec) 
 Davidson iteration 0.0 (tol=0.5973866379797121): -89.48236744902088
 Davidson iteration 0.1 (tol=0.2384793746906977): -89.64897359379171 -87.79713265553359
 Davidson iteration 0.2 (tol=0.06840034728315407): -89.66929095032677 -87.99261239317467 -86.94999332998302
 Davidson iteration 0.3 (tol=0.02121008246576747): -89.67080138413172 -88.22807872619445 -86.97090254106445 -86.82454643326349
 Davidson iteration 0.4 (tol=0.007535261897334766): -89.67094917626829 -88.42557877939142 -87.34334985372551 -86.93410459034511
 Davidson iteration 0.5 (tol=0.002511002424349942): -89.67096826705034 -88.56980657937254 -87.59668060634635 -86.96762871356638
 Davidson iteration 0.6 (tol=0.0008444610116784099): -89.67097020275369 -88.69691520851437 -87.76959155611642 -87.08940382667861
 Davidson iteration 0.7 (tol=0.0002663346776619613): -89.67097041247025 -88.78898724883079 -87.93054811230694 -87.35522750448719
 Davidson iteration 0.8 (tol=8.653364716389835e-05): -89.67097043451848 -88.81514637534373 -88.058595269577 -87.42187308821474
 Davidson iteration 0.9 (tol=3.020730224709053e-05): -89.67097043701015 -88.83233388900099 -88.29089497923576 -87.61762260644866
 Davidson iteration 0.10 (tol=1.021428848774143e-05): -89.67097043730114 -88.83767234852702 -88.45080511229177 -87.7719391591703
 Davidson iteration 0.11 (tol=3.064751369466485e-06): -89.67097043733446 -88.84864939344975 -88.58993041193038 -87.87924114061653
 Davidson iteration 0.12 (tol=9.874859455784117e-07): -89.6709704373372 -88.85103103361335 -88.65640217569295 -87.94015653476795
 Davidson iteration 0.13 (tol=3.283666998074482e-07): -89.67097043733743 -88.85276760231004 -88.69886878881529 -88.0271153356469
 Davidson iteration 0.14 (tol=1.013551861004783e-07): -89.67097043733752 -88.85324575592377 -88.74449030952833 -88.13339618265476
 Davidson iteration 0.15 (tol=3.264784099008019e-08): -89.67097043733753 -88.86191742251648 -88.75888084385601 -88.28866208391008
 Davidson iteration 0.16 (tol=1.086927691885925e-08): -89.67097043733753 -88.86751205691873 -88.77404895685392 -88.44198471176763
 Davidson iteration 0.17 (tol=3.691381915353344e-09): -89.67097043733754 -88.88481499275134 -88.77618798210273 -88.59374641871433
 Elapsed time for davidson 10.813987 (sec) 
 Elapsed time for diagonalization 10.814015 (sec) 
 Elapsed time for mult 0.355769 (sec) 
 Energy = -89.67097043733668
 Elapsed time for measurement 0.016662 (sec) 
 Sample-based diagonalization: Energy = -89.67097043733668
 Sample-based diagonalization: density = [1.999965723514094,1.987641072670612,1.985445114106478,1.98379903790359,1.979212174087208,1.973880586230566,1.975566411201505,1.977913122784308,1.894583114091276,0.1071321993956152,0.01909416940000693,0.02353136963878626,0.02288422280858976,0.02055925305411675,0.01977662175853984,0.01268050420126772,0.01633530314598182
 Sample-based diagonalization: carryover bitstrings = [], size = 0
