 Elapsed time for helper construction 1.591792 (sec) 
 Elapsed time for init 0.043039 (sec) 
 Elapsed time for makeQChamDiagTerms 13.932053 (sec) 
 Davidson iteration 0.0 (tol=0.6600630064122309): -164.3780882268973
 Davidson iteration 0.1 (tol=0.2164937571802479): -164.5677511897075 -162.4669423855516
 Davidson iteration 0.2 (tol=0.07045792743662002): -164.5840613110774 -162.7141314309808 -162.1413232835989
 Davidson iteration 0.3 (tol=0.02070268368887651): -164.5858804611932 -162.8411556826823 -162.2892917364406 -162.0766436941094
 Davidson iteration 0.4 (tol=0.007605326969113341): -164.586046423892 -163.1888244119475 -162.3343616636922 -162.1500053035617
 Davidson iteration 0.5 (tol=0.002451032289303625): -164.5860723611495 -163.6047031637954 -162.3837907489355 -162.3280514772476
 Davidson iteration 0.6 (tol=0.0007978500922547718): -164.5860747103943 -163.7497547382151 -162.4788187996141 -162.3330598596633
 Davidson iteration 0.7 (tol=0.0002680142733999489): -164.5860749478515 -163.8045899776474 -162.8318115264867 -162.4080576683886
 Davidson iteration 1.0 (tol=0.0002680142733950423): -164.5860749478515
 Davidson iteration 1.1 (tol=0.0001100355277304507): -164.5860749738888 -162.568660439653
 Davidson iteration 1.2 (tol=4.344793678069003e-05): -164.5860749797696 -163.4462077099229 -161.6746163512935
 Davidson iteration 1.3 (tol=1.493596158885604e-05): -164.5860749805183 -163.7759435050451 -162.0924052765287 -161.5296444870017
 Davidson iteration 1.4 (tol=5.502773337676907e-06): -164.5860749806037 -163.8967925345783 -162.3219734425027 -162.0818168856003
 Elapsed time for davidson 59.567668 (sec) 
 Elapsed time for diagonalization 59.567885 (sec) 
 Elapsed time for mult 1.478933 (sec) 
 Energy = -164.5860749806081
 Elapsed time for measurement 0.135107 (sec) 
 Sample-based diagonalization: Energy = -164.5860749806081
 Sample-based diagonalization: density = [1.999976823685877,1.993261060904368,1.993929219226514,1.992082828826205,1.987007969967392,1.987755055217836,1.986685376058757,1.985105840982508,1.984251492710469,1.981561886580165,1.974370599444079,1.994188725661084,1.987153416186274,1.936558985557987,0.09072252735421038,0.01648997938343896,0.006556156776183543,0.0145542381221086,0.00784359364828602,0.008042766974727529,0.006635422870085294,0.0178251485189352,0.01427463817543208,0.01605231391810225,0.01711393285279707
 Sample-based diagonalization: carryover bitstrings = [], size = 0
