 Elapsed time for helper construction 0.32974 (sec) 
 Elapsed time for init 0.003725 (sec) 
 Elapsed time for makeQChamDiagTerms 1.333842 (sec) 
 Davidson iteration 0.0 (tol=0.4768040916562518): -120.0402524772214
 Davidson iteration 0.1 (tol=0.1599262099977429): -120.1426621471525 -117.9181149093053
 Davidson iteration 0.2 (tol=0.05873689348011892): -120.1507695423671 -118.3453948527467 -117.124433396526
 Davidson iteration 0.3 (tol=0.02013912551749391): -120.1517231841856 -118.4379885436825 -117.2302591315923 -116.9405673887388
 Davidson iteration 0.4 (tol=0.006921467815708973): -120.151826231916 -118.5244282324294 -117.5284451406645 -116.9798452975212
 Davidson iteration 0.5 (tol=0.002457996667897225): -120.1518385627716 -118.6494643528761 -117.8476141875841 -117.1873553203105
 Davidson iteration 0.6 (tol=0.000951454000036356): -120.1518401121018 -118.7908828051412 -118.1234666194677 -117.1882646759495
 Davidson iteration 0.7 (tol=0.0003383702214552968): -120.1518403297715 -118.9271935434786 -118.2959345546516 -117.3721508781012
 Davidson iteration 1.0 (tol=0.0003383702214553914): -120.1518403297713
 Davidson iteration 1.1 (tol=0.0001517377810931499): -120.1518403547889 -116.5778351543192
 Davidson iteration 1.2 (tol=5.923129840288744e-05): -120.1518403611737 -118.5727116488907 -113.690159302265
 Davidson iteration 1.3 (tol=2.322598166849799e-05): -120.1518403621569 -119.091577064269 -116.3974019960623 -112.6673223300536
 Davidson iteration 1.4 (tol=7.868215180323048e-06): -120.1518403622858 -119.2702387913148 -116.6696388732939 -115.6988151950137
 Elapsed time for davidson 10.325516 (sec) 
 Elapsed time for diagonalization 10.325584 (sec) 
 Elapsed time for mult 0.393305 (sec) 
 Energy = -120.1518403622864
 Elapsed time for measurement 0.017711 (sec) 
 Sample-based diagonalization: Energy = -120.1518403622864
 Sample-based diagonalization: density = [1.999996286342053,1.99204986114299,1.986726190352144,1.987251390984739,1.982424577323433,1.987821328871143,1.974106987448156,1.979764906700827,1.992278078941244,0.006741701759256939,0.02204436993960476,0.01883813282982152,0.009361887076914623,0.0205258824371596,0.01611816333673328,0.02395025442390352
 Sample-based diagonalization: carryover bitstrings = [], size = 0
