 Elapsed time for helper construction 0.621694 (sec) 
 Elapsed time for init 0.009302999999999999 (sec) 
 Elapsed time for makeQChamDiagTerms 4.077944 (sec) 
 Davidson iteration 0.0 (tol=0.5483567912478979): -150.421755176619
 Davidson iteration 0.1 (tol=0.2171776298443509): -150.545723594823 -148.4409487650389
 Davidson iteration 0.2 (tol=0.08523547034811262): -150.5598951046528 -148.8382070360994 -147.7199651506642
 Davidson iteration 0.3 (tol=0.02801884149807913): -150.5621736774291 -149.0120007292915 -147.975472969699 -147.6095214852205
 Davidson iteration 0.4 (tol=0.0103160758301307): -150.5624121452682 -149.2538174885775 -148.2173649937352 -147.7203639928638
 Davidson iteration 0.5 (tol=0.003675046481768227): -150.5624520080079 -149.608480402185 -148.448991613273 -147.9978510963525
 Davidson iteration 0.6 (tol=0.00144327111459137): -150.5624563582022 -149.7434983322488 -148.5830519702393 -148.0423390000681
 Davidson iteration 0.7 (tol=0.0005541012063018363): -150.5624570027633 -149.8318321189989 -148.9666367497187 -148.2303373700378
 Davidson iteration 1.0 (tol=0.0005541012063024312): -150.562457002763
 Davidson iteration 1.1 (tol=0.0002595704984706074): -150.5624570892892 -148.3248103004594
 Davidson iteration 1.2 (tol=0.0001170595285944532): -150.5624571145015 -149.5240760807714 -146.3926659179575
 Davidson iteration 1.3 (tol=4.442024214108368e-05): -150.5624571192119 -149.8820563182079 -147.8507438686919 -145.8357212815674
 Davidson iteration 1.4 (tol=1.739698901173219e-05): -150.5624571198105 -149.9958359729744 -147.9874452213535 -147.6540689567928
 Davidson iteration 1.5 (tol=6.664063005084332e-06): -150.5624571199071 -150.0723541926847 -148.7268496241823 -147.8724355907155
 Elapsed time for davidson 23.478644 (sec) 
 Elapsed time for diagonalization 23.478801 (sec) 
 Elapsed time for mult 0.682442 (sec) 
 Energy = -150.5624571199079
 Elapsed time for measurement 0.043342 (sec) 
 Sample-based diagonalization: Energy = -150.5624571199079
 Sample-based diagonalization: density = [1.999996626284282,1.997854750900901,1.992722676114655,1.99218756031583,1.991269788885354,1.988350938694898,1.97383706343161,1.992143451079167,1.98104665221179,1.985103164789918,1.943497735230146,0.08846216019764974,0.01727061892068245,0.00598067646550749,0.002460061281675224,0.01192025137655265,0.00276897999759115,0.01703223366246647,0.01609460996594449
 Sample-based diagonalization: carryover bitstrings = [], size = 0
