 Elapsed time for helper construction 0.452187 (sec) 
 Elapsed time for init 0.012499 (sec) 
 Elapsed time for makeQChamDiagTerms 2.218801 (sec) 
 Davidson iteration 0.0 (tol=0.5814594434422214): -154.0557553516662
 Davidson iteration 0.1 (tol=0.2587369866280095): -154.1997155735504 -152.1985434132984
 Davidson iteration 0.2 (tol=0.1133764196921444): -154.2203377764473 -152.5989419195184 -151.4185405261184
 Davidson iteration 0.3 (tol=0.04272380127359114): -154.2244305759006 -152.7800542048088 -151.7194389152435 -151.2532478955771
 Davidson iteration 0.4 (tol=0.01783408939400373): -154.2249755670169 -153.0113692506921 -151.9107448365716 -151.355116777709
 Davidson iteration 0.5 (tol=0.006884033866337712): -154.2250825166013 -153.2761932511989 -152.0756028970792 -151.4560698534107
 Davidson iteration 0.6 (tol=0.003089533355336264): -154.2250960040217 -153.4001587899956 -152.2697582596719 -151.5531154301156
 Davidson iteration 0.7 (tol=0.001240498262567002): -154.2250987139635 -153.4757667368152 -152.603548739924 -151.778085205904
 Davidson iteration 1.0 (tol=0.001240498262566776): -154.2250987139644
 Davidson iteration 1.1 (tol=0.000634160069626654): -154.2250991373587 -151.6572858214493
 Davidson iteration 1.2 (tol=0.0003491427598005324): -154.2250992942406 -153.1938990159184 -149.4797059213614
 Davidson iteration 1.3 (tol=0.0001649343958090302): -154.2250993368887 -153.6220900275565 -151.0576053528544 -148.8546270579178
 Davidson iteration 1.4 (tol=7.248079670292237e-05): -154.2250993445345 -153.7294172692065 -151.344281414751 -150.6808961553502
 Davidson iteration 1.5 (tol=3.154591033128055e-05): -154.2250993462033 -153.7947274841915 -152.3895313902603 -151.0445756671099
 Davidson iteration 1.6 (tol=1.511546577278768e-05): -154.2250993465397 -153.8482827562971 -153.0451335687196 -151.2770788449024
 Davidson iteration 1.7 (tol=7.09217788160816e-06): -154.225099346621 -153.888776171218 -153.4023279902258 -151.364673298199
 Elapsed time for davidson 19.272415 (sec) 
 Elapsed time for diagonalization 19.272506 (sec) 
 Elapsed time for mult 0.671384 (sec) 
 Energy = -154.2250993466218
 Elapsed time for measurement 0.09820999999999999 (sec) 
 Sample-based diagonalization: Energy = -154.2250993466218
 Sample-based diagonalization: density = [1.999997567911804,1.997354107149045,1.991990408001425,1.984937998996716,1.986644856460172,1.985984010280129,1.985645609309315,1.99069220859424,1.977999940332682,1.981943608740086,1.902012245135675,0.1213864584313557,0.02411759076393681,0.02136063312554582,0.003605600233825385,0.01964773032961999,0.02467942606203407
 Sample-based diagonalization: carryover bitstrings = [], size = 0
