 Elapsed time for helper construction 0.6106079999999999 (sec) 
 Elapsed time for init 0.009162 (sec) 
 Elapsed time for makeQChamDiagTerms 2.967209 (sec) 
 Davidson iteration 0.0 (tol=0.5439744533991444): -89.4802781197087
 Davidson iteration 0.1 (tol=0.1791290933710581): -89.61634911079442 -87.4030392205101
 Davidson iteration 0.2 (tol=0.03936762331419513): -89.62736548327452 -87.81311888465882 -86.46606640997712
 Davidson iteration 0.3 (tol=0.01022019856774879): -89.62783342828877 -87.90961344768698 -86.87094163776408 -86.27822087495144
 Davidson iteration 0.4 (tol=0.003016559451424802): -89.6278670728999 -87.99876570249712 -87.27674703734692 -86.48179326825374
 Davidson iteration 0.5 (tol=0.0009789887402407113): -89.62786994886113 -88.12588195435104 -87.59196842149059 -86.48828851413377
 Davidson iteration 0.6 (tol=0.0002691512645297861): -89.62787023767355 -88.23277263162097 -87.74816772094306 -86.86157374066235
 Davidson iteration 0.7 (tol=7.271613157423695e-05): -89.62787026007193 -88.28398504737021 -87.85632911989281 -87.15782378572004
 Davidson iteration 1.0 (tol=7.271613157321928e-05): -89.62787026007202
 Davidson iteration 1.1 (tol=2.592576135968494e-05): -89.62787026152535 -86.54125952516486
 Davidson iteration 1.2 (tol=8.773429463311168e-06): -89.62787026176363 -87.7584102605191 -85.49588145835416
 Elapsed time for davidson 17.406868 (sec) 
 Elapsed time for diagonalization 17.407061 (sec) 
 Elapsed time for mult 0.702994 (sec) 
 Energy = -89.62787026176282
 Elapsed time for measurement 0.038839 (sec) 
 Sample-based diagonalization: Energy = -89.62787026176282
 Sample-based diagonalization: density = [1.999966545439993,1.987154357032173,1.985129776893564,1.985471765677583,1.980227376951772,1.980124321827162,1.976189242889951,1.974930219448019,1.975201440902266,0.0210745915084229,0.02133667170469475,0.02060247068203147,0.01513349938342212,0.01292531088659115,0.01868453549896828,0.01423333055377606,0.01611028985701144,0.01550425273568691
 Sample-based diagonalization: carryover bitstrings = [], size = 0
