 Elapsed time for helper construction 1.103779 (sec) 
 Elapsed time for init 0.013355 (sec) 
 Elapsed time for makeQChamDiagTerms 7.253638 (sec) 
 Davidson iteration 0.0 (tol=0.6701113509047535): -151.8100658825423
 Davidson iteration 0.1 (tol=0.3200228499216933): -151.9956886705592 -149.8108740824274
 Davidson iteration 0.2 (tol=0.1466252325979178): -152.0277574465394 -150.2946243825164 -149.0083132313106
 Davidson iteration 0.3 (tol=0.05835495502949385): -152.0346101395107 -150.6172208406531 -149.2599574475372 -148.495110602619
 Davidson iteration 0.4 (tol=0.02913712771963563): -152.0357742130674 -150.9784325780856 -149.6021173238201 -149.0419284664563
 Davidson iteration 0.5 (tol=0.01375844843670415): -152.0361138733715 -151.3686236943871 -149.9811422212005 -149.0962260760943
 Davidson iteration 0.6 (tol=0.00654923417506047): -152.0361832546983 -151.5046301280085 -150.2242750729243 -149.2136101416176
 Davidson iteration 0.7 (tol=0.003024419927931083): -152.0361960342157 -151.5583229151457 -150.4805031497557 -149.640262903635
 Davidson iteration 1.0 (tol=0.003024419927930665): -152.0361960342153
 Davidson iteration 1.1 (tol=0.001497479127398932): -152.0361984237603 -149.2096898991139
 Davidson iteration 1.2 (tol=0.0007964953028832461): -152.0361993610217 -150.912344639419 -147.7204186270642
 Davidson iteration 1.3 (tol=0.0003985114091849192): -152.0361996033152 -151.3779421212069 -148.8231453815234 -147.4614565044039
 Davidson iteration 1.4 (tol=0.0002024792791278145): -152.0361996559931 -151.5418921080963 -149.1760359492584 -148.7135231346894
 Davidson iteration 1.5 (tol=9.871277735389005e-05): -152.036199671232 -151.6367843358891 -150.3077595832674 -148.8338423522693
 Davidson iteration 1.6 (tol=4.645701826309077e-05): -152.0361996745293 -151.6834042324377 -150.7249460492893 -149.201756905924
 Davidson iteration 1.7 (tol=1.753600550989681e-05): -152.0361996752583 -151.6997166295377 -150.9869473082977 -149.2699206675486
 Davidson iteration 2.0 (tol=1.753600565520026e-05): -152.036199675257
 Davidson iteration 2.1 (tol=9.040813036485796e-06): -152.0361996753528 -149.9589122498267
 Elapsed time for davidson 53.345658 (sec) 
 Elapsed time for diagonalization 53.347281 (sec) 
 Elapsed time for mult 1.490747 (sec) 
 Energy = -152.0361996753531
 Elapsed time for measurement 0.07245799999999999 (sec) 
 Sample-based diagonalization: Energy = -152.0361996753531
 Sample-based diagonalization: density = [1.999973637193191,1.994345618048702,1.992426001391736,1.993777901641306,1.985640232700685,1.982891105148381,1.983153719614605,1.986024610892295,1.977220011199245,1.963079103150153,1.976246634501648,1.986695562886939,1.89312755070396,0.1342730225430943,0.02264932535451018,0.01486021112867129,0.01904601328650914,0.01177396092646716,0.02406756612200228,0.03449268083961582,0.02423553042605699
 Sample-based diagonalization: carryover bitstrings = [], size = 0
