 Elapsed time for helper construction 1.626952 (sec) 
 Elapsed time for init 0.048469 (sec) 
 Elapsed time for makeQChamDiagTerms 13.561923 (sec) 
 Davidson iteration 0.0 (tol=0.6723345000833497): -153.1609533182206
 Davidson iteration 0.1 (tol=0.2264871216766731): -153.3576979236084 -151.2066451573335
 Davidson iteration 0.2 (tol=0.07704465639823728): -153.3753907666239 -151.5116325052608 -150.8434736381381
 Davidson iteration 0.3 (tol=0.0225037836028131): -153.3774598474184 -151.6796272532004 -150.8545858543536 -150.6902854642011
 Davidson iteration 0.4 (tol=0.00909693798160217): -153.3776523940434 -152.0473803402485 -150.9590216294263 -150.8471888721028
 Davidson iteration 0.5 (tol=0.00335214659683789): -153.3776867515472 -152.4709713457683 -151.1676240403994 -150.896906483749
 Davidson iteration 0.6 (tol=0.001212481515811704): -153.3776910114337 -152.6385878541095 -151.3741924229689 -150.904733232802
 Davidson iteration 0.7 (tol=0.0004130098652758135): -153.3776915477454 -152.6842504745598 -151.6238111881871 -151.1121156985039
 Davidson iteration 1.0 (tol=0.0004130098652765068): -153.377691547744
 Davidson iteration 1.1 (tol=0.0001808420298011807): -153.3776916079853 -151.3498769039859
 Davidson iteration 1.2 (tol=7.978228872463336e-05): -153.3776916231829 -152.3263547744837 -150.0629361355865
 Davidson iteration 1.3 (tol=3.052325012827563e-05): -153.3776916256136 -152.6628262133614 -150.6647373121372 -149.6385178295472
 Davidson iteration 1.4 (tol=1.306280820155283e-05): -153.3776916259879 -152.8234438189757 -151.2050655830579 -150.6325030759704
 Davidson iteration 1.5 (tol=5.218405946928963e-06): -153.3776916260608 -152.9168738461817 -151.912635849388 -150.6326765160097
 Elapsed time for davidson 65.790296 (sec) 
 Elapsed time for diagonalization 65.806701 (sec) 
 Elapsed time for mult 1.604577 (sec) 
 Energy = -153.3776916260631
 Elapsed time for measurement 0.124501 (sec) 
 Sample-based diagonalization: Energy = -153.3776916260631
 Sample-based diagonalization: density = [1.999991014784457,1.991282431453167,1.990248363456918,1.988287674457096,1.984700912892995,1.980521372987472,1.984201305711746,1.98275420527397,1.981404586102482,1.966170659312971,1.995393719309162,1.988930230512983,1.939154612388721,0.08447059787144148,0.01079207847102197,0.01846454307673282,0.01683154155014777,0.01727359599040929,0.01676831152672752,0.01745204073460061,0.01356823221723395,0.01695748167065872,0.01438048781507651
 Sample-based diagonalization: carryover bitstrings = [], size = 0
