 Elapsed time for helper construction 1.21802 (sec) 
 Elapsed time for init 0.034747 (sec) 
 Elapsed time for makeQChamDiagTerms 14.152995 (sec) 
 Davidson iteration 0.0 (tol=0.6442625111868299): -164.0804521764958
 Davidson iteration 0.1 (tol=0.2067041269702721): -164.2610253663882 -162.1204291222929
 Davidson iteration 0.2 (tol=0.06692278552610158): -164.276272294053 -162.4431177546366 -161.799557500206
 Davidson iteration 0.3 (tol=0.02009250703321375): -164.2780083059682 -162.6297144500119 -161.9387131976558 -161.7985234196293
 Davidson iteration 0.4 (tol=0.008032915050836805): -164.2781844711319 -163.0260547618228 -162.0386513512476 -161.7995481968579
 Davidson iteration 0.5 (tol=0.002891261466500129): -164.2782161744651 -163.4499015325522 -162.1602868453399 -162.0106765041768
 Davidson iteration 0.6 (tol=0.0009959720564551575): -164.2782198201501 -163.5792001675927 -162.3512086558098 -162.0342771300218
 Davidson iteration 0.7 (tol=0.0003915879429065479): -164.2782202740167 -163.6485128723151 -162.9219067176877 -162.1437874073972
 Davidson iteration 1.0 (tol=0.0003915879429130931): -164.2782202740191
 Davidson iteration 1.1 (tol=0.000151813488342261): -164.2782203319591 -162.2673032507795
 Davidson iteration 1.2 (tol=7.100635481120198e-05): -164.2782203469602 -163.4273571604228 -162.0377620880702
 Davidson iteration 1.3 (tol=2.414302179378659e-05): -164.2782203491452 -163.6611216852055 -162.0378101394549 -161.7280564479622
 Davidson iteration 1.4 (tol=1.021713178581637e-05): -164.2782203494272 -163.7947857784708 -162.3996746182499 -161.9794895851187
 Davidson iteration 1.5 (tol=3.992693472646965e-06): -164.2782203494747 -163.8464201786077 -162.8853668447213 -162.0678823324097
 Elapsed time for davidson 55.92050399999999 (sec) 
 Elapsed time for diagonalization 55.920648 (sec) 
 Elapsed time for mult 1.106418 (sec) 
 Energy = -164.2782203494712
 Elapsed time for measurement 0.123084 (sec) 
 Sample-based diagonalization: Energy = -164.2782203494712
 Sample-based diagonalization: density = [1.999976241915962,1.994029813857136,1.994210923923164,1.992650686848918,1.989431816522909,1.990111209147081,1.986706748961489,1.984320445987865,1.982681684428644,1.985331342180112,1.970234597891233,1.988589605612844,1.986504937473836,1.948738277262302,0.08607504285757731,0.01749145064786064,0.01605688683426377,0.01475861104069486,0.01029189732065244,0.009577081719276556,0.00663995798779371,0.01214563306995028,0.006345348040195618,0.01021833247808991,0.01688142560614408
 Sample-based diagonalization: carryover bitstrings = [], size = 0
