 Elapsed time for helper construction 1.634589 (sec) 
 Elapsed time for init 0.022678 (sec) 
 Elapsed time for makeQChamDiagTerms 15.10079 (sec) 
 Davidson iteration 0.0 (tol=0.6887811768981288): -167.0325103795222
 Davidson iteration 0.1 (tol=0.2669535082102892): -167.2278640463996 -164.9857173249896
 Davidson iteration 0.2 (tol=0.09998870440523114): -167.2499563446075 -165.3073869569105 -164.3794035363003
 Davidson iteration 0.3 (tol=0.03008063192375247): -167.2532487863243 -165.5116420480138 -164.5167848938245 -164.3616200442355
 Davidson iteration 0.4 (tol=0.01361200067806941): -167.2536185027037 -166.0273696367354 -164.7529267245734 -164.4243896080547
 Davidson iteration 0.5 (tol=0.00569398917726295): -167.2536900565746 -166.4157816186273 -165.0289449784903 -164.5109774892658
 Davidson iteration 0.6 (tol=0.002163822330757564): -167.2537020467356 -166.5474240456557 -165.2227705595749 -164.6086476814313
 Davidson iteration 0.7 (tol=0.0008487329231094539): -167.2537038161712 -166.6059562166545 -165.5928526382651 -164.8720422882273
 Davidson iteration 1.0 (tol=0.0008487329231261967): -167.2537038161701
 Davidson iteration 1.1 (tol=0.0003799687290324362): -167.2537040630249 -165.3763922403925
 Davidson iteration 1.2 (tol=0.0001681339927673581): -167.2537041322943 -166.0999248217374 -164.7291205408359
 Davidson iteration 1.3 (tol=6.471612468628035e-05): -167.2537041422183 -166.3990659777095 -164.7428511084816 -164.2312952057358
 Davidson iteration 1.4 (tol=2.580037211140839e-05): -167.2537041437084 -166.5325828112586 -164.892172464085 -164.6523040960536
 Davidson iteration 1.5 (tol=1.110319648857091e-05): -167.2537041439914 -166.6395442365098 -165.7443607574068 -164.8317085130541
 Davidson iteration 1.6 (tol=4.386075070565338e-06): -167.2537041440341 -166.6825023374292 -166.0733442487923 -165.0783215558153
 Elapsed time for davidson 67.521491 (sec) 
 Elapsed time for diagonalization 67.521676 (sec) 
 Elapsed time for mult 1.775001 (sec) 
 Energy = -167.2537041440358
 Elapsed time for measurement 0.122974 (sec) 
 Sample-based diagonalization: Energy = -167.2537041440358
 Sample-based diagonalization: density = [1.99997379336367,1.993311392033626,1.993561371169465,1.992319496295467,1.987116006885488,1.985199256565647,1.984635426479223,1.983089593201592,1.981501574560223,1.981467437576125,1.970362992804764,1.995049006558698,1.98712421061893,1.93053278885401,0.09892975904299539,0.01330280676712499,0.01030557363930097,0.0163317708359918,0.01357311938878039,0.01230964709994032,0.01640330977116522,0.01870063498570316,0.01765789557252066,0.01724113539766246
 Sample-based diagonalization: carryover bitstrings = [], size = 0
