 Elapsed time for helper construction 0.7770819999999999 (sec) 
 Elapsed time for init 0.010548 (sec) 
 Elapsed time for makeQChamDiagTerms 4.250272 (sec) 
 Davidson iteration 0.0 (tol=0.5712218960050188): -153.1288345880077
 Davidson iteration 0.1 (tol=0.2501039213314668): -153.2650584473993 -151.1987492528391
 Davidson iteration 0.2 (tol=0.1102871466225109): -153.2834280449021 -151.6056415202171 -150.3703892860443
 Davidson iteration 0.3 (tol=0.03957842073807966): -153.2870739532329 -151.7772371742194 -150.6177613317136 -150.176402791287
 Davidson iteration 0.4 (tol=0.01664291140259326): -153.2874953669472 -152.0020695014906 -150.9265401529487 -150.3440895177766
 Davidson iteration 0.5 (tol=0.006416851377948574): -153.2875842747652 -152.334985499036 -151.1675310243929 -150.6253260156615
 Davidson iteration 0.6 (tol=0.002780558812477562): -153.287596879973 -152.4704299753508 -151.3172115189096 -150.709259256745
 Davidson iteration 0.7 (tol=0.001131292012876156): -153.2875991718408 -152.5838270833833 -151.6852368307104 -150.8996037078008
 Davidson iteration 1.0 (tol=0.001131292012887468): -153.2875991718399
 Davidson iteration 1.1 (tol=0.0005340014699835451): -153.2875995212135 -150.9362964243136
 Davidson iteration 1.2 (tol=0.0002907111362160776): -153.2875996303586 -152.307486192465 -149.9031111408802
 Davidson iteration 1.3 (tol=0.0001340732536493697): -153.2875996560052 -152.6718827070951 -150.5271907987506 -148.5651488198507
 Davidson iteration 1.4 (tol=6.091035259994808e-05): -153.2875996609325 -152.7942725707913 -150.6638900422901 -150.3562698480119
 Davidson iteration 1.5 (tol=2.743011222567522e-05): -153.2875996621497 -152.9000717604048 -151.5360500976483 -150.5973487641206
 Davidson iteration 1.6 (tol=1.426594918967705e-05): -153.2875996624074 -152.9567398152158 -152.1881180811186 -150.9437646398523
 Davidson iteration 1.7 (tol=6.909812716583828e-06): -153.2875996624749 -152.9999040710246 -152.5077265745896 -151.0006438135921
 Elapsed time for davidson 33.734872 (sec) 
 Elapsed time for diagonalization 33.734974 (sec) 
 Elapsed time for mult 0.9682189999999999 (sec) 
 Energy = -153.287599662477
 Elapsed time for measurement 0.051704 (sec) 
 Sample-based diagonalization: Energy = -153.287599662477
 Sample-based diagonalization: density = [1.999996870100237,1.996833023161743,1.992334269065994,1.992294158732772,1.988878961006648,1.986802125829671,1.990005369386387,1.975048882074715,1.974450089113953,1.983636430947622,1.925732169050149,0.1072450390458769,0.01232768440524993,0.007446566640597294,0.007786976163644274,0.01959287617700525,0.0212426672098437,0.01834584163182078
 Sample-based diagonalization: carryover bitstrings = [], size = 0
