 Elapsed time for helper construction 1.469133 (sec) 
 Elapsed time for init 0.052645 (sec) 
 Elapsed time for makeQChamDiagTerms 14.000905 (sec) 
 Davidson iteration 0.0 (tol=0.6187065365347466): -123.7450150787634
 Davidson iteration 0.1 (tol=0.1270267889961477): -123.9233378442264 -121.6832023927593
 Davidson iteration 0.2 (tol=0.02105951929602034): -123.9291271105461 -121.9286106396301 -121.133022450438
 Davidson iteration 0.3 (tol=0.005365109500953416): -123.9292904919626 -122.0545734127338 -121.5442661232845 -121.0272603957863
 Davidson iteration 0.4 (tol=0.001505642269315123): -123.9293015954797 -122.2651071713625 -121.7514300963455 -121.0991730694933
 Davidson iteration 0.5 (tol=0.0003675372470104743): -123.9293023581177 -122.4438302166455 -121.8484900032251 -121.151111882756
 Davidson iteration 0.6 (tol=8.040281070523533e-05): -123.9293024013011 -122.5243746785535 -121.9163635796277 -121.3301666663226
 Davidson iteration 0.7 (tol=1.896382260663196e-05): -123.929302403438 -122.5449282208973 -121.9720136845333 -121.5238149807823
 Davidson iteration 1.0 (tol=1.896382260683933e-05): -123.9293024034398
 Davidson iteration 1.1 (tol=6.110838701016376e-06): -123.9293024035586 -121.2358495645966
 Elapsed time for davidson 53.150594 (sec) 
 Elapsed time for diagonalization 53.15299599999999 (sec) 
 Elapsed time for mult 1.388799 (sec) 
 Energy = -123.9293024035573
 Elapsed time for measurement 0.153678 (sec) 
 Sample-based diagonalization: Energy = -123.9293024035573
 Sample-based diagonalization: density = [1.999971967570416,1.990075784415984,1.98931396739058,1.989079669498381,1.984997129750186,1.984598897451172,1.983795377527264,1.984032741589256,1.980854652552447,1.980182291813915,1.979909804597999,1.979075582783905,0.01793706054743848,0.01068576238462767,0.01416656124731642,0.01707888534358157,0.01385375462537801,0.01437157507339118,0.01491592918825802,0.01421046300016752,0.01530593809199611,0.01201865868690923,0.01487547366161691,0.01469207084807443
 Sample-based diagonalization: carryover bitstrings = [], size = 0
