 Elapsed time for helper construction 0.122096 (sec) 
 Elapsed time for init 0.002092 (sec) 
 Elapsed time for makeQChamDiagTerms 0.32289 (sec) 
 Davidson iteration 0.0 (tol=0.5059905771635875): -94.65932773525607
 Davidson iteration 0.1 (tol=0.1661136294883204): -94.77525512583448 -92.55062355006994
 Davidson iteration 0.2 (tol=0.04868675426747955): -94.78423879565651 -92.96407878784626 -91.66902674736512
 Davidson iteration 0.3 (tol=0.01636459088959089): -94.78487844230743 -93.0330412116964 -91.86103710526169 -91.59383983261569
 Davidson iteration 0.4 (tol=0.005078854922883541): -94.78495185366759 -93.11996199040198 -92.1491285979771 -91.649896363952
 Davidson iteration 0.5 (tol=0.00172552967992723): -94.78495934569696 -93.28777498307009 -92.65647177018805 -91.82880810978138
 Davidson iteration 0.6 (tol=0.0005952924816790353): -94.78496029798134 -93.53521798009363 -92.90073885751386 -92.03684058405456
 Davidson iteration 0.7 (tol=0.0002111327266234919): -94.78496040389903 -93.73924271249032 -93.0004594985314 -92.08519465141205
 Davidson iteration 1.0 (tol=0.0002111327266238459): -94.78496040389848
 Davidson iteration 1.1 (tol=9.120364958181168e-05): -94.78496041557494 -92.03696779855129
 Davidson iteration 1.2 (tol=3.649196899190712e-05): -94.78496041867484 -93.60012321252212 -90.09055204286994
 Davidson iteration 1.3 (tol=1.321221411978945e-05): -94.78496041909155 -93.9380093496369 -91.61559791146199 -89.52255524324251
 Davidson iteration 1.4 (tol=4.359969632125845e-06): -94.7849604191389 -94.06706973743167 -91.63124054998536 -91.39840436749598
 Elapsed time for davidson 2.679709 (sec) 
 Elapsed time for diagonalization 2.679719 (sec) 
 Elapsed time for mult 0.107215 (sec) 
 Energy = -94.78496041913942
 Elapsed time for measurement 0.004248 (sec) 
 Sample-based diagonalization: Energy = -94.78496041913942
 Sample-based diagonalization: density = [1.999988248229366,1.988590634888151,1.985402747133188,1.978612783015303,1.976958422318922,1.9789037880617,1.973565685557658,1.986327859762022,0.02466055862121734,0.02468929814596698,0.022694749429612,0.01818847399613101,0.02172010158372644,0.01969664924682576
 Sample-based diagonalization: carryover bitstrings = [], size = 0
