 Elapsed time for helper construction 1.165929 (sec) 
 Elapsed time for init 0.014872 (sec) 
 Elapsed time for makeQChamDiagTerms 10.481999 (sec) 
 Davidson iteration 0.0 (tol=0.6302228644304709): -125.453510461457
 Davidson iteration 0.1 (tol=0.133319441143403): -125.6360028955255 -123.3684467184389
 Davidson iteration 0.2 (tol=0.02256811356650517): -125.642276981107 -123.6182562351492 -122.8285524327338
 Davidson iteration 0.3 (tol=0.005607179839309778): -125.6424610736476 -123.7346002134297 -123.2182599105507 -122.7716831690962
 Davidson iteration 0.4 (tol=0.001510166533945406): -125.6424733946234 -123.9575541569165 -123.4230964369747 -123.0017281909236
 Davidson iteration 0.5 (tol=0.0003586780865286805): -125.6424741894274 -124.1434032836944 -123.5357289887863 -123.007922163439
 Davidson iteration 0.6 (tol=8.092010312048146e-05): -125.6424742318552 -124.2204644747843 -123.6214457509419 -123.1639024843732
 Davidson iteration 0.7 (tol=2.000895763988015e-05): -125.6424742340393 -124.2477860119521 -123.6998920917381 -123.2720555037828
 Davidson iteration 1.0 (tol=2.000895764073318e-05): -125.6424742340391
 Davidson iteration 1.1 (tol=6.336658610551068e-06): -125.6424742341702 -122.9749053275124
 Elapsed time for davidson 35.872462 (sec) 
 Elapsed time for diagonalization 35.872619 (sec) 
 Elapsed time for mult 1.188558 (sec) 
 Energy = -125.6424742341701
 Elapsed time for measurement 0.093401 (sec) 
 Sample-based diagonalization: Energy = -125.6424742341701
 Sample-based diagonalization: density = [1.99997175652204,1.990744090923877,1.98955415917307,1.986474724192245,1.985717998417131,1.984394272992764,1.982556501846976,1.982670956123465,1.986053383650676,1.977891848024069,1.979376614960846,1.977833927270077,0.00777695268607217,0.01179640950255227,0.0184053660872527,0.01876688931744852,0.01404050212140173,0.01402243254141222,0.01459475278611856,0.01489822733268859,0.01557851303949253,0.01628106791364572,0.01515602874475201,0.01544262350389614
 Sample-based diagonalization: carryover bitstrings = [], size = 0
