 Elapsed time for helper construction 0.8652289999999999 (sec) 
 Elapsed time for init 0.013663 (sec) 
 Elapsed time for makeQChamDiagTerms 10.002827 (sec) 
 Davidson iteration 0.0 (tol=0.4044379459259054): -143.4476245258041
 Davidson iteration 0.1 (tol=0.07219791541272617): -143.5281977712785 -141.6289010628343
 Davidson iteration 0.2 (tol=0.01749039310812133): -143.5305801025988 -142.1071266748464 -141.4290952503021
 Davidson iteration 0.3 (tol=0.0039457773650185): -143.5307381170634 -142.2299192399797 -141.893418219158 -141.3499128955588
 Davidson iteration 0.4 (tol=0.0008572231781229857): -143.5307466152213 -142.5691977554401 -141.988796361147 -141.4836647041782
 Davidson iteration 0.5 (tol=0.0002465408551898243): -143.5307469616893 -142.668210840735 -142.0257697304457 -141.7883239142006
 Davidson iteration 0.6 (tol=8.527543457827713e-05): -143.5307469974154 -142.7613804073731 -142.3256475561215 -141.9773195539315
 Davidson iteration 0.7 (tol=3.792888277453344e-05): -143.5307470034931 -143.0807266876815 -142.5818554500908 -142.0722193343429
 Davidson iteration 1.0 (tol=3.792888277103653e-05): -143.5307470034926
 Davidson iteration 1.1 (tol=1.299145014669435e-05): -143.5307470042856 -142.3478065362408
 Davidson iteration 1.2 (tol=6.377316675145763e-06): -143.530747004449 -143.059170196554 -141.6384660537073
 Elapsed time for davidson 27.936853 (sec) 
 Elapsed time for diagonalization 27.937195 (sec) 
 Elapsed time for mult 0.568148 (sec) 
 Energy = -143.530747004451
 Elapsed time for measurement 0.081953 (sec) 
 Sample-based diagonalization: Energy = -143.530747004451
 Sample-based diagonalization: density = [1.999996439654073,1.997869885410675,1.998909830673847,1.997964416560032,1.992448512654447,1.994183448316844,1.995081633495718,1.995877144589004,1.990360236095921,1.985171708173112,1.966286101336606,1.995625692529455,1.995605295455028,0.04712900966721505,0.002609534744962083,0.007209469041022,0.003525318489928667,0.004240416974082548,0.004710430056843967,0.003833388411418191,0.0049393105613749,0.005661531919064671,0.001338974445622564,0.009422270593538881
 Sample-based diagonalization: carryover bitstrings = [], size = 0
