 Elapsed time for helper construction 1.426282 (sec) 
 Elapsed time for init 0.018976 (sec) 
 Elapsed time for makeQChamDiagTerms 10.258413 (sec) 
 Davidson iteration 0.0 (tol=0.6807675396896434): -143.9397929844456
 Davidson iteration 0.1 (tol=0.2763795000770121): -144.1320527574781 -141.8346553598166
 Davidson iteration 0.2 (tol=0.1159449026432195): -144.1549393442649 -142.251936790002 -141.0285117101493
 Davidson iteration 0.3 (tol=0.03570838311312521): -144.1589640430574 -142.4813817950399 -141.1284493534055 -140.7983643857349
 Davidson iteration 0.4 (tol=0.01439982083040069): -144.1593644353789 -142.7474775671245 -141.4697274476409 -140.975979125814
 Davidson iteration 0.5 (tol=0.005837167123816704): -144.1594334143326 -143.0863661525336 -141.9144071191942 -141.088246847733
 Davidson iteration 0.6 (tol=0.002531625551071699): -144.1594449173128 -143.2809224062075 -142.1564439577804 -141.0906135229777
 Davidson iteration 0.7 (tol=0.001102311187613068): -144.1594473178606 -143.4326425995706 -142.5214211908133 -141.7073127881126
 Davidson iteration 1.0 (tol=0.001102311187608193): -144.1594473178585
 Davidson iteration 1.1 (tol=0.0005026109235723374): -144.1594477117187 -141.8593145119488
 Davidson iteration 1.2 (tol=0.0002988395177647848): -144.1594478449066 -143.2741828474394 -141.1505567955566
 Davidson iteration 1.3 (tol=0.0001380003708777829): -144.159447876694 -143.5822348466602 -141.205253499781 -140.7715923888506
 Davidson iteration 1.4 (tol=5.681805423660794e-05): -144.1594478829192 -143.6792676352776 -141.4584011653633 -141.1609630616203
 Davidson iteration 1.5 (tol=2.471672388556286e-05): -144.15944788417 -143.7454606579828 -142.4968980439097 -141.1636205275084
 Davidson iteration 1.6 (tol=1.129227638620246e-05): -144.1594478843847 -143.7757500994738 -142.998856425927 -141.3629452877248
 Davidson iteration 1.7 (tol=5.233291304720265e-06): -144.1594478844363 -143.8041841514816 -143.3159281891086 -141.6567938277524
 Elapsed time for davidson 64.02822499999999 (sec) 
 Elapsed time for diagonalization 64.028419 (sec) 
 Elapsed time for mult 1.854023 (sec) 
 Energy = -144.159447884438
 Elapsed time for measurement 0.106954 (sec) 
 Sample-based diagonalization: Energy = -144.159447884438
 Sample-based diagonalization: density = [1.99998780179267,1.990937416294955,1.990387230539421,1.988096277338455,1.982493449111653,1.979403307267444,1.981641298980616,1.980044893414916,1.97718565113891,1.959035603604739,1.980708853198524,1.952629168281036,0.08482430197985126,0.02467236319452079,0.02467862031799363,0.02123591413129862,0.01832575715910779,0.01143732587445005,0.01780643365120337,0.0202130108550331,0.01425532142555008
 Sample-based diagonalization: carryover bitstrings = [], size = 0
