 Elapsed time for helper construction 0.944591 (sec) 
 Elapsed time for init 0.012909 (sec) 
 Elapsed time for makeQChamDiagTerms 11.451674 (sec) 
 Davidson iteration 0.0 (tol=0.3221786219606173): -162.8543065561732
 Davidson iteration 0.1 (tol=0.06853386216926341): -162.9117733922969 -161.3428214904925
 Davidson iteration 0.2 (tol=0.01809891968036285): -162.9144753728848 -161.818347505943 -161.222072732606
 Davidson iteration 0.3 (tol=0.004997796031598379): -162.9146701341285 -162.126094088341 -161.22979342259 -161.0955565153787
 Davidson iteration 0.4 (tol=0.001317869554089661): -162.9146834389914 -162.3242793548126 -161.2549883549497 -161.1128877791233
 Davidson iteration 0.5 (tol=0.0002984903078497808): -162.914684281676 -162.3864526389645 -161.3493610828111 -161.1182156312615
 Davidson iteration 0.6 (tol=8.119232063953689e-05): -162.9146843339685 -162.4578100569894 -161.9510443158064 -161.2838765235812
 Davidson iteration 0.7 (tol=2.482623485104587e-05): -162.9146843379831 -162.5233401249846 -162.2086908380169 -161.2851632772918
 Davidson iteration 1.0 (tol=2.482623484659358e-05): -162.9146843379817
 Davidson iteration 1.1 (tol=8.072817524549196e-06): -162.9146843383153 -161.9119300547167
 Elapsed time for davidson 28.861138 (sec) 
 Elapsed time for diagonalization 28.861406 (sec) 
 Elapsed time for mult 0.566485 (sec) 
 Energy = -162.9146843383166
 Elapsed time for measurement 0.096318 (sec) 
 Sample-based diagonalization: Energy = -162.9146843383166
 Sample-based diagonalization: density = [1.999986196309884,1.999019945426267,1.998937121180947,1.999470471285916,1.996442275367096,1.99892926573742,1.996401301606274,1.997908436786151,1.997207945811329,1.989431058895592,1.998118304455764,1.986542640326082,1.994730536955276,1.961721044236798,0.05475555509594598,0.004530983381551801,0.001540693134997216,0.002092386602731777,0.002740045052746813,0.0008725547276990579,0.002468606089037595,0.005332828068478165,0.002355627596457333,0.004222409125474551,0.004241766610567545
 Sample-based diagonalization: carryover bitstrings = [], size = 0
