 Elapsed time for helper construction 1.644785 (sec) 
 Elapsed time for init 0.051135 (sec) 
 Elapsed time for makeQChamDiagTerms 21.58592 (sec) 
 Davidson iteration 0.0 (tol=0.6434118013202111): -187.4883178611373
 Davidson iteration 0.1 (tol=0.1154731380538327): -187.6753438042515 -185.4994305963318
 Davidson iteration 0.2 (tol=0.02837875937528727): -187.6812921118519 -186.0361502689199 -185.4702118620554
 Davidson iteration 0.3 (tol=0.006707081854599429): -187.6816571733458 -186.1333196001755 -185.7368179993247 -185.4667581993544
 Davidson iteration 0.4 (tol=0.001839626713466523): -187.6816825644731 -186.6931774313945 -185.7720773586007 -185.4731323810001
 Davidson iteration 0.5 (tol=0.0005896613906550272): -187.6816843259575 -186.9145275798446 -185.9948487254073 -185.6383268055806
 Davidson iteration 0.6 (tol=0.0001703152114010377): -187.6816844980336 -187.0001967467327 -186.0101902080724 -185.9083735417279
 Davidson iteration 0.7 (tol=5.305302296012783e-05): -187.6816845126832 -187.0644864350989 -186.3129371463413 -185.9620470036789
 Davidson iteration 1.0 (tol=5.305302296063602e-05): -187.6816845126851
 Davidson iteration 1.1 (tol=2.037079573911938e-05): -187.6816845141069 -186.3314773274413
 Davidson iteration 1.2 (tol=9.260717257075454e-06): -187.681684514456 -187.0818837434911 -185.6460686764686
 Elapsed time for davidson 60.172586 (sec) 
 Elapsed time for diagonalization 60.176522 (sec) 
 Elapsed time for mult 1.354136 (sec) 
 Energy = -187.6816845144536
 Elapsed time for measurement 0.159797 (sec) 
 Sample-based diagonalization: Energy = -187.6816845144536
 Sample-based diagonalization: density = [1.999981110733828,1.995156791113043,1.993473037786235,1.993749936561237,1.99101564429002,1.99091579236842,1.99224658304222,1.986423538380438,1.986930558961623,1.987817595198858,1.984036305352339,1.982302263875243,1.992201603775019,1.962982091725684,1.988342419340335,1.989477388546861,0.04190900502147132,0.01152114999009909,0.01648097004918227,0.01804164172759141,0.01051163804835116,0.01072131814009615,0.009549437366097747,0.008139550285649409,0.0113137204015986,0.008917766010076645,0.005782261040514684,0.01039262483478082,0.008219216791434916,0.01144703894540683
 Sample-based diagonalization: carryover bitstrings = [], size = 0
