 Elapsed time for helper construction 1.226911 (sec) 
 Elapsed time for init 0.019419 (sec) 
 Elapsed time for makeQChamDiagTerms 12.423989 (sec) 
 Davidson iteration 0.0 (tol=0.6182807619342938): -123.8659757654799
 Davidson iteration 0.1 (tol=0.1220817432052297): -124.0435343864088 -121.8006117072701
 Davidson iteration 0.2 (tol=0.02111674761311539): -124.048952734694 -122.0511248602108 -121.3283462542783
 Davidson iteration 0.3 (tol=0.005298793779480764): -124.04912160026 -122.1698421511188 -121.706222526703 -121.2805001208423
 Davidson iteration 0.4 (tol=0.001436983755244424): -124.0491331306299 -122.4293287749201 -121.8813761893139 -121.4877125945925
 Davidson iteration 0.5 (tol=0.0003477715513188526): -124.0491338311035 -122.6053219066294 -121.9647262450042 -121.4966382871289
 Davidson iteration 0.6 (tol=7.841263042067121e-05): -124.049133870871 -122.6677443698511 -122.0358906249118 -121.6702679350189
 Davidson iteration 0.7 (tol=1.919096586135077e-05): -124.0491338730243 -122.6997491731707 -122.1246699972058 -121.7466239406202
 Davidson iteration 1.0 (tol=1.919096585906457e-05): -124.0491338730241
 Davidson iteration 1.1 (tol=6.180898934207693e-06): -124.0491338731505 -121.5047453533013
 Elapsed time for davidson 40.069819 (sec) 
 Elapsed time for diagonalization 40.07006 (sec) 
 Elapsed time for mult 1.195856 (sec) 
 Energy = -124.0491338731522
 Elapsed time for measurement 0.110689 (sec) 
 Sample-based diagonalization: Energy = -124.0491338731522
 Sample-based diagonalization: density = [1.999972068012232,1.990090352268148,1.990295250159093,1.986830415195245,1.983175862628935,1.98328265930757,1.982257305937689,1.9818632790565,1.980623007184212,1.978395015215057,1.979781984701742,1.991293065584221,0.004201294389740495,0.006093176138106679,0.01616996158512506,0.01685056440134878,0.01755036583494485,0.01523123517197445,0.01572339708719465,0.01653013066240787,0.01568030991490335,0.01613933993854455,0.01596290854710265,0.01600705075659082
 Sample-based diagonalization: carryover bitstrings = [], size = 0
