 Elapsed time for helper construction 1.271637 (sec) 
 Elapsed time for init 0.019601 (sec) 
 Elapsed time for makeQChamDiagTerms 18.541326 (sec) 
 Davidson iteration 0.0 (tol=0.5384533581900381): -185.9643725559954
 Davidson iteration 0.1 (tol=0.08366416570848136): -186.0997788466858 -184.0775632305493
 Davidson iteration 0.2 (tol=0.02012223940383096): -186.1034565174848 -184.808287483631 -184.0662998205829
 Davidson iteration 0.3 (tol=0.004681593719364883): -186.1036724674579 -184.9056967406875 -184.4593155282266 -184.0587633028033
 Davidson iteration 0.4 (tol=0.00134080662615657): -186.1036870278973 -185.4092117808496 -184.4788046317467 -184.228590385732
 Davidson iteration 0.5 (tol=0.0004326081036269662): -186.103688163219 -185.5765276697708 -184.6823282510346 -184.350188033889
 Davidson iteration 0.6 (tol=0.0001520196097197927): -186.1036883071097 -185.7001079963432 -185.1890561649696 -184.6482589044641
 Davidson iteration 0.7 (tol=4.36461426946972e-05): -186.1036883216755 -185.7496617120447 -185.3438751624618 -184.6641008256893
 Davidson iteration 1.0 (tol=4.364614269139774e-05): -186.1036883216738
 Davidson iteration 1.1 (tol=1.240652488065351e-05): -186.1036883226317 -184.7734479273416
 Davidson iteration 1.2 (tol=3.97274724381351e-06): -186.103688322752 -185.3104191362841 -184.5434975985779
 Elapsed time for davidson 45.10361 (sec) 
 Elapsed time for diagonalization 45.103872 (sec) 
 Elapsed time for mult 0.808326 (sec) 
 Energy = -186.1036883227547
 Elapsed time for measurement 0.142088 (sec) 
 Sample-based diagonalization: Energy = -186.1036883227547
 Sample-based diagonalization: density = [1.999983402883371,1.996582695969589,1.995215938454686,1.995018227091252,1.995619138382721,1.992766465431383,1.991150127115135,1.991526388432765,1.991127637386672,1.991140251906211,1.984588127698823,1.987393172605464,1.996682630135975,1.967079064522691,1.988148916337579,1.994295770744884,0.04317377236190871,0.009878149945533873,0.008069791988439413,0.01168080654366464,0.006943931664581533,0.009119608084255736,0.006531249446550298,0.007458811468647557,0.008328590741816969,0.00717678013065322,0.007236247682011011,0.005618948316038629,0.01046535639438593
 Sample-based diagonalization: carryover bitstrings = [], size = 0
