 Elapsed time for helper construction 1.39525 (sec) 
 Elapsed time for init 0.051795 (sec) 
 Elapsed time for makeQChamDiagTerms 12.250661 (sec) 
 Davidson iteration 0.0 (tol=0.6196049236412833): -112.5240302803186
 Davidson iteration 0.1 (tol=0.1374024119217398): -112.7006963774176 -110.4350890107887
 Davidson iteration 0.2 (tol=0.02291478032767568): -112.7072650859528 -110.7040587672126 -109.8023614471036
 Davidson iteration 0.3 (tol=0.005684363185317967): -112.707445350379 -110.8017285785577 -110.2125749924022 -109.6946565727821
 Davidson iteration 0.4 (tol=0.001624818847888413): -112.7074571976832 -110.9673814390485 -110.480120200396 -109.7711110709839
 Davidson iteration 0.5 (tol=0.0004086845888638803): -112.7074580706246 -111.168255427296 -110.6176153583503 -109.8122601433809
 Davidson iteration 0.6 (tol=8.88873390072817e-05): -112.7074581229785 -111.2718277479819 -110.6893959989262 -110.0191523362039
 Davidson iteration 0.7 (tol=2.148311263723681e-05): -112.7074581255148 -111.2982909287484 -110.7398241405124 -110.216371728128
 Davidson iteration 1.0 (tol=2.14831126374477e-05): -112.7074581255139
 Davidson iteration 1.1 (tol=6.879730602085252e-06): -112.7074581256595 -109.9157891946492
 Elapsed time for davidson 47.820539 (sec) 
 Elapsed time for diagonalization 47.822726 (sec) 
 Elapsed time for mult 1.458089 (sec) 
 Energy = -112.707458125661
 Elapsed time for measurement 0.170594 (sec) 
 Sample-based diagonalization: Energy = -112.707458125661
 Sample-based diagonalization: density = [1.999970096807199,1.990104832587165,1.990715836225777,1.986351395338642,1.98295973336323,1.981919789510186,1.981673307147554,1.980031969140811,1.978465535129415,1.977961636308583,1.976805883780994,0.005371548134868622,0.01441602304656503,0.01658916696670417,0.01584946574152395,0.01555919169035586,0.01649483630814856,0.01066922599635632,0.01525955543281382,0.01609707789142616,0.01485515437275152,0.01597295024254995,0.01590578853056937
 Sample-based diagonalization: carryover bitstrings = [], size = 0
