 Elapsed time for helper construction 0.678462 (sec) 
 Elapsed time for init 0.017549 (sec) 
 Elapsed time for makeQChamDiagTerms 3.476021 (sec) 
 Davidson iteration 0.0 (tol=0.541466820150506): -148.1207238072936
 Davidson iteration 0.1 (tol=0.2349033276326923): -148.2475850098874 -146.2157978656109
 Davidson iteration 0.2 (tol=0.1037107260639591): -148.2647601525588 -146.6745229158421 -145.4317365181751
 Davidson iteration 0.3 (tol=0.03822814534997134): -148.2682713601061 -146.8684289438781 -145.6999148182329 -145.2720753933301
 Davidson iteration 0.4 (tol=0.01559458644815861): -148.2686857439739 -147.0548976738543 -146.0163835053048 -145.4394421767713
 Davidson iteration 0.5 (tol=0.005581266511975645): -148.2687695453021 -147.3378166627313 -146.2075368199539 -145.7996537219228
 Davidson iteration 0.6 (tol=0.002426503605045989): -148.2687792077496 -147.453668468135 -146.3670544067484 -145.8066205018195
 Davidson iteration 0.7 (tol=0.0009707620410774482): -148.2687808649206 -147.5350892906741 -146.6449578100991 -145.964791679385
 Davidson iteration 1.0 (tol=0.0009707620410761399): -148.2687808649198
 Davidson iteration 1.1 (tol=0.0004887264176481838): -148.2687811133386 -145.7932691617434
 Davidson iteration 1.2 (tol=0.000233086863590825): -148.2687811917207 -147.1773616019157 -143.470772683917
 Davidson iteration 1.3 (tol=9.716844413106941e-05): -148.268781209366 -147.5809820663505 -145.5200865321789 -141.9587430490731
 Davidson iteration 1.4 (tol=4.412960473925621e-05): -148.2687812121674 -147.7309116446129 -145.6208005014757 -145.4566441588987
 Davidson iteration 1.5 (tol=2.012590496223985e-05): -148.2687812128106 -147.8467790478869 -146.5630682210204 -145.5374316015214
 Davidson iteration 1.6 (tol=1.081591179296644e-05): -148.268781212954 -147.9226188271903 -147.1660586071297 -145.9786158830171
 Davidson iteration 1.7 (tol=5.041131927476388e-06): -148.2687812129928 -147.9747394645673 -147.4559030301635 -146.0118260812787
 Elapsed time for davidson 30.875715 (sec) 
 Elapsed time for diagonalization 30.876914 (sec) 
 Elapsed time for mult 0.849634 (sec) 
 Energy = -148.2687812129936
 Elapsed time for measurement 0.039945 (sec) 
 Sample-based diagonalization: Energy = -148.2687812129936
 Sample-based diagonalization: density = [1.999997243947853,1.997630832861134,1.992403848400725,1.992885642423543,1.990526543299491,1.985446836248514,1.990683224107586,1.974424774506733,1.972145282208552,1.984233155478922,1.932121403546029,0.1089089739284722,0.01494829398802954,0.01675664461461173,0.005468085072059045,0.002172748782062322,0.02048897346557851,0.01875749293670044
 Sample-based diagonalization: carryover bitstrings = [], size = 0
