 Elapsed time for helper construction 1.44464 (sec) 
 Elapsed time for init 0.016467 (sec) 
 Elapsed time for makeQChamDiagTerms 17.647166 (sec) 
 Davidson iteration 0.0 (tol=0.667845063394186): -180.0923350495614
 Davidson iteration 0.1 (tol=0.2018911494794606): -180.277417983927 -178.0555949306457
 Davidson iteration 0.2 (tol=0.06109992753225693): -180.2915291290168 -178.3187707000632 -177.8216867913311
 Davidson iteration 0.3 (tol=0.01679501362861154): -180.2928548032163 -178.4426930096968 -177.9007261765246 -177.8208629013894
 Davidson iteration 0.4 (tol=0.005858889663560868): -180.2929607590565 -178.7640990446062 -177.9163451280587 -177.8215359978424
 Davidson iteration 0.5 (tol=0.001914223494578157): -180.2929758836643 -179.2278961654392 -178.0571175416156 -177.9136534926547
 Davidson iteration 0.6 (tol=0.000615102760946682): -180.2929774538123 -179.4363836448408 -178.321699965831 -178.0112282384639
 Davidson iteration 0.7 (tol=0.0002454029689632436): -180.2929776317744 -179.6179043901573 -178.9189900293579 -178.0228661565042
 Davidson iteration 1.0 (tol=0.0002454029689636796): -180.2929776317713
 Davidson iteration 1.1 (tol=0.0001033905390290805): -180.2929776562174 -178.6470942352883
 Davidson iteration 1.2 (tol=5.302369970144895e-05): -180.2929776640008 -179.7324487311003 -177.8803600533671
 Davidson iteration 1.3 (tol=1.895319068069094e-05): -180.2929776651905 -179.889838794211 -178.0625671394533 -177.6693835725941
 Davidson iteration 1.4 (tol=6.857579997727101e-06): -180.2929776653424 -179.9421150466413 -178.266913346927 -178.0076673137624
 Elapsed time for davidson 61.449821 (sec) 
 Elapsed time for diagonalization 61.44996399999999 (sec) 
 Elapsed time for mult 1.588488 (sec) 
 Energy = -180.2929776653462
 Elapsed time for measurement 0.138494 (sec) 
 Sample-based diagonalization: Energy = -180.2929776653462
 Sample-based diagonalization: density = [1.999975589040055,1.993960468875282,1.994488463388757,1.991626472249694,1.988520841352399,1.989442749997202,1.987581260706464,1.994016870132327,1.983521084090814,1.985608571165863,1.98349546742436,1.979800569974473,1.993667432015745,1.984518959002688,1.955536661335814,0.06989708429332475,0.01064893752594511,0.01207372834489518,0.01593881765798345,0.01365962173947619,0.004116381089041355,0.01439670145260411,0.01121809908369054,0.01376441798745166,0.01406626048271638,0.01445848911483215
 Sample-based diagonalization: carryover bitstrings = [], size = 0
