 Elapsed time for helper construction 1.277645 (sec) 
 Elapsed time for init 0.019733 (sec) 
 Elapsed time for makeQChamDiagTerms 11.162958 (sec) 
 Davidson iteration 0.0 (tol=0.6084845744222162): -112.5240302803186
 Davidson iteration 0.1 (tol=0.1239665643124727): -112.6960979700696 -110.4553200363783
 Davidson iteration 0.2 (tol=0.02031499169589112): -112.7015751506868 -110.7009848583507 -109.8902405482231
 Davidson iteration 0.3 (tol=0.005029921450243314): -112.7017248362986 -110.8119686830789 -110.3128097901345 -109.7937029463023
 Davidson iteration 0.4 (tol=0.001399238481390534): -112.7017345199716 -111.0011111935475 -110.5209245798295 -109.9068099105984
 Davidson iteration 0.5 (tol=0.0003350270875607081): -112.7017351785008 -111.1880920572818 -110.6275121868823 -109.9553763794095
 Davidson iteration 0.6 (tol=7.1622853495448e-05): -112.7017352140817 -111.2701268386028 -110.6905243058162 -110.1088340385455
 Davidson iteration 0.7 (tol=1.700929470833263e-05): -112.7017352157703 -111.2913662996402 -110.7381632398551 -110.283567492716
 Davidson iteration 1.0 (tol=1.700929470851305e-05): -112.7017352157708
 Davidson iteration 1.1 (tol=5.419585007940072e-06): -112.7017352158658 -110.0054467645902
 Elapsed time for davidson 38.623682 (sec) 
 Elapsed time for diagonalization 38.627293 (sec) 
 Elapsed time for mult 1.069305 (sec) 
 Energy = -112.7017352158651
 Elapsed time for measurement 0.110447 (sec) 
 Sample-based diagonalization: Energy = -112.7017352158651
 Sample-based diagonalization: density = [1.999969845612299,1.990362293524417,1.992790038216586,1.986611260759263,1.983159451275427,1.982295841304663,1.982039685804362,1.980425730085345,1.978861424317933,1.978318796587321,1.977385099796336,0.005328658843539481,0.01322906074606412,0.01636556940773738,0.01562641988079009,0.01529120643848873,0.01617492691733378,0.01031890476594892,0.01382933187798575,0.01581920656575005,0.01450613243508044,0.01559681484474757,0.01569429972420574
 Sample-based diagonalization: carryover bitstrings = [], size = 0
