 Elapsed time for helper construction 1.481275 (sec) 
 Elapsed time for init 0.023315 (sec) 
 Elapsed time for makeQChamDiagTerms 16.144962 (sec) 
 Davidson iteration 0.0 (tol=0.6775672161860917): -163.7137705793425
 Davidson iteration 0.1 (tol=0.24702329670378): -163.9087577853834 -161.7693472548034
 Davidson iteration 0.2 (tol=0.08745666987127659): -163.9293825530785 -162.0618245922582 -161.4455370989007
 Davidson iteration 0.3 (tol=0.02506426998718166): -163.9320038819881 -162.1717516702085 -161.4951613272831 -161.4331982406395
 Davidson iteration 0.4 (tol=0.009839754267772198): -163.9322421888403 -162.5497493943519 -161.5276929881976 -161.4705967858688
 Davidson iteration 0.5 (tol=0.003673084924434309): -163.9322852048634 -162.9940754315746 -161.768737945047 -161.4890213698866
 Davidson iteration 0.6 (tol=0.001379410274812539): -163.9322908803126 -163.185702632395 -161.9996148907234 -161.6986682916828
 Davidson iteration 0.7 (tol=0.0006154764130538901): -163.9322916997379 -163.2892642007365 -162.5079646432664 -161.8197923485884
 Davidson iteration 1.0 (tol=0.0006154764130513266): -163.9322916997371
 Davidson iteration 1.1 (tol=0.0003237189236688333): -163.9322918611784 -162.5285736367428
 Davidson iteration 1.2 (tol=0.0002044862202442587): -163.932291941771 -163.463317955886 -161.540814243301
 Davidson iteration 1.3 (tol=8.120248837089022e-05): -163.9322919602787 -163.6224101141953 -161.5799550259233 -161.3621759211372
 Davidson iteration 1.4 (tol=3.539655071420758e-05): -163.9322919631825 -163.6584093324319 -162.0741981458065 -161.5476109577997
 Davidson iteration 1.5 (tol=1.284919657630667e-05): -163.9322919636893 -163.6695763304812 -162.5841184771079 -161.8423945712781
 Davidson iteration 1.6 (tol=4.322715649873562e-06): -163.9322919637508 -163.6728653863777 -162.8443789136904 -162.0957173122891
 Elapsed time for davidson 68.22858099999999 (sec) 
 Elapsed time for diagonalization 68.22881 (sec) 
 Elapsed time for mult 1.616894 (sec) 
 Energy = -163.9322919637542
 Elapsed time for measurement 0.129771 (sec) 
 Sample-based diagonalization: Energy = -163.9322919637542
 Sample-based diagonalization: density = [1.999974809844083,1.992839060369602,1.993858308902899,1.991548467565997,1.985946480415561,1.986761920682593,1.985850380524951,1.983605415193542,1.98033307939388,1.977644416522629,1.976285045910945,1.994376884056771,1.977986283712182,1.944733289933671,0.09138361282711881,0.02137717237276533,0.01668245358623413,0.0142385945363174,0.006012546073113601,0.01136569242230836,0.01549817040409478,0.01603585783861392,0.01873299527689328,0.01692906114986249
 Sample-based diagonalization: carryover bitstrings = [], size = 0
