 Elapsed time for helper construction 1.07783 (sec) 
 Elapsed time for init 0.032284 (sec) 
 Elapsed time for makeQChamDiagTerms 10.896139 (sec) 
 Davidson iteration 0.0 (tol=0.5970200500090466): -127.7151353875163
 Davidson iteration 0.1 (tol=0.1116796155070853): -127.8744457747288 -125.5942931866266
 Davidson iteration 0.2 (tol=0.02981376738636077): -127.8793731544062 -126.215540886624 -125.4787180643113
 Davidson iteration 0.3 (tol=0.007142524561103494): -127.8797253052207 -126.2398576310718 -125.732058649554 -125.4197504006139
 Davidson iteration 0.4 (tol=0.002047630742489102): -127.8797530348263 -126.9546663672198 -125.8061335803947 -125.5959187755955
 Davidson iteration 0.5 (tol=0.0005027158975156206): -127.879754805032 -127.1029240379489 -125.821890942709 -125.7216522240762
 Davidson iteration 0.6 (tol=0.0001338243155845678): -127.8797549170598 -127.2232411673057 -126.0462576220415 -125.7231583745666
 Davidson iteration 0.7 (tol=3.288139866733752e-05): -127.879754924458 -127.2782438495526 -126.2666225951206 -125.7296827405832
 Davidson iteration 1.0 (tol=3.288139866652976e-05): -127.8797549244581
 Davidson iteration 1.1 (tol=9.093158707543881e-06): -127.8797549248358 -125.5171222333449
 Elapsed time for davidson 38.983861 (sec) 
 Elapsed time for diagonalization 38.98967 (sec) 
 Elapsed time for mult 1.074287 (sec) 
 Energy = -127.8797549248363
 Elapsed time for measurement 0.101381 (sec) 
 Sample-based diagonalization: Energy = -127.8797549248363
 Sample-based diagonalization: density = [1.999972466703782,1.99411954570825,1.990298455696476,1.988488305114784,1.987071329809011,1.98399469246458,1.982552989739335,1.981572118308651,1.982080052324183,1.977991360113613,1.991954333152709,1.987240447657037,0.008501079611378699,0.01332265722224569,0.01721467110353251,0.01126074564288203,0.01756309864755874,0.008012524501235432,0.01275368202163231,0.01533163856924225,0.01412843763396343,0.01555160079308799,0.01051157317618401,0.008512194014409589
 Sample-based diagonalization: carryover bitstrings = [], size = 0
