 Elapsed time for helper construction 1.062334 (sec) 
 Elapsed time for init 0.018282 (sec) 
 Elapsed time for makeQChamDiagTerms 18.208934 (sec) 
 Davidson iteration 0.0 (tol=0.4950099757893284): -185.0780077049402
 Davidson iteration 0.1 (tol=0.07190722541133414): -185.1960155421197 -183.2022983175016
 Davidson iteration 0.2 (tol=0.01566668187649864): -185.1985529975294 -183.6437627446542 -183.1368612689768
 Davidson iteration 0.3 (tol=0.004045850803068781): -185.1986909325707 -183.9083586992093 -183.5349921558346 -183.1327720443232
 Davidson iteration 0.4 (tol=0.001542930227066241): -185.1987047544312 -184.5972355890914 -183.582602693434 -183.4182180425641
 Davidson iteration 0.5 (tol=0.0005447196178878225): -185.1987063451201 -184.7727863945562 -183.8293542605677 -183.4875027880088
 Davidson iteration 0.6 (tol=0.0001784905054468831): -185.1987065153311 -184.8405783699064 -183.9621892703654 -183.5928928571153
 Davidson iteration 0.7 (tol=4.601158849827179e-05): -185.1987065327637 -184.8666081001298 -184.0654245307948 -183.7622118967486
 Davidson iteration 1.0 (tol=4.601158849471206e-05): -185.1987065327682
 Davidson iteration 1.1 (tol=1.318757804471453e-05): -185.1987065337677 -183.5579533102445
 Davidson iteration 1.2 (tol=4.28715793666385e-06): -185.1987065338787 -184.0555292794136 -183.4048030201
 Elapsed time for davidson 42.345223 (sec) 
 Elapsed time for diagonalization 42.345491 (sec) 
 Elapsed time for mult 0.760025 (sec) 
 Energy = -185.1987065338764
 Elapsed time for measurement 0.137307 (sec) 
 Sample-based diagonalization: Energy = -185.1987065338764
 Sample-based diagonalization: density = [1.999990865152909,1.998070241133555,1.996495589000619,1.9956404980752,1.996383930321022,1.994647629973317,1.993607077091847,1.990930100478584,1.991153614786482,1.991568789524886,1.984997196816481,1.993079945406953,1.966967638857593,1.991697447957839,1.996410286455938,1.992998681329694,0.04485860720130552,0.00146821349580027,0.008665211351130901,0.01182564351097557,0.006704826450873239,0.00683003884323485,0.005068963861539004,0.005109393235299972,0.009197878349852587,0.006776674681510185,0.005524569241869601,0.003693220564643259,0.009637226716050475
 Sample-based diagonalization: carryover bitstrings = [], size = 0
