 Elapsed time for helper construction 1.360568 (sec) 
 Elapsed time for init 0.049172 (sec) 
 Elapsed time for makeQChamDiagTerms 13.504661 (sec) 
 Davidson iteration 0.0 (tol=0.630608249491453): -138.9675539746238
 Davidson iteration 0.1 (tol=0.1565387941181569): -139.1444926922341 -136.9594659489679
 Davidson iteration 0.2 (tol=0.04470208454174784): -139.1538021089383 -137.331418253315 -136.776936889276
 Davidson iteration 0.3 (tol=0.01231258635295178): -139.1545703628726 -137.4996702905349 -136.9127733617041 -136.7754145290317
 Davidson iteration 0.4 (tol=0.003841985307236795): -139.1546396957521 -137.9028910548245 -136.9496429091004 -136.8777527436452
 Davidson iteration 0.5 (tol=0.001292851278442661): -139.1546466134423 -138.2912721758289 -137.0676984646674 -136.932091779087
 Davidson iteration 0.6 (tol=0.0003944154260381761): -139.1546473301471 -138.4228528727184 -137.3853486965421 -137.033334459831
 Davidson iteration 0.7 (tol=0.000120768717546803): -139.1546473935294 -138.4675768898868 -137.5681893721954 -137.1201559939195
 Davidson iteration 1.0 (tol=0.0001207687175512903): -139.1546473935282
 Davidson iteration 1.1 (tol=4.526901536360259e-05): -139.1546473992761 -137.3419247345372
 Davidson iteration 1.2 (tol=1.721992530345411e-05): -139.1546474003251 -138.1008952215466 -136.4078295973731
 Davidson iteration 1.3 (tol=6.233940701579958e-06): -139.1546474004545 -138.4386946900534 -136.896481566646 -135.9668570494105
 Elapsed time for davidson 50.168747 (sec) 
 Elapsed time for diagonalization 50.16892499999999 (sec) 
 Elapsed time for mult 1.447322 (sec) 
 Energy = -139.1546474004583
 Elapsed time for measurement 0.116927 (sec) 
 Sample-based diagonalization: Energy = -139.1546474004583
 Sample-based diagonalization: density = [1.999973979118208,1.994061290655484,1.991586446129722,1.988296146976439,1.985746680561307,1.986021048452737,1.985013450018576,1.981515260991953,1.977914311302032,1.958451916720612,1.991746460051811,1.989996806705064,1.985909629950196,0.04721321777469759,0.01057801096396037,0.0137133347144027,0.02039035616677203,0.01801755363422518,0.01436898217579921,0.01267311412126699,0.01255830382678118,0.0119801401246571,0.01034342371729922,0.01193013481675282
 Sample-based diagonalization: carryover bitstrings = [], size = 0
