 Elapsed time for helper construction 1.813506 (sec) 
 Elapsed time for init 0.017061 (sec) 
 Elapsed time for makeQChamDiagTerms 14.52596 (sec) 
 Davidson iteration 0.0 (tol=0.6752865208103244): -154.3265012365093
 Davidson iteration 0.1 (tol=0.2286844532607743): -154.5221335751738 -152.2940885708539
 Davidson iteration 0.2 (tol=0.08055970042700746): -154.5390739930124 -152.6241096839412 -151.7495763375527
 Davidson iteration 0.3 (tol=0.02160746847780042): -154.5411809822656 -152.799644282647 -151.7991731515933 -151.6090805203715
 Davidson iteration 0.4 (tol=0.008204292569519466): -154.541345168874 -153.1087342251724 -152.0307687731269 -151.7233025100494
 Davidson iteration 0.5 (tol=0.00309593822690082): -154.5413703242204 -153.5201350437683 -152.3513653090362 -151.808005886544
 Davidson iteration 0.6 (tol=0.001132729469363889): -154.5413738326488 -153.7031740258434 -152.5237651577911 -151.8439476795589
 Davidson iteration 0.7 (tol=0.0004322802416436646): -154.5413743399498 -153.8160188988642 -152.8787558940327 -152.2108510828523
 Davidson iteration 1.0 (tol=0.0004322802416409299): -154.5413743399512
 Davidson iteration 1.1 (tol=0.0001793467969634678): -154.5413744027559 -152.2577467879713
 Davidson iteration 1.2 (tol=8.596759757262075e-05): -154.5413744192817 -153.5656994163334 -151.5039405180127
 Davidson iteration 1.3 (tol=3.275964222644826e-05): -154.5413744218599 -153.8384563450776 -151.6886314520191 -151.0396520305331
 Davidson iteration 1.4 (tol=1.258097810773183e-05): -154.5413744222306 -153.9487434980782 -151.9852980441269 -151.6525150636554
 Davidson iteration 1.5 (tol=4.500243404566087e-06): -154.541374422292 -154.0185173054556 -152.8823982463113 -151.6582084336817
 Elapsed time for davidson 63.197967 (sec) 
 Elapsed time for diagonalization 63.198218 (sec) 
 Elapsed time for mult 1.733576 (sec) 
 Energy = -154.5413744222903
 Elapsed time for measurement 0.131915 (sec) 
 Sample-based diagonalization: Energy = -154.5413744222903
 Sample-based diagonalization: density = [1.999989235608129,1.99167177707521,1.99034556106946,1.988209140500995,1.985007160831623,1.980716890800388,1.984071575610038,1.983906273057851,1.982647938832929,1.968482541925654,1.987126836599306,1.988344770799367,1.949252627493399,0.08006839521331173,0.01288269080952483,0.01416004744145485,0.01560217517939375,0.01730966683847235,0.01685636402685516,0.0156789071863577,0.01611456862340502,0.01786597211195345,0.01368888193021372
 Sample-based diagonalization: carryover bitstrings = [], size = 0
