 Elapsed time for helper construction 0.518463 (sec) 
 Elapsed time for init 0.004221 (sec) 
 Elapsed time for makeQChamDiagTerms 0.990092 (sec) 
 Davidson iteration 0.0 (tol=0.6136747115630298): -92.07160153296016
 Davidson iteration 0.1 (tol=0.2674083238819009): -92.24133394557585 -90.23287065449475
 Davidson iteration 0.2 (tol=0.1196227264060648): -92.26335153139465 -90.56549324930214 -89.19981658945582
 Davidson iteration 0.3 (tol=0.04378867736948871): -92.2672384529334 -90.67883959759553 -89.46654309925414 -88.87577772840535
 Davidson iteration 0.4 (tol=0.01665524982215025): -92.2677514786196 -90.8338408733534 -89.67641655977461 -88.98207781752589
 Davidson iteration 0.5 (tol=0.006314101773223556): -92.26781845625705 -90.9844026118239 -89.94691946213686 -89.44135499485496
 Davidson iteration 0.6 (tol=0.002545412972131576): -92.26782915999485 -91.09477037671472 -90.16898481640358 -89.441414351582
 Davidson iteration 0.7 (tol=0.0009306855033741875): -92.26783067816976 -91.17584025080804 -90.33182097933388 -89.48942955601736
 Davidson iteration 1.0 (tol=0.0009306855033645078): -92.26783067816837
 Davidson iteration 1.1 (tol=0.0004169676686978679): -92.26783088304992 -89.43999939895764
 Davidson iteration 1.2 (tol=0.0001759262860611707): -92.26783093636557 -90.5856264611527 -87.80930485993596
 Davidson iteration 1.3 (tol=7.841801047889497e-05): -92.26783094559524 -91.07491202537115 -89.14246302395232 -87.08833903608172
 Davidson iteration 1.4 (tol=3.003791021920373e-05): -92.26783094710447 -91.32033180202957 -89.17796547718243 -88.36310982603601
 Davidson iteration 1.5 (tol=1.064647440405152e-05): -92.26783094734441 -91.42484888031819 -89.45853937502093 -89.02415515152383
 Davidson iteration 1.6 (tol=4.290927104565107e-06): -92.26783094737532 -91.44733157370921 -90.30137437239917 -89.45784359528071
 Elapsed time for davidson 19.181737 (sec) 
 Elapsed time for diagonalization 19.181922 (sec) 
 Elapsed time for mult 0.5395759999999999 (sec) 
 Energy = -92.26783094737519
 Elapsed time for measurement 0.022797 (sec) 
 Sample-based diagonalization: Energy = -92.26783094737519
 Sample-based diagonalization: density = [1.999966215299192,1.987512049704247,1.985286822132111,1.979560505395188,1.979123627048165,1.971110653870297,1.976290988337825,1.896173973531085,1.982835805864232,0.1093893748288313,0.02430210163167332,0.02598197317262171,0.02308294985562988,0.01979246177515784,0.02012012137407106,0.01947037613176048
 Sample-based diagonalization: carryover bitstrings = [], size = 0
