 Elapsed time for helper construction 4.237181 (sec) 
 Elapsed time for init 0.110457 (sec) 
 Elapsed time for makeQChamDiagTerms 32.052909 (sec) 
 Davidson iteration 0.0 (tol=0.705823603692134): -167.3982440138766
 Davidson iteration 0.1 (tol=0.328009175156611): -167.5956672837237 -165.2727738323316
 Davidson iteration 0.2 (tol=0.1541924908670042): -167.6252254048168 -165.6982099818194 -164.3095898773264
 Davidson iteration 0.3 (tol=0.05646936133509591): -167.6314164581561 -165.9092267840948 -164.4662751756801 -163.9539976508885
 Davidson iteration 0.4 (tol=0.02398481640594283): -167.6322165240083 -166.1393351405062 -164.7499405371767 -164.2097570619327
 Davidson iteration 0.5 (tol=0.0099959337499167): -167.6323831666245 -166.486469267351 -165.2654211315495 -164.2855398611746
 Davidson iteration 0.6 (tol=0.004662570898020506): -167.6324135179095 -166.7177692663401 -165.5175171391661 -164.4667073864538
 Davidson iteration 0.7 (tol=0.002118351529470621): -167.6324194491399 -166.8643075656974 -165.7461369540615 -164.8191967354693
 Davidson iteration 1.0 (tol=0.002118351529488655): -167.6324194491405
 Davidson iteration 1.1 (tol=0.001074487320581679): -167.6324204964836 -164.5935642849973
 Davidson iteration 1.2 (tol=0.0005710747752482968): -167.6324209047579 -166.3892471285894 -162.607450957214
 Davidson iteration 1.3 (tol=0.0002869216759823055): -167.6324210090621 -166.8908685881769 -164.4630012493221 -161.7471745303048
 Davidson iteration 1.4 (tol=0.0001275845078399479): -167.6324210311871 -167.0454360858175 -164.5021037594036 -163.9937054413733
 Davidson iteration 1.5 (tol=5.443006889543776e-05): -167.6324210360003 -167.1305450903932 -165.4071509157274 -164.4080548597965
 Davidson iteration 1.6 (tol=2.627032273044948e-05): -167.6324210368568 -167.1707133682648 -166.1616035259675 -164.7216201379889
 Davidson iteration 1.7 (tol=1.195325896943516e-05): -167.6324210370793 -167.1964281818576 -166.5439744240131 -164.8705512788781
 Davidson iteration 2.0 (tol=1.195325905170441e-05): -167.6324210370778
 Davidson iteration 2.1 (tol=6.868964102054928e-06): -167.6324210371231 -165.7275878838402
 Elapsed time for davidson 372.020475 (sec) 
 Elapsed time for diagonalization 372.020614 (sec) 
 Elapsed time for mult 14.688542 (sec) 
 Energy = -167.6324210371205
 Elapsed time for measurement 52.277959 (sec) 
 Sample-based diagonalization: Energy = -167.6324210371205
 Sample-based diagonalization: density = [1.999967373621555,1.992428669424522,1.992932978746892,1.991520281013212,1.984820180189918,1.983269900384383,1.982800786881142,1.980356805159835,1.980278834769299,1.979131059399103,1.967511057631875,1.993742036657514,1.983485748828601,1.927327287499206,0.1037489016923198,0.01840773109302726,0.01065661292628858,0.01718363642989191,0.01463773586130772,0.01543888714247166,0.01869651217308315,0.02210854672534956,0.01975850313803225,0.01978993242580056
 Sample-based diagonalization: carryover bitstrings = [], size = 0
 Elapse time for dumping one-particle rdm = 0.000926
 Elapse time for dumping two-particle rdm = 0.289932
 Zero-Body energy = 0
 One-Body energy = -294.2177055726207
 Two-Body energy = 126.5852845367325
 One-Body + Two-Body energy = -167.6324210358882
 Zero-Body + One-Body + Two-Body energy = -167.6324210358882
