 Elapsed time for helper construction 0.468058 (sec) 
 Elapsed time for init 0.007241999999999999 (sec) 
 Elapsed time for makeQChamDiagTerms 2.844232 (sec) 
 Davidson iteration 0.0 (tol=0.5649236284281978): -148.2580753971824
 Davidson iteration 0.1 (tol=0.244318752144729): -148.3908776354317 -146.3218815596954
 Davidson iteration 0.2 (tol=0.1061183328310738): -148.4088456958664 -146.7488532255193 -145.6023275622928
 Davidson iteration 0.3 (tol=0.03880397521797369): -148.4122800003407 -146.9320096051343 -145.7640039038678 -145.4084053836148
 Davidson iteration 0.4 (tol=0.01554058985858417): -148.4127001622123 -147.146760012973 -145.9919404661359 -145.5958522116409
 Davidson iteration 0.5 (tol=0.005630012668729733): -148.4127847990911 -147.4778313599538 -146.2303058222424 -145.7821150792156
 Davidson iteration 0.6 (tol=0.002503141886010352): -148.4127941003989 -147.6099611217972 -146.4140117528551 -145.7875295410565
 Davidson iteration 0.7 (tol=0.0009720307827149622): -148.4127957420789 -147.6769554795505 -146.651088061511 -146.0142530063944
 Davidson iteration 1.0 (tol=0.0009720307827100185): -148.4127957420792
 Davidson iteration 1.1 (tol=0.0004785744648559384): -148.4127959908957 -145.8432313661911
 Davidson iteration 1.2 (tol=0.0002344582605162511): -148.4127960726065 -147.1850556110739 -143.9969922378381
 Davidson iteration 1.3 (tol=9.501513082153558e-05): -148.4127960914336 -147.6512417259541 -145.2001502153951 -143.681590793757
 Davidson iteration 1.4 (tol=4.223580349864523e-05): -148.4127960941217 -147.8149577126768 -145.5434072251432 -145.1844745647919
 Davidson iteration 1.5 (tol=1.848243437568136e-05): -148.4127960946869 -147.9149415984083 -146.6077333075052 -145.188011288823
 Davidson iteration 1.6 (tol=9.044115486147299e-06): -148.412796094811 -148.004516435283 -147.2624421591047 -145.6529430306102
 Elapsed time for davidson 20.794594 (sec) 
 Elapsed time for diagonalization 20.794699 (sec) 
 Elapsed time for mult 0.636026 (sec) 
 Energy = -148.4127960948103
 Elapsed time for measurement 0.034679 (sec) 
 Sample-based diagonalization: Energy = -148.4127960948103
 Sample-based diagonalization: density = [1.999996983327055,1.995956574979145,1.992420315453831,1.993545271630247,1.987741360152107,1.987003591628838,1.992535321618799,1.97440106716826,1.977010505534948,1.985996698884353,1.924556798687797,0.107939872362176,0.004462303554255238,0.006690138282202395,0.01396992697472228,0.01818763058258441,0.01889157745465805,0.01869406156194822
 Sample-based diagonalization: carryover bitstrings = [], size = 0
