 Elapsed time for helper construction 0.407135 (sec) 
 Elapsed time for init 0.004909999999999999 (sec) 
 Elapsed time for makeQChamDiagTerms 1.408656 (sec) 
 Davidson iteration 0.0 (tol=0.5770959251319863): -139.0576982090236
 Davidson iteration 0.1 (tol=0.2829362296410561): -139.194169259744 -137.0759091252891
 Davidson iteration 0.2 (tol=0.1325294790082678): -139.2186856853462 -137.6092637031749 -136.1475796073952
 Davidson iteration 0.3 (tol=0.06103744940213272): -139.2237020529344 -137.9336581131176 -136.5386565779297 -135.1773834574307
 Davidson iteration 0.4 (tol=0.02808845512074692): -139.2246927940436 -138.1726359240073 -136.7531332078112 -136.2364044875146
 Davidson iteration 0.5 (tol=0.01319349141214311): -139.2249320869884 -138.4293835674618 -137.0579109675148 -136.2760465573679
 Davidson iteration 0.6 (tol=0.006717841957007668): -139.2249733884349 -138.552969354671 -137.2949069432949 -136.3052994494151
 Davidson iteration 0.7 (tol=0.002750725334843779): -139.2249852194293 -138.6243204777249 -137.553164627514 -136.5330763190664
 Davidson iteration 1.0 (tol=0.002750725334844339): -139.2249852194292
 Davidson iteration 1.1 (tol=0.00128835564062995): -139.2249868627563 -136.0778475884173
 Davidson iteration 1.2 (tol=0.0007090476142555225): -139.2249873936936 -137.6293264481454 -134.9481033031124
 Davidson iteration 1.3 (tol=0.00034335312939891): -139.2249875318904 -138.2293785805684 -135.1960532930475 -134.7301663909748
 Davidson iteration 1.4 (tol=0.0001539445428120538): -139.2249875614355 -138.4672735386765 -135.4459686831921 -135.1888419502849
 Davidson iteration 1.5 (tol=7.027969252511917e-05): -139.2249875675645 -138.5824250160707 -136.5059397923598 -135.2015827300132
 Davidson iteration 1.6 (tol=3.033983305271247e-05): -139.2249875689304 -138.652136261247 -137.3770744601066 -135.2129834831213
 Davidson iteration 1.7 (tol=1.171867624266863e-05): -139.2249875691733 -138.6929172139876 -137.8193022268269 -135.7590703030834
 Davidson iteration 2.0 (tol=1.171867617449491e-05): -139.2249875691741
 Davidson iteration 2.1 (tol=5.916375619663045e-06): -139.2249875692077 -136.8281651458933
 Elapsed time for davidson 16.974778 (sec) 
 Elapsed time for diagonalization 16.974934 (sec) 
 Elapsed time for mult 0.5158469999999999 (sec) 
 Energy = -139.2249875692075
 Elapsed time for measurement 1.918769 (sec) 
 Sample-based diagonalization: Energy = -139.2249875692075
 Sample-based diagonalization: density = [1.999997181896506,1.994461579174831,1.992924513031041,1.987927396599044,1.988308980147229,1.983053082299637,1.964399531640652,1.978587258192535,1.984198268063195,1.903086312778761,0.1208045642692208,0.01636713548275738,0.0136686105701631,0.01935741243124485,0.03232184805422489,0.02053632534772799
 Sample-based diagonalization: carryover bitstrings = [], size = 0
 Elapse time for dumping one-particle rdm = 0.000682
 Elapse time for dumping two-particle rdm = 0.05852599999999999
 Zero-Body energy = 0
 One-Body energy = -229.4093145587761
 Two-Body energy = 90.18432698972755
 One-Body + Two-Body energy = -139.2249875690486
 Zero-Body + One-Body + Two-Body energy = -139.2249875690486
