 Elapsed time for helper construction 0.87717 (sec) 
 Elapsed time for init 0.010917 (sec) 
 Elapsed time for makeQChamDiagTerms 8.662281999999999 (sec) 
 Davidson iteration 0.0 (tol=0.4779717523363676): -130.3220872513783
 Davidson iteration 0.1 (tol=0.0818309288032804): -130.4285346827788 -128.2912351577642
 Davidson iteration 0.2 (tol=0.02419256244193155): -130.4314847152511 -129.0767873258963 -128.2449523794419
 Davidson iteration 0.3 (tol=0.005235565180555786): -130.431744106602 -129.1290320056584 -128.4681738502333 -128.1718012215479
 Davidson iteration 0.4 (tol=0.001559601199121403): -130.4317622567244 -129.7679319168287 -128.5188409639034 -128.279671434552
 Davidson iteration 0.5 (tol=0.000351475111815015): -130.4317634186416 -129.8841143275682 -128.5188932928029 -128.4147262124267
 Davidson iteration 0.6 (tol=7.199356789814207e-05): -130.4317634718583 -129.9248184665832 -128.6852018610543 -128.4478962223581
 Davidson iteration 0.7 (tol=1.480589927822873e-05): -130.4317634739301 -129.9327744363185 -128.8263656793461 -128.4483060049929
 Davidson iteration 1.0 (tol=1.480589927802663e-05): -130.4317634739297
 Davidson iteration 1.1 (tol=4.109226042041498e-06): -130.4317634740186 -128.5734542137272
 Elapsed time for davidson 25.623265 (sec) 
 Elapsed time for diagonalization 25.623382 (sec) 
 Elapsed time for mult 0.56712 (sec) 
 Energy = -130.4317634740185
 Elapsed time for measurement 0.08490499999999999 (sec) 
 Sample-based diagonalization: Energy = -130.4317634740185
 Sample-based diagonalization: density = [1.99998544887497,1.996532884602789,1.994856628008256,1.994261712293892,1.992163343633165,1.986780504868264,1.986897973755452,1.991259046602182,1.984251010886436,1.989853877574609,1.991647791022071,1.983434177279338,0.01080192781606614,0.01081337256735823,0.008931517383463863,0.01388916765810437,0.003009584346205286,0.008626504843621235,0.009242358074514795,0.007416759845602295,0.008043133804167983,0.009355938019747243,0.01268990459508742,0.005255431450816393
 Sample-based diagonalization: carryover bitstrings = [], size = 0
