 Elapsed time for helper construction 1.466518 (sec) 
 Elapsed time for init 0.049226 (sec) 
 Elapsed time for makeQChamDiagTerms 12.496529 (sec) 
 Davidson iteration 0.0 (tol=0.6407501876265668): -126.1480357632955
 Davidson iteration 0.1 (tol=0.1590687307368545): -126.3331792750397 -124.023741064073
 Davidson iteration 0.2 (tol=0.02894215024799677): -126.3416503858479 -124.3142880839409 -123.3331044192309
 Davidson iteration 0.3 (tol=0.007150243637875806): -126.3419238066296 -124.4029666127261 -123.7446128982624 -123.2751423684559
 Davidson iteration 0.4 (tol=0.001977260521827595): -126.3419422952515 -124.5781979557408 -124.0203907169325 -123.5409256499411
 Davidson iteration 0.5 (tol=0.0005291409421108112): -126.3419436174193 -124.790992040804 -124.1973580916027 -123.5564751492288
 Davidson iteration 0.6 (tol=0.0001320285534815469): -126.3419437057756 -124.9077361897409 -124.3018487747036 -123.7251610686945
 Davidson iteration 0.7 (tol=3.382262939518529e-05): -126.3419437111878 -124.9490309325245 -124.3765258794545 -123.8243031704094
 Davidson iteration 1.0 (tol=3.382262939397607e-05): -126.3419437111873
 Davidson iteration 1.1 (tol=1.12407127501095e-05): -126.3419437115277 -123.4285023745944
 Davidson iteration 1.2 (tol=3.296795233558932e-06): -126.3419437115746 -124.4209676222201 -122.6166565062244
 Elapsed time for davidson 57.136745 (sec) 
 Elapsed time for diagonalization 57.138199 (sec) 
 Elapsed time for mult 2.102756 (sec) 
 Energy = -126.3419437115733
 Elapsed time for measurement 0.127383 (sec) 
 Sample-based diagonalization: Energy = -126.3419437115733
 Sample-based diagonalization: density = [1.999971444670601,1.990324257525592,1.989090218651299,1.986411314038479,1.988592638690374,1.983223123227122,1.982667431134362,1.983142843532883,1.981047734967255,1.977345545546434,1.97730405567517,1.97894607649705,0.01110445210818191,0.01872542720214173,0.01555107617324492,0.01296817087263324,0.01761359647361468,0.01459976015248157,0.01631511309252078,0.01518090556684581,0.01553969936680814,0.01438602584393304,0.01456497135809106,0.01538411726261185
 Sample-based diagonalization: carryover bitstrings = [], size = 0
