 Elapsed time for helper construction 1.112215 (sec) 
 Elapsed time for init 0.017507 (sec) 
 Elapsed time for makeQChamDiagTerms 10.465121 (sec) 
 Davidson iteration 0.0 (tol=0.6095338205156837): -130.3220872513783
 Davidson iteration 0.1 (tol=0.1442533875542978): -130.4859083902655 -128.1832901079727
 Davidson iteration 0.2 (tol=0.04755425877125422): -130.4934537944411 -128.8548221237033 -128.0309766307324
 Davidson iteration 0.3 (tol=0.01234908962148434): -130.4943062244227 -128.9147636151806 -128.2329781193213 -127.9037418375409
 Davidson iteration 0.4 (tol=0.004790448823219576): -130.4943972501951 -129.7502566231102 -128.3856741766121 -128.0803394225244
 Davidson iteration 0.5 (tol=0.001429402051304867): -130.4944072540073 -129.9216002713203 -128.4366841950441 -128.2189181276311
 Davidson iteration 0.6 (tol=0.0004014607765544543): -130.4944080742048 -129.9926831131856 -128.649015882201 -128.2277943626705
 Davidson iteration 0.7 (tol=0.0001037860883521561): -130.494408131751 -130.0083910388849 -128.8135321142994 -128.2474667425012
 Davidson iteration 1.0 (tol=0.0001037860883517806): -130.4944081317531
 Davidson iteration 1.1 (tol=3.397917588201428e-05): -130.494408135414 -128.2107261305739
 Davidson iteration 1.2 (tol=9.696950519381261e-06): -130.4944081358953 -128.8822820842848 -127.5149426954304
 Elapsed time for davidson 41.43660999999999 (sec) 
 Elapsed time for diagonalization 41.436815 (sec) 
 Elapsed time for mult 1.392471 (sec) 
 Energy = -130.494408135893
 Elapsed time for measurement 0.09289399999999999 (sec) 
 Sample-based diagonalization: Energy = -130.494408135893
 Sample-based diagonalization: density = [1.999970750788722,1.993602773321592,1.991114983179712,1.98719240096713,1.988733144241359,1.982681947297153,1.981324584184607,1.983776958004343,1.981223545880058,1.977444672091427,1.98950779259627,1.979143555312423,0.01593510191863665,0.0189862656636993,0.01410443622674854,0.01788060808577895,0.004314616174056972,0.01331254239813316,0.01232032569325137,0.01396081259171244,0.0137275705313995,0.01335986916253019,0.01484836221363439,0.01153238112153487
 Sample-based diagonalization: carryover bitstrings = [], size = 0
