 Elapsed time for helper construction 0.8760399999999999 (sec) 
 Elapsed time for init 0.028245 (sec) 
 Elapsed time for makeQChamDiagTerms 6.122910999999999 (sec) 
 Davidson iteration 0.0 (tol=0.6017829368643838): -116.7720326971018
 Davidson iteration 0.1 (tol=0.1295818891278598): -116.9391806805155 -114.7022613886498
 Davidson iteration 0.2 (tol=0.0258072917766931): -116.9450733238282 -114.9704338572773 -114.2160099909034
 Davidson iteration 0.3 (tol=0.006861279481702648): -116.9453012955585 -115.0370482967437 -114.5087873915716 -114.2021542487861
 Davidson iteration 0.4 (tol=0.002015706964740458): -116.9453195351316 -115.2858888088217 -114.7202288989524 -114.4553697544691
 Davidson iteration 0.5 (tol=0.0005991386583755894): -116.9453210785288 -115.6482858305878 -114.8798792729257 -114.4555930548548
 Davidson iteration 0.6 (tol=0.0001687627804063249): -116.9453212018208 -115.8245390278008 -114.9468971735051 -114.5481305753355
 Davidson iteration 0.7 (tol=5.01062481609268e-05): -116.9453212118668 -115.9487216216693 -115.037705547274 -114.6121119835447
 Davidson iteration 1.0 (tol=5.010624816169024e-05): -116.9453212118662
 Davidson iteration 1.1 (tol=1.985365075026163e-05): -116.9453212127615 -114.8086787867817
 Davidson iteration 1.2 (tol=7.20162518400082e-06): -116.9453212129417 -115.8178169656002 -113.4479921865023
 Elapsed time for davidson 26.69822 (sec) 
 Elapsed time for diagonalization 26.699448 (sec) 
 Elapsed time for mult 0.8302839999999999 (sec) 
 Energy = -116.9453212129427
 Elapsed time for measurement 0.06590599999999999 (sec) 
 Sample-based diagonalization: Energy = -116.9453212129427
 Sample-based diagonalization: density = [1.999971396518869,1.991511811720619,1.989106099155619,1.985490392464499,1.982763498382278,1.982181953604228,1.9810434242294,1.980569959450934,1.978421642043941,1.977958130346597,1.986390643734902,0.01975625395856367,0.02071225572511191,0.0180064818871189,0.01692237519638446,0.01606987705325338,0.0165262858451718,0.009648835371558678,0.01531309727522656,0.01725412362219227,0.01438146218511079
 Sample-based diagonalization: carryover bitstrings = [], size = 0
