 Elapsed time for helper construction 1.269529 (sec) 
 Elapsed time for init 0.021861 (sec) 
 Elapsed time for makeQChamDiagTerms 15.722907 (sec) 
 Davidson iteration 0.0 (tol=0.6429490009975996): -163.5420872089279
 Davidson iteration 0.1 (tol=0.1840120981134664): -163.7259830281249 -161.6277366153122
 Davidson iteration 0.2 (tol=0.0542043435697221): -163.7388720276778 -161.8866126887008 -161.3903050742674
 Davidson iteration 0.3 (tol=0.01451968230579978): -163.740021213934 -162.0295924706786 -161.5129009124768 -161.2911571728745
 Davidson iteration 0.4 (tol=0.004532800905439864): -163.7401025073814 -162.2594764622498 -161.5924164726652 -161.4409132060585
 Davidson iteration 0.5 (tol=0.001524559201715613): -163.7401121702145 -162.6945188460448 -161.7239436104537 -161.5890817910636
 Davidson iteration 0.6 (tol=0.0004669032303133075): -163.7401131650459 -162.842645873592 -161.7445816498005 -161.7088132885227
 Davidson iteration 0.7 (tol=0.0001627386785010146): -163.740113272093 -163.019331306771 -162.3430107886849 -161.732140960239
 Davidson iteration 1.0 (tol=0.0001627386785047989): -163.7401132720915
 Davidson iteration 1.1 (tol=5.804952341842596e-05): -163.7401132830256 -161.9159121540461
 Davidson iteration 1.2 (tol=2.590861698696096e-05): -163.740113285372 -163.0103664765402 -161.5530843979629
 Davidson iteration 1.3 (tol=8.201220671592182e-06): -163.7401132856532 -163.1555740741248 -161.7221072748089 -161.2827200032518
 Elapsed time for davidson 49.703195 (sec) 
 Elapsed time for diagonalization 49.703397 (sec) 
 Elapsed time for mult 0.992537 (sec) 
 Energy = -163.7401132856602
 Elapsed time for measurement 0.136697 (sec) 
 Sample-based diagonalization: Energy = -163.7401132856602
 Sample-based diagonalization: density = [1.999976580274679,1.99457656296809,1.994811270930113,1.991111110235545,1.988707080669515,1.987514674902337,1.987890507634778,1.981999893805091,1.98663809860024,1.983862025307194,1.970865031709292,1.991408768030046,1.986900338166433,1.952495901953665,0.07965569591670701,0.01245873459521716,0.008072781281071494,0.01125624784314377,0.01362980433552774,0.01143740817707074,0.006156575254742357,0.01195871464180193,0.01490994958692887,0.01638794003973667,0.01531830282585355
 Sample-based diagonalization: carryover bitstrings = [], size = 0
