 Elapsed time for helper construction 1.221885 (sec) 
 Elapsed time for init 0.018637 (sec) 
 Elapsed time for makeQChamDiagTerms 11.510564 (sec) 
 Davidson iteration 0.0 (tol=0.6334856152949195): -124.3786598633601
 Davidson iteration 0.1 (tol=0.1386200624129208): -124.5633200749141 -122.2968325612686
 Davidson iteration 0.2 (tol=0.02427609254417026): -124.5700799722495 -122.5456392277062 -121.7477445566269
 Davidson iteration 0.3 (tol=0.006009295717141665): -124.5702874238881 -122.6519369593639 -122.1099523919253 -121.675600685852
 Davidson iteration 0.4 (tol=0.001639921629871063): -124.5703012598482 -122.8606086041573 -122.3310652290439 -121.8455020111928
 Davidson iteration 0.5 (tol=0.0004044914136087104): -124.570302194051 -123.0723677728285 -122.461245617041 -121.8459240842304
 Davidson iteration 0.6 (tol=9.223181333282132e-05): -124.5703022470916 -123.1651382662841 -122.5487858285958 -122.0428529928581
 Davidson iteration 0.7 (tol=2.190745059527585e-05): -124.5703022498887 -123.1963375410741 -122.6185906977402 -122.1617081460144
 Davidson iteration 1.0 (tol=2.190745059538651e-05): -124.5703022498901
 Davidson iteration 1.1 (tol=6.903155093388956e-06): -124.5703022500467 -121.9000493752028
 Elapsed time for davidson 39.623125 (sec) 
 Elapsed time for diagonalization 39.62343 (sec) 
 Elapsed time for mult 1.312085 (sec) 
 Energy = -124.5703022500458
 Elapsed time for measurement 0.102858 (sec) 
 Sample-based diagonalization: Energy = -124.5703022500458
 Sample-based diagonalization: density = [1.999972613042831,1.990560176682574,1.989123188613214,1.986348989585577,1.986173319543645,1.982761799413473,1.98158750453472,1.982853146813465,1.985567232710505,1.977967109300729,1.978743636146919,1.978620312941089,0.00813655766050313,0.01427500447885207,0.0179225941051499,0.01906530319993329,0.01667859641073036,0.01493652821295113,0.01528588334295914,0.01596075738198167,0.01343174513510022,0.01236647651545682,0.01639377563983507,0.01526774826667637
 Sample-based diagonalization: carryover bitstrings = [], size = 0
