 Elapsed time for helper construction 3.422447 (sec) 
 Elapsed time for init 0.09812499999999999 (sec) 
 Elapsed time for makeQChamDiagTerms 22.980624 (sec) 
 Davidson iteration 0.0 (tol=0.6914214019537527): -155.0129931694155
 Davidson iteration 0.1 (tol=0.3156469426474918): -155.206623623159 -152.8065166495033
 Davidson iteration 0.2 (tol=0.1490222390880562): -155.2341302135144 -153.3211907366744 -151.7151817101472
 Davidson iteration 0.3 (tol=0.05547296143238): -155.2400127647037 -153.601727265817 -151.9209899388075 -151.1893888009603
 Davidson iteration 0.4 (tol=0.02413026513408726): -155.2407799174228 -153.8136646906063 -152.3525043504899 -151.5557308918989
 Davidson iteration 0.5 (tol=0.01000762537941612): -155.2409396728784 -154.1048176032651 -152.8838783220413 -151.6284069330711
 Davidson iteration 0.6 (tol=0.004738139324164678): -155.2409684152323 -154.3131752062887 -153.1527757889573 -151.8254634210351
 Davidson iteration 0.7 (tol=0.002190870237401726): -155.2409752918073 -154.4944046780581 -153.4569148799663 -152.4119271720542
 Davidson iteration 1.0 (tol=0.002190870237400637): -155.2409752918072
 Davidson iteration 1.1 (tol=0.001154599638473961): -155.2409765300938 -152.3394294924608
 Davidson iteration 1.2 (tol=0.0007040158764686609): -155.2409770456704 -154.1657883753565 -150.2039979563011
 Davidson iteration 1.3 (tol=0.0003476823188467714): -155.2409772023123 -154.6221740816448 -151.5838280782394 -149.4560457799306
 Davidson iteration 1.4 (tol=0.000148653892278071): -155.2409772338397 -154.7319809478201 -151.8994729450486 -151.0658902318686
 Davidson iteration 1.5 (tol=6.208085926235283e-05): -155.2409772400622 -154.7832530401847 -152.9237296703116 -151.482298679035
 Davidson iteration 1.6 (tol=2.71727072508735e-05): -155.2409772411124 -154.8089867883106 -153.5698052592741 -151.6905440637659
 Davidson iteration 1.7 (tol=1.058671476831641e-05): -155.2409772413386 -154.8222648704102 -153.9756409366836 -151.8953165121557
 Davidson iteration 2.0 (tol=1.058671484012875e-05): -155.2409772413378
 Davidson iteration 2.1 (tol=5.578608317554789e-06): -155.2409772413701 -152.9892863110025
 Elapsed time for davidson 279.756552 (sec) 
 Elapsed time for diagonalization 279.756781 (sec) 
 Elapsed time for mult 10.602874 (sec) 
 Energy = -155.2409772413683
 Elapsed time for measurement 36.295322 (sec) 
 Sample-based diagonalization: Energy = -155.2409772413683
 Sample-based diagonalization: density = [1.999986486278357,1.990203154837385,1.989058004167863,1.987084240181387,1.982556925945312,1.977424781408358,1.977969532552883,1.978009054984173,1.974476412352605,1.969304007455817,1.98921533825354,1.980755887955408,1.949938476462704,0.08979462004236094,0.02593713948282692,0.02459257478246503,0.02283496956071999,0.0195818784252455,0.02291204044383148,0.01225089116536117,0.0205319185707806,0.01558166450059239
 Sample-based diagonalization: carryover bitstrings = [], size = 0
 Elapse time for dumping one-particle rdm = 0.0007
 Elapse time for dumping two-particle rdm = 0.211179
 Zero-Body energy = 0
 One-Body energy = -263.3093743119985
 Two-Body energy = 108.0683970718493
 One-Body + Two-Body energy = -155.2409772401492
 Zero-Body + One-Body + Two-Body energy = -155.2409772401492
