 Elapsed time for helper construction 0.6731269999999999 (sec) 
 Elapsed time for init 0.005491999999999999 (sec) 
 Elapsed time for makeQChamDiagTerms 3.064988 (sec) 
 Davidson iteration 0.0 (tol=0.5493561749717715): -147.2036345452956
 Davidson iteration 0.1 (tol=0.2456709846141326): -147.3363859937063 -145.320442413068
 Davidson iteration 0.2 (tol=0.1139223203123848): -147.3546977354738 -145.7613971289946 -144.3848868503694
 Davidson iteration 0.3 (tol=0.04514308514642931): -147.3587182881043 -145.9791158958667 -144.7515610190669 -144.0646693873243
 Davidson iteration 0.4 (tol=0.0192812881147679): -147.3592839366607 -146.1908718071793 -145.0989068842528 -144.3469732165957
 Davidson iteration 0.5 (tol=0.007515120280098242): -147.3594042292164 -146.4634054467485 -145.3324297233399 -144.6142514561725
 Davidson iteration 0.6 (tol=0.003696762581648687): -147.3594209766229 -146.5918045762712 -145.5097102409015 -144.6169306746274
 Davidson iteration 0.7 (tol=0.001546578279329285): -147.3594244266687 -146.6807326663352 -145.7561126035847 -144.8804384148441
 Davidson iteration 1.0 (tol=0.001546578279321685): -147.3594244266682
 Davidson iteration 1.1 (tol=0.0008067211272795641): -147.3594250584079 -145.0971087791496
 Davidson iteration 1.2 (tol=0.0004255656041340389): -147.3594252890503 -146.3133751936179 -142.7861737446088
 Davidson iteration 1.3 (tol=0.0001864464468960959): -147.3594253515707 -146.7091932070718 -144.3109395694928 -142.2293982963844
 Davidson iteration 1.4 (tol=8.35209458146547e-05): -147.3594253615074 -146.855501516396 -144.4706321455413 -144.1310470202889
 Davidson iteration 1.5 (tol=3.478784177779556e-05): -147.3594253635382 -146.9135683966902 -145.1111549452001 -144.304515917293
 Davidson iteration 1.6 (tol=1.576919484431757e-05): -147.3594253639146 -146.9516459316666 -145.7540787138684 -144.7098340371328
 Davidson iteration 1.7 (tol=5.818168138980497e-06): -147.3594253639885 -146.9662550061481 -146.1105712081963 -144.7347970424208
 Elapsed time for davidson 26.492775 (sec) 
 Elapsed time for diagonalization 26.492878 (sec) 
 Elapsed time for mult 0.760227 (sec) 
 Energy = -147.3594253639894
 Elapsed time for measurement 0.039158 (sec) 
 Sample-based diagonalization: Energy = -147.3594253639894
 Sample-based diagonalization: density = [1.999996977367535,1.997313671210244,1.992228799193629,1.994265906252395,1.988986117377705,1.985011995306784,1.99615444673601,1.977025115448972,1.951755850788034,1.983094317713859,1.931023202539769,0.1138103189208207,0.01478353003593996,0.01106647802434472,0.01793396622887486,0.02354038082807373,0.02200892581517489
 Sample-based diagonalization: carryover bitstrings = [], size = 0
