 Elapsed time for helper construction 1.526666 (sec) 
 Elapsed time for init 0.055081 (sec) 
 Elapsed time for makeQChamDiagTerms 14.636637 (sec) 
 Davidson iteration 0.0 (tol=0.6469244690455211): -126.0256604961875
 Davidson iteration 0.1 (tol=0.1479018047442488): -126.2191407745858 -123.9508110786582
 Davidson iteration 0.2 (tol=0.0267002391869677): -126.2267101505195 -124.2068411316141 -123.360542483111
 Davidson iteration 0.3 (tol=0.006724148906828764): -126.2269578601964 -124.3019420045078 -123.7513551334726 -123.3076186140287
 Davidson iteration 0.4 (tol=0.001854734287206819): -126.2269751953352 -124.5061758442914 -123.9856813809089 -123.5370512889525
 Davidson iteration 0.5 (tol=0.0004658380246185934): -126.2269764012732 -124.7259702332625 -124.1202725494745 -123.5467734565713
 Davidson iteration 0.6 (tol=0.0001079498755388834): -126.2269764720762 -124.8244564785034 -124.2114088317843 -123.7242493163806
 Davidson iteration 0.7 (tol=2.530461038201819e-05): -126.2269764758791 -124.8566279216661 -124.2859520313549 -123.8029577672658
 Davidson iteration 1.0 (tol=2.530461038163208e-05): -126.2269764758795
 Davidson iteration 1.1 (tol=7.864285869388096e-06): -126.2269764760843 -123.5413182855523
 Elapsed time for davidson 53.713589 (sec) 
 Elapsed time for diagonalization 53.7168 (sec) 
 Elapsed time for mult 1.751014 (sec) 
 Energy = -126.226976476083
 Elapsed time for measurement 0.143664 (sec) 
 Sample-based diagonalization: Energy = -126.226976476083
 Sample-based diagonalization: density = [1.999971412787972,1.990064274637383,1.988677224656678,1.985789319618887,1.984194988450664,1.982939659053151,1.980698558783864,1.980959570296404,1.978801446266234,1.980479593709265,1.975171631822727,1.982705442583666,0.01315522335752322,0.01686233908906284,0.01735150369645807,0.01612410006850683,0.01542220742801959,0.01680068398267411,0.01610823011146572,0.01468717263237294,0.014909108511477,0.01693981755701812,0.0157233384373312,0.01546315209969522
 Sample-based diagonalization: carryover bitstrings = [], size = 0
