 Elapsed time for helper construction 0.492104 (sec) 
 Elapsed time for init 0.014375 (sec) 
 Elapsed time for makeQChamDiagTerms 2.281473 (sec) 
 Davidson iteration 0.0 (tol=0.5450700015320346): -150.1607128187267
 Davidson iteration 0.1 (tol=0.2246563832259186): -150.2814169254474 -148.1264332854524
 Davidson iteration 0.2 (tol=0.0925333858723003): -150.2962702407897 -148.5525655580015 -147.3142299104305
 Davidson iteration 0.3 (tol=0.03416270088144265): -150.2988013279701 -148.7650769307706 -147.5972094598652 -147.0917088050315
 Davidson iteration 0.4 (tol=0.01286837018648461): -150.2991249255321 -148.9609537002902 -147.8190449406787 -147.3212835852572
 Davidson iteration 0.5 (tol=0.004963435332512474): -150.299175944633 -149.2085535583816 -148.0313911346553 -147.3767739208218
 Davidson iteration 0.6 (tol=0.002008040459666362): -150.299181961017 -149.3422400582141 -148.2350964305844 -147.4505253642493
 Davidson iteration 0.7 (tol=0.000711768962528492): -150.2991831753964 -149.4354737452354 -148.4977019348939 -147.7255358200476
 Davidson iteration 1.0 (tol=0.0007117689625278894): -150.2991831753963
 Davidson iteration 1.1 (tol=0.0003246256530941136): -150.2991833087712 -148.0491255345144
 Davidson iteration 1.2 (tol=0.0001580728903949492): -150.2991833457067 -149.083450792333 -146.3490832949891
 Davidson iteration 1.3 (tol=6.569287450353262e-05): -150.299183352765 -149.4882795305183 -146.6866104701264 -145.9424911765742
 Davidson iteration 1.4 (tol=2.450290865009653e-05): -150.2991833538782 -149.6653627790907 -147.3335285200016 -146.6827371458369
 Davidson iteration 1.5 (tol=1.012492917679053e-05): -150.2991833540644 -149.7314627804182 -148.104167441729 -147.0575784788642
 Davidson iteration 1.6 (tol=4.549603731635502e-06): -150.2991833540947 -149.7972612215629 -148.7949117036135 -147.1711549627324
 Elapsed time for davidson 19.762148 (sec) 
 Elapsed time for diagonalization 19.762251 (sec) 
 Elapsed time for mult 0.7562479999999999 (sec) 
 Energy = -150.2991833540951
 Elapsed time for measurement 0.038053 (sec) 
 Sample-based diagonalization: Energy = -150.2991833540951
 Sample-based diagonalization: density = [1.999996541644636,1.997151457832594,1.992959211857116,1.992495269623102,1.99079930406381,1.986887224051298,1.977516104436217,1.992817823389336,1.982645539921613,1.983046839277202,1.943980297426265,0.08570089637955991,0.02203010403663281,0.003753231274830106,0.01391959159463648,0.01823083302468512,0.01606973001490265
 Sample-based diagonalization: carryover bitstrings = [], size = 0
