 Elapsed time for helper construction 1.024426 (sec) 
 Elapsed time for init 0.040801 (sec) 
 Elapsed time for makeQChamDiagTerms 13.70773 (sec) 
 Davidson iteration 0.0 (tol=0.5886955825123222): -150.5447691332874
 Davidson iteration 0.1 (tol=0.1299909980424593): -150.7335541001754 -149.1604490763041
 Davidson iteration 0.2 (tol=0.03232664458749254): -150.7427816144018 -149.3141243044708 -149.1363505066262
 Davidson iteration 0.3 (tol=0.009578747540180463): -150.7433611468099 -149.5965206933078 -149.1645252251377 -148.8082357921606
 Davidson iteration 0.4 (tol=0.003059973181937043): -150.7434169324765 -149.8750719099727 -149.1878057772505 -148.8765302346984
 Davidson iteration 0.5 (tol=0.0009755037962822041): -150.7434220429657 -150.0531861691948 -149.1954645586577 -149.0126623099781
 Davidson iteration 0.6 (tol=0.0002855120853046629): -150.7434225388587 -150.1310701238016 -149.2590812585956 -149.1614968978934
 Davidson iteration 0.7 (tol=9.416732137453643e-05): -150.743422588807 -150.1826108709544 -149.7108238683107 -149.1806528318664
 Davidson iteration 1.0 (tol=9.416732137712835e-05): -150.7434225888092
 Davidson iteration 1.1 (tol=4.138745590613742e-05): -150.7434225944805 -149.7247566049876
 Davidson iteration 1.2 (tol=1.998731361307892e-05): -150.7434225961495 -150.2650107403887 -148.9860995709189
 Davidson iteration 1.3 (tol=6.235891554257138e-06): -150.7434225963616 -150.383986860067 -149.0149866049095 -148.6541978483014
 Elapsed time for davidson 42.553786 (sec) 
 Elapsed time for diagonalization 42.555041 (sec) 
 Elapsed time for mult 0.9977539999999999 (sec) 
 Energy = -150.743422596358
 Elapsed time for measurement 0.127717 (sec) 
 Sample-based diagonalization: Energy = -150.743422596358
 Sample-based diagonalization: density = [1.999977805821432,1.997182074538073,1.995210011124426,1.990085645643441,1.993761389257274,1.990916759447408,1.993163423023729,1.9865888535702,1.984212146653266,1.990367736596877,1.977525479966159,1.971664265684941,1.924730474657848,1.939797844815107,0.07873922700926106,0.06919566894357626,0.03769772165845134,0.01077094496290351,0.006888145163245546,0.01180992721973448,0.01060997022912196,0.008241219598586955,0.009693743744184252,0.007957054014702588,0.005763306584521838,0.007449159873389705
 Sample-based diagonalization: carryover bitstrings = [], size = 0
