 Elapsed time for helper construction 0.18042 (sec) 
 Elapsed time for init 0.004278 (sec) 
 Elapsed time for makeQChamDiagTerms 0.620093 (sec) 
 Davidson iteration 0.0 (tol=0.6007675625301915): -109.6168715193232
 Davidson iteration 0.1 (tol=0.2608636710742748): -109.76607049231 -107.5829731024805
 Davidson iteration 0.2 (tol=0.1157197897496588): -109.7858268486333 -108.0259444695926 -106.6720118500989
 Davidson iteration 0.3 (tol=0.04123679166144037): -109.7896711774112 -108.2416614650023 -106.8482358166538 -106.3149299913747
 Davidson iteration 0.4 (tol=0.0176333005700757): -109.7901084957019 -108.4497487762841 -107.1411315717 -106.5730055503454
 Davidson iteration 0.5 (tol=0.006952282047145318): -109.7901963119492 -108.7226305331722 -107.4847396388294 -106.6876925372309
 Davidson iteration 0.6 (tol=0.003163270680393513): -109.7902099469123 -108.9088938572582 -107.7291095536421 -106.7080690872206
 Davidson iteration 0.7 (tol=0.001278539767571381): -109.7902127214195 -109.0290037121333 -107.9809324750344 -107.1116709659843
 Davidson iteration 1.0 (tol=0.001278539767574549): -109.7902127214204
 Davidson iteration 1.1 (tol=0.0006222649462492867): -109.7902131331556 -107.0615873243254
 Davidson iteration 1.2 (tol=0.0003260977094709089): -109.7902132699635 -108.579923772703 -104.968940892724
 Davidson iteration 1.3 (tol=0.0001469310572376412): -109.7902133040014 -109.0878498787863 -106.2479379084689 -104.5730398826951
 Davidson iteration 1.4 (tol=6.35663541151438e-05): -109.7902133096037 -109.2183191918597 -106.3414687602915 -106.0696675437894
 Davidson iteration 1.5 (tol=2.530384932248604e-05): -109.79021331075 -109.2855930818413 -107.4940671305199 -106.2358300684104
 Davidson iteration 1.6 (tol=1.133228882604517e-05): -109.7902133109493 -109.3360043778722 -108.2381156190142 -106.8074452737751
 Davidson iteration 1.7 (tol=4.564466194292038e-06): -109.7902133109919 -109.3561058356621 -108.6435419761625 -107.0946080205145
 Elapsed time for davidson 7.182132999999999 (sec) 
 Elapsed time for diagonalization 7.182242 (sec) 
 Elapsed time for mult 0.266098 (sec) 
 Energy = -109.7902133109915
 Elapsed time for measurement 0.008784999999999999 (sec) 
 Sample-based diagonalization: Energy = -109.7902133109915
 Sample-based diagonalization: density = [1.999987074771565,1.990176701588539,1.987501405841225,1.981013881226722,1.979524689788382,1.978125865807462,1.965237991206058,1.985214656142512,1.929631631512843,0.1024095096557111,0.0212794118323079,0.02095435447687643,0.02042727582349277,0.02082180659372933,0.0176937437069712
 Sample-based diagonalization: carryover bitstrings = [], size = 0
