 Elapsed time for helper construction 0.957888 (sec) 
 Elapsed time for init 0.014811 (sec) 
 Elapsed time for makeQChamDiagTerms 12.9092 (sec) 
 Davidson iteration 0.0 (tol=0.3923706903697929): -171.7646782289821
 Davidson iteration 0.1 (tol=0.08949813257780022): -171.8587674502497 -170.6241778415721
 Davidson iteration 0.2 (tol=0.01744500794265278): -171.8638919963953 -170.6312310944297 -170.5834744535549
 Davidson iteration 0.3 (tol=0.004293620863857107): -171.8640928046237 -170.8942538692626 -170.5841897423001 -170.3450269944961
 Davidson iteration 0.4 (tol=0.001179093791107124): -171.8641052779836 -171.0891464777648 -170.5873281560322 -170.4982036170263
 Davidson iteration 0.5 (tol=0.0002898939692587257): -171.864106162279 -171.1836487955387 -170.5932022993982 -170.5594104201702
 Davidson iteration 0.6 (tol=6.900249454478579e-05): -171.8641062160537 -171.2470424338245 -170.6383120761164 -170.5800673372529
 Davidson iteration 0.7 (tol=1.817788785439082e-05): -171.8641062193093 -171.2767226736779 -170.9170219196658 -170.6065686712998
 Davidson iteration 1.0 (tol=1.817788784371255e-05): -171.8641062193076
 Davidson iteration 1.1 (tol=5.501148275058303e-06): -171.8641062195214 -170.8968144204546
 Elapsed time for davidson 30.467216 (sec) 
 Elapsed time for diagonalization 30.467903 (sec) 
 Elapsed time for mult 0.5254829999999999 (sec) 
 Energy = -171.8641062195247
 Elapsed time for measurement 0.09683699999999999 (sec) 
 Sample-based diagonalization: Energy = -171.8641062195247
 Sample-based diagonalization: density = [1.999992931150064,1.99912960903309,1.995129590306181,1.996285579659307,1.997769785614626,1.997161478451689,1.996629371320452,1.996633765908748,1.996168644607749,1.988956212517706,1.998165656552513,1.993965803823512,1.991115718234315,1.917604659102291,1.968939257951545,0.08370579470307454,0.03510170874951685,0.01681808763699313,0.003780806075102515,0.003439125250479427,0.006149512709870566,0.002306676945751437,0.005108202639078763,0.003456020020070375,0.002081456240185069,0.00320436997183511,0.001200174720298501
 Sample-based diagonalization: carryover bitstrings = [], size = 0
