 Elapsed time for helper construction 1.670866 (sec) 
 Elapsed time for init 0.03858 (sec) 
 Elapsed time for makeQChamDiagTerms 8.818707 (sec) 
 Davidson iteration 0.0 (tol=0.6413874442022426): -127.9055091105295
 Davidson iteration 0.1 (tol=0.2448041505474561): -128.0844975657535 -125.7041258004002
 Davidson iteration 0.2 (tol=0.06850324759918518): -128.1031015656988 -126.2056893832907 -124.5768398559028
 Davidson iteration 0.3 (tol=0.02249969323772847): -128.1043321090904 -126.2888224261903 -124.9357912958529 -124.5216742347099
 Davidson iteration 0.4 (tol=0.007726104187807468): -128.1044801594688 -126.4208977384735 -125.4578219769689 -124.7877206304958
 Davidson iteration 0.5 (tol=0.002876734606090636): -128.104497910917 -126.6371073526274 -125.9432580609007 -124.8363787041156
 Davidson iteration 0.6 (tol=0.001117239777044219): -128.1045005426361 -126.8671419157907 -126.1595568136547 -125.1490388875121
 Davidson iteration 0.7 (tol=0.0004254123767088372): -128.1045009459451 -127.069664457425 -126.3071227118682 -125.4858164107058
 Davidson iteration 1.0 (tol=0.0004254123767088412): -128.1045009459461
 Davidson iteration 1.1 (tol=0.00018775236687883): -128.1045009952117 -125.3043855116421
 Davidson iteration 1.2 (tol=8.857946824763407e-05): -128.1045010093264 -126.8957775246993 -123.5716571244803
 Davidson iteration 1.3 (tol=3.617325070689271e-05): -128.1045010118748 -127.2541584869898 -124.7398363612244 -123.2386968605782
 Davidson iteration 1.4 (tol=1.287765907756338e-05): -128.1045010122443 -127.3907441340721 -125.0858466262136 -124.3576467275094
 Davidson iteration 1.5 (tol=4.957025180728107e-06): -128.1045010122911 -127.4444232194943 -125.7491473555107 -124.7623937345057
 Elapsed time for davidson 83.96876999999999 (sec) 
 Elapsed time for diagonalization 83.969025 (sec) 
 Elapsed time for mult 3.594292 (sec) 
 Energy = -128.1045010122898
 Elapsed time for measurement 13.446699 (sec) 
 Sample-based diagonalization: Energy = -128.1045010122898
 Sample-based diagonalization: density = [1.99996482292613,1.98896151037589,1.987726730772087,1.984455806226417,1.97999319952739,1.986631996715535,1.977601909494014,1.977877825753692,1.975811714230264,1.97550990014637,1.977871566636977,1.983238339841931,0.02395535997767548,0.02385153954605036,0.02293651832536396,0.02176969969633902,0.01818258948461402,0.01857432254068431,0.01873416483217658,0.01795147717833608,0.01906934443911943,0.01932966130306915
 Sample-based diagonalization: carryover bitstrings = [], size = 0
 Elapse time for dumping one-particle rdm = 0.001123
 Elapse time for dumping two-particle rdm = 0.207587
 Zero-Body energy = 0
 One-Body energy = -219.3723753036984
 Two-Body energy = 91.26787429157399
 One-Body + Two-Body energy = -128.1045010121244
 Zero-Body + One-Body + Two-Body energy = -128.1045010121244
