 Elapsed time for helper construction 0.8299789999999999 (sec) 
 Elapsed time for init 0.023646 (sec) 
 Elapsed time for makeQChamDiagTerms 6.334139 (sec) 
 Davidson iteration 0.0 (tol=0.5750501728326143): -132.3983805865147
 Davidson iteration 0.1 (tol=0.1200365799006748): -132.5556939822605 -130.4087529736835
 Davidson iteration 0.2 (tol=0.02882287965957159): -132.5609408900029 -130.7078058790825 -129.9952135948307
 Davidson iteration 0.3 (tol=0.007876206034769953): -132.561238164047 -130.7853519733544 -130.1647186472099 -129.9556507297609
 Davidson iteration 0.4 (tol=0.002278003846247474): -132.5612627045501 -131.076211642235 -130.4263254020808 -130.0017517481162
 Davidson iteration 0.5 (tol=0.0006634024466919688): -132.5612646772528 -131.4013755088969 -130.5461104599456 -130.1052628081655
 Davidson iteration 0.6 (tol=0.0001929826713081172): -132.5612648356122 -131.5430090948128 -130.6393173279476 -130.1296044515412
 Davidson iteration 0.7 (tol=5.907407040942948e-05): -132.5612648492582 -131.627642292712 -130.7998534057726 -130.3592904523109
 Davidson iteration 1.0 (tol=5.907407040826603e-05): -132.5612648492584
 Davidson iteration 1.1 (tol=2.208811150395342e-05): -132.5612648504612 -130.2529224208314
 Davidson iteration 1.2 (tol=7.866968615590139e-06): -132.5612648506884 -131.3434594281783 -129.1306775809611
 Elapsed time for davidson 25.334822 (sec) 
 Elapsed time for diagonalization 25.33503 (sec) 
 Elapsed time for mult 0.969312 (sec) 
 Energy = -132.5612648506887
 Elapsed time for measurement 0.08952 (sec) 
 Sample-based diagonalization: Energy = -132.5612648506887
 Sample-based diagonalization: density = [1.999974609805951,1.995626266060157,1.990213051787654,1.987037402579715,1.985663033420227,1.982458366597175,1.979934974520867,1.982891258029677,1.979408708510781,1.983715467308465,1.980998123444547,1.990692032371074,0.01980157165122126,0.01779461424267144,0.01936556989494235,0.0179363813123269,0.0191944448863502,0.01571123907031698,0.01735597350593814,0.01817905714147476,0.0160478536295782
 Sample-based diagonalization: carryover bitstrings = [], size = 0
