 Elapsed time for helper construction 4.634649 (sec) 
 Elapsed time for init 0.057434 (sec) 
 Elapsed time for makeQChamDiagTerms 37.307362 (sec) 
 Davidson iteration 0.0 (tol=0.7059271131261443): -163.3776751082331
 Davidson iteration 0.1 (tol=0.3291385869165396): -163.5824468496521 -161.2548686970411
 Davidson iteration 0.2 (tol=0.1558702827456675): -163.6131136567503 -161.7292723596583 -160.2269366972767
 Davidson iteration 0.3 (tol=0.05780282149403248): -163.6196290419456 -161.9843548872791 -160.387876251506 -159.7362415590608
 Davidson iteration 0.4 (tol=0.02540230340178015): -163.6204767815663 -162.1980539826543 -160.7428907819458 -160.1298791269628
 Davidson iteration 0.5 (tol=0.01036186051675624): -163.6206631269415 -162.5039741239192 -161.2968350632549 -160.1826025099492
 Davidson iteration 0.6 (tol=0.004833355050497646): -163.6206958397896 -162.7143654429213 -161.5570437279061 -160.3767151387949
 Davidson iteration 0.7 (tol=0.002260098171292862): -163.620703144116 -162.8638845987604 -161.8059876489103 -160.9003241423631
 Davidson iteration 1.0 (tol=0.002260098171315541): -163.6207031441153
 Davidson iteration 1.1 (tol=0.001183070106744691): -163.6207044610479 -160.700884016847
 Davidson iteration 1.2 (tol=0.0007011071197101613): -163.6207050018695 -162.4870491992478 -158.7064125140561
 Davidson iteration 1.3 (tol=0.0003586334696951873): -163.6207051628698 -162.9476936262127 -160.1768058916596 -157.9561835669398
 Davidson iteration 1.4 (tol=0.0001577311257451353): -163.6207051975391 -163.0749465520528 -160.4367242650503 -159.5869854881851
 Davidson iteration 1.5 (tol=6.810724855831994e-05): -163.620705204752 -163.1406727713851 -161.3660177120327 -160.0793560317677
 Davidson iteration 1.6 (tol=3.151751838242043e-05): -163.6207052060296 -163.1674950554379 -161.9824656354457 -160.2131910528523
 Davidson iteration 1.7 (tol=1.331338705955987e-05): -163.620705206343 -163.182858737214 -162.3916729083291 -160.3827268379362
 Davidson iteration 2.0 (tol=1.331338711922728e-05): -163.6207052063426
 Davidson iteration 2.1 (tol=7.392641895634535e-06): -163.6207052063957 -161.4105116443853
 Elapsed time for davidson 413.443725 (sec) 
 Elapsed time for diagonalization 413.444037 (sec) 
 Elapsed time for mult 15.565653 (sec) 
 Energy = -163.6207052063996
 Elapsed time for measurement 60.130806 (sec) 
 Sample-based diagonalization: Energy = -163.6207052063996
 Sample-based diagonalization: density = [1.999986991633441,1.989690426478423,1.987824416011459,1.985745251699504,1.984987344795577,1.979068989654717,1.982000612557494,1.993754464124,1.979045246821446,1.982124943856458,1.96556814666011,1.975207925074713,1.982642221690679,1.934657955241431,0.1021870430341997,0.02754429824345295,0.02147307584759556,0.02026398546601051,0.01766367158521002,0.0150727889290542,0.02010781531735141,0.01258609349615386,0.02276961619900846,0.0180266752819698
 Sample-based diagonalization: carryover bitstrings = [], size = 0
 Elapse time for dumping one-particle rdm = 0.001122
 Elapse time for dumping two-particle rdm = 0.294037
 Zero-Body energy = 0
 One-Body energy = -280.119601985986
 Two-Body energy = 116.4988967814864
 One-Body + Two-Body energy = -163.6207052044995
 Zero-Body + One-Body + Two-Body energy = -163.6207052044995
