 Elapsed time for helper construction 0.357501 (sec) 
 Elapsed time for init 0.002066 (sec) 
 Elapsed time for makeQChamDiagTerms 1.012836 (sec) 
 Davidson iteration 0.0 (tol=0.5118894604154233): -122.5799565522887
 Davidson iteration 0.1 (tol=0.1930219173193276): -122.6933926860755 -120.6183207865027
 Davidson iteration 0.2 (tol=0.08377889346862723): -122.7042163829447 -120.9131951419874 -119.904339990189
 Davidson iteration 0.3 (tol=0.03151427409500515): -122.7060745691269 -121.0313773198454 -120.000419434013 -119.3632209257257
 Davidson iteration 0.4 (tol=0.01261157593287833): -122.7063433992106 -121.2633944245169 -120.2023818756414 -119.5966039088118
 Davidson iteration 0.5 (tol=0.005238285317106662): -122.7063821583495 -121.5293971644814 -120.4238941260431 -119.5975783790458
 Davidson iteration 0.6 (tol=0.002259971829618531): -122.7063886115443 -121.7263501699265 -120.6172418661541 -119.6657121922481
 Davidson iteration 0.7 (tol=0.0009303752819700624): -122.7063899324751 -121.8958622916393 -120.8275649556545 -119.8803619072791
 Davidson iteration 1.0 (tol=0.0009303752819704265): -122.7063899324749
 Davidson iteration 1.1 (tol=0.0004730613164543727): -122.7063901102072 -119.4292564323249
 Davidson iteration 1.2 (tol=0.0002387510778516817): -122.7063901778532 -121.5591031737674 -115.9209458130397
 Davidson iteration 1.3 (tol=0.0001165959475951055): -122.7063901938562 -122.0213118192459 -118.5224260235872 -115.1144121532385
 Davidson iteration 1.4 (tol=4.43738585156264e-05): -122.7063901969226 -122.1826066533554 -119.0706319810572 -117.5756530981446
 Davidson iteration 1.5 (tol=1.738563919936708e-05): -122.7063901974058 -122.2366828650491 -119.6892191533446 -118.8214510226366
 Davidson iteration 1.6 (tol=6.599698824536799e-06): -122.7063901974745 -122.2482244967152 -120.3503435393581 -118.8306112321214
 Elapsed time for davidson 8.051076999999999 (sec) 
 Elapsed time for diagonalization 8.051145999999999 (sec) 
 Elapsed time for mult 0.272053 (sec) 
 Energy = -122.706390197475
 Elapsed time for measurement 0.011242 (sec) 
 Sample-based diagonalization: Energy = -122.706390197475
 Sample-based diagonalization: density = [1.99999583100394,1.991839295962177,1.989174962134183,1.97799362039149,1.987224029343954,1.984555070153047,1.982428803276842,1.982327487297778,1.960542624242048,0.05522637760793418,0.02125304220080583,0.01941706357777689,0.01929216761101198,0.01768337992378362,0.01104624524270192
 Sample-based diagonalization: carryover bitstrings = [], size = 0
