"PluginInterface" error: Failure to initialize device 0: Error in cuDevicePrimaryCtxRetain: out of memory
"PluginInterface" error: Failure to initialize device 0: Error in cuDevicePrimaryCtxRetain: out of memory
"PluginInterface" error: Failure to initialize device 1: Error in cuDevicePrimaryCtxRetain: out of memory
"PluginInterface" error: Failure to initialize device 1: Error in cuDevicePrimaryCtxRetain: out of memory
"PluginInterface" error: Failure to initialize device 2: Error in cuDevicePrimaryCtxRetain: out of memory
"PluginInterface" error: Failure to initialize device 2: Error in cuDevicePrimaryCtxRetain: out of memory
"PluginInterface" error: Failure to initialize device 3: Error in cuDevicePrimaryCtxRetain: out of memory
"PluginInterface" error: Failure to initialize device 3: Error in cuDevicePrimaryCtxRetain: out of memory
 Elapsed time for helper construction 0.110764 (sec) 
 Elapsed time for init 0.001014 (sec) 
 Elapsed time for makeQChamDiagTerms 0.012323 (sec) 
 Davidson iteration 0.0 (tol=0.612534492186977): -92.60463830034494
 Davidson iteration 0.1 (tol=0.2556414217180418): -92.77193435875142 -90.72333893566146
 Davidson iteration 0.2 (tol=0.1092401817738773): -92.7923200542596 -91.07036513801606 -89.71413779159819
 Davidson iteration 0.3 (tol=0.03782642503994598): -92.79562381777973 -91.19084224514344 -89.98513242990332 -89.46999521521484
 Davidson iteration 0.4 (tol=0.01320035858495544): -92.79603592041542 -91.36084621308248 -90.21274459113349 -89.50970601283873
 Davidson iteration 0.5 (tol=0.004916130477887317): -92.79607999454262 -91.5001933871272 -90.51796946862574 -89.9478735712282
 Davidson iteration 0.6 (tol=0.001780770311221442): -92.7960869012347 -91.60050894869121 -90.73843178353897 -89.96022069150891
 Davidson iteration 0.7 (tol=0.0006208360678671163): -92.79608770091147 -91.67940132844667 -90.89735253703358 -90.06118632121681
 Davidson iteration 0.8 (tol=0.0001979185616854363): -92.79608781206083 -91.79023861733745 -91.12431614677372 -90.53293466716705
 Davidson iteration 0.9 (tol=7.020405120872988e-05): -92.79608782424148 -91.82594217040022 -91.25048356378659 -90.55347919984204
 Davidson iteration 0.10 (tol=2.830134773998744e-05): -92.79608782578156 -91.88125483936666 -91.45324072878381 -90.75237846961178
 Davidson iteration 0.11 (tol=1.01111429517758e-05): -92.79608782601417 -91.94166897325856 -91.58054118100171 -90.89873909779855
 Davidson iteration 0.12 (tol=3.580407014148638e-06): -92.79608782604419 -91.9722753166302 -91.64761028304004 -91.01325341552493
 Davidson iteration 0.13 (tol=1.300917612783295e-06): -92.79608782604799 -92.01863294245963 -91.69597511384902 -91.10450837928073
 Davidson iteration 0.14 (tol=4.867275434091377e-07): -92.79608782604826 -92.04734325277958 -91.73325207910189 -91.22819367345838
 Davidson iteration 0.15 (tol=1.863886349859724e-07): -92.79608782604839 -92.05817686657478 -91.7891536834106 -91.44812798677064
 Davidson iteration 0.16 (tol=6.781521691835523e-08): -92.79608782604846 -92.07887090940415 -91.83220023875533 -91.5463938811054
 Davidson iteration 0.17 (tol=2.365185831674407e-08): -92.79608782604846 -92.08823665894114 -91.86676037574986 -91.60667183220528
 Davidson iteration 0.18 (tol=8.458600972001091e-09): -92.79608782604843 -92.09447113724288 -91.91146951641394 -91.65627591113504
 Elapsed time for davidson 10.903982 (sec) 
 Elapsed time for diagonalization 10.904178 (sec) 
 Elapsed time for mult 0.427135 (sec) 
 Energy = -92.79608782604802
 Elapsed time for measurement 0.035931 (sec) 
 Sample-based diagonalization: Energy = -92.79608782604802
 Sample-based diagonalization: density = [1.999965889893462,1.988854831026799,1.985154378009221,1.981464164988207,1.979588924652256,1.969767150037674,1.975163466678609,1.905074783953366,1.984679177694963,0.1009726195218006,0.02287533128080236,0.02570878407003194,0.02359699458251748,0.02026007353997667,0.0189362015563764,0.01793722851351336
 Sample-based diagonalization: carryover bitstrings = [], size = 0
