 Elapsed time for helper construction 1.235165 (sec) 
 Elapsed time for init 0.045736 (sec) 
 Elapsed time for makeQChamDiagTerms 9.666912999999999 (sec) 
 Davidson iteration 0.0 (tol=0.5922022806600672): -134.4541454362064
 Davidson iteration 0.1 (tol=0.1688532235818551): -134.6105564510136 -132.3358098825142
 Davidson iteration 0.2 (tol=0.04850647201023593): -134.6198260170227 -132.7013395813578 -131.6872483508007
 Davidson iteration 0.3 (tol=0.01389746342515538): -134.6205309296516 -132.7792104606264 -131.7480588971142 -131.6638927226807
 Davidson iteration 0.4 (tol=0.004715780084461107): -134.6205943765225 -132.9897220893491 -132.2036700629227 -131.6708652081142
 Davidson iteration 0.5 (tol=0.001738836839220431): -134.6206022842206 -133.4273307012563 -132.5467549424873 -131.851312417411
 Davidson iteration 0.6 (tol=0.0006171131703421797): -134.6206033186978 -133.6853260250959 -132.6725753537869 -131.8609611667867
 Davidson iteration 0.7 (tol=0.0002249592721016207): -134.6206034417982 -133.8167483760834 -132.7963430168963 -132.1483783976252
 Davidson iteration 1.0 (tol=0.0002249592721011558): -134.6206034417995
 Davidson iteration 1.1 (tol=9.888832281690407e-05): -134.6206034564261 -132.1145870419045
 Davidson iteration 1.2 (tol=4.186665513635492e-05): -134.6206034604414 -133.5408738227671 -130.1246786644149
 Davidson iteration 1.3 (tol=1.662605155069188e-05): -134.6206034610432 -133.8795413565518 -131.4253386643718 -129.7944828821662
 Davidson iteration 1.4 (tol=6.242813426236921e-06): -134.620603461132 -134.0173540832193 -131.8452560638187 -131.1197961655298
 Elapsed time for davidson 53.591565 (sec) 
 Elapsed time for diagonalization 53.593971 (sec) 
 Elapsed time for mult 1.55554 (sec) 
 Energy = -134.6206034611292
 Elapsed time for measurement 0.101778 (sec) 
 Sample-based diagonalization: Energy = -134.6206034611292
 Sample-based diagonalization: density = [1.99997062793674,1.992719634322499,1.990782813087056,1.986220945734245,1.983921665866218,1.981818891831552,1.98023269810218,1.977992162431402,1.979217584803507,1.98214921961576,1.991690395477899,1.989592922035025,0.004613259167531998,0.02677005149579722,0.0210415373636254,0.02001454278488912,0.02121339694374159,0.014777491080777,0.02151847295913848,0.01640106704333605,0.01734061954292909
 Sample-based diagonalization: carryover bitstrings = [], size = 0
