 Elapsed time for helper construction 0.621706 (sec) 
 Elapsed time for init 0.020983 (sec) 
 Elapsed time for makeQChamDiagTerms 3.78887 (sec) 
 Davidson iteration 0.0 (tol=0.561925601820949): -147.6376798971941
 Davidson iteration 0.1 (tol=0.2383301300207835): -147.7707149695659 -145.6850069231157
 Davidson iteration 0.2 (tol=0.1029039569134953): -147.7878218640714 -146.1070258916492 -144.879898967066
 Davidson iteration 0.3 (tol=0.03799188621336223): -147.7910844155192 -146.3120960618142 -145.1210328372574 -144.6666804276898
 Davidson iteration 0.4 (tol=0.01562726997459463): -147.7914947203836 -146.5401787119493 -145.4089381093105 -144.8572314742122
 Davidson iteration 0.5 (tol=0.006065269714970835): -147.791576844296 -146.8407561508691 -145.6319669772027 -145.0384319582704
 Davidson iteration 0.6 (tol=0.002723786403639974): -147.7915870336396 -146.9703039919665 -145.8092997687832 -145.0491048479158
 Davidson iteration 0.7 (tol=0.001020262443570322): -147.7915890693814 -147.0476206590061 -146.0878724498446 -145.3217081286481
 Davidson iteration 1.0 (tol=0.001020262443571758): -147.7915890693801
 Davidson iteration 1.1 (tol=0.0004971174181978848): -147.791589361801 -145.6221279623365
 Davidson iteration 1.2 (tol=0.0002532409303133116): -147.7915894536163 -146.662395150427 -143.8701108016293
 Davidson iteration 1.3 (tol=0.0001049248502475378): -147.7915894749933 -147.0580892144145 -144.6579754656951 -143.4700090600186
 Davidson iteration 1.4 (tol=4.473158901167165e-05): -147.7915894781593 -147.2128599821692 -144.9537675949734 -144.6337878582257
 Davidson iteration 1.5 (tol=1.790983947700457e-05): -147.7915894787938 -147.2685065142348 -145.6307446275402 -144.6850284516563
 Davidson iteration 1.6 (tol=7.897641812742366e-06): -147.7915894788983 -147.3157870618327 -146.2740529212488 -144.8955786921523
 Elapsed time for davidson 30.33951 (sec) 
 Elapsed time for diagonalization 30.339669 (sec) 
 Elapsed time for mult 0.9343499999999999 (sec) 
 Energy = -147.7915894789
 Elapsed time for measurement 0.043727 (sec) 
 Sample-based diagonalization: Energy = -147.7915894789
 Sample-based diagonalization: density = [1.999996963216932,1.996827097890462,1.992479209429472,1.994045711721473,1.987538738479263,1.985828637903408,1.993000434516221,1.968509818867566,1.978247353484941,1.983709484857209,1.933075218971188,0.1009371406911201,0.01811654977911453,0.006256365515006556,0.01924968663922181,0.00458680843138159,0.0179506802433677,0.01964409916003496
 Sample-based diagonalization: carryover bitstrings = [], size = 0
