 Elapsed time for helper construction 1.508634 (sec) 
 Elapsed time for init 0.048096 (sec) 
 Elapsed time for makeQChamDiagTerms 14.837053 (sec) 
 Davidson iteration 0.0 (tol=0.6517521289911049): -140.1105013041248
 Davidson iteration 0.1 (tol=0.1888402942112304): -140.2948457804353 -137.9877718872339
 Davidson iteration 0.2 (tol=0.06241888918541785): -140.3073388714037 -138.5237379964979 -137.6058575730647
 Davidson iteration 0.3 (tol=0.02018427373038341): -140.3087736483967 -138.7672051673799 -137.7348315652214 -137.563753729006
 Davidson iteration 0.4 (tol=0.008012157622344479): -140.3089631907311 -139.2824264866813 -138.021361029351 -137.6156470199709
 Davidson iteration 0.5 (tol=0.003063471257573033): -140.3089910679101 -139.6129067504718 -138.2682188477652 -137.7484339989988
 Davidson iteration 0.6 (tol=0.001035980558920599): -140.3089949144981 -139.7099063025841 -138.5508411268498 -137.8052018353518
 Davidson iteration 0.7 (tol=0.0004006928962025865): -140.3089953644156 -139.7642640261116 -138.9402486347631 -138.0197672657966
 Davidson iteration 1.0 (tol=0.00040069289620017): -140.3089953644141
 Davidson iteration 1.1 (tol=0.0001735169592864978): -140.3089954228252 -138.4205669748453
 Davidson iteration 1.2 (tol=9.083572933198876e-05): -140.3089954410305 -139.5259636433234 -137.3350951979879
 Davidson iteration 1.3 (tol=4.220510141291938e-05): -140.3089954446492 -139.8168859834138 -137.6330717357443 -137.2098025748144
 Davidson iteration 1.4 (tol=1.866366599220359e-05): -140.3089954454869 -139.9439153826221 -138.28345437654 -137.4617880756959
 Davidson iteration 1.5 (tol=8.513617087989658e-06): -140.3089954456489 -139.9910946977316 -139.0789837784096 -137.4766525791575
 Elapsed time for davidson 74.71535299999999 (sec) 
 Elapsed time for diagonalization 74.715532 (sec) 
 Elapsed time for mult 1.966524 (sec) 
 Energy = -140.3089954456504
 Elapsed time for measurement 0.132951 (sec) 
 Sample-based diagonalization: Energy = -140.3089954456504
 Sample-based diagonalization: density = [1.999973406268933,1.993414271056337,1.991455942807713,1.988290346706553,1.985901912753909,1.985872353740716,1.982081895379445,1.981738680781844,1.978982536691006,1.969158416623975,1.975382033609134,1.985713251322297,1.983608340854035,0.04972380592498828,0.01569995491421871,0.01984857619858025,0.02101716449787145,0.01507853555228377,0.01476489041884891,0.01356640498773279,0.01145805206900158,0.01273640779697679,0.01115786221873381,0.01337495636624319
 Sample-based diagonalization: carryover bitstrings = [], size = 0
