 Elapsed time for helper construction 0.474029 (sec) 
 Elapsed time for init 0.006832 (sec) 
 Elapsed time for makeQChamDiagTerms 2.747066 (sec) 
 Davidson iteration 0.0 (tol=0.5428009946555412): -149.0811651070676
 Davidson iteration 0.1 (tol=0.2203833639359642): -149.2083921298664 -147.2565905514552
 Davidson iteration 0.2 (tol=0.08967172448576552): -149.223907739418 -147.626984714817 -146.6481485892901
 Davidson iteration 0.3 (tol=0.03155977792182256): -149.2265513719511 -147.768747317603 -146.802562590293 -146.5012543763008
 Davidson iteration 0.4 (tol=0.01163431792072742): -149.2268542714058 -147.9855073266261 -146.9594979297339 -146.6240028706137
 Davidson iteration 0.5 (tol=0.003835073257771237): -149.2269049966582 -148.3227071065701 -147.1203173908513 -146.8367660521347
 Davidson iteration 0.6 (tol=0.00155559548316757): -149.2269096914511 -148.4436628673435 -147.2569501368756 -146.8427060222785
 Davidson iteration 0.7 (tol=0.000586557218301868): -149.2269103678472 -148.5001148048993 -147.4676450249804 -146.9998497493998
 Davidson iteration 1.0 (tol=0.0005865572183019915): -149.2269103678474
 Davidson iteration 1.1 (tol=0.0002776187108057366): -149.2269104691454 -147.0961090972803
 Davidson iteration 1.2 (tol=0.0001340915501455402): -149.2269105006467 -148.2530844051196 -145.4542968162698
 Davidson iteration 1.3 (tol=5.584269005072974e-05): -149.2269105078134 -148.692031436854 -146.4744544993732 -145.2599297741244
 Davidson iteration 1.4 (tol=2.838082435721794e-05): -149.2269105090939 -148.8604501004301 -147.1398499584729 -146.3805145817975
 Davidson iteration 1.5 (tol=1.373351213167441e-05): -149.2269105093975 -148.9458480727095 -147.8647155473818 -146.3845099584668
 Davidson iteration 1.6 (tol=6.153152943250812e-06): -149.2269105094676 -148.9892322044816 -148.2962584291903 -146.7798490466868
 Elapsed time for davidson 18.895605 (sec) 
 Elapsed time for diagonalization 18.895674 (sec) 
 Elapsed time for mult 0.5726209999999999 (sec) 
 Energy = -149.2269105094683
 Elapsed time for measurement 0.040195 (sec) 
 Sample-based diagonalization: Energy = -149.2269105094683
 Sample-based diagonalization: density = [1.99999699240228,1.996580514204422,1.992647494922773,1.994853425130544,1.991197807540695,1.987068693659023,1.989705111968374,1.980353593987712,1.979052415486059,1.987826275677894,1.919859980703041,0.1084760433179315,0.009212032334589159,0.004210771330800012,0.009495989497254526,0.01668983791843149,0.01733729470244266,0.01543572504971505
 Sample-based diagonalization: carryover bitstrings = [], size = 0
