 Elapsed time for helper construction 1.14403 (sec) 
 Elapsed time for init 0.017944 (sec) 
 Elapsed time for makeQChamDiagTerms 15.988589 (sec) 
 Davidson iteration 0.0 (tol=0.6253561134416052): -175.6352720585408
 Davidson iteration 0.1 (tol=0.1453441277685351): -175.8162634707037 -173.8574624803713
 Davidson iteration 0.2 (tol=0.04152878257423737): -175.8259083998359 -174.2265317339868 -173.8464683086127
 Davidson iteration 0.3 (tol=0.009503880003919798): -175.826672541001 -174.2543017029481 -173.948844448092 -173.846411399854
 Davidson iteration 0.4 (tol=0.003045588056525337): -175.8267127867759 -174.5356696463916 -173.9502904084218 -173.881663075065
 Davidson iteration 0.5 (tol=0.0008953808994178799): -175.826717251506 -174.751763600001 -174.0520257089822 -173.8818724354693
 Davidson iteration 0.6 (tol=0.0002604039528133166): -175.8267176410858 -174.9527895880537 -174.0771599066296 -174.0508765495358
 Davidson iteration 0.7 (tol=9.603227980937915e-05): -175.826717676554 -175.0647740875073 -174.591914183778 -174.0685669489569
 Davidson iteration 1.0 (tol=9.603227981074915e-05): -175.8267176765515
 Davidson iteration 1.1 (tol=4.232642865198207e-05): -175.8267176816025 -174.625189951827
 Davidson iteration 1.2 (tol=2.286273181911071e-05): -175.8267176833974 -175.3900338602577 -174.0033866052028
 Davidson iteration 1.3 (tol=7.466750861246257e-06): -175.8267176836571 -175.5003982951854 -174.1542140452653 -173.6420202518264
 Elapsed time for davidson 45.358213 (sec) 
 Elapsed time for diagonalization 45.358427 (sec) 
 Elapsed time for mult 0.9644419999999999 (sec) 
 Energy = -175.826717683659
 Elapsed time for measurement 0.144651 (sec) 
 Sample-based diagonalization: Energy = -175.826717683659
 Sample-based diagonalization: density = [1.999979707298462,1.995821609726327,1.994130149219123,1.993272135550865,1.988318294202748,1.992732004611036,1.989824171124195,1.988996312289616,1.984487579990355,1.979517823252483,1.985692645656249,1.980620054979311,1.992206634883887,1.983442847556979,1.952198832610707,0.081035134263234,0.009354796614955641,0.01074595962768163,0.003138403179219434,0.01317953011616781,0.01434297281036852,0.0110671202627975,0.0120229366942429,0.01353483234156707,0.01474825816930521,0.01558925269595144
 Sample-based diagonalization: carryover bitstrings = [], size = 0
