 Elapsed time for helper construction 0.569215 (sec) 
 Elapsed time for init 0.015896 (sec) 
 Elapsed time for makeQChamDiagTerms 2.361667 (sec) 
 Davidson iteration 0.0 (tol=0.5338841532047437): -89.31603532319244
 Davidson iteration 0.1 (tol=0.1828785032560147): -89.44317929514027 -87.17374189180531
 Davidson iteration 0.2 (tol=0.04417122487136272): -89.45400576064907 -87.59883816204638 -86.08013381408826
 Davidson iteration 0.3 (tol=0.01154993230201261): -89.45454221266503 -87.69500895067308 -86.52607786849623 -85.75835431103781
 Davidson iteration 0.4 (tol=0.003294551187586894): -89.45458104802586 -87.77073017397001 -86.92309243821335 -86.0470556960648
 Davidson iteration 0.5 (tol=0.001066875246410614): -89.45458424533147 -87.8707963227469 -87.29880161928786 -86.12194162863091
 Davidson iteration 0.6 (tol=0.0003014259398976937): -89.45458456105692 -87.96445806235563 -87.50288014431329 -86.48562531891858
 Davidson iteration 0.7 (tol=8.242322742886695e-05): -89.45458458679114 -88.01915640472782 -87.62110892944978 -86.78616415659545
 Davidson iteration 1.0 (tol=8.242322742684418e-05): -89.45458458679062
 Davidson iteration 1.1 (tol=2.948579908845668e-05): -89.45458458843727 -85.93985496106038
 Davidson iteration 1.2 (tol=1.006143550770111e-05): -89.45458458871693 -87.3830749937395 -84.81851751703276
 Davidson iteration 1.3 (tol=3.156008053818178e-06): -89.45458458874523 -87.85479278491255 -85.82077871242906 -84.33612292997896
 Elapsed time for davidson 18.445599 (sec) 
 Elapsed time for diagonalization 18.445755 (sec) 
 Elapsed time for mult 0.816923 (sec) 
 Energy = -89.45458458874583
 Elapsed time for measurement 0.032345 (sec) 
 Sample-based diagonalization: Energy = -89.45458458874583
 Sample-based diagonalization: density = [1.999965724352899,1.988731494688321,1.986075234602521,1.988946800639769,1.979617493674158,1.979764457708657,1.9774194272882,1.977031499608979,1.978271445460506,0.01261217935613709,0.02128867457110867,0.02119365479178122,0.01875008563234885,0.01748082268473137,0.018906077641939,0.01703557307769595,0.0169093541194213
 Sample-based diagonalization: carryover bitstrings = [], size = 0
