 Elapsed time for helper construction 0.499119 (sec) 
 Elapsed time for init 0.011703 (sec) 
 Elapsed time for makeQChamDiagTerms 2.162221 (sec) 
 Davidson iteration 0.0 (tol=0.5477601302111496): -149.3145125327888
 Davidson iteration 0.1 (tol=0.2393249497069076): -149.4401136670655 -147.3302654286399
 Davidson iteration 0.2 (tol=0.1061570031786877): -149.4571565413412 -147.77735888557 -146.4459816901033
 Davidson iteration 0.3 (tol=0.04058933284330183): -149.4605540561987 -148.0065627828313 -146.8013107987805 -146.1420350946758
 Davidson iteration 0.4 (tol=0.01614555121405905): -149.4609909093554 -148.1886831566714 -147.0456278222053 -146.446774557546
 Davidson iteration 0.5 (tol=0.005830859120320778): -149.4610706783964 -148.4223446526511 -147.2734018641633 -146.5963499736121
 Davidson iteration 0.6 (tol=0.00263995575779951): -149.4610791750741 -148.5333774150192 -147.4401262548672 -146.6267339161295
 Davidson iteration 0.7 (tol=0.00102070239948708): -149.4610809160608 -148.6249240115162 -147.7564498983946 -146.944956980931
 Davidson iteration 1.0 (tol=0.001020702399491274): -149.4610809160601
 Davidson iteration 1.1 (tol=0.0005440638582223322): -149.4610811808231 -147.0960637106149
 Davidson iteration 1.2 (tol=0.0002978796278976395): -149.4610812830839 -148.5675210062709 -144.4294340179009
 Davidson iteration 1.3 (tol=0.0001369061918416533): -149.4610813110732 -148.9649965294064 -146.199064088887 -143.4935899131826
 Davidson iteration 1.4 (tol=6.260752661520152e-05): -149.461081316198 -149.0817363792841 -146.6313807832307 -145.9305606862686
 Davidson iteration 1.5 (tol=3.056628996290263e-05): -149.4610813174666 -149.1417012610488 -147.7143748541157 -146.0671012581844
 Davidson iteration 1.6 (tol=1.536224130463724e-05): -149.4610813177676 -149.1882012489599 -148.2994497897805 -146.1790099259316
 Davidson iteration 1.7 (tol=6.357307340170759e-06): -149.461081317835 -149.207185562473 -148.5857591166487 -146.3184538846063
 Elapsed time for davidson 20.98403 (sec) 
 Elapsed time for diagonalization 20.984149 (sec) 
 Elapsed time for mult 0.713816 (sec) 
 Energy = -149.4610813178377
 Elapsed time for measurement 0.03692 (sec) 
 Sample-based diagonalization: Energy = -149.4610813178377
 Sample-based diagonalization: density = [1.999996801764517,1.997843053322114,1.992510401543503,1.993696075821574,1.989272987048285,1.984696275550761,1.988326839562557,1.974531794938499,1.979429438455522,1.979824239754195,1.941431661395288,0.09723055643278503,0.02314434552711078,0.001729767972939511,0.01479956222021356,0.02391509915906866,0.01762109939349397
 Sample-based diagonalization: carryover bitstrings = [], size = 0
