 Elapsed time for helper construction 0.310222 (sec) 
 Elapsed time for init 0.005748 (sec) 
 Elapsed time for makeQChamDiagTerms 0.719892 (sec) 
 Davidson iteration 0.0 (tol=0.604536374264557): -111.7055416290647
 Davidson iteration 0.1 (tol=0.2686143754638222): -111.8582552366821 -109.7041348019878
 Davidson iteration 0.2 (tol=0.1212676229464537): -111.8790231583901 -110.1287435204503 -108.7237587560201
 Davidson iteration 0.3 (tol=0.04478373541317549): -111.8831830617088 -110.3443256593071 -108.9411578229116 -108.3019652406575
 Davidson iteration 0.4 (tol=0.01934154551613632): -111.8836926862736 -110.5664256885308 -109.2914096513228 -108.6133968098499
 Davidson iteration 0.5 (tol=0.007868702618388129): -111.8837950196395 -110.8525507471181 -109.6481071629763 -108.7158568561635
 Davidson iteration 0.6 (tol=0.003708561673755133): -111.8838132451854 -111.0598072496184 -109.9034273045294 -108.8004923505658
 Davidson iteration 0.7 (tol=0.001582642465777446): -111.8838171732105 -111.2025161682357 -110.177130181752 -109.2182816649871
 Davidson iteration 1.0 (tol=0.001582642465777132): -111.8838171732101
 Davidson iteration 1.1 (tol=0.0007311337946887294): -111.8838177866886 -109.0272303993137
 Davidson iteration 1.2 (tol=0.000400086551162175): -111.8838179833429 -110.7233737884995 -107.952604360897
 Davidson iteration 1.3 (tol=0.0001918577594785392): -111.8838180309856 -111.1934839149672 -108.2863674182097 -107.1673616816861
 Davidson iteration 1.4 (tol=8.142324316657185e-05): -111.883818040172 -111.3236027265072 -108.2906934652526 -108.1273579479788
 Davidson iteration 1.5 (tol=3.223167110123259e-05): -111.8838180420296 -111.4056588849572 -109.4631984432319 -108.289911254964
 Davidson iteration 1.6 (tol=1.381375687180926e-05): -111.8838180423245 -111.4391284618604 -110.1656640787828 -108.6632953711799
 Davidson iteration 1.7 (tol=4.943641601980353e-06): -111.8838180423796 -111.456610157013 -110.5866086995349 -108.7525724502425
 Elapsed time for davidson 8.254403 (sec) 
 Elapsed time for diagonalization 8.25447 (sec) 
 Elapsed time for mult 0.300513 (sec) 
 Energy = -111.88381804238
 Elapsed time for measurement 0.012419 (sec) 
 Sample-based diagonalization: Energy = -111.88381804238
 Sample-based diagonalization: density = [1.999987575130096,1.990132524488232,1.987226453375238,1.980483708407098,1.97790481684068,1.977085052036552,1.962628948729325,1.984354257775075,1.926513316458336,0.1082507012959243,0.02010517107527923,0.02434907285084364,0.02076227993762295,0.02216189653811747,0.018054225036149
 Sample-based diagonalization: carryover bitstrings = [], size = 0
