 Elapsed time for helper construction 0.964707 (sec) 
 Elapsed time for init 0.015168 (sec) 
 Elapsed time for makeQChamDiagTerms 10.472118 (sec) 
 Davidson iteration 0.0 (tol=0.4945240769856265): -166.6729106903177
 Davidson iteration 0.1 (tol=0.1257896510231648): -166.7883608325166 -164.9089529254215
 Davidson iteration 0.2 (tol=0.03305486330352789): -166.7954784078092 -165.3456725876708 -164.7493093599492
 Davidson iteration 0.3 (tol=0.008027377955791015): -166.7960050334339 -165.512083232293 -164.9623216920041 -164.7127426012794
 Davidson iteration 0.4 (tol=0.002575514503354231): -166.7960367800204 -165.825868461782 -164.9740661549387 -164.74204885322
 Davidson iteration 0.5 (tol=0.0008071499345907849): -166.796040250856 -166.0193367522919 -165.1933092534681 -164.9266092370478
 Davidson iteration 0.6 (tol=0.0002182390588871901): -166.7960405575891 -166.0921871495492 -165.1981750041376 -165.120865207959
 Davidson iteration 0.7 (tol=6.548006899122368e-05): -166.7960405797848 -166.1334278836592 -165.6575995603363 -165.1475375034331
 Davidson iteration 1.0 (tol=6.548006899147614e-05): -166.7960405797837
 Davidson iteration 1.1 (tol=2.064162185596377e-05): -166.7960405815788 -164.975561143799
 Davidson iteration 1.2 (tol=7.077380941993164e-06): -166.7960405818517 -165.8918032627763 -164.7746747609984
 Elapsed time for davidson 29.84902 (sec) 
 Elapsed time for diagonalization 29.849194 (sec) 
 Elapsed time for mult 0.615344 (sec) 
 Energy = -166.7960405818522
 Elapsed time for measurement 0.08390499999999999 (sec) 
 Sample-based diagonalization: Energy = -166.7960405818522
 Sample-based diagonalization: density = [1.999983671812924,1.996077925316446,1.996288016141906,1.99770990381848,1.992874525984711,1.991437175320828,1.997285542588794,1.997387967580286,1.986845640045949,1.989290762694684,1.975919260728348,1.996627819477605,1.989841240812219,1.948932187107704,0.07651777946802783,0.00419675073307317,0.00386512118098725,0.009294409071866273,0.002513266038371748,0.006843647302645592,0.01137821801790291,0.006021116814657716,0.01222891578153843,0.01063913596243195
 Sample-based diagonalization: carryover bitstrings = [], size = 0
