 Elapsed time for helper construction 0.414867 (sec) 
 Elapsed time for init 0.003719 (sec) 
 Elapsed time for makeQChamDiagTerms 0.863845 (sec) 
 Davidson iteration 0.0 (tol=0.6130814342220006): -92.60463830034172
 Davidson iteration 0.1 (tol=0.267229861162304): -92.77205615126425 -90.7212369955343
 Davidson iteration 0.2 (tol=0.1183527252914837): -92.79378805798315 -91.07993001278167 -89.61192889038472
 Davidson iteration 0.3 (tol=0.0456039632253566): -92.79747487136233 -91.2008111666443 -89.92176449241218 -89.26975397353389
 Davidson iteration 0.4 (tol=0.01666691972965011): -92.79801609672985 -91.34665848764386 -90.17430976386429 -89.31334576338766
 Davidson iteration 0.5 (tol=0.006397861202523635): -92.79807877050419 -91.45578503768668 -90.40936023784027 -89.76178635124032
 Davidson iteration 0.6 (tol=0.002452186974708973): -92.79808918099329 -91.54301508874865 -90.65038778759902 -89.76581630665368
 Davidson iteration 0.7 (tol=0.0009198516232720637): -92.7980905767934 -91.61889866019263 -90.84441553899893 -89.9397399217214
 Davidson iteration 1.0 (tol=0.0009198516232722352): -92.79809057679333
 Davidson iteration 1.1 (tol=0.0004073308080810024): -92.79809076730059 -89.70740981875404
 Davidson iteration 1.2 (tol=0.0001705147828145513): -92.79809081778538 -91.02072110100821 -88.16856209726363
 Davidson iteration 1.3 (tol=7.672930145603906e-05): -92.79809082586682 -91.54486742593534 -89.39867870999774 -87.48587084925806
 Davidson iteration 1.4 (tol=2.853830329021792e-05): -92.79809082727968 -91.78987332588179 -89.41640792173851 -88.69930180227894
 Davidson iteration 1.5 (tol=1.089268829324317e-05): -92.79809082749803 -91.9054417193674 -89.92373409044828 -89.39248847672403
 Davidson iteration 1.6 (tol=4.40151450947878e-06): -92.79809082753049 -91.94793947704603 -90.84527223188249 -89.808828494739
 Elapsed time for davidson 17.781587 (sec) 
 Elapsed time for diagonalization 17.781697 (sec) 
 Elapsed time for mult 0.569179 (sec) 
 Energy = -92.79809082752983
 Elapsed time for measurement 0.018675 (sec) 
 Sample-based diagonalization: Energy = -92.79809082752983
 Sample-based diagonalization: density = [1.999965804109815,1.988395952621219,1.984726885248241,1.980698534242676,1.978811768201056,1.96890932423437,1.97431546264026,1.904324017004066,1.983785455906782,0.1020524314485218,0.02382003169617179,0.02662792694091155,0.02434870087732584,0.02101621661987062,0.01964372691405373,0.01855776126189195
 Sample-based diagonalization: carryover bitstrings = [], size = 0
