 Elapsed time for helper construction 0.386986 (sec) 
 Elapsed time for init 0.006678 (sec) 
 Elapsed time for makeQChamDiagTerms 1.269518 (sec) 
 Davidson iteration 0.0 (tol=0.5383979906978744): -135.5228100461202
 Davidson iteration 0.1 (tol=0.2331094134767602): -135.6450458650661 -133.5185479676647
 Davidson iteration 0.2 (tol=0.1043545645523139): -135.6609915007176 -133.9758293858541 -132.5499602064909
 Davidson iteration 0.3 (tol=0.04042140705180899): -135.6642359693104 -134.2253710983063 -132.962805112839 -132.2172103367058
 Davidson iteration 0.4 (tol=0.01614553563464944): -135.6646601271384 -134.4148499224345 -133.2500655330908 -132.5094395396397
 Davidson iteration 0.5 (tol=0.006225705668498407): -135.6647359568442 -134.6310991620049 -133.4687526914442 -132.6596719167127
 Davidson iteration 0.6 (tol=0.002872003910252547): -135.6647452993281 -134.7470950476087 -133.6579243802194 -132.7402675609972
 Davidson iteration 0.7 (tol=0.001055693530747441): -135.6647475204032 -134.8407557304559 -133.939445390739 -133.0309985827369
 Davidson iteration 1.0 (tol=0.001055693530746911): -135.6647475204035
 Davidson iteration 1.1 (tol=0.0005202594726711961): -135.6647478253554 -133.4352487264399
 Davidson iteration 1.2 (tol=0.0002842228745156619): -135.6647479213927 -134.5238021683749 -131.6044266232306
 Davidson iteration 1.3 (tol=0.0001251123351386685): -135.6647479453923 -134.9590333175934 -132.2432073692782 -131.1975092826708
 Davidson iteration 1.4 (tol=4.957303353615785e-05): -135.6647479493351 -135.1109052085519 -132.5506869440687 -132.1437029831623
 Davidson iteration 1.5 (tol=1.958074431142801e-05): -135.6647479500567 -135.1609687340205 -133.2557204524542 -132.2947809125166
 Davidson iteration 1.6 (tol=9.146449320396668e-06): -135.6647479501736 -135.2153812579075 -134.0462939264086 -132.4832650126249
 Elapsed time for davidson 11.41823 (sec) 
 Elapsed time for diagonalization 11.418339 (sec) 
 Elapsed time for mult 0.493212 (sec) 
 Energy = -135.6647479501745
 Elapsed time for measurement 0.022645 (sec) 
 Sample-based diagonalization: Energy = -135.6647479501745
 Sample-based diagonalization: density = [1.999996649764464,1.995140828264033,1.99294170811938,1.990447466514111,1.981454800417467,1.987946369608154,1.98100098292389,1.972294306919659,1.981895490366232,1.944095188373186,0.09599248627243928,0.02450860898763316,0.002639948094671261,0.01271418262573367,0.01902720986610473,0.017903772811902
 Sample-based diagonalization: carryover bitstrings = [], size = 0
