 Elapsed time for helper construction 1.793707 (sec) 
 Elapsed time for init 0.055832 (sec) 
 Elapsed time for makeQChamDiagTerms 15.544832 (sec) 
 Davidson iteration 0.0 (tol=0.6414182207622799): -124.3786598633601
 Davidson iteration 0.1 (tol=0.1769308173941518): -124.5645228008313 -122.2576719466846
 Davidson iteration 0.2 (tol=0.03444432844875675): -124.5750026592896 -122.5866534826009 -121.4982559184649
 Davidson iteration 0.3 (tol=0.008618229524402683): -124.5753777318741 -122.6742595490021 -121.8651690114062 -121.4393314073842
 Davidson iteration 0.4 (tol=0.002372419769705792): -124.5754034933508 -122.8197596806357 -122.1952828958222 -121.6642455091453
 Davidson iteration 0.5 (tol=0.0006691851992463527): -124.5754054084674 -123.0201335657794 -122.446649014911 -121.6779091691822
 Davidson iteration 0.6 (tol=0.0001764031725304034): -124.5754055536319 -123.1598839454 -122.5845402114125 -121.9116363878596
 Davidson iteration 0.7 (tol=4.641909361631204e-05): -124.5754055634156 -123.2221368842644 -122.6687853655075 -122.0461543767432
 Davidson iteration 1.0 (tol=4.641909361527554e-05): -124.5754055634151
 Davidson iteration 1.1 (tol=1.543292312406313e-05): -124.5754055640559 -121.6942598594084
 Davidson iteration 1.2 (tol=4.67553518702336e-06): -124.5754055641459 -122.771993334161 -120.8404844331295
 Elapsed time for davidson 70.498755 (sec) 
 Elapsed time for diagonalization 70.501119 (sec) 
 Elapsed time for mult 3.162388 (sec) 
 Energy = -124.5754055641457
 Elapsed time for measurement 0.673241 (sec) 
 Sample-based diagonalization: Energy = -124.5754055641457
 Sample-based diagonalization: density = [1.99997182073544,1.990248711640549,1.988757894126077,1.985727357262392,1.985515266653053,1.981874092167263,1.980524671842552,1.9821583962178,1.984825954738496,1.976948342060886,1.977548859981417,1.977314617325387,0.008597156049255525,0.01509637021983972,0.01892813841296036,0.02014783580752499,0.01741088425641763,0.01566357086383942,0.01595340199552511,0.0167896979143804,0.01408710606285738,0.01288753680793926,0.0172063260028939,0.01581599045609625
 Sample-based diagonalization: carryover bitstrings = [], size = 0
