 Elapsed time for helper construction 0.256392 (sec) 
 Elapsed time for init 0.001687 (sec) 
 Elapsed time for makeQChamDiagTerms 0.7597229999999999 (sec) 
 Davidson iteration 0.0 (tol=0.4921300808644753): -126.5401293180421
 Davidson iteration 0.1 (tol=0.1679805572394038): -126.6508394761294 -124.4530734039634
 Davidson iteration 0.2 (tol=0.06107409239456842): -126.6597813733953 -124.8629522423477 -123.5806782026365
 Davidson iteration 0.3 (tol=0.02121738217837144): -126.6607911324334 -124.9607448826641 -123.7154648040185 -123.2746144052466
 Davidson iteration 0.4 (tol=0.007491591849367748): -126.6609044613964 -125.0466433476973 -124.0427238641849 -123.379440157752
 Davidson iteration 0.5 (tol=0.002692877510282502): -126.660919096589 -125.1949985747024 -124.4209532053291 -123.5916562395597
 Davidson iteration 0.6 (tol=0.001094714879319611): -126.6609209866375 -125.3821307437758 -124.6829785820968 -123.6218762754437
 Davidson iteration 0.7 (tol=0.0003979045953092399): -126.6609212771097 -125.5455517616101 -124.8272583216771 -123.8289402126877
 Davidson iteration 1.0 (tol=0.0003979045953098971): -126.660921277109
 Davidson iteration 1.1 (tol=0.000184132089438397): -126.6609213130005 -123.2442003388897
 Davidson iteration 1.2 (tol=7.552575773613398e-05): -126.6609213226805 -125.1665748227668 -120.2529585701426
 Davidson iteration 1.3 (tol=3.221189003844053e-05): -126.6609213243279 -125.6681360840562 -122.9457853562005 -119.2659168471686
 Davidson iteration 1.4 (tol=1.169587549756207e-05): -126.6609213245731 -125.8498856074126 -123.3492340747937 -121.8822620260472
 Davidson iteration 1.5 (tol=4.316385446038676e-06): -126.6609213246076 -125.9203879959397 -123.8806753503795 -123.1875418668009
 Elapsed time for davidson 6.108709999999999 (sec) 
 Elapsed time for diagonalization 6.108813 (sec) 
 Elapsed time for mult 0.314857 (sec) 
 Energy = -126.6609213246083
 Elapsed time for measurement 0.010544 (sec) 
 Sample-based diagonalization: Energy = -126.6609213246083
 Sample-based diagonalization: density = [1.999996337177285,1.991900766043028,1.985910180273058,1.979619723377916,1.980830389925951,1.977711969113997,1.988684668620323,1.991618152544123,1.986303734173577,1.988033606425601,0.02636094959827801,0.02044957150206122,0.02023688325917798,0.02040989949381146,0.01725608093191488,0.02467708750727625
 Sample-based diagonalization: carryover bitstrings = [], size = 0
