 Elapsed time for helper construction 0.151023 (sec) 
 Elapsed time for init 0.00116 (sec) 
 Elapsed time for makeQChamDiagTerms 0.325541 (sec) 
 Davidson iteration 0.0 (tol=0.4694697832812127): -112.4856065809963
 Davidson iteration 0.1 (tol=0.153337106566426): -112.5855108432782 -110.3824913837983
 Davidson iteration 0.2 (tol=0.05372391092242247): -112.5930402924821 -110.8098965614428 -109.6112740207046
 Davidson iteration 0.3 (tol=0.01863509100147059): -112.5938447778726 -110.8964406861965 -109.7128978078537 -109.4763934961609
 Davidson iteration 0.4 (tol=0.006376363495527875): -112.5939367383962 -111.0014692160402 -110.0292527649822 -109.4850520234277
 Davidson iteration 0.5 (tol=0.002359770792467876): -112.5939479493294 -111.1873623605546 -110.4049540672691 -109.7053180103243
 Davidson iteration 0.6 (tol=0.000914996216131765): -112.5939495056871 -111.39189626301 -110.6451299026626 -109.7129891347893
 Davidson iteration 0.7 (tol=0.0003347342718669669): -112.5939497114088 -111.535783783774 -110.7724690984588 -109.8867157852029
 Davidson iteration 1.0 (tol=0.0003347342718665396): -112.5939497114095
 Davidson iteration 1.1 (tol=0.0001477016214684612): -112.5939497361523 -109.1137734843201
 Davidson iteration 1.2 (tol=5.462380882448973e-05): -112.5939497421504 -110.9556245177876 -106.5828843289713
 Davidson iteration 1.3 (tol=2.145264835776478e-05): -112.5939497430169 -111.4862001482084 -109.1335055938516 -105.5435580082082
 Davidson iteration 1.4 (tol=7.451360138667426e-06): -112.5939497431326 -111.7023613419908 -109.2802852999246 -108.5305275300651
 Elapsed time for davidson 3.063569 (sec) 
 Elapsed time for diagonalization 3.063589 (sec) 
 Elapsed time for mult 0.116844 (sec) 
 Energy = -112.5939497431321
 Elapsed time for measurement 0.008895999999999999 (sec) 
 Sample-based diagonalization: Energy = -112.5939497431321
 Sample-based diagonalization: density = [1.999996101961031,1.991868199336806,1.986703270427438,1.977492670979234,1.984859299948442,1.973544777064853,1.978222975782657,1.992443508959735,0.01873710970230701,0.01459471621784044,0.01744013957513283,0.02030499496243944,0.02010488354408438,0.02368735151920793
 Sample-based diagonalization: carryover bitstrings = [], size = 0
