 Elapsed time for helper construction 11.112661 (sec) 
 Elapsed time for init 0.307576 (sec) 
 Elapsed time for makeQChamDiagTerms 142.26117 (sec) 
 Davidson iteration 0.0 (tol=0.8330432154208827): -200.3443750772109
 Davidson iteration 0.1 (tol=0.363986570347983): -200.6516744452511 -198.5975250357501
 Davidson iteration 0.2 (tol=0.1406590768642937): -200.6983133031903 -198.9086477344525 -197.9995135417046
 Davidson iteration 0.3 (tol=0.05179556139410203): -200.7054750626538 -199.2444024425706 -198.0286706173042 -197.8524258174209
 Davidson iteration 0.4 (tol=0.02633344759090396): -200.7067130343213 -199.7041013208263 -198.3751090290523 -198.0260398524529
 Davidson iteration 0.5 (tol=0.01210316542495636): -200.7069904558458 -199.9678513372437 -198.6545218290569 -198.026263483113
 Davidson iteration 0.6 (tol=0.005673936626408675): -200.7070464287062 -200.0763551006745 -198.8761038683967 -198.156707484001
 Davidson iteration 0.7 (tol=0.002648397140733606): -200.7070597502988 -200.1455949107884 -199.2785489076696 -198.5204267830183
 Davidson iteration 1.0 (tol=0.002648397140742955): -200.7070597502984
 Davidson iteration 1.1 (tol=0.001317342229819446): -200.7070620231758 -198.345835065252
 Davidson iteration 1.2 (tol=0.0008393083472127326): -200.7070629962774 -199.7655464318801 -197.1480997010079
 Davidson iteration 1.3 (tol=0.0004326789962619596): -200.7070633024432 -200.1558067451051 -197.7237704096246 -196.8415896833947
 Davidson iteration 1.4 (tol=0.000192006871598383): -200.7070633767243 -200.2723725150214 -198.2521570193639 -197.7076358120247
 Davidson iteration 1.5 (tol=0.0001015470977695277): -200.7070633948289 -200.3232733623414 -199.2775426437192 -197.7919130153315
 Davidson iteration 1.6 (tol=4.717406586103857e-05): -200.7070633991922 -200.3531211140403 -199.7117434318798 -197.9583765749098
 Davidson iteration 1.7 (tol=2.348705729132941e-05): -200.7070634002878 -200.375591115649 -199.970447790829 -198.5383940902863
 Davidson iteration 2.0 (tol=2.348705726581634e-05): -200.7070634002884
 Davidson iteration 2.1 (tol=1.308951902071188e-05): -200.7070634005082 -198.7976204714612
 Davidson iteration 2.2 (tol=9.104477063821718e-06): -200.7070634006467 -200.1143016700962 -197.7990564378137
 Elapsed time for davidson 1712.743965 (sec) 
 Elapsed time for diagonalization 1712.744184 (sec) 
 Elapsed time for mult 67.869989 (sec) 
 Energy = -200.7070634006419
 Elapsed time for measurement 233.021441 (sec) 
 Sample-based diagonalization: Energy = -200.7070634006419
 Sample-based diagonalization: density = [1.999972319627485,1.993467489612291,1.990909631314313,1.989576227440232,1.986667335664967,1.986430897825487,1.988647743706589,1.983315998432155,1.983124817363697,1.980930632471802,1.974444821340665,1.982294508758268,1.984635293072742,1.950735369893753,1.940797343274136,1.913019422873988,1.906560072265591,0.1072115938754364,0.09700486592117487,0.06076941672080861,0.04751243494473695,0.01948736367810389,0.01271028978881716,0.0184389475366077,0.01313992434787054,0.01627200063422437,0.01400747885837873,0.01132938112679427,0.01246421184183775,0.01242425051032153,0.0108494026450423,0.01084851174437889
 Sample-based diagonalization: carryover bitstrings = [], size = 0
 Elapse time for dumping one-particle rdm = 0.001536
 Elapse time for dumping two-particle rdm = 0.99098
 Zero-Body energy = 0
 One-Body energy = -358.3615776638854
 Two-Body energy = 157.6545142689662
 One-Body + Two-Body energy = -200.7070633949191
 Zero-Body + One-Body + Two-Body energy = -200.7070633949191
