 Elapsed time for helper construction 1.473858 (sec) 
 Elapsed time for init 0.021474 (sec) 
 Elapsed time for makeQChamDiagTerms 13.229894 (sec) 
 Davidson iteration 0.0 (tol=0.6648812285702378): -165.735188566932
 Davidson iteration 0.1 (tol=0.259018398319653): -165.9189461694075 -163.6916634794669
 Davidson iteration 0.2 (tol=0.09994386902302625): -165.9401474741189 -164.090492517421 -163.08681156892
 Davidson iteration 0.3 (tol=0.03419385723956862): -165.9433357884209 -164.3565418425281 -163.1071742111282 -162.8396664765264
 Davidson iteration 0.4 (tol=0.01486386725900854): -165.9437238982232 -164.7074722351852 -163.3725368680517 -163.0835975234318
 Davidson iteration 0.5 (tol=0.005944851246918318): -165.9438148106513 -165.1351238338241 -163.7744184843623 -163.1980615689152
 Davidson iteration 0.6 (tol=0.002577566849396368): -165.9438273682139 -165.2791367683575 -164.005078744397 -163.2737402327198
 Davidson iteration 0.7 (tol=0.001078157744665969): -165.9438295563208 -165.3317251643118 -164.2521011773122 -163.564684669754
 Davidson iteration 1.0 (tol=0.001078157744670543): -165.9438295563195
 Davidson iteration 1.1 (tol=0.0005331120525123399): -165.9438298907107 -163.2779065280836
 Davidson iteration 1.2 (tol=0.0002681926823874237): -165.9438300062852 -164.7882597253578 -161.2425351673525
 Davidson iteration 1.3 (tol=0.0001164730110660609): -165.9438300325828 -165.2058081289813 -162.8238388865775 -160.8562485563305
 Davidson iteration 1.4 (tol=5.776479282448229e-05): -165.9438300376273 -165.3967513134581 -163.6288550015952 -162.571245220677
 Davidson iteration 1.5 (tol=3.080616169143553e-05): -165.9438300391647 -165.5477258188112 -164.61132422836 -162.7717720404327
 Davidson iteration 1.6 (tol=1.508719236161314e-05): -165.9438300395543 -165.6247917726911 -164.9411629774519 -163.3566211126071
 Davidson iteration 1.7 (tol=7.044020246107587e-06): -165.943830039648 -165.6627852586393 -165.1012765641233 -163.8313473458664
 Elapsed time for davidson 72.07210599999999 (sec) 
 Elapsed time for diagonalization 72.072429 (sec) 
 Elapsed time for mult 2.038071 (sec) 
 Energy = -165.9438300396496
 Elapsed time for measurement 0.125824 (sec) 
 Sample-based diagonalization: Energy = -165.9438300396496
 Sample-based diagonalization: density = [1.999988507002161,1.993003869847509,1.991122501213724,1.989448948460948,1.991276836696477,1.9827575764444,1.980174547138436,1.980955333942269,1.986562481191761,1.966453719768918,1.99597053227757,1.98333317893159,1.990960763335544,1.937537031724934,0.1000393070012494,0.02008021346290109,0.0186867894854181,0.01220654630594814,0.01659731482441166,0.01516609161372272,0.01360106079117716,0.01931879542841595,0.01475805260736646
 Sample-based diagonalization: carryover bitstrings = [], size = 0
