 Elapsed time for helper construction 0.943363 (sec) 
 Elapsed time for init 0.014805 (sec) 
 Elapsed time for makeQChamDiagTerms 7.206835 (sec) 
 Davidson iteration 0.0 (tol=0.544558680196089): -149.3792879558921
 Davidson iteration 0.1 (tol=0.2127085776756004): -149.5075852937703 -147.510945225593
 Davidson iteration 0.2 (tol=0.08300654231748712): -149.5227587469512 -147.946145341949 -147.0142032791203
 Davidson iteration 0.3 (tol=0.02576838522722314): -149.5252164714049 -148.0804062647476 -147.1331183954885 -146.9998825772371
 Davidson iteration 0.4 (tol=0.01032531223328106): -149.5254328113867 -148.3106699337183 -147.3447294478711 -147.0056589146882
 Davidson iteration 0.5 (tol=0.003722063004044111): -149.5254724038186 -148.6329519891946 -147.4815339190171 -147.2721701486342
 Davidson iteration 0.6 (tol=0.001400552604944587): -149.5254774208657 -148.7532618370304 -147.6255623893481 -147.3161391757839
 Davidson iteration 0.7 (tol=0.0004983066701578547): -149.5254781055393 -148.8172698321279 -147.9684849227575 -147.4232568631988
 Davidson iteration 1.0 (tol=0.0004983066701609714): -149.5254781055386
 Davidson iteration 1.1 (tol=0.0001971119783344403): -149.5254781871244 -147.6518228982235
 Davidson iteration 1.2 (tol=8.74817326600486e-05): -149.5254782052625 -148.4786032952401 -147.1678088873765
 Davidson iteration 1.3 (tol=3.361347493941766e-05): -149.5254782081674 -148.7814511743695 -147.2094738933143 -146.9917657636718
 Davidson iteration 1.4 (tol=1.564615815755329e-05): -149.5254782086166 -148.9867650203555 -147.4172533786902 -147.1945296816112
 Davidson iteration 1.5 (tol=6.757675913397026e-06): -149.5254782087189 -149.1035859376409 -148.0018329666071 -147.242213794255
 Elapsed time for davidson 38.660705 (sec) 
 Elapsed time for diagonalization 38.66085 (sec) 
 Elapsed time for mult 0.991489 (sec) 
 Energy = -149.5254782087193
 Elapsed time for measurement 0.074749 (sec) 
 Sample-based diagonalization: Energy = -149.5254782087193
 Sample-based diagonalization: density = [1.999997264786218,1.997433573995147,1.992725884875477,1.992652417550647,1.990044064616306,1.988009165321422,1.995947973440976,1.970617296866507,1.973916849204677,1.986729248551327,1.93520086718188,0.09886316951022009,0.006685537310193819,0.009073335797949928,0.007967828062777953,0.005771951571900519,0.007096358578220546,0.003800058304731426,0.02002983617817047,0.01743731803756832
 Sample-based diagonalization: carryover bitstrings = [], size = 0
