 Elapsed time for helper construction 0.563797 (sec) 
 Elapsed time for init 0.005767 (sec) 
 Elapsed time for makeQChamDiagTerms 2.965385 (sec) 
 Davidson iteration 0.0 (tol=0.5440866711413588): -152.1339298214968
 Davidson iteration 0.1 (tol=0.2152722912704141): -152.2571361021954 -150.1589184038382
 Davidson iteration 0.2 (tol=0.08404031741801332): -152.2714479313505 -150.5811075201551 -149.481652736794
 Davidson iteration 0.3 (tol=0.02851988771013186): -152.2737746344977 -150.7646670859694 -149.722129676817 -149.4310203194292
 Davidson iteration 0.4 (tol=0.01154863680782714): -152.2740207089889 -151.001484600587 -149.9738432439574 -149.4662202268247
 Davidson iteration 0.5 (tol=0.004305759200832203): -152.2740683385531 -151.3241704828003 -150.1228709439126 -149.7415778531561
 Davidson iteration 0.6 (tol=0.001734892068084174): -152.2740738562883 -151.4524664308799 -150.3166017229842 -149.7452342474427
 Davidson iteration 0.7 (tol=0.0006438396949630637): -152.2740747768881 -151.5285192783754 -150.6878785921997 -149.9574342523366
 Davidson iteration 1.0 (tol=0.0006438396949625045): -152.274074776889
 Davidson iteration 1.1 (tol=0.0003008037838107042): -152.2740748938204 -150.1263702235314
 Davidson iteration 1.2 (tol=0.000140818763619905): -152.274074928987 -151.1708336270111 -148.6504393534751
 Davidson iteration 1.3 (tol=5.459897365004796e-05): -152.2740749355537 -151.5699376744552 -149.3924894517215 -148.1610301770531
 Davidson iteration 1.4 (tol=2.263180811139725e-05): -152.2740749364202 -151.6939830367851 -149.7851146826149 -149.2738590104464
 Davidson iteration 1.5 (tol=8.454493438864798e-06): -152.2740749365809 -151.733573932407 -150.2960928296946 -149.5892508296053
 Elapsed time for davidson 20.297394 (sec) 
 Elapsed time for diagonalization 20.297684 (sec) 
 Elapsed time for mult 0.579226 (sec) 
 Energy = -152.2740749365808
 Elapsed time for measurement 0.043861 (sec) 
 Sample-based diagonalization: Energy = -152.2740749365808
 Sample-based diagonalization: density = [1.999998151057928,1.997455716772118,1.992735002420229,1.995647831377696,1.990046568510365,1.987568208537669,1.988770530632566,1.980350497727217,1.98008876961046,1.985184138753501,1.938704079015223,0.09236885825477695,0.009438415173065064,0.0158517138158363,0.01356776364413421,0.01572896127970811,0.01649479321705151
 Sample-based diagonalization: carryover bitstrings = [], size = 0
