 Elapsed time for helper construction 1.338037 (sec) 
 Elapsed time for init 0.00907 (sec) 
 Elapsed time for makeQChamDiagTerms 6.597674 (sec) 
 Davidson iteration 0.0 (tol=0.6474036472846043): -143.9397929844456
 Davidson iteration 0.1 (tol=0.2107720754583294): -144.1217167522157 -141.9408775263655
 Davidson iteration 0.2 (tol=0.07353322395670053): -144.1366357214606 -142.2523184112393 -141.472017414878
 Davidson iteration 0.3 (tol=0.01950837036239122): -144.138455538302 -142.4306124831477 -141.5266494311232 -141.2706004576803
 Davidson iteration 0.4 (tol=0.007093141008208181): -144.1385924818096 -142.706494765377 -141.732460914052 -141.4734767567432
 Davidson iteration 0.5 (tol=0.002680894697666031): -144.1386127646692 -143.1173645074836 -142.0063176771762 -141.527271192698
 Davidson iteration 0.6 (tol=0.001016244039889846): -144.1386155298387 -143.3142166124912 -142.190776719744 -141.5294988022433
 Davidson iteration 0.7 (tol=0.0003747938514628815): -144.138615971247 -143.4593886185723 -142.632660233242 -141.9056229769893
 Davidson iteration 1.0 (tol=0.0003747938514544577): -144.1386159712477
 Davidson iteration 1.1 (tol=0.0001417590488742564): -144.138616022925 -142.1097928969247
 Davidson iteration 1.2 (tol=7.110557216886008e-05): -144.1386160350705 -143.3261908099731 -141.7143378487822
 Davidson iteration 1.3 (tol=2.695022896620285e-05): -144.1386160370583 -143.5523470040994 -141.8313530533857 -141.2637670122427
 Davidson iteration 1.4 (tol=1.023127911310898e-05): -144.1386160373349 -143.6521247579859 -141.8702783850586 -141.7292728646842
 Davidson iteration 1.5 (tol=3.795531844336258e-06): -144.1386160373779 -143.7069922762155 -142.5849348172597 -141.8041269360094
 Elapsed time for davidson 30.54281 (sec) 
 Elapsed time for diagonalization 30.543 (sec) 
 Elapsed time for mult 0.754981 (sec) 
 Energy = -144.1386160373777
 Elapsed time for measurement 0.067344 (sec) 
 Sample-based diagonalization: Energy = -144.1386160373777
 Sample-based diagonalization: density = [1.999988698203329,1.993200191833446,1.991281627327598,1.989305301865283,1.984413206215063,1.981589655291828,1.983966336409593,1.984565364026315,1.980525772193775,1.963397054897307,1.983955162772847,1.958309613879894,0.07494711286744724,0.01778590953617229,0.02172360309020868,0.01915066458101967,0.01539985059139904,0.01031078029077402,0.01604118851918783,0.01780396129548793,0.01233894403652878
 Sample-based diagonalization: carryover bitstrings = [], size = 0
