 Elapsed time for helper construction 1.133836 (sec) 
 Elapsed time for init 0.015837 (sec) 
 Elapsed time for makeQChamDiagTerms 8.415319 (sec) 
 Davidson iteration 0.0 (tol=0.5916798212822808): -133.8749567608263
 Davidson iteration 0.1 (tol=0.1587527664151235): -134.0322813139503 -131.7687259631855
 Davidson iteration 0.2 (tol=0.04063343290487679): -134.0406867298366 -132.1150792057422 -131.1638829735235
 Davidson iteration 0.3 (tol=0.01121158497788693): -134.0412065759299 -132.1820366097923 -131.3385564960285 -131.1558562552716
 Davidson iteration 0.4 (tol=0.003543289404542621): -134.0412491684355 -132.3728995204545 -131.6698562929172 -131.2624652955906
 Davidson iteration 0.5 (tol=0.001169388069917437): -134.0412534771475 -132.7285594293042 -131.9578128700497 -131.3596116754381
 Davidson iteration 0.6 (tol=0.0003657195674063525): -134.0412539217102 -132.9321242751112 -132.0601335719312 -131.424007768468
 Davidson iteration 0.7 (tol=0.000114499901402937): -134.0412539642438 -133.0586164394855 -132.1675651999282 -131.578158919639
 Davidson iteration 1.0 (tol=0.0001144999014027419): -134.0412539642452
 Davidson iteration 1.1 (tol=4.495337751856712e-05): -134.04125396821 -131.5688949042914
 Davidson iteration 1.2 (tol=1.611609696904744e-05): -134.0412539689962 -132.7571761479711 -130.0086812927298
 Davidson iteration 1.3 (tol=5.198853813854666e-06): -134.0412539690815 -133.064009539308 -130.9661820643116 -129.691646737259
 Elapsed time for davidson 36.153344 (sec) 
 Elapsed time for diagonalization 36.155532 (sec) 
 Elapsed time for mult 1.110134 (sec) 
 Energy = -134.0412539690807
 Elapsed time for measurement 0.08717699999999999 (sec) 
 Sample-based diagonalization: Energy = -134.0412539690807
 Sample-based diagonalization: density = [1.999970499538039,1.993374058404967,1.99035283214447,1.985989097908364,1.98120364689118,1.983208196980115,1.983705823460534,1.976870119134626,1.982030148144416,1.979632678618974,1.991266936840815,1.990530632952112,0.004484853393538402,0.02479480876254168,0.01946961317690505,0.02317708400472728,0.01926224447424697,0.0156434373485409,0.02184807213106692,0.01711073365810436,0.01607448167767682
 Sample-based diagonalization: carryover bitstrings = [], size = 0
