 Elapsed time for helper construction 1.324444 (sec) 
 Elapsed time for init 0.046832 (sec) 
 Elapsed time for makeQChamDiagTerms 17.022916 (sec) 
 Davidson iteration 0.0 (tol=0.6971774191297595): -172.5847197842367
 Davidson iteration 0.1 (tol=0.1755768025691721): -172.8167301655049 -171.016260356871
 Davidson iteration 0.2 (tol=0.0446792103161592): -172.8302291400978 -171.0664022546481 -170.9699979125608
 Davidson iteration 0.3 (tol=0.01289623251154034): -172.8311006627375 -171.2909273656566 -170.971001741795 -170.6600369403316
 Davidson iteration 0.4 (tol=0.004855988914352344): -172.8311814191814 -171.650899411497 -170.9724192509805 -170.6615624603739
 Davidson iteration 0.5 (tol=0.001658574414319597): -172.8311927135999 -171.9367673789012 -170.9737495361123 -170.7076083955225
 Davidson iteration 0.6 (tol=0.0004660032919043529): -172.8311939675972 -172.098612185423 -170.9743814215661 -170.9124726185256
 Davidson iteration 0.7 (tol=0.0001475938914167018): -172.8311940733136 -172.1699571489871 -171.363591419348 -170.9712986945272
 Davidson iteration 1.0 (tol=0.0001475938914118661): -172.831194073316
 Davidson iteration 1.1 (tol=6.174408562135514e-05): -172.8311940844233 -171.4607951543669
 Davidson iteration 1.2 (tol=3.098869391664125e-05): -172.8311940876373 -172.2385448832847 -170.7417317441898
 Davidson iteration 1.3 (tol=1.140292327600033e-05): -172.8311940880959 -172.3938202110793 -170.7507531214916 -170.6414006433913
 Davidson iteration 1.4 (tol=4.390156754446375e-06): -172.831194088166 -172.4596685177774 -171.206646606301 -170.7360362261848
 Elapsed time for davidson 63.245616 (sec) 
 Elapsed time for diagonalization 63.245756 (sec) 
 Elapsed time for mult 1.404689 (sec) 
 Energy = -172.8311940881639
 Elapsed time for measurement 0.144709 (sec) 
 Sample-based diagonalization: Energy = -172.8311940881639
 Sample-based diagonalization: density = [1.999975381399755,1.997695796570233,1.991929984933286,1.99029544844846,1.988168648099407,1.99045590609808,1.989986649849156,1.986305254121403,1.988024973364455,1.981730259173535,1.985959816613104,1.986875768232123,1.970001888786886,1.929911616079722,1.938225236111332,0.07396498906215906,0.06895429922749677,0.03714890911925763,0.01424446452140423,0.009121758733843778,0.01356809849700483,0.01500828763137207,0.01198407782814556,0.009663498193530538,0.01041507622205773,0.01027249515505321,0.01011141752315369
 Sample-based diagonalization: carryover bitstrings = [], size = 0
