 Elapsed time for helper construction 1.518448 (sec) 
 Elapsed time for init 0.017063 (sec) 
 Elapsed time for makeQChamDiagTerms 14.440351 (sec) 
 Davidson iteration 0.0 (tol=0.6353062093842873): -124.7598065779916
 Davidson iteration 0.1 (tol=0.1394178682231739): -124.9475602211889 -122.6971188319698
 Davidson iteration 0.2 (tol=0.02441631923403335): -124.9545402131971 -122.951268082829 -122.1677667732319
 Davidson iteration 0.3 (tol=0.00606331780498346): -124.954757968017 -123.0696730427155 -122.5522911517522 -122.1116620789877
 Davidson iteration 0.4 (tol=0.001661600705046341): -124.9547725598684 -123.2879029538331 -122.7494563931752 -122.327786681892
 Davidson iteration 0.5 (tol=0.000416333914845645): -124.9547735176084 -123.4801899097656 -122.870848868336 -122.3277891472623
 Davidson iteration 0.6 (tol=9.716321837847594e-05): -124.9547735738745 -123.5559262542758 -122.9529464370945 -122.4823791227043
 Davidson iteration 0.7 (tol=2.433317627651321e-05): -124.9547735769733 -123.5816484355426 -123.0217419408077 -122.5549929274568
 Davidson iteration 1.0 (tol=2.433317627636749e-05): -124.9547735769728
 Davidson iteration 1.1 (tol=8.053841991026339e-06): -124.9547735771616 -122.1860844714477
 Elapsed time for davidson 48.416461 (sec) 
 Elapsed time for diagonalization 48.416593 (sec) 
 Elapsed time for mult 1.489884 (sec) 
 Energy = -124.9547735771617
 Elapsed time for measurement 0.129756 (sec) 
 Sample-based diagonalization: Energy = -124.9547735771617
 Sample-based diagonalization: density = [1.999977143707753,1.990246618561529,1.988670954577795,1.985834324790069,1.98681089482954,1.983060149377233,1.980506601458115,1.97961588876267,1.984880492704983,1.979989601779814,1.978272549833411,1.977819582915528,0.007360677823829823,0.02024847745753532,0.01872193713093096,0.01205586997017046,0.01783698755985361,0.01730192193087797,0.01429669880083265,0.01682051296411237,0.0148878023894571,0.01455788231268679,0.01495202316040955,0.01527440488229381
 Sample-based diagonalization: carryover bitstrings = [], size = 0
