 Elapsed time for helper construction 0.579297 (sec) 
 Elapsed time for init 0.012373 (sec) 
 Elapsed time for makeQChamDiagTerms 1.083427 (sec) 
 Davidson iteration 0.0 (tol=0.6149838477701169): -92.07160153296016
 Davidson iteration 0.1 (tol=0.2748011372929632): -92.24160261506812 -90.22739672265422
 Davidson iteration 0.2 (tol=0.1267169638578657): -92.26461323222757 -90.5729279554202 -89.14370726534875
 Davidson iteration 0.3 (tol=0.04985740496321071): -92.26887201866123 -90.69151968647216 -89.44210663431352 -88.76705864168628
 Davidson iteration 0.4 (tol=0.01898429883088966): -92.26950570482471 -90.83417364702559 -89.67611950729474 -88.86723127096579
 Davidson iteration 0.5 (tol=0.007292377956102142): -92.2695873504251 -90.95583631810445 -89.89761350910236 -89.33188735967236
 Davidson iteration 0.6 (tol=0.002933001412929047): -92.26960106846529 -91.0518677552716 -90.1288382990416 -89.33621960554156
 Davidson iteration 0.7 (tol=0.001131133454580419): -92.2696030038684 -91.13090075501509 -90.30669356083752 -89.46503946251715
 Davidson iteration 1.0 (tol=0.001131133454574387): -92.26960300386675
 Davidson iteration 1.1 (tol=0.0005139889189929672): -92.26960328819314 -89.2145987222932
 Davidson iteration 1.2 (tol=0.0002187973526877945): -92.26960336671235 -90.50166352082761 -87.55241582805525
 Davidson iteration 1.3 (tol=9.901200757250936e-05): -92.26960338026463 -91.02944092832406 -88.906546657405 -86.89002444815445
 Davidson iteration 1.4 (tol=3.834966253222807e-05): -92.26960338260481 -91.28383752113875 -88.97605294647204 -88.14583793753867
 Davidson iteration 1.5 (tol=1.425293106554342e-05): -92.26960338298295 -91.39823225990418 -89.39097859337006 -88.80203871081933
 Davidson iteration 1.6 (tol=5.841488429521883e-06): -92.26960338303752 -91.42801065938767 -90.22790561377165 -89.38091287186258
 Elapsed time for davidson 23.61909 (sec) 
 Elapsed time for diagonalization 23.619226 (sec) 
 Elapsed time for mult 0.7939919999999999 (sec) 
 Energy = -92.26960338303785
 Elapsed time for measurement 0.108198 (sec) 
 Sample-based diagonalization: Energy = -92.26960338303785
 Sample-based diagonalization: density = [1.999966029908876,1.987287801871515,1.984641726923409,1.978976661627875,1.978658082947095,1.970263817770441,1.975284144530329,1.895589568156103,1.982450682229497,0.1101169135915663,0.02502377159041522,0.02696616557558849,0.02372072205042117,0.0205503118492284,0.02070982855222118,0.01979377077331216
 Sample-based diagonalization: carryover bitstrings = [], size = 0
