 Elapsed time for helper construction 1.385839 (sec) 
 Elapsed time for init 0.044808 (sec) 
 Elapsed time for makeQChamDiagTerms 13.469578 (sec) 
 Davidson iteration 0.0 (tol=0.668740829585705): -162.8525592974451
 Davidson iteration 0.1 (tol=0.2458825431207939): -163.0410630996465 -160.8404501511275
 Davidson iteration 0.2 (tol=0.09103063431258065): -163.0602292375523 -161.1491038466385 -160.2564353523648
 Davidson iteration 0.3 (tol=0.02788676103606622): -163.062979224181 -161.3383642864592 -160.4472795612268 -160.1747756663432
 Davidson iteration 0.4 (tol=0.01082946950978405): -163.0632641650513 -161.6790269920244 -160.5834344839114 -160.3024365545362
 Davidson iteration 0.5 (tol=0.004180201962516356): -163.063314554573 -162.1104888759057 -160.8541845577319 -160.4239698484499
 Davidson iteration 0.6 (tol=0.001552924912542093): -163.0633210679646 -162.2748744317934 -161.0104843603299 -160.4387440928052
 Davidson iteration 0.7 (tol=0.0006119354141451778): -163.0633219382959 -162.3498198977479 -161.3386587253642 -160.6816289424355
 Davidson iteration 1.0 (tol=0.0006119354141416055): -163.0633219382946
 Davidson iteration 1.1 (tol=0.0002849287073467716): -163.0633220619844 -160.8349417738664
 Davidson iteration 1.2 (tol=0.0001318064717026776): -163.0633220996482 -161.9811779073591 -159.4923551994851
 Davidson iteration 1.3 (tol=5.007435143434913e-05): -163.0633221060255 -162.299049445972 -160.4085693445311 -159.1698583344509
 Davidson iteration 1.4 (tol=1.852057888160248e-05): -163.0633221069117 -162.4216262244821 -160.4919168340779 -160.4008388028044
 Davidson iteration 1.5 (tol=6.995204019642603e-06): -163.0633221070499 -162.4995577201033 -161.4003012005271 -160.4008420537724
 Elapsed time for davidson 57.595565 (sec) 
 Elapsed time for diagonalization 57.595817 (sec) 
 Elapsed time for mult 1.711006 (sec) 
 Energy = -163.0633221070495
 Elapsed time for measurement 0.142733 (sec) 
 Sample-based diagonalization: Energy = -163.0633221070495
 Sample-based diagonalization: density = [1.999975248294387,1.993786114705202,1.993875107745747,1.993625373161996,1.988658144578975,1.985254258998791,1.986642769087057,1.984340422803175,1.978518025846003,1.982515952785752,1.973388843886953,1.993705760586441,1.985341931092365,1.938272593312379,0.09125803634086235,0.01804582906043298,0.01844173225031952,0.01628114423817468,0.008412644841229968,0.01446702396585655,0.006818900366446536,0.01395165998533577,0.01648287758412328,0.01793960402148743
 Sample-based diagonalization: carryover bitstrings = [], size = 0
