 Elapsed time for helper construction 0.39461 (sec) 
 Elapsed time for init 0.007129 (sec) 
 Elapsed time for makeQChamDiagTerms 0.9091079999999999 (sec) 
 Davidson iteration 0.0 (tol=0.6143222859059608): -92.11000368715126
 Davidson iteration 0.1 (tol=0.2745015172835646): -92.27940684673547 -90.25791473928413
 Davidson iteration 0.2 (tol=0.1264204222754573): -92.30226887407905 -90.60664672299829 -89.16561193162927
 Davidson iteration 0.3 (tol=0.04939520839189427): -92.30649423107187 -90.72483161923252 -89.46709988619553 -88.78519485090776
 Davidson iteration 0.4 (tol=0.0187922048672209): -92.30711370786224 -90.86467542172367 -89.70827180457182 -88.88650339546388
 Davidson iteration 0.5 (tol=0.007141662894869633): -92.30719365821925 -90.98387206049786 -89.92870859561276 -89.34804317539434
 Davidson iteration 0.6 (tol=0.002885080310054818): -92.30720675330718 -91.07647852700893 -90.15835645452269 -89.35140949591194
 Davidson iteration 0.7 (tol=0.001101685957763368): -92.30720863070079 -91.15356947029647 -90.34066474273638 -89.48532842251821
 Davidson iteration 1.0 (tol=0.00110168595776342): -92.30720863069971
 Davidson iteration 1.1 (tol=0.0005034306295932974): -92.30720890381293 -89.28334721342773
 Davidson iteration 1.2 (tol=0.0002147204140408131): -92.30720897920202 -90.53763167226758 -87.64496849441767
 Davidson iteration 1.3 (tol=9.734941441336204e-05): -92.30720899243198 -91.06674339722514 -89.0379470366661 -86.94939384976013
 Davidson iteration 1.4 (tol=3.796583187618429e-05): -92.3072089947141 -91.31794878176139 -89.08500345058872 -88.21479514121195
 Davidson iteration 1.5 (tol=1.421841031467879e-05): -92.30720899509093 -91.43477323666744 -89.44110942879836 -88.97412604450871
 Davidson iteration 1.6 (tol=5.909243810998983e-06): -92.30720899514576 -91.46949284679845 -90.34778679044227 -89.42392857525911
 Elapsed time for davidson 18.780512 (sec) 
 Elapsed time for diagonalization 18.780608 (sec) 
 Elapsed time for mult 0.567211 (sec) 
 Energy = -92.30720899514571
 Elapsed time for measurement 0.021304 (sec) 
 Sample-based diagonalization: Energy = -92.30720899514571
 Sample-based diagonalization: density = [1.99996663146382,1.987382490238205,1.984626455315099,1.979081487609119,1.978686888216185,1.970307145528668,1.975415145110527,1.897422332104822,1.982245263964659,0.108282186979966,0.0250264077631786,0.02687498016242704,0.02369636773110276,0.02064870464846795,0.0207626804284713,0.01957483268882206
 Sample-based diagonalization: carryover bitstrings = [], size = 0
