 Elapsed time for helper construction 1.018372 (sec) 
 Elapsed time for init 0.034893 (sec) 
 Elapsed time for makeQChamDiagTerms 9.72954 (sec) 
 Davidson iteration 0.0 (tol=0.5783498928036506): -129.8896991759795
 Davidson iteration 0.1 (tol=0.1199573835608587): -130.0457931274751 -127.8470573952295
 Davidson iteration 0.2 (tol=0.03686378211815403): -130.0517811011264 -128.5905096297129 -127.7579611973454
 Davidson iteration 0.3 (tol=0.009040732548843081): -130.0523705709793 -128.6649167997344 -128.0108667962021 -127.6950921837328
 Davidson iteration 0.4 (tol=0.002859060098213111): -130.0524199021355 -129.3263566846875 -128.0726700308054 -127.8607089662879
 Davidson iteration 0.5 (tol=0.0007742090365158929): -130.0524237014326 -129.4570894148738 -128.1179379506666 -128.0586043128199
 Davidson iteration 0.6 (tol=0.0002009049868217153): -130.0524239675602 -129.5229867621781 -128.2789095380336 -128.1158717516383
 Davidson iteration 0.7 (tol=4.834827684873632e-05): -130.0524239839665 -129.544751657532 -128.4713408173553 -128.1476567647732
 Davidson iteration 1.0 (tol=4.834827684659189e-05): -130.0524239839679
 Davidson iteration 1.1 (tol=1.381011591248702e-05): -130.0524239847996 -127.6483662603308
 Davidson iteration 1.2 (tol=3.70078280455906e-06): -130.0524239848846 -128.435074079791 -127.0606750604435
 Elapsed time for davidson 37.83901 (sec) 
 Elapsed time for diagonalization 37.844756 (sec) 
 Elapsed time for mult 1.022686 (sec) 
 Energy = -130.0524239848823
 Elapsed time for measurement 0.085191 (sec) 
 Sample-based diagonalization: Energy = -130.0524239848823
 Sample-based diagonalization: density = [1.999987722384934,1.99522333543345,1.992388230499877,1.988334532251725,1.986448362336589,1.984189179349078,1.981647094015949,1.985781198366962,1.982264249584302,1.982049042688628,1.985573001635121,1.976932113541972,0.01883925399608043,0.01763404063529627,0.0105459610392365,0.01113913251487046,0.01130587529025281,0.01398378303342367,0.01169939321705647,0.01347112415752353,0.01379863016928018,0.01527562092559396,0.01165742909757344,0.009831693550247177
 Sample-based diagonalization: carryover bitstrings = [], size = 0
