 Elapsed time for helper construction 1.156218 (sec) 
 Elapsed time for init 0.043184 (sec) 
 Elapsed time for makeQChamDiagTerms 12.371051 (sec) 
 Davidson iteration 0.0 (tol=0.6523340282674233): -154.6888596988444
 Davidson iteration 0.1 (tol=0.1940664784038246): -154.8769767769497 -152.7287585441826
 Davidson iteration 0.2 (tol=0.06131243401417393): -154.8906114296355 -153.0103570926067 -152.3764254226152
 Davidson iteration 0.3 (tol=0.01516937926844461): -154.8919899303719 -153.1900668636225 -152.4208983619434 -152.2352039942757
 Davidson iteration 0.4 (tol=0.004956728482890417): -154.8920830210755 -153.5343882629398 -152.5026252334831 -152.3664386060994
 Davidson iteration 0.5 (tol=0.001621523550701877): -154.8920929690209 -153.8859932812784 -152.7259428445476 -152.3798407869418
 Davidson iteration 0.6 (tol=0.000564936503092273): -154.8920940041447 -154.0306078456564 -152.9443438895951 -152.4636907271066
 Davidson iteration 0.7 (tol=0.0002119329875869186): -154.8920941471739 -154.1247200900975 -153.3656960348549 -152.7036717527718
 Davidson iteration 1.0 (tol=0.0002119329875832179): -154.892094147174
 Davidson iteration 1.1 (tol=8.784928415570929e-05): -154.8920941652064 -153.1679512586332
 Davidson iteration 1.2 (tol=4.345728142344642e-05): -154.8920941700599 -154.0743594932344 -152.6149032936692
 Davidson iteration 1.3 (tol=1.627738174747844e-05): -154.8920941708594 -154.3371382344239 -152.6477595552387 -152.2265772931196
 Davidson iteration 1.4 (tol=5.927854069709606e-06): -154.8920941709704 -154.4293076078992 -152.9271986320262 -152.5398337149544
 Elapsed time for davidson 50.84713199999999 (sec) 
 Elapsed time for diagonalization 50.847623 (sec) 
 Elapsed time for mult 1.17359 (sec) 
 Energy = -154.8920941709682
 Elapsed time for measurement 0.102476 (sec) 
 Sample-based diagonalization: Energy = -154.8920941709682
 Sample-based diagonalization: density = [1.999989953105635,1.992166752310001,1.990894106596851,1.989032014988328,1.986899903051706,1.980508460943818,1.984249339514794,1.987651395574359,1.985358065634053,1.973315108514389,1.982699004471745,1.988785025075432,1.95054704580807,0.07861534418741056,0.01083407677545165,0.01130463285841331,0.01231596150754177,0.01379446856804521,0.01474666159373021,0.01084275673695245,0.0126043699066504,0.01611141512989327,0.01424265777381214,0.01249147902265444
 Sample-based diagonalization: carryover bitstrings = [], size = 0
