 Elapsed time for helper construction 1.24505 (sec) 
 Elapsed time for init 0.02231 (sec) 
 Elapsed time for makeQChamDiagTerms 16.775424 (sec) 
 Davidson iteration 0.0 (tol=0.6417187583449022): -176.8903054796097
 Davidson iteration 0.1 (tol=0.1744202916320783): -177.0724955198537 -175.0367736357772
 Davidson iteration 0.2 (tol=0.05128503397326598): -177.0849811565 -175.3962552978984 -174.9727019844156
 Davidson iteration 0.3 (tol=0.01267984872844337): -177.0860553963885 -175.4109932376187 -175.1260253313754 -174.9228580690126
 Davidson iteration 0.4 (tol=0.004541488476354646): -177.0861287534005 -175.8420935829406 -175.1265606015006 -174.9370223319957
 Davidson iteration 0.5 (tol=0.001404918187437713): -177.0861390093054 -176.1702519139292 -175.1269229027252 -175.0918022203074
 Davidson iteration 0.6 (tol=0.0003676358866213127): -177.0861399105876 -176.3140411903983 -175.2901688467971 -175.117650491731
 Davidson iteration 0.7 (tol=0.0001070832931690658): -177.0861399675199 -176.3718750444054 -175.4375429209291 -175.1347343059132
 Davidson iteration 1.0 (tol=0.0001070832931645586): -177.0861399675222
 Davidson iteration 1.1 (tol=3.853090152404413e-05): -177.0861399719581 -175.1546868098257
 Davidson iteration 1.2 (tol=1.308948868636754e-05): -177.0861399727604 -175.982528845546 -174.5057528570823
 Davidson iteration 1.3 (tol=4.237075864082697e-06): -177.0861399728334 -176.278472143316 -174.6498595306815 -174.4497699115682
 Elapsed time for davidson 49.424764 (sec) 
 Elapsed time for diagonalization 49.425133 (sec) 
 Elapsed time for mult 1.048381 (sec) 
 Energy = -177.0861399728338
 Elapsed time for measurement 0.133784 (sec) 
 Sample-based diagonalization: Energy = -177.0861399728338
 Sample-based diagonalization: density = [1.999976964977446,1.994309442906533,1.994182311954504,1.99184845891942,1.992476210454249,1.992312463725387,1.987521258320199,1.988456718182539,1.985214429360077,1.985923223787392,1.985056033147648,1.973715644005929,1.994359955020265,1.989692773009833,1.94278545003097,0.08323708493306839,0.005881316785196187,0.01433942761780351,0.01166894541119697,0.01171209494245934,0.01281437840400643,0.005049508167442358,0.01304800801335023,0.01522924411155723,0.01497397642248718,0.01421467708018115
 Sample-based diagonalization: carryover bitstrings = [], size = 0
