 Elapsed time for helper construction 1.426239 (sec) 
 Elapsed time for init 0.013792 (sec) 
 Elapsed time for makeQChamDiagTerms 10.976536 (sec) 
 Davidson iteration 0.0 (tol=0.6154281403664567): -129.1751224042567
 Davidson iteration 0.1 (tol=0.1824837526748482): -129.3398038839647 -127.0007113643331
 Davidson iteration 0.2 (tol=0.05662183885026679): -129.3509294336741 -127.6090598747265 -126.6565465723844
 Davidson iteration 0.3 (tol=0.01402478805631415): -129.3519974351541 -127.6372238667386 -126.9638378063246 -126.483512789734
 Davidson iteration 0.4 (tol=0.004368970178870287): -129.3520795001544 -128.2481617848716 -127.2121520796802 -126.7623488057315
 Davidson iteration 0.5 (tol=0.001414744433022945): -129.3520872218741 -128.5241009819769 -127.2761064657534 -126.994613229369
 Davidson iteration 0.6 (tol=0.0004313447406338066): -129.3520880143367 -128.7043952931486 -127.4273922097894 -126.9966939393427
 Davidson iteration 0.7 (tol=0.0001211937576251633): -129.3520880796377 -128.7604922124152 -127.5488013632029 -126.9969940481737
 Davidson iteration 1.0 (tol=0.0001211937576258834): -129.3520880796363
 Davidson iteration 1.1 (tol=4.115698792707653e-05): -129.3520880842779 -126.9188931761126
 Davidson iteration 1.2 (tol=1.304381526315883e-05): -129.3520880849696 -127.8690379804164 -125.9989645941037
 Davidson iteration 1.3 (tol=3.67246583781832e-06): -129.352088085027 -128.3014961535908 -126.2019162009566 -125.9987904141653
 Elapsed time for davidson 52.060843 (sec) 
 Elapsed time for diagonalization 52.061026 (sec) 
 Elapsed time for mult 2.001313 (sec) 
 Energy = -129.3520880850289
 Elapsed time for measurement 0.107139 (sec) 
 Sample-based diagonalization: Energy = -129.3520880850289
 Sample-based diagonalization: density = [1.999969909268579,1.992682690955951,1.990994545565565,1.986770289896307,1.987389530372204,1.981978542141251,1.98110730977683,1.979896165097558,1.98137434684001,1.975940776231748,1.988401003616627,1.981139376026179,0.01436989375934526,0.02078173327044559,0.02167521478055334,0.01653354071067184,0.01443996284951877,0.01102612976026465,0.01630745219180901,0.01466859842294783,0.0149028075782156,0.01550706403600516,0.01214311645939632
 Sample-based diagonalization: carryover bitstrings = [], size = 0
