 Elapsed time for helper construction 1.565719 (sec) 
 Elapsed time for init 0.014124 (sec) 
 Elapsed time for makeQChamDiagTerms 13.161712 (sec) 
 Davidson iteration 0.0 (tol=0.6352048448253333): -139.3213789487836
 Davidson iteration 0.1 (tol=0.1536888046430716): -139.500453803915 -137.2693805769652
 Davidson iteration 0.2 (tol=0.04568591552178498): -139.5096344735624 -137.7974184354163 -137.0667131241366
 Davidson iteration 0.3 (tol=0.01365249659972365): -139.5105077494555 -138.0214238190584 -137.2319901748923 -137.0623462624367
 Davidson iteration 0.4 (tol=0.005657241228960501): -139.5106146330336 -138.6471461206345 -137.3769040778802 -137.2278076956883
 Davidson iteration 0.5 (tol=0.002215047124601978): -139.5106298947655 -138.912936917222 -137.5525463846185 -137.2284830491556
 Davidson iteration 0.6 (tol=0.0006726950384890675): -139.5106320219403 -138.9769445532783 -137.8245274333235 -137.3141651675959
 Davidson iteration 0.7 (tol=0.0002189706756936096): -139.5106322011595 -139.0064093557772 -138.0638913892682 -137.3164592418112
 Davidson iteration 1.0 (tol=0.0002189706756936595): -139.510632201157
 Davidson iteration 1.1 (tol=8.042144528139938e-05): -139.5106322171283 -137.0211656495592
 Davidson iteration 1.2 (tol=2.746125866463678e-05): -139.5106322202798 -138.165571895761 -136.4000114144579
 Davidson iteration 1.3 (tol=1.091664015090564e-05): -139.5106322206341 -138.6835180149933 -136.9408771709314 -136.3104239622394
 Davidson iteration 1.4 (tol=4.991235163766521e-06): -139.5106322206994 -138.9608637340684 -137.4876908597599 -136.8591129230185
 Elapsed time for davidson 46.767297 (sec) 
 Elapsed time for diagonalization 46.767471 (sec) 
 Elapsed time for mult 1.133077 (sec) 
 Energy = -139.5106322207021
 Elapsed time for measurement 0.111096 (sec) 
 Sample-based diagonalization: Energy = -139.5106322207021
 Sample-based diagonalization: density = [1.999972812376134,1.995389201119504,1.992501686453229,1.988300545204802,1.988569299215891,1.98403522045043,1.982730798861983,1.981898862999255,1.976974579314709,1.963677785732535,1.991505526755368,1.986552573175611,1.981871870988825,0.04396708810734198,0.01477156014890724,0.02151596888922359,0.02125448116864572,0.01360210646625375,0.0161942923243453,0.01207711623950363,0.01086429975131507,0.01018894607084596,0.01015545496247639,0.01142792293219115
 Sample-based diagonalization: carryover bitstrings = [], size = 0
