 Elapsed time for helper construction 1.107237 (sec) 
 Elapsed time for init 0.03964699999999999 (sec) 
 Elapsed time for makeQChamDiagTerms 15.866937 (sec) 
 Davidson iteration 0.0 (tol=0.4099265526952592): -200.8602537692028
 Davidson iteration 0.1 (tol=0.08363383748187145): -200.954744722306 -199.4303326197339
 Davidson iteration 0.2 (tol=0.02113486193875952): -200.9591687764146 -199.9030806778692 -199.3701669497229
 Davidson iteration 0.3 (tol=0.004681305127800114): -200.9594271823177 -200.0074190450661 -199.5148321367678 -199.1947828805002
 Davidson iteration 0.4 (tol=0.001501549919839801): -200.9594410495033 -200.2868767461876 -199.566690460245 -199.3696125383966
 Davidson iteration 0.5 (tol=0.0003864906379411546): -200.959442328311 -200.3311580024395 -199.5971983692223 -199.4946655319317
 Davidson iteration 0.6 (tol=0.0001178108073987609): -200.9594424369497 -200.488697774885 -199.8996876701088 -199.5848630685906
 Davidson iteration 0.7 (tol=3.219962721708507e-05): -200.9594424461289 -200.5195200373532 -200.183697450482 -199.7062355339276
 Davidson iteration 1.0 (tol=3.219962721528628e-05): -200.9594424461262
 Davidson iteration 1.1 (tol=1.031716058563857e-05): -200.9594424468049 -200.0842222420748
 Davidson iteration 1.2 (tol=3.814132688548991e-06): -200.9594424469065 -200.5307255793186 -199.3935668656945
 Elapsed time for davidson 42.278725 (sec) 
 Elapsed time for diagonalization 42.280271 (sec) 
 Elapsed time for mult 0.9803379999999999 (sec) 
 Energy = -200.9594424469073
 Elapsed time for measurement 0.113168 (sec) 
 Sample-based diagonalization: Energy = -200.9594424469073
 Sample-based diagonalization: density = [1.9999943289233,1.997516589475605,1.997897683238764,1.997957487768415,1.997311388845334,1.995893175749254,1.994929012335287,1.996235199706903,1.996269203252334,1.996166642256789,1.993193267071393,1.996315766574702,1.995234415616953,1.966790445022155,1.996298210087123,1.941969759539111,0.09284628856383349,0.006602297675438625,0.0053486918454779,0.005054825028301388,0.003017889050393395,0.002574906564398609,0.007784664356212366,0.002952228316333124,0.002271273514054496,0.0006764441278349934,0.006329908375145602,0.00456800700399909
 Sample-based diagonalization: carryover bitstrings = [], size = 0
