 Elapsed time for helper construction 1.003567 (sec) 
 Elapsed time for init 0.016638 (sec) 
 Elapsed time for makeQChamDiagTerms 16.070087 (sec) 
 Davidson iteration 0.0 (tol=0.3580067938977212): -182.3266471948681
 Davidson iteration 0.1 (tol=0.04621268257544434): -182.393031025884 -180.5718927780772
 Davidson iteration 0.2 (tol=0.01187847057973813): -182.3944731354995 -181.3187681208108 -180.4622377091698
 Davidson iteration 0.3 (tol=0.002521468283618147): -182.3945654840523 -181.3791344309653 -181.0740641177514 -180.3269940776551
 Davidson iteration 0.4 (tol=0.0004953692564233566): -182.3945689715915 -181.4938964135704 -181.0902895845828 -180.7911799668945
 Davidson iteration 0.5 (tol=0.0001151708831284293): -182.3945691126535 -181.5123467167546 -181.19773048093 -180.9222674986952
 Davidson iteration 0.6 (tol=4.714109699369763e-05): -182.3945691228544 -181.6382499473066 -181.4852620052182 -181.1236092405728
 Davidson iteration 0.7 (tol=1.99432935754241e-05): -182.3945691247786 -181.9677592917307 -181.500995548834 -181.2053602730329
 Davidson iteration 1.0 (tol=1.994329357588324e-05): -182.3945691247805
 Davidson iteration 1.1 (tol=6.394606387324869e-06): -182.3945691250109 -181.1086417867348
 Elapsed time for davidson 35.097849 (sec) 
 Elapsed time for diagonalization 35.097952 (sec) 
 Elapsed time for mult 0.491639 (sec) 
 Energy = -182.3945691250103
 Elapsed time for measurement 0.12178 (sec) 
 Sample-based diagonalization: Energy = -182.3945691250103
 Sample-based diagonalization: density = [1.999997446068853,1.998668995348589,1.99801910992015,1.99729624793276,1.998142874787161,1.999400074076849,1.994559731314558,1.997418442945881,1.994129504435949,1.993229827946366,1.991142885941212,1.98859230573728,1.979822475589774,1.994110112878515,1.997542185897704,1.997371574121872,0.03838576899719739,0.008742353240157329,0.003332697970047995,0.001965499187665072,0.003721774961125345,0.0009072321358214603,0.002723144833843303,0.002068925330307128,0.004137267679717099,0.003164735701573866,0.00350276272163608,0.001858720866475096,0.006045321369608501
 Sample-based diagonalization: carryover bitstrings = [], size = 0
