 Elapsed time for helper construction 0.320881 (sec) 
 Elapsed time for init 0.002641 (sec) 
 Elapsed time for makeQChamDiagTerms 0.7781549999999999 (sec) 
 Davidson iteration 0.0 (tol=0.5295213572926796): -134.7135122293268
 Davidson iteration 0.1 (tol=0.2245056346477952): -134.8311811261334 -132.7227005357852
 Davidson iteration 0.2 (tol=0.09816041159972286): -134.8461992193729 -133.1706293910049 -131.8504847050756
 Davidson iteration 0.3 (tol=0.03663966110237437): -134.8491461679544 -133.3933972028612 -132.2099498225373 -131.5392027200797
 Davidson iteration 0.4 (tol=0.01423211248342842): -134.8494943171656 -133.567158247904 -132.4983736081712 -131.8766241027708
 Davidson iteration 0.5 (tol=0.004949657501888517): -134.849556252183 -133.808613110464 -132.6877127055331 -132.1340817871913
 Davidson iteration 0.6 (tol=0.002165450875089099): -134.8495628284435 -133.912520888421 -132.8505623478538 -132.1383261548127
 Davidson iteration 0.7 (tol=0.0008318907907282875): -134.8495640134637 -133.9955718040275 -133.170525726265 -132.3346303070042
 Davidson iteration 1.0 (tol=0.0008318907907364291): -134.8495640134639
 Davidson iteration 1.1 (tol=0.0004191138732221123): -134.8495641838431 -132.233761675575
 Davidson iteration 1.2 (tol=0.0001991282971996315): -134.8495642390769 -133.6847317010695 -129.7466527023967
 Davidson iteration 1.3 (tol=8.323892122527658e-05): -134.8495642513858 -134.1471141803559 -131.8772870868681 -128.7945114883505
 Davidson iteration 1.4 (tol=3.674429993122667e-05): -134.8495642531069 -134.2719775590806 -131.8968115818952 -131.4231709276276
 Davidson iteration 1.5 (tol=1.559314816532679e-05): -134.849564253458 -134.3447470183022 -132.6443021041932 -131.855599351241
 Davidson iteration 1.6 (tol=7.561898012071442e-06): -134.8495642535276 -134.4184467701585 -133.4496846033504 -132.0724625409798
 Elapsed time for davidson 7.909929999999999 (sec) 
 Elapsed time for diagonalization 7.910024 (sec) 
 Elapsed time for mult 0.281204 (sec) 
 Energy = -134.8495642535276
 Elapsed time for measurement 0.012279 (sec) 
 Sample-based diagonalization: Energy = -134.8495642535276
 Sample-based diagonalization: density = [1.999996613066095,1.996246177314371,1.992990213273973,1.991000619417451,1.984656663195999,1.992789973712515,1.969393344501066,1.980689780032356,1.980494573484874,1.947813048587378,0.09042315986609135,0.0203673567948392,0.01391414297002994,0.02185941527929642,0.01736491844795963
 Sample-based diagonalization: carryover bitstrings = [], size = 0
