 Elapsed time for helper construction 1.194621 (sec) 
 Elapsed time for init 0.015763 (sec) 
 Elapsed time for makeQChamDiagTerms 11.462501 (sec) 
 Davidson iteration 0.0 (tol=0.6277026859143394): -139.7493757843869
 Davidson iteration 0.1 (tol=0.1484812499836666): -139.9259121871064 -137.6492626892664
 Davidson iteration 0.2 (tol=0.04534920345783393): -139.9339014726769 -138.2143219200499 -137.4744754531108
 Davidson iteration 0.3 (tol=0.01038252925659977): -139.9346500338904 -138.2457900081254 -137.7049391422148 -137.3708657388906
 Davidson iteration 0.4 (tol=0.003119473194231895): -139.9347012923538 -138.8807408202285 -137.8215477620038 -137.5604626456783
 Davidson iteration 0.5 (tol=0.0008572029339038331): -139.9347055225657 -139.1265923183303 -137.8383152757239 -137.7559395721305
 Davidson iteration 0.6 (tol=0.0002207882649841291): -139.9347058172502 -139.2502944557868 -137.995214933095 -137.7664473504056
 Davidson iteration 0.7 (tol=5.937449813855279e-05): -139.9347058361842 -139.30574262594 -138.196027067804 -137.7709744844875
 Davidson iteration 1.0 (tol=5.937449813756585e-05): -139.9347058361878
 Davidson iteration 1.1 (tol=1.940953500547359e-05): -139.9347058374457 -137.6498037578379
 Davidson iteration 1.2 (tol=5.821724941364831e-06): -139.9347058376218 -138.6401960440719 -136.7837354147511
 Elapsed time for davidson 40.505467 (sec) 
 Elapsed time for diagonalization 40.505863 (sec) 
 Elapsed time for mult 1.239818 (sec) 
 Energy = -139.9347058376207
 Elapsed time for measurement 0.107687 (sec) 
 Sample-based diagonalization: Energy = -139.9347058376207
 Sample-based diagonalization: density = [1.999972664028053,1.994310947408002,1.990529313158593,1.987214482049642,1.987433042055644,1.986019191311785,1.983071854758602,1.983630018039171,1.981770374346461,1.983667368469318,1.979653747169851,1.986664304516963,1.980136566498449,0.01801110547344238,0.0181724210047711,0.02162476304987903,0.01716783976430378,0.01194974021657277,0.01504617698420971,0.008337136581316081,0.0148789086007294,0.01469715551736962,0.01559874934002858,0.009395979367025641,0.01104614993296239
 Sample-based diagonalization: carryover bitstrings = [], size = 0
