 Elapsed time for helper construction 1.12383 (sec) 
 Elapsed time for init 0.035438 (sec) 
 Elapsed time for makeQChamDiagTerms 4.659357 (sec) 
 Davidson iteration 0.0 (tol=0.6759317866134924): -147.0604598322319
 Davidson iteration 0.1 (tol=0.2877761705475826): -147.2614923830108 -145.1850124134538
 Davidson iteration 0.2 (tol=0.1183975805581255): -147.2871289015606 -145.4518207922014 -144.3526861690994
 Davidson iteration 0.3 (tol=0.03750465602258545): -147.2911794605065 -145.5564341163914 -144.5577864516725 -144.2053397714106
 Davidson iteration 0.4 (tol=0.01435992063950316): -147.2916692269587 -145.8857398359526 -144.6634198559582 -144.4691296822257
 Davidson iteration 0.5 (tol=0.005844881042137548): -147.2917349612523 -146.2279902961478 -145.1178086533573 -144.5770586881711
 Davidson iteration 0.6 (tol=0.002157924071349439): -147.291745705227 -146.3595885987696 -145.250049087264 -144.8538114203274
 Davidson iteration 0.7 (tol=0.0008635494456652284): -147.2917470125671 -146.4420302922297 -145.3716969870957 -144.8869352835065
 Davidson iteration 1.0 (tol=0.0008635494456596461): -147.2917470125571
 Davidson iteration 1.1 (tol=0.0004075910311000431): -147.2917472003974 -144.4154121989359
 Davidson iteration 1.2 (tol=0.0001767508586667079): -147.2917472641229 -146.0938188181305 -142.1550046586291
 Davidson iteration 1.3 (tol=7.451446704144627e-05): -147.2917472744117 -146.4194546509617 -144.0180693233648 -141.7632829176535
 Davidson iteration 1.4 (tol=2.836325686080982e-05): -147.2917472761622 -146.6257695445185 -144.3123157526679 -143.944390001175
 Davidson iteration 1.5 (tol=1.081707922673351e-05): -147.2917472764288 -146.7019391503484 -145.1548528039397 -144.0702786009598
 Davidson iteration 1.6 (tol=3.988375653677782e-06): -147.2917472764627 -146.7197535394133 -145.5519036272249 -144.3115432037567
 Elapsed time for davidson 57.086177 (sec) 
 Elapsed time for diagonalization 57.086371 (sec) 
 Elapsed time for mult 1.586754 (sec) 
 Energy = -147.2917472764631
 Elapsed time for measurement 0.057023 (sec) 
 Sample-based diagonalization: Energy = -147.2917472764631
 Sample-based diagonalization: density = [1.999975055772119,1.993209589245474,1.992095111966633,1.993365041199193,1.985446227552947,1.985576819707907,1.984871113904073,1.976441061543444,1.983393606032959,1.977583284257578,1.983107017851733,1.89488246849487,1.983452542279467,0.1145618812545487,0.02492521671513596,0.02096174688295183,0.02197758214395255,0.01639554208660883,0.01068704525874527,0.01773757656409787,0.01907520878637204,0.02027926029753999
 Sample-based diagonalization: carryover bitstrings = [], size = 0
