 Elapsed time for helper construction 1.434727 (sec) 
 Elapsed time for init 0.05316 (sec) 
 Elapsed time for makeQChamDiagTerms 18.40227 (sec) 
 Davidson iteration 0.0 (tol=0.6780473513203265): -178.1718853446646
 Davidson iteration 0.1 (tol=0.2260001274348332): -178.3691807144457 -176.243765522655
 Davidson iteration 0.2 (tol=0.07662958815598755): -178.3867092835372 -176.4866842651098 -175.9293093926505
 Davidson iteration 0.3 (tol=0.02159979507572851): -178.3887975873344 -176.5970528133311 -176.0021560780621 -175.8474051443233
 Davidson iteration 0.4 (tol=0.0082580984672868): -178.3889781507913 -176.9624613384459 -176.0493732731877 -175.9327571454091
 Davidson iteration 0.5 (tol=0.002976128290152539): -178.3890092322302 -177.4447354123561 -176.1956058273872 -176.0434851196383
 Davidson iteration 0.6 (tol=0.001028189408139785): -178.3890128122933 -177.621863506578 -176.3191044042064 -176.0789505438015
 Davidson iteration 0.7 (tol=0.0003456051761066268): -178.3890131989081 -177.6701885287341 -176.6255056532814 -176.2143707295811
 Davidson iteration 1.0 (tol=0.0003456051761104637): -178.3890131989068
 Davidson iteration 1.1 (tol=0.0001445206484575879): -178.3890132425294 -176.5225747234469
 Davidson iteration 1.2 (tol=5.784469569449147e-05): -178.389013252275 -177.3081090584957 -175.5099774177258
 Davidson iteration 1.3 (tol=2.202144793117134e-05): -178.3890132536289 -177.655259900172 -175.9632020247471 -175.2050048866545
 Davidson iteration 1.4 (tol=9.970614131924229e-06): -178.3890132538434 -177.8403907952427 -176.3960789773259 -175.9434071889615
 Elapsed time for davidson 72.678251 (sec) 
 Elapsed time for diagonalization 72.678459 (sec) 
 Elapsed time for mult 1.684971 (sec) 
 Energy = -178.3890132538469
 Elapsed time for measurement 0.145148 (sec) 
 Sample-based diagonalization: Energy = -178.3890132538469
 Sample-based diagonalization: density = [1.99997430373202,1.994079195770851,1.994469892129975,1.991120503432426,1.989623644987847,1.992935506666625,1.985806555527224,1.986118902429262,1.984628144223375,1.981485458691084,1.982114867801925,1.975026154531624,1.99420910568222,1.987674322449783,1.937310432754815,0.0893578721022614,0.007586988931830985,0.01430341411784044,0.01672043404194339,0.01529697920386858,0.01152436208494299,0.008239913997786508,0.0156556652829414,0.01303314279447805,0.01558376152373052,0.01612047466956151
 Sample-based diagonalization: carryover bitstrings = [], size = 0
