 Elapsed time for helper construction 1.035156 (sec) 
 Elapsed time for init 0.034751 (sec) 
 Elapsed time for makeQChamDiagTerms 11.068716 (sec) 
 Davidson iteration 0.0 (tol=0.4616825944733568): -166.0411495075313
 Davidson iteration 0.1 (tol=0.07797997266388401): -166.1343605045481 -164.0512566167536
 Davidson iteration 0.2 (tol=0.01794829203466321): -166.1368264665159 -164.2979185626213 -163.9936471804124
 Davidson iteration 0.3 (tol=0.003621303146106523): -166.1369656304307 -164.4678563085897 -164.1606079327833 -163.9898530584824
 Davidson iteration 0.4 (tol=0.0008283687002498543): -166.1369715207879 -164.7918915857846 -164.1751978239377 -163.9907543396674
 Davidson iteration 0.5 (tol=0.0001903197791302917): -166.1369718182145 -165.1430277610617 -164.2414574886231 -164.069536327223
 Davidson iteration 0.6 (tol=4.487289225795559e-05): -166.1369718356014 -165.3604769748109 -164.6709807403002 -164.216796882435
 Davidson iteration 0.7 (tol=1.45212410855581e-05): -166.1369718368605 -165.644384393148 -164.9512190253105 -164.5978785871397
 Davidson iteration 1.0 (tol=1.452124108483776e-05): -166.1369718368607
 Davidson iteration 1.1 (tol=4.297910390868628e-06): -166.1369718369594 -164.794582642997
 Elapsed time for davidson 32.476885 (sec) 
 Elapsed time for diagonalization 32.478218 (sec) 
 Elapsed time for mult 1.066476 (sec) 
 Energy = -166.1369718369598
 Elapsed time for measurement 0.09611499999999999 (sec) 
 Sample-based diagonalization: Energy = -166.1369718369598
 Sample-based diagonalization: density = [1.999980914776951,1.995388842241648,1.995641285885369,1.995669702062666,1.99542319047502,1.995277628881364,1.994432604790134,1.991968503408077,1.989847961494164,1.992991723848194,1.98110333937161,1.991182104405036,1.992980726961908,1.994017745897233,0.03442031328897993,0.004279591960674012,0.007223534940178529,0.001631150210757838,0.003516547327768056,0.005863442313863081,0.006903404278209303,0.005805698496734154,0.004126267518527302,0.01105134646601711,0.009272428526837781
 Sample-based diagonalization: carryover bitstrings = [], size = 0
