 Elapsed time for helper construction 1.41392 (sec) 
 Elapsed time for init 0.022088 (sec) 
 Elapsed time for makeQChamDiagTerms 13.487791 (sec) 
 Davidson iteration 0.0 (tol=0.6277852160388382): -159.4266327846999
 Davidson iteration 0.1 (tol=0.1820960428992172): -159.5951736471803 -157.3173559408648
 Davidson iteration 0.2 (tol=0.0572886847695372): -159.6067303534151 -157.7974575917547 -157.1199177042677
 Davidson iteration 0.3 (tol=0.01545394070998502): -159.6079008743467 -157.915068662091 -157.2563100910234 -157.0456102821212
 Davidson iteration 0.4 (tol=0.006621244362316944): -159.6080135791009 -158.5369135847492 -157.5583445840121 -157.1774766269081
 Davidson iteration 0.5 (tol=0.002270284433365799): -159.6080347608817 -158.8734255382464 -157.5738262596369 -157.4461025797083
 Davidson iteration 0.6 (tol=0.0008261927229823436): -159.6080373518557 -159.0656159374157 -158.1397694961081 -157.4461028500638
 Davidson iteration 0.7 (tol=0.0002916362628724694): -159.6080376633281 -159.1468736676883 -158.4522021765305 -157.4499312723585
 Davidson iteration 1.0 (tol=0.0002916362628866019): -159.6080376633291
 Davidson iteration 1.1 (tol=0.0001031365232486803): -159.6080376939929 -157.6878268190634
 Davidson iteration 1.2 (tol=4.276465694285991e-05): -159.6080377001243 -158.6821449583421 -157.1039418446531
 Davidson iteration 1.3 (tol=1.526311981866317e-05): -159.608037700869 -158.9921903914877 -157.4322878079515 -156.7437702442584
 Davidson iteration 1.4 (tol=5.732001348570547e-06): -159.6080377009739 -159.0771343963282 -157.8321482821589 -157.3921143047353
 Elapsed time for davidson 54.030517 (sec) 
 Elapsed time for diagonalization 54.030814 (sec) 
 Elapsed time for mult 1.458512 (sec) 
 Energy = -159.6080377009708
 Elapsed time for measurement 0.119792 (sec) 
 Sample-based diagonalization: Energy = -159.6080377009708
 Sample-based diagonalization: density = [1.999988598528304,1.993898011551236,1.989635983533628,1.989275377645475,1.986634348484631,1.989095552364324,1.985803279146024,1.981960025651536,1.97743515297021,1.98229197673366,1.983582480259184,1.988715002173653,1.975770430294079,0.04844436323932914,0.02154081643276544,0.01113988950620056,0.01570437402092718,0.01515639548817213,0.01625677822975809,0.01290214864876841,0.01142858445124122,0.01323791900826588,0.01010251126490413
 Sample-based diagonalization: carryover bitstrings = [], size = 0
