 Elapsed time for helper construction 1.263167 (sec) 
 Elapsed time for init 0.04683499999999999 (sec) 
 Elapsed time for makeQChamDiagTerms 11.33176 (sec) 
 Davidson iteration 0.0 (tol=0.6343398210236104): -155.9400123049446
 Davidson iteration 0.1 (tol=0.1848464067342044): -156.1177024536552 -154.0091098538361
 Davidson iteration 0.2 (tol=0.05796831292931997): -156.1306167964742 -154.3291868078178 -153.8380144953699
 Davidson iteration 0.3 (tol=0.01725639177695785): -156.1318673142009 -154.4541657886148 -153.8606409654173 -153.7870412478161
 Davidson iteration 0.4 (tol=0.005521026363455532): -156.1319829390006 -154.6667502118931 -153.9326668590981 -153.8599334707513
 Davidson iteration 0.5 (tol=0.001683852920265688): -156.1319979638081 -155.1612923947978 -153.9677014994884 -153.9197470290985
 Davidson iteration 0.6 (tol=0.0005292895674694214): -156.1319990881041 -155.3243809613084 -154.0958103297609 -153.9582807090037
 Davidson iteration 0.7 (tol=0.0001680980508091236): -156.1319991947987 -155.3825428490296 -154.4336341539584 -153.9980656948053
 Davidson iteration 1.0 (tol=0.0001680980508097295): -156.1319991947975
 Davidson iteration 1.1 (tol=7.142520077778283e-05): -156.1319992056886 -154.4672146215412
 Davidson iteration 1.2 (tol=2.857881125375843e-05): -156.1319992082993 -155.21115441207 -153.2599008527488
 Davidson iteration 1.3 (tol=9.886782418588704e-06): -156.1319992086727 -155.5839232792714 -153.6237398026915 -153.2580271667883
 Elapsed time for davidson 43.784836 (sec) 
 Elapsed time for diagonalization 43.78601 (sec) 
 Elapsed time for mult 0.959629 (sec) 
 Energy = -156.1319992086736
 Elapsed time for measurement 0.106955 (sec) 
 Sample-based diagonalization: Energy = -156.1319992086736
 Sample-based diagonalization: density = [1.999976042201604,1.994029291555329,1.995758713481091,1.990443455463952,1.986904382974466,1.989836149092002,1.985775833267714,1.978279346774986,1.982217599327569,1.985290925828922,1.977347037369272,1.988529993857597,1.950386763243832,0.07587145569360769,0.01423548026605624,0.01384510419573108,0.01116949551726732,0.01110223375260291,0.01569327578332302,0.01338632737925247,0.01302086604073052,0.01395961790871392,0.01294060876175365
 Sample-based diagonalization: carryover bitstrings = [], size = 0
