 Elapsed time for helper construction 0.494756 (sec) 
 Elapsed time for init 0.013683 (sec) 
 Elapsed time for makeQChamDiagTerms 1.834259 (sec) 
 Davidson iteration 0.0 (tol=0.5460168424282822): -108.8626716049342
 Davidson iteration 0.1 (tol=0.1807353855480158): -108.986062313731 -106.8090454585029
 Davidson iteration 0.2 (tol=0.06207779515556278): -108.996251443418 -107.1384959355964 -106.3466186715921
 Davidson iteration 0.3 (tol=0.01763474671106942): -108.9974540172058 -107.2846700630694 -106.3745979370524 -106.1859414464329
 Davidson iteration 0.4 (tol=0.006295516062424959): -108.9975607159277 -107.6806597397068 -106.5279960299536 -106.3616507745456
 Davidson iteration 0.5 (tol=0.002410584220171892): -108.9975763441301 -108.0628552141223 -107.0733468536138 -106.5157356058872
 Davidson iteration 0.6 (tol=0.0007458568842947528): -108.9975782764952 -108.2065879713784 -107.0891908161526 -106.8744782193549
 Davidson iteration 0.7 (tol=0.0002476888879462946): -108.9975784560868 -108.2868825933919 -107.2371258749594 -107.0157203865316
 Davidson iteration 1.0 (tol=0.0002476888879458835): -108.9975784560863
 Davidson iteration 1.1 (tol=9.522714723764924e-05): -108.9975784735536 -106.5939644236185
 Davidson iteration 1.2 (tol=3.533574488247084e-05): -108.9975784773307 -107.8050702292796 -105.5886394346303
 Davidson iteration 1.3 (tol=1.074532630657588e-05): -108.9975784777097 -108.0838344775438 -105.9678060180844 -105.4389823387708
 Davidson iteration 1.4 (tol=3.856948898106986e-06): -108.9975784777503 -108.3268710635104 -106.9699431166255 -105.677212600507
 Elapsed time for davidson 14.800641 (sec) 
 Elapsed time for diagonalization 14.800726 (sec) 
 Elapsed time for mult 0.6361939999999999 (sec) 
 Energy = -108.9975784777508
 Elapsed time for measurement 0.025229 (sec) 
 Sample-based diagonalization: Energy = -108.9975784777508
 Sample-based diagonalization: density = [1.999986643991797,1.992420286112599,1.98962667549015,1.9853129576247,1.980740450204599,1.981686220900869,1.976986247956648,1.993871166732724,1.957111647249124,0.06257561344484239,0.01843577988478126,0.0100319115816379,0.01195900449022267,0.01406386128818498,0.01353302363114765,0.01165850928427469
 Sample-based diagonalization: carryover bitstrings = [], size = 0
