 Elapsed time for helper construction 1.400446 (sec) 
 Elapsed time for init 0.046382 (sec) 
 Elapsed time for makeQChamDiagTerms 18.823649 (sec) 
 Davidson iteration 0.0 (tol=0.55708969192533): -184.6076104046012
 Davidson iteration 0.1 (tol=0.08616275562760439): -184.7559986312584 -182.7135791067579
 Davidson iteration 0.2 (tol=0.01779464862436727): -184.7592209914615 -182.9834529370673 -182.6250168825271
 Davidson iteration 0.3 (tol=0.00410359802217235): -184.7593697094489 -183.0884518795978 -182.9531275732824 -182.5785967067246
 Davidson iteration 0.4 (tol=0.001010542921605943): -184.759378495586 -183.537086360384 -183.0480409554121 -182.6554811488721
 Davidson iteration 0.5 (tol=0.0003135416066316068): -184.7593789787198 -183.7037698329745 -183.0911705759025 -182.8475560173647
 Davidson iteration 0.6 (tol=0.000109402202068877): -184.7593790376274 -183.9559851905214 -183.3322603946542 -183.0228140404161
 Davidson iteration 0.7 (tol=4.306398301225219e-05): -184.7593790460575 -184.2822833185972 -183.4819030261759 -183.1374665306772
 Davidson iteration 1.0 (tol=4.306398300908927e-05): -184.759379046061
 Davidson iteration 1.1 (tol=1.447314913525007e-05): -184.7593790469504 -183.2113785029704
 Davidson iteration 1.2 (tol=6.165157385797195e-06): -184.7593790471175 -184.0750649541743 -182.6855336195297
 Elapsed time for davidson 50.532988 (sec) 
 Elapsed time for diagonalization 50.534858 (sec) 
 Elapsed time for mult 0.8996759999999999 (sec) 
 Energy = -184.7593790471153
 Elapsed time for measurement 0.143238 (sec) 
 Sample-based diagonalization: Energy = -184.7593790471153
 Sample-based diagonalization: density = [1.999977901013087,1.996036063329277,1.997129571041374,1.994406057716802,1.990977701916868,1.99279221751753,1.992286952231164,1.989085560205607,1.988603621183732,1.982233693587829,1.991557108094382,1.992864517830272,1.983397403469426,1.96698230544863,1.995448557915362,1.993338796512625,0.0425526953464264,0.0006169149383768093,0.01747223678740217,0.01483484704634169,0.01606963976453471,0.01188512373320295,0.006459786223612737,0.00617858113074695,0.00808896512195563,0.009244534423348364,0.007642167396936824,0.006251198437202241,0.005585280398754204
 Sample-based diagonalization: carryover bitstrings = [], size = 0
