"PluginInterface" error: Failure to initialize device 0: Error in cuDevicePrimaryCtxRetain: out of memory
"PluginInterface" error: Failure to initialize device 0: Error in cuDevicePrimaryCtxRetain: out of memory
"PluginInterface" error: Failure to initialize device 1: Error in cuDevicePrimaryCtxRetain: out of memory
"PluginInterface" error: Failure to initialize device 1: Error in cuDevicePrimaryCtxRetain: out of memory
"PluginInterface" error: Failure to initialize device 2: Error in cuDevicePrimaryCtxRetain: out of memory
"PluginInterface" error: Failure to initialize device 2: Error in cuDevicePrimaryCtxRetain: out of memory
"PluginInterface" error: Failure to initialize device 3: Error in cuDevicePrimaryCtxRetain: out of memory
"PluginInterface" error: Failure to initialize device 3: Error in cuDevicePrimaryCtxRetain: out of memory
 Elapsed time for helper construction 0.157801 (sec) 
 Elapsed time for init 0.001447 (sec) 
 Elapsed time for makeQChamDiagTerms 0.044187 (sec) 
 Davidson iteration 0.0 (tol=0.6513575015829903): -102.2483370401373
 Davidson iteration 0.1 (tol=0.274433084377063): -102.4373126098744 -100.4714783100403
 Davidson iteration 0.2 (tol=0.08214181574161859): -102.4633911735958 -100.677561460216 -99.67249986228762
 Davidson iteration 0.3 (tol=0.02497646201493639): -102.4654939752914 -100.9315321932313 -99.67313665914247 -99.50992163659109
 Davidson iteration 0.4 (tol=0.009521657618146386): -102.4656974342311 -101.164467628793 -100.043315007829 -99.67298131778597
 Davidson iteration 0.5 (tol=0.003408191826458659): -102.4657282682196 -101.3645424046739 -100.3632625690237 -99.67302806627258
 Davidson iteration 0.6 (tol=0.00118771619058407): -102.4657318195652 -101.5137728728558 -100.5180303715834 -99.77646303703717
 Davidson iteration 0.7 (tol=0.000386860007278759): -102.4657322355536 -101.6127050098961 -100.637470047648 -100.0822216658395
 Davidson iteration 0.8 (tol=0.0001223846230333187): -102.4657322792034 -101.645487359331 -100.7416362459562 -100.1893086660295
 Davidson iteration 0.9 (tol=4.404909150306313e-05): -102.4657322837614 -101.6576014862943 -100.9392231083367 -100.3859557362231
 Davidson iteration 0.10 (tol=1.504879682872628e-05): -102.4657322843493 -101.6606159253355 -101.1350552977028 -100.5242160357644
 Davidson iteration 0.11 (tol=5.006961919872213e-06): -102.4657322844226 -101.6701458374257 -101.3593566299285 -100.6176055026473
 Davidson iteration 0.12 (tol=1.73783097221496e-06): -102.4657322844299 -101.6795884397758 -101.4945648402844 -100.6750918855749
 Davidson iteration 0.13 (tol=5.854786161885022e-07): -102.4657322844308 -101.6799981850325 -101.5564804442447 -100.7186863996591
 Davidson iteration 0.14 (tol=1.888986479055529e-07): -102.4657322844309 -101.692839555877 -101.640959032753 -100.8115382514699
 Davidson iteration 0.15 (tol=6.179774030637101e-08): -102.4657322844308 -101.7068529007545 -101.6583130814391 -100.8950424268045
 Davidson iteration 0.16 (tol=2.034243638531913e-08): -102.4657322844309 -101.725209513164 -101.6639729159146 -101.0115692295994
 Davidson iteration 0.17 (tol=6.853159495909233e-09): -102.4657322844309 -101.7528198029618 -101.6658428082114 -101.1340064233013
 Elapsed time for davidson 18.255505 (sec) 
 Elapsed time for diagonalization 18.255805 (sec) 
 Elapsed time for mult 0.6823709999999999 (sec) 
 Energy = -102.4657322844299
 Elapsed time for measurement 0.013382 (sec) 
 Sample-based diagonalization: Energy = -102.4657322844299
 Sample-based diagonalization: density = [1.99996875271949,1.987956700920691,1.987630123752705,1.981865224795762,1.979951620476382,1.978007240723513,1.975402273674827,1.976031810553126,1.974808806556615,1.893522055395124,0.1085405414210526,0.022335229663192,0.02307681966634596,0.01919391430904584,0.02111624822513448,0.02015703330310748,0.01665305152737599,0.0164151115304848,0.01736744077115494
 Sample-based diagonalization: carryover bitstrings = [], size = 0
