 Elapsed time for helper construction 1.114809 (sec) 
 Elapsed time for init 0.026025 (sec) 
 Elapsed time for makeQChamDiagTerms 5.294137 (sec) 
 Davidson iteration 0.0 (tol=0.6297865994252533): -117.1897686696337
 Davidson iteration 0.1 (tol=0.2403625662673802): -117.3634718812953 -115.0030345263477
 Davidson iteration 0.2 (tol=0.06817529823789799): -117.3816534511099 -115.5062228189474 -113.9112435480979
 Davidson iteration 0.3 (tol=0.02249481510720337): -117.3828924196915 -115.5913258593983 -114.3219223303381 -113.8745193981163
 Davidson iteration 0.4 (tol=0.007763670806563487): -117.3830438020984 -115.7248855683109 -114.7949711833311 -114.2572956908484
 Davidson iteration 0.5 (tol=0.003023112263673477): -117.3830626370427 -115.9630702219425 -115.2787147663018 -114.2573997538302
 Davidson iteration 0.6 (tol=0.001221352175024694): -117.3830657766108 -116.2662821460187 -115.5121566263126 -114.5820066837154
 Davidson iteration 0.7 (tol=0.0004935800026833786): -117.3830662915165 -116.5030973714199 -115.6456795137384 -114.8300551785834
 Davidson iteration 1.0 (tol=0.0004935800026832187): -117.3830662915163
 Davidson iteration 1.1 (tol=0.0002359572175582776): -117.3830663599006 -114.7104088713639
 Davidson iteration 1.2 (tol=0.000122531858376955): -117.3830663826661 -116.2826249912394 -112.6890424794683
 Davidson iteration 1.3 (tol=5.478941193669707e-05): -117.3830663872271 -116.6170485999484 -114.0049396561679 -112.0012976880974
 Davidson iteration 1.4 (tol=2.257373081625892e-05): -117.3830663879854 -116.7304668056666 -114.3630014440359 -113.403234262454
 Davidson iteration 1.5 (tol=9.537895799007689e-06): -117.3830663881152 -116.7837276893115 -114.983749711386 -114.0251765744145
 Elapsed time for davidson 61.571833 (sec) 
 Elapsed time for diagonalization 61.657974 (sec) 
 Elapsed time for mult 1.971122 (sec) 
 Energy = -117.383066388117
 Elapsed time for measurement 7.838512 (sec) 
 Sample-based diagonalization: Energy = -117.383066388117
 Sample-based diagonalization: density = [1.999965056898918,1.988169060446957,1.987835772041113,1.983186524549286,1.979265217752543,1.976706169143462,1.976823973696721,1.97532212035807,1.97447656214262,1.972542213380796,1.985287066943028,0.02370937439283288,0.01897718194296807,0.02274492942317319,0.01739268592536971,0.01979251747249725,0.02115840836503801,0.02062635216092405,0.01862117052055087,0.01797407420105437,0.01942356822232719
 Sample-based diagonalization: carryover bitstrings = [], size = 0
 Elapse time for dumping one-particle rdm = 0.001017
 Elapse time for dumping two-particle rdm = 0.184645
 Zero-Body energy = 0
 One-Body energy = -198.8879825331414
 Two-Body energy = 81.50491614513361
 One-Body + Two-Body energy = -117.3830663880078
 Zero-Body + One-Body + Two-Body energy = -117.3830663880078
