 Elapsed time for helper construction 0.430657 (sec) 
 Elapsed time for init 0.008329 (sec) 
 Elapsed time for makeQChamDiagTerms 0.9356549999999999 (sec) 
 Davidson iteration 0.0 (tol=0.6142321045164653): -92.01056969230171
 Davidson iteration 0.1 (tol=0.2678691653689966): -92.18119737285284 -90.18847016332715
 Davidson iteration 0.2 (tol=0.1174849763748714): -92.20381546869031 -90.52150183104561 -89.20293278725933
 Davidson iteration 0.3 (tol=0.04400190044076903): -92.20768952235647 -90.63079484488716 -89.44653339294283 -88.99264099830671
 Davidson iteration 0.4 (tol=0.01610288790343455): -92.20823298527536 -90.79636617007678 -89.64211128757533 -88.99789303814869
 Davidson iteration 0.5 (tol=0.006424634149119264): -92.20829640590617 -90.93713413954548 -89.90400561166044 -89.43022305781655
 Davidson iteration 0.6 (tol=0.002450606526911584): -92.20830763781777 -91.04850501383223 -90.11388836883235 -89.43406977732502
 Davidson iteration 0.7 (tol=0.000914404829086348): -92.20830912940949 -91.1400771784598 -90.27996735951335 -89.49130026436811
 Davidson iteration 1.0 (tol=0.0009144048290861593): -92.20830912940933
 Davidson iteration 1.1 (tol=0.0004014240375414072): -92.20830932794615 -89.42596027617692
 Davidson iteration 1.2 (tol=0.0001664421026458254): -92.20830938003677 -90.58790646706974 -87.84589480197012
 Davidson iteration 1.3 (tol=7.346731865711681e-05): -92.20830938796799 -91.033023749468 -88.85688727403404 -87.26146530960794
 Davidson iteration 1.4 (tol=2.704759747372357e-05): -92.20830938933283 -91.29302725444602 -88.97685182380705 -88.30294357770697
 Davidson iteration 1.5 (tol=9.897434225521856e-06): -92.20830938953131 -91.40500190008393 -89.43829144246148 -88.68996824031947
 Elapsed time for davidson 17.344368 (sec) 
 Elapsed time for diagonalization 17.344446 (sec) 
 Elapsed time for mult 0.566635 (sec) 
 Energy = -92.20830938953127
 Elapsed time for measurement 0.021637 (sec) 
 Sample-based diagonalization: Energy = -92.20830938953127
 Sample-based diagonalization: density = [1.999967348990031,1.987406921582686,1.985081664174524,1.97900114450506,1.979257699503811,1.970978895082699,1.97577641345695,1.892575813341836,1.983451257655645,0.1128542262533242,0.02467863642148647,0.02627965641853332,0.02315101368508347,0.01980524367109084,0.01981476639269578,0.01991929882611504
 Sample-based diagonalization: carryover bitstrings = [], size = 0
