 Elapsed time for helper construction 0.9622339999999999 (sec) 
 Elapsed time for init 0.016023 (sec) 
 Elapsed time for makeQChamDiagTerms 6.949013 (sec) 
 Davidson iteration 0.0 (tol=0.5521825238924392): -150.0034009543735
 Davidson iteration 0.1 (tol=0.2320309215509251): -150.1310456815712 -148.0186820983806
 Davidson iteration 0.2 (tol=0.09843935728931426): -150.1472989419128 -148.4750690334281 -147.2476047461369
 Davidson iteration 0.3 (tol=0.03545923848051556): -150.1503570791956 -148.6952892698775 -147.498155938525 -147.0701745738739
 Davidson iteration 0.4 (tol=0.01397745473887268): -150.1507250020381 -148.9026822071041 -147.7989350052664 -147.2606279002152
 Davidson iteration 0.5 (tol=0.005141320558788316): -150.1507973064979 -149.2342727078428 -148.0730936720102 -147.4841225777345
 Davidson iteration 0.6 (tol=0.002174881264404058): -150.150805699742 -149.3648286663237 -148.2317127996956 -147.4857979002722
 Davidson iteration 0.7 (tol=0.0008563459431191268): -150.1508072851491 -149.4690060293216 -148.6608664261362 -147.8426113059174
 Davidson iteration 1.0 (tol=0.0008563459431194534): -150.1508072851496
 Davidson iteration 1.1 (tol=0.0003902386848773059): -150.1508075050381 -147.8836226426488
 Davidson iteration 1.2 (tol=0.0002048608363002828): -150.150807567073 -149.2328042328637 -146.6356094922915
 Davidson iteration 1.3 (tol=8.414914852528964e-05): -150.1508075810422 -149.5624063028792 -147.1150307947431 -145.9574320570757
 Davidson iteration 1.4 (tol=3.590714952924356e-05): -150.1508075832138 -149.666081398532 -147.4931297160154 -147.1066491252632
 Davidson iteration 1.5 (tol=1.449391939908855e-05): -150.1508075836586 -149.7469839302157 -148.3851274383783 -147.1225035055829
 Davidson iteration 1.6 (tol=5.972685560349346e-06): -150.1508075837336 -149.7884625700679 -148.999034554023 -147.4257188148132
 Elapsed time for davidson 43.594045 (sec) 
 Elapsed time for diagonalization 43.594313 (sec) 
 Elapsed time for mult 1.21464 (sec) 
 Energy = -150.1508075837329
 Elapsed time for measurement 0.120632 (sec) 
 Sample-based diagonalization: Energy = -150.1508075837329
 Sample-based diagonalization: density = [1.999996775184746,1.99831540382167,1.992598426201178,1.987883471717627,1.992105722379829,1.986802384877343,1.98967676426552,1.970492000192666,1.978773844250931,1.982296643162145,1.944183591957107,0.09483605907418211,0.007259646444371727,0.02336371764393997,0.009214999798492086,0.00420680569200855,0.001151166237522088,0.01924816657018579,0.01759441022316367
 Sample-based diagonalization: carryover bitstrings = [], size = 0
