 Elapsed time for helper construction 0.99649 (sec) 
 Elapsed time for init 0.040139 (sec) 
 Elapsed time for makeQChamDiagTerms 13.740832 (sec) 
 Davidson iteration 0.0 (tol=0.4319994693947209): -149.7751635148811
 Davidson iteration 0.1 (tol=0.08011809034995165): -149.8814087071408 -148.3785835599439
 Davidson iteration 0.2 (tol=0.01704540236164983): -149.8849196450468 -148.4722273170921 -148.359223243953
 Davidson iteration 0.3 (tol=0.00386185112845509): -149.8850908962208 -148.6815078042429 -148.4174578617645 -148.1743000700898
 Davidson iteration 0.4 (tol=0.001073692582283917): -149.8851009716699 -149.0780239344902 -148.4725390200814 -148.2393251111151
 Davidson iteration 0.5 (tol=0.0003015241651400465): -149.8851017242968 -149.2188199551973 -148.6833048892051 -148.4360139069771
 Davidson iteration 0.6 (tol=7.65141788679666e-05): -149.8851017853026 -149.3093661732948 -148.820195711118 -148.5688586338149
 Davidson iteration 0.7 (tol=2.083193877454938e-05): -149.8851017892324 -149.3551930024743 -148.9306295384095 -148.8168775518707
 Davidson iteration 1.0 (tol=2.083193877630479e-05): -149.8851017892334
 Davidson iteration 1.1 (tol=5.970288287315916e-06): -149.8851017894891 -148.6387358064228
 Elapsed time for davidson 39.330976 (sec) 
 Elapsed time for diagonalization 39.331218 (sec) 
 Elapsed time for mult 1.242292 (sec) 
 Energy = -149.8851017894868
 Elapsed time for measurement 0.14084 (sec) 
 Sample-based diagonalization: Energy = -149.8851017894868
 Sample-based diagonalization: density = [1.99999169139255,1.996255696578114,1.99865674955037,1.996492708333804,1.996224469456009,1.992502151968482,1.99352674481064,1.993655426634317,1.990712457681066,1.982269300066274,1.995340697307675,1.980795438126207,1.986333807180984,1.946601664347659,0.02480054073218723,0.04878675600676562,0.02721288138428314,0.008130816884798029,0.001734242840077573,0.009617276622245222,0.008230713599094884,0.0037751242586572,0.006153583769136372,0.004897032637179796,0.00217230827884257,0.005129719428848007
 Sample-based diagonalization: carryover bitstrings = [], size = 0
