 Elapsed time for helper construction 0.62374 (sec) 
 Elapsed time for init 0.008999999999999999 (sec) 
 Elapsed time for makeQChamDiagTerms 2.788759 (sec) 
 Davidson iteration 0.0 (tol=0.5624702821955545): -123.3925864618899
 Davidson iteration 0.1 (tol=0.2143973829627984): -123.5211983241637 -121.2154884389719
 Davidson iteration 0.2 (tol=0.08019221102211319): -123.5352696906842 -121.7548111989023 -120.7160901897537
 Davidson iteration 0.3 (tol=0.02527744021589013): -123.5371895724754 -121.9490870369052 -120.734043591274 -120.5405057760173
 Davidson iteration 0.4 (tol=0.01040427972772096): -123.5373820336262 -122.2508347235969 -121.0759727977537 -120.6434688911745
 Davidson iteration 0.5 (tol=0.003862044686571486): -123.5374204315684 -122.6046101056886 -121.4331090893687 -120.959292803268
 Davidson iteration 0.6 (tol=0.0013328179148206): -123.5374250607739 -122.747432097121 -121.5055413864328 -121.2913738520833
 Davidson iteration 0.7 (tol=0.0005406594395507825): -123.5374255686302 -122.8274816307837 -121.7683422348293 -121.333452031784
 Davidson iteration 1.0 (tol=0.000540659439550972): -123.5374255686303
 Davidson iteration 1.1 (tol=0.0002391702790615135): -123.537425637782 -120.4829644624159
 Davidson iteration 1.2 (tol=0.000113318524882101): -123.5374256590012 -122.4395366147174 -118.8930665405146
 Davidson iteration 1.3 (tol=5.100707142689452e-05): -123.5374256627295 -122.8528788319861 -120.1286682574807 -117.6652274907709
 Davidson iteration 1.4 (tol=1.954314794542292e-05): -123.5374256634568 -122.9922531830879 -120.3474290964141 -120.1284786584219
 Davidson iteration 1.5 (tol=7.677772106150755e-06): -123.5374256635837 -123.0857514206955 -121.7120730509409 -120.1299820989961
 Elapsed time for davidson 21.348598 (sec) 
 Elapsed time for diagonalization 21.348727 (sec) 
 Elapsed time for mult 0.689735 (sec) 
 Energy = -123.5374256635832
 Elapsed time for measurement 0.036665 (sec) 
 Sample-based diagonalization: Energy = -123.5374256635832
 Sample-based diagonalization: density = [1.999986575447475,1.992333513856445,1.988231020240232,1.981812076849543,1.982856767812574,1.977105434029163,1.982901138944297,1.981651009042996,1.981026502656799,1.978272437128613,0.05874901191248194,0.02022095308242871,0.01232121556118437,0.0195312220324662,0.01602879609135894,0.0155653207339903,0.01140700441671767
 Sample-based diagonalization: carryover bitstrings = [], size = 0
