 Elapsed time for helper construction 1.219344 (sec) 
 Elapsed time for init 0.042363 (sec) 
 Elapsed time for makeQChamDiagTerms 13.198957 (sec) 
 Davidson iteration 0.0 (tol=0.6782412799982322): -164.5961528318689
 Davidson iteration 0.1 (tol=0.2267393874114901): -164.7909556314493 -162.5740429398253
 Davidson iteration 0.2 (tol=0.07884626497740588): -164.8078217337983 -162.8533688330599 -162.1291942022774
 Davidson iteration 0.3 (tol=0.02258094857896793): -164.809968612064 -163.0264438374136 -162.3287155053454 -162.0431771885111
 Davidson iteration 0.4 (tol=0.008847708427330476): -164.8101617891001 -163.3832429430623 -162.4275559778053 -162.1431871030672
 Davidson iteration 0.5 (tol=0.003231499002309853): -164.8101963140965 -163.8616665346669 -162.5827633611325 -162.3435811893676
 Davidson iteration 0.6 (tol=0.001179252450312154): -164.8102004385811 -164.03082957096 -162.7377871137497 -162.3436588323657
 Davidson iteration 0.7 (tol=0.0004646654161222685): -164.8102009945046 -164.1308531086052 -163.2526677201436 -162.5155421787245
 Davidson iteration 1.0 (tol=0.0004646654161610173): -164.8102009945034
 Davidson iteration 1.1 (tol=0.0002120950783076535): -164.8102010718538 -162.7745882721255
 Davidson iteration 1.2 (tol=9.581966835861358e-05): -164.8102010940973 -163.9126607890671 -161.3421278037226
 Davidson iteration 1.3 (tol=3.599399668768009e-05): -164.8102010977139 -164.2155962161498 -162.2962524766326 -160.9149742912
 Davidson iteration 1.4 (tol=1.342287216669104e-05): -164.8102010982014 -164.2901947669272 -162.4909713389321 -162.291305759722
 Davidson iteration 1.5 (tol=4.844929149365173e-06): -164.8102010982756 -164.3405081334542 -163.2742335688146 -162.2973589166849
 Elapsed time for davidson 55.377788 (sec) 
 Elapsed time for diagonalization 55.381635 (sec) 
 Elapsed time for mult 1.285997 (sec) 
 Energy = -164.8102010982766
 Elapsed time for measurement 0.124541 (sec) 
 Sample-based diagonalization: Energy = -164.8102010982766
 Sample-based diagonalization: density = [1.999974833905409,1.99399501605638,1.994524539038635,1.991191911183464,1.987564263935033,1.9862439395438,1.985930239315507,1.985512684882255,1.979313089231127,1.983272141382368,1.967105072997333,1.994006672557213,1.985670629568953,1.950513789436628,0.08358009916568718,0.006832945909975971,0.01593901818422723,0.01598551895796094,0.01638234128964212,0.005670509403654646,0.01105269903129796,0.01151043983946608,0.01585789382551509,0.01513627647973878,0.01723343445854048
 Sample-based diagonalization: carryover bitstrings = [], size = 0
