 Elapsed time for helper construction 1.196254 (sec) 
 Elapsed time for init 0.042234 (sec) 
 Elapsed time for makeQChamDiagTerms 10.836992 (sec) 
 Davidson iteration 0.0 (tol=0.6768544595407008): -152.6673032093157
 Davidson iteration 0.1 (tol=0.2470807414438653): -152.8639302654029 -150.6403170106548
 Davidson iteration 0.2 (tol=0.09452119785505074): -152.8834259342926 -150.9983114989563 -150.0195059646163
 Davidson iteration 0.3 (tol=0.02834776872921854): -152.8863689114363 -151.2249195262625 -150.0829587312706 -149.8419411737893
 Davidson iteration 0.4 (tol=0.01210896091438544): -152.8866674811874 -151.5903235541107 -150.3773532699536 -150.016653362302
 Davidson iteration 0.5 (tol=0.004704216815197244): -152.8867239320797 -151.9851924450872 -150.6910375182097 -150.1253573308774
 Davidson iteration 0.6 (tol=0.001907757338926322): -152.8867318425809 -152.1382353829963 -150.8996915065498 -150.2031327695524
 Davidson iteration 0.7 (tol=0.0007318921904678529): -152.8867332042296 -152.2043822717753 -151.1534529313666 -150.4816559735941
 Davidson iteration 1.0 (tol=0.0007318921904509726): -152.8867332042301
 Davidson iteration 1.1 (tol=0.000341825918875307): -152.8867333914897 -150.7634973145256
 Davidson iteration 1.2 (tol=0.0001667595813430475): -152.8867334442718 -151.7553562056526 -149.5190312559508
 Davidson iteration 1.3 (tol=6.384594938141107e-05): -152.8867334542303 -152.0736718446913 -149.9142505969746 -149.3560100055052
 Davidson iteration 1.4 (tol=2.429964364446328e-05): -152.8867334556115 -152.195144383015 -150.3103428625031 -149.8552446382064
 Davidson iteration 1.5 (tol=9.976951257131492e-06): -152.8867334558561 -152.2841352889279 -151.3077770384618 -149.8848190167467
 Elapsed time for davidson 52.851465 (sec) 
 Elapsed time for diagonalization 52.852792 (sec) 
 Elapsed time for mult 1.55894 (sec) 
 Energy = -152.8867334558558
 Elapsed time for measurement 0.165114 (sec) 
 Sample-based diagonalization: Energy = -152.8867334558558
 Sample-based diagonalization: density = [1.999989118480276,1.990959212485834,1.990095840907203,1.987841708943276,1.985532276465898,1.981034816514556,1.983344243943205,1.978964781602808,1.980478601700943,1.959765101982713,1.995371603052671,1.988571752203758,1.943195582972667,0.09525897037356409,0.02171046067388969,0.01973920718604277,0.01654553414392683,0.01249696932184391,0.006284946629008753,0.01757379819940415,0.01121994627245197,0.01736313904195697,0.01666238650159589
 Sample-based diagonalization: carryover bitstrings = [], size = 0
