 Elapsed time for helper construction 1.115594 (sec) 
 Elapsed time for init 0.015951 (sec) 
 Elapsed time for makeQChamDiagTerms 11.434003 (sec) 
 Davidson iteration 0.0 (tol=0.6218174907676665): -160.4775384137821
 Davidson iteration 0.1 (tol=0.1386873722820444): -160.6374360132652 -158.3464429902161
 Davidson iteration 0.2 (tol=0.03485428960024523): -160.6457064757793 -159.0551652581723 -158.326600885165
 Davidson iteration 0.3 (tol=0.007087329230321271): -160.6461862227083 -159.0925426698652 -158.6171783843348 -158.2199749777053
 Davidson iteration 0.4 (tol=0.002439917871969436): -160.6462090573271 -159.5986366406533 -158.6549964742889 -158.606948878545
 Davidson iteration 0.5 (tol=0.000684488348831428): -160.6462116339291 -159.7473939182598 -158.8925405631754 -158.6376826739339
 Davidson iteration 0.6 (tol=0.0002112031733902603): -160.6462118678563 -159.9672013781094 -159.2706350419778 -158.6860245784637
 Davidson iteration 0.7 (tol=6.753057288704672e-05): -160.6462118884357 -160.0778374095816 -159.4640026871439 -158.6990961316914
 Davidson iteration 1.0 (tol=6.753057288406393e-05): -160.6462118884363
 Davidson iteration 1.1 (tol=2.338768982030543e-05): -160.6462118902932 -159.050330380927
 Davidson iteration 1.2 (tol=8.160318930098981e-06): -160.646211890619 -159.7547854303176 -158.4560695688722
 Elapsed time for davidson 34.934235 (sec) 
 Elapsed time for diagonalization 34.934551 (sec) 
 Elapsed time for mult 0.855119 (sec) 
 Energy = -160.646211890618
 Elapsed time for measurement 0.095042 (sec) 
 Sample-based diagonalization: Energy = -160.646211890618
 Sample-based diagonalization: density = [1.999971016756533,1.9931457793937,1.992520986237552,1.992198825233176,1.990468013782436,1.98435473567833,1.986584591584423,1.982173637700746,1.985721514962979,1.981490783110432,1.991528676532718,1.985306492101837,1.981120874076598,0.04458738255607998,0.01491351602890682,0.01096672801091559,0.01353754302532531,0.009956147813585737,0.01217925777245783,0.002229618739135734,0.009895248660303755,0.01517780659355236,0.010554235936802,0.009416587474681277
 Sample-based diagonalization: carryover bitstrings = [], size = 0
