 Elapsed time for helper construction 1.584171 (sec) 
 Elapsed time for init 0.020906 (sec) 
 Elapsed time for makeQChamDiagTerms 14.636912 (sec) 
 Davidson iteration 0.0 (tol=0.6727905724279044): -155.441541206004
 Davidson iteration 0.1 (tol=0.2354232949195937): -155.6360869647655 -153.492820889984
 Davidson iteration 0.2 (tol=0.08418347352135784): -155.6546399667058 -153.7944096680721 -153.0426528500625
 Davidson iteration 0.3 (tol=0.02454055750913372): -155.6569921549336 -153.9610640696121 -153.0452750382054 -152.8375747006722
 Davidson iteration 0.4 (tol=0.01010063774076645): -155.6572138291541 -154.3242826418116 -153.1266272785463 -153.0423925127579
 Davidson iteration 0.5 (tol=0.00390281029316566): -155.6572538488794 -154.7282525746242 -153.4477214975883 -153.0624568996884
 Davidson iteration 0.6 (tol=0.001462136535905249): -155.6572595044512 -154.9178687298571 -153.6926529559007 -153.1155489019063
 Davidson iteration 0.7 (tol=0.0005205564736632685): -155.6572602577629 -154.9739749845614 -153.8822028250581 -153.328712719039
 Davidson iteration 1.0 (tol=0.0005205564736487985): -155.6572602577639
 Davidson iteration 1.1 (tol=0.0002275055803512385): -155.6572603498991 -153.6956095496915
 Davidson iteration 1.2 (tol=9.902173332949218e-05): -155.6572603738529 -154.5044030014252 -152.5982860455669
 Davidson iteration 1.3 (tol=3.770344818547852e-05): -155.6572603774946 -154.8641144985305 -152.8103438701803 -152.4608164431348
 Davidson iteration 1.4 (tol=1.55701701351331e-05): -155.6572603780385 -155.0179312313514 -153.3286507851842 -152.8079964440491
 Davidson iteration 1.5 (tol=6.4349960679704e-06): -155.6572603781441 -155.1192906782844 -154.0625484151946 -152.9330173843716
 Elapsed time for davidson 64.838617 (sec) 
 Elapsed time for diagonalization 64.84187899999999 (sec) 
 Elapsed time for mult 1.900804 (sec) 
 Energy = -155.6572603781418
 Elapsed time for measurement 0.133531 (sec) 
 Sample-based diagonalization: Energy = -155.6572603781418
 Sample-based diagonalization: density = [1.999988705218244,1.992125252807063,1.990535882457607,1.987734719037649,1.985367342721575,1.979971501406506,1.985020804954407,1.986396158104198,1.983221880129798,1.971204433604121,1.983785764800456,1.991499216281826,1.931080343294016,0.095366650588424,0.00907473722115441,0.01689708544916829,0.01912165521440313,0.01431772276819354,0.01751880395626908,0.01427898913993094,0.01533388303601135,0.01631946521890967,0.01383900212916761
 Sample-based diagonalization: carryover bitstrings = [], size = 0
