 Elapsed time for helper construction 0.312486 (sec) 
 Elapsed time for init 0.002732 (sec) 
 Elapsed time for makeQChamDiagTerms 0.9673539999999999 (sec) 
 Davidson iteration 0.0 (tol=0.6033257847227305): -111.1218828878995
 Davidson iteration 0.1 (tol=0.2706829501068838): -111.2732921573312 -109.0487042436342
 Davidson iteration 0.2 (tol=0.1255686346525791): -111.2939971784482 -109.514700988461 -108.0213189085098
 Davidson iteration 0.3 (tol=0.04907641384401228): -111.2983960676965 -109.7562790975138 -108.3364192934043 -107.5192136090691
 Davidson iteration 0.4 (tol=0.02149037781006151): -111.2990034207157 -109.9787665306254 -108.7484111137418 -107.8667314416212
 Davidson iteration 0.5 (tol=0.009241891981916007): -111.2991335780515 -110.2916101448744 -109.1166423721492 -108.0451470916621
 Davidson iteration 0.6 (tol=0.004514006265396042): -111.2991593931772 -110.5131159453876 -109.3774774238156 -108.2130875146878
 Davidson iteration 0.7 (tol=0.002015628924693195): -111.2991654033255 -110.6748068773405 -109.6666223930105 -108.6117727408949
 Davidson iteration 1.0 (tol=0.002015628924691088): -111.2991654033261
 Davidson iteration 1.1 (tol=0.0009032703216434808): -111.2991664221384 -108.4472984420947
 Davidson iteration 1.2 (tol=0.0005285876197128106): -111.2991667498623 -110.2456828224342 -107.7406475382278
 Davidson iteration 1.3 (tol=0.0002641130786354688): -111.2991668332512 -110.663951547051 -107.7738941199573 -106.8600596986072
 Davidson iteration 1.4 (tol=0.0001201551962400473): -111.2991668512919 -110.7934999208061 -107.8595442543342 -107.573994586021
 Davidson iteration 1.5 (tol=4.934789138077671e-05): -111.2991668552466 -110.8650981868913 -108.8858715229803 -107.8291083377493
 Davidson iteration 1.6 (tol=2.127272012967455e-05): -111.2991668558934 -110.8877859404422 -109.4561343292956 -108.0184305587339
 Davidson iteration 1.7 (tol=6.824806791957488e-06): -111.2991668560177 -110.9001660013039 -109.8713300522801 -108.0562887339197
 Elapsed time for davidson 10.228205 (sec) 
 Elapsed time for diagonalization 10.228268 (sec) 
 Elapsed time for mult 0.328227 (sec) 
 Energy = -111.2991668560172
 Elapsed time for measurement 0.014088 (sec) 
 Sample-based diagonalization: Energy = -111.2991668560172
 Sample-based diagonalization: density = [1.999987529447541,1.989108802757285,1.986252194312582,1.980913181585277,1.976077890930925,1.976316387685013,1.956956622418896,1.981017232068542,1.944322131039786,0.09551562038574768,0.02560421559890939,0.0254769938791221,0.02173070476538039,0.02273587727871138,0.01798461580076888
 Sample-based diagonalization: carryover bitstrings = [], size = 0
