 Elapsed time for helper construction 1.152217 (sec) 
 Elapsed time for init 0.020075 (sec) 
 Elapsed time for makeQChamDiagTerms 15.531949 (sec) 
 Davidson iteration 0.0 (tol=0.6253073996815413): -176.8903054796097
 Davidson iteration 0.1 (tol=0.1634110600092153): -177.0649708253941 -175.0625181478208
 Davidson iteration 0.2 (tol=0.04520216879612332): -177.0763530446573 -175.4473414233966 -175.0181214167378
 Davidson iteration 0.3 (tol=0.01045306085916781): -177.0772416608564 -175.4510052870383 -175.250626566247 -174.9707482677582
 Davidson iteration 0.4 (tol=0.003706896265514926): -177.0772985703193 -176.0172078482104 -175.2513024048785 -175.0043002289243
 Davidson iteration 0.5 (tol=0.001187792505270762): -177.0773058481483 -176.2376836064529 -175.4055386616843 -175.1824924459795
 Davidson iteration 0.6 (tol=0.0003301896017750212): -177.0773065572664 -176.3932133886003 -175.4935514407033 -175.3515294514859
 Davidson iteration 0.7 (tol=9.782636202354563e-05): -177.0773066064048 -176.431713158302 -175.5494397610539 -175.4171238125404
 Davidson iteration 1.0 (tol=9.782636202884423e-05): -177.0773066064071
 Davidson iteration 1.1 (tol=3.919285151734009e-05): -177.0773066109169 -175.8082939918656
 Davidson iteration 1.2 (tol=1.354702505730894e-05): -177.077306611874 -176.2050452600169 -175.1517541380511
 Davidson iteration 1.3 (tol=4.561492664686259e-06): -177.0773066119708 -176.5431086087734 -175.1826764148695 -174.8310424955502
 Elapsed time for davidson 44.66041999999999 (sec) 
 Elapsed time for diagonalization 44.663255 (sec) 
 Elapsed time for mult 0.8762329999999999 (sec) 
 Energy = -177.07730661197
 Elapsed time for measurement 0.122142 (sec) 
 Sample-based diagonalization: Energy = -177.07730661197
 Sample-based diagonalization: density = [1.999977219535608,1.994367451513844,1.994507192703621,1.993092667440838,1.992840403875939,1.992567451891864,1.987918488026438,1.988970475132673,1.985449760160462,1.986362341441541,1.98528338916344,1.974241815500642,1.995171580425401,1.991879000570548,1.942075256638673,0.08408552594910881,0.00561328113965549,0.01320310677952287,0.01087649840709367,0.01066635179090508,0.01090019526359184,0.004894561870155788,0.01151912757051967,0.01471912557520505,0.01482356803830778,0.01399416335680418
 Sample-based diagonalization: carryover bitstrings = [], size = 0
