 Elapsed time for helper construction 1.353382 (sec) 
 Elapsed time for init 0.019984 (sec) 
 Elapsed time for makeQChamDiagTerms 16.267701 (sec) 
 Davidson iteration 0.0 (tol=0.6491699088588728): -165.0337289702646
 Davidson iteration 0.1 (tol=0.186982486361312): -165.2180390141679 -163.0883193483324
 Davidson iteration 0.2 (tol=0.05837113300506336): -165.2309782527279 -163.3785382051236 -162.8561614663155
 Davidson iteration 0.3 (tol=0.013559335724193): -165.2322698180582 -163.4901080488876 -162.9335000991187 -162.8560344491169
 Davidson iteration 0.4 (tol=0.004568727797377437): -165.2323482423728 -163.8854486905513 -162.9410215105329 -162.8986568553375
 Davidson iteration 0.5 (tol=0.001575301650032825): -165.2323574092236 -164.2216481664562 -163.1542961131626 -162.9183473446991
 Davidson iteration 0.6 (tol=0.0004951324769974085): -165.2323584943222 -164.3943485068646 -163.291114343696 -163.149432239655
 Davidson iteration 0.7 (tol=0.0001779812084039822): -165.2323586103254 -164.5242508599458 -163.8550845752965 -163.269446155952
 Davidson iteration 1.0 (tol=0.0001779812084046816): -165.2323586103259
 Davidson iteration 1.1 (tol=7.201675049991304e-05): -165.2323586244672 -163.7871654055321
 Davidson iteration 1.2 (tol=3.385939289067415e-05): -165.2323586283659 -164.6748579593532 -163.065031805047
 Davidson iteration 1.3 (tol=1.190668911412608e-05): -165.2323586288638 -164.8188857174822 -163.2310293357524 -162.8019117870962
 Davidson iteration 1.4 (tol=4.451735210922596e-06): -165.2323586289283 -164.877739659732 -163.2891303155853 -163.1814547105632
 Elapsed time for davidson 54.190698 (sec) 
 Elapsed time for diagonalization 54.192398 (sec) 
 Elapsed time for mult 1.172229 (sec) 
 Energy = -165.2323586289276
 Elapsed time for measurement 0.14045 (sec) 
 Sample-based diagonalization: Energy = -165.2323586289276
 Sample-based diagonalization: density = [1.999976307782212,1.995034851608351,1.995118790712999,1.991786942243879,1.987593436784194,1.988006261751732,1.985979595015448,1.985031963369526,1.980916788271047,1.984670652871857,1.974827254605175,1.99491663218926,1.984999940184855,1.9501229644948,0.07781436815435555,0.01562748639060835,0.009636950430361335,0.01434994896463459,0.01044608978116403,0.008601371501014358,0.005612159071302181,0.01526436939674112,0.01422705474926206,0.01499919671173759,0.01443862261944199
 Sample-based diagonalization: carryover bitstrings = [], size = 0
