 Elapsed time for helper construction 1.306359 (sec) 
 Elapsed time for init 0.044251 (sec) 
 Elapsed time for makeQChamDiagTerms 11.375704 (sec) 
 Davidson iteration 0.0 (tol=0.5985736103004203): -128.642700917823
 Davidson iteration 0.1 (tol=0.1688723847660082): -128.7995611780694 -126.495496582248
 Davidson iteration 0.2 (tol=0.05713149016986659): -128.8092223164127 -127.0493770250897 -126.1820594986958
 Davidson iteration 0.3 (tol=0.01542382280579379): -128.8103596450177 -127.1466230290362 -126.296228657779 -126.1119642120625
 Davidson iteration 0.4 (tol=0.006038529462963075): -128.8104846723322 -127.9183839617081 -126.695757762095 -126.2073512461634
 Davidson iteration 0.5 (tol=0.002057684856236843): -128.8105005893997 -128.1553692158625 -126.7957820129314 -126.3080720696593
 Davidson iteration 0.6 (tol=0.0006215116435150443): -128.8105022920708 -128.2612426790485 -127.0024558501991 -126.3837693418672
 Davidson iteration 0.7 (tol=0.0001666269804971263): -128.8105024269428 -128.291887406561 -127.1621059668076 -126.5056873106025
 Davidson iteration 1.0 (tol=0.000166626980492272): -128.8105024269443
 Davidson iteration 1.1 (tol=5.552710326018127e-05): -128.8105024358289 -126.3264266662371
 Davidson iteration 1.2 (tol=1.735385976416455e-05): -128.8105024370882 -127.2438289847835 -125.4865855733112
 Davidson iteration 1.3 (tol=5.151774174355588e-06): -128.8105024371944 -127.7190740608707 -125.8125138801566 -125.4319475902416
 Elapsed time for davidson 55.541224 (sec) 
 Elapsed time for diagonalization 55.546433 (sec) 
 Elapsed time for mult 1.922513 (sec) 
 Energy = -128.8105024371933
 Elapsed time for measurement 0.105002 (sec) 
 Sample-based diagonalization: Energy = -128.8105024371933
 Sample-based diagonalization: density = [1.999970810568218,1.994257463154912,1.990970320646882,1.988495505588101,1.988450790544683,1.982844505996326,1.984405621607084,1.982335616953408,1.982320792401883,1.975527697884638,1.986581523102883,1.978762967944319,0.01709939967983046,0.02586779639169631,0.01755757382833964,0.01710705998987945,0.01440209996525131,0.009929715152113983,0.01184335162652674,0.01286851319983567,0.01678978529310722,0.01193084261512289,0.009680245470796631
 Sample-based diagonalization: carryover bitstrings = [], size = 0
