 Elapsed time for helper construction 0.9445079999999999 (sec) 
 Elapsed time for init 0.03441 (sec) 
 Elapsed time for makeQChamDiagTerms 11.592852 (sec) 
 Davidson iteration 0.0 (tol=0.5764939549435123): -166.1254981839797
 Davidson iteration 0.1 (tol=0.1683901886168747): -166.2760958816617 -164.2631617851902
 Davidson iteration 0.2 (tol=0.04736804708314535): -166.2869622855609 -164.575943434206 -164.0140218611498
 Davidson iteration 0.3 (tol=0.01263639712575411): -166.2879306251811 -164.7164666978182 -164.2562219189927 -164.0095261690373
 Davidson iteration 0.4 (tol=0.004523992476652577): -166.2880054160852 -165.1380663967589 -164.2562797353361 -164.1015767311964
 Davidson iteration 0.5 (tol=0.001443645782427687): -166.2880153868468 -165.4060301003583 -164.3173260507575 -164.2514574474531
 Davidson iteration 0.6 (tol=0.0004336233975803547): -166.2880162986577 -165.5188746217044 -164.4936362621729 -164.2879676665536
 Davidson iteration 0.7 (tol=0.0001310854046938181): -166.2880163761049 -165.5515701365903 -164.7963460209638 -164.4930723404045
 Davidson iteration 1.0 (tol=0.0001310854046945311): -166.2880163761027
 Davidson iteration 1.1 (tol=4.678731159620804e-05): -166.2880163830181 -164.5260882754226
 Davidson iteration 1.2 (tol=1.57393082559088e-05): -166.2880163841917 -165.1382350455062 -164.1595647816153
 Davidson iteration 1.3 (tol=4.389477928053764e-06): -166.2880163842914 -165.3757135724933 -164.2034223269268 -163.7624189436334
 Elapsed time for davidson 38.800005 (sec) 
 Elapsed time for diagonalization 38.80227199999999 (sec) 
 Elapsed time for mult 0.8098839999999999 (sec) 
 Energy = -166.2880163842933
 Elapsed time for measurement 0.098297 (sec) 
 Sample-based diagonalization: Energy = -166.2880163842933
 Sample-based diagonalization: density = [1.999988704799163,1.994022590722595,1.996735197212876,1.995109727078988,1.99168982429002,1.990775868719278,1.991687207664863,1.993029542626137,1.984354447136531,1.983589283442718,1.972989338882788,1.995624415606225,1.990580898582019,1.943506703225978,0.08489930529179902,0.008497301488380038,0.01033708006183262,0.00213873070081046,0.006384173417435184,0.005145288075355989,0.009978987403219355,0.01439481604819613,0.007682536861233432,0.01166302647290533,0.01519500391211277
 Sample-based diagonalization: carryover bitstrings = [], size = 0
