 Elapsed time for helper construction 1.172114 (sec) 
 Elapsed time for init 0.01799 (sec) 
 Elapsed time for makeQChamDiagTerms 14.59194 (sec) 
 Davidson iteration 0.0 (tol=0.5836160649632753): -149.107015221327
 Davidson iteration 0.1 (tol=0.1530335359760936): -149.269321503163 -147.261013055948
 Davidson iteration 0.2 (tol=0.04711954419484228): -149.2781941805139 -147.4657132234694 -146.9697828866165
 Davidson iteration 0.3 (tol=0.01154558404802819): -149.2790784670984 -147.5468744471146 -147.127387180584 -146.9446008115258
 Davidson iteration 0.4 (tol=0.003619166954355453): -149.2791414857163 -147.9219183318027 -147.1764230986053 -146.9938425348916
 Davidson iteration 0.5 (tol=0.001113986931741398): -149.2791467925549 -148.1781795311514 -147.2414149749461 -147.170388530345
 Davidson iteration 0.6 (tol=0.0003208400017812746): -149.2791473153527 -148.2818865636563 -147.3895169595764 -147.2192553633313
 Davidson iteration 0.7 (tol=0.0001034755320211079): -149.2791473589471 -148.3482574827743 -147.6974845882251 -147.2197108933497
 Davidson iteration 1.0 (tol=0.0001034755320228784): -149.2791473589454
 Davidson iteration 1.1 (tol=4.067376485326119e-05): -149.2791473633439 -147.3834339962548
 Davidson iteration 1.2 (tol=1.639471844589318e-05): -149.2791473643681 -148.4712109276741 -146.6565175913181
 Davidson iteration 1.3 (tol=6.073226283511159e-06): -149.2791473644996 -148.760513502136 -147.0193564972965 -146.4318506196845
 Elapsed time for davidson 50.53122399999999 (sec) 
 Elapsed time for diagonalization 50.537128 (sec) 
 Elapsed time for mult 1.234411 (sec) 
 Energy = -149.2791473645002
 Elapsed time for measurement 0.11972 (sec) 
 Sample-based diagonalization: Energy = -149.2791473645002
 Sample-based diagonalization: density = [1.999984491647996,1.993346852443288,1.993752268615711,1.994281356110643,1.989121860909207,1.985445886516894,1.98641332083696,1.984332393991213,1.994373450557761,1.989655632687973,1.989084858699704,1.950310039654295,1.979316790400786,1.988221689841024,0.06287728244026486,0.01077942465576368,0.01985673386449275,0.01200139857955157,0.009438577109610057,0.01344588612841705,0.004264255292422074,0.007090932100096529,0.01333878569970143,0.003717096158447972,0.0101167863974563,0.01543194835303103
 Sample-based diagonalization: carryover bitstrings = [], size = 0
