 Elapsed time for helper construction 1.132684 (sec) 
 Elapsed time for init 0.017222 (sec) 
 Elapsed time for makeQChamDiagTerms 11.155057 (sec) 
 Davidson iteration 0.0 (tol=0.6463994589661379): -154.3172871743946
 Davidson iteration 0.1 (tol=0.2076771614051491): -154.4991902266513 -152.3854252356948
 Davidson iteration 0.2 (tol=0.06895973927406429): -154.514022477656 -152.6327053554631 -152.0272616770309
 Davidson iteration 0.3 (tol=0.01968034773686881): -154.5156412076792 -152.7718187815596 -152.0842037496825 -151.7851367676259
 Davidson iteration 0.4 (tol=0.006839723421148533): -154.5157801228599 -153.0403910115739 -152.1221760906352 -152.0840347835348
 Davidson iteration 0.5 (tol=0.002275692665806494): -154.5158010340184 -153.4990263672796 -152.3258999038406 -152.1169144168136
 Davidson iteration 0.6 (tol=0.000815633599947787): -154.515803151201 -153.7177242003814 -152.5338782469443 -152.1657501642146
 Davidson iteration 0.7 (tol=0.0002955116758734816): -154.5158034178554 -153.7999897697067 -152.9351569613539 -152.3929900698137
 Davidson iteration 1.0 (tol=0.0002955116758698662): -154.5158034178565
 Davidson iteration 1.1 (tol=0.0001314073125020109): -154.5158034516161 -152.7852093200804
 Davidson iteration 1.2 (tol=6.354499101298535e-05): -154.5158034611623 -153.8500851917547 -151.4364506021078
 Davidson iteration 1.3 (tol=2.455533720758765e-05): -154.5158034627902 -154.0764256706843 -151.9495894393543 -150.9475205157973
 Davidson iteration 1.4 (tol=9.789752775831948e-06): -154.5158034630308 -154.1486175212798 -152.4024761170318 -151.8801432561085
 Elapsed time for davidson 42.737123 (sec) 
 Elapsed time for diagonalization 42.741238 (sec) 
 Elapsed time for mult 0.8219329999999999 (sec) 
 Energy = -154.51580346303
 Elapsed time for measurement 0.09872499999999999 (sec) 
 Sample-based diagonalization: Energy = -154.51580346303
 Sample-based diagonalization: density = [1.999989293485226,1.992238665789515,1.991114702294319,1.989314640080617,1.986517821370575,1.984635411541663,1.985367932469851,1.98546783974867,1.9830935334433,1.975004510478099,1.987300695029398,1.990815396519251,1.942989690040738,0.08504380613296313,0.01929165387055501,0.01667890816440603,0.009872060098482835,0.008654378178573559,0.01401443330679796,0.01086464937119854,0.01080233233462516,0.01634435511293356,0.01458329083016282
 Sample-based diagonalization: carryover bitstrings = [], size = 0
