 Elapsed time for helper construction 1.343138 (sec) 
 Elapsed time for init 0.020997 (sec) 
 Elapsed time for makeQChamDiagTerms 10.438665 (sec) 
 Davidson iteration 0.0 (tol=0.6213843919509409): -114.0078619793622
 Davidson iteration 0.1 (tol=0.1441003806783488): -114.182782163163 -111.8878833343899
 Davidson iteration 0.2 (tol=0.02446031280676605): -114.1897685381938 -112.162709052911 -111.1924756342255
 Davidson iteration 0.3 (tol=0.005741131275686825): -114.1899643989675 -112.2553966073988 -111.579321619626 -111.0891606040094
 Davidson iteration 0.4 (tol=0.001597878723409629): -114.1899760815822 -112.4027629658442 -111.8801813206484 -111.2397845488952
 Davidson iteration 0.5 (tol=0.0004224393537129244): -114.1899769151913 -112.5999266000798 -112.0593402581048 -111.2400182476813
 Davidson iteration 0.6 (tol=9.424231260569191e-05): -114.1899769704239 -112.7176281211445 -112.1516236095943 -111.4715591793125
 Davidson iteration 0.7 (tol=2.206584929703267e-05): -114.1899769731829 -112.7531469022305 -112.2072555041839 -111.6288827391075
 Davidson iteration 1.0 (tol=2.206584929637932e-05): -114.1899769731823
 Davidson iteration 1.1 (tol=6.794220029961615e-06): -114.189976973328 -111.2741321244818
 Elapsed time for davidson 38.806929 (sec) 
 Elapsed time for diagonalization 38.807218 (sec) 
 Elapsed time for mult 1.449009 (sec) 
 Energy = -114.189976973328
 Elapsed time for measurement 0.164735 (sec) 
 Sample-based diagonalization: Energy = -114.189976973328
 Sample-based diagonalization: density = [1.999970284300127,1.990755047751638,1.989256561294979,1.98650426529136,1.983183416736947,1.982393168483083,1.981218911385551,1.980948702363826,1.978919795916767,1.97782872316106,1.978389057673904,0.01141827859859536,0.01759060314878143,0.01791933384687021,0.01699262015991877,0.01493604089257334,0.01568987287495317,0.01512538176446459,0.01617335373417737,0.01415488805260216,0.01487901837166402,0.01575267390330509
 Sample-based diagonalization: carryover bitstrings = [], size = 0
