 Elapsed time for helper construction 0.6737409999999999 (sec) 
 Elapsed time for init 0.021619 (sec) 
 Elapsed time for makeQChamDiagTerms 3.734266 (sec) 
 Davidson iteration 0.0 (tol=0.5458287301456984): -149.390870062887
 Davidson iteration 0.1 (tol=0.2401660299050015): -149.5193727085171 -147.4793022743432
 Davidson iteration 0.2 (tol=0.1086519113149421): -149.5368387480988 -147.9269536884491 -146.6279307141201
 Davidson iteration 0.3 (tol=0.04147463552783135): -149.5404968489984 -148.1253766629342 -146.9166846403219 -146.3324197555561
 Davidson iteration 0.4 (tol=0.01676144533539858): -149.5409522760078 -148.2979085686014 -147.2188360336613 -146.643622334865
 Davidson iteration 0.5 (tol=0.005798427605124065): -149.5410439006192 -148.5661411892025 -147.4302816595403 -146.9726331063338
 Davidson iteration 0.6 (tol=0.002429751807393012): -149.5410543525814 -148.677426972587 -147.5866475987886 -147.0223486581237
 Davidson iteration 0.7 (tol=0.001000488235017995): -149.5410559491657 -148.752921024821 -147.8361473431526 -147.1256697880808
 Davidson iteration 1.0 (tol=0.001000488235017416): -149.5410559491651
 Davidson iteration 1.1 (tol=0.000491876891557405): -149.5410562001615 -146.8244460378834
 Davidson iteration 1.2 (tol=0.0002267827208007697): -149.5410562798936 -148.3032625840424 -144.898181254621
 Davidson iteration 1.3 (tol=9.630819592393237e-05): -149.5410562964726 -148.7228231819037 -146.7029887040591 -143.6719428344138
 Davidson iteration 1.4 (tol=4.079356845596011e-05): -149.5410562989247 -148.8701352703524 -146.7743439377032 -146.313594044603
 Davidson iteration 1.5 (tol=1.673969307313086e-05): -149.5410562994182 -148.9972761636913 -147.4318887609244 -146.7132451886357
 Davidson iteration 1.6 (tol=8.401275713120456e-06): -149.5410562995069 -149.0663451285344 -148.1512066088247 -147.0696972730313
 Elapsed time for davidson 29.361695 (sec) 
 Elapsed time for diagonalization 29.364869 (sec) 
 Elapsed time for mult 1.001321 (sec) 
 Energy = -149.5410562995079
 Elapsed time for measurement 0.076233 (sec) 
 Sample-based diagonalization: Energy = -149.5410562995079
 Sample-based diagonalization: density = [1.999997029562964,1.997968068403118,1.992341144277517,1.994393610836434,1.988449592286443,1.985179893442602,1.991924579482298,1.968743272610518,1.976737656748137,1.983604806114412,1.93083216059077,0.1083367854348608,0.02071414213643714,0.01193170102237731,0.002392119889115716,0.005274371448360173,0.02244854549872791,0.01873052002504628
 Sample-based diagonalization: carryover bitstrings = [], size = 0
