 Elapsed time for helper construction 1.090272 (sec) 
 Elapsed time for init 0.015214 (sec) 
 Elapsed time for makeQChamDiagTerms 10.804619 (sec) 
 Davidson iteration 0.0 (tol=0.6547660686765422): -154.3172871743946
 Davidson iteration 0.1 (tol=0.2053517502959336): -154.504754110261 -152.3889518456306
 Davidson iteration 0.2 (tol=0.06645869625861338): -154.51968260249 -152.6392958095039 -152.0792498441773
 Davidson iteration 0.3 (tol=0.01965086870202581): -154.5212218890397 -152.7842460598025 -152.1175869703595 -151.8401672530177
 Davidson iteration 0.4 (tol=0.006991916680584344): -154.5213601026433 -153.0353906133144 -152.1495883923245 -152.117368643281
 Davidson iteration 0.5 (tol=0.002453162686876244): -154.5213816797796 -153.4796770757674 -152.2857765123621 -152.1361586522381
 Davidson iteration 0.6 (tol=0.0008937977508802974): -154.5213839782557 -153.6933667205172 -152.4619514077341 -152.1365012350715
 Davidson iteration 0.7 (tol=0.0003141144799230953): -154.521384267938 -153.7737837593806 -152.7500357863766 -152.289381767114
 Davidson iteration 1.0 (tol=0.0003141144799199445): -154.5213842679379
 Davidson iteration 1.1 (tol=0.000139962010664732): -154.5213843031535 -152.5287758068676
 Davidson iteration 1.2 (tol=6.076078980043261e-05): -154.5213843131717 -153.6042470080141 -151.337135826735
 Davidson iteration 1.3 (tol=2.250360631431425e-05): -154.5213843147677 -153.9332255445684 -151.9433941015805 -151.1584386906773
 Davidson iteration 1.4 (tol=9.411839898704034e-06): -154.5213843149843 -154.0539411445413 -152.4333719831237 -151.8274985135175
 Elapsed time for davidson 38.97454099999999 (sec) 
 Elapsed time for diagonalization 38.974929 (sec) 
 Elapsed time for mult 0.889995 (sec) 
 Energy = -154.521384314983
 Elapsed time for measurement 0.095611 (sec) 
 Sample-based diagonalization: Energy = -154.521384314983
 Sample-based diagonalization: density = [1.999989211754939,1.992177277085107,1.990716669404364,1.989079533571581,1.986478978091254,1.984359575799729,1.981784980817936,1.985560435642709,1.982857872005432,1.975176384308505,1.987887989998004,1.990308036785028,1.943106756044193,0.08416095765122866,0.02119399802304203,0.01680876441414805,0.009786935665842595,0.008680450157198349,0.01577575180222917,0.01254175280351403,0.01079344874513373,0.01630004943735999,0.01447418968687502
 Sample-based diagonalization: carryover bitstrings = [], size = 0
