 Elapsed time for helper construction 1.635836 (sec) 
 Elapsed time for init 0.049795 (sec) 
 Elapsed time for makeQChamDiagTerms 12.588811 (sec) 
 Davidson iteration 0.0 (tol=0.6558620829017175): -156.5434049277073
 Davidson iteration 0.1 (tol=0.263537592897628): -156.7221343039469 -154.4169853063312
 Davidson iteration 0.2 (tol=0.1108056419815454): -156.7430199503465 -154.8622180828598 -153.6176604282884
 Davidson iteration 0.3 (tol=0.03646983194274703): -156.7468258918067 -155.1411062785041 -153.741240431473 -153.3443681083816
 Davidson iteration 0.4 (tol=0.01555571155265348): -156.7472460388113 -155.4249742277763 -154.1012589431011 -153.5678241795621
 Davidson iteration 0.5 (tol=0.006350646804547137): -156.7473318653512 -155.7947041950539 -154.5171330971164 -153.7051705073028
 Davidson iteration 0.6 (tol=0.002730403296109376): -156.7473450828674 -155.9644830231266 -154.7206529262251 -153.7829572586409
 Davidson iteration 0.7 (tol=0.001118111819843446): -156.7473476654222 -156.0576912066997 -154.9822228423729 -154.2026124348037
 Davidson iteration 1.0 (tol=0.001118111819844826): -156.7473476654216
 Davidson iteration 1.1 (tol=0.0005672806433839482): -156.7473480337958 -154.0888133899256
 Davidson iteration 1.2 (tol=0.000300070657677918): -156.7473481644098 -155.616991178244 -152.0103892790025
 Davidson iteration 1.3 (tol=0.0001251443296612809): -156.7473481956649 -156.031900323004 -153.595255264595 -151.3650745498361
 Davidson iteration 1.4 (tol=5.05267207163868e-05): -156.7473482005146 -156.1457795512602 -153.9228323802577 -153.3387393586933
 Davidson iteration 1.5 (tol=2.12812909722206e-05): -156.7473482014396 -156.2174313504009 -154.9347699612768 -153.5316920634817
 Davidson iteration 1.6 (tol=9.685907360401988e-06): -156.7473482015993 -156.2737632910465 -155.4984684235379 -153.9066266008541
 Elapsed time for davidson 75.278559 (sec) 
 Elapsed time for diagonalization 75.278717 (sec) 
 Elapsed time for mult 2.574687 (sec) 
 Energy = -156.7473482016004
 Elapsed time for measurement 0.186296 (sec) 
 Sample-based diagonalization: Energy = -156.7473482016004
 Sample-based diagonalization: density = [1.999988544308327,1.991017341283714,1.991007454742699,1.991257584752997,1.983115001188812,1.982715032601107,1.986379594383266,1.982491773785313,1.986487307980235,1.976381310398803,1.972206719816616,1.985614365402689,1.948449883658941,0.09043334109508398,0.02029243134232291,0.01706022296483422,0.01561088764817286,0.01494473864527827,0.01947525573070426,0.01027915824464334,0.01913114246133153,0.0156609070855621
 Sample-based diagonalization: carryover bitstrings = [], size = 0
