 Elapsed time for helper construction 0.401196 (sec) 
 Elapsed time for init 0.003591 (sec) 
 Elapsed time for makeQChamDiagTerms 1.734934 (sec) 
 Davidson iteration 0.0 (tol=0.5452922141115605): -150.6743083343813
 Davidson iteration 0.1 (tol=0.2375811838664316): -150.7973213779017 -148.6381655022669
 Davidson iteration 0.2 (tol=0.1059194587164044): -150.8137407547714 -149.1064536289228 -147.6929297733328
 Davidson iteration 0.3 (tol=0.04049414650217802): -150.8170711433158 -149.3553657547299 -148.1006304428204 -147.3377962821366
 Davidson iteration 0.4 (tol=0.01609076037391194): -150.8174950166251 -149.5390424541114 -148.4087140955176 -147.6962146482578
 Davidson iteration 0.5 (tol=0.00604453575401602): -150.8175758290155 -149.7995973339871 -148.6676074827414 -147.9433512218586
 Davidson iteration 0.6 (tol=0.002779850381759382): -150.8175855336688 -149.9229461583753 -148.8388578547428 -147.9503235483112
 Davidson iteration 0.7 (tol=0.001083678242161639): -150.8175876644429 -150.0328445020653 -149.1537355935699 -148.2489174502122
 Davidson iteration 1.0 (tol=0.001083678242163272): -150.8175876644451
 Davidson iteration 1.1 (tol=0.0005288679744346013): -150.8175879678344 -148.4966236714458
 Davidson iteration 1.2 (tol=0.0002669327142508447): -150.8175880689901 -149.6448017032027 -146.8134717914324
 Davidson iteration 1.3 (tol=0.0001106811813244387): -150.8175880921991 -150.0858228295809 -147.6704382972262 -146.4936320322504
 Davidson iteration 1.4 (tol=4.56886413081928e-05): -150.8175880955286 -150.2440317199874 -147.8298606768325 -147.5468723648266
 Davidson iteration 1.5 (tol=1.785889945826471e-05): -150.8175880961415 -150.2919072380756 -148.3852036717253 -147.6796214877469
 Davidson iteration 1.6 (tol=7.64644591657464e-06): -150.8175880962405 -150.3437481055307 -149.0509906161004 -147.9720367284091
 Elapsed time for davidson 14.008152 (sec) 
 Elapsed time for diagonalization 14.008307 (sec) 
 Elapsed time for mult 0.457305 (sec) 
 Energy = -150.8175880962375
 Elapsed time for measurement 0.056537 (sec) 
 Sample-based diagonalization: Energy = -150.8175880962375
 Sample-based diagonalization: density = [1.999996546527694,1.99799144444243,1.992720447337266,1.990570397124028,1.990228078778734,1.986815943420825,1.986563482005732,1.975412540605109,1.978776611411864,1.979720068497679,1.949585203504273,0.09132521320883655,0.02559221234736454,0.006537095960291389,0.00711697113563634,0.02384144963784831,0.01720629395310763
 Sample-based diagonalization: carryover bitstrings = [], size = 0
