 Elapsed time for helper construction 1.115136 (sec) 
 Elapsed time for init 0.031146 (sec) 
 Elapsed time for makeQChamDiagTerms 10.027523 (sec) 
 Davidson iteration 0.0 (tol=0.3498118772524086): -164.3226521432557
 Davidson iteration 0.1 (tol=0.09359545305381109): -164.3969307748443 -162.9074528595633
 Davidson iteration 0.2 (tol=0.02475147825493505): -164.402020802339 -163.3515955135586 -162.7188360367093
 Davidson iteration 0.3 (tol=0.006046944023809314): -164.4023802072657 -163.5412643092393 -162.8615546636217 -162.5862572533001
 Davidson iteration 0.4 (tol=0.001665465844337381): -164.4023989416124 -163.6099638017056 -162.9266749558303 -162.6590869056345
 Davidson iteration 0.5 (tol=0.0005583754165531257): -164.4024007781219 -163.7944532134591 -163.2251833645985 -162.9232620983121
 Davidson iteration 0.6 (tol=0.0001354525296440766): -164.402400934992 -163.8194834843237 -163.2375823385818 -163.0692696852783
 Davidson iteration 0.7 (tol=3.269969203973324e-05): -164.4024009443904 -163.8526864228456 -163.3791756275471 -163.0735061586088
 Davidson iteration 1.0 (tol=3.269969204019907e-05): -164.40240094439
 Davidson iteration 1.1 (tol=8.561801931789479e-06): -164.4024009448513 -162.6035294630963
 Elapsed time for davidson 30.386315 (sec) 
 Elapsed time for diagonalization 30.387596 (sec) 
 Elapsed time for mult 0.6378739999999999 (sec) 
 Energy = -164.4024009448514
 Elapsed time for measurement 0.089016 (sec) 
 Sample-based diagonalization: Energy = -164.4024009448514
 Sample-based diagonalization: density = [1.999999439824305,1.998896554160364,1.996882310838654,1.998389537117907,1.999548175641935,1.997079713895621,1.991622690604437,1.999654044881413,1.997377900771149,1.994828123972337,1.973543427334659,1.990857900845281,1.996133612886404,1.941959934029036,0.09025923870591354,0.007975003924992154,0.001888337243259309,0.001480979894057166,0.00343099079611962,0.004837691208921835,0.004443373750871711,0.004080327199154611,0.004830690306219736
 Sample-based diagonalization: carryover bitstrings = [], size = 0
