 Elapsed time for helper construction 1.028758 (sec) 
 Elapsed time for init 0.011021 (sec) 
 Elapsed time for makeQChamDiagTerms 9.467587999999999 (sec) 
 Davidson iteration 0.0 (tol=0.5331819366999091): -152.8871535005536
 Davidson iteration 0.1 (tol=0.1281996185396987): -153.0272456883759 -151.1295209773582
 Davidson iteration 0.2 (tol=0.03719166840124009): -153.0346036252257 -151.4748106350905 -150.9612252178406
 Davidson iteration 0.3 (tol=0.009504808800586101): -153.0352463025267 -151.6997392295619 -150.9691556346295 -150.9197254945367
 Davidson iteration 0.4 (tol=0.00315396007572113): -153.0352911872541 -151.9975574062742 -151.0697119147883 -150.9589287042942
 Davidson iteration 0.5 (tol=0.001025189438522586): -153.0352960821066 -152.244733020434 -151.1761996858756 -151.0200689778511
 Davidson iteration 0.6 (tol=0.0003636811778319149): -153.0352966009359 -152.3808577021348 -151.6270303988956 -151.037789425035
 Davidson iteration 0.7 (tol=0.0001417176621232785): -153.0352966669965 -152.4907238355514 -151.9787483727138 -151.049280774586
 Davidson iteration 1.0 (tol=0.0001417176621244582): -153.035296666998
 Davidson iteration 1.1 (tol=5.977410246956648e-05): -153.0352966760057 -151.5980307901955
 Davidson iteration 1.2 (tol=2.711002176083251e-05): -153.0352966784676 -152.4935197552421 -150.155997289409
 Davidson iteration 1.3 (tol=9.180851011509995e-06): -153.0352966788165 -152.6750685851989 -150.6844284167018 -150.0145486167123
 Elapsed time for davidson 30.906512 (sec) 
 Elapsed time for diagonalization 30.906725 (sec) 
 Elapsed time for mult 0.838413 (sec) 
 Energy = -153.0352966788127
 Elapsed time for measurement 0.08301599999999999 (sec) 
 Sample-based diagonalization: Energy = -153.0352966788127
 Sample-based diagonalization: density = [1.999993747638662,1.993598094568527,1.994634561701915,1.991839500700458,1.9921445844674,1.985782508517658,1.986537563615778,1.990843302401389,1.991633829936827,1.964199083701281,1.987677253220178,1.989767017624103,1.962314605099674,0.0820129544668933,0.01658027657215255,0.009325942920528607,0.009756174238326257,0.009295499537761404,0.01079859292787366,0.009359023380313913,0.005869480539585395,0.006739500661562712,0.009296901331258971
 Sample-based diagonalization: carryover bitstrings = [], size = 0
