 Elapsed time for helper construction 1.08983 (sec) 
 Elapsed time for init 0.017752 (sec) 
 Elapsed time for makeQChamDiagTerms 15.675147 (sec) 
 Davidson iteration 0.0 (tol=0.5574216726318596): -147.5541336709305
 Davidson iteration 0.1 (tol=0.1114761173195163): -147.7400887965464 -146.2654712107451
 Davidson iteration 0.2 (tol=0.02575972415412044): -147.7474581955138 -146.4525081370842 -146.2212566948631
 Davidson iteration 0.3 (tol=0.007129238330572402): -147.7478586435963 -146.7262800904447 -146.2347460833947 -145.9833272710519
 Davidson iteration 0.4 (tol=0.00199513486552525): -147.7478910924667 -146.9343306186742 -146.2917723024813 -146.0556426247019
 Davidson iteration 0.5 (tol=0.0005469376144043036): -147.7478934747757 -147.1002328301618 -146.308701372078 -146.2423106685717
 Davidson iteration 0.6 (tol=0.0001575076581150828): -147.7478936453703 -147.1444490172266 -146.4693976639439 -146.268016077077
 Davidson iteration 0.7 (tol=5.302027831750129e-05): -147.7478936624095 -147.1898866717816 -146.8617066988096 -146.2853380922683
 Davidson iteration 1.0 (tol=5.302027831174338e-05): -147.7478936624107
 Davidson iteration 1.1 (tol=2.289410596951301e-05): -147.7478936643021 -146.7195140428163
 Davidson iteration 1.2 (tol=1.024887067689997e-05): -147.7478936648154 -147.2670395966421 -145.9029473389762
 Davidson iteration 1.3 (tol=2.628209650200755e-06): -147.7478936648726 -147.3707771443557 -145.9309976677634 -145.8252508616754
 Elapsed time for davidson 42.91667899999999 (sec) 
 Elapsed time for diagonalization 42.917053 (sec) 
 Elapsed time for mult 0.817755 (sec) 
 Energy = -147.7478936648738
 Elapsed time for measurement 0.123417 (sec) 
 Sample-based diagonalization: Energy = -147.7478936648738
 Sample-based diagonalization: density = [1.999985495056108,1.996003850886172,1.993758752344643,1.992739257968278,1.995613064236685,1.993164352795814,1.9940757750163,1.991728033516227,1.989103964957788,1.990151199905323,1.965246167021286,1.959984661697393,1.928697732921334,1.934435501786206,0.07709849494975896,0.05771290563754043,0.04430173935987863,0.03413853785435638,0.008056756877557459,0.005024413117243509,0.0112782625990511,0.007944941562311451,0.009938435721127487,0.004625136631214079,0.005662441327553705,0.005447082625998743,0.004083041494109673
 Sample-based diagonalization: carryover bitstrings = [], size = 0
