 Elapsed time for helper construction 1.086259 (sec) 
 Elapsed time for init 0.014443 (sec) 
 Elapsed time for makeQChamDiagTerms 8.518295 (sec) 
 Davidson iteration 0.0 (tol=0.5927018567875683): -131.9447776780074
 Davidson iteration 0.1 (tol=0.1556228496228285): -132.1057741587096 -129.8760318729524
 Davidson iteration 0.2 (tol=0.03892461058319908): -132.1139082123061 -130.2100007697058 -129.2567055629207
 Davidson iteration 0.3 (tol=0.01073769994842386): -132.1143749346928 -130.2696028298338 -129.4294421983395 -129.1812790297562
 Davidson iteration 0.4 (tol=0.003151371574824642): -132.1144135660653 -130.435107481756 -129.8050212844982 -129.1971835111938
 Davidson iteration 0.5 (tol=0.001011345321689179): -132.114417113833 -130.8005024370538 -130.0611810641974 -129.3725529757042
 Davidson iteration 0.6 (tol=0.0003193601067027066): -132.1144174609873 -131.0190914457077 -130.1580482194365 -129.4531870186994
 Davidson iteration 0.7 (tol=0.0001023639508408343): -132.1144174937786 -131.142644244541 -130.2479592585397 -129.6832911246859
 Davidson iteration 1.0 (tol=0.0001023639508403657): -132.1144174937784
 Davidson iteration 1.1 (tol=3.953431030032082e-05): -132.1144174969029 -129.4800628236963
 Davidson iteration 1.2 (tol=1.436956862803528e-05): -132.1144174975322 -130.7358659460584 -128.231483069754
 Davidson iteration 1.3 (tol=4.806603865292542e-06): -132.1144174976017 -131.0918283859849 -128.9612309302265 -128.0253054183465
 Elapsed time for davidson 36.415841 (sec) 
 Elapsed time for diagonalization 36.416046 (sec) 
 Elapsed time for mult 1.09334 (sec) 
 Energy = -132.1144174976015
 Elapsed time for measurement 0.08885 (sec) 
 Sample-based diagonalization: Energy = -132.1144174976015
 Sample-based diagonalization: density = [1.99997054057149,1.993001494718757,1.988894506513183,1.985571208997472,1.978844334778987,1.983609306080562,1.982383254893667,1.98303155742589,1.979790088408686,1.985781096258339,1.981768979827808,1.990634513579659,0.007845482199867467,0.02391436814304817,0.02002814896896194,0.01998297013439641,0.01993655947058699,0.01710819462358183,0.01944500605673716,0.019250187872423,0.01920820013547106
 Sample-based diagonalization: carryover bitstrings = [], size = 0
