 Elapsed time for helper construction 0.305468 (sec) 
 Elapsed time for init 0.003014 (sec) 
 Elapsed time for makeQChamDiagTerms 1.305596 (sec) 
 Davidson iteration 0.0 (tol=0.5389203476282972): -107.9053419777798
 Davidson iteration 0.1 (tol=0.1902734173832043): -108.0282965654046 -105.6448286780593
 Davidson iteration 0.2 (tol=0.05561282234359968): -108.0394629268904 -106.1232586395427 -104.5896031912765
 Davidson iteration 0.3 (tol=0.01508079126086894): -108.0402889854177 -106.2427509161873 -105.0624601483772 -104.2485982176192
 Davidson iteration 0.4 (tol=0.004129686230151119): -108.0403541303527 -106.3695389400098 -105.4687639852771 -104.7504090256067
 Davidson iteration 0.5 (tol=0.00129607053656364): -108.0403586604314 -106.4384983682465 -105.7196380595249 -104.9384212464994
 Davidson iteration 0.6 (tol=0.0003881768173114826): -108.0403591015502 -106.4921825413537 -105.9551657829197 -105.1051588761301
 Davidson iteration 0.7 (tol=0.0001102172508528069): -108.0403591432892 -106.5630483400989 -106.1300521940449 -105.2906568753493
 Davidson iteration 1.0 (tol=0.0001102172508533943): -108.0403591432887
 Davidson iteration 1.1 (tol=3.806080964095987e-05): -108.0403591464849 -105.0512724564373
 Davidson iteration 1.2 (tol=1.341037581176906e-05): -108.040359146994 -106.1473261037389 -104.3047613099488
 Davidson iteration 1.3 (tol=4.258125619439435e-06): -108.0403591470402 -106.5534402589245 -104.4296478911289 -103.7328539187785
 Elapsed time for davidson 9.542216999999999 (sec) 
 Elapsed time for diagonalization 9.54227 (sec) 
 Elapsed time for mult 0.385954 (sec) 
 Energy = -108.0403591470414
 Elapsed time for measurement 0.019115 (sec) 
 Sample-based diagonalization: Energy = -108.0403591470414
 Sample-based diagonalization: density = [1.999984818193923,1.988286510840282,1.987406967370934,1.978321626648628,1.977826958053888,1.980990442293347,1.987128571036807,1.979546224700334,1.985236128119511,0.0225740847827718,0.02130299209806735,0.02009654314359161,0.02095715388974864,0.01967578035030877,0.01901443421670718,0.01165076420108317
 Sample-based diagonalization: carryover bitstrings = [], size = 0
