 Elapsed time for helper construction 0.335911 (sec) 
 Elapsed time for init 0.007245 (sec) 
 Elapsed time for makeQChamDiagTerms 0.643887 (sec) 
 Davidson iteration 0.0 (tol=0.6159552135249655): -92.0105260174781
 Davidson iteration 0.1 (tol=0.2779282915238405): -92.18142778542406 -90.18185463549312
 Davidson iteration 0.2 (tol=0.1278075725056583): -92.20501365423522 -90.52259069283286 -89.09803359856166
 Davidson iteration 0.3 (tol=0.05186129445679705): -92.20934787015807 -90.63683933588784 -89.39877328439603 -88.73629650865038
 Davidson iteration 0.4 (tol=0.01985797759669652): -92.2100377055712 -90.78304688025928 -89.63893536999591 -88.81122295849987
 Davidson iteration 0.5 (tol=0.007669328389144254): -92.21012629141273 -90.90024018969795 -89.83556766880645 -89.28657197723487
 Davidson iteration 0.6 (tol=0.003095297879521861): -92.21014149306887 -90.99217654297341 -90.04824340105108 -89.29086941036661
 Davidson iteration 0.7 (tol=0.001207138357195596): -92.21014367462007 -91.07234735203973 -90.22951402468969 -89.45044816114178
 Davidson iteration 1.0 (tol=0.001207138357195299): -92.21014367462014
 Davidson iteration 1.1 (tol=0.000558363225005284): -92.21014400085592 -89.18724493183269
 Davidson iteration 1.2 (tol=0.0002358757207073943): -92.21014409363185 -90.48098139044082 -87.42817198736068
 Davidson iteration 1.3 (tol=0.0001079415665190272): -92.21014410951936 -90.95984595374759 -88.91533725560943 -86.78473006513656
 Davidson iteration 1.4 (tol=4.140750860467975e-05): -92.2101441122871 -91.21100775647346 -88.95512735565714 -88.0872270935162
 Davidson iteration 1.5 (tol=1.56615456953756e-05): -92.21014411273086 -91.32877343791162 -89.35412808012427 -88.75590048703374
 Davidson iteration 1.6 (tol=6.236063964457703e-06): -92.21014411279579 -91.35742728815278 -90.01548997427763 -89.35069033383427
 Elapsed time for davidson 15.646256 (sec) 
 Elapsed time for diagonalization 15.646375 (sec) 
 Elapsed time for mult 0.7132029999999999 (sec) 
 Energy = -92.21014411279579
 Elapsed time for measurement 2.84027 (sec) 
 Sample-based diagonalization: Energy = -92.21014411279579
 Sample-based diagonalization: density = [1.999965196319592,1.987028229392356,1.984600767421842,1.978490790693206,1.978559355927647,1.970382009310512,1.975092117257255,1.89213219095275,1.982605470998994,0.1134131903493568,0.02532897406389956,0.02709057433025243,0.02378235155075423,0.02047762500190717,0.0206785883402319,0.02037256808890078
 Sample-based diagonalization: carryover bitstrings = [], size = 0
 Elapse time for dumping one-particle rdm = 0.000451
 Elapse time for dumping two-particle rdm = 0.058786
 Zero-Body energy = 0
 One-Body energy = -151.702310659782
 Two-Body energy = 59.49216654699069
 One-Body + Two-Body energy = -92.21014411279128
 Zero-Body + One-Body + Two-Body energy = -92.21014411279128
