 Elapsed time for helper construction 0.37195 (sec) 
 Elapsed time for init 0.003871 (sec) 
 Elapsed time for makeQChamDiagTerms 1.381371 (sec) 
 Davidson iteration 0.0 (tol=0.4768060396808521): -120.0402524772214
 Davidson iteration 0.1 (tol=0.1597717244182187): -120.1426620652727 -117.9181104608297
 Davidson iteration 0.2 (tol=0.05874368857630545): -120.1507638880309 -118.3459406400793 -117.1271377372778
 Davidson iteration 0.3 (tol=0.02008358890346802): -120.1517184856908 -118.4385948888994 -117.2317373540704 -116.9445322194425
 Davidson iteration 0.4 (tol=0.006902663551286144): -120.1518212088393 -118.5248636517644 -117.5291260517027 -116.9837536358639
 Davidson iteration 0.5 (tol=0.002431875081280437): -120.1518335447027 -118.6505990494633 -117.851496630844 -117.1895610536213
 Davidson iteration 0.6 (tol=0.0009286835989230352): -120.1518350797388 -118.7917711983395 -118.1265285252007 -117.1898408277602
 Davidson iteration 0.7 (tol=0.0003289923211260894): -120.151835290172 -118.9267068756223 -118.2969005287303 -117.3728967623907
 Davidson iteration 1.0 (tol=0.0003289923211273878): -120.1518352901718
 Davidson iteration 1.1 (tol=0.0001466752070649068): -120.1518353142323 -116.6448282033045
 Davidson iteration 1.2 (tol=5.718823220391815e-05): -120.1518353203323 -118.5889216101243 -113.8722522324052
 Davidson iteration 1.3 (tol=2.231547237412383e-05): -120.1518353212567 -119.0957742127443 -116.4242674613709 -112.9359095484808
 Davidson iteration 1.4 (tol=7.581395042697717e-06): -120.1518353213759 -119.2714448516906 -116.677095947901 -115.7468841899748
 Elapsed time for davidson 11.116453 (sec) 
 Elapsed time for diagonalization 11.116552 (sec) 
 Elapsed time for mult 0.416445 (sec) 
 Energy = -120.1518353213766
 Elapsed time for measurement 0.02022 (sec) 
 Sample-based diagonalization: Energy = -120.1518353213766
 Sample-based diagonalization: density = [1.999996287913575,1.992050599805725,1.98672732516647,1.987253102998169,1.982429272114798,1.987819793158912,1.974106205424757,1.979762523595058,1.992282290416838,0.006743145172279007,0.02203940434301485,0.01883565554431947,0.009361967612689884,0.02052627758601385,0.01611769233638806,0.02394845672188997
 Sample-based diagonalization: carryover bitstrings = [], size = 0
