 Elapsed time for helper construction 0.827274 (sec) 
 Elapsed time for init 0.025774 (sec) 
 Elapsed time for makeQChamDiagTerms 4.121459 (sec) 
 Davidson iteration 0.0 (tol=0.613719345021046): -146.964624641374
 Davidson iteration 0.1 (tol=0.2131333201639715): -147.1385242283807 -145.2083091071173
 Davidson iteration 0.2 (tol=0.0710179867291465): -147.1543326331179 -145.3700028245875 -144.719286583814
 Davidson iteration 0.3 (tol=0.01818285068662959): -147.1560936847621 -145.4087259730918 -144.9764138659157 -144.7192209255986
 Davidson iteration 0.4 (tol=0.006335056441097714): -147.1562486683883 -145.892648608707 -144.9861932468221 -144.8449925759747
 Davidson iteration 0.5 (tol=0.002121521316984993): -147.1562624754933 -146.1747400871718 -145.1380538984333 -144.90659677307
 Davidson iteration 0.6 (tol=0.0005694994176925442): -147.1562639950608 -146.2485692977286 -145.2655420006465 -145.093314563273
 Davidson iteration 0.7 (tol=0.0001667249897024886): -147.1562641203344 -146.3464865462888 -145.5095856634109 -145.1890142841374
 Davidson iteration 1.0 (tol=0.0001667249896944869): -147.1562641203273
 Davidson iteration 1.1 (tol=6.01919694446386e-05): -147.1562641303271 -144.9081386323099
 Davidson iteration 1.2 (tol=2.360117416068363e-05): -147.1562641321499 -146.1499391096525 -144.1655913062254
 Davidson iteration 1.3 (tol=7.794046229511212e-06): -147.1562641323305 -146.3573830865744 -144.3795466811752 -143.5096179230435
 Elapsed time for davidson 31.02186 (sec) 
 Elapsed time for diagonalization 31.022284 (sec) 
 Elapsed time for mult 0.692566 (sec) 
 Energy = -147.1562641323303
 Elapsed time for measurement 0.06458599999999999 (sec) 
 Sample-based diagonalization: Energy = -147.1562641323303
 Sample-based diagonalization: density = [1.999980069886602,1.993784552764425,1.995396223451861,1.995491438647467,1.991634158285472,1.988246441908394,1.990196185883334,1.979481302547129,1.986633171060039,1.980517785101409,1.986978811395679,1.903197102246982,1.990177593867197,0.1036097078676544,0.0149172650970288,0.01672742579744746,0.01493789277082674,0.01272617465278813,0.007769674383087921,0.01461133536807377,0.01588863532428291,0.01709705160570828
 Sample-based diagonalization: carryover bitstrings = [], size = 0
