 Elapsed time for helper construction 0.7807689999999999 (sec) 
 Elapsed time for init 0.027337 (sec) 
 Elapsed time for makeQChamDiagTerms 6.326023999999999 (sec) 
 Davidson iteration 0.0 (tol=0.6508456940143476): -143.9397929844456
 Davidson iteration 0.1 (tol=0.2080478580860891): -144.1240917005749 -141.9411429804328
 Davidson iteration 0.2 (tol=0.07162840697568837): -144.1386843886355 -142.247037352278 -141.4937284231759
 Davidson iteration 0.3 (tol=0.01837867254184765): -144.1404392390955 -142.4313258799443 -141.5295244481876 -141.3358965468896
 Davidson iteration 0.4 (tol=0.00648858436930257): -144.1405668111799 -142.7406368277566 -141.7377238535453 -141.4945254202881
 Davidson iteration 0.5 (tol=0.002406922055824085): -144.1405840975568 -143.1432758785997 -142.0106224793695 -141.5658784308837
 Davidson iteration 0.6 (tol=0.0009019494847370739): -144.140586377264 -143.3257785423428 -142.2113756582572 -141.5782104800307
 Davidson iteration 0.7 (tol=0.0003520726673031895): -144.1405867379521 -143.4697345481076 -142.6849752690747 -141.9244812580558
 Davidson iteration 1.0 (tol=0.0003520726672889685): -144.140586737952
 Davidson iteration 1.1 (tol=0.0001330065959348122): -144.1405867830076 -142.0741579771686
 Davidson iteration 1.2 (tol=6.804181197251866e-05): -144.1405867943149 -143.3320560445928 -141.8232463463856
 Davidson iteration 1.3 (tol=2.573154071204554e-05): -144.1405867962003 -143.5648832361418 -141.936861289305 -141.3597781938414
 Davidson iteration 1.4 (tol=9.671607451727184e-06): -144.1405867964635 -143.664155720637 -141.9708831777378 -141.8328518663278
 Elapsed time for davidson 34.190379 (sec) 
 Elapsed time for diagonalization 34.19094 (sec) 
 Elapsed time for mult 0.92901 (sec) 
 Energy = -144.1405867964639
 Elapsed time for measurement 0.079581 (sec) 
 Sample-based diagonalization: Energy = -144.1405867964639
 Sample-based diagonalization: density = [1.999988670598899,1.992684183740768,1.991291092252511,1.989302607147081,1.984586618540999,1.981693943179258,1.985378357340812,1.982594027131411,1.980178157010782,1.963313328390806,1.983826170969597,1.958551141817157,0.07503354963239334,0.02013227496864031,0.02156082920030785,0.01870900204618895,0.01576118154506673,0.01027323118985588,0.01562539605552776,0.01699277406242281,0.01252346291249141
 Sample-based diagonalization: carryover bitstrings = [], size = 0
