 Elapsed time for helper construction 0.7831469999999999 (sec) 
 Elapsed time for init 0.017715 (sec) 
 Elapsed time for makeQChamDiagTerms 3.526691 (sec) 
 Davidson iteration 0.0 (tol=0.5521274363888128): -149.3253664822689
 Davidson iteration 0.1 (tol=0.2391855980821656): -149.4545564016852 -147.366483507636
 Davidson iteration 0.2 (tol=0.106596331044864): -149.4714452983457 -147.8131784142301 -146.483210768086
 Davidson iteration 0.3 (tol=0.04043263034312355): -149.4748887558743 -148.0269252601632 -146.7966943314152 -146.2021124468114
 Davidson iteration 0.4 (tol=0.01680578370136648): -149.4753312165082 -148.2399360571372 -147.1571540894578 -146.4666600800809
 Davidson iteration 0.5 (tol=0.006587630289522362): -149.4754238664166 -148.5476537663124 -147.3904370212562 -146.7574115461936
 Davidson iteration 0.6 (tol=0.003132575673084709): -149.475436438507 -148.6845126559439 -147.5742030436471 -146.7584901035396
 Davidson iteration 0.7 (tol=0.001260687806222874): -149.4754390444212 -148.782736054142 -147.8724782047954 -147.0141535127536
 Davidson iteration 1.0 (tol=0.001260687806222702): -149.4754390444213
 Davidson iteration 1.1 (tol=0.0006492324704540643): -149.4754394791597 -147.3254693379517
 Davidson iteration 1.2 (tol=0.0003401908509033924): -149.4754396314158 -148.4698237900052 -145.0344419619306
 Davidson iteration 1.3 (tol=0.000146510656431038): -149.4754396706082 -148.8511090156237 -146.4794971772159 -144.416950250565
 Davidson iteration 1.4 (tol=6.548356660162106e-05): -149.4754396766967 -148.9810138516987 -146.6133757632007 -146.3172828754949
 Davidson iteration 1.5 (tol=2.679972094836893e-05): -149.4754396779634 -149.0342843094973 -147.3503931078005 -146.4879311578363
 Davidson iteration 1.6 (tol=1.180027900035636e-05): -149.4754396781898 -149.0718462879453 -147.9610299892362 -146.8686426556163
 Davidson iteration 1.7 (tol=4.390963123501294e-06): -149.4754396782329 -149.0862171743235 -148.3572967712373 -146.9056263965212
 Elapsed time for davidson 30.157292 (sec) 
 Elapsed time for diagonalization 30.15806 (sec) 
 Elapsed time for mult 0.91848 (sec) 
 Energy = -149.4754396782325
 Elapsed time for measurement 0.041974 (sec) 
 Sample-based diagonalization: Energy = -149.4754396782325
 Sample-based diagonalization: density = [1.999996894418027,1.997887817812561,1.992440240611026,1.99319934686161,1.987889173194441,1.987044326511856,1.991189184189369,1.976010541793031,1.965390342633425,1.983345984275194,1.940644738584502,0.1009624217591005,0.01467629418876846,0.01022241978945998,0.01874412618181385,0.001222570343594693,0.01954122979396577,0.01959234687548339
 Sample-based diagonalization: carryover bitstrings = [], size = 0
