 Elapsed time for helper construction 0.461179 (sec) 
 Elapsed time for init 0.006469 (sec) 
 Elapsed time for makeQChamDiagTerms 2.134806 (sec) 
 Davidson iteration 0.0 (tol=0.5331430112383828): -88.47040983940319
 Davidson iteration 0.1 (tol=0.1683079626119251): -88.60012031669042 -86.37735380756529
 Davidson iteration 0.2 (tol=0.03722855224048198): -88.60956125818976 -86.76091657874653 -85.40433429531156
 Davidson iteration 0.3 (tol=0.009426933768301723): -88.60996161253425 -86.85119986555721 -85.80400058980761 -85.13844250868986
 Davidson iteration 0.4 (tol=0.002681894965052533): -88.60998859756818 -86.92457353490333 -86.1534683929799 -85.37051401881769
 Davidson iteration 0.5 (tol=0.0008472448544831199): -88.60999078544931 -87.03254048593476 -86.50270468731854 -85.37529763362059
 Davidson iteration 0.6 (tol=0.0002316662895025842): -88.60999099475322 -87.14210273347888 -86.69318014661714 -85.74679607457557
 Davidson iteration 0.7 (tol=6.361115424953884e-05): -88.60999101034717 -87.20417121399237 -86.79384219181502 -85.97827919956234
 Davidson iteration 1.0 (tol=6.361115425094449e-05): -88.60999101034744
 Davidson iteration 1.1 (tol=2.190664403473253e-05): -88.60999101139804 -85.31684574072325
 Davidson iteration 1.2 (tol=7.139395050275389e-06): -88.60999101156504 -86.64406421477982 -84.35732739390519
 Elapsed time for davidson 13.258554 (sec) 
 Elapsed time for diagonalization 13.25862 (sec) 
 Elapsed time for mult 0.530036 (sec) 
 Energy = -88.60999101156474
 Elapsed time for measurement 0.029391 (sec) 
 Sample-based diagonalization: Energy = -88.60999101156474
 Sample-based diagonalization: density = [1.999966233951726,1.988989378592096,1.985741312413022,1.986788543737823,1.97913999653192,1.981753896953746,1.977143026009295,1.976035787926943,1.979875396903505,0.01504554084454861,0.02294474155058088,0.0210807528073967,0.01764917040899808,0.01898415099769052,0.01638601644386198,0.01445284066583619,0.01802321316345181
 Sample-based diagonalization: carryover bitstrings = [], size = 0
