 Elapsed time for helper construction 0.9151269999999999 (sec) 
 Elapsed time for init 0.014984 (sec) 
 Elapsed time for makeQChamDiagTerms 10.995848 (sec) 
 Davidson iteration 0.0 (tol=0.5394606788808002): -164.8133643546803
 Davidson iteration 0.1 (tol=0.1378463095884327): -164.9553168558048 -163.12577604331
 Davidson iteration 0.2 (tol=0.03674146117377756): -164.9639855980405 -163.4450049462396 -163.0015799726037
 Davidson iteration 0.3 (tol=0.008858497674369952): -164.9646011646219 -163.5205363041343 -163.1160409012705 -162.9251579154546
 Davidson iteration 0.4 (tol=0.00289948985457402): -164.964637214664 -163.8082374040553 -163.1324129922382 -162.9501775850403
 Davidson iteration 0.5 (tol=0.0008081547371481363): -164.9646411096458 -163.9995462818709 -163.1346083302423 -162.9774999975267
 Davidson iteration 0.6 (tol=0.0002305660381743124): -164.9646414260665 -164.1466885701391 -163.3209889738211 -163.1090080654797
 Davidson iteration 0.7 (tol=7.243131227469991e-05): -164.9646414510366 -164.1738622297939 -163.5993725364853 -163.2098667684259
 Davidson iteration 1.0 (tol=7.243131227088814e-05): -164.9646414510362
 Davidson iteration 1.1 (tol=2.710734044505601e-05): -164.9646414534383 -163.5410106220586
 Davidson iteration 1.2 (tol=1.068688345250316e-05): -164.964641453951 -164.141233679255 -163.2535693697542
 Davidson iteration 1.3 (tol=3.751568566316522e-06): -164.9646414540135 -164.4471824280755 -163.3241867012609 -162.7901275496341
 Elapsed time for davidson 32.340213 (sec) 
 Elapsed time for diagonalization 32.340422 (sec) 
 Elapsed time for mult 0.635018 (sec) 
 Energy = -164.9646414540126
 Elapsed time for measurement 0.092746 (sec) 
 Sample-based diagonalization: Energy = -164.9646414540126
 Sample-based diagonalization: density = [1.999983250545411,1.996862549602709,1.994980811498541,1.99325933126016,1.991293122988011,1.98785070455985,1.990372835823154,1.989559420082446,1.985112566245821,1.993177116832433,1.975931831532636,1.99561366054368,1.988624972658237,1.94098295244714,0.08734002887026288,0.006259824976614316,0.01212416698205342,0.01424719018142957,0.0135381338086991,0.004932706223973088,0.00515345815330097,0.01365790248801409,0.002965706627750067,0.01126824189465533,0.004907512963929783
 Sample-based diagonalization: carryover bitstrings = [], size = 0
