 Elapsed time for helper construction 1.420968 (sec) 
 Elapsed time for init 0.047304 (sec) 
 Elapsed time for makeQChamDiagTerms 18.554835 (sec) 
 Davidson iteration 0.0 (tol=0.6584671519558473): -179.7521760775852
 Davidson iteration 0.1 (tol=0.2095005222770974): -179.931620789085 -177.706330707433
 Davidson iteration 0.2 (tol=0.06494355149756831): -179.9464466493463 -177.9960360637001 -177.3618656699438
 Davidson iteration 0.3 (tol=0.01720060935917962): -179.9479450685342 -178.1482306478611 -177.4822927686071 -177.3610903917185
 Davidson iteration 0.4 (tol=0.006434017650430616): -179.9480651177962 -178.5687667883054 -177.5432964870689 -177.4012651605762
 Davidson iteration 0.5 (tol=0.002284504682511188): -179.9480835717665 -178.987342093547 -177.7262575840585 -177.5127330015111
 Davidson iteration 0.6 (tol=0.0007336926608165682): -179.9480856864943 -179.1393328281288 -177.855647016903 -177.6613323424403
 Davidson iteration 0.7 (tol=0.0002588349326593716): -179.94808591092 -179.2139263888263 -178.4163789990905 -177.7736946126775
 Davidson iteration 1.0 (tol=0.0002588349326666216): -179.9480859109197
 Davidson iteration 1.1 (tol=9.864348426696164e-05): -179.9480859354766 -177.9090137765407
 Davidson iteration 1.2 (tol=4.280032409578121e-05): -179.9480859410071 -179.0138434650398 -177.4587695822403
 Davidson iteration 1.3 (tol=1.460787661111937e-05): -179.9480859417149 -179.2597896761389 -177.4866491473965 -177.1824264311286
 Davidson iteration 1.4 (tol=5.703778392454901e-06): -179.9480859418048 -179.3910516102253 -177.7981480707181 -177.4547098739872
 Elapsed time for davidson 65.962463 (sec) 
 Elapsed time for diagonalization 65.98353899999999 (sec) 
 Elapsed time for mult 1.593676 (sec) 
 Energy = -179.9480859418048
 Elapsed time for measurement 0.154222 (sec) 
 Sample-based diagonalization: Energy = -179.9480859418048
 Sample-based diagonalization: density = [1.999973983748171,1.994210147646908,1.994038908813198,1.99389818476274,1.989712926270985,1.989900123190848,1.989312256652946,1.992636089868252,1.986517807570828,1.984173522695031,1.98508861022885,1.977788941917473,1.992595925609957,1.986680371854258,1.949451486306233,0.07763731408166588,0.00722579218798182,0.01276763394433485,0.01566323091479774,0.006425309366772123,0.008984429452011868,0.01328109137805766,0.006900186789996529,0.01419814103053119,0.01565735333701622,0.01528022995343406
 Sample-based diagonalization: carryover bitstrings = [], size = 0
