 Elapsed time for helper construction 0.475821 (sec) 
 Elapsed time for init 0.01243 (sec) 
 Elapsed time for makeQChamDiagTerms 2.086653 (sec) 
 Davidson iteration 0.0 (tol=0.5470879860504781): -150.4611165981792
 Davidson iteration 0.1 (tol=0.240052321549222): -150.5856089934732 -148.4921891839056
 Davidson iteration 0.2 (tol=0.1052339188016773): -150.6025583997224 -148.9531139236165 -147.7170775604634
 Davidson iteration 0.3 (tol=0.03985426138644822): -150.6058260636395 -149.1354391351278 -147.9191445822344 -147.4540010302391
 Davidson iteration 0.4 (tol=0.01553982941722531): -150.6062362191119 -149.3056608850365 -148.1993915689372 -147.7572632194247
 Davidson iteration 0.5 (tol=0.00572483539510848): -150.6063139020027 -149.6091051405137 -148.4051601353991 -147.9998518100495
 Davidson iteration 0.6 (tol=0.002658111556902644): -150.6063221980004 -149.7310981079019 -148.5568202036615 -148.0001454932718
 Davidson iteration 0.7 (tol=0.0009568208562344427): -150.6063239006704 -149.8076014119651 -148.7841119954809 -148.177191024631
 Davidson iteration 1.0 (tol=0.0009568208562352392): -150.6063239006703
 Davidson iteration 1.1 (tol=0.0004529343399303503): -150.6063241310354 -148.1661535280856
 Davidson iteration 1.2 (tol=0.0002255040920294237): -150.6063241975207 -149.3144708562807 -146.4602775244952
 Davidson iteration 1.3 (tol=9.4696963693832e-05): -150.6063242131453 -149.8095360236085 -147.4491173504329 -145.7691349995086
 Davidson iteration 1.4 (tol=4.204933939719422e-05): -150.6063242156983 -150.0306267892606 -147.6667293206289 -147.4442283847181
 Davidson iteration 1.5 (tol=2.025539072365568e-05): -150.6063242162822 -150.1640673445604 -148.6914870276609 -147.4588422366616
 Davidson iteration 1.6 (tol=1.118043691805814e-05): -150.6063242164253 -150.2629870019737 -149.3731040605092 -147.4804662602487
 Davidson iteration 1.7 (tol=5.160788297692116e-06): -150.6063242164627 -150.3199533155334 -149.6701128556949 -147.5396153512544
 Elapsed time for davidson 19.461455 (sec) 
 Elapsed time for diagonalization 19.461545 (sec) 
 Elapsed time for mult 0.7772979999999999 (sec) 
 Energy = -150.6063242164634
 Elapsed time for measurement 0.033496 (sec) 
 Sample-based diagonalization: Energy = -150.6063242164634
 Sample-based diagonalization: density = [1.999996715577362,1.997631844687111,1.992390689347377,1.993309028116318,1.990813263107726,1.985421174767283,1.990489623321214,1.973532229836705,1.982152493435486,1.985020755414447,1.932760397652977,0.1003350698672972,0.01878965091453619,0.01556348125071166,0.005363405453432805,0.01895645826277859,0.01747371886902348
 Sample-based diagonalization: carryover bitstrings = [], size = 0
