 Elapsed time for helper construction 0.96232 (sec) 
 Elapsed time for init 0.039864 (sec) 
 Elapsed time for makeQChamDiagTerms 15.638361 (sec) 
 Davidson iteration 0.0 (tol=0.4361588390601474): -200.8602537692028
 Davidson iteration 0.1 (tol=0.08295129940877934): -200.9640861097777 -199.3815451317144
 Davidson iteration 0.2 (tol=0.02265700978029483): -200.968372895025 -199.8756345534076 -199.341994737064
 Davidson iteration 0.3 (tol=0.005334047879372212): -200.9686598454473 -199.9791403752648 -199.4597340721571 -199.1551052132111
 Davidson iteration 0.4 (tol=0.001688434459755446): -200.9686765911394 -200.2177268804784 -199.5485865089356 -199.252935343969
 Davidson iteration 0.5 (tol=0.0003901239431342485): -200.968678216284 -200.3139600884095 -199.5491973624033 -199.2991363476621
 Davidson iteration 0.6 (tol=0.0001100529000578586): -200.9686783142766 -200.4503233311712 -199.8054815032875 -199.4909870065735
 Davidson iteration 0.7 (tol=3.015413326803426e-05): -200.968678321262 -200.4535501778022 -199.9901533435986 -199.5993538365348
 Davidson iteration 1.0 (tol=3.01541332551429e-05): -200.9686783212638
 Davidson iteration 1.1 (tol=9.970629485275833e-06): -200.9686783217758 -199.8441666103383
 Elapsed time for davidson 40.473848 (sec) 
 Elapsed time for diagonalization 40.479063 (sec) 
 Elapsed time for mult 0.813855 (sec) 
 Energy = -200.968678321773
 Elapsed time for measurement 0.114088 (sec) 
 Sample-based diagonalization: Energy = -200.968678321773
 Sample-based diagonalization: density = [1.999994975261047,1.99487275883214,1.997923032549229,1.998569440083322,1.99689620493721,1.995930554227174,1.99520533313236,1.992904843485759,1.994642161294485,1.994490759091513,1.995903982375124,1.996970119695601,1.993826543500101,1.966386409224579,1.995914154263326,1.944080579879601,0.09181322040432555,0.006873540988426617,0.00538317944024817,0.006057385266632165,0.004583830340421437,0.003844579052084514,0.008430173260330655,0.004254825990470447,0.002559122533028443,0.001810823076970893,0.004435225436793496,0.00544224227368586
 Sample-based diagonalization: carryover bitstrings = [], size = 0
