 Elapsed time for helper construction 1.43745 (sec) 
 Elapsed time for init 0.051135 (sec) 
 Elapsed time for makeQChamDiagTerms 14.536884 (sec) 
 Davidson iteration 0.0 (tol=0.6733679207496431): -154.6888596988444
 Davidson iteration 0.1 (tol=0.2215025327438649): -154.8838888109989 -152.6644343968023
 Davidson iteration 0.2 (tol=0.0754648660216332): -154.9002029644734 -152.9710444306863 -152.1687607807617
 Davidson iteration 0.3 (tol=0.02040327026655568): -154.9021356263079 -153.161951140731 -152.2392912591972 -152.0255408275088
 Davidson iteration 0.4 (tol=0.007599723002699147): -154.9022929813975 -153.5103993534352 -152.424410894685 -152.1580179227293
 Davidson iteration 0.5 (tol=0.002713612695516412): -154.9023151209327 -153.894371722447 -152.6936871688286 -152.2228588741004
 Davidson iteration 0.6 (tol=0.0009750704855404387): -154.9023179181879 -154.0558748931008 -152.9007518179124 -152.3148659392456
 Davidson iteration 0.7 (tol=0.0003864357042219144): -154.9023183304471 -154.162701967653 -153.350903724097 -152.6343929417546
 Davidson iteration 1.0 (tol=0.0003864357042219314): -154.9023183304462
 Davidson iteration 1.1 (tol=0.0001703469862906719): -154.902318387793 -153.1620085522518
 Davidson iteration 1.2 (tol=8.984030632985885e-05): -154.9023184051451 -154.123312466584 -152.4282362996258
 Davidson iteration 1.3 (tol=3.682721988604042e-05): -154.9023184084407 -154.3878870235644 -152.4531159397915 -152.1458462979941
 Davidson iteration 1.4 (tol=1.503031170009731e-05): -154.9023184089881 -154.4790852365791 -152.8320814413913 -152.3888168485935
 Davidson iteration 1.5 (tol=6.064810635362333e-06): -154.9023184090873 -154.535826910294 -153.5182625776563 -152.4415926355095
 Elapsed time for davidson 72.78134399999999 (sec) 
 Elapsed time for diagonalization 72.81210299999999 (sec) 
 Elapsed time for mult 1.647902 (sec) 
 Energy = -154.9023184090849
 Elapsed time for measurement 0.332068 (sec) 
 Sample-based diagonalization: Energy = -154.9023184090849
 Sample-based diagonalization: density = [1.999989881185525,1.991654238228164,1.990540460789874,1.988795635923553,1.985516552683401,1.9798821850246,1.984139524968563,1.986915080071294,1.983348636404647,1.972843251146845,1.981934673204553,1.988028008717358,1.949185817397147,0.08073109993510456,0.01129712186319986,0.01238919963763353,0.01280089079676235,0.01429717323701307,0.01497113377384907,0.0111604894561516,0.01299644999810644,0.01653855144773097,0.01660425224780823,0.013439691432362
 Sample-based diagonalization: carryover bitstrings = [], size = 0
