 Elapsed time for helper construction 0.157227 (sec) 
 Elapsed time for init 0.001243 (sec) 
 Elapsed time for makeQChamDiagTerms 0.505406 (sec) 
 Davidson iteration 0.0 (tol=0.5725923354141548): -139.1122033214688
 Davidson iteration 0.1 (tol=0.2744897161783346): -139.2470550414328 -137.0768027820993
 Davidson iteration 0.2 (tol=0.1262879477126606): -139.2698258363491 -137.6348674555477 -136.0721495788249
 Davidson iteration 0.3 (tol=0.05730315306298524): -139.274389368376 -137.987010346838 -136.5119536462217 -135.0379842228634
 Davidson iteration 0.4 (tol=0.02612274265204215): -139.2752825733201 -138.2456619270201 -136.8020544888736 -136.1776499236366
 Davidson iteration 0.5 (tol=0.01181012826963694): -139.2754957565465 -138.5191283554194 -137.16019693807 -136.2020889763103
 Davidson iteration 0.6 (tol=0.006252402707781547): -139.2755296418389 -138.6333811300435 -137.4151562767899 -136.2626213497509
 Davidson iteration 0.7 (tol=0.002534757594920774): -139.2755388734071 -138.6983308832474 -137.68306616131 -136.5557925403522
 Davidson iteration 1.0 (tol=0.002534757594919767): -139.2755388734076
 Davidson iteration 1.1 (tol=0.001241117319330745): -139.2755402735918 -135.7550384953919
 Davidson iteration 1.2 (tol=0.0006805780699633846): -139.2755407344055 -137.7342042912255 -133.6887337099472
 Davidson iteration 1.3 (tol=0.0003118476773363998): -139.2755408571698 -138.3305982993377 -134.9834407183288 -133.0592452333435
 Davidson iteration 1.4 (tol=0.0001367213847335742): -139.2755408816771 -138.5709086723586 -135.7469652793678 -134.4380090237715
 Davidson iteration 1.5 (tol=6.454262330495274e-05): -139.2755408866492 -138.6718720034624 -136.8045438330466 -135.1688819558352
 Davidson iteration 1.6 (tol=2.989134651791321e-05): -139.2755408877908 -138.7444373166534 -137.6196972588418 -135.1691994189043
 Davidson iteration 1.7 (tol=1.126060317951843e-05): -139.275540888012 -138.7857019154081 -138.0040560835441 -135.7201329057283
 Davidson iteration 2.0 (tol=1.126060312629587e-05): -139.2755408880126
 Davidson iteration 2.1 (tol=5.603012151675391e-06): -139.2755408880434 -136.9114205829607
 Elapsed time for davidson 5.77009 (sec) 
 Elapsed time for diagonalization 5.770172 (sec) 
 Elapsed time for mult 0.174549 (sec) 
 Energy = -139.2755408880427
 Elapsed time for measurement 0.008378999999999999 (sec) 
 Sample-based diagonalization: Energy = -139.2755408880427
 Sample-based diagonalization: density = [1.999997111600271,1.994243069719096,1.993268824112907,1.98851562076513,1.988838050865633,1.98355357590586,1.965271568618781,1.981695731029197,1.984320528453208,1.906827820000246,0.1039862453320456,0.02553178978391585,0.03039390567457151,0.03011859109522868,0.02343756700838667
 Sample-based diagonalization: carryover bitstrings = [], size = 0
