 Elapsed time for helper construction 0.9713269999999999 (sec) 
 Elapsed time for init 0.013233 (sec) 
 Elapsed time for makeQChamDiagTerms 12.373012 (sec) 
 Davidson iteration 0.0 (tol=0.6068972940138386): -178.0282564472012
 Davidson iteration 0.1 (tol=0.1457926002198316): -178.2017576170702 -176.2667291087949
 Davidson iteration 0.2 (tol=0.03890388967527664): -178.211187114033 -176.5733835171529 -176.2030929305857
 Davidson iteration 0.3 (tol=0.008479745859420587): -178.2118694282661 -176.631005730958 -176.2885603858377 -176.1744261902949
 Davidson iteration 0.4 (tol=0.002643570448663546): -178.2119048244703 -177.0224702825433 -176.3177160387921 -176.1751404595689
 Davidson iteration 0.5 (tol=0.0008151876653947554): -178.2119081250681 -177.3002335829769 -176.329399449476 -176.176355932794
 Davidson iteration 0.6 (tol=0.0002270431674809602): -178.211908437377 -177.4184604297962 -176.4819129202408 -176.2171029596101
 Davidson iteration 0.7 (tol=6.65410445400823e-05): -178.2119084618058 -177.4792526144572 -176.7628624226478 -176.2958715323522
 Davidson iteration 1.0 (tol=6.654104453970665e-05): -178.2119084618085
 Davidson iteration 1.1 (tol=2.203482629430611e-05): -178.2119084636948 -176.3909525717679
 Davidson iteration 1.2 (tol=8.25820168116478e-06): -178.2119084640106 -177.2371878189154 -176.2157497958513
 Elapsed time for davidson 36.951237 (sec) 
 Elapsed time for diagonalization 36.951452 (sec) 
 Elapsed time for mult 1.005253 (sec) 
 Energy = -178.2119084640076
 Elapsed time for measurement 0.09562 (sec) 
 Sample-based diagonalization: Energy = -178.2119084640076
 Sample-based diagonalization: density = [1.999979128685928,1.995703860503954,1.994785907742063,1.991689599458845,1.993708568461097,1.992218661322378,1.988060355015008,1.987114279842768,1.984003911207527,1.983865053371402,1.991531787778374,1.970393301340799,1.994905536747048,1.989878283301076,1.944682733670106,0.08393295442155996,0.006335675742999971,0.01281744393380893,0.01522054715355582,0.007182668784648221,0.009299053173000851,0.01440905517184342,0.01347613395479054,0.01252610058568006,0.01407879290702711,0.008200605443239939
 Sample-based diagonalization: carryover bitstrings = [], size = 0
