 Elapsed time for helper construction 1.507353 (sec) 
 Elapsed time for init 0.024682 (sec) 
 Elapsed time for makeQChamDiagTerms 14.17655 (sec) 
 Davidson iteration 0.0 (tol=0.6749075848962913): -155.7710060502284
 Davidson iteration 0.1 (tol=0.231274250129619): -155.9645601507699 -153.7415504278244
 Davidson iteration 0.2 (tol=0.08254927317110114): -155.9819610664356 -154.0522332537667 -153.2388472214246
 Davidson iteration 0.3 (tol=0.02195627143470878): -155.9841769157146 -154.218760006592 -153.2749149086508 -153.1002560383125
 Davidson iteration 0.4 (tol=0.007943522820393132): -155.9843499864413 -154.5384202264113 -153.440247293518 -153.2043607654791
 Davidson iteration 0.5 (tol=0.002993472254020296): -155.9843738928069 -154.9499616035389 -153.7992156432676 -153.2542292841091
 Davidson iteration 0.6 (tol=0.001111166962659001): -155.9843772579198 -155.1221928249004 -153.9652339833644 -153.4259262041058
 Davidson iteration 0.7 (tol=0.0004530617926384726): -155.9843777882799 -155.266169306241 -154.4462989895854 -153.7415800004152
 Davidson iteration 1.0 (tol=0.0004530617926310126): -155.9843777882795
 Davidson iteration 1.1 (tol=0.0001856684485872972): -155.9843778629362 -154.0106873729699
 Davidson iteration 1.2 (tol=0.0001010551161006118): -155.9843778847351 -155.2589541373655 -153.5371339581448
 Davidson iteration 1.3 (tol=4.061028492257114e-05): -155.9843778887026 -155.4571403353042 -153.7086431699649 -153.160418992989
 Davidson iteration 1.4 (tol=1.72201371871992e-05): -155.9843778893733 -155.5645654657703 -153.7965374761622 -153.6649149401057
 Davidson iteration 1.5 (tol=6.962361198154857e-06): -155.9843778895015 -155.6159991178271 -154.6686213251164 -153.6759092811389
 Elapsed time for davidson 60.331616 (sec) 
 Elapsed time for diagonalization 60.331872 (sec) 
 Elapsed time for mult 1.468946 (sec) 
 Energy = -155.9843778895008
 Elapsed time for measurement 0.127777 (sec) 
 Sample-based diagonalization: Energy = -155.9843778895008
 Sample-based diagonalization: density = [1.999988347662987,1.991511902674485,1.991234419065164,1.988078750675306,1.985447088159237,1.984315763199703,1.984508114846687,1.98333324604141,1.980850810110439,1.962682955240451,1.991692556741998,1.985327691127678,1.952821971455915,0.08125703809339448,0.01842835472387692,0.01368210949079687,0.01527066275628493,0.01711065377335931,0.01750169541489224,0.01300059180815737,0.01085792309809562,0.01745657893984722,0.01364077445963613
 Sample-based diagonalization: carryover bitstrings = [], size = 0
