 Elapsed time for helper construction 1.755602 (sec) 
 Elapsed time for init 0.05529299999999999 (sec) 
 Elapsed time for makeQChamDiagTerms 14.633741 (sec) 
 Davidson iteration 0.0 (tol=0.6791935236411337): -155.168235938107
 Davidson iteration 0.1 (tol=0.2684659776393493): -155.3607404890996 -153.134457189317
 Davidson iteration 0.2 (tol=0.105249962812262): -155.3831675755443 -153.4815086075526 -152.4971719750935
 Davidson iteration 0.3 (tol=0.03323965714778629): -155.3866854909527 -153.6961511209035 -152.5165710684289 -152.3666224931186
 Davidson iteration 0.4 (tol=0.01462525688215218): -155.3870709846965 -154.0620174483268 -152.7945829221406 -152.4940705097025
 Davidson iteration 0.5 (tol=0.006238041194210319): -155.3871530652005 -154.4829896509032 -153.1618130693168 -152.5881859931721
 Davidson iteration 0.6 (tol=0.002630889228364192): -155.3871670041067 -154.6638281993089 -153.4004679521681 -152.5900371078615
 Davidson iteration 0.7 (tol=0.001042835715407974): -155.3871693456084 -154.7291742598047 -153.6297189727399 -152.9666494230463
 Davidson iteration 1.0 (tol=0.001042835715410019): -155.3871693456087
 Davidson iteration 1.1 (tol=0.0004932586136784928): -155.3871696683353 -152.86683977305
 Davidson iteration 1.2 (tol=0.0002363946582740328): -155.3871697676014 -154.2457872195974 -151.1246032084125
 Davidson iteration 1.3 (tol=0.0001017997963840862): -155.3871697877996 -154.6491127797332 -152.5648628297017 -150.3856134123344
 Davidson iteration 1.4 (tol=4.839116693467267e-05): -155.3871697917553 -154.8454896280568 -153.0234664709251 -152.4718475458525
 Davidson iteration 1.5 (tol=2.380972146790921e-05): -155.3871697927929 -154.9805498887908 -153.8930189418603 -152.4916274273913
 Davidson iteration 1.6 (tol=1.082808907701611e-05): -155.3871697930098 -155.0440828570973 -154.265701049637 -152.9746562218647
 Davidson iteration 1.7 (tol=4.780235071714984e-06): -155.3871697930578 -155.079366728426 -154.4467409676978 -153.0643613820509
 Elapsed time for davidson 91.133904 (sec) 
 Elapsed time for diagonalization 91.14308799999999 (sec) 
 Elapsed time for mult 2.082355 (sec) 
 Energy = -155.3871697930575
 Elapsed time for measurement 0.163842 (sec) 
 Sample-based diagonalization: Energy = -155.3871697930575
 Sample-based diagonalization: density = [1.999988592226567,1.991710393852519,1.990051753708736,1.988468862484758,1.985834089434316,1.98329506553264,1.980831835126646,1.983190767330699,1.982390962685921,1.971671167604463,1.982370158560326,1.989487455203052,1.932419838550373,0.09955547206045412,0.02241316506490979,0.01783785898048933,0.01676248530033611,0.00754063705972883,0.0136966739151131,0.01846353525979395,0.00906772281798493,0.01686018641260432,0.01609132031271379
 Sample-based diagonalization: carryover bitstrings = [], size = 0
