 Elapsed time for helper construction 0.9277839999999999 (sec) 
 Elapsed time for init 0.03777 (sec) 
 Elapsed time for makeQChamDiagTerms 14.381996 (sec) 
 Davidson iteration 0.0 (tol=0.4162122233056169): -201.8989170516858
 Davidson iteration 0.1 (tol=0.07278151166392147): -201.9947147924588 -200.4308685981955
 Davidson iteration 0.2 (tol=0.01853903814817285): -201.9981559650949 -200.9806339794628 -200.3833816985273
 Davidson iteration 0.3 (tol=0.003761490961011836): -201.9983655558727 -201.1050980606133 -200.6242259633285 -200.1747389237561
 Davidson iteration 0.4 (tol=0.0008953749593131703): -201.9983745443901 -201.3843256276151 -200.624239350204 -200.2616370121287
 Davidson iteration 0.5 (tol=0.0002028784001494043): -201.9983749475662 -201.4003093941623 -200.7072564864701 -200.2749608159396
 Davidson iteration 0.6 (tol=6.148276401428022e-05): -201.9983749752788 -201.4980893190303 -200.9787843006166 -200.6816963586257
 Davidson iteration 0.7 (tol=1.636969827798481e-05): -201.9983749774817 -201.4999700327638 -201.0923946106153 -200.682694806641
 Davidson iteration 1.0 (tol=1.636969826849389e-05): -201.9983749774806
 Davidson iteration 1.1 (tol=4.843120240061664e-06): -201.9983749776248 -200.6959256897848
 Elapsed time for davidson 37.785391 (sec) 
 Elapsed time for diagonalization 37.787829 (sec) 
 Elapsed time for mult 0.881111 (sec) 
 Energy = -201.9983749776251
 Elapsed time for measurement 0.103034 (sec) 
 Sample-based diagonalization: Energy = -201.9983749776251
 Sample-based diagonalization: density = [1.999997433766666,1.995026800019635,1.998365842293155,1.997276426219306,1.997920849034204,1.998251601375872,1.995180459104123,1.994343003276676,1.997504353309957,1.995246130919655,1.994824838851553,1.996056995254296,1.99783208005819,1.96318807425337,1.997760216904733,1.94501619269457,0.09046925593645526,0.002535827340683741,0.003159152051316923,0.007591250539155329,0.004795268955007979,0.003529605640664781,0.003877622555760633,0.004268663400618017,0.003835431329749228,0.00254201285928298,0.005004332301145036,0.004600279610490519
 Sample-based diagonalization: carryover bitstrings = [], size = 0
