 Elapsed time for helper construction 0.8913099999999999 (sec) 
 Elapsed time for init 0.007102 (sec) 
 Elapsed time for makeQChamDiagTerms 6.108461999999999 (sec) 
 Davidson iteration 0.0 (tol=0.6099000273127932): -166.6634077748955
 Davidson iteration 0.1 (tol=0.1946757756767553): -166.8309863584615 -164.8032175730525
 Davidson iteration 0.2 (tol=0.06168949638092643): -166.8470070447051 -165.2542578670959 -164.6044992035502
 Davidson iteration 0.3 (tol=0.0179958441507103): -166.8485669229983 -165.458955369413 -164.6589623045469 -164.4691481196411
 Davidson iteration 0.4 (tol=0.007287646295726581): -166.8487073889562 -165.7492462082047 -164.8227925989643 -164.6581781286465
 Davidson iteration 0.5 (tol=0.002650800308750069): -166.8487333498534 -166.0237403956534 -164.8931020482815 -164.7955684587544
 Davidson iteration 0.6 (tol=0.0009759242866775215): -166.8487365285854 -166.1714495721432 -165.1990553192335 -164.8698931805264
 Davidson iteration 0.7 (tol=0.0003119020602917985): -166.8487369365003 -166.2161501931377 -165.4542911759419 -165.0432353372676
 Davidson iteration 1.0 (tol=0.0003119020602816325): -166.8487369365004
 Davidson iteration 1.1 (tol=0.000122568030734238): -166.848736974279 -165.0784268086965
 Davidson iteration 1.2 (tol=5.229130578883066e-05): -166.8487369825862 -165.8624155153049 -164.4619977302318
 Davidson iteration 1.3 (tol=1.972171081868955e-05): -166.8487369838783 -166.2282492488292 -164.6287106480283 -164.3019374706072
 Davidson iteration 1.4 (tol=8.368264532078585e-06): -166.8487369840601 -166.3404040698042 -165.0763027973542 -164.5867947353282
 Elapsed time for davidson 24.28638 (sec) 
 Elapsed time for diagonalization 24.286499 (sec) 
 Elapsed time for mult 0.565083 (sec) 
 Energy = -166.8487369840606
 Elapsed time for measurement 0.055174 (sec) 
 Sample-based diagonalization: Energy = -166.8487369840606
 Sample-based diagonalization: density = [1.999983643851116,1.995415742753871,1.995347491888218,1.99141773585956,1.994888091057285,1.987140305434013,1.983016736860952,1.988683384777687,1.990927745310079,1.988913512529836,1.974214853605533,1.982765121335637,1.98865010631905,1.93443117454525,0.0817831727558732,0.0138729874947947,0.01794361537662661,0.01874188980693026,0.01426697929183562,0.02032901361173382,0.0243154637145558,0.01295123153867275
 Sample-based diagonalization: carryover bitstrings = [], size = 0
