 Elapsed time for helper construction 1.652315 (sec) 
 Elapsed time for init 0.05806 (sec) 
 Elapsed time for makeQChamDiagTerms 18.334904 (sec) 
 Davidson iteration 0.0 (tol=0.6926489286017787): -164.3780882268973
 Davidson iteration 0.1 (tol=0.2526301413112096): -164.5820598148251 -162.4070894231421
 Davidson iteration 0.2 (tol=0.09164231096176258): -164.6027948176665 -162.6824268530669 -161.9315377520206
 Davidson iteration 0.3 (tol=0.02743655983818588): -164.6056122441784 -162.8301254433395 -162.0865300180875 -161.849047779044
 Davidson iteration 0.4 (tol=0.01048957663154615): -164.6058932203482 -163.1898480876436 -162.1739520355087 -161.9546370117104
 Davidson iteration 0.5 (tol=0.003831502692174381): -164.6059413064087 -163.635216777203 -162.3898619093026 -162.0864548515601
 Davidson iteration 0.6 (tol=0.001338326694812049): -164.6059470301169 -163.7963586748373 -162.5115862136474 -162.2051063734349
 Davidson iteration 0.7 (tol=0.0005019811993459863): -164.6059476938091 -163.8685228627704 -162.8663001322658 -162.3110200792753
 Davidson iteration 1.0 (tol=0.00050198119933367): -164.605947693809
 Davidson iteration 1.1 (tol=0.0002192170781163903): -164.6059477815945 -162.5716441393306
 Davidson iteration 1.2 (tol=9.941617999481481e-05): -164.6059478059732 -163.5400091120445 -161.8595309098313
 Davidson iteration 1.3 (tol=4.044470354098343e-05): -164.6059478096203 -163.8415002094216 -162.0808774949377 -161.4700287602326
 Davidson iteration 1.4 (tol=1.519428061777159e-05): -164.6059478102019 -163.9554148945895 -162.0875324083687 -162.0361770185196
 Davidson iteration 1.5 (tol=5.964440446743662e-06): -164.6059478103042 -164.0581338322366 -163.0272596618928 -162.0874817336277
 Elapsed time for davidson 81.066951 (sec) 
 Elapsed time for diagonalization 81.069017 (sec) 
 Elapsed time for mult 2.362497 (sec) 
 Energy = -164.6059478103052
 Elapsed time for measurement 0.188447 (sec) 
 Sample-based diagonalization: Energy = -164.6059478103052
 Sample-based diagonalization: density = [1.999975779141793,1.992959764630447,1.993783881423725,1.990457950808924,1.986256948639897,1.985087634067705,1.984678359481124,1.984159468788613,1.979401673892113,1.980777003948505,1.972746702343505,1.99343663299773,1.985642017225416,1.933683631368501,0.09438838916662493,0.01779187732946345,0.008525097858974052,0.01587404012133838,0.009327737246481178,0.009717540735737478,0.01270592603151717,0.0187023125062281,0.01538461887604203,0.01676313714748037,0.0177718736631175
 Sample-based diagonalization: carryover bitstrings = [], size = 0
