 Elapsed time for helper construction 0.329212 (sec) 
 Elapsed time for init 0.007407 (sec) 
 Elapsed time for makeQChamDiagTerms 0.647726 (sec) 
 Davidson iteration 0.0 (tol=0.5441076735161483): -137.2132205418034
 Davidson iteration 0.1 (tol=0.2334431996111505): -137.3492212278576 -135.4609082553054
 Davidson iteration 0.2 (tol=0.1076019095277786): -137.3660209052734 -135.8051237095484 -134.4984615821137
 Davidson iteration 0.3 (tol=0.03939675218493298): -137.3695611410461 -135.9172671576918 -134.8727987459513 -134.2726805926247
 Davidson iteration 0.4 (tol=0.01575814696947598): -137.3699889868275 -136.0620114377338 -135.1215825204351 -134.3733974229214
 Davidson iteration 0.5 (tol=0.005389492502623149): -137.3700540046585 -136.2251732217536 -135.2528399871496 -134.9228148696625
 Davidson iteration 0.6 (tol=0.002088239984179975): -137.3700623344677 -136.2969588492859 -135.4468657792632 -135.0472802190176
 Davidson iteration 0.7 (tol=0.0008537936951410973): -137.370063365162 -136.3418666729308 -135.5743927089996 -135.0476233841413
 Davidson iteration 1.0 (tol=0.0008537936951476374): -137.3700633651598
 Davidson iteration 1.1 (tol=0.0004067760839543386): -137.3700635274593 -133.9986703555096
 Davidson iteration 1.2 (tol=0.0001688851322171163): -137.3700635816202 -135.721317947266 -132.4524403747238
 Davidson iteration 1.3 (tol=7.227982872172787e-05): -137.3700635908319 -136.2568354076294 -134.5321229139574 -131.6225909524737
 Davidson iteration 1.4 (tol=2.906545600734607e-05): -137.3700635922074 -136.4256873133728 -134.6521780686496 -134.1363766474571
 Davidson iteration 1.5 (tol=1.05965368065833e-05): -137.3700635924386 -136.5120368648008 -134.8170913642668 -134.5421793526305
 Davidson iteration 1.6 (tol=4.403107328167761e-06): -137.3700635924693 -136.5571906042541 -135.6308192750225 -134.8170827762588
 Elapsed time for davidson 12.731687 (sec) 
 Elapsed time for diagonalization 12.73185 (sec) 
 Elapsed time for mult 0.466323 (sec) 
 Energy = -137.370063592469
 Elapsed time for measurement 0.015778 (sec) 
 Sample-based diagonalization: Energy = -137.370063592469
 Sample-based diagonalization: density = [1.999996928899621,1.999590448301363,1.991933431256436,1.982865707768958,1.982211502369023,1.986703048874713,1.996459300525783,1.976936970764926,1.893607870355943,1.983754347335245,0.1176440144157796,0.02483736004049868,0.008411486829506111,0.008585698322400793,0.02661527627090952,0.01984660763489237
 Sample-based diagonalization: carryover bitstrings = [], size = 0
