 Elapsed time for helper construction 1.353561 (sec) 
 Elapsed time for init 0.021833 (sec) 
 Elapsed time for makeQChamDiagTerms 19.333626 (sec) 
 Davidson iteration 0.0 (tol=0.5913389064668284): -198.8831870686891
 Davidson iteration 0.1 (tol=0.1347224954836009): -199.050644650891 -197.1213351703116
 Davidson iteration 0.2 (tol=0.03612699739123758): -199.0588645926291 -197.4569978882307 -197.067422931243
 Davidson iteration 0.3 (tol=0.008043488722708774): -199.0594167466135 -197.5350476838496 -197.0698388097253 -196.8984173731193
 Davidson iteration 0.4 (tol=0.002411792761680744): -199.0594468473709 -197.8514830197338 -197.1095735412293 -196.9512505536845
 Davidson iteration 0.5 (tol=0.0007368486784988182): -199.0594498964489 -198.1882335910499 -197.162128838278 -197.1089233238068
 Davidson iteration 0.6 (tol=0.0002241226180300749): -199.0594501848041 -198.3672785550037 -197.4584573816982 -197.1458265388106
 Davidson iteration 0.7 (tol=7.388411238480598e-05): -199.0594502128533 -198.455080338668 -197.9232449203441 -197.4582546523654
 Davidson iteration 1.0 (tol=7.388411238556879e-05): -199.059450212851
 Davidson iteration 1.1 (tol=2.764072545089447e-05): -199.0594502156793 -197.9109813763703
 Davidson iteration 1.2 (tol=1.137960118696994e-05): -199.0594502162777 -198.5152264734416 -197.3264738643512
 Davidson iteration 1.3 (tol=3.705043916564535e-06): -199.0594502163459 -198.6844560788329 -197.5889761085157 -196.8352959553927
 Elapsed time for davidson 49.172616 (sec) 
 Elapsed time for diagonalization 49.17568499999999 (sec) 
 Elapsed time for mult 0.849498 (sec) 
 Energy = -199.0594502163496
 Elapsed time for measurement 0.134825 (sec) 
 Sample-based diagonalization: Energy = -199.0594502163496
 Sample-based diagonalization: density = [1.999990425670398,1.99525218287246,1.996014480835785,1.995214259064159,1.993012211384315,1.989820970743779,1.992088989205956,1.99142901350227,1.991475800013691,1.989767979977632,1.98557359189935,1.991943769888145,1.987590498494156,1.966103183733204,1.993585368629398,1.951590261762363,0.07870410987772075,0.01060789481388119,0.01349312222509308,0.01326020158576992,0.007539570590612246,0.01239066815740006,0.01076248866054674,0.009947807493697922,0.007602733218096862,0.004076676040642969,0.01176417584853352,0.009397563577057934
 Sample-based diagonalization: carryover bitstrings = [], size = 0
