 Elapsed time for helper construction 0.523616 (sec) 
 Elapsed time for init 0.019548 (sec) 
 Elapsed time for makeQChamDiagTerms 3.600497 (sec) 
 Davidson iteration 0.0 (tol=0.5176391895830744): -149.3253664822689
 Davidson iteration 0.1 (tol=0.1988494021534647): -149.4452402763071 -147.47004526579
 Davidson iteration 0.2 (tol=0.07785779108250944): -149.4586622505657 -147.8994531547035 -146.8871334282815
 Davidson iteration 0.3 (tol=0.02637311822663985): -149.4609190295945 -148.0896622946653 -147.1269427920644 -146.8742434443253
 Davidson iteration 0.4 (tol=0.01144323868872148): -149.4611589929786 -148.3531518989138 -147.3554390313859 -146.875798144327
 Davidson iteration 0.5 (tol=0.004385632107694925): -149.4612089831264 -148.6528581640005 -147.4855210121241 -147.1526507050574
 Davidson iteration 0.6 (tol=0.001781119063336568): -149.4612156957936 -148.7690236938063 -147.692378978325 -147.1580634132674
 Davidson iteration 0.7 (tol=0.0007027679616526715): -149.4612167233246 -148.8285980031638 -148.0361021688384 -147.2696538074982
 Davidson iteration 1.0 (tol=0.0007027679616506175): -149.4612167233238
 Davidson iteration 1.1 (tol=0.0003279350940909321): -149.4612168688 -147.3611463050862
 Davidson iteration 1.2 (tol=0.0001452975420828862): -149.4612169124825 -148.4367225237725 -145.5597713997555
 Davidson iteration 1.3 (tol=5.682730019176258e-05): -149.4612169203844 -148.7869976092766 -146.7612810403725 -145.2849446232766
 Davidson iteration 1.4 (tol=2.401937036587622e-05): -149.4612169214414 -148.9158027668019 -146.9508421820544 -146.7009244234034
 Davidson iteration 1.5 (tol=9.056119096094671e-06): -149.4612169216538 -148.9818638270613 -147.6860811707618 -146.7572027326302
 Elapsed time for davidson 23.742557 (sec) 
 Elapsed time for diagonalization 23.743209 (sec) 
 Elapsed time for mult 0.6680729999999999 (sec) 
 Energy = -149.4612169216547
 Elapsed time for measurement 0.045195 (sec) 
 Sample-based diagonalization: Energy = -149.4612169216547
 Sample-based diagonalization: density = [1.999998670586081,1.998109294354803,1.993049919952093,1.994269826586713,1.989239890009237,1.992531522419923,1.991733384703254,1.977664896912124,1.965782266527104,1.986126265181573,1.941522201353874,0.09932060073035159,0.01280421316142751,0.0083713006909438,0.01668737243113156,0.0009345991477248344,0.01355980568582517,0.01829396938446806
 Sample-based diagonalization: carryover bitstrings = [], size = 0
