 Elapsed time for helper construction 0.419224 (sec) 
 Elapsed time for init 0.004117 (sec) 
 Elapsed time for makeQChamDiagTerms 2.193245 (sec) 
 Davidson iteration 0.0 (tol=0.5387715259226401): -148.3060843403417
 Davidson iteration 0.1 (tol=0.2349698429343735): -148.429842077263 -146.3476407345588
 Davidson iteration 0.2 (tol=0.1053025716843015): -148.4462689881801 -146.7913516270102 -145.4274475289054
 Davidson iteration 0.3 (tol=0.04057633902203099): -148.4496364800411 -147.0276197345505 -145.8143281437032 -145.0703343488045
 Davidson iteration 0.4 (tol=0.01640154658311962): -148.4500763006718 -147.2236095160404 -146.1459303651164 -145.4517551400697
 Davidson iteration 0.5 (tol=0.006257838308699361): -148.4501691432814 -147.5460056932538 -146.4403499297117 -145.6951889503311
 Davidson iteration 0.6 (tol=0.002986134436774894): -148.4501812101621 -147.6860272817697 -146.6094390438935 -145.6953078293068
 Davidson iteration 0.7 (tol=0.001289889065884499): -148.4501838118577 -147.8105762697923 -146.9316369471313 -146.0046886987645
 Davidson iteration 1.0 (tol=0.0012898890658876): -148.4501838118574
 Davidson iteration 1.1 (tol=0.0006559510614366584): -148.4501842362239 -145.9005871224781
 Davidson iteration 1.2 (tol=0.0003304834402846292): -148.4501843838956 -147.4137337263117 -143.5588064640903
 Davidson iteration 1.3 (tol=0.0001460365647862537): -148.4501844217179 -147.8518124279934 -145.2910336739375 -142.9420786841368
 Davidson iteration 1.4 (tol=6.42600442414403e-05): -148.4501844275837 -147.9608356202569 -145.3199668419313 -145.0946727068562
 Davidson iteration 1.5 (tol=2.681091108342904e-05): -148.45018442877 -148.0325673312117 -146.3149090489873 -145.2790355163559
 Davidson iteration 1.6 (tol=1.188714652948883e-05): -148.4501844289832 -148.0732797224205 -146.961116265606 -145.5498895678092
 Davidson iteration 1.7 (tol=4.378519693034864e-06): -148.450184429027 -148.0899078838785 -147.4107076255643 -145.5546745539912
 Elapsed time for davidson 18.636984 (sec) 
 Elapsed time for diagonalization 18.637078 (sec) 
 Elapsed time for mult 0.5661999999999999 (sec) 
 Energy = -148.4501844290287
 Elapsed time for measurement 0.027193 (sec) 
 Sample-based diagonalization: Energy = -148.4501844290287
 Sample-based diagonalization: density = [1.999996803584162,1.998021973526089,1.992539014077712,1.990453900415773,1.990967417127513,1.989631756359815,1.991820861974463,1.980472650681596,1.961820991994087,1.98191120714127,1.943544187624414,0.1017896783023281,0.01384525894123852,0.01549058118847036,0.004313169065890493,0.02538421072408253,0.01799633713565757
 Sample-based diagonalization: carryover bitstrings = [], size = 0
