 Elapsed time for helper construction 0.971279 (sec) 
 Elapsed time for init 0.017253 (sec) 
 Elapsed time for makeQChamDiagTerms 11.411736 (sec) 
 Davidson iteration 0.0 (tol=0.4723105659847567): -165.6841603365698
 Davidson iteration 0.1 (tol=0.09248924513964044): -165.7939659598296 -164.0358142066226
 Davidson iteration 0.2 (tol=0.02355781525159056): -165.7984635282816 -164.5483836708745 -163.978592014752
 Davidson iteration 0.3 (tol=0.005305582039804745): -165.798774777645 -164.6223401872364 -164.2862272196944 -163.8875506312615
 Davidson iteration 0.4 (tol=0.001471128856194186): -165.7987924115722 -165.0693231162137 -164.2871190891736 -163.8918835437015
 Davidson iteration 0.5 (tol=0.0004740292771861891): -165.798793547814 -165.1204282788672 -164.4944644184009 -164.1309481865626
 Davidson iteration 0.6 (tol=9.799963710213968e-05): -165.7987936577921 -165.1613132565517 -164.494572672049 -164.3584772742888
 Davidson iteration 0.7 (tol=2.296660835012363e-05): -165.7987936625457 -165.1707749055392 -164.7227105487493 -164.3620767031617
 Davidson iteration 1.0 (tol=2.296660834143421e-05): -165.7987936625472
 Davidson iteration 1.1 (tol=7.05373657354958e-06): -165.7987936628104 -164.275003967621
 Elapsed time for davidson 28.628548 (sec) 
 Elapsed time for diagonalization 28.628713 (sec) 
 Elapsed time for mult 0.532636 (sec) 
 Energy = -165.7987936628086
 Elapsed time for measurement 0.106677 (sec) 
 Sample-based diagonalization: Energy = -165.7987936628086
 Sample-based diagonalization: density = [1.999985126124135,1.996179329591452,1.997921815743188,1.996112835781277,1.996060217781434,1.99366525924156,1.998109867073321,1.99265022832155,1.991256658718326,1.988405170830096,1.977262937334164,1.991975458506855,1.995105371072085,1.946547272017455,0.08306655344319006,0.007233554142454367,0.006897326222724496,0.001486187890396674,0.00118075340466227,0.005354571509423939,0.00881329927673722,0.003009360205732022,0.002733224105569001,0.005712019716317603,0.01327560184867379
 Sample-based diagonalization: carryover bitstrings = [], size = 0
