 Elapsed time for helper construction 1.295963 (sec) 
 Elapsed time for init 0.034912 (sec) 
 Elapsed time for makeQChamDiagTerms 6.802122 (sec) 
 Davidson iteration 0.0 (tol=0.6127644375138521): -131.9413490602467
 Davidson iteration 0.1 (tol=0.2400927157863463): -132.1113189908056 -129.8574884705372
 Davidson iteration 0.2 (tol=0.0812851773595913): -132.1297608893995 -130.3468776684037 -128.8275802731958
 Davidson iteration 0.3 (tol=0.02840551541939647): -132.131529776247 -130.4391122890061 -128.9900367886963 -128.7388882915262
 Davidson iteration 0.4 (tol=0.01046797340522669): -132.1317543922524 -130.558602389386 -129.4738346551532 -128.7590876116324
 Davidson iteration 0.5 (tol=0.004135708390160659): -132.1317859353088 -130.7584139800803 -129.9917330095331 -128.9728526807621
 Davidson iteration 0.6 (tol=0.001719240360205983): -132.1317910815068 -130.9642414494479 -130.2329598652279 -128.9940065674377
 Davidson iteration 0.7 (tol=0.0007146959915921864): -132.1317919404772 -131.1294344712263 -130.3893298085425 -129.4407767355895
 Davidson iteration 1.0 (tol=0.0007146959915914689): -132.1317919404767
 Davidson iteration 1.1 (tol=0.0003398690609285917): -132.1317920650727 -128.9510852826041
 Davidson iteration 1.2 (tol=0.0001604995663622991): -132.1317921041009 -130.7748197741185 -126.4823707973217
 Davidson iteration 1.3 (tol=7.423535086863656e-05): -132.1317921120182 -131.2055973955232 -128.6763105906278 -125.7095946688243
 Davidson iteration 1.4 (tol=2.962582458024034e-05): -132.1317921134416 -131.3732395712492 -129.104331784873 -127.8278838867364
 Davidson iteration 1.5 (tol=1.268985117834385e-05): -132.131792113671 -131.4487417550839 -129.7262853436204 -128.8283402358601
 Davidson iteration 1.6 (tol=4.947228524917175e-06): -132.1317921137108 -131.4740785654405 -130.2610537175004 -128.8284690224765
 Elapsed time for davidson 71.663837 (sec) 
 Elapsed time for diagonalization 71.664047 (sec) 
 Elapsed time for mult 2.967436 (sec) 
 Energy = -132.1317921137112
 Elapsed time for measurement 9.708986999999999 (sec) 
 Sample-based diagonalization: Energy = -132.1317921137112
 Sample-based diagonalization: density = [1.999966535756427,1.991923884260849,1.98822548598678,1.983918288949836,1.979199638900128,1.975874693692141,1.975626951626163,1.977937068984674,1.976419587037603,1.980186449160496,1.974217495446287,1.987429875456201,0.02281730777082572,0.03232847491289292,0.02190491806726235,0.02136600854570075,0.02611636918270694,0.02458665071882627,0.02071375483913483,0.01893831372570952,0.02030224695241704
 Sample-based diagonalization: carryover bitstrings = [], size = 0
 Elapse time for dumping one-particle rdm = 0.000682
 Elapse time for dumping two-particle rdm = 0.171897
 Zero-Body energy = 0
 One-Body energy = -226.4730887032066
 Two-Body energy = 94.34129658965131
 One-Body + Two-Body energy = -132.1317921135553
 Zero-Body + One-Body + Two-Body energy = -132.1317921135553
