 Elapsed time for helper construction 1.797209 (sec) 
 Elapsed time for init 0.053313 (sec) 
 Elapsed time for makeQChamDiagTerms 16.128023 (sec) 
 Davidson iteration 0.0 (tol=0.6672739480395449): -165.735188566932
 Davidson iteration 0.1 (tol=0.2709855373746292): -165.9193806372931 -163.681156340917
 Davidson iteration 0.2 (tol=0.1076466190682597): -165.942165418105 -164.0982959605029 -163.0098535221343
 Davidson iteration 0.3 (tol=0.03742766771593938): -165.9458121946617 -164.3712890119059 -163.0336789105219 -162.7807675890218
 Davidson iteration 0.4 (tol=0.01701857652048554): -165.9462711469046 -164.7265909176713 -163.3637069659514 -162.9995369312436
 Davidson iteration 0.5 (tol=0.007051728756500863): -165.9463849970535 -165.1402515605733 -163.7765712738368 -163.1248136910639
 Davidson iteration 0.6 (tol=0.003145301681060146): -165.9464023589195 -165.2872104785808 -164.0082702780195 -163.1881723401834
 Davidson iteration 0.7 (tol=0.001322100405245169): -165.9464055872981 -165.3440146951482 -164.251995019305 -163.5410384981698
 Davidson iteration 1.0 (tol=0.001322100405249707): -165.9464055872987
 Davidson iteration 1.1 (tol=0.0006538832349461687): -165.9464060883893 -163.2851299055885
 Davidson iteration 1.2 (tol=0.0003354112274621337): -165.9464062583816 -164.7464376937908 -161.31071255083
 Davidson iteration 1.3 (tol=0.0001490218970595195): -165.946406298065 -165.16902958455 -162.7521054429257 -160.8910129025993
 Davidson iteration 1.4 (tol=7.161496190245249e-05): -165.9464063057088 -165.3560152517112 -163.4431662602573 -162.5249742305507
 Davidson iteration 1.5 (tol=3.88152561631416e-05): -165.9464063079987 -165.5122372294877 -164.5441632048912 -162.7481811297138
 Davidson iteration 1.6 (tol=2.028572249778343e-05): -165.946406308601 -165.6003478316463 -164.9035025773948 -163.2556255193016
 Davidson iteration 1.7 (tol=9.922084972372171e-06): -165.9464063087706 -165.6517411438897 -165.0907198885909 -163.7194759148996
 Elapsed time for davidson 96.900965 (sec) 
 Elapsed time for diagonalization 96.91267599999999 (sec) 
 Elapsed time for mult 2.715545 (sec) 
 Energy = -165.9464063087741
 Elapsed time for measurement 0.144731 (sec) 
 Sample-based diagonalization: Energy = -165.9464063087741
 Sample-based diagonalization: density = [1.999988251077785,1.992861387795445,1.990930161246023,1.989094426324327,1.991099539361128,1.982461653178763,1.979882556191528,1.980142824260251,1.986268613261401,1.965333698327465,1.995902579843758,1.983039050478911,1.990558335929152,1.935015982961366,0.103646611765304,0.02077034158724338,0.01909962591032039,0.01238073140756428,0.01698994626265555,0.01567767798996898,0.01381808767327585,0.01981636563385896,0.01522155093681482
 Sample-based diagonalization: carryover bitstrings = [], size = 0
