 Elapsed time for helper construction 0.160852 (sec) 
 Elapsed time for init 0.003068 (sec) 
 Elapsed time for makeQChamDiagTerms 0.535768 (sec) 
 Davidson iteration 0.0 (tol=0.5728749300517293): -137.4595214905258
 Davidson iteration 0.1 (tol=0.2841781734667242): -137.5972407392902 -135.5315871116135
 Davidson iteration 0.2 (tol=0.1325122309297808): -137.6228308894003 -136.0498899322772 -134.6467052131556
 Davidson iteration 0.3 (tol=0.06005923306475824): -137.6279490004561 -136.3432999755372 -135.0461921414135 -133.6499730705599
 Davidson iteration 0.4 (tol=0.026876027799429): -137.6289218707739 -136.5611398526293 -135.2335859321649 -134.7961365067757
 Davidson iteration 0.5 (tol=0.01163187009144597): -137.6291583569246 -136.8382343862259 -135.5169029143571 -134.8171890894251
 Davidson iteration 0.6 (tol=0.006136976639534154): -137.6291924275029 -136.9582002675037 -135.7353315902498 -134.8296369403571
 Davidson iteration 0.7 (tol=0.002515369385505382): -137.6292020833 -137.0266932571621 -135.9596872171212 -135.0110792390717
 Davidson iteration 1.0 (tol=0.002515369385504511): -137.6292020832997
 Davidson iteration 1.1 (tol=0.001170239304090362): -137.6292035072294 -134.5075646869887
 Davidson iteration 1.2 (tol=0.0006462038634055853): -137.6292039666296 -136.0605278823657 -133.5188991266216
 Davidson iteration 1.3 (tol=0.0003001544686189533): -137.6292040914059 -136.6693007756427 -133.7609429700105 -133.4282852458402
 Davidson iteration 1.4 (tol=0.0001316519532102878): -137.6292041159371 -136.9119598533553 -134.1186343142084 -133.7168562325458
 Davidson iteration 1.5 (tol=6.040954991851007e-05): -137.6292041205093 -137.0168528930507 -134.9556975351492 -133.7553650138143
 Davidson iteration 1.6 (tol=2.557977250110361e-05): -137.6292041215431 -137.0866121403718 -135.773392171677 -133.7894558481223
 Davidson iteration 1.7 (tol=9.909895005605555e-06): -137.6292041217132 -137.1240305170977 -136.2095341792643 -134.3336459933672
 Elapsed time for davidson 5.304589 (sec) 
 Elapsed time for diagonalization 5.304652 (sec) 
 Elapsed time for mult 0.180881 (sec) 
 Energy = -137.6292041217125
 Elapsed time for measurement 0.006691 (sec) 
 Sample-based diagonalization: Energy = -137.6292041217125
 Sample-based diagonalization: density = [1.999997340582443,1.994091452080445,1.99297616934996,1.98733909006011,1.98668734963848,1.981336424683737,1.960872524749302,1.979071716432713,1.983962157495551,1.904167870734511,0.1345058671053291,0.00703859689520645,0.03028555001305016,0.03348201848271536,0.02418587166508222
 Sample-based diagonalization: carryover bitstrings = [], size = 0
