 Elapsed time for helper construction 1.314501 (sec) 
 Elapsed time for init 0.021095 (sec) 
 Elapsed time for makeQChamDiagTerms 16.426538 (sec) 
 Davidson iteration 0.0 (tol=0.5753813358855332): -146.9332230591811
 Davidson iteration 0.1 (tol=0.1224315784613762): -147.1289598902754 -145.6527362161809
 Davidson iteration 0.2 (tol=0.0290903390160707): -147.1372275569545 -145.7634554357749 -145.5709102769273
 Davidson iteration 0.3 (tol=0.008355468123590013): -147.1377180490845 -146.0408539957531 -145.5712003946126 -145.3364069428108
 Davidson iteration 0.4 (tol=0.002313482984091795): -147.1377622524988 -146.3092267479152 -145.5820516246509 -145.3840261334414
 Davidson iteration 0.5 (tol=0.000612196792525958): -147.1377653695373 -146.4759737046286 -145.5840002947625 -145.5168935646421
 Davidson iteration 0.6 (tol=0.0001756176402842356): -147.1377655768509 -146.5199366132913 -145.7594093588368 -145.564745238223
 Davidson iteration 0.7 (tol=5.340318117615859e-05): -147.1377655963922 -146.5412907991264 -146.1402980888381 -145.5778868810649
 Davidson iteration 1.0 (tol=5.340318117966628e-05): -147.1377655963925
 Davidson iteration 1.1 (tol=2.136507123677482e-05): -147.1377655981981 -145.9900323701889
 Davidson iteration 1.2 (tol=1.061972717488839e-05): -147.1377655986631 -146.6061839543643 -145.3810990457864
 Davidson iteration 1.3 (tol=3.338133958457697e-06): -147.137765598731 -146.7542204749931 -145.414749685175 -145.2618962248737
 Elapsed time for davidson 46.662847 (sec) 
 Elapsed time for diagonalization 46.66295299999999 (sec) 
 Elapsed time for mult 0.8263699999999999 (sec) 
 Energy = -147.1377655987304
 Elapsed time for measurement 0.135344 (sec) 
 Sample-based diagonalization: Energy = -147.1377655987304
 Sample-based diagonalization: density = [1.999988175609652,1.993783514269207,1.993396311284481,1.99145628978899,1.993534240570908,1.995055310714694,1.99255936173489,1.992156143684378,1.988958418540958,1.989064846381339,1.964855221055741,1.953027580032809,1.933364457466999,1.928581733893193,0.07671243526585639,0.06676550647045186,0.0437349869081369,0.03427263856896018,0.007505919775426806,0.008249385710655687,0.01093670929304396,0.01044451382059454,0.007399009155945635,0.00678462303033566,0.006329786527973716,0.005323389039832996,0.005759491226810447
 Sample-based diagonalization: carryover bitstrings = [], size = 0
