 Elapsed time for helper construction 1.498939 (sec) 
 Elapsed time for init 0.046353 (sec) 
 Elapsed time for makeQChamDiagTerms 14.449915 (sec) 
 Davidson iteration 0.0 (tol=0.6143966196523459): -122.8474747093992
 Davidson iteration 0.1 (tol=0.1665409079730526): -123.0212270415273 -121.0355424599723
 Davidson iteration 0.2 (tol=0.03467017160014205): -123.0320503709002 -121.0669698594355 -120.8894026690352
 Davidson iteration 0.3 (tol=0.008731846270396745): -123.0325379343191 -121.4345025790877 -120.947540128642 -120.5901050401688
 Davidson iteration 0.4 (tol=0.003159347778888625): -123.0325773774706 -121.9792132760669 -121.3650734927905 -120.8338052114261
 Davidson iteration 0.5 (tol=0.0007697949143984515): -123.0325813327185 -122.0489796105845 -121.44196360973 -120.8973119636707
 Davidson iteration 0.6 (tol=0.0002093925702123954): -123.0325815832541 -122.2559780339234 -121.5570771018587 -120.9450050593559
 Davidson iteration 0.7 (tol=5.539644697521613e-05): -123.0325816010258 -122.3456316735643 -121.6090328641922 -121.0272461652246
 Davidson iteration 1.0 (tol=5.539644697639015e-05): -123.0325816010249
 Davidson iteration 1.1 (tol=1.921463151998965e-05): -123.0325816022422 -121.3631003982713
 Davidson iteration 1.2 (tol=5.703172143448375e-06): -123.0325816024177 -122.0417112301404 -120.099967201999
 Elapsed time for davidson 54.038148 (sec) 
 Elapsed time for diagonalization 54.039675 (sec) 
 Elapsed time for mult 2.014673 (sec) 
 Energy = -123.032581602418
 Elapsed time for measurement 0.137124 (sec) 
 Sample-based diagonalization: Energy = -123.032581602418
 Sample-based diagonalization: density = [1.999970913526196,1.991565402872578,1.991796639478251,1.988882553130998,1.98455803476101,1.984594109300567,1.986785550607336,1.985249416634244,1.979877517852489,1.980201498007936,1.987109154702988,1.944426434295602,0.05515254083223799,0.006109940470963736,0.01798565529039401,0.01499364433673653,0.007070351170216439,0.01253148667627486,0.01748893723675018,0.01382308933126995,0.01479567171337564,0.01301237729994248,0.01390180068983649,0.008117279432255934
 Sample-based diagonalization: carryover bitstrings = [], size = 0
