"PluginInterface" error: Failure to initialize device 0: Error in cuDevicePrimaryCtxRetain: out of memory
"PluginInterface" error: Failure to initialize device 0: Error in cuDevicePrimaryCtxRetain: out of memory
"PluginInterface" error: Failure to initialize device 1: Error in cuDevicePrimaryCtxRetain: out of memory
"PluginInterface" error: Failure to initialize device 1: Error in cuDevicePrimaryCtxRetain: out of memory
"PluginInterface" error: Failure to initialize device 2: Error in cuDevicePrimaryCtxRetain: out of memory
"PluginInterface" error: Failure to initialize device 2: Error in cuDevicePrimaryCtxRetain: out of memory
"PluginInterface" error: Failure to initialize device 3: Error in cuDevicePrimaryCtxRetain: out of memory
"PluginInterface" error: Failure to initialize device 3: Error in cuDevicePrimaryCtxRetain: out of memory
 Elapsed time for helper construction 0.156745 (sec) 
 Elapsed time for init 0.001036 (sec) 
 Elapsed time for makeQChamDiagTerms 0.016545 (sec) 
 Davidson iteration 0.0 (tol=0.5973608389040358): -89.48710487068729
 Davidson iteration 0.1 (tol=0.2384491046366927): -89.65367763533011 -87.80186190894531
 Davidson iteration 0.2 (tol=0.06838428320006729): -89.67398689564709 -87.99713078562225 -86.95473376949214
 Davidson iteration 0.3 (tol=0.02120255906734639): -89.67549638165967 -88.23262916079052 -86.97555003816764 -86.82911790166196
 Davidson iteration 0.4 (tol=0.007532306901550992): -89.67564405877832 -88.43022722897477 -87.3479582759368 -86.93886132551725
 Davidson iteration 0.5 (tol=0.002509717966564147): -89.67566313205546 -88.57446697203406 -87.60101849336411 -86.97258810580639
 Davidson iteration 0.6 (tol=0.0008438833245939162): -89.67566506558941 -88.70159155658266 -87.7739069843048 -87.093974840454
 Davidson iteration 0.7 (tol=0.0002661580292558301): -89.67566527499402 -88.79367868811815 -87.93491408960521 -87.35996079934067
 Davidson iteration 0.8 (tol=8.647615447374498e-05): -89.67566529700919 -88.81983237016408 -88.06288702918576 -87.42629612702197
 Davidson iteration 0.9 (tol=3.018267708075425e-05): -89.67566529949691 -88.83701593099643 -88.29527271887559 -87.62190983586807
 Davidson iteration 0.10 (tol=1.020387566994393e-05): -89.67566529978727 -88.84233902512247 -88.4551908011654 -87.77616462986845
 Davidson iteration 0.11 (tol=3.061711780780575e-06): -89.67566529982055 -88.85328228327462 -88.59435649808428 -87.88350098247166
 Davidson iteration 0.12 (tol=9.865447837570371e-07): -89.67566529982325 -88.85565989326831 -88.66090035939122 -87.94445036654864
 Davidson iteration 0.13 (tol=3.279871224718405e-07): -89.67566529982363 -88.85741185641119 -88.70339574916346 -88.03149333027348
 Davidson iteration 0.14 (tol=1.012096077652131e-07): -89.67566529982368 -88.85789891107834 -88.74908016455932 -88.13771537298501
 Davidson iteration 0.15 (tol=3.259327794403828e-08): -89.67566529982359 -88.86658512557942 -88.76344058204481 -88.29285214546064
 Davidson iteration 0.16 (tol=1.084891834875689e-08): -89.67566529982366 -88.87218465568949 -88.77859572465499 -88.44618953424708
 Davidson iteration 0.17 (tol=3.683936510010925e-09): -89.67566529982359 -88.88948049544716 -88.78071699347005 -88.59804637398651
 Elapsed time for davidson 12.651877 (sec) 
 Elapsed time for diagonalization 12.651922 (sec) 
 Elapsed time for mult 0.541403 (sec) 
 Energy = -89.67566529982233
 Elapsed time for measurement 0.002645 (sec) 
 Sample-based diagonalization: Energy = -89.67566529982233
 Sample-based diagonalization: density = [1.999965709440854,1.987641943795286,1.985455066728482,1.983802651134759,1.979220340761722,1.973908291592068,1.975579849695351,1.977922014498971,1.894584314382229,0.1071306681262424,0.01908229469876511,0.02352813953631881,0.02285884650811191,0.02055198352958245,0.01975413259453096,0.01268022847405686,0.01633352449630712
 Sample-based diagonalization: carryover bitstrings = [], size = 0
