 Elapsed time for helper construction 0.48822 (sec) 
 Elapsed time for init 0.012425 (sec) 
 Elapsed time for makeQChamDiagTerms 2.096763 (sec) 
 Davidson iteration 0.0 (tol=0.5424034697801531): -147.3166419898918
 Davidson iteration 0.1 (tol=0.245913996587969): -147.4438576279397 -145.4142840921615
 Davidson iteration 0.2 (tol=0.1127879436375591): -147.4624748541517 -145.8765653958992 -144.6357864199083
 Davidson iteration 0.3 (tol=0.04610269049659296): -147.4663787493665 -146.0864849199046 -144.9112499421745 -144.226857186495
 Davidson iteration 0.4 (tol=0.01804816765523263): -147.4669545956184 -146.2434638365892 -145.1304716574888 -144.7070639668283
 Davidson iteration 0.5 (tol=0.006475172573395072): -147.4670624723262 -146.5091966961696 -145.3179445513782 -144.8736493428892
 Davidson iteration 0.6 (tol=0.00300024319948289): -147.4670734542225 -146.621803532405 -145.4884858666695 -144.9051311167661
 Davidson iteration 0.7 (tol=0.001174784096359368): -147.4670755477952 -146.6940511866138 -145.6949694214457 -144.9942910116461
 Davidson iteration 1.0 (tol=0.001174784096358321): -147.467075547796
 Davidson iteration 1.1 (tol=0.0006085945698732908): -147.4670758726764 -144.568161334137
 Davidson iteration 1.2 (tol=0.0003079301826626648): -147.4670759934704 -146.4062263899991 -141.6855935804905
 Davidson iteration 1.3 (tol=0.0001472113712310818): -147.4670760256333 -146.8848072917339 -144.033643302616 -141.022063686587
 Davidson iteration 1.4 (tol=7.616934924909112e-05): -147.467076032691 -147.071442115202 -144.8707505623825 -143.4976483907938
 Davidson iteration 1.5 (tol=4.185625144497002e-05): -147.4670760346719 -147.1711118005261 -145.7724635170144 -143.9613846523703
 Davidson iteration 1.6 (tol=2.094768809113838e-05): -147.4670760352131 -147.2190640214537 -146.2801034094036 -144.0346399648792
 Davidson iteration 1.7 (tol=8.571758788769642e-06): -147.4670760353465 -147.2424649362386 -146.5272626372885 -144.4294661153693
 Elapsed time for davidson 19.208234 (sec) 
 Elapsed time for diagonalization 19.208306 (sec) 
 Elapsed time for mult 0.71866 (sec) 
 Energy = -147.4670760353471
 Elapsed time for measurement 0.141301 (sec) 
 Sample-based diagonalization: Energy = -147.4670760353471
 Sample-based diagonalization: density = [1.999997037283369,1.997013378890985,1.992392776181834,1.994036270171551,1.99064184389187,1.98508850055696,1.992132960524816,1.971514651781477,1.976110453623433,1.982967453549531,1.9256560354463,0.108120578671838,0.01963309290308159,0.00449050216817164,0.01535090378532222,0.02666925163662356,0.01818430879544886
 Sample-based diagonalization: carryover bitstrings = [], size = 0
