 Elapsed time for helper construction 0.917523 (sec) 
 Elapsed time for init 0.014705 (sec) 
 Elapsed time for makeQChamDiagTerms 9.253938 (sec) 
 Davidson iteration 0.0 (tol=0.6915572406710312): -161.6376914946886
 Davidson iteration 0.1 (tol=0.1783920019579181): -161.8282171755525 -159.3918508716856
 Davidson iteration 0.2 (tol=0.04801411672436018): -161.8397608372624 -159.9165880660314 -159.3090313048224
 Davidson iteration 0.3 (tol=0.01020682583533458): -161.8406102201404 -160.0418726676205 -159.4773580606364 -159.2163574038068
 Davidson iteration 0.4 (tol=0.003606720072611747): -161.8406574826687 -160.7312231611801 -159.497105819704 -159.3959512595756
 Davidson iteration 0.5 (tol=0.001168851025363732): -161.8406625338732 -160.9300378527653 -159.6153176266851 -159.4966224680279
 Davidson iteration 0.6 (tol=0.0003415318649749976): -161.8406630852382 -161.0454539761439 -160.1530766908611 -159.5286470051419
 Davidson iteration 0.7 (tol=0.0001059021603522553): -161.8406631290923 -161.1068627829637 -160.3076593798916 -159.7515363930062
 Davidson iteration 1.0 (tol=0.000105902160350937): -161.8406631290947
 Davidson iteration 1.1 (tol=4.15239332892023e-05): -161.8406631332635 -160.0867679105858
 Davidson iteration 1.2 (tol=1.586527481713102e-05): -161.8406631342042 -161.0002039156821 -159.0981372073971
 Davidson iteration 1.3 (tol=5.369339845028334e-06): -161.8406631343032 -161.2683906575115 -159.55213579173 -158.7667223413276
 Elapsed time for davidson 32.1449 (sec) 
 Elapsed time for diagonalization 32.145174 (sec) 
 Elapsed time for mult 0.9016729999999999 (sec) 
 Energy = -161.8406631342984
 Elapsed time for measurement 0.077318 (sec) 
 Sample-based diagonalization: Energy = -161.8406631342984
 Sample-based diagonalization: density = [1.999969883454192,1.992772771973463,1.991999564067001,1.991817790071833,1.986552453081221,1.9835073516946,1.983778754746977,1.981608652590978,1.981898295831631,1.981384951970499,1.982348268905402,1.983029087324239,1.982212356699486,0.04788560759708789,0.0166548957862386,0.01495744794561366,0.01476372636530008,0.01354684448102121,0.01373373228830299,0.009429260738105728,0.006431321604383823,0.01530759487562082,0.01259204071795611,0.01181734489318196
 Sample-based diagonalization: carryover bitstrings = [], size = 0
