 Elapsed time for helper construction 0.315102 (sec) 
 Elapsed time for init 0.004109 (sec) 
 Elapsed time for makeQChamDiagTerms 0.562492 (sec) 
 Davidson iteration 0.0 (tol=0.5449149200880129): -136.5905920378413
 Davidson iteration 0.1 (tol=0.2341862664051869): -136.7276452290798 -134.8557514606317
 Davidson iteration 0.2 (tol=0.1075657347255948): -136.7446893512677 -135.1965780946479 -133.9101498297049
 Davidson iteration 0.3 (tol=0.03936690791856699): -136.7482727986092 -135.3041058524748 -134.2753758605557 -133.7178918202924
 Davidson iteration 0.4 (tol=0.01538194548815375): -136.7487119212947 -135.4542319557127 -134.519101322881 -133.7783443829422
 Davidson iteration 0.5 (tol=0.00526106333566696): -136.748774843258 -135.6145328632904 -134.6494851626018 -134.3424284141311
 Davidson iteration 0.6 (tol=0.001981886088668846): -136.7487830649497 -135.6885697526394 -134.8445794400292 -134.4928757013474
 Davidson iteration 0.7 (tol=0.000800069786354876): -136.7487840280986 -135.7391565015192 -134.9514339083031 -134.5018144204564
 Davidson iteration 1.0 (tol=0.0008000697863550168): -136.7487840280976
 Davidson iteration 1.1 (tol=0.0003702305868976129): -136.7487841692301 -133.3603300733326
 Davidson iteration 1.2 (tol=0.0001452423951513128): -136.7487842139798 -135.0945481373252 -131.7987809203254
 Davidson iteration 1.3 (tol=6.22480437675019e-05): -136.7487842208209 -135.5959174039573 -133.9337927222676 -131.0789039066582
 Davidson iteration 1.4 (tol=2.459721988998396e-05): -136.7487842218343 -135.7891269065609 -133.9944594751292 -133.5170229843079
 Davidson iteration 1.5 (tol=9.112879383032381e-06): -136.7487842220005 -135.8816943883134 -134.1918063258685 -133.8929358539395
 Elapsed time for davidson 10.001507 (sec) 
 Elapsed time for diagonalization 10.001638 (sec) 
 Elapsed time for mult 0.335761 (sec) 
 Energy = -136.7487842220005
 Elapsed time for measurement 0.056004 (sec) 
 Sample-based diagonalization: Energy = -136.7487842220005
 Sample-based diagonalization: density = [1.999996905252698,1.999540022875661,1.991847935408538,1.982764220289742,1.982170038339841,1.987029930677849,1.996483173013122,1.976353581848221,1.890019928943998,1.984332128976828,0.1209386782216106,0.02493509341479617,0.00883639928262539,0.008505226023240327,0.02624623596488878,0.02000050144787536
 Sample-based diagonalization: carryover bitstrings = [], size = 0
