 Elapsed time for helper construction 0.252397 (sec) 
 Elapsed time for init 0.001422 (sec) 
 Elapsed time for makeQChamDiagTerms 0.569279 (sec) 
 Davidson iteration 0.0 (tol=0.5062929417434704): -121.3770033044164
 Davidson iteration 0.1 (tol=0.1892068269099472): -121.4904770491226 -119.4321113104044
 Davidson iteration 0.2 (tol=0.08113395675803609): -121.5013710070539 -119.7697863964854 -118.788894153507
 Davidson iteration 0.3 (tol=0.0305124408195467): -121.5032186305697 -119.9021356273362 -118.8512547669807 -118.3444273176845
 Davidson iteration 0.4 (tol=0.01168022062522724): -121.5034973265398 -120.1722545593286 -119.1004673350805 -118.491824871766
 Davidson iteration 0.5 (tol=0.004974094379029467): -121.5035350945386 -120.440449125052 -119.3180859397855 -118.5120657766969
 Davidson iteration 0.6 (tol=0.00219190046285734): -121.503541332878 -120.6229005350175 -119.4958360426938 -118.5276293831003
 Davidson iteration 0.7 (tol=0.0008906127836423181): -121.5035426312603 -120.7736645829207 -119.7239171199386 -118.8614594857857
 Davidson iteration 1.0 (tol=0.0008906127836411206): -121.5035426312608
 Davidson iteration 1.1 (tol=0.0004666715152743767): -121.5035428137105 -118.5108024880096
 Davidson iteration 1.2 (tol=0.000238967654730707): -121.5035428801812 -120.3721656995835 -115.5707959316858
 Davidson iteration 1.3 (tol=0.0001146532890255291): -121.503542897145 -120.8578337036564 -118.0488734292561 -113.9714305929353
 Davidson iteration 1.4 (tol=4.365437822142322e-05): -121.5035429002677 -120.9996624549371 -118.2163374934501 -117.0837590885037
 Davidson iteration 1.5 (tol=1.738355740503505e-05): -121.5035429007493 -121.0472903595411 -118.7075612341636 -118.191944142775
 Davidson iteration 1.6 (tol=6.56175164079666e-06): -121.5035429008206 -121.0605199040272 -119.3392511335557 -118.2541667430515
 Elapsed time for davidson 5.520537 (sec) 
 Elapsed time for diagonalization 5.52062 (sec) 
 Elapsed time for mult 0.192898 (sec) 
 Energy = -121.5035429008201
 Elapsed time for measurement 0.009065 (sec) 
 Sample-based diagonalization: Energy = -121.5035429008201
 Sample-based diagonalization: density = [1.999996003248963,1.991273810231858,1.987888432606735,1.978898681236039,1.985829925654126,1.985868752726514,1.979381380755062,1.981625699232241,1.962261901566327,0.05530908807969193,0.0271290719216583,0.01722102752907717,0.01972318431164921,0.01712435633722649,0.0104686845378522
 Sample-based diagonalization: carryover bitstrings = [], size = 0
