 Elapsed time for helper construction 0.238126 (sec) 
 Elapsed time for init 0.003942 (sec) 
 Elapsed time for makeQChamDiagTerms 0.630722 (sec) 
 Davidson iteration 0.0 (tol=0.530927138647839): -134.7135122293268
 Davidson iteration 0.1 (tol=0.2285756748320323): -134.8314054648238 -132.7154269027282
 Davidson iteration 0.2 (tol=0.1014317896674106): -134.8467233781989 -133.1665481840041 -131.8024488317157
 Davidson iteration 0.3 (tol=0.0388289045145697): -134.8497821303704 -133.3889429653394 -132.177652703757 -131.4334547013586
 Davidson iteration 0.4 (tol=0.01510827941337487): -134.8501609346609 -133.5564984338093 -132.4826448125164 -131.8330878347668
 Davidson iteration 0.5 (tol=0.005186729100833947): -134.8502284778617 -133.79032856871 -132.6783934972846 -132.0708097060409
 Davidson iteration 0.6 (tol=0.002338208555621637): -134.8502355835738 -133.8962936499624 -132.8483232375099 -132.0722073954072
 Davidson iteration 0.7 (tol=0.0009027758810686852): -134.8502368739328 -133.9810785467971 -133.1436702093847 -132.2725690551574
 Davidson iteration 1.0 (tol=0.0009027758810692036): -134.8502368739325
 Davidson iteration 1.1 (tol=0.0004590552859249558): -134.8502370689689 -132.1447977117999
 Davidson iteration 1.2 (tol=0.00021798190888622): -134.8502371328586 -133.6375019966121 -129.5211275422829
 Davidson iteration 1.3 (tol=9.109233554137076e-05): -134.8502371473575 -134.1174199099343 -131.7489201969146 -128.5239864950815
 Davidson iteration 1.4 (tol=4.030631476517626e-05): -134.8502371493433 -134.2511037019139 -131.7692560353844 -131.2683975425169
 Davidson iteration 1.5 (tol=1.66308052038969e-05): -134.8502371497404 -134.323490037691 -132.4651069216537 -131.7355472551309
 Davidson iteration 1.6 (tol=7.680767047938439e-06): -134.8502371498181 -134.3949958482009 -133.3471055323803 -131.9310272652873
 Elapsed time for davidson 6.316027999999999 (sec) 
 Elapsed time for diagonalization 6.316112 (sec) 
 Elapsed time for mult 0.235108 (sec) 
 Energy = -134.8502371498182
 Elapsed time for measurement 0.011068 (sec) 
 Sample-based diagonalization: Energy = -134.8502371498182
 Sample-based diagonalization: density = [1.999996577872312,1.996214308295664,1.992943891157909,1.990958496146286,1.984417611875167,1.99272928350139,1.969328087644722,1.98037548316058,1.980332051295433,1.947734763648189,0.09052833738359413,0.02056998010277127,0.01411372937881279,0.02220837108258226,0.0175490274150589
 Sample-based diagonalization: carryover bitstrings = [], size = 0
