 Elapsed time for helper construction 1.686302 (sec) 
 Elapsed time for init 0.022762 (sec) 
 Elapsed time for makeQChamDiagTerms 13.664565 (sec) 
 Davidson iteration 0.0 (tol=0.6414292627167544): -126.3586172942722
 Davidson iteration 0.1 (tol=0.1999430107929535): -126.5449109083363 -124.2465188701233
 Davidson iteration 0.2 (tol=0.04204706020796949): -126.5580746031804 -124.6021492605259 -123.372344145958
 Davidson iteration 0.3 (tol=0.0109852121802513): -126.5586221169517 -124.6965177551797 -123.757539626746 -123.325362200162
 Davidson iteration 0.4 (tol=0.003178737170308515): -126.5586621765593 -124.8317598052818 -124.1451369406522 -123.5121294844052
 Davidson iteration 0.5 (tol=0.0009352889083684592): -126.5586654076084 -124.9928993447756 -124.4001308742496 -123.5207558790906
 Davidson iteration 0.6 (tol=0.0002658193060656003): -126.5586656871597 -125.1316062083305 -124.5600296731742 -123.828560226835
 Davidson iteration 0.7 (tol=7.507134798788124e-05): -126.5586657099748 -125.2102949881717 -124.6734994609511 -124.0590439501261
 Davidson iteration 1.0 (tol=7.507134798724939e-05): -126.5586657099743
 Davidson iteration 1.1 (tol=2.60773414922983e-05): -126.5586657116115 -123.6814996385958
 Davidson iteration 1.2 (tol=8.455739010352802e-06): -126.55866571186 -124.7639674000832 -122.6610404939463
 Elapsed time for davidson 60.47696999999999 (sec) 
 Elapsed time for diagonalization 60.477237 (sec) 
 Elapsed time for mult 2.555551 (sec) 
 Energy = -126.5586657118611
 Elapsed time for measurement 0.129395 (sec) 
 Sample-based diagonalization: Energy = -126.5586657118611
 Sample-based diagonalization: density = [1.999971922067392,1.990490189299812,1.988648242895602,1.985122047775669,1.987942814337366,1.9820668013823,1.980902158327719,1.982373740071437,1.980770288375054,1.978401730791514,1.97726674429473,1.968571489840433,0.02625628218656173,0.02016752052816081,0.02002178100605451,0.02028150249199192,0.01618691757516376,0.0162038616216452,0.01615037691746861,0.01754253936174107,0.01385284338678927,0.01428085711443629,0.0165273479834553
 Sample-based diagonalization: carryover bitstrings = [], size = 0
