 Elapsed time for helper construction 1.19181 (sec) 
 Elapsed time for init 0.043287 (sec) 
 Elapsed time for makeQChamDiagTerms 13.625025 (sec) 
 Davidson iteration 0.0 (tol=0.664987844325161): -164.4361881936618
 Davidson iteration 0.1 (tol=0.2201188866486689): -164.6285419469571 -162.5179380267394
 Davidson iteration 0.2 (tol=0.06792799871695991): -164.6461636189601 -162.8119022716031 -162.2760237273455
 Davidson iteration 0.3 (tol=0.01929467440107052): -164.6479740154237 -162.9250962923846 -162.4765107580109 -162.2710356307753
 Davidson iteration 0.4 (tol=0.007410222118261439): -164.6481379824481 -163.3697458550879 -162.4793388670711 -162.3258966124317
 Davidson iteration 0.5 (tol=0.002532457767745149): -164.6481646390278 -163.769369211157 -162.5637560061101 -162.4380426009941
 Davidson iteration 0.6 (tol=0.000782604044075654): -164.6481673904677 -163.8988293465581 -162.6876567974335 -162.5451702305062
 Davidson iteration 0.7 (tol=0.0002525091450399901): -164.6481676279386 -163.9324984803969 -162.9417647689816 -162.5696992217757
 Davidson iteration 1.0 (tol=0.0002525091450384873): -164.6481676279399
 Davidson iteration 1.1 (tol=9.766280542751255e-05): -164.6481676506282 -162.608702503895
 Davidson iteration 1.2 (tol=3.464775976664139e-05): -164.6481676550082 -163.3235726079325 -161.8669061909149
 Davidson iteration 1.3 (tol=1.189805785323155e-05): -164.6481676554565 -163.611007551998 -162.1786849619784 -161.4722233091705
 Davidson iteration 1.4 (tol=4.07107946679501e-06): -164.6481676555105 -163.7968363893244 -162.4967535125528 -162.1105638061789
 Elapsed time for davidson 50.199046 (sec) 
 Elapsed time for diagonalization 50.199193 (sec) 
 Elapsed time for mult 1.122662 (sec) 
 Energy = -164.648167655513
 Elapsed time for measurement 0.118342 (sec) 
 Sample-based diagonalization: Energy = -164.648167655513
 Sample-based diagonalization: density = [1.999977374137021,1.994541483424307,1.994173288835627,1.992035288614611,1.987061507030759,1.986652690770218,1.985956380656681,1.983833898870343,1.983562052241153,1.979581591785892,1.975309790395733,1.993313447311421,1.986960055686176,1.937973006958532,0.08731238455504227,0.006277497722094485,0.0161010055409807,0.01728071351515433,0.006887176333464961,0.01040700997857122,0.01710764597865441,0.01180909013960949,0.01391530555967783,0.01657379234879893,0.01539652126844275
 Sample-based diagonalization: carryover bitstrings = [], size = 0
