 Elapsed time for helper construction 0.753656 (sec) 
 Elapsed time for init 0.00705 (sec) 
 Elapsed time for makeQChamDiagTerms 5.856834 (sec) 
 Davidson iteration 0.0 (tol=0.6552737897455502): -166.6634077748955
 Davidson iteration 0.1 (tol=0.2444879306263007): -166.8456439361423 -164.6721585773507
 Davidson iteration 0.2 (tol=0.09153560604956559): -166.8669330652011 -165.1305219000647 -164.2567119205214
 Davidson iteration 0.3 (tol=0.02872109908562125): -166.8699562242823 -165.3879570742872 -164.3641692657294 -163.9834670406014
 Davidson iteration 0.4 (tol=0.01227109194637217): -166.8702838713106 -165.7539663858947 -164.5277352845488 -164.252703687307
 Davidson iteration 0.5 (tol=0.004779500955435253): -166.8703467337545 -166.0869267749161 -164.752228435417 -164.300819352846
 Davidson iteration 0.6 (tol=0.002059190933323106): -166.8703556567894 -166.2053079593027 -165.0643741781194 -164.452241384404
 Davidson iteration 0.7 (tol=0.0008057212535492462): -166.8703571630962 -166.2445019355772 -165.3538846967276 -164.5854826534642
 Davidson iteration 1.0 (tol=0.0008057212535449333): -166.870357163098
 Davidson iteration 1.1 (tol=0.000368099303795418): -166.8703573813489 -164.8727626094757
 Davidson iteration 1.2 (tol=0.0001860521522194864): -166.8703574487852 -165.741539787422 -164.3352501155258
 Davidson iteration 1.3 (tol=8.061050145237535e-05): -166.8703574639995 -166.1916664505431 -164.4065012545794 -164.0884698970898
 Davidson iteration 1.4 (tol=3.49354013301956e-05): -166.8703574665664 -166.3301428652848 -164.645231155493 -164.3316320670702
 Davidson iteration 1.5 (tol=1.498455612568917e-05): -166.8703574670943 -166.4176301477108 -165.4016393720285 -164.4750895700326
 Davidson iteration 1.6 (tol=5.777400691077332e-06): -166.8703574671815 -166.4635688258121 -165.7432783154277 -164.5108016969501
 Elapsed time for davidson 30.161608 (sec) 
 Elapsed time for diagonalization 30.161733 (sec) 
 Elapsed time for mult 0.812153 (sec) 
 Energy = -166.8703574671789
 Elapsed time for measurement 0.053263 (sec) 
 Sample-based diagonalization: Energy = -166.8703574671789
 Sample-based diagonalization: density = [1.999976671341545,1.995146693192747,1.99498447414456,1.991226781670904,1.994623907643929,1.986896623518579,1.982300967019242,1.987679083912508,1.990189710148806,1.981260455548875,1.972091293432078,1.980638906371518,1.987125982458602,1.928724348782494,0.08860035474322776,0.01544962281843025,0.01924388177871438,0.01992632663053373,0.01511139346975536,0.02228102690032048,0.02667970504733014,0.01984178914558444
 Sample-based diagonalization: carryover bitstrings = [], size = 0
