 Elapsed time for helper construction 0.495896 (sec) 
 Elapsed time for init 0.007208 (sec) 
 Elapsed time for makeQChamDiagTerms 2.68611 (sec) 
 Davidson iteration 0.0 (tol=0.5221990685337097): -149.3145125327888
 Davidson iteration 0.1 (tol=0.2098671094754687): -149.4318161374815 -147.3950114728385
 Davidson iteration 0.2 (tol=0.08250676326055574): -149.4459945159263 -147.8183634449433 -146.6950707016694
 Davidson iteration 0.3 (tol=0.02858795540829217): -149.4482895461906 -148.024306588437 -146.9816037465849 -146.6011155693665
 Davidson iteration 0.4 (tol=0.01092672122818845): -149.4485315774904 -148.223938945571 -147.1668189262927 -146.6909206309322
 Davidson iteration 0.5 (tol=0.003789285990973501): -149.4485741032756 -148.5069564918519 -147.362074306496 -146.8831688933397
 Davidson iteration 0.6 (tol=0.001521729115489244): -149.4485786950412 -148.6483781876652 -147.603305945055 -146.9498249079643
 Davidson iteration 0.7 (tol=0.0006408322998000048): -149.4485794943768 -148.7723668188343 -148.0731785818258 -147.1850206787875
 Davidson iteration 1.0 (tol=0.0006408322998110953): -149.4485794943769
 Davidson iteration 1.1 (tol=0.0003221665916581839): -149.4485796206629 -147.5417046748923
 Davidson iteration 1.2 (tol=0.0001856946844333034): -149.4485796694489 -148.8549186288544 -145.3265076896948
 Davidson iteration 1.3 (tol=7.851845085921578e-05): -149.4485796817051 -149.1001812968244 -146.6595646703185 -144.3817877545047
 Davidson iteration 1.4 (tol=3.422105762843205e-05): -149.4485796837466 -149.160582671924 -147.1529744602092 -146.6491000271706
 Davidson iteration 1.5 (tol=1.346663566496626e-05): -149.4485796841365 -149.1910774793793 -147.9326034630356 -146.6578425098804
 Davidson iteration 1.6 (tol=5.1345168944124e-06): -149.4485796841965 -149.2023397382941 -148.3465178459207 -147.0185686630964
 Elapsed time for davidson 19.588349 (sec) 
 Elapsed time for diagonalization 19.588453 (sec) 
 Elapsed time for mult 0.5613429999999999 (sec) 
 Energy = -149.448579684197
 Elapsed time for measurement 0.038787 (sec) 
 Sample-based diagonalization: Energy = -149.448579684197
 Sample-based diagonalization: density = [1.999996719341682,1.998017246193198,1.992795025254458,1.998415985827865,1.990182854803883,1.986918236434521,1.989032941694203,1.975367892697493,1.98112991952506,1.983287422545765,1.941856578509737,0.09554243301942827,0.01567406478535938,0.001573299429280951,0.01185427330824466,0.02176881702864621,0.01658628942232596
 Sample-based diagonalization: carryover bitstrings = [], size = 0
