 Elapsed time for helper construction 1.1421 (sec) 
 Elapsed time for init 0.04301899999999999 (sec) 
 Elapsed time for makeQChamDiagTerms 18.051607 (sec) 
 Davidson iteration 0.0 (tol=0.5556241442004158): -191.6892948561034
 Davidson iteration 0.1 (tol=0.104341401718112): -191.8466001429353 -190.2171773367977
 Davidson iteration 0.2 (tol=0.02547323989256264): -191.8523250932107 -190.3414341892359 -190.2154302920854
 Davidson iteration 0.3 (tol=0.007712065196816604): -191.8526605156995 -190.5344981408411 -190.2748050174717 -190.0075487357983
 Davidson iteration 0.4 (tol=0.002358715394008041): -191.852694148274 -190.8266913944239 -190.335559499034 -190.0251818873901
 Davidson iteration 0.5 (tol=0.0006218915142767909): -191.8526972323122 -191.0502430953749 -190.3356429026759 -190.036172069551
 Davidson iteration 0.6 (tol=0.0001762699348214751): -191.8526974296452 -191.1463002179577 -190.3382907769791 -190.1809465870569
 Davidson iteration 0.7 (tol=5.12316483311984e-05): -191.8526974457247 -191.2034339703919 -190.4804798400481 -190.2556179657973
 Davidson iteration 1.0 (tol=5.123164833041966e-05): -191.8526974457253
 Davidson iteration 1.1 (tol=1.83515624393786e-05): -191.8526974471483 -190.4432901432849
 Davidson iteration 1.2 (tol=6.67007078906194e-06): -191.8526974474094 -191.08595694336 -189.9629082668417
 Elapsed time for davidson 47.257068 (sec) 
 Elapsed time for diagonalization 47.257237 (sec) 
 Elapsed time for mult 0.9773369999999999 (sec) 
 Energy = -191.852697447408
 Elapsed time for measurement 0.136744 (sec) 
 Sample-based diagonalization: Energy = -191.852697447408
 Sample-based diagonalization: density = [1.99998765845079,1.996027726329925,1.994383631811745,1.995626654236812,1.994079017937477,1.995244374740304,1.991430613912707,1.991909041904002,1.989711339572169,1.990469575281578,1.982736972731411,1.994916153720737,1.988489735455405,1.986954139609897,1.969213216291387,1.935485863026113,0.03113491794466351,0.07024718948700998,0.02851151871468074,0.01008752107548812,0.01005378638759096,0.007345924032397237,0.008215772765258119,0.006196907380566791,0.00860581427664707,0.004721663025977279,0.006872860224548366,0.006828432314297784,0.004511977200972383
 Sample-based diagonalization: carryover bitstrings = [], size = 0
