 Elapsed time for helper construction 0.411858 (sec) 
 Elapsed time for init 0.008926 (sec) 
 Elapsed time for makeQChamDiagTerms 1.476186 (sec) 
 Davidson iteration 0.0 (tol=0.5553522513412209): -148.4476189476624
 Davidson iteration 0.1 (tol=0.2455393718464479): -148.5778511810531 -146.5274270179273
 Davidson iteration 0.2 (tol=0.110083100458013): -148.5957461976488 -146.9678367110032 -145.7277242119349
 Davidson iteration 0.3 (tol=0.04207951544548149): -148.5993553316564 -147.1508184335751 -145.9228874462116 -145.4413203275839
 Davidson iteration 0.4 (tol=0.01734285130019409): -148.5998213211483 -147.3407282162785 -146.213090419931 -145.7174630959406
 Davidson iteration 0.5 (tol=0.00636353228321654): -148.5999149622525 -147.6180466362391 -146.4218667593612 -145.9163893658593
 Davidson iteration 0.6 (tol=0.00296225785061288): -148.599925794962 -147.7410055776726 -146.5818467546512 -145.9164587313636
 Davidson iteration 0.7 (tol=0.001112295034471778): -148.5999278391705 -147.812225065934 -146.7991925903143 -146.1137362317014
 Davidson iteration 1.0 (tol=0.00111229503447386): -148.5999278391702
 Davidson iteration 1.1 (tol=0.0005524833379841515): -148.5999281395056 -145.9247849368278
 Davidson iteration 1.2 (tol=0.000268917719727166): -148.5999282321656 -147.2338252861537 -143.8478386303321
 Davidson iteration 1.3 (tol=0.00011434921711909): -148.599928254548 -147.7362866105046 -145.4470014467971 -142.86799063384
 Davidson iteration 1.4 (tol=5.334527420891863e-05): -148.5999282579647 -147.9384190616107 -145.52789037537 -145.3876596816383
 Davidson iteration 1.5 (tol=2.415848954158168e-05): -148.5999282587618 -148.0597262566105 -146.5027769783973 -145.4608403441846
 Davidson iteration 1.6 (tol=1.245604840775684e-05): -148.5999282589447 -148.1578080899985 -147.2713865956817 -145.7262453113804
 Davidson iteration 1.7 (tol=5.719728419835034e-06): -148.5999282589927 -148.2344835267818 -147.6285463313061 -145.7263414980524
 Elapsed time for davidson 13.642085 (sec) 
 Elapsed time for diagonalization 13.642184 (sec) 
 Elapsed time for mult 0.481166 (sec) 
 Energy = -148.5999282589935
 Elapsed time for measurement 0.019605 (sec) 
 Sample-based diagonalization: Energy = -148.5999282589935
 Sample-based diagonalization: density = [1.999996921923742,1.996720408222161,1.992228991998343,1.995185914152801,1.989029897663161,1.985106838857027,1.991836365171019,1.970928919838754,1.977233810007752,1.984564932235044,1.926909582201572,0.1076041912819119,0.008831201751883819,0.01589419481670562,0.01989545138055766,0.01773137681107114,0.02030100160400575
 Sample-based diagonalization: carryover bitstrings = [], size = 0
