 Elapsed time for helper construction 0.988084 (sec) 
 Elapsed time for init 0.014464 (sec) 
 Elapsed time for makeQChamDiagTerms 9.356646999999999 (sec) 
 Davidson iteration 0.0 (tol=0.6910234304881031): -161.6376914946886
 Davidson iteration 0.1 (tol=0.179553045985782): -161.8279610798157 -159.39327700461
 Davidson iteration 0.2 (tol=0.04850105482004514): -161.8395730983841 -159.9075404566927 -159.3065850638964
 Davidson iteration 0.3 (tol=0.01026709697324425): -161.8404331631538 -160.0358656265899 -159.4610520255955 -159.2056453828369
 Davidson iteration 0.4 (tol=0.003648950037741418): -161.8404800834099 -160.719574341251 -159.5029860608929 -159.3820331014556
 Davidson iteration 0.5 (tol=0.001173377198511872): -161.8404853270808 -160.9157524296088 -159.644906775312 -159.4963968862418
 Davidson iteration 0.6 (tol=0.000340644783350089): -161.8404858911803 -161.051353494422 -160.1739779778734 -159.5087944022216
 Davidson iteration 0.7 (tol=0.0001041210243624303): -161.8404859357215 -161.1160770867848 -160.3483056592364 -159.6508899473885
 Davidson iteration 1.0 (tol=0.0001041210243631117): -161.8404859357219
 Davidson iteration 1.1 (tol=4.1911912268093e-05): -161.8404859399613 -160.2080039775954
 Davidson iteration 1.2 (tol=1.584807977352113e-05): -161.8404859409335 -161.0209664761613 -159.0554308630826
 Davidson iteration 1.3 (tol=5.136494024795484e-06): -161.8404859410318 -161.3088578520181 -159.2758819922592 -158.8399872166494
 Elapsed time for davidson 31.634304 (sec) 
 Elapsed time for diagonalization 31.634466 (sec) 
 Elapsed time for mult 0.758697 (sec) 
 Energy = -161.8404859410333
 Elapsed time for measurement 0.079443 (sec) 
 Sample-based diagonalization: Energy = -161.8404859410333
 Sample-based diagonalization: density = [1.999970728135144,1.9926945623884,1.991942975985573,1.991829732832882,1.986141645549661,1.983701712108652,1.983334750320635,1.981791749741661,1.98246488191928,1.981264397152546,1.982474092158118,1.98316920479382,1.982038748014877,0.04785450334253261,0.01667739832446881,0.01506729743256,0.01487120848826244,0.013721255121552,0.01384201333219337,0.009847008088825999,0.006440242556110706,0.01495760776209333,0.01208538558439986,0.01181689857924723
 Sample-based diagonalization: carryover bitstrings = [], size = 0
