 Elapsed time for helper construction 0.427129 (sec) 
 Elapsed time for init 0.002485 (sec) 
 Elapsed time for makeQChamDiagTerms 1.17957 (sec) 
 Davidson iteration 0.0 (tol=0.5253469056461113): -131.820772715428
 Davidson iteration 0.1 (tol=0.2278045580129971): -131.9420684191478 -129.9474685338819
 Davidson iteration 0.2 (tol=0.100218171722573): -131.9580396201471 -130.3841836358221 -129.1512316135795
 Davidson iteration 0.3 (tol=0.03773652212266892): -131.9612391259222 -130.5689316175247 -129.423484795315 -128.9391491568821
 Davidson iteration 0.4 (tol=0.01441768544891363): -131.9616406246478 -130.7425765259124 -129.7043760555889 -129.1800812229072
 Davidson iteration 0.5 (tol=0.004745721972385609): -131.9617136319122 -131.016306394042 -129.892086808554 -129.4480250124462
 Davidson iteration 0.6 (tol=0.002060303930958973): -131.9617210029626 -131.1610265144116 -130.155639906215 -129.4548077682713
 Davidson iteration 0.7 (tol=0.0008971087593882599): -131.961722123785 -131.2497010114224 -130.4375111380435 -129.6210573362019
 Davidson iteration 1.0 (tol=0.0008971087593886667): -131.9617221237844
 Davidson iteration 1.1 (tol=0.0004887299889914044): -131.9617223459784 -129.8894229431002
 Davidson iteration 1.2 (tol=0.0002667007039408536): -131.9617224469958 -131.3263373770602 -126.6410867441197
 Davidson iteration 1.3 (tol=0.0001239412171690105): -131.9617224759636 -131.6188684348195 -129.1488988512665 -126.0754874080257
 Davidson iteration 1.4 (tol=6.352981577236198e-05): -131.9617224811019 -131.6930975215178 -129.6240751880036 -128.8792964586691
 Davidson iteration 1.5 (tol=2.806367679655509e-05): -131.9617224823583 -131.7240092800903 -130.4396640643791 -129.0232805429366
 Davidson iteration 1.6 (tol=1.274196751328839e-05): -131.9617224826218 -131.7413824057413 -130.9265894201058 -129.3082447416145
 Davidson iteration 1.7 (tol=5.2142592534124e-06): -131.9617224826726 -131.7494056625633 -131.1756521754345 -129.3103061424216
 Elapsed time for davidson 9.571688999999999 (sec) 
 Elapsed time for diagonalization 9.571761 (sec) 
 Elapsed time for mult 0.283958 (sec) 
 Energy = -131.9617224826731
 Elapsed time for measurement 0.017595 (sec) 
 Sample-based diagonalization: Energy = -131.9617224826731
 Sample-based diagonalization: density = [1.999996939459445,1.995708519015371,1.992713578099979,1.991902655527913,1.983236685726423,1.966549064132704,1.980046667425729,1.993723853121128,1.982781229048611,1.933251298011963,0.1069987363822333,0.01212967377030916,0.01932293099130587,0.002277346232525643,0.02041180272664841,0.01894902025900772
 Sample-based diagonalization: carryover bitstrings = [], size = 0
