 Elapsed time for helper construction 0.512579 (sec) 
 Elapsed time for init 0.010665 (sec) 
 Elapsed time for makeQChamDiagTerms 1.77395 (sec) 
 Davidson iteration 0.0 (tol=0.5562712695240757): -149.0632659724621
 Davidson iteration 0.1 (tol=0.246409434071261): -149.1947884041056 -147.1189768348528
 Davidson iteration 0.2 (tol=0.1108627245670055): -149.2128927751649 -147.573096948225 -146.2496309757757
 Davidson iteration 0.3 (tol=0.0420813829405273): -149.216656707273 -147.7813127399207 -146.5582212900966 -145.9695579019921
 Davidson iteration 0.4 (tol=0.01726108194261003): -149.2171326116944 -147.9738531168497 -146.881653567977 -146.2360009920586
 Davidson iteration 0.5 (tol=0.006380568369311063): -149.217229839048 -148.2521371853914 -147.1063938354234 -146.5270273896474
 Davidson iteration 0.6 (tol=0.002878123636424298): -149.2172416726955 -148.3749593166324 -147.2675250877157 -146.5342954359645
 Davidson iteration 0.7 (tol=0.00113333531955231): -149.2172438730503 -148.4618976342287 -147.5402021924232 -146.7471933879374
 Davidson iteration 1.0 (tol=0.001133335319557902): -149.2172438730507
 Davidson iteration 1.1 (tol=0.0005734517039785059): -149.2172442087775 -146.827977592069
 Davidson iteration 1.2 (tol=0.0002891619388210583): -149.2172443224354 -148.129793806927 -144.5549713680805
 Davidson iteration 1.3 (tol=0.000125065362890737): -149.2172443507945 -148.5712322488259 -146.3067331217246 -143.7258051052832
 Davidson iteration 1.4 (tol=5.72172392741693e-05): -149.217244355414 -148.7168356062587 -146.4593137503053 -146.2370253333181
 Davidson iteration 1.5 (tol=2.602441881055855e-05): -149.2172443564341 -148.8035794929075 -147.3603186816139 -146.3435027986232
 Davidson iteration 1.6 (tol=1.319691388184706e-05): -149.2172443566687 -148.8729494843445 -148.035757591265 -146.7004040151363
 Davidson iteration 1.7 (tol=6.21800159899743e-06): -149.2172443567308 -148.9130924744619 -148.3823040010351 -146.8137073088811
 Elapsed time for davidson 16.444241 (sec) 
 Elapsed time for diagonalization 16.444335 (sec) 
 Elapsed time for mult 0.577233 (sec) 
 Energy = -149.2172443567293
 Elapsed time for measurement 0.022452 (sec) 
 Sample-based diagonalization: Energy = -149.2172443567293
 Sample-based diagonalization: density = [1.999996842204301,1.997839497681992,1.992268281325834,1.995174224427759,1.988028389773587,1.983819710267231,1.988026968804872,1.977159472315034,1.971058722581517,1.982020823020845,1.9328889376161,0.1046264506669132,0.02171649701834016,0.009303871678778202,0.01607313047662638,0.02134534178968017,0.01865283823967108
 Sample-based diagonalization: carryover bitstrings = [], size = 0
