 Elapsed time for helper construction 1.422349 (sec) 
 Elapsed time for init 0.053953 (sec) 
 Elapsed time for makeQChamDiagTerms 18.383282 (sec) 
 Davidson iteration 0.0 (tol=0.7075018528589662): -148.9394249061896
 Davidson iteration 0.1 (tol=0.1987504120177782): -149.1809505319968 -147.3368985800499
 Davidson iteration 0.2 (tol=0.05364698396801205): -149.1986559820871 -147.43321938368 -147.3081521430277
 Davidson iteration 0.3 (tol=0.01555250207832652): -149.2000222429088 -147.7611867074658 -147.3416945242177 -146.9764880082485
 Davidson iteration 0.4 (tol=0.00582936970350077): -149.2001536426585 -148.1867939812259 -147.3432951868031 -147.0197505364683
 Davidson iteration 0.5 (tol=0.002070336809638593): -149.2001707036253 -148.4422755247015 -147.3739863557407 -147.1335703634998
 Davidson iteration 0.6 (tol=0.0006649487846644303): -149.2001726649714 -148.535589400747 -147.3863369795797 -147.3350630176106
 Davidson iteration 0.7 (tol=0.0002287381285256742): -149.2001729076051 -148.5916323942608 -147.9549896304125 -147.3785065707286
 Davidson iteration 1.0 (tol=0.0002287381285238961): -149.2001729076036
 Davidson iteration 1.1 (tol=9.893274760125333e-05): -149.2001729353229 -147.8792746928936
 Davidson iteration 1.2 (tol=4.829186822647664e-05): -149.2001729428958 -148.5785437507872 -147.0047278591929
 Davidson iteration 1.3 (tol=1.694908499147837e-05): -149.2001729440166 -148.7404635724322 -147.0913773134362 -146.9512942986729
 Davidson iteration 1.4 (tol=6.879814107023465e-06): -149.200172944174 -148.7998511223341 -147.6763897035997 -146.991322175877
 Elapsed time for davidson 69.63673 (sec) 
 Elapsed time for diagonalization 69.65003999999999 (sec) 
 Elapsed time for mult 2.333352 (sec) 
 Energy = -149.2001729441771
 Elapsed time for measurement 0.14671 (sec) 
 Sample-based diagonalization: Energy = -149.2001729441771
 Sample-based diagonalization: density = [1.999976585023584,1.991564449676668,1.991168506447391,1.987438016533831,1.99182628929257,1.986162249857697,1.985733760921705,1.987023283706186,1.983312566144448,1.967790020291521,1.983767420957376,1.96778235204088,1.932725556396689,1.942124065161291,0.07253649850113852,0.06893444384966191,0.01765728672903455,0.03328619885964804,0.01221203892863388,0.01161934174291989,0.01584493414855911,0.01500141173545304,0.0120597521477047,0.01168403993693111,0.009829769895569766,0.01114775126464958,0.009791409371978803
 Sample-based diagonalization: carryover bitstrings = [], size = 0
