 Elapsed time for helper construction 0.9046599999999999 (sec) 
 Elapsed time for init 0.024842 (sec) 
 Elapsed time for makeQChamDiagTerms 9.611231 (sec) 
 Davidson iteration 0.0 (tol=0.4541374637812063): -155.168235938107
 Davidson iteration 0.1 (tol=0.1341348665153107): -155.270942927948 -153.5233678736824
 Davidson iteration 0.2 (tol=0.03839749046552723): -155.2787856457564 -153.9093219202994 -153.3104628724077
 Davidson iteration 0.3 (tol=0.01114836650992553): -155.279468446614 -154.05974094045 -153.4326568915948 -153.2039658584257
 Davidson iteration 0.4 (tol=0.004108394324440187): -155.2795365474778 -154.418062462842 -153.5098687966016 -153.3583105160232
 Davidson iteration 0.5 (tol=0.001237637865284514): -155.2795461454251 -154.609925234786 -153.6981055041975 -153.5077913501612
 Davidson iteration 0.6 (tol=0.0004038863654373928): -155.2795469690595 -154.7343716619953 -153.9596897691524 -153.6975759732183
 Davidson iteration 0.7 (tol=0.0001372167507382436): -155.2795470609657 -154.7968729302383 -154.4270549601833 -153.8532065446139
 Davidson iteration 1.0 (tol=0.000137216750737425): -155.2795470609637
 Davidson iteration 1.1 (tol=5.146612017359814e-05): -155.2795470705044 -154.1629385892763
 Davidson iteration 1.2 (tol=2.278373988193495e-05): -155.2795470724832 -154.827260045588 -153.1246613488676
 Davidson iteration 1.3 (tol=7.604319406564042e-06): -155.2795470727329 -154.9462501737784 -153.1252225908595 -153.1050209600625
 Elapsed time for davidson 33.808866 (sec) 
 Elapsed time for diagonalization 33.80907 (sec) 
 Elapsed time for mult 0.8416509999999999 (sec) 
 Energy = -155.2795470727347
 Elapsed time for measurement 0.082206 (sec) 
 Sample-based diagonalization: Energy = -155.2795470727347
 Sample-based diagonalization: density = [1.999997921086141,1.995388169579511,1.99795249322462,1.994179138788772,1.997265915012736,1.992197538321024,1.991022176173136,1.991107708198589,1.995467381239584,1.979449182247013,1.990399073869577,1.99385164779872,1.937261639219844,0.0921881667440291,0.01080182654355203,0.004799780337073538,0.002047919896204693,0.002272260980981678,0.004177363496483406,0.008749482125907305,0.002652499291896156,0.005658011936370463,0.01111270372126585
 Sample-based diagonalization: carryover bitstrings = [], size = 0
