 Elapsed time for helper construction 5.957122 (sec) 
 Elapsed time for init 0.07274 (sec) 
 Elapsed time for makeQChamDiagTerms 51.792706 (sec) 
 Davidson iteration 0.0 (tol=0.7217421136218798): -177.4173713879626
 Davidson iteration 0.1 (tol=0.3400446864584058): -177.6241957073192 -175.3132464057832
 Davidson iteration 0.2 (tol=0.163646225787468): -177.656470177147 -175.7366811054244 -174.4429246559674
 Davidson iteration 0.3 (tol=0.06031480570285127): -177.6636039925686 -175.9408567267251 -174.5371247814226 -174.1185244706924
 Davidson iteration 0.4 (tol=0.02543376233531177): -177.6645306408455 -176.1641156093642 -174.7521962237221 -174.3710250029253
 Davidson iteration 0.5 (tol=0.01040868217616579): -177.6647259013485 -176.5167529976452 -175.3127579459765 -174.4698037072363
 Davidson iteration 0.6 (tol=0.004692902446739193): -177.6647604663704 -176.7328882405847 -175.5521598467518 -174.7163307797286
 Davidson iteration 0.7 (tol=0.002186485656191202): -177.6647667130293 -176.8710045177903 -175.755159029736 -174.96021342181
 Davidson iteration 1.0 (tol=0.002186485656189981): -177.6647667130281
 Davidson iteration 1.1 (tol=0.001090588411522783): -177.6647677960971 -174.5912382043196
 Davidson iteration 1.2 (tol=0.0005427659587289378): -177.6647681985784 -176.3528734477723 -172.2949848403125
 Davidson iteration 1.3 (tol=0.0002712176327599523): -177.6647682882994 -176.7854497826328 -174.5389651682414 -171.2662287381655
 Davidson iteration 1.4 (tol=0.0001227198613274156): -177.6647683074848 -176.9853782248783 -174.6173816053404 -174.0427772481172
 Davidson iteration 1.5 (tol=5.615688376580677e-05): -177.6647683119706 -177.1048818906734 -175.5117349971217 -174.5431074082092
 Davidson iteration 1.6 (tol=3.095671577831607e-05): -177.664768312901 -177.1677343391273 -176.3055121004622 -174.8266228590448
 Davidson iteration 1.7 (tol=1.730166830173412e-05): -177.6647683132479 -177.2594567313588 -176.7671436524829 -174.8304149923465
 Davidson iteration 2.0 (tol=1.730166826608288e-05): -177.6647683132489
 Davidson iteration 2.1 (tol=1.08002821009454e-05): -177.6647683133417 -175.7683023375705
 Davidson iteration 2.2 (tol=8.098330891980937e-06): -177.6647683134053 -177.1249587924147 -173.8498009455362
 Elapsed time for davidson 605.300563 (sec) 
 Elapsed time for diagonalization 605.300834 (sec) 
 Elapsed time for mult 23.229209 (sec) 
 Energy = -177.6647683134108
 Elapsed time for measurement 87.642242 (sec) 
 Sample-based diagonalization: Energy = -177.6647683134108
 Sample-based diagonalization: density = [1.999967689989496,1.991973976116554,1.992883444447091,1.988677873776957,1.984728138613994,1.991580817138913,1.984311338771542,1.980438830764083,1.978345285688894,1.981447134829995,1.977733006703785,1.970772015030163,1.992822895472434,1.984192328421018,1.92302871354293,0.1071483423255689,0.009836175170548482,0.01946335441438736,0.01963263619437981,0.01125125297174924,0.01081568449916549,0.01651668496894,0.01836101249344819,0.02259305892531405,0.02086292702234267,0.02061538146147981
 Sample-based diagonalization: carryover bitstrings = [], size = 0
 Elapse time for dumping one-particle rdm = 0.000846
 Elapse time for dumping two-particle rdm = 0.399241
 Zero-Body energy = 0
 One-Body energy = -314.3665388029654
 Two-Body energy = 136.7017704911363
 One-Body + Two-Body energy = -177.6647683118291
 Zero-Body + One-Body + Two-Body energy = -177.6647683118291
