 Elapsed time for helper construction 1.540519 (sec) 
 Elapsed time for init 0.046784 (sec) 
 Elapsed time for makeQChamDiagTerms 12.581331 (sec) 
 Davidson iteration 0.0 (tol=0.6121761174780076): -126.7302842360394
 Davidson iteration 0.1 (tol=0.1553896056970758): -126.8950306639889 -124.5799570207137
 Davidson iteration 0.2 (tol=0.04688441370130549): -126.9033976457752 -125.1360602504414 -124.3314689260432
 Davidson iteration 0.3 (tol=0.01139002742908933): -126.9041614986596 -125.1649227177228 -124.5811092565362 -124.1867377492785
 Davidson iteration 0.4 (tol=0.003817573184037367): -126.9042225461468 -125.8538314733105 -124.7715317423451 -124.4275398406908
 Davidson iteration 0.5 (tol=0.001202031590687679): -126.9042287730117 -126.1253229568908 -124.8225885266573 -124.5944468808392
 Davidson iteration 0.6 (tol=0.0003451663097914524): -126.9042293521592 -126.267521004292 -124.9715657986403 -124.6111188489875
 Davidson iteration 0.7 (tol=9.693756445960939e-05): -126.9042293969286 -126.3197657518623 -125.1424816314037 -124.6309029574865
 Davidson iteration 1.0 (tol=9.693756446102233e-05): -126.9042293969288
 Davidson iteration 1.1 (tol=3.228820040218207e-05): -126.9042294000994 -124.5522437814855
 Davidson iteration 1.2 (tol=1.027214283392641e-05): -126.9042294005495 -125.4647137819483 -123.7318888667059
 Davidson iteration 1.3 (tol=2.825401681955629e-06): -126.9042294005855 -125.8318397581783 -123.8643043071964 -123.6822894189279
 Elapsed time for davidson 60.54391099999999 (sec) 
 Elapsed time for diagonalization 60.544104 (sec) 
 Elapsed time for mult 1.614885 (sec) 
 Energy = -126.904229400586
 Elapsed time for measurement 0.142423 (sec) 
 Sample-based diagonalization: Energy = -126.904229400586
 Sample-based diagonalization: density = [1.999972146260454,1.9936893488722,1.990001686393177,1.987137250938896,1.985308187324798,1.980379231160009,1.982397869608574,1.980545116410116,1.979413959236001,1.980465089056682,1.99141440660203,1.984164359502733,0.01091399628210122,0.02238359212596172,0.01232694704730711,0.01351752710867928,0.01397848039047071,0.01210799191305929,0.01691040667514821,0.01250154786340411,0.01498729299688632,0.013040519771423,0.01213728149328439,0.01030576455063868
 Sample-based diagonalization: carryover bitstrings = [], size = 0
