 Elapsed time for helper construction 2.889406 (sec) 
 Elapsed time for init 0.071687 (sec) 
 Elapsed time for makeQChamDiagTerms 17.404847 (sec) 
 Davidson iteration 0.0 (tol=0.6318817377172157): -126.7302842360394
 Davidson iteration 0.1 (tol=0.2435633913408996): -126.8987442114699 -124.4925806819098
 Davidson iteration 0.2 (tol=0.09498083725773461): -126.9166923230798 -125.1083068888214 -123.7975545623547
 Davidson iteration 0.3 (tol=0.02846878091469881): -126.9192480572755 -125.2141802768356 -123.9415751274869 -123.7035400902752
 Davidson iteration 0.4 (tol=0.01131764572763558): -126.9195512796212 -125.7044098829107 -124.6892518978643 -123.8618888018204
 Davidson iteration 0.5 (tol=0.004979506800918273): -126.9196011341854 -126.089349204151 -124.8960322638972 -123.939820828331
 Davidson iteration 0.6 (tol=0.002069576460547967): -126.919610557637 -126.3010480602739 -125.0683447260073 -124.1009172058761
 Davidson iteration 0.7 (tol=0.0007664398623220385): -126.9196119266541 -126.3846016877868 -125.2156381793934 -124.4598743161423
 Davidson iteration 1.0 (tol=0.000766439862320832): -126.919611926655
 Davidson iteration 1.1 (tol=0.0003375551928001126): -126.9196120870029 -124.0891728586059
 Davidson iteration 1.2 (tol=0.000142515678864124): -126.9196121291433 -125.5561203937464 -122.5588043959881
 Davidson iteration 1.3 (tol=5.371508747657559e-05): -126.9196121354587 -125.9688121007372 -123.6866127842625 -122.0719279761275
 Davidson iteration 1.4 (tol=2.153060735612134e-05): -126.9196121363915 -126.1576851827849 -124.1556862534698 -123.5303231354632
 Davidson iteration 1.5 (tol=1.066670684426487e-05): -126.9196121365645 -126.3197773377463 -125.0940860249133 -123.5937349712041
 Davidson iteration 1.6 (tol=3.713230156818698e-06): -126.9196121365973 -126.3877183970418 -125.3983044262118 -123.6722897462663
 Elapsed time for davidson 188.306912 (sec) 
 Elapsed time for diagonalization 188.307145 (sec) 
 Elapsed time for mult 8.663475 (sec) 
 Energy = -126.9196121365965
 Elapsed time for measurement 30.667994 (sec) 
 Sample-based diagonalization: Energy = -126.9196121365965
 Sample-based diagonalization: density = [1.999964873265205,1.992576752441348,1.988322988495351,1.98489915161182,1.983085688916891,1.977425133085183,1.979643876744841,1.97707202605655,1.975713323780461,1.97725104959357,1.988874041514309,1.978215282646129,0.01569866092915783,0.0264906501082466,0.01469668270199507,0.015909328529479,0.01648459875604004,0.01420393850249787,0.01962787743208846,0.01469015105251769,0.01746540661605391,0.01523017168883755,0.01387251332360098,0.01258583214082782
 Sample-based diagonalization: carryover bitstrings = [], size = 0
 Elapse time for dumping one-particle rdm = 0.0009119999999999999
 Elapse time for dumping two-particle rdm = 0.290984
 Zero-Body energy = 0
 One-Body energy = -216.3577258800207
 Two-Body energy = 89.43811374379102
 One-Body + Two-Body energy = -126.9196121362296
 Zero-Body + One-Body + Two-Body energy = -126.9196121362296
