 Elapsed time for helper construction 5.253146999999999 (sec) 
 Elapsed time for init 0.058407 (sec) 
 Elapsed time for makeQChamDiagTerms 42.33440299999999 (sec) 
 Davidson iteration 0.0 (tol=0.7094604387104703): -163.7137705793425
 Davidson iteration 0.1 (tol=0.3445939244128965): -163.9169703412743 -161.6514571232766
 Davidson iteration 0.2 (tol=0.1691408338425398): -163.9505388160725 -162.0754523263471 -160.7949404887563
 Davidson iteration 0.3 (tol=0.06688297924817184): -163.9581293131425 -162.2813727964291 -160.9150466378507 -160.3629120597946
 Davidson iteration 0.4 (tol=0.02948664888202774): -163.9592230142107 -162.477985820966 -161.0818749033964 -160.7406098715702
 Davidson iteration 0.5 (tol=0.0122231679826519): -163.9594839028849 -162.8148705243164 -161.5910404029156 -160.7747665926552
 Davidson iteration 0.6 (tol=0.005821904493056191): -163.9595290804488 -163.0350621265608 -161.8625394777024 -160.8677974953319
 Davidson iteration 0.7 (tol=0.002778956340225986): -163.9595377401099 -163.1657336512753 -162.0573540778904 -161.1686323089335
 Davidson iteration 1.0 (tol=0.002778956340229627): -163.9595377401118
 Davidson iteration 1.1 (tol=0.001479183749991395): -163.9595395159123 -160.8535958939192
 Davidson iteration 1.2 (tol=0.0008574445682829134): -163.9595403665533 -162.8804710563593 -158.5636867908703
 Davidson iteration 1.3 (tol=0.0005010193474325528): -163.9595406454915 -163.3686791069966 -160.8320051618032 -158.1273457588007
 Davidson iteration 1.4 (tol=0.0003057433329065086): -163.9595407294516 -163.5505070996622 -161.2931620963991 -160.2711580261487
 Davidson iteration 1.5 (tol=0.0001775906982907921): -163.9595407630688 -163.6502094235076 -162.303113942355 -160.6702059405456
 Davidson iteration 1.6 (tol=0.0001097588598012251): -163.9595407747953 -163.7068042946897 -162.9392363667187 -160.8912064040184
 Davidson iteration 1.7 (tol=5.880307982017338e-05): -163.9595407789027 -163.7369870882268 -163.1703819377512 -161.0788915783199
 Davidson iteration 2.0 (tol=5.880307980482677e-05): -163.9595407789043
 Davidson iteration 2.1 (tol=3.113457422020261e-05): -163.9595407798161 -161.2451471810361
 Davidson iteration 2.2 (tol=1.833202412436014e-05): -163.9595407802487 -162.865090035609 -160.3880167481624
 Davidson iteration 2.3 (tol=1.074511839982079e-05): -163.9595407803602 -163.3103708377495 -160.4125945309451 -160.3094229485317
 Davidson iteration 2.4 (tol=6.468841406161162e-06): -163.9595407803992 -163.4978342893981 -161.8625199343008 -160.3594272089653
 Elapsed time for davidson 537.175162 (sec) 
 Elapsed time for diagonalization 537.175334 (sec) 
 Elapsed time for mult 18.35402 (sec) 
 Energy = -163.9595407803963
 Elapsed time for measurement 68.843402 (sec) 
 Sample-based diagonalization: Energy = -163.9595407803963
 Sample-based diagonalization: density = [1.999969427770376,1.99141853782857,1.992807848470648,1.989606706894468,1.982926908908663,1.982044618328731,1.98213786668082,1.979641402914688,1.975909675886628,1.972567578464426,1.971114724870165,1.992191600210302,1.971279297671516,1.932819572769737,0.109820770236283,0.02670646885296864,0.02189453836825064,0.0186288121295364,0.00902772531077202,0.01492365195659321,0.01960799716923041,0.02011286535266497,0.0228868593266798,0.01995454338112122
 Sample-based diagonalization: carryover bitstrings = [], size = 0
 Elapse time for dumping one-particle rdm = 0.0006789999999999999
 Elapse time for dumping two-particle rdm = 0.290475
 Zero-Body energy = 0
 One-Body energy = -288.4419972094277
 Two-Body energy = 124.4824564306298
 One-Body + Two-Body energy = -163.9595407787978
 Zero-Body + One-Body + Two-Body energy = -163.9595407787978
