 Elapsed time for helper construction 1.496287 (sec) 
 Elapsed time for init 0.021807 (sec) 
 Elapsed time for makeQChamDiagTerms 13.556989 (sec) 
 Davidson iteration 0.0 (tol=0.6538514343096449): -128.2483727981355
 Davidson iteration 0.1 (tol=0.1523492334139478): -128.4407596252349 -126.1160030904893
 Davidson iteration 0.2 (tol=0.02613277264153107): -128.4484862677898 -126.3841376432251 -125.4355903158636
 Davidson iteration 0.3 (tol=0.006339431819018517): -128.4487108667695 -126.4805613762024 -125.8382705736732 -125.3351167293485
 Davidson iteration 0.4 (tol=0.001736493220161976): -128.4487250625101 -126.6492477215187 -126.1147387857391 -125.4942676692267
 Davidson iteration 0.5 (tol=0.0004420706193702182): -128.4487260724813 -126.8617350500777 -126.2815999544673 -125.4944766151157
 Davidson iteration 0.6 (tol=0.000102144682377495): -128.4487261347553 -126.9755217403098 -126.3835480263835 -125.7364120807095
 Davidson iteration 0.7 (tol=2.46855219497838e-05): -128.4487261380693 -127.0111672793027 -126.4621247032995 -125.9429814403609
 Davidson iteration 1.0 (tol=2.468552194944083e-05): -128.4487261380688
 Davidson iteration 1.1 (tol=7.697260509422378e-06): -128.4487261382538 -125.5590801104275
 Elapsed time for davidson 47.375909 (sec) 
 Elapsed time for diagonalization 47.37808099999999 (sec) 
 Elapsed time for mult 1.624314 (sec) 
 Energy = -128.4487261382536
 Elapsed time for measurement 0.126218 (sec) 
 Sample-based diagonalization: Energy = -128.4487261382536
 Sample-based diagonalization: density = [1.999969651367864,1.990855497468388,1.989464780171763,1.98616422028367,1.986599390100585,1.982290899151213,1.981096827401359,1.981336060861886,1.982898259364217,1.97797448566825,1.978419948187716,1.978043352323284,0.01596181676798555,0.01821114573179072,0.01856538855198412,0.0114128305157943,0.01695378940612392,0.01419602151146283,0.01658017258311221,0.01449578000427279,0.0137458349651732,0.0153963486672135,0.01621687432241976,0.01315062424150679
 Sample-based diagonalization: carryover bitstrings = [], size = 0
